bun : тАв turbo 2.8.10
At C:\Users\max\AppData\Local\Temp\ps-script-1ec4d089-e54b-48f7-aa20-0b4a375f6f80.ps1:80 char:32
+ ... k\selectio; bun run turbo run test --filter=!@qbs-autonaim/playwright ...
+                 ~~~~~~~~~~~~~~~~~~~~~~~~~~~~~~~~~~~~~~~~~~~~~~~~~~~~~~~~~
    + CategoryInfo          : NotSpecified: (тАв turbo 2.8.10:String) [], RemoteException
    + FullyQualifiedErrorId : NativeCommandError
 
тАв Packages in scope: @bunworks/inngest-realtime, @qbs-autonaim/ai, @qbs-autonaim/ai-proxy, @qbs-autonaim/api, @qbs-autonaim/app, @qbs-autonaim/app-server, @qbs-autonaim/auth, @qbs-autonaim/config, @qbs-autonaim/db, @qbs-autonaim/demo, @qbs-autonaim/docs, @qbs-autonaim/document-processor, @qbs-autonaim/emails, @qbs-autonaim/extension-api, @qbs-autonaim/github, @qbs-autonaim/html-parsers, @qbs-autonaim/integration-clients, @qbs-autonaim/interview, @qbs-autonaim/interview-server, @qbs-autonaim/jobs, @qbs-autonaim/jobs-parsers, @qbs-autonaim/jobs-shared, @qbs-autonaim/lib, @qbs-autonaim/recruitment-assistant-extension, @qbs-autonaim/server-utils, @qbs-autonaim/shared, @qbs-autonaim/tailwind-config, @qbs-autonaim/tg-client, @qbs-autonaim/tsconfig, @qbs-autonaim/types, @qbs-autonaim/ui, @qbs-autonaim/validators, @qbs-autonaim/web, @qbs-autonaim/webhooks
тАв Running test in 34 packages
тАв Remote caching disabled
@bunworks/inngest-realtime:test: cache bypass, force executing 106ceabcaa472e9c
@qbs-autonaim/integration-clients:build: cache hit, replaying logs e893345a59c4c818
@bunworks/inngest-realtime:build: cache hit, replaying logs 744fe775a702fc57
@bunworks/inngest-realtime:build: $ tsdown --config tsdown.config.ts
@bunworks/inngest-realtime:build: [34mтД╣[39m tsdown [2mv0.20.3[22m powered by rolldown [2mv1.0.0-rc.3[22m
@bunworks/inngest-realtime:build: [34mтД╣[39m config file: [4mC:\Projects\kwork\selectio\packages\inngest-realtime\tsdown.config.ts[24m 
@bunworks/inngest-realtime:build: [34mтД╣[39m entry: [34msrc\index.ts, src\hooks.ts, src\middleware.ts, src\api.ts[39m
@bunworks/inngest-realtime:build: [34mтД╣[39m target: [34mnode20[39m
@bunworks/inngest-realtime:build: [34mтД╣[39m tsconfig: [34mtsconfig.build.json[39m
@bunworks/inngest-realtime:build: [34mтД╣[39m Build start
@bunworks/inngest-realtime:build: [34mтД╣[39m Cleaning 46 files
@bunworks/inngest-realtime:build: [34mтД╣[39m [2mdist\[22m[1mhooks.mjs[22m                            [2m 4.55 kB[22m [2mтФВ gzip: 1.35 kB[22m
@bunworks/inngest-realtime:build: [34mтД╣[39m [2mdist\[22m[1mmiddleware.mjs[22m                       [2m 1.60 kB[22m [2mтФВ gzip: 0.76 kB[22m
@bunworks/inngest-realtime:build: [34mтД╣[39m [2mdist\[22m[1mapi.mjs[22m                              [2m 1.52 kB[22m [2mтФВ gzip: 0.74 kB[22m
@bunworks/inngest-realtime:build: [34mтД╣[39m [2mdist\[22m[1mindex.mjs[22m                            [2m 0.37 kB[22m [2mтФВ gzip: 0.18 kB[22m
@bunworks/inngest-realtime:build: [34mтД╣[39m [2mdist\[22msubscribe\TokenSubscription.mjs.map  [2m28.30 kB[22m [2mтФВ gzip: 7.17 kB[22m
@bunworks/inngest-realtime:build: [34mтД╣[39m [2mdist\[22mtypes.mjs.map                        [2m17.57 kB[22m [2mтФВ gzip: 4.21 kB[22m
@bunworks/inngest-realtime:build: [34mтД╣[39m [2mdist\[22msubscribe\TokenSubscription.mjs      [2m13.26 kB[22m [2mтФВ gzip: 3.41 kB[22m
@bunworks/inngest-realtime:build: [34mтД╣[39m [2mdist\[22mhooks.mjs.map                        [2m10.65 kB[22m [2mтФВ gzip: 3.29 kB[22m
@bunworks/inngest-realtime:build: [34mтД╣[39m [2mdist\[22menv.mjs.map                          [2m 6.31 kB[22m [2mтФВ gzip: 1.55 kB[22m
@bunworks/inngest-realtime:build: [34mтД╣[39m [2mdist\[22mtypes.d.mts.map                      [2m 5.44 kB[22m [2mтФВ gzip: 1.48 kB[22m
@bunworks/inngest-realtime:build: [34mтД╣[39m [2mdist\[22msubscribe\helpers.mjs.map            [2m 4.78 kB[22m [2mтФВ gzip: 1.57 kB[22m
@bunworks/inngest-realtime:build: [34mтД╣[39m [2mdist\[22mchannel.mjs.map                      [2m 4.32 kB[22m [2mтФВ gzip: 1.55 kB[22m
@bunworks/inngest-realtime:build: [34mтД╣[39m [2mdist\[22mmiddleware.mjs.map                   [2m 4.03 kB[22m [2mтФВ gzip: 1.52 kB[22m
@bunworks/inngest-realtime:build: [34mтД╣[39m [2mdist\[22mutil.mjs.map                         [2m 3.92 kB[22m [2mтФВ gzip: 1.53 kB[22m
@bunworks/inngest-realtime:build: [34mтД╣[39m [2mdist\[22menv.mjs                              [2m 3.33 kB[22m [2mтФВ gzip: 0.92 kB[22m
@bunworks/inngest-realtime:build: [34mтД╣[39m [2mdist\[22mapi.mjs.map                          [2m 3.26 kB[22m [2mтФВ gzip: 1.28 kB[22m
@bunworks/inngest-realtime:build: [34mтД╣[39m [2mdist\[22msubscribe\StreamFanout.mjs.map       [2m 2.87 kB[22m [2mтФВ gzip: 1.14 kB[22m
@bunworks/inngest-realtime:build: [34mтД╣[39m [2mdist\[22mutil.mjs                             [2m 2.00 kB[22m [2mтФВ gzip: 0.90 kB[22m
@bunworks/inngest-realtime:build: [34mтД╣[39m [2mdist\[22mtopic.mjs.map                        [2m 1.81 kB[22m [2mтФВ gzip: 0.76 kB[22m
@bunworks/inngest-realtime:build: [34mтД╣[39m [2mdist\[22mchannel.mjs                          [2m 1.64 kB[22m [2mтФВ gzip: 0.70 kB[22m
@bunworks/inngest-realtime:build: [34mтД╣[39m [2mdist\[22msubscribe\helpers.mjs                [2m 1.48 kB[22m [2mтФВ gzip: 0.64 kB[22m
@bunworks/inngest-realtime:build: [34mтД╣[39m [2mdist\[22msubscribe\StreamFanout.mjs           [2m 1.12 kB[22m [2mтФВ gzip: 0.52 kB[22m
@bunworks/inngest-realtime:build: [34mтД╣[39m [2mdist\[22msubscribe\helpers.d.mts.map          [2m 0.93 kB[22m [2mтФВ gzip: 0.34 kB[22m
@bunworks/inngest-realtime:build: [34mтД╣[39m [2mdist\[22mtypes.mjs                            [2m 0.81 kB[22m [2mтФВ gzip: 0.40 kB[22m
@bunworks/inngest-realtime:build: [34mтД╣[39m [2mdist\[22mhooks.d.mts.map                      [2m 0.77 kB[22m [2mтФВ gzip: 0.35 kB[22m
@bunworks/inngest-realtime:build: [34mтД╣[39m [2mdist\[22mtopic.d.mts.map                      [2m 0.57 kB[22m [2mтФВ gzip: 0.28 kB[22m
@bunworks/inngest-realtime:build: [34mтД╣[39m [2mdist\[22mtopic.mjs                            [2m 0.50 kB[22m [2mтФВ gzip: 0.26 kB[22m
@bunworks/inngest-realtime:build: [34mтД╣[39m [2mdist\[22mchannel.d.mts.map                    [2m 0.43 kB[22m [2mтФВ gzip: 0.22 kB[22m
@bunworks/inngest-realtime:build: [34mтД╣[39m [2mdist\[22mapi.d.mts.map                        [2m 0.17 kB[22m [2mтФВ gzip: 0.14 kB[22m
@bunworks/inngest-realtime:build: [34mтД╣[39m [2mdist\[22mmiddleware.d.mts.map                 [2m 0.13 kB[22m [2mтФВ gzip: 0.12 kB[22m
@bunworks/inngest-realtime:build: [34mтД╣[39m [2mdist\[22msubscribe\index.mjs                  [2m 0.08 kB[22m [2mтФВ gzip: 0.09 kB[22m
@bunworks/inngest-realtime:build: [34mтД╣[39m [2mdist\[22m[32m[1mhooks.d.mts[22m[39m                          [2m 1.66 kB[22m [2mтФВ gzip: 0.67 kB[22m
@bunworks/inngest-realtime:build: [34mтД╣[39m [2mdist\[22m[32m[1mmiddleware.d.mts[22m[39m                     [2m 1.46 kB[22m [2mтФВ gzip: 0.55 kB[22m
@bunworks/inngest-realtime:build: [34mтД╣[39m [2mdist\[22m[32m[1mindex.d.mts[22m[39m                          [2m 0.51 kB[22m [2mтФВ gzip: 0.22 kB[22m
@bunworks/inngest-realtime:build: [34mтД╣[39m [2mdist\[22m[32m[1mapi.d.mts[22m[39m                            [2m 0.40 kB[22m [2mтФВ gzip: 0.23 kB[22m
@bunworks/inngest-realtime:build: [34mтД╣[39m [2mdist\[22m[32mtypes.d.mts[39m                          [2m12.32 kB[22m [2mтФВ gzip: 3.21 kB[22m
@bunworks/inngest-realtime:build: [34mтД╣[39m [2mdist\[22m[32msubscribe\helpers.d.mts[39m              [2m 1.66 kB[22m [2mтФВ gzip: 0.53 kB[22m
@bunworks/inngest-realtime:build: [34mтД╣[39m [2mdist\[22m[32mtopic.d.mts[39m                          [2m 0.90 kB[22m [2mтФВ gzip: 0.41 kB[22m
@bunworks/inngest-realtime:build: [34mтД╣[39m [2mdist\[22m[32mchannel.d.mts[39m                        [2m 0.69 kB[22m [2mтФВ gzip: 0.33 kB[22m
@bunworks/inngest-realtime:build: [34mтД╣[39m [2mdist\[22m[32msubscribe\index.d.mts[39m                [2m 0.06 kB[22m [2mтФВ gzip: 0.08 kB[22m
@bunworks/inngest-realtime:build: [34mтД╣[39m 40 files, total: 148.18 kB
@bunworks/inngest-realtime:build: [33m[PLUGIN_TIMINGS] Warning:[0m Your build spent significant time in plugins. Here is a breakdown:
@bunworks/inngest-realtime:build:   - rolldown-plugin-dts:generate (70%)
@bunworks/inngest-realtime:build:   - tsdown:external (27%)
@bunworks/inngest-realtime:build: See https://rolldown.rs/options/checks#plugintimings for more details.
@bunworks/inngest-realtime:build: 
@bunworks/inngest-realtime:build: [32mтЬФ[39m Build complete in [32m17237ms[39m
@qbs-autonaim/config:build: cache hit, replaying logs fd75f248057fc5ae
@qbs-autonaim/types:build: cache hit, replaying logs 4d4d742eea62bf7c
@qbs-autonaim/integration-clients:build: $ tsdown
@qbs-autonaim/integration-clients:build: [34mтД╣[39m tsdown [2mv0.20.3[22m powered by rolldown [2mv1.0.0-rc.3[22m
@qbs-autonaim/integration-clients:build: [34mтД╣[39m config file: [4mC:\Projects\kwork\selectio\packages\integration-clients\tsdown.config.ts[24m 
@qbs-autonaim/integration-clients:build: [34mтД╣[39m entry: [34msrc\index.ts, src\server.ts[39m
@qbs-autonaim/integration-clients:build: [34mтД╣[39m target: [34mes2022[39m
@qbs-autonaim/integration-clients:build: [34mтД╣[39m tsconfig: [34mtsconfig.json[39m
@qbs-autonaim/integration-clients:build: [34mтД╣[39m Build start
@qbs-autonaim/integration-clients:build: [34mтД╣[39m Cleaning 7 files
@qbs-autonaim/integration-clients:build: [34mтД╣[39m [2mdist\[22m[1mserver.mjs[22m          [2m 8.51 kB[22m [2mтФВ gzip: 3.16 kB[22m
@qbs-autonaim/integration-clients:build: [34mтД╣[39m [2mdist\[22m[1mindex.mjs[22m           [2m 0.87 kB[22m [2mтФВ gzip: 0.37 kB[22m
@qbs-autonaim/integration-clients:build: [34mтД╣[39m [2mdist\[22mapi-CwBUkimd.mjs    [2m19.38 kB[22m [2mтФВ gzip: 3.97 kB[22m
@qbs-autonaim/integration-clients:build: [34mтД╣[39m [2mdist\[22m[32m[1mserver.d.mts[22m[39m        [2m 3.28 kB[22m [2mтФВ gzip: 1.28 kB[22m
@qbs-autonaim/integration-clients:build: [34mтД╣[39m [2mdist\[22m[32m[1mindex.d.mts[22m[39m         [2m 1.57 kB[22m [2mтФВ gzip: 0.53 kB[22m
@qbs-autonaim/integration-clients:build: [34mтД╣[39m [2mdist\[22m[32mapi-DJZSvNqk.d.mts[39m  [2m11.30 kB[22m [2mтФВ gzip: 2.99 kB[22m
@qbs-autonaim/integration-clients:build: [34mтД╣[39m 6 files, total: 44.91 kB
@qbs-autonaim/integration-clients:build: [33m[PLUGIN_TIMINGS] Warning:[0m Your build spent significant time in plugin `rolldown-plugin-dts:generate`. See https://rolldown.rs/options/checks#plugintimings for more details.
@qbs-autonaim/integration-clients:build: 
@qbs-autonaim/types:build: $ tsc
@bunworks/inngest-realtime:test: $ vitest run
@qbs-autonaim/integration-clients:build: [32mтЬФ[39m Build complete in [32m59641ms[39m
@qbs-autonaim/config:build: $ tsdown
@qbs-autonaim/config:build: [34mтД╣[39m tsdown [2mv0.20.3[22m powered by rolldown [2mv1.0.0-rc.3[22m
@qbs-autonaim/config:build: [34mтД╣[39m config file: [4mC:\Projects\kwork\selectio\packages\config\tsdown.config.ts[24m 
@qbs-autonaim/config:build: [34mтД╣[39m entry: [34msrc\index.ts[39m
@qbs-autonaim/config:build: [34mтД╣[39m tsconfig: [34mtsconfig.json[39m
@qbs-autonaim/config:build: [34mтД╣[39m Build start
@qbs-autonaim/config:build: [34mтД╣[39m Cleaning 8 files
@qbs-autonaim/config:build: [34mтД╣[39m [33m[CJS][39m [2mdist\[22m[1mindex.cjs[22m  [2m12.13 kB[22m [2mтФВ gzip: 2.78 kB[22m
@qbs-autonaim/config:build: [34mтД╣[39m [33m[CJS][39m 1 files, total: 12.13 kB
@qbs-autonaim/config:build: [33m[PLUGIN_TIMINGS] Warning:[0m Your build spent significant time in plugin `tsdown:report`. See https://rolldown.rs/options/checks#plugintimings for more details.
@qbs-autonaim/config:build: 
@qbs-autonaim/config:build: [34mтД╣[39m [33m[CJS][39m [2mdist\[22mindex.d.cts.map  [2m0.62 kB[22m [2mтФВ gzip: 0.29 kB[22m
@qbs-autonaim/config:build: [34mтД╣[39m [33m[CJS][39m [2mdist\[22m[32m[1mindex.d.cts[22m[39m      [2m5.64 kB[22m [2mтФВ gzip: 1.38 kB[22m
@qbs-autonaim/config:build: [34mтД╣[39m [33m[CJS][39m 2 files, total: 6.26 kB
@qbs-autonaim/config:build: [33m[PLUGIN_TIMINGS] Warning:[0m Your build spent significant time in plugins. Here is a breakdown:
@qbs-autonaim/config:build:   - rolldown-plugin-dts:generate (73%)
@qbs-autonaim/config:build:   - rolldown-plugin-dts:resolver (26%)
@qbs-autonaim/config:build: See https://rolldown.rs/options/checks#plugintimings for more details.
@qbs-autonaim/config:build: 
@qbs-autonaim/config:build: [32mтЬФ[39m Build complete in [32m21018ms[39m
@qbs-autonaim/config:build: [34mтД╣[39m [34m[ESM][39m [2mdist\[22m[1mindex.mjs[22m        [2m11.71 kB[22m [2mтФВ gzip: 2.71 kB[22m
@qbs-autonaim/config:build: [34mтД╣[39m [34m[ESM][39m [2mdist\[22mindex.mjs.map    [2m21.39 kB[22m [2mтФВ gzip: 4.78 kB[22m
@qbs-autonaim/config:build: [33m[PLUGIN_TIMINGS] Warning:[0m Your build spent significant time in plugin `rolldown-plugin-dts:generate`. See https://rolldown.rs/options/checks#plugintimings for more details.
@qbs-autonaim/config:build: 
@qbs-autonaim/config:build: [34mтД╣[39m [34m[ESM][39m [2mdist\[22mindex.d.mts.map  [2m 0.62 kB[22m [2mтФВ gzip: 0.29 kB[22m
@qbs-autonaim/config:build: [34mтД╣[39m [34m[ESM][39m [2mdist\[22m[32m[1mindex.d.mts[22m[39m      [2m 5.64 kB[22m [2mтФВ gzip: 1.38 kB[22m
@qbs-autonaim/config:build: [34mтД╣[39m [34m[ESM][39m 4 files, total: 39.37 kB
@qbs-autonaim/config:build: [32mтЬФ[39m Build complete in [32m21028ms[39m
@qbs-autonaim/validators:build: cache hit, replaying logs f4f84ff580e1864b
@qbs-autonaim/validators:build: $ tsc
@qbs-autonaim/emails:build: cache hit, replaying logs 1f314f9d36be5250
@qbs-autonaim/emails:build: $ tsdown
@qbs-autonaim/emails:build: тД╣ tsdown v0.20.3 powered by rolldown v1.0.0-rc.3
@qbs-autonaim/emails:build: тД╣ config file: C:\Projects\kwork\selectio\packages\emails\tsdown.config.ts 
@qbs-autonaim/emails:build: тД╣ entry: index.ts, send.ts
@qbs-autonaim/emails:build: тД╣ target: es2022
@qbs-autonaim/emails:build: тД╣ tsconfig: tsconfig.json
@qbs-autonaim/emails:build: тД╣ Build start
@qbs-autonaim/emails:build: тД╣ Cleaning 5 files
@qbs-autonaim/emails:build: тД╣ dist\index.mjs    27.08 kB тФВ gzip: 4.69 kB
@qbs-autonaim/emails:build: тД╣ dist\send.mjs      1.56 kB тФВ gzip: 0.67 kB
@qbs-autonaim/emails:build: тД╣ dist\index.d.mts   1.83 kB тФВ gzip: 0.48 kB
@qbs-autonaim/emails:build: тД╣ dist\send.d.mts    0.51 kB тФВ gzip: 0.25 kB
@qbs-autonaim/emails:build: тД╣ 4 files, total: 30.98 kB
@qbs-autonaim/emails:build: [33m[PLUGIN_TIMINGS] Warning:[0m Your build spent significant time in plugin `rolldown-plugin-dts:generate`. See https://rolldown.rs/options/checks#plugintimings for more details.
@qbs-autonaim/emails:build: 
@qbs-autonaim/emails:build: тЬФ Build complete in 14050ms
@qbs-autonaim/lib:build: cache hit, replaying logs 3a45943101b5b72f
@qbs-autonaim/lib:build: $ tsdown
@qbs-autonaim/lib:build: тД╣ tsdown v0.20.3 powered by rolldown v1.0.0-rc.3
@qbs-autonaim/lib:build: тД╣ config file: C:\Projects\kwork\selectio\packages\lib\tsdown.config.ts 
@qbs-autonaim/lib:build: тД╣ entry: src\ai-client.ts, src\index.ts, src\s3.ts, src\image.ts, src\instrumentation.ts, src\server\index.ts, src\utils\index.ts, src\errors\index.ts
@qbs-autonaim/lib:build: тД╣ target: es2022
@qbs-autonaim/lib:build: тД╣ tsconfig: tsconfig.json
@qbs-autonaim/lib:build: тД╣ Build start
@qbs-autonaim/lib:build: тД╣ Cleaning 63 files
@qbs-autonaim/lib:build: тД╣ [CJS] dist\ai.cjs                            11.44 kB тФВ gzip: 2.84 kB
@qbs-autonaim/lib:build: тД╣ [CJS] dist\server.cjs                         4.99 kB тФВ gzip: 1.60 kB
@qbs-autonaim/lib:build: тД╣ [CJS] dist\index.cjs                          4.76 kB тФВ gzip: 2.13 kB
@qbs-autonaim/lib:build: тД╣ [CJS] dist\s3.cjs                             1.82 kB тФВ gzip: 0.96 kB
@qbs-autonaim/lib:build: тД╣ [CJS] dist\image.cjs                          1.27 kB тФВ gzip: 0.72 kB
@qbs-autonaim/lib:build: тД╣ [CJS] dist\instrumentation.cjs                0.47 kB тФВ gzip: 0.31 kB
@qbs-autonaim/lib:build: тД╣ [CJS] dist\utils.cjs                          0.37 kB тФВ gzip: 0.24 kB
@qbs-autonaim/lib:build: тД╣ [CJS] dist\errors.cjs                         0.15 kB тФВ gzip: 0.15 kB
@qbs-autonaim/lib:build: тД╣ [CJS] dist\date-utils-CM7mkP6Y.cjs            2.13 kB тФВ gzip: 0.74 kB
@qbs-autonaim/lib:build: тД╣ [CJS] dist\interview-sdk-error-DHdw60ZP.cjs   0.43 kB тФВ gzip: 0.27 kB
@qbs-autonaim/lib:build: тД╣ [CJS] 10 files, total: 27.83 kB
@qbs-autonaim/lib:build: [33m[PLUGIN_TIMINGS] Warning:[0m Your build spent significant time in plugin `tsdown:external`. See https://rolldown.rs/options/checks#plugintimings for more details.
@qbs-autonaim/lib:build: 
@qbs-autonaim/lib:build: тД╣ [CJS] dist\index.d.cts.map                         1.89 kB тФВ gzip: 0.70 kB
@qbs-autonaim/lib:build: тД╣ [CJS] dist\ai.d.cts.map                            1.72 kB тФВ gzip: 0.62 kB
@qbs-autonaim/lib:build: тД╣ [CJS] dist\server.d.cts.map                        0.88 kB тФВ gzip: 0.39 kB
@qbs-autonaim/lib:build: тД╣ [CJS] dist\sanitize-C4gdAnwN.d.cts.map             0.65 kB тФВ gzip: 0.33 kB
@qbs-autonaim/lib:build: тД╣ [CJS] dist\s3.d.cts.map                            0.41 kB тФВ gzip: 0.24 kB
@qbs-autonaim/lib:build: тД╣ [CJS] dist\image.d.cts.map                         0.31 kB тФВ gzip: 0.20 kB
@qbs-autonaim/lib:build: тД╣ [CJS] dist\interview-sdk-error-CMOv78CL.d.cts.map  0.21 kB тФВ gzip: 0.18 kB
@qbs-autonaim/lib:build: тД╣ [CJS] dist\index.d.cts                             7.74 kB тФВ gzip: 2.76 kB
@qbs-autonaim/lib:build: тД╣ [CJS] dist\ai.d.cts                                4.26 kB тФВ gzip: 1.46 kB
@qbs-autonaim/lib:build: тД╣ [CJS] dist\server.d.cts                            2.81 kB тФВ gzip: 1.13 kB
@qbs-autonaim/lib:build: тД╣ [CJS] dist\image.d.cts                             0.78 kB тФВ gzip: 0.40 kB
@qbs-autonaim/lib:build: тД╣ [CJS] dist\s3.d.cts                                0.72 kB тФВ gzip: 0.33 kB
@qbs-autonaim/lib:build: тД╣ [CJS] dist\utils.d.cts                             0.41 kB тФВ gzip: 0.20 kB
@qbs-autonaim/lib:build: тД╣ [CJS] dist\errors.d.cts                            0.11 kB тФВ gzip: 0.10 kB
@qbs-autonaim/lib:build: тД╣ [CJS] dist\instrumentation.d.cts                   0.01 kB тФВ gzip: 0.03 kB
@qbs-autonaim/lib:build: тД╣ [CJS] dist\sanitize-C4gdAnwN.d.cts                 4.65 kB тФВ gzip: 1.56 kB
@qbs-autonaim/lib:build: тД╣ [CJS] dist\interview-sdk-error-CMOv78CL.d.cts      0.37 kB тФВ gzip: 0.29 kB
@qbs-autonaim/lib:build: тД╣ [CJS] 17 files, total: 27.93 kB
@qbs-autonaim/lib:build: [33m[PLUGIN_TIMINGS] Warning:[0m Your build spent significant time in plugin `rolldown-plugin-dts:generate`. See https://rolldown.rs/options/checks#plugintimings for more details.
@qbs-autonaim/lib:build: 
@qbs-autonaim/lib:build: тЬФ Build complete in 8085ms
@qbs-autonaim/lib:build: тД╣ [ESM] dist\ai.mjs                                  10.89 kB тФВ gzip: 2.81 kB
@qbs-autonaim/lib:build: тД╣ [ESM] dist\server.mjs                               4.70 kB тФВ gzip: 1.64 kB
@qbs-autonaim/lib:build: тД╣ [ESM] dist\index.mjs                                4.63 kB тФВ gzip: 2.14 kB
@qbs-autonaim/lib:build: тД╣ [ESM] dist\s3.mjs                                   1.70 kB тФВ gzip: 0.95 kB
@qbs-autonaim/lib:build: тД╣ [ESM] dist\image.mjs                                0.72 kB тФВ gzip: 0.45 kB
@qbs-autonaim/lib:build: тД╣ [ESM] dist\instrumentation.mjs                      0.50 kB тФВ gzip: 0.33 kB
@qbs-autonaim/lib:build: тД╣ [ESM] dist\utils.mjs                                0.30 kB тФВ gzip: 0.20 kB
@qbs-autonaim/lib:build: тД╣ [ESM] dist\errors.mjs                               0.09 kB тФВ gzip: 0.09 kB
@qbs-autonaim/lib:build: тД╣ [ESM] dist\ai.mjs.map                              41.05 kB тФВ gzip: 8.11 kB
@qbs-autonaim/lib:build: тД╣ [ESM] dist\index.mjs.map                           22.82 kB тФВ gzip: 7.21 kB
@qbs-autonaim/lib:build: тД╣ [ESM] dist\server.mjs.map                          18.30 kB тФВ gzip: 4.32 kB
@qbs-autonaim/lib:build: тД╣ [ESM] dist\date-utils-C42cYqK6.mjs.map              9.70 kB тФВ gzip: 3.28 kB
@qbs-autonaim/lib:build: тД╣ [ESM] dist\s3.mjs.map                               5.18 kB тФВ gzip: 2.11 kB
@qbs-autonaim/lib:build: тД╣ [ESM] dist\image.mjs.map                            2.86 kB тФВ gzip: 1.25 kB
@qbs-autonaim/lib:build: тД╣ [ESM] dist\index.d.mts.map                          1.89 kB тФВ gzip: 0.70 kB
@qbs-autonaim/lib:build: тД╣ [ESM] dist\ai.d.mts.map                             1.72 kB тФВ gzip: 0.62 kB
@qbs-autonaim/lib:build: тД╣ [ESM] dist\date-utils-C42cYqK6.mjs                  1.56 kB тФВ gzip: 0.72 kB
@qbs-autonaim/lib:build: тД╣ [ESM] dist\instrumentation.mjs.map                  1.38 kB тФВ gzip: 0.67 kB
@qbs-autonaim/lib:build: тД╣ [ESM] dist\interview-sdk-error-Bw4AmpT0.mjs.map     1.14 kB тФВ gzip: 0.58 kB
@qbs-autonaim/lib:build: тД╣ [ESM] dist\server.d.mts.map                         0.88 kB тФВ gzip: 0.39 kB
@qbs-autonaim/lib:build: тД╣ [ESM] dist\sanitize-BC-_gytW.d.mts.map              0.65 kB тФВ gzip: 0.33 kB
@qbs-autonaim/lib:build: тД╣ [ESM] dist\interview-sdk-error-Bw4AmpT0.mjs         0.43 kB тФВ gzip: 0.28 kB
@qbs-autonaim/lib:build: тД╣ [ESM] dist\s3.d.mts.map                             0.41 kB тФВ gzip: 0.24 kB
@qbs-autonaim/lib:build: тД╣ [ESM] dist\image.d.mts.map                          0.31 kB тФВ gzip: 0.20 kB
@qbs-autonaim/lib:build: тД╣ [ESM] dist\interview-sdk-error-DOXhIw4_.d.mts.map   0.21 kB тФВ gzip: 0.18 kB
@qbs-autonaim/lib:build: тД╣ [ESM] dist\index.d.mts                              7.74 kB тФВ gzip: 2.76 kB
@qbs-autonaim/lib:build: тД╣ [ESM] dist\ai.d.mts                                 4.26 kB тФВ gzip: 1.46 kB
@qbs-autonaim/lib:build: тД╣ [ESM] dist\server.d.mts                             2.81 kB тФВ gzip: 1.13 kB
@qbs-autonaim/lib:build: тД╣ [ESM] dist\image.d.mts                              0.78 kB тФВ gzip: 0.40 kB
@qbs-autonaim/lib:build: тД╣ [ESM] dist\s3.d.mts                                 0.72 kB тФВ gzip: 0.33 kB
@qbs-autonaim/lib:build: тД╣ [ESM] dist\utils.d.mts                              0.41 kB тФВ gzip: 0.20 kB
@qbs-autonaim/lib:build: тД╣ [ESM] dist\errors.d.mts                             0.11 kB тФВ gzip: 0.10 kB
@qbs-autonaim/lib:build: тД╣ [ESM] dist\instrumentation.d.mts                    0.01 kB тФВ gzip: 0.03 kB
@qbs-autonaim/lib:build: тД╣ [ESM] dist\sanitize-BC-_gytW.d.mts                  4.65 kB тФВ gzip: 1.56 kB
@qbs-autonaim/lib:build: тД╣ [ESM] dist\interview-sdk-error-DOXhIw4_.d.mts       0.37 kB тФВ gzip: 0.29 kB
@qbs-autonaim/lib:build: тД╣ [ESM] 35 files, total: 155.90 kB
@qbs-autonaim/lib:build: [33m[PLUGIN_TIMINGS] Warning:[0m Your build spent significant time in plugins. Here is a breakdown:
@qbs-autonaim/lib:build:   - tsdown:external (51%)
@qbs-autonaim/lib:build:   - rolldown-plugin-dts:generate (42%)
@qbs-autonaim/lib:build: See https://rolldown.rs/options/checks#plugintimings for more details.
@qbs-autonaim/lib:build: 
@qbs-autonaim/lib:build: тЬФ Build complete in 8112ms
@qbs-autonaim/ai:build: cache hit, replaying logs 0b887bed5cadcd25
@qbs-autonaim/ai:build: $ tsdown
@qbs-autonaim/ai:build: тД╣ tsdown v0.20.3 powered by rolldown v1.0.0-rc.3
@qbs-autonaim/ai:build: тД╣ config file: C:\Projects\kwork\selectio\packages\ai\tsdown.config.ts 
@qbs-autonaim/ai:build: тД╣ entry: src\index.ts
@qbs-autonaim/ai:build: тД╣ target: es2022
@qbs-autonaim/ai:build: тД╣ tsconfig: tsconfig.json
@qbs-autonaim/ai:build: тД╣ Build start
@qbs-autonaim/ai:build: тД╣ Cleaning 3 files
@qbs-autonaim/ai:build: тД╣ dist\index.mjs    756.26 kB тФВ gzip: 227.77 kB
@qbs-autonaim/ai:build: тД╣ dist\index.d.mts  268.29 kB тФВ gzip:  48.37 kB
@qbs-autonaim/ai:build: тД╣ 2 files, total: 1024.55 kB
@qbs-autonaim/ai:build: [33m[PLUGIN_TIMINGS] Warning:[0m Your build spent significant time in plugin `rolldown-plugin-dts:generate`. See https://rolldown.rs/options/checks#plugintimings for more details.
@qbs-autonaim/ai:build: 
@qbs-autonaim/ai:build: тЬФ Build complete in 6644ms
@qbs-autonaim/html-parsers:build: cache hit, replaying logs a0edf71f0c04e177
@qbs-autonaim/html-parsers:build: $ tsdown
@qbs-autonaim/html-parsers:build: тД╣ tsdown v0.20.3 powered by rolldown v1.0.0-rc.3
@qbs-autonaim/html-parsers:build: тД╣ config file: C:\Projects\kwork\selectio\packages\html-parsers\tsdown.config.ts 
@qbs-autonaim/html-parsers:build: тД╣ entry: src\index.ts
@qbs-autonaim/html-parsers:build: тД╣ tsconfig: tsconfig.json
@qbs-autonaim/html-parsers:build: тД╣ Build start
@qbs-autonaim/html-parsers:build: тД╣ Cleaning 3 files
@qbs-autonaim/html-parsers:build: тД╣ dist\index.mjs    3.32 kB тФВ gzip: 1.42 kB
@qbs-autonaim/html-parsers:build: тД╣ dist\index.d.mts  1.24 kB тФВ gzip: 0.66 kB
@qbs-autonaim/html-parsers:build: тД╣ 2 files, total: 4.56 kB
@qbs-autonaim/html-parsers:build: [33m[PLUGIN_TIMINGS] Warning:[0m Your build spent significant time in plugin `rolldown-plugin-dts:generate`. See https://rolldown.rs/options/checks#plugintimings for more details.
@qbs-autonaim/html-parsers:build: 
@qbs-autonaim/html-parsers:build: тЬФ Build complete in 23090ms
@qbs-autonaim/db:build: cache hit, replaying logs 4c8957f6c3046f0c
@qbs-autonaim/db:build: $ tsc
@qbs-autonaim/webhooks:test: cache bypass, force executing c1bd0583ef9ee1c5
@qbs-autonaim/document-processor:test: cache bypass, force executing cd0cf85a2f0b5b0a
@qbs-autonaim/shared:build: cache hit, replaying logs c2251932ea64889d
@qbs-autonaim/document-processor:build: cache hit, replaying logs 7cdef91459c55589
@qbs-autonaim/document-processor:build: $ tsc
@qbs-autonaim/shared:build: $ tsdown
@qbs-autonaim/shared:build: тД╣ tsdown v0.20.3 powered by rolldown v1.0.0-rc.3
@qbs-autonaim/shared:build: тД╣ config file: C:\Projects\kwork\selectio\packages\shared\tsdown.config.ts 
@qbs-autonaim/shared:build: (node:22904) [MODULE_TYPELESS_PACKAGE_JSON] Warning: Module type of file:///C:/Projects/kwork/selectio/packages/shared/tsdown.config.ts?no-cache=d1a1cadc-0aae-4e59-9380-5970df1f9b75 is not specified and it doesn't parse as CommonJS.
@qbs-autonaim/shared:build: Reparsing as ES module because module syntax was detected. This incurs a performance overhead.
@qbs-autonaim/shared:build: To eliminate this warning, add "type": "module" to C:\Projects\kwork\selectio\packages\shared\package.json.
@qbs-autonaim/shared:build: (Use `node --trace-warnings ...` to show where the warning was created)
@qbs-autonaim/shared:build: тД╣ entry: src\index.ts, src\server\index.ts, src\schemas\index.ts, src\utils\index.ts
@qbs-autonaim/shared:build: тД╣ tsconfig: tsconfig.json
@qbs-autonaim/shared:build: тД╣ Build start
@qbs-autonaim/shared:build: тД╣ Cleaning 14 files
@qbs-autonaim/shared:build: тД╣ dist\server\index.mjs               20.59 kB тФВ gzip: 5.03 kB
@qbs-autonaim/shared:build: тД╣ dist\index.mjs                       5.95 kB тФВ gzip: 2.28 kB
@qbs-autonaim/shared:build: тД╣ dist\utils\index.mjs                 0.53 kB тФВ gzip: 0.25 kB
@qbs-autonaim/shared:build: тД╣ dist\schemas\index.mjs               0.28 kB тФВ gzip: 0.14 kB
@qbs-autonaim/shared:build: тД╣ dist\slug-generator-MAc0Z_tn.mjs     9.45 kB тФВ gzip: 3.24 kB
@qbs-autonaim/shared:build: тД╣ dist\index.d.mts                    19.42 kB тФВ gzip: 5.36 kB
@qbs-autonaim/shared:build: тД╣ dist\server\index.d.mts              7.58 kB тФВ gzip: 2.27 kB
@qbs-autonaim/shared:build: тД╣ dist\utils\index.d.mts               0.58 kB тФВ gzip: 0.26 kB
@qbs-autonaim/shared:build: тД╣ dist\schemas\index.d.mts             0.46 kB тФВ gzip: 0.18 kB
@qbs-autonaim/shared:build: тД╣ dist\slug-generator-DeHhgeGe.d.mts   4.78 kB тФВ gzip: 1.70 kB
@qbs-autonaim/shared:build: тД╣ 10 files, total: 69.62 kB
@qbs-autonaim/shared:build: [33m[PLUGIN_TIMINGS] Warning:[0m Your build spent significant time in plugin `rolldown-plugin-dts:generate`. See https://rolldown.rs/options/checks#plugintimings for more details.
@qbs-autonaim/shared:build: 
@qbs-autonaim/shared:build: тЬФ Build complete in 6311ms
@qbs-autonaim/recruitment-assistant-extension:test: cache bypass, force executing 9e9261aace6e5749
@qbs-autonaim/server-utils:build: cache hit, replaying logs 90cdd847304965b4
@qbs-autonaim/server-utils:build: $ tsdown
@qbs-autonaim/document-processor:test: $ bun test
@qbs-autonaim/server-utils:build: тД╣ tsdown v0.20.3 powered by rolldown v1.0.0-rc.3
@qbs-autonaim/server-utils:build: тД╣ config file: C:\Projects\kwork\selectio\packages\server-utils\tsdown.config.ts 
@qbs-autonaim/server-utils:build: тД╣ entry: src\index.ts
@qbs-autonaim/server-utils:build: тД╣ tsconfig: tsconfig.json
@qbs-autonaim/server-utils:build: тД╣ Build start
@qbs-autonaim/server-utils:build: тД╣ Cleaning 3 files
@qbs-autonaim/server-utils:build: тД╣ dist\index.mjs    30.23 kB тФВ gzip: 7.68 kB
@qbs-autonaim/server-utils:build: тД╣ dist\index.d.mts  15.86 kB тФВ gzip: 4.06 kB
@qbs-autonaim/server-utils:build: тД╣ 2 files, total: 46.09 kB
@qbs-autonaim/server-utils:build: [33m[PLUGIN_TIMINGS] Warning:[0m Your build spent significant time in plugin `rolldown-plugin-dts:generate`. See https://rolldown.rs/options/checks#plugintimings for more details.
@qbs-autonaim/server-utils:build: 
@qbs-autonaim/server-utils:build: тЬФ Build complete in 25770ms
@qbs-autonaim/webhooks:test: $ bun test
@qbs-autonaim/jobs-shared:build: cache hit, replaying logs 443a16b7787e27fb
@qbs-autonaim/tg-client:build: cache hit, replaying logs a807547bf7fb3e34
@qbs-autonaim/jobs-shared:build: $ tsdown
@qbs-autonaim/jobs-shared:build: тД╣ tsdown v0.20.3 powered by rolldown v1.0.0-rc.3
@qbs-autonaim/jobs-shared:build: тД╣ entry: src\index.ts
@qbs-autonaim/jobs-shared:build: тД╣ tsconfig: tsconfig.json
@qbs-autonaim/jobs-shared:build: тД╣ Build start
@qbs-autonaim/jobs-shared:build: тД╣ Cleaning 3 files
@qbs-autonaim/jobs-shared:build: тД╣ dist\index.mjs    6.03 kB тФВ gzip: 2.01 kB
@qbs-autonaim/jobs-shared:build: тД╣ dist\index.d.mts  4.18 kB тФВ gzip: 1.51 kB
@qbs-autonaim/jobs-shared:build: тД╣ 2 files, total: 10.21 kB
@qbs-autonaim/jobs-shared:build: [33m[PLUGIN_TIMINGS] Warning:[0m Your build spent significant time in plugin `rolldown-plugin-dts:generate`. See https://rolldown.rs/options/checks#plugintimings for more details.
@qbs-autonaim/jobs-shared:build: 
@qbs-autonaim/jobs-shared:build: тЬФ Build complete in 21023ms
@qbs-autonaim/tg-client:build: $ tsdown && tsc --emitDeclarationOnly
@qbs-autonaim/tg-client:build: тД╣ tsdown v0.20.3 powered by rolldown v1.0.0-rc.3
@qbs-autonaim/tg-client:build: тД╣ config file: C:\Projects\kwork\selectio\packages\tg-client\tsdown.config.ts 
@qbs-autonaim/tg-client:build: тД╣ entry: src\index.ts, src\sdk\client.ts
@qbs-autonaim/tg-client:build: тД╣ tsconfig: tsconfig.json
@qbs-autonaim/tg-client:build: тД╣ Build start
@qbs-autonaim/tg-client:build: тД╣ Cleaning 12 files
@qbs-autonaim/tg-client:build: тД╣ dist\index.mjs                   43.20 kB тФВ gzip: 10.60 kB
@qbs-autonaim/tg-client:build: тД╣ dist\sdk\client.mjs               2.25 kB тФВ gzip:  1.00 kB
@qbs-autonaim/tg-client:build: тД╣ dist\index.mjs.map               86.65 kB тФВ gzip: 20.68 kB
@qbs-autonaim/tg-client:build: тД╣ dist\sdk\client.mjs.map           4.58 kB тФВ gzip:  1.76 kB
@qbs-autonaim/tg-client:build: тД╣ dist\index.d.mts.map              2.04 kB тФВ gzip:  0.83 kB
@qbs-autonaim/tg-client:build: тД╣ dist\schemas-JSgW0Xog.d.mts.map   1.22 kB тФВ gzip:  0.39 kB
@qbs-autonaim/tg-client:build: тД╣ dist\sdk\client.d.mts.map         0.74 kB тФВ gzip:  0.36 kB
@qbs-autonaim/tg-client:build: тД╣ dist\index.d.mts                  8.64 kB тФВ gzip:  2.73 kB
@qbs-autonaim/tg-client:build: тД╣ dist\sdk\client.d.mts             2.06 kB тФВ gzip:  0.83 kB
@qbs-autonaim/tg-client:build: тД╣ dist\schemas-JSgW0Xog.d.mts       3.92 kB тФВ gzip:  0.74 kB
@qbs-autonaim/tg-client:build: тД╣ 10 files, total: 155.31 kB
@qbs-autonaim/tg-client:build: [33m[PLUGIN_TIMINGS] Warning:[0m Your build spent significant time in plugin `rolldown-plugin-dts:generate`. See https://rolldown.rs/options/checks#plugintimings for more details.
@qbs-autonaim/tg-client:build: 
@qbs-autonaim/tg-client:build: тЬФ Build complete in 24183ms
@qbs-autonaim/jobs-parsers:build: cache hit, replaying logs ae40dbf7098da414
@qbs-autonaim/jobs-parsers:build: $ NODE_OPTIONS='--max-old-space-size=4096' tsdown
@qbs-autonaim/jobs-parsers:build: тД╣ tsdown v0.20.3 powered by rolldown v1.0.0-rc.3
@qbs-autonaim/jobs-parsers:build: тД╣ config file: C:\Projects\kwork\selectio\packages\jobs-parsers\tsdown.config.ts 
@qbs-autonaim/jobs-parsers:build: тД╣ entry: src\index.ts
@qbs-autonaim/jobs-parsers:build: тД╣ tsconfig: tsconfig.json
@qbs-autonaim/jobs-parsers:build: тД╣ Build start
@qbs-autonaim/jobs-parsers:build: тД╣ Cleaning 3 files
@qbs-autonaim/jobs-parsers:build: тД╣ dist\index.mjs     891.76 kB тФВ gzip: 203.94 kB
@qbs-autonaim/jobs-parsers:build: тД╣ dist\index.d.mts  1385.06 kB
@qbs-autonaim/jobs-parsers:build: тД╣ 2 files, total: 2276.81 kB
@qbs-autonaim/jobs-parsers:build: ..\..\node_modules\@protobufjs\inquire\index.js (12:18) [33m[EVAL] Warning:[0m Use of direct `eval` function is strongly discouraged as it poses security risks and may cause issues with minification.
@qbs-autonaim/jobs-parsers:build:     [38;5;246mтХн[0m[38;5;246mтФА[0m[38;5;246m[[0m ../../node_modules/@protobufjs/inquire/index.js:12:19 [38;5;246m][0m
@qbs-autonaim/jobs-parsers:build:     [38;5;246mтФВ[0m
@qbs-autonaim/jobs-parsers:build:  [38;5;246m12 тФВ[0m [38;5;249m [0m[38;5;249m [0m[38;5;249m [0m[38;5;249m [0m[38;5;249m [0m[38;5;249m [0m[38;5;249m [0m[38;5;249m [0m[38;5;249mv[0m[38;5;249ma[0m[38;5;249mr[0m[38;5;249m [0m[38;5;249mm[0m[38;5;249mo[0m[38;5;249md[0m[38;5;249m [0m[38;5;249m=[0m[38;5;249m [0meval[38;5;249m([0m[38;5;249m"[0m[38;5;249mq[0m[38;5;249mu[0m[38;5;249mi[0m[38;5;249mr[0m[38;5;249me[0m[38;5;249m"[0m[38;5;249m.[0m[38;5;249mr[0m[38;5;249me[0m[38;5;249mp[0m[38;5;249ml[0m[38;5;249ma[0m[38;5;249mc[0m[38;5;249me[0m[38;5;249m([0m[38;5;249m/[0m[38;5;249m^[0m[38;5;249m/[0m[38;5;249m,[0m[38;5;249m"[0m[38;5;249mr[0m[38;5;249me[0m[38;5;249m"[0m[38;5;249m)[0m[38;5;249m)[0m[38;5;249m([0m[38;5;249mm[0m[38;5;249mo[0m[38;5;249md[0m[38;5;249mu[0m[38;5;249ml[0m[38;5;249me[0m[38;5;249mN[0m[38;5;249ma[0m[38;5;249mm[0m[38;5;249me[0m[38;5;249m)[0m[38;5;249m;[0m[38;5;249m [0m[38;5;249m/[0m[38;5;249m/[0m[38;5;249m [0m[38;5;249me[0m[38;5;249ms[0m[38;5;249ml[0m[38;5;249mi[0m[38;5;249mn[0m[38;5;249mt[0m[38;5;249m-[0m[38;5;249md[0m[38;5;249mi[0m[38;5;249ms[0m[38;5;249ma[0m[38;5;249mb[0m[38;5;249ml[0m[38;5;249me[0m[38;5;249m-[0m[38;5;249ml[0m[38;5;249mi[0m[38;5;249mn[0m[38;5;249me[0m[38;5;249m [0m[38;5;249mn[0m[38;5;249mo[0m[38;5;249m-[0m[38;5;249me[0m[38;5;249mv[0m[38;5;249ma[0m[38;5;249ml[0m
@qbs-autonaim/jobs-parsers:build:  [38;5;240m   тФВ[0m                   тФАтФАтФмтФА  
@qbs-autonaim/jobs-parsers:build:  [38;5;240m   тФВ[0m                     тХ░тФАтФАтФА Use of direct `eval` here.
@qbs-autonaim/jobs-parsers:build:  [38;5;240m   тФВ[0m 
@qbs-autonaim/jobs-parsers:build:  [38;5;240m   тФВ[0m [38;5;115mHelp[0m: Consider using indirect eval. For more information, check the documentation: https://rolldown.rs/guide/troubleshooting#avoiding-direct-eval
@qbs-autonaim/jobs-parsers:build: [38;5;246mтФАтФАтФАтФАтХп[0m
@qbs-autonaim/jobs-parsers:build: 
@qbs-autonaim/jobs-parsers:build: ..\..\node_modules\inngest\api\api.d.ts (6:9) [33m[MISSING_EXPORT] Warning:[0m "fetch" is not exported by "../../node_modules/cross-fetch/index.d.ts".
@qbs-autonaim/jobs-parsers:build:    [38;5;246mтХн[0m[38;5;246mтФА[0m[38;5;246m[[0m ../../node_modules/inngest/api/api.d.ts:6:10 [38;5;246m][0m
@qbs-autonaim/jobs-parsers:build:    [38;5;246mтФВ[0m
@qbs-autonaim/jobs-parsers:build:  [38;5;246m6 тФВ[0m [38;5;249mi[0m[38;5;249mm[0m[38;5;249mp[0m[38;5;249mo[0m[38;5;249mr[0m[38;5;249mt[0m[38;5;249m [0m[38;5;249m{[0m[38;5;249m [0mfetch[38;5;249m [0m[38;5;249m}[0m[38;5;249m [0m[38;5;249mf[0m[38;5;249mr[0m[38;5;249mo[0m[38;5;249mm[0m[38;5;249m [0m[38;5;249m"[0m[38;5;249mc[0m[38;5;249mr[0m[38;5;249mo[0m[38;5;249ms[0m[38;5;249ms[0m[38;5;249m-[0m[38;5;249mf[0m[38;5;249me[0m[38;5;249mt[0m[38;5;249mc[0m[38;5;249mh[0m[38;5;249m"[0m[38;5;249m;[0m
@qbs-autonaim/jobs-parsers:build:  [38;5;240m  тФВ[0m          тФАтФАтФмтФАтФА  
@qbs-autonaim/jobs-parsers:build:  [38;5;240m  тФВ[0m            тХ░тФАтФАтФАтФА Missing export
@qbs-autonaim/jobs-parsers:build:  [38;5;240m  тФВ[0m 
@qbs-autonaim/jobs-parsers:build:  [38;5;240m  тФВ[0m [38;5;115mNote[0m: If you meant to import a type rather than a value, make sure to add the `type` modifier (e.g. `import { type Foo } from 'cross-fetch'`).
@qbs-autonaim/jobs-parsers:build: [38;5;246mтФАтФАтФАтХп[0m
@qbs-autonaim/jobs-parsers:build: 
@qbs-autonaim/jobs-parsers:build: [33m[PLUGIN_TIMINGS] Warning:[0m Your build spent significant time in plugins. Here is a breakdown:
@qbs-autonaim/jobs-parsers:build:   - tsdown:external (40%)
@qbs-autonaim/jobs-parsers:build:   - rolldown-plugin-dts:generate (38%)
@qbs-autonaim/jobs-parsers:build:   - rolldown-plugin-dts:resolver (21%)
@qbs-autonaim/jobs-parsers:build: See https://rolldown.rs/options/checks#plugintimings for more details.
@qbs-autonaim/jobs-parsers:build: 
@qbs-autonaim/jobs-parsers:build: тЬФ Build complete in 90793ms
@qbs-autonaim/webhooks:test: bun test v1.3.9 (cf6cdbbb)
@qbs-autonaim/recruitment-assistant-extension:test: $ bun test --serial
@qbs-autonaim/jobs:build: cache hit, replaying logs 89c24d908f54dcc8
@qbs-autonaim/jobs:build: $ tsdown
@qbs-autonaim/jobs:build: тД╣ tsdown v0.20.3 powered by rolldown v1.0.0-rc.3
@qbs-autonaim/jobs:build: тД╣ config file: C:\Projects\kwork\selectio\packages\jobs\tsdown.config.ts 
@qbs-autonaim/jobs:build: тД╣ entry: src\index.ts
@qbs-autonaim/jobs:build: тД╣ tsconfig: tsconfig.json
@qbs-autonaim/jobs:build: тД╣ Build start
@qbs-autonaim/jobs:build: тД╣ Cleaning 4 files
@qbs-autonaim/jobs:build: тД╣ dist\index.mjs            1234.45 kB
@qbs-autonaim/jobs:build: тД╣ dist\buffer-B6TaLlJk.mjs    10.26 kB тФВ gzip:  2.53 kB
@qbs-autonaim/jobs:build: тД╣ dist\index.d.mts           673.42 kB тФВ gzip: 21.67 kB
@qbs-autonaim/jobs:build: тД╣ 3 files, total: 1918.13 kB
@qbs-autonaim/jobs:build: [33m[PLUGIN_TIMINGS] Warning:[0m Your build spent significant time in plugins. Here is a breakdown:
@qbs-autonaim/jobs:build:   - rolldown-plugin-dts:generate (65%)
@qbs-autonaim/jobs:build:   - rolldown-plugin-dts:fake-js (27%)
@qbs-autonaim/jobs:build: See https://rolldown.rs/options/checks#plugintimings for more details.
@qbs-autonaim/jobs:build: 
@qbs-autonaim/jobs:build: тЬФ Build complete in 41716ms
@qbs-autonaim/api:test: cache bypass, force executing c53d7b11054f97f0
@qbs-autonaim/document-processor:test: bun test v1.3.9 (cf6cdbbb)
@qbs-autonaim/webhooks:test: 
@qbs-autonaim/webhooks:test: src\empty.test.ts:
@qbs-autonaim/api:test: $ bun test
@qbs-autonaim/recruitment-assistant-extension:test: bun test v1.3.9 (cf6cdbbb)
@qbs-autonaim/document-processor:test: 
@qbs-autonaim/document-processor:test: src\empty.test.ts:
@qbs-autonaim/webhooks:test: (pass) webhooks > placeholder - ╨┐╤А╨╕╨╗╨╛╨╢╨╡╨╜╨╕╨╡ ╨╜╨╡ ╤Б╨╛╨┤╨╡╤А╨╢╨╕╤В unit-╤В╨╡╤Б╤В╨╛╨▓
@qbs-autonaim/webhooks:test: 
@qbs-autonaim/webhooks:test:  1 pass
@qbs-autonaim/webhooks:test:  0 fail
@qbs-autonaim/webhooks:test:  1 expect() calls
@qbs-autonaim/webhooks:test: Ran 1 test across 1 file. [408.00ms]
@qbs-autonaim/api:test: bun test v1.3.9 (cf6cdbbb)
@qbs-autonaim/recruitment-assistant-extension:test: 
@qbs-autonaim/recruitment-assistant-extension:test: src\adapters\adapters.property.test.ts:
@qbs-autonaim/document-processor:test: (pass) document-processor > placeholder - ╨┐╨░╨║╨╡╤В ╨╜╨╡ ╤Б╨╛╨┤╨╡╤А╨╢╨╕╤В unit-╤В╨╡╤Б╤В╨╛╨▓
@qbs-autonaim/document-processor:test: 
@qbs-autonaim/document-processor:test:  1 pass
@qbs-autonaim/document-processor:test:  0 fail
@qbs-autonaim/document-processor:test:  1 expect() calls
@qbs-autonaim/document-processor:test: Ran 1 test across 1 file. [570.00ms]
@qbs-autonaim/api:test: 
@qbs-autonaim/api:test: src\orpc.property.test.ts:
@qbs-autonaim/recruitment-assistant-extension:test: (skip) Property-based ╤В╨╡╤Б╤В╤Л ╨░╨┤╨░╨┐╤В╨╡╤А╨╛╨▓ > ╨б╨▓╨╛╨╣╤Б╤В╨▓╨╛ 1: ╨Ю╨┐╤А╨╡╨┤╨╡╨╗╨╡╨╜╨╕╨╡ ╨┐╨╗╨░╤В╤Д╨╛╤А╨╝╤Л ╨┐╤А╨╛╤Д╨╕╨╗╤П > LinkedIn ╨░╨┤╨░╨┐╤В╨╡╤А ╨┤╨╛╨╗╨╢╨╡╨╜ ╨╛╨┐╤А╨╡╨┤╨╡╨╗╤П╤В╤М ╨┐╤А╨╛╤Д╨╕╨╗╤М╨╜╤Л╨╡ URL
@qbs-autonaim/recruitment-assistant-extension:test: (skip) Property-based ╤В╨╡╤Б╤В╤Л ╨░╨┤╨░╨┐╤В╨╡╤А╨╛╨▓ > ╨б╨▓╨╛╨╣╤Б╤В╨▓╨╛ 1: ╨Ю╨┐╤А╨╡╨┤╨╡╨╗╨╡╨╜╨╕╨╡ ╨┐╨╗╨░╤В╤Д╨╛╤А╨╝╤Л ╨┐╤А╨╛╤Д╨╕╨╗╤П > LinkedIn ╨░╨┤╨░╨┐╤В╨╡╤А ╨┤╨╛╨╗╨╢╨╡╨╜ ╨╛╤В╨║╨╗╨╛╨╜╤П╤В╤М ╨╜╨╡-╨┐╤А╨╛╤Д╨╕╨╗╤М╨╜╤Л╨╡ URL
@qbs-autonaim/recruitment-assistant-extension:test: (skip) Property-based ╤В╨╡╤Б╤В╤Л ╨░╨┤╨░╨┐╤В╨╡╤А╨╛╨▓ > ╨б╨▓╨╛╨╣╤Б╤В╨▓╨╛ 1: ╨Ю╨┐╤А╨╡╨┤╨╡╨╗╨╡╨╜╨╕╨╡ ╨┐╨╗╨░╤В╤Д╨╛╤А╨╝╤Л ╨┐╤А╨╛╤Д╨╕╨╗╤П > HeadHunter ╨░╨┤╨░╨┐╤В╨╡╤А ╨┤╨╛╨╗╨╢╨╡╨╜ ╨╛╨┐╤А╨╡╨┤╨╡╨╗╤П╤В╤М ╨┐╤А╨╛╤Д╨╕╨╗╤М╨╜╤Л╨╡ URL
@qbs-autonaim/recruitment-assistant-extension:test: (skip) Property-based ╤В╨╡╤Б╤В╤Л ╨░╨┤╨░╨┐╤В╨╡╤А╨╛╨▓ > ╨б╨▓╨╛╨╣╤Б╤В╨▓╨╛ 1: ╨Ю╨┐╤А╨╡╨┤╨╡╨╗╨╡╨╜╨╕╨╡ ╨┐╨╗╨░╤В╤Д╨╛╤А╨╝╤Л ╨┐╤А╨╛╤Д╨╕╨╗╤П > HeadHunter ╨░╨┤╨░╨┐╤В╨╡╤А ╨┤╨╛╨╗╨╢╨╡╨╜ ╨╛╤В╨║╨╗╨╛╨╜╤П╤В╤М ╨╜╨╡-╨┐╤А╨╛╤Д╨╕╨╗╤М╨╜╤Л╨╡ URL
@qbs-autonaim/recruitment-assistant-extension:test: (skip) Property-based ╤В╨╡╤Б╤В╤Л ╨░╨┤╨░╨┐╤В╨╡╤А╨╛╨▓ > ╨б╨▓╨╛╨╣╤Б╤В╨▓╨╛ 2: ╨Ш╨╖╨▓╨╗╨╡╤З╨╡╨╜╨╕╨╡ ╨▒╨░╨╖╨╛╨▓╨╛╨╣ ╨╕╨╜╤Д╨╛╤А╨╝╨░╤Ж╨╕╨╕ > LinkedIn: ╨╕╨╖╨▓╨╗╨╡╤З╨╡╨╜╨╜╨░╤П ╨▒╨░╨╖╨╛╨▓╨░╤П ╨╕╨╜╤Д╨╛╤А╨╝╨░╤Ж╨╕╤П ╨┤╨╛╨╗╨╢╨╜╨░ ╨╕╨╝╨╡╤В╤М ╨▓╤Б╨╡ ╨╛╨▒╤П╨╖╨░╤В╨╡╨╗╤М╨╜╤Л╨╡ ╨┐╨╛╨╗╤П
@qbs-autonaim/recruitment-assistant-extension:test: (skip) Property-based ╤В╨╡╤Б╤В╤Л ╨░╨┤╨░╨┐╤В╨╡╤А╨╛╨▓ > ╨б╨▓╨╛╨╣╤Б╤В╨▓╨╛ 2: ╨Ш╨╖╨▓╨╗╨╡╤З╨╡╨╜╨╕╨╡ ╨▒╨░╨╖╨╛╨▓╨╛╨╣ ╨╕╨╜╤Д╨╛╤А╨╝╨░╤Ж╨╕╨╕ > HeadHunter: ╨╕╨╖╨▓╨╗╨╡╤З╨╡╨╜╨╜╨░╤П ╨▒╨░╨╖╨╛╨▓╨░╤П ╨╕╨╜╤Д╨╛╤А╨╝╨░╤Ж╨╕╤П ╨┤╨╛╨╗╨╢╨╜╨░ ╨╕╨╝╨╡╤В╤М ╨▓╤Б╨╡ ╨╛╨▒╤П╨╖╨░╤В╨╡╨╗╤М╨╜╤Л╨╡ ╨┐╨╛╨╗╤П
@qbs-autonaim/recruitment-assistant-extension:test: (skip) Property-based ╤В╨╡╤Б╤В╤Л ╨░╨┤╨░╨┐╤В╨╡╤А╨╛╨▓ > ╨б╨▓╨╛╨╣╤Б╤В╨▓╨╛ 3: ╨Ш╨╖╨▓╨╗╨╡╤З╨╡╨╜╨╕╨╡ ╨▓╤Б╨╡╤Е ╨╖╨░╨┐╨╕╤Б╨╡╨╣ ╨╛╨┐╤Л╤В╨░ ╤А╨░╨▒╨╛╤В╤Л > LinkedIn: ╨║╨╛╨╗╨╕╤З╨╡╤Б╤В╨▓╨╛ ╨╕╨╖╨▓╨╗╨╡╤З╨╡╨╜╨╜╤Л╤Е ╨╖╨░╨┐╨╕╤Б╨╡╨╣ ╨┤╨╛╨╗╨╢╨╜╨╛ ╤Б╨╛╨╛╤В╨▓╨╡╤В╤Б╤В╨▓╨╛╨▓╨░╤В╤М ╨║╨╛╨╗╨╕╤З╨╡╤Б╤В╨▓╤Г ╨▓ DOM
@qbs-autonaim/recruitment-assistant-extension:test: (skip) Property-based ╤В╨╡╤Б╤В╤Л ╨░╨┤╨░╨┐╤В╨╡╤А╨╛╨▓ > ╨б╨▓╨╛╨╣╤Б╤В╨▓╨╛ 3: ╨Ш╨╖╨▓╨╗╨╡╤З╨╡╨╜╨╕╨╡ ╨▓╤Б╨╡╤Е ╨╖╨░╨┐╨╕╤Б╨╡╨╣ ╨╛╨┐╤Л╤В╨░ ╤А╨░╨▒╨╛╤В╤Л > HeadHunter: ╨║╨╛╨╗╨╕╤З╨╡╤Б╤В╨▓╨╛ ╨╕╨╖╨▓╨╗╨╡╤З╨╡╨╜╨╜╤Л╤Е ╨╖╨░╨┐╨╕╤Б╨╡╨╣ ╨┤╨╛╨╗╨╢╨╜╨╛ ╤Б╨╛╨╛╤В╨▓╨╡╤В╤Б╤В╨▓╨╛╨▓╨░╤В╤М ╨║╨╛╨╗╨╕╤З╨╡╤Б╤В╨▓╤Г ╨▓ DOM
@qbs-autonaim/recruitment-assistant-extension:test: (skip) Property-based ╤В╨╡╤Б╤В╤Л ╨░╨┤╨░╨┐╤В╨╡╤А╨╛╨▓ > ╨б╨▓╨╛╨╣╤Б╤В╨▓╨╛ 4: ╨Ш╨╖╨▓╨╗╨╡╤З╨╡╨╜╨╕╨╡ ╨▓╤Б╨╡╤Е ╨╖╨░╨┐╨╕╤Б╨╡╨╣ ╨╛╨▒╤А╨░╨╖╨╛╨▓╨░╨╜╨╕╤П > LinkedIn: ╨║╨╛╨╗╨╕╤З╨╡╤Б╤В╨▓╨╛ ╨╕╨╖╨▓╨╗╨╡╤З╨╡╨╜╨╜╤Л╤Е ╨╖╨░╨┐╨╕╤Б╨╡╨╣ ╨┤╨╛╨╗╨╢╨╜╨╛ ╤Б╨╛╨╛╤В╨▓╨╡╤В╤Б╤В╨▓╨╛╨▓╨░╤В╤М ╨║╨╛╨╗╨╕╤З╨╡╤Б╤В╨▓╤Г ╨▓ DOM
@qbs-autonaim/recruitment-assistant-extension:test: (skip) Property-based ╤В╨╡╤Б╤В╤Л ╨░╨┤╨░╨┐╤В╨╡╤А╨╛╨▓ > ╨б╨▓╨╛╨╣╤Б╤В╨▓╨╛ 4: ╨Ш╨╖╨▓╨╗╨╡╤З╨╡╨╜╨╕╨╡ ╨▓╤Б╨╡╤Е ╨╖╨░╨┐╨╕╤Б╨╡╨╣ ╨╛╨▒╤А╨░╨╖╨╛╨▓╨░╨╜╨╕╤П > HeadHunter: ╨║╨╛╨╗╨╕╤З╨╡╤Б╤В╨▓╨╛ ╨╕╨╖╨▓╨╗╨╡╤З╨╡╨╜╨╜╤Л╤Е ╨╖╨░╨┐╨╕╤Б╨╡╨╣ ╨┤╨╛╨╗╨╢╨╜╨╛ ╤Б╨╛╨╛╤В╨▓╨╡╤В╤Б╤В╨▓╨╛╨▓╨░╤В╤М ╨║╨╛╨╗╨╕╤З╨╡╤Б╤В╨▓╤Г ╨▓ DOM
@qbs-autonaim/recruitment-assistant-extension:test: (skip) Property-based ╤В╨╡╤Б╤В╤Л ╨░╨┤╨░╨┐╤В╨╡╤А╨╛╨▓ > ╨б╨▓╨╛╨╣╤Б╤В╨▓╨╛ 5: ╨б╨╛╤Е╤А╨░╨╜╨╡╨╜╨╕╨╡ ╤Е╤А╨╛╨╜╨╛╨╗╨╛╨│╨╕╤З╨╡╤Б╨║╨╛╨│╨╛ ╨┐╨╛╤А╤П╨┤╨║╨░ > LinkedIn: ╨┐╨╛╤А╤П╨┤╨╛╨║ ╨╛╨┐╤Л╤В╨░ ╤А╨░╨▒╨╛╤В╤Л ╨┤╨╛╨╗╨╢╨╡╨╜ ╤Б╨╛╤Е╤А╨░╨╜╤П╤В╤М╤Б╤П
@qbs-autonaim/recruitment-assistant-extension:test: (skip) Property-based ╤В╨╡╤Б╤В╤Л ╨░╨┤╨░╨┐╤В╨╡╤А╨╛╨▓ > ╨б╨▓╨╛╨╣╤Б╤В╨▓╨╛ 5: ╨б╨╛╤Е╤А╨░╨╜╨╡╨╜╨╕╨╡ ╤Е╤А╨╛╨╜╨╛╨╗╨╛╨│╨╕╤З╨╡╤Б╨║╨╛╨│╨╛ ╨┐╨╛╤А╤П╨┤╨║╨░ > LinkedIn: ╨┐╨╛╤А╤П╨┤╨╛╨║ ╨╜╨░╨▓╤Л╨║╨╛╨▓ ╨┤╨╛╨╗╨╢╨╡╨╜ ╤Б╨╛╤Е╤А╨░╨╜╤П╤В╤М╤Б╤П
@qbs-autonaim/recruitment-assistant-extension:test: (skip) Property-based ╤В╨╡╤Б╤В╤Л ╨░╨┤╨░╨┐╤В╨╡╤А╨╛╨▓ > ╨б╨▓╨╛╨╣╤Б╤В╨▓╨╛ 6: ╨Ш╨╖╨▓╨╗╨╡╤З╨╡╨╜╨╕╨╡ ╨╜╨░╨▓╤Л╨║╨╛╨▓ > LinkedIn: ╨▓╤Б╨╡ ╨╜╨░╨▓╤Л╨║╨╕ ╨┤╨╛╨╗╨╢╨╜╤Л ╨▒╤Л╤В╤М ╨╕╨╖╨▓╨╗╨╡╤З╨╡╨╜╤Л
@qbs-autonaim/recruitment-assistant-extension:test: (skip) Property-based ╤В╨╡╤Б╤В╤Л ╨░╨┤╨░╨┐╤В╨╡╤А╨╛╨▓ > ╨б╨▓╨╛╨╣╤Б╤В╨▓╨╛ 6: ╨Ш╨╖╨▓╨╗╨╡╤З╨╡╨╜╨╕╨╡ ╨╜╨░╨▓╤Л╨║╨╛╨▓ > HeadHunter: ╨▓╤Б╨╡ ╨╜╨░╨▓╤Л╨║╨╕ ╨┤╨╛╨╗╨╢╨╜╤Л ╨▒╤Л╤В╤М ╨╕╨╖╨▓╨╗╨╡╤З╨╡╨╜╤Л
@qbs-autonaim/recruitment-assistant-extension:test: (skip) Property-based ╤В╨╡╤Б╤В╤Л ╨░╨┤╨░╨┐╤В╨╡╤А╨╛╨▓ > ╨б╨▓╨╛╨╣╤Б╤В╨▓╨╛ 7: ╨Ш╨╖╨▓╨╗╨╡╤З╨╡╨╜╨╕╨╡ ╨║╨╛╨╜╤В╨░╨║╤В╨╜╨╛╨╣ ╨╕╨╜╤Д╨╛╤А╨╝╨░╤Ж╨╕╨╕ > LinkedIn: ╨║╨╛╨╜╤В╨░╨║╤В╨╜╨░╤П ╨╕╨╜╤Д╨╛╤А╨╝╨░╤Ж╨╕╤П ╨┤╨╛╨╗╨╢╨╜╨░ ╨▒╤Л╤В╤М ╨╕╨╖╨▓╨╗╨╡╤З╨╡╨╜╨░ ╨╡╤Б╨╗╨╕ ╨┤╨╛╤Б╤В╤Г╨┐╨╜╨░
@qbs-autonaim/recruitment-assistant-extension:test: (skip) Property-based ╤В╨╡╤Б╤В╤Л ╨░╨┤╨░╨┐╤В╨╡╤А╨╛╨▓ > ╨б╨▓╨╛╨╣╤Б╤В╨▓╨╛ 7: ╨Ш╨╖╨▓╨╗╨╡╤З╨╡╨╜╨╕╨╡ ╨║╨╛╨╜╤В╨░╨║╤В╨╜╨╛╨╣ ╨╕╨╜╤Д╨╛╤А╨╝╨░╤Ж╨╕╨╕ > HeadHunter: ╨║╨╛╨╜╤В╨░╨║╤В╨╜╨░╤П ╨╕╨╜╤Д╨╛╤А╨╝╨░╤Ж╨╕╤П ╨┤╨╛╨╗╨╢╨╜╨░ ╨▒╤Л╤В╤М ╨╕╨╖╨▓╨╗╨╡╤З╨╡╨╜╨░ ╨╡╤Б╨╗╨╕ ╨┤╨╛╤Б╤В╤Г╨┐╨╜╨░
@qbs-autonaim/recruitment-assistant-extension:test: 
@qbs-autonaim/recruitment-assistant-extension:test: src\background\service-worker-communication.test.ts:
@qbs-autonaim/recruitment-assistant-extension:test: (pass) ╨Ъ╨╛╨╝╨╝╤Г╨╜╨╕╨║╨░╤Ж╨╕╤П Content Script <-> Service Worker > ╨Ю╤В╨┐╤А╨░╨▓╨║╨░ PING ╤Б╨╛╨╛╨▒╤Й╨╡╨╜╨╕╨╣ > ╨┤╨╛╨╗╨╢╨╡╨╜ ╨╛╤В╨┐╤А╨░╨▓╨╕╤В╤М PING ╨╕ ╨┐╨╛╨╗╤Г╤З╨╕╤В╤М pong
@qbs-autonaim/recruitment-assistant-extension:test: (pass) ╨Ъ╨╛╨╝╨╝╤Г╨╜╨╕╨║╨░╤Ж╨╕╤П Content Script <-> Service Worker > ╨Ю╤В╨┐╤А╨░╨▓╨║╨░ API ╨╖╨░╨┐╤А╨╛╤Б╨╛╨▓ > ╨┤╨╛╨╗╨╢╨╡╨╜ ╨╛╤В╨┐╤А╨░╨▓╨╕╤В╤М GET ╨╖╨░╨┐╤А╨╛╤Б ╤З╨╡╤А╨╡╨╖ Service Worker
@qbs-autonaim/recruitment-assistant-extension:test: (pass) ╨Ъ╨╛╨╝╨╝╤Г╨╜╨╕╨║╨░╤Ж╨╕╤П Content Script <-> Service Worker > ╨Ю╤В╨┐╤А╨░╨▓╨║╨░ API ╨╖╨░╨┐╤А╨╛╤Б╨╛╨▓ > ╨┤╨╛╨╗╨╢╨╡╨╜ ╨╛╤В╨┐╤А╨░╨▓╨╕╤В╤М POST ╨╖╨░╨┐╤А╨╛╤Б ╤Б ╤В╨╡╨╗╨╛╨╝ ╤З╨╡╤А╨╡╨╖ Service Worker
@qbs-autonaim/recruitment-assistant-extension:test: (pass) ╨Ъ╨╛╨╝╨╝╤Г╨╜╨╕╨║╨░╤Ж╨╕╤П Content Script <-> Service Worker > ╨Ю╤В╨┐╤А╨░╨▓╨║╨░ API ╨╖╨░╨┐╤А╨╛╤Б╨╛╨▓ > ╨┤╨╛╨╗╨╢╨╡╨╜ ╨┐╨╛╨╗╤Г╤З╨╕╤В╤М ╨╛╤И╨╕╨▒╨║╤Г ╨╛╤В Service Worker ╨┐╤А╨╕ ╨╜╨╡╤Г╨┤╨░╤З╨╜╨╛╨╝ ╨╖╨░╨┐╤А╨╛╤Б╨╡
@qbs-autonaim/recruitment-assistant-extension:test: (pass) ╨Ъ╨╛╨╝╨╝╤Г╨╜╨╕╨║╨░╤Ж╨╕╤П Content Script <-> Service Worker > ╨Ю╨▒╤А╨░╨▒╨╛╤В╨║╨░ ╨╛╤И╨╕╨▒╨╛╨║ ╨║╨╛╨╝╨╝╤Г╨╜╨╕╨║╨░╤Ж╨╕╨╕ > ╨┤╨╛╨╗╨╢╨╡╨╜ ╨╛╨▒╤А╨░╨▒╨╛╤В╨░╤В╤М ╨╛╤И╨╕╨▒╨║╤Г ╨┐╤А╨╕ ╨╛╤В╨┐╤А╨░╨▓╨║╨╡ ╤Б╨╛╨╛╨▒╤Й╨╡╨╜╨╕╤П
@qbs-autonaim/recruitment-assistant-extension:test: (pass) ╨Ъ╨╛╨╝╨╝╤Г╨╜╨╕╨║╨░╤Ж╨╕╤П Content Script <-> Service Worker > ╨Ю╨▒╤А╨░╨▒╨╛╤В╨║╨░ ╨╛╤И╨╕╨▒╨╛╨║ ╨║╨╛╨╝╨╝╤Г╨╜╨╕╨║╨░╤Ж╨╕╨╕ > ╨┤╨╛╨╗╨╢╨╡╨╜ ╨╛╨▒╤А╨░╨▒╨╛╤В╨░╤В╤М ╨╛╤В╤Б╤Г╤В╤Б╤В╨▓╨╕╨╡ ╨╛╤В╨▓╨╡╤В╨░ ╨╛╤В Service Worker
@qbs-autonaim/recruitment-assistant-extension:test: (pass) ╨Ъ╨╛╨╝╨╝╤Г╨╜╨╕╨║╨░╤Ж╨╕╤П Content Script <-> Service Worker > ╨Ю╨▒╤А╨░╨▒╨╛╤В╨║╨░ ╨╛╤И╨╕╨▒╨╛╨║ ╨║╨╛╨╝╨╝╤Г╨╜╨╕╨║╨░╤Ж╨╕╨╕ > ╨┤╨╛╨╗╨╢╨╡╨╜ ╨╛╨▒╤А╨░╨▒╨╛╤В╨░╤В╤М ╤Б╨╡╤В╨╡╨▓╤Г╤О ╨╛╤И╨╕╨▒╨║╤Г ╨┐╤А╨╕ API ╨╖╨░╨┐╤А╨╛╤Б╨╡
@qbs-autonaim/recruitment-assistant-extension:test: (pass) ╨Ъ╨╛╨╝╨╝╤Г╨╜╨╕╨║╨░╤Ж╨╕╤П Content Script <-> Service Worker > ╨Т╨░╨╗╨╕╨┤╨░╤Ж╨╕╤П ╤Б╨╛╨╛╨▒╤Й╨╡╨╜╨╕╨╣ > ╨┤╨╛╨╗╨╢╨╡╨╜ ╨┐╨╛╨╗╤Г╤З╨╕╤В╤М ╨╛╤И╨╕╨▒╨║╤Г ╨┤╨╗╤П ╨╜╨╡╨╕╨╖╨▓╨╡╤Б╤В╨╜╨╛╨│╨╛ ╤В╨╕╨┐╨░ ╤Б╨╛╨╛╨▒╤Й╨╡╨╜╨╕╤П
@qbs-autonaim/recruitment-assistant-extension:test: (pass) ╨Ъ╨╛╨╝╨╝╤Г╨╜╨╕╨║╨░╤Ж╨╕╤П Content Script <-> Service Worker > ╨Т╨░╨╗╨╕╨┤╨░╤Ж╨╕╤П ╤Б╨╛╨╛╨▒╤Й╨╡╨╜╨╕╨╣ > ╨┤╨╛╨╗╨╢╨╡╨╜ ╨┐╨╛╨╗╤Г╤З╨╕╤В╤М ╨╛╤И╨╕╨▒╨║╤Г ╨┤╨╗╤П ╨╜╨╡╨║╨╛╤А╤А╨╡╨║╤В╨╜╨╛╨│╨╛ URL
@qbs-autonaim/recruitment-assistant-extension:test: (pass) ╨Ъ╨╛╨╝╨╝╤Г╨╜╨╕╨║╨░╤Ж╨╕╤П Content Script <-> Service Worker > ╨Т╨░╨╗╨╕╨┤╨░╤Ж╨╕╤П ╤Б╨╛╨╛╨▒╤Й╨╡╨╜╨╕╨╣ > ╨┤╨╛╨╗╨╢╨╡╨╜ ╨┐╨╛╨╗╤Г╤З╨╕╤В╤М ╨╛╤И╨╕╨▒╨║╤Г ╨┤╨╗╤П ╨╜╨╡-HTTPS URL
@qbs-autonaim/recruitment-assistant-extension:test: (pass) ╨Ъ╨╛╨╝╨╝╤Г╨╜╨╕╨║╨░╤Ж╨╕╤П Content Script <-> Service Worker > ╨а╨░╨╖╨╗╨╕╤З╨╜╤Л╨╡ HTTP ╨╝╨╡╤В╨╛╨┤╤Л > ╨┤╨╛╨╗╨╢╨╡╨╜ ╨╛╤В╨┐╤А╨░╨▓╨╕╤В╤М PUT ╨╖╨░╨┐╤А╨╛╤Б
@qbs-autonaim/recruitment-assistant-extension:test: (pass) ╨Ъ╨╛╨╝╨╝╤Г╨╜╨╕╨║╨░╤Ж╨╕╤П Content Script <-> Service Worker > ╨а╨░╨╖╨╗╨╕╤З╨╜╤Л╨╡ HTTP ╨╝╨╡╤В╨╛╨┤╤Л > ╨┤╨╛╨╗╨╢╨╡╨╜ ╨╛╤В╨┐╤А╨░╨▓╨╕╤В╤М PATCH ╨╖╨░╨┐╤А╨╛╤Б
@qbs-autonaim/recruitment-assistant-extension:test: (pass) ╨Ъ╨╛╨╝╨╝╤Г╨╜╨╕╨║╨░╤Ж╨╕╤П Content Script <-> Service Worker > ╨а╨░╨╖╨╗╨╕╤З╨╜╤Л╨╡ HTTP ╨╝╨╡╤В╨╛╨┤╤Л > ╨┤╨╛╨╗╨╢╨╡╨╜ ╨╛╤В╨┐╤А╨░╨▓╨╕╤В╤М DELETE ╨╖╨░╨┐╤А╨╛╤Б
@qbs-autonaim/recruitment-assistant-extension:test: (pass) ╨Ъ╨╛╨╝╨╝╤Г╨╜╨╕╨║╨░╤Ж╨╕╤П Content Script <-> Service Worker > ╨а╤Г╤Б╤Б╨║╨╛╤П╨╖╤Л╤З╨╜╤Л╨╡ ╤Б╨╛╨╛╨▒╤Й╨╡╨╜╨╕╤П ╨╛╨▒ ╨╛╤И╨╕╨▒╨║╨░╤Е > ╨▓╤Б╨╡ ╤Б╨╛╨╛╨▒╤Й╨╡╨╜╨╕╤П ╨╛╨▒ ╨╛╤И╨╕╨▒╨║╨░╤Е ╨┤╨╛╨╗╨╢╨╜╤Л ╨▒╤Л╤В╤М ╨╜╨░ ╤А╤Г╤Б╤Б╨║╨╛╨╝ ╤П╨╖╤Л╨║╨╡ [15.00ms]
@qbs-autonaim/recruitment-assistant-extension:test: 
@qbs-autonaim/recruitment-assistant-extension:test: src\background\service-worker.test.ts:
@qbs-autonaim/recruitment-assistant-extension:test: 
@qbs-autonaim/recruitment-assistant-extension:test: # Unhandled error between tests
@qbs-autonaim/recruitment-assistant-extension:test: -------------------------------
@qbs-autonaim/recruitment-assistant-extension:test: 190 | }
@qbs-autonaim/recruitment-assistant-extension:test: 191 | 
@qbs-autonaim/recruitment-assistant-extension:test: 192 | /**
@qbs-autonaim/recruitment-assistant-extension:test: 193 |  * ╨Ю╨▒╤А╨░╨▒╨╛╤В╨║╨░ ╤Б╨╛╨╛╨▒╤Й╨╡╨╜╨╕╨╣ ╨╛╤В content script
@qbs-autonaim/recruitment-assistant-extension:test: 194 |  */
@qbs-autonaim/recruitment-assistant-extension:test: 195 | chrome.runtime.onMessage.addListener(
@qbs-autonaim/recruitment-assistant-extension:test:                      ^
@qbs-autonaim/recruitment-assistant-extension:test: TypeError: undefined is not an object (evaluating 'chrome.runtime.onMessage.addListener')
@qbs-autonaim/recruitment-assistant-extension:test:       at C:\Projects\kwork\selectio\apps\recruitment-assistant-extension\src\background\service-worker.ts:195:16
@qbs-autonaim/recruitment-assistant-extension:test:       at loadAndEvaluateModule (2:1)
@qbs-autonaim/recruitment-assistant-extension:test: -------------------------------
@qbs-autonaim/recruitment-assistant-extension:test: 
@qbs-autonaim/recruitment-assistant-extension:test: 
@qbs-autonaim/recruitment-assistant-extension:test: src\content\content-script-import.test.ts:
@bunworks/inngest-realtime:test: тЦ▓ [WARNING] The condition "types" here will never be used as it comes after "default" [package.json]
@bunworks/inngest-realtime:test: 
@bunworks/inngest-realtime:test:     package.json:24:6:
@bunworks/inngest-realtime:test:       24 тФВ       "types": "./dist/index.d.mts"
@bunworks/inngest-realtime:test:          тХ╡       ~~~~~~~
@bunworks/inngest-realtime:test: 
@bunworks/inngest-realtime:test:   The "default" condition comes earlier and will always be chosen:
@bunworks/inngest-realtime:test: 
@bunworks/inngest-realtime:test:     package.json:23:6:
@bunworks/inngest-realtime:test:       23 тФВ       "default": "./dist/index.mjs",
@bunworks/inngest-realtime:test:          тХ╡       ~~~~~~~~~
@bunworks/inngest-realtime:test: 
@bunworks/inngest-realtime:test: тЦ▓ [WARNING] The condition "types" here will never be used as it comes after "default" [package.json]
@bunworks/inngest-realtime:test: 
@bunworks/inngest-realtime:test:     package.json:28:6:
@bunworks/inngest-realtime:test:       28 тФВ       "types": "./dist/hooks.d.mts"
@bunworks/inngest-realtime:test:          тХ╡       ~~~~~~~
@bunworks/inngest-realtime:test: 
@bunworks/inngest-realtime:test:   The "default" condition comes earlier and will always be chosen:
@bunworks/inngest-realtime:test: 
@bunworks/inngest-realtime:test:     package.json:27:6:
@bunworks/inngest-realtime:test:       27 тФВ       "default": "./dist/hooks.mjs",
@bunworks/inngest-realtime:test:          тХ╡       ~~~~~~~~~
@bunworks/inngest-realtime:test: 
@bunworks/inngest-realtime:test: тЦ▓ [WARNING] The condition "types" here will never be used as it comes after "default" [package.json]
@bunworks/inngest-realtime:test: 
@bunworks/inngest-realtime:test:     package.json:32:6:
@bunworks/inngest-realtime:test:       32 тФВ       "types": "./dist/middleware.d.mts"
@bunworks/inngest-realtime:test:          тХ╡       ~~~~~~~
@bunworks/inngest-realtime:test: 
@bunworks/inngest-realtime:test:   The "default" condition comes earlier and will always be chosen:
@bunworks/inngest-realtime:test: 
@bunworks/inngest-realtime:test:     package.json:31:6:
@bunworks/inngest-realtime:test:       31 тФВ       "default": "./dist/middleware.mjs",
@bunworks/inngest-realtime:test:          тХ╡       ~~~~~~~~~
@bunworks/inngest-realtime:test: 
@bunworks/inngest-realtime:test: тЦ▓ [WARNING] The condition "types" here will never be used as it comes after "default" [package.json]
@bunworks/inngest-realtime:test: 
@bunworks/inngest-realtime:test:     package.json:36:6:
@bunworks/inngest-realtime:test:       36 тФВ       "types": "./dist/api.d.mts"
@bunworks/inngest-realtime:test:          тХ╡       ~~~~~~~
@bunworks/inngest-realtime:test: 
@bunworks/inngest-realtime:test:   The "default" condition comes earlier and will always be chosen:
@bunworks/inngest-realtime:test: 
@bunworks/inngest-realtime:test:     package.json:35:6:
@bunworks/inngest-realtime:test:       35 тФВ       "default": "./dist/api.mjs",
@bunworks/inngest-realtime:test:          тХ╡       ~~~~~~~~~
@bunworks/inngest-realtime:test: 
@qbs-autonaim/recruitment-assistant-extension:test: (pass) ContentScript - Import ╤Д╤Г╨╜╨║╤Ж╨╕╨╛╨╜╨░╨╗╤М╨╜╨╛╤Б╤В╤М > triggerImport > ╨┤╨╛╨╗╨╢╨╡╨╜ ╤Г╤Б╨┐╨╡╤И╨╜╨╛ ╨╕╨╝╨┐╨╛╤А╤В╨╕╤А╨╛╨▓╨░╤В╤М ╨┤╨░╨╜╨╜╤Л╨╡ ╨║╨░╨╜╨┤╨╕╨┤╨░╤В╨░ ╨▓ ╤Б╨╕╤Б╤В╨╡╨╝╤Г [593.00ms]
@qbs-autonaim/recruitment-assistant-extension:test: (pass) ContentScript - Import ╤Д╤Г╨╜╨║╤Ж╨╕╨╛╨╜╨░╨╗╤М╨╜╨╛╤Б╤В╤М > triggerImport > ╨┤╨╛╨╗╨╢╨╡╨╜ ╨▓╨║╨╗╤О╤З╨╕╤В╤М ╤В╨╛╨║╨╡╨╜ ╨░╤Г╤В╨╡╨╜╤В╨╕╤Д╨╕╨║╨░╤Ж╨╕╨╕ ╨▓ ╨╖╨░╨┐╤А╨╛╤Б
@qbs-autonaim/recruitment-assistant-extension:test: (pass) ContentScript - Import ╤Д╤Г╨╜╨║╤Ж╨╕╨╛╨╜╨░╨╗╤М╨╜╨╛╤Б╤В╤М > triggerImport > ╨┤╨╛╨╗╨╢╨╡╨╜ ╨┐╨╛╨║╨░╨╖╨░╤В╤М ╨╛╤И╨╕╨▒╨║╤Г ╨╡╤Б╨╗╨╕ ╨┐╨╛╨╗╤М╨╖╨╛╨▓╨░╤В╨╡╨╗╤М ╨╜╨╡ ╨░╨▓╤В╨╛╤А╨╕╨╖╨╛╨▓╨░╨╜
@qbs-autonaim/recruitment-assistant-extension:test: (pass) ContentScript - Import ╤Д╤Г╨╜╨║╤Ж╨╕╨╛╨╜╨░╨╗╤М╨╜╨╛╤Б╤В╤М > triggerImport > ╨┤╨╛╨╗╨╢╨╡╨╜ ╨┐╨╛╨║╨░╨╖╨░╤В╤М ╨╛╤И╨╕╨▒╨║╤Г ╨╡╤Б╨╗╨╕ ╨╜╨╡╤В organizationId
@qbs-autonaim/recruitment-assistant-extension:test: (pass) ContentScript - Import ╤Д╤Г╨╜╨║╤Ж╨╕╨╛╨╜╨░╨╗╤М╨╜╨╛╤Б╤В╤М > checkApiConfiguration (╤З╨╡╤А╨╡╨╖ triggerImport) > ╨┤╨╛╨╗╨╢╨╡╨╜ ╤Г╤Б╨┐╨╡╤И╨╜╨╛ ╨╕╨╝╨┐╨╛╤А╤В╨╕╤А╨╛╨▓╨░╤В╤М ╨╡╤Б╨╗╨╕ ╨╡╤Б╤В╤М authToken ╨╕ organizationId
@qbs-autonaim/recruitment-assistant-extension:test: (pass) ContentScript - Import ╤Д╤Г╨╜╨║╤Ж╨╕╨╛╨╜╨░╨╗╤М╨╜╨╛╤Б╤В╤М > checkApiConfiguration (╤З╨╡╤А╨╡╨╖ triggerImport) > ╨┤╨╛╨╗╨╢╨╡╨╜ ╨┐╨╛╨║╨░╨╖╨░╤В╤М ╨╛╤И╨╕╨▒╨║╤Г ╨╡╤Б╨╗╨╕ ╨╜╨╡╤В organizationId
@qbs-autonaim/recruitment-assistant-extension:test: (pass) ContentScript - Import ╤Д╤Г╨╜╨║╤Ж╨╕╨╛╨╜╨░╨╗╤М╨╜╨╛╤Б╤В╤М > checkApiConfiguration (╤З╨╡╤А╨╡╨╖ triggerImport) > ╨┤╨╛╨╗╨╢╨╡╨╜ ╨┐╨╛╨║╨░╨╖╨░╤В╤М ╨╛╤И╨╕╨▒╨║╤Г ╨╡╤Б╨╗╨╕ ╨┐╨╛╨╗╤М╨╖╨╛╨▓╨░╤В╨╡╨╗╤М ╨╜╨╡ ╨░╨▓╤В╨╛╤А╨╕╨╖╨╛╨▓╨░╨╜
@qbs-autonaim/recruitment-assistant-extension:test: 
@qbs-autonaim/recruitment-assistant-extension:test: src\content\content-script.test.ts:
@qbs-autonaim/recruitment-assistant-extension:test: 22 |   /**
@qbs-autonaim/recruitment-assistant-extension:test: 23 |    * ╨Я╤А╨╛╨▓╨╡╤А╤П╨╡╤В, ╤П╨▓╨╗╤П╨╡╤В╤Б╤П ╨╗╨╕ ╤В╨╡╨║╤Г╤Й╨░╤П ╤Б╤В╤А╨░╨╜╨╕╤Ж╨░ ╨┐╤А╨╛╤Д╨╕╨╗╨╡╨╝ LinkedIn
@qbs-autonaim/recruitment-assistant-extension:test: 24 |    * @returns true, ╨╡╤Б╨╗╨╕ ╤Н╤В╨╛ ╤Б╤В╤А╨░╨╜╨╕╤Ж╨░ ╨┐╤А╨╛╤Д╨╕╨╗╤П ╨╜╨░ linkedin.com ╨╕ ╨┐╤Г╤В╤М /in/
@qbs-autonaim/recruitment-assistant-extension:test: 25 |    */
@qbs-autonaim/recruitment-assistant-extension:test: 26 |   isProfilePage(): boolean {
@qbs-autonaim/recruitment-assistant-extension:test: 27 |     const host = window.location.hostname.toLowerCase();
@qbs-autonaim/recruitment-assistant-extension:test:                                       ^
@qbs-autonaim/recruitment-assistant-extension:test: TypeError: undefined is not an object (evaluating 'window.location.hostname.toLowerCase')
@qbs-autonaim/recruitment-assistant-extension:test:       at isProfilePage (C:\Projects\kwork\selectio\apps\recruitment-assistant-extension\src\adapters\linkedin\linkedin-adapter.ts:27:34)
@qbs-autonaim/recruitment-assistant-extension:test:       at detectPlatform (C:\Projects\kwork\selectio\apps\recruitment-assistant-extension\src\core\data-extractor.ts:39:19)
@qbs-autonaim/recruitment-assistant-extension:test:       at extract (C:\Projects\kwork\selectio\apps\recruitment-assistant-extension\src\core\data-extractor.ts:56:26)
@qbs-autonaim/recruitment-assistant-extension:test:       at <anonymous> (C:\Projects\kwork\selectio\apps\recruitment-assistant-extension\src\content\content-script.test.ts:41:38)
@qbs-autonaim/recruitment-assistant-extension:test: (fail) Data Extraction (Task 21.4) > DataExtractor.extract > ╨┤╨╛╨╗╨╢╨╡╨╜ ╤Г╤Б╨┐╨╡╤И╨╜╨╛ ╨╕╨╖╨▓╨╗╨╡╤З╤М ╨┤╨░╨╜╨╜╤Л╨╡ ╤Б LinkedIn ╨┐╤А╨╛╤Д╨╕╨╗╤П [15.00ms]
@qbs-autonaim/recruitment-assistant-extension:test: 22 |   /**
@qbs-autonaim/recruitment-assistant-extension:test: 23 |    * ╨Я╤А╨╛╨▓╨╡╤А╤П╨╡╤В, ╤П╨▓╨╗╤П╨╡╤В╤Б╤П ╨╗╨╕ ╤В╨╡╨║╤Г╤Й╨░╤П ╤Б╤В╤А╨░╨╜╨╕╤Ж╨░ ╨┐╤А╨╛╤Д╨╕╨╗╨╡╨╝ LinkedIn
@qbs-autonaim/recruitment-assistant-extension:test: 24 |    * @returns true, ╨╡╤Б╨╗╨╕ ╤Н╤В╨╛ ╤Б╤В╤А╨░╨╜╨╕╤Ж╨░ ╨┐╤А╨╛╤Д╨╕╨╗╤П ╨╜╨░ linkedin.com ╨╕ ╨┐╤Г╤В╤М /in/
@qbs-autonaim/recruitment-assistant-extension:test: 25 |    */
@qbs-autonaim/recruitment-assistant-extension:test: 26 |   isProfilePage(): boolean {
@qbs-autonaim/recruitment-assistant-extension:test: 27 |     const host = window.location.hostname.toLowerCase();
@qbs-autonaim/recruitment-assistant-extension:test:                                       ^
@qbs-autonaim/recruitment-assistant-extension:test: TypeError: undefined is not an object (evaluating 'window.location.hostname.toLowerCase')
@qbs-autonaim/recruitment-assistant-extension:test:       at isProfilePage (C:\Projects\kwork\selectio\apps\recruitment-assistant-extension\src\adapters\linkedin\linkedin-adapter.ts:27:34)
@qbs-autonaim/recruitment-assistant-extension:test:       at detectPlatform (C:\Projects\kwork\selectio\apps\recruitment-assistant-extension\src\core\data-extractor.ts:39:19)
@qbs-autonaim/recruitment-assistant-extension:test:       at extract (C:\Projects\kwork\selectio\apps\recruitment-assistant-extension\src\core\data-extractor.ts:56:26)
@qbs-autonaim/recruitment-assistant-extension:test:       at <anonymous> (C:\Projects\kwork\selectio\apps\recruitment-assistant-extension\src\content\content-script.test.ts:72:38)
@qbs-autonaim/recruitment-assistant-extension:test: (fail) Data Extraction (Task 21.4) > DataExtractor.extract > ╨┤╨╛╨╗╨╢╨╡╨╜ ╨╕╨╖╨▓╨╗╨╡╤З╤М ╨┤╨░╨╜╨╜╤Л╨╡ ╤Б ╨╜╨╡╨┐╨╛╨╗╨╜╤Л╨╝ ╨┐╤А╨╛╤Д╨╕╨╗╨╡╨╝ [16.00ms]
@qbs-autonaim/recruitment-assistant-extension:test: (pass) Data Extraction (Task 21.4) > DataExtractor.extract > ╨┤╨╛╨╗╨╢╨╡╨╜ ╨▓╤Л╨▒╤А╨╛╤Б╨╕╤В╤М ╨╛╤И╨╕╨▒╨║╤Г ╨║╨╛╨│╨┤╨░ ╨┐╨╗╨░╤В╤Д╨╛╤А╨╝╨░ ╨╜╨╡ ╨┐╨╛╨┤╨┤╨╡╤А╨╢╨╕╨▓╨░╨╡╤В╤Б╤П
@qbs-autonaim/recruitment-assistant-extension:test: 22 |   /**
@qbs-autonaim/recruitment-assistant-extension:test: 23 |    * ╨Я╤А╨╛╨▓╨╡╤А╤П╨╡╤В, ╤П╨▓╨╗╤П╨╡╤В╤Б╤П ╨╗╨╕ ╤В╨╡╨║╤Г╤Й╨░╤П ╤Б╤В╤А╨░╨╜╨╕╤Ж╨░ ╨┐╤А╨╛╤Д╨╕╨╗╨╡╨╝ LinkedIn
@qbs-autonaim/recruitment-assistant-extension:test: 24 |    * @returns true, ╨╡╤Б╨╗╨╕ ╤Н╤В╨╛ ╤Б╤В╤А╨░╨╜╨╕╤Ж╨░ ╨┐╤А╨╛╤Д╨╕╨╗╤П ╨╜╨░ linkedin.com ╨╕ ╨┐╤Г╤В╤М /in/
@qbs-autonaim/recruitment-assistant-extension:test: 25 |    */
@qbs-autonaim/recruitment-assistant-extension:test: 26 |   isProfilePage(): boolean {
@qbs-autonaim/recruitment-assistant-extension:test: 27 |     const host = window.location.hostname.toLowerCase();
@qbs-autonaim/recruitment-assistant-extension:test:                                       ^
@qbs-autonaim/recruitment-assistant-extension:test: TypeError: undefined is not an object (evaluating 'window.location.hostname.toLowerCase')
@qbs-autonaim/recruitment-assistant-extension:test:       at isProfilePage (C:\Projects\kwork\selectio\apps\recruitment-assistant-extension\src\adapters\linkedin\linkedin-adapter.ts:27:34)
@qbs-autonaim/recruitment-assistant-extension:test:       at detectPlatform (C:\Projects\kwork\selectio\apps\recruitment-assistant-extension\src\core\data-extractor.ts:39:19)
@qbs-autonaim/recruitment-assistant-extension:test:       at extract (C:\Projects\kwork\selectio\apps\recruitment-assistant-extension\src\core\data-extractor.ts:56:26)
@qbs-autonaim/recruitment-assistant-extension:test:       at <anonymous> (C:\Projects\kwork\selectio\apps\recruitment-assistant-extension\src\content\content-script.test.ts:130:38)
@qbs-autonaim/recruitment-assistant-extension:test: (fail) Data Extraction (Task 21.4) > DataExtractor.extract > ╨┤╨╛╨╗╨╢╨╡╨╜ ╨▓╨╡╤А╨╜╤Г╤В╤М ╨┤╨░╨╜╨╜╤Л╨╡ ╤Б ╨┐╤Г╤Б╤В╤Л╨╝╨╕ ╨╝╨░╤Б╤Б╨╕╨▓╨░╨╝╨╕ ╨┤╨╗╤П ╨╛╤В╤Б╤Г╤В╤Б╤В╨▓╤Г╤О╤Й╨╕╤Е ╤Б╨╡╨║╤Ж╨╕╨╣
@qbs-autonaim/recruitment-assistant-extension:test: 22 |   /**
@qbs-autonaim/recruitment-assistant-extension:test: 23 |    * ╨Я╤А╨╛╨▓╨╡╤А╤П╨╡╤В, ╤П╨▓╨╗╤П╨╡╤В╤Б╤П ╨╗╨╕ ╤В╨╡╨║╤Г╤Й╨░╤П ╤Б╤В╤А╨░╨╜╨╕╤Ж╨░ ╨┐╤А╨╛╤Д╨╕╨╗╨╡╨╝ LinkedIn
@qbs-autonaim/recruitment-assistant-extension:test: 24 |    * @returns true, ╨╡╤Б╨╗╨╕ ╤Н╤В╨╛ ╤Б╤В╤А╨░╨╜╨╕╤Ж╨░ ╨┐╤А╨╛╤Д╨╕╨╗╤П ╨╜╨░ linkedin.com ╨╕ ╨┐╤Г╤В╤М /in/
@qbs-autonaim/recruitment-assistant-extension:test: 25 |    */
@qbs-autonaim/recruitment-assistant-extension:test: 26 |   isProfilePage(): boolean {
@qbs-autonaim/recruitment-assistant-extension:test: 27 |     const host = window.location.hostname.toLowerCase();
@qbs-autonaim/recruitment-assistant-extension:test:                                       ^
@qbs-autonaim/recruitment-assistant-extension:test: TypeError: undefined is not an object (evaluating 'window.location.hostname.toLowerCase')
@qbs-autonaim/recruitment-assistant-extension:test:       at isProfilePage (C:\Projects\kwork\selectio\apps\recruitment-assistant-extension\src\adapters\linkedin\linkedin-adapter.ts:27:34)
@qbs-autonaim/recruitment-assistant-extension:test:       at detectPlatform (C:\Projects\kwork\selectio\apps\recruitment-assistant-extension\src\core\data-extractor.ts:39:19)
@qbs-autonaim/recruitment-assistant-extension:test:       at extract (C:\Projects\kwork\selectio\apps\recruitment-assistant-extension\src\core\data-extractor.ts:56:26)
@qbs-autonaim/recruitment-assistant-extension:test:       at <anonymous> (C:\Projects\kwork\selectio\apps\recruitment-assistant-extension\src\content\content-script.test.ts:203:53)
@qbs-autonaim/recruitment-assistant-extension:test: (fail) Data Extraction (Task 21.4) > DataExtractor.extract > ╨┤╨╛╨╗╨╢╨╡╨╜ ╨║╨╛╤А╤А╨╡╨║╤В╨╜╨╛ ╨╕╨╖╨▓╨╗╨╡╤З╤М ╨▓╤Б╨╡ ╤Б╨╡╨║╤Ж╨╕╨╕ ╨┐╤А╨╛╤Д╨╕╨╗╤П [15.00ms]
@qbs-autonaim/recruitment-assistant-extension:test: (pass) Data Editing (Task 21.6) > handleEdit - ╨▒╨░╨╖╨╛╨▓╤Л╨╡ ╨┐╨╛╨╗╤П > ╨┤╨╛╨╗╨╢╨╡╨╜ ╨╛╨▒╨╜╨╛╨▓╨╕╤В╤М ╨┐╤А╨╛╤Б╤В╨╛╨╡ ╨┐╨╛╨╗╨╡ ╨▓ basicInfo
@qbs-autonaim/recruitment-assistant-extension:test: (pass) Data Editing (Task 21.6) > handleEdit - ╨▒╨░╨╖╨╛╨▓╤Л╨╡ ╨┐╨╛╨╗╤П > ╨┤╨╛╨╗╨╢╨╡╨╜ ╨╛╨▒╨╜╨╛╨▓╨╕╤В╤М ╤В╨╡╨║╤Г╤Й╤Г╤О ╨┤╨╛╨╗╨╢╨╜╨╛╤Б╤В╤М
@qbs-autonaim/recruitment-assistant-extension:test: (pass) Data Editing (Task 21.6) > handleEdit - ╨▒╨░╨╖╨╛╨▓╤Л╨╡ ╨┐╨╛╨╗╤П > ╨┤╨╛╨╗╨╢╨╡╨╜ ╨╛╨▒╨╜╨╛╨▓╨╕╤В╤М ╨╝╨╡╤Б╤В╨╛╨┐╨╛╨╗╨╛╨╢╨╡╨╜╨╕╨╡
@qbs-autonaim/recruitment-assistant-extension:test: (pass) Data Editing (Task 21.6) > handleEdit - ╨▒╨░╨╖╨╛╨▓╤Л╨╡ ╨┐╨╛╨╗╤П > ╨┤╨╛╨╗╨╢╨╡╨╜ ╨╛╨▒╨╜╨╛╨▓╨╕╤В╤М URL ╤Д╨╛╤В╨╛╨│╤А╨░╤Д╨╕╨╕
@qbs-autonaim/recruitment-assistant-extension:test: (pass) Data Editing (Task 21.6) > handleEdit - ╨▓╨╗╨╛╨╢╨╡╨╜╨╜╤Л╨╡ ╨╝╨░╤Б╤Б╨╕╨▓╤Л > ╨┤╨╛╨╗╨╢╨╡╨╜ ╨╛╨▒╨╜╨╛╨▓╨╕╤В╤М ╨┤╨╛╨╗╨╢╨╜╨╛╤Б╤В╤М ╨▓ ╨┐╨╡╤А╨▓╨╛╨╣ ╨╖╨░╨┐╨╕╤Б╨╕ ╨╛╨┐╤Л╤В╨░ ╤А╨░╨▒╨╛╤В╤Л
@qbs-autonaim/recruitment-assistant-extension:test: (pass) Data Editing (Task 21.6) > handleEdit - ╨▓╨╗╨╛╨╢╨╡╨╜╨╜╤Л╨╡ ╨╝╨░╤Б╤Б╨╕╨▓╤Л > ╨┤╨╛╨╗╨╢╨╡╨╜ ╨╛╨▒╨╜╨╛╨▓╨╕╤В╤М ╨╜╨░╨╖╨▓╨░╨╜╨╕╨╡ ╨║╨╛╨╝╨┐╨░╨╜╨╕╨╕ ╨▓╨╛ ╨▓╤В╨╛╤А╨╛╨╣ ╨╖╨░╨┐╨╕╤Б╨╕ ╨╛╨┐╤Л╤В╨░
@qbs-autonaim/recruitment-assistant-extension:test: (pass) Data Editing (Task 21.6) > handleEdit - ╨▓╨╗╨╛╨╢╨╡╨╜╨╜╤Л╨╡ ╨╝╨░╤Б╤Б╨╕╨▓╤Л > ╨┤╨╛╨╗╨╢╨╡╨╜ ╨╛╨▒╨╜╨╛╨▓╨╕╤В╤М ╨╛╨┐╨╕╤Б╨░╨╜╨╕╨╡ ╨▓ ╨╖╨░╨┐╨╕╤Б╨╕ ╨╛╨┐╤Л╤В╨░
@qbs-autonaim/recruitment-assistant-extension:test: (pass) Data Editing (Task 21.6) > handleEdit - ╨▓╨╗╨╛╨╢╨╡╨╜╨╜╤Л╨╡ ╨╝╨░╤Б╤Б╨╕╨▓╤Л > ╨┤╨╛╨╗╨╢╨╡╨╜ ╨╛╨▒╨╜╨╛╨▓╨╕╤В╤М ╨┤╨░╤В╤Г ╨╜╨░╤З╨░╨╗╨░ ╤А╨░╨▒╨╛╤В╤Л
@qbs-autonaim/recruitment-assistant-extension:test: (pass) Data Editing (Task 21.6) > handleEdit - ╨▓╨╗╨╛╨╢╨╡╨╜╨╜╤Л╨╡ ╨╝╨░╤Б╤Б╨╕╨▓╤Л > ╨┤╨╛╨╗╨╢╨╡╨╜ ╨╛╨▒╨╜╨╛╨▓╨╕╤В╤М ╨┤╨░╤В╤Г ╨╛╨║╨╛╨╜╤З╨░╨╜╨╕╤П ╤А╨░╨▒╨╛╤В╤Л
@qbs-autonaim/recruitment-assistant-extension:test: (pass) Data Editing (Task 21.6) > handleEdit - ╨╛╨▒╤А╨░╨╖╨╛╨▓╨░╨╜╨╕╨╡ > ╨┤╨╛╨╗╨╢╨╡╨╜ ╨╛╨▒╨╜╨╛╨▓╨╕╤В╤М ╨╜╨░╨╖╨▓╨░╨╜╨╕╨╡ ╤Г╤З╨╡╨▒╨╜╨╛╨│╨╛ ╨╖╨░╨▓╨╡╨┤╨╡╨╜╨╕╤П
@qbs-autonaim/recruitment-assistant-extension:test: (pass) Data Editing (Task 21.6) > handleEdit - ╨╛╨▒╤А╨░╨╖╨╛╨▓╨░╨╜╨╕╨╡ > ╨┤╨╛╨╗╨╢╨╡╨╜ ╨╛╨▒╨╜╨╛╨▓╨╕╤В╤М ╤Б╤В╨╡╨┐╨╡╨╜╤М
@qbs-autonaim/recruitment-assistant-extension:test: (pass) Data Editing (Task 21.6) > handleEdit - ╨╛╨▒╤А╨░╨╖╨╛╨▓╨░╨╜╨╕╨╡ > ╨┤╨╛╨╗╨╢╨╡╨╜ ╨╛╨▒╨╜╨╛╨▓╨╕╤В╤М ╤Б╨┐╨╡╤Ж╨╕╨░╨╗╤М╨╜╨╛╤Б╤В╤М
@qbs-autonaim/recruitment-assistant-extension:test: (pass) Data Editing (Task 21.6) > handleEdit - ╨╜╨░╨▓╤Л╨║╨╕ > ╨┤╨╛╨╗╨╢╨╡╨╜ ╨╛╨▒╨╜╨╛╨▓╨╕╤В╤М ╨▓╨╡╤Б╤М ╨╝╨░╤Б╤Б╨╕╨▓ ╨╜╨░╨▓╤Л╨║╨╛╨▓
@qbs-autonaim/recruitment-assistant-extension:test: (pass) Data Editing (Task 21.6) > handleEdit - ╨║╨╛╨╜╤В╨░╨║╤В╤Л > ╨┤╨╛╨╗╨╢╨╡╨╜ ╨╛╨▒╨╜╨╛╨▓╨╕╤В╤М email
@qbs-autonaim/recruitment-assistant-extension:test: (pass) Data Editing (Task 21.6) > handleEdit - ╨║╨╛╨╜╤В╨░╨║╤В╤Л > ╨┤╨╛╨╗╨╢╨╡╨╜ ╨╛╨▒╨╜╨╛╨▓╨╕╤В╤М ╤В╨╡╨╗╨╡╤Д╨╛╨╜
@qbs-autonaim/recruitment-assistant-extension:test: (pass) Data Editing (Task 21.6) > handleEdit - ╨║╨╛╨╜╤В╨░╨║╤В╤Л > ╨┤╨╛╨╗╨╢╨╡╨╜ ╨╛╨▒╨╜╨╛╨▓╨╕╤В╤М ╤Б╨╛╤Ж╨╕╨░╨╗╤М╨╜╤Л╨╡ ╤Б╤Б╤Л╨╗╨║╨╕
@qbs-autonaim/recruitment-assistant-extension:test: (pass) Data Editing (Task 21.6) > handleEdit - ╨│╤А╨░╨╜╨╕╤З╨╜╤Л╨╡ ╤Б╨╗╤Г╤З╨░╨╕ > ╨┤╨╛╨╗╨╢╨╡╨╜ ╨║╨╛╤А╤А╨╡╨║╤В╨╜╨╛ ╨╛╨▒╤А╨░╨▒╨╛╤В╨░╤В╤М null ╨╖╨╜╨░╤З╨╡╨╜╨╕╨╡
@qbs-autonaim/recruitment-assistant-extension:test: (pass) Data Editing (Task 21.6) > handleEdit - ╨│╤А╨░╨╜╨╕╤З╨╜╤Л╨╡ ╤Б╨╗╤Г╤З╨░╨╕ > ╨┤╨╛╨╗╨╢╨╡╨╜ ╨║╨╛╤А╤А╨╡╨║╤В╨╜╨╛ ╨╛╨▒╤А╨░╨▒╨╛╤В╨░╤В╤М ╨┐╤Г╤Б╤В╤Г╤О ╤Б╤В╤А╨╛╨║╤Г
@qbs-autonaim/recruitment-assistant-extension:test: (pass) Data Editing (Task 21.6) > handleEdit - ╨│╤А╨░╨╜╨╕╤З╨╜╤Л╨╡ ╤Б╨╗╤Г╤З╨░╨╕ > ╨╜╨╡ ╨┤╨╛╨╗╨╢╨╡╨╜ ╨╕╨╖╨╝╨╡╨╜╤П╤В╤М ╨┤╨░╨╜╨╜╤Л╨╡ ╨╡╤Б╨╗╨╕ currentData ╤А╨░╨▓╨╡╨╜ null
@qbs-autonaim/recruitment-assistant-extension:test: (pass) Data Editing (Task 21.6) > handleEdit - ╨│╤А╨░╨╜╨╕╤З╨╜╤Л╨╡ ╤Б╨╗╤Г╤З╨░╨╕ > ╨┤╨╛╨╗╨╢╨╡╨╜ ╤Б╨╛╤Е╤А╨░╨╜╨╕╤В╤М ╨╜╨╡╨╕╨╖╨╝╨╡╨╜╨╡╨╜╨╜╤Л╨╡ ╨┐╨╛╨╗╤П ╨┐╤А╨╕ ╤А╨╡╨┤╨░╨║╤В╨╕╤А╨╛╨▓╨░╨╜╨╕╨╕
@qbs-autonaim/recruitment-assistant-extension:test: (pass) Data Editing (Task 21.6) > handleEdit - ╨╝╨╜╨╛╨╢╨╡╤Б╤В╨▓╨╡╨╜╨╜╤Л╨╡ ╨╕╨╖╨╝╨╡╨╜╨╡╨╜╨╕╤П > ╨┤╨╛╨╗╨╢╨╡╨╜ ╨║╨╛╤А╤А╨╡╨║╤В╨╜╨╛ ╨╛╨▒╤А╨░╨▒╨╛╤В╨░╤В╤М ╨╜╨╡╤Б╨║╨╛╨╗╤М╨║╨╛ ╨┐╨╛╤Б╨╗╨╡╨┤╨╛╨▓╨░╤В╨╡╨╗╤М╨╜╤Л╤Е ╨╕╨╖╨╝╨╡╨╜╨╡╨╜╨╕╨╣
@qbs-autonaim/recruitment-assistant-extension:test: 
@qbs-autonaim/recruitment-assistant-extension:test: src\core\api-client.test.ts:
@qbs-autonaim/recruitment-assistant-extension:test: (pass) ApiClient > importCandidate > ╨┤╨╛╨╗╨╢╨╡╨╜ ╤Г╤Б╨┐╨╡╤И╨╜╨╛ ╨╕╨╝╨┐╨╛╤А╤В╨╕╤А╨╛╨▓╨░╤В╤М ╨║╨░╨╜╨┤╨╕╨┤╨░╤В╨░ [16.00ms]
@qbs-autonaim/recruitment-assistant-extension:test: (pass) ApiClient > importCandidate > ╨┤╨╛╨╗╨╢╨╡╨╜ ╨┐╤А╨░╨▓╨╕╨╗╤М╨╜╨╛ ╨╕╨╖╨▓╨╗╨╡╨║╨░╤В╤М ╨╕╨╝╤П ╨╕ ╤Д╨░╨╝╨╕╨╗╨╕╤О
@qbs-autonaim/recruitment-assistant-extension:test: (pass) ApiClient > importCandidate > ╨┤╨╛╨╗╨╢╨╡╨╜ ╨┐╤А╨░╨▓╨╕╨╗╤М╨╜╨╛ ╨▓╤Л╤З╨╕╤Б╨╗╤П╤В╤М ╨╛╨┐╤Л╤В ╤А╨░╨▒╨╛╤В╤Л ╨▓ ╨│╨╛╨┤╨░╤Е
@qbs-autonaim/recruitment-assistant-extension:test: (pass) ApiClient > importCandidate > ╨┤╨╛╨╗╨╢╨╡╨╜ ╨┐╤А╨░╨▓╨╕╨╗╤М╨╜╨╛ ╨┐╤А╨╡╨╛╨▒╤А╨░╨╖╨╛╨▓╤Л╨▓╨░╤В╤М ╨┐╨╗╨░╤В╤Д╨╛╤А╨╝╤Г LinkedIn
@qbs-autonaim/recruitment-assistant-extension:test: (pass) ApiClient > importCandidate > ╨┤╨╛╨╗╨╢╨╡╨╜ ╨┐╤А╨░╨▓╨╕╨╗╤М╨╜╨╛ ╨┐╤А╨╡╨╛╨▒╤А╨░╨╖╨╛╨▓╤Л╨▓╨░╤В╤М ╨┐╨╗╨░╤В╤Д╨╛╤А╨╝╤Г HeadHunter
@qbs-autonaim/recruitment-assistant-extension:test: (pass) ApiClient > importCandidate > ╨┤╨╛╨╗╨╢╨╡╨╜ ╨╕╤Б╨┐╨╛╨╗╤М╨╖╨╛╨▓╨░╤В╤М LinkedIn ╨┐╨╛ ╤Г╨╝╨╛╨╗╤З╨░╨╜╨╕╤О ╨┤╨╗╤П ╨╜╨╡╨╕╨╖╨▓╨╡╤Б╤В╨╜╨╛╨╣ ╨┐╨╗╨░╤В╤Д╨╛╤А╨╝╤Л
@qbs-autonaim/recruitment-assistant-extension:test: (pass) ApiClient > importCandidate > ╨┤╨╛╨╗╨╢╨╡╨╜ ╨▓╤Л╨▒╤А╨╛╤Б╨╕╤В╤М ╨╛╤И╨╕╨▒╨║╤Г, ╨╡╤Б╨╗╨╕ API ╨╜╨╡ ╨╜╨░╤Б╤В╤А╨╛╨╡╨╜ (╨╜╨╡╤В URL)
@qbs-autonaim/recruitment-assistant-extension:test: (pass) ApiClient > importCandidate > ╨┤╨╛╨╗╨╢╨╡╨╜ ╨▓╤Л╨▒╤А╨╛╤Б╨╕╤В╤М ╨╛╤И╨╕╨▒╨║╤Г, ╨╡╤Б╨╗╨╕ API ╨╜╨╡ ╨╜╨░╤Б╤В╤А╨╛╨╡╨╜ (╨╜╨╡╤В ╤В╨╛╨║╨╡╨╜╨░)
@qbs-autonaim/recruitment-assistant-extension:test: (pass) ApiClient > importCandidate > ╨┤╨╛╨╗╨╢╨╡╨╜ ╨╛╨▒╤А╨░╨▒╨╛╤В╨░╤В╤М ╨╛╤И╨╕╨▒╨║╤Г 401 (╨╜╨╡╨░╨▓╤В╨╛╤А╨╕╨╖╨╛╨▓╨░╨╜)
@qbs-autonaim/recruitment-assistant-extension:test: (pass) ApiClient > importCandidate > ╨┤╨╛╨╗╨╢╨╡╨╜ ╨╛╨▒╤А╨░╨▒╨╛╤В╨░╤В╤М ╨╛╤И╨╕╨▒╨║╤Г 403 (╨┤╨╛╤Б╤В╤Г╨┐ ╨╖╨░╨┐╤А╨╡╤Й╨╡╨╜)
@qbs-autonaim/recruitment-assistant-extension:test: (pass) ApiClient > importCandidate > ╨┤╨╛╨╗╨╢╨╡╨╜ ╨╛╨▒╤А╨░╨▒╨╛╤В╨░╤В╤М ╨╛╤И╨╕╨▒╨║╤Г 500 (╨▓╨╜╤Г╤В╤А╨╡╨╜╨╜╤П╤П ╨╛╤И╨╕╨▒╨║╨░ ╤Б╨╡╤А╨▓╨╡╤А╨░)
@qbs-autonaim/recruitment-assistant-extension:test: (pass) ApiClient > importCandidate > ╨┤╨╛╨╗╨╢╨╡╨╜ ╨╛╨▒╤А╨░╨▒╨╛╤В╨░╤В╤М ╨╛╤И╨╕╨▒╨║╤Г ╨▒╨╡╨╖ ╤Б╨╛╨╛╨▒╤Й╨╡╨╜╨╕╤П ╨▓ ╨╛╤В╨▓╨╡╤В╨╡
@qbs-autonaim/recruitment-assistant-extension:test: (pass) ApiClient > importCandidate > ╨┤╨╛╨╗╨╢╨╡╨╜ ╨╛╨▒╤А╨░╨▒╨╛╤В╨░╤В╤М ╤Б╨╡╤В╨╡╨▓╤Г╤О ╨╛╤И╨╕╨▒╨║╤Г
@qbs-autonaim/recruitment-assistant-extension:test: (pass) ApiClient > importCandidate > ╨┤╨╛╨╗╨╢╨╡╨╜ ╨┐╤А╨░╨▓╨╕╨╗╤М╨╜╨╛ ╨╛╨▒╤А╨░╨▒╨░╤В╤Л╨▓╨░╤В╤М ╨║╨░╨╜╨┤╨╕╨┤╨░╤В╨░ ╨▒╨╡╨╖ ╨║╨╛╨╜╤В╨░╨║╤В╨╛╨▓
@qbs-autonaim/recruitment-assistant-extension:test: (pass) ApiClient > importCandidate > ╨┤╨╛╨╗╨╢╨╡╨╜ ╨┐╤А╨░╨▓╨╕╨╗╤М╨╜╨╛ ╨╛╨▒╤А╨░╨▒╨░╤В╤Л╨▓╨░╤В╤М ╨║╨░╨╜╨┤╨╕╨┤╨░╤В╨░ ╨▒╨╡╨╖ ╤Д╨╛╤В╨╛
@qbs-autonaim/recruitment-assistant-extension:test: (pass) ApiClient > importCandidate > ╨┤╨╛╨╗╨╢╨╡╨╜ ╨┐╤А╨░╨▓╨╕╨╗╤М╨╜╨╛ ╨╛╨▒╤А╨░╨▒╨░╤В╤Л╨▓╨░╤В╤М ╨║╨░╨╜╨┤╨╕╨┤╨░╤В╨░ ╨▒╨╡╨╖ ╨╛╨┐╤Л╤В╨░ ╤А╨░╨▒╨╛╤В╤Л
@qbs-autonaim/recruitment-assistant-extension:test: (pass) ApiClient > importCandidate > ╨┤╨╛╨╗╨╢╨╡╨╜ ╨▓╨║╨╗╤О╤З╨░╤В╤М ╨▓╤Б╨╡ ╨╜╨╡╨╛╨▒╤Е╨╛╨┤╨╕╨╝╤Л╨╡ ╨┐╨╛╨╗╤П ╨▓ ╨╖╨░╨┐╤А╨╛╤Б
@qbs-autonaim/recruitment-assistant-extension:test: (pass) ApiClient > testConnection > ╨┤╨╛╨╗╨╢╨╡╨╜ ╨▓╨╡╤А╨╜╤Г╤В╤М true ╨┐╤А╨╕ ╤Г╤Б╨┐╨╡╤И╨╜╨╛╨╝ ╨┐╨╛╨┤╨║╨╗╤О╤З╨╡╨╜╨╕╨╕
@qbs-autonaim/recruitment-assistant-extension:test: (pass) ApiClient > testConnection > ╨┤╨╛╨╗╨╢╨╡╨╜ ╨▓╨╡╤А╨╜╤Г╤В╤М false ╨┐╤А╨╕ ╨╛╤И╨╕╨▒╨║╨╡ ╨┐╨╛╨┤╨║╨╗╤О╤З╨╡╨╜╨╕╤П
@qbs-autonaim/recruitment-assistant-extension:test: (pass) ApiClient > testConnection > ╨┤╨╛╨╗╨╢╨╡╨╜ ╨▓╨╡╤А╨╜╤Г╤В╤М false ╨┐╤А╨╕ ╤Б╨╡╤В╨╡╨▓╨╛╨╣ ╨╛╤И╨╕╨▒╨║╨╡
@qbs-autonaim/recruitment-assistant-extension:test: (pass) ApiClient > testConnection > ╨┤╨╛╨╗╨╢╨╡╨╜ ╨▓╨╡╤А╨╜╤Г╤В╤М false ╨┐╤А╨╕ ╨╛╤И╨╕╨▒╨║╨╡ 401
@qbs-autonaim/recruitment-assistant-extension:test: (pass) ApiClient > testConnection > ╨┤╨╛╨╗╨╢╨╡╨╜ ╨▓╨╡╤А╨╜╤Г╤В╤М false ╨┐╤А╨╕ ╨╛╤И╨╕╨▒╨║╨╡ 403
@qbs-autonaim/recruitment-assistant-extension:test: (pass) ApiClient > extractFirstName > ╨┤╨╛╨╗╨╢╨╡╨╜ ╨╕╨╖╨▓╨╗╨╡╤З╤М ╨╕╨╝╤П ╨╕╨╖ ╨┐╨╛╨╗╨╜╨╛╨│╨╛ ╨╕╨╝╨╡╨╜╨╕
@qbs-autonaim/recruitment-assistant-extension:test: (pass) ApiClient > extractFirstName > ╨┤╨╛╨╗╨╢╨╡╨╜ ╨▓╨╡╤А╨╜╤Г╤В╤М ╨┐╤Г╤Б╤В╤Г╤О ╤Б╤В╤А╨╛╨║╤Г ╨┤╨╗╤П ╨┐╤Г╤Б╤В╨╛╨│╨╛ ╨╕╨╝╨╡╨╜╨╕
@qbs-autonaim/recruitment-assistant-extension:test: (pass) ApiClient > extractLastName > ╨┤╨╛╨╗╨╢╨╡╨╜ ╨╕╨╖╨▓╨╗╨╡╤З╤М ╤Д╨░╨╝╨╕╨╗╨╕╤О ╨╕╨╖ ╨┐╨╛╨╗╨╜╨╛╨│╨╛ ╨╕╨╝╨╡╨╜╨╕
@qbs-autonaim/recruitment-assistant-extension:test: (pass) ApiClient > extractLastName > ╨┤╨╛╨╗╨╢╨╡╨╜ ╨▓╨╡╤А╨╜╤Г╤В╤М ╨┐╤Г╤Б╤В╤Г╤О ╤Б╤В╤А╨╛╨║╤Г ╨┤╨╗╤П ╨╕╨╝╨╡╨╜╨╕ ╨▒╨╡╨╖ ╤Д╨░╨╝╨╕╨╗╨╕╨╕ [15.00ms]
@qbs-autonaim/recruitment-assistant-extension:test: (pass) ApiClient > calculateExperienceYears > ╨┤╨╛╨╗╨╢╨╡╨╜ ╨▓╨╡╤А╨╜╤Г╤В╤М 0 ╨┤╨╗╤П ╨┐╤Г╤Б╤В╨╛╨│╨╛ ╨╛╨┐╤Л╤В╨░
@qbs-autonaim/recruitment-assistant-extension:test: (pass) ApiClient > calculateExperienceYears > ╨┤╨╛╨╗╨╢╨╡╨╜ ╨┐╤А╨░╨▓╨╕╨╗╤М╨╜╨╛ ╨▓╤Л╤З╨╕╤Б╨╗╤П╤В╤М ╨╛╨┐╤Л╤В ╨┤╨╗╤П ╨╖╨░╨▓╨╡╤А╤И╨╡╨╜╨╜╤Л╤Е ╨┐╨╛╨╖╨╕╤Ж╨╕╨╣
@qbs-autonaim/recruitment-assistant-extension:test: (pass) ApiClient > calculateExperienceYears > ╨┤╨╛╨╗╨╢╨╡╨╜ ╨┐╤А╨░╨▓╨╕╨╗╤М╨╜╨╛ ╨▓╤Л╤З╨╕╤Б╨╗╤П╤В╤М ╨╛╨┐╤Л╤В ╨┤╨╗╤П ╤В╨╡╨║╤Г╤Й╨╡╨╣ ╨┐╨╛╨╖╨╕╤Ж╨╕╨╕
@qbs-autonaim/recruitment-assistant-extension:test: (pass) ApiClient > calculateExperienceYears > ╨┤╨╛╨╗╨╢╨╡╨╜ ╤Б╤Г╨╝╨╝╨╕╤А╨╛╨▓╨░╤В╤М ╨╛╨┐╤Л╤В ╤Б ╨╜╨╡╤Б╨║╨╛╨╗╤М╨║╨╕╤Е ╨┐╨╛╨╖╨╕╤Ж╨╕╨╣
@qbs-autonaim/recruitment-assistant-extension:test: (pass) ApiClient > calculateExperienceYears > ╨┤╨╛╨╗╨╢╨╡╨╜ ╨╛╨▒╤А╨░╨▒╨░╤В╤Л╨▓╨░╤В╤М ╨╛╤В╤А╨╕╤Ж╨░╤В╨╡╨╗╤М╨╜╤Л╨╡ ╨┤╨░╤В╤Л (╨▓╨╛╨╖╨▓╤А╨░╤Й╨░╤В╤М 0)
@qbs-autonaim/recruitment-assistant-extension:test: (pass) ApiClient > mapPlatformToSource > ╨┤╨╛╨╗╨╢╨╡╨╜ ╨┐╤А╨╡╨╛╨▒╤А╨░╨╖╨╛╨▓╤Л╨▓╨░╤В╤М LinkedIn
@qbs-autonaim/recruitment-assistant-extension:test: (pass) ApiClient > mapPlatformToSource > ╨┤╨╛╨╗╨╢╨╡╨╜ ╨┐╤А╨╡╨╛╨▒╤А╨░╨╖╨╛╨▓╤Л╨▓╨░╤В╤М HeadHunter
@qbs-autonaim/recruitment-assistant-extension:test: (pass) ApiClient > mapPlatformToSource > ╨┤╨╛╨╗╨╢╨╡╨╜ ╨╕╤Б╨┐╨╛╨╗╤М╨╖╨╛╨▓╨░╤В╤М LinkedIn ╨┐╨╛ ╤Г╨╝╨╛╨╗╤З╨░╨╜╨╕╤О
@bunworks/inngest-realtime:test: 
@bunworks/inngest-realtime:test: [1m[46m RUN [49m[22m [36mv4.0.18 [39m[90mC:/Projects/kwork/selectio/packages/inngest-realtime[39m
@bunworks/inngest-realtime:test: 
@qbs-autonaim/api:build: cache hit, replaying logs dce13f592ad3a833
@qbs-autonaim/api:build: [6n[?9001h[?1004h[m]0;C:\Users\max\.bun\bin\bun.exe[?25h[35m[2m$[m [1m[2mtsc
@qbs-autonaim/api:build: [22m[?9001l[?1004l
@qbs-autonaim/app:test: cache bypass, force executing 3416d250099c6989
@qbs-autonaim/app:test: $ bun test
@qbs-autonaim/app:test: bun test v1.3.9 (cf6cdbbb)
@bunworks/inngest-realtime:test:  [32mтЬУ[39m src/env.test.ts [2m([22m[2m4 tests[22m[2m)[22m[32m 10[2mms[22m[39m[35m 10 MB heap used[39m
@qbs-autonaim/app:test: 
@qbs-autonaim/app:test: src\orpc\react.property.test.ts:
@bunworks/inngest-realtime:test:  [32mтЬУ[39m src/topic.test.ts [2m([22m[2m21 tests[22m[2m)[22m[32m 21[2mms[22m[39m[35m 11 MB heap used[39m
@bunworks/inngest-realtime:test:  [32mтЬУ[39m src/channel.test.ts [2m([22m[2m17 tests[22m[2m)[22m[32m 30[2mms[22m[39m[35m 12 MB heap used[39m
@bunworks/inngest-realtime:test:  [32mтЬУ[39m src/util.test.ts [2m([22m[2m17 tests[22m[2m)[22m[32m 38[2mms[22m[39m[35m 11 MB heap used[39m
@bunworks/inngest-realtime:test:  [32mтЬУ[39m src/api.test.ts [2m([22m[2m6 tests[22m[2m)[22m[32m 40[2mms[22m[39m[35m 13 MB heap used[39m
@qbs-autonaim/recruitment-assistant-extension:test: (pass) Property-based ╤В╨╡╤Б╤В╤Л ╨┤╨╗╤П ApiClient > Property 9: ╨┤╨╗╤П ╨╗╤О╨▒╨╛╨│╨╛ ╨╖╨░╨┐╤А╨╛╤Б╨░ ╨║ API ╨╖╨░╨│╨╛╨╗╨╛╨▓╨╛╨║ Authorization ╨┤╨╛╨╗╨╢╨╡╨╜ ╤Б╨╛╨┤╨╡╤А╨╢╨░╤В╤М ╤В╨╛╨║╨╡╨╜ ╨▓ ╤Д╨╛╤А╨╝╨░╤В╨╡ Bearer [3016.00ms]
@bunworks/inngest-realtime:test:  [32mтЬУ[39m src/subscribe/StreamFanout.test.ts [2m([22m[2m18 tests[22m[2m)[22m[32m 216[2mms[22m[39m[35m 16 MB heap used[39m
@qbs-autonaim/recruitment-assistant-extension:test: (pass) Property-based ╤В╨╡╤Б╤В╤Л ╨┤╨╗╤П ApiClient > Property 9: testConnection ╨┤╨╛╨╗╨╢╨╡╨╜ ╨▓╨║╨╗╤О╤З╨░╤В╤М ╤В╨╛╨║╨╡╨╜ ╨▓ ╨╖╨░╨│╨╛╨╗╨╛╨▓╨╛╨║ Authorization [31.00ms]
@qbs-autonaim/recruitment-assistant-extension:test: (pass) Property-based ╤В╨╡╤Б╤В╤Л ╨┤╨╗╤П ApiClient > Property 9: ╤В╨╛╨║╨╡╨╜ ╨┤╨╛╨╗╨╢╨╡╨╜ ╨┐╨╡╤А╨╡╨┤╨░╨▓╨░╤В╤М╤Б╤П ╨▒╨╡╨╖ ╨╕╨╖╨╝╨╡╨╜╨╡╨╜╨╕╨╣ [141.00ms]
@qbs-autonaim/recruitment-assistant-extension:test: (pass) Property-based ╤В╨╡╤Б╤В╤Л ╨┤╨╗╤П ApiClient > Property 9: ╤В╨╛╨║╨╡╨╜ ╨┤╨╛╨╗╨╢╨╡╨╜ ╨┐╤А╨╕╤Б╤Г╤В╤Б╤В╨▓╨╛╨▓╨░╤В╤М ╨▓╨╛ ╨▓╤Б╨╡╤Е ╤В╨╕╨┐╨░╤Е ╨╖╨░╨┐╤А╨╛╤Б╨╛╨▓ ╨║ API [15.00ms]
@qbs-autonaim/recruitment-assistant-extension:test: (pass) Property-based ╤В╨╡╤Б╤В╤Л ╨┤╨╗╤П ApiClient > Property 10: ╨╕╨╝╨┐╨╛╤А╤В ╨┤╨╛╨╗╨╢╨╡╨╜ ╤Б╨╛╨╖╨┤╨░╨▓╨░╤В╤М ╨╖╨░╨┐╨╕╤Б╤М ╨║╨░╨╜╨┤╨╕╨┤╨░╤В╨░ ╤Б ╨┐╤А╨╕╨▓╤П╨╖╨║╨╛╨╣ ╨║ ╨╛╤А╨│╨░╨╜╨╕╨╖╨░╤Ж╨╕╨╕ [172.00ms]
@qbs-autonaim/recruitment-assistant-extension:test: (pass) Property-based ╤В╨╡╤Б╤В╤Л ╨┤╨╗╤П ApiClient > Property 10: ╨╕╨╝╨┐╨╛╤А╤В ╨┤╨╛╨╗╨╢╨╡╨╜ ╨▓╨║╨╗╤О╤З╨░╤В╤М ╨▓╤Б╨╡ ╨┤╨░╨╜╨╜╤Л╨╡ ╨║╨░╨╜╨┤╨╕╨┤╨░╤В╨░ ╨▓ ╨╖╨░╨┐╤А╨╛╤Б [94.00ms]
@qbs-autonaim/recruitment-assistant-extension:test: (pass) Property-based ╤В╨╡╤Б╤В╤Л ╨┤╨╗╤П ApiClient > Property 10: ╨╕╨╝╨┐╨╛╤А╤В ╨┤╨╛╨╗╨╢╨╡╨╜ ╨║╨╛╤А╤А╨╡╨║╤В╨╜╨╛ ╨╛╨▒╤А╨░╨▒╨░╤В╤Л╨▓╨░╤В╤М ╨║╨╛╨╜╤В╨░╨║╤В╨╜╤Г╤О ╨╕╨╜╤Д╨╛╤А╨╝╨░╤Ж╨╕╤О [109.00ms]
@bunworks/inngest-realtime:test:  [32mтЬУ[39m src/index.test.ts [2m([22m[2m34 tests[22m[2m)[22m[32m 24[2mms[22m[39m[35m 19 MB heap used[39m
@bunworks/inngest-realtime:test: 
@bunworks/inngest-realtime:test: [2m Test Files [22m [1m[32m7 passed[39m[22m[90m (7)[39m
@bunworks/inngest-realtime:test: [2m      Tests [22m [1m[32m117 passed[39m[22m[90m (117)[39m
@bunworks/inngest-realtime:test: [2m   Start at [22m 12:00:55
@bunworks/inngest-realtime:test: [2m   Duration [22m 3.41s[2m (transform 3.15s, setup 0ms, import 5.86s, tests 379ms, environment 4ms)[22m
@bunworks/inngest-realtime:test: 
@qbs-autonaim/recruitment-assistant-extension:test: (pass) Property-based ╤В╨╡╤Б╤В╤Л ╨┤╨╗╤П ApiClient > Property 10: ╨╕╨╝╨┐╨╛╤А╤В ╨┤╨╛╨╗╨╢╨╡╨╜ ╨▓╤Л╤З╨╕╤Б╨╗╤П╤В╤М ╨╛╨┐╤Л╤В ╤А╨░╨▒╨╛╤В╤Л ╨▓ ╨│╨╛╨┤╨░╤Е [157.00ms]
@qbs-autonaim/api:test: 151 | function buildError(errorMessage, out) {
@qbs-autonaim/api:test: 152 |     if (out.runConfiguration.includeErrorInReport) {
@qbs-autonaim/api:test: 153 |         throw new Error(errorMessage);
@qbs-autonaim/api:test: 154 |     }
@qbs-autonaim/api:test: 155 |     const ErrorWithCause = Error;
@qbs-autonaim/api:test: 156 |     const error = new ErrorWithCause(errorMessage, { cause: out.errorInstance });
@qbs-autonaim/api:test:                         ^
@qbs-autonaim/api:test: error: Property failed after 1 tests
@qbs-autonaim/api:test: { seed: -1209911189, path: "0:0:0:0:0:0", endOnFailure: true }
@qbs-autonaim/api:test: Counterexample: [{}]
@qbs-autonaim/api:test: Shrunk 5 time(s)
@qbs-autonaim/api:test: 
@qbs-autonaim/api:test: Hint: Enable verbose mode in order to have the list of all failing values encountered during the run
@qbs-autonaim/api:test:       at buildError (C:\Projects\kwork\selectio\node_modules\fast-check\lib\check\runner\utils\RunDetailsFormatter.js:156:19)
@qbs-autonaim/api:test:       at asyncThrowIfFailed (C:\Projects\kwork\selectio\node_modules\fast-check\lib\check\runner\utils\RunDetailsFormatter.js:170:11)
@qbs-autonaim/api:test: 
@qbs-autonaim/api:test: 37 |  * - headers: HTTP ╨╖╨░╨│╨╛╨╗╨╛╨▓╨║╨╕ ╨╖╨░╨┐╤А╨╛╤Б╨░
@qbs-autonaim/api:test: 38 |  *
@qbs-autonaim/api:test: 39 |  * @see Requirements 1.1, 1.4
@qbs-autonaim/api:test: 40 |  */
@qbs-autonaim/api:test: 41 | export const createContext = async (opts: { headers: Headers; auth: Auth }) => {
@qbs-autonaim/api:test: 42 |   const session = await opts.auth.api.getSession({
@qbs-autonaim/api:test:                                   ^
@qbs-autonaim/api:test: TypeError: null is not an object (evaluating 'opts.auth.api')
@qbs-autonaim/api:test:       at <anonymous> (C:\Projects\kwork\selectio\packages\api\src\orpc.ts:42:30)
@qbs-autonaim/api:test:       at <anonymous> (C:\Projects\kwork\selectio\packages\api\src\orpc.property.test.ts:72:27)
@qbs-autonaim/api:test:       at run (C:\Projects\kwork\selectio\node_modules\fast-check\lib\check\property\AsyncProperty.generic.js:43:39)
@qbs-autonaim/api:test:       at asyncRunIt (C:\Projects\kwork\selectio\node_modules\fast-check\lib\check\runner\Runner.js:24:36)
@qbs-autonaim/api:test: (fail) Property 1: ╨Ъ╨╛╨╜╤В╨╡╨║╤Б╤В ╤Б╨╛╨┤╨╡╤А╨╢╨╕╤В ╨▓╤Б╨╡ ╨╜╨╡╨╛╨▒╤Е╨╛╨┤╨╕╨╝╤Л╨╡ ╨╖╨░╨▓╨╕╤Б╨╕╨╝╨╛╤Б╤В╨╕ > ╨┤╨╛╨╗╨╢╨╡╨╜ ╤Б╨╛╨╖╨┤╨░╨▓╨░╤В╤М ╨║╨╛╨╜╤В╨╡╨║╤Б╤В ╤Б╨╛ ╨▓╤Б╨╡╨╝╨╕ ╨╛╨▒╤П╨╖╨░╤В╨╡╨╗╤М╨╜╤Л╨╝╨╕ ╨┐╨╛╨╗╤П╨╝╨╕ ╨┤╨╗╤П ╤А╨░╨╖╨╗╨╕╤З╨╜╤Л╤Е ╨║╨╛╨╝╨▒╨╕╨╜╨░╤Ж╨╕╨╣ headers [78.00ms]
@qbs-autonaim/api:test: 151 | function buildError(errorMessage, out) {
@qbs-autonaim/api:test: 152 |     if (out.runConfiguration.includeErrorInReport) {
@qbs-autonaim/api:test: 153 |         throw new Error(errorMessage);
@qbs-autonaim/api:test: 154 |     }
@qbs-autonaim/api:test: 155 |     const ErrorWithCause = Error;
@qbs-autonaim/api:test: 156 |     const error = new ErrorWithCause(errorMessage, { cause: out.errorInstance });
@qbs-autonaim/api:test:                         ^
@qbs-autonaim/api:test: error: Property failed after 1 tests
@qbs-autonaim/api:test: { seed: -777769779, path: "0:0:0:0:0:0:0:0:0", endOnFailure: true }
@qbs-autonaim/api:test: Counterexample: ["0.0.0.0","0.0.0.0"]
@qbs-autonaim/api:test: Shrunk 8 time(s)
@qbs-autonaim/api:test: 
@qbs-autonaim/api:test: Hint: Enable verbose mode in order to have the list of all failing values encountered during the run
@qbs-autonaim/api:test:       at buildError (C:\Projects\kwork\selectio\node_modules\fast-check\lib\check\runner\utils\RunDetailsFormatter.js:156:19)
@qbs-autonaim/api:test:       at asyncThrowIfFailed (C:\Projects\kwork\selectio\node_modules\fast-check\lib\check\runner\utils\RunDetailsFormatter.js:170:11)
@qbs-autonaim/api:test: 
@qbs-autonaim/api:test: 37 |  * - headers: HTTP ╨╖╨░╨│╨╛╨╗╨╛╨▓╨║╨╕ ╨╖╨░╨┐╤А╨╛╤Б╨░
@qbs-autonaim/api:test: 38 |  *
@qbs-autonaim/api:test: 39 |  * @see Requirements 1.1, 1.4
@qbs-autonaim/api:test: 40 |  */
@qbs-autonaim/api:test: 41 | export const createContext = async (opts: { headers: Headers; auth: Auth }) => {
@qbs-autonaim/api:test: 42 |   const session = await opts.auth.api.getSession({
@qbs-autonaim/api:test:                                   ^
@qbs-autonaim/api:test: TypeError: null is not an object (evaluating 'opts.auth.api')
@qbs-autonaim/api:test:       at <anonymous> (C:\Projects\kwork\selectio\packages\api\src\orpc.ts:42:30)
@qbs-autonaim/api:test:       at <anonymous> (C:\Projects\kwork\selectio\packages\api\src\orpc.property.test.ts:127:28)
@qbs-autonaim/api:test:       at run (C:\Projects\kwork\selectio\node_modules\fast-check\lib\check\property\AsyncProperty.generic.js:43:39)
@qbs-autonaim/api:test:       at asyncRunIt (C:\Projects\kwork\selectio\node_modules\fast-check\lib\check\runner\Runner.js:24:36)
@qbs-autonaim/api:test: (fail) Property 1: ╨Ъ╨╛╨╜╤В╨╡╨║╤Б╤В ╤Б╨╛╨┤╨╡╤А╨╢╨╕╤В ╨▓╤Б╨╡ ╨╜╨╡╨╛╨▒╤Е╨╛╨┤╨╕╨╝╤Л╨╡ ╨╖╨░╨▓╨╕╤Б╨╕╨╝╨╛╤Б╤В╨╕ > ╨┤╨╛╨╗╨╢╨╡╨╜ ╨║╨╛╤А╤А╨╡╨║╤В╨╜╨╛ ╨╕╨╖╨▓╨╗╨╡╨║╨░╤В╤М IP ╨░╨┤╤А╨╡╤Б ╤Б ╨┐╤А╨╕╨╛╤А╨╕╤В╨╡╤В╨╛╨╝ x-forwarded-for [16.00ms]
@qbs-autonaim/api:test: 151 | function buildError(errorMessage, out) {
@qbs-autonaim/api:test: 152 |     if (out.runConfiguration.includeErrorInReport) {
@qbs-autonaim/api:test: 153 |         throw new Error(errorMessage);
@qbs-autonaim/api:test: 154 |     }
@qbs-autonaim/api:test: 155 |     const ErrorWithCause = Error;
@qbs-autonaim/api:test: 156 |     const error = new ErrorWithCause(errorMessage, { cause: out.errorInstance });
@qbs-autonaim/api:test:                         ^
@qbs-autonaim/api:test: error: Property failed after 1 tests
@qbs-autonaim/api:test: { seed: -1618336791, path: "0:0:0:0", endOnFailure: true }
@qbs-autonaim/api:test: Counterexample: ["0.0.0.0"]
@qbs-autonaim/api:test: Shrunk 3 time(s)
@qbs-autonaim/api:test: 
@qbs-autonaim/api:test: Hint: Enable verbose mode in order to have the list of all failing values encountered during the run
@qbs-autonaim/api:test:       at buildError (C:\Projects\kwork\selectio\node_modules\fast-check\lib\check\runner\utils\RunDetailsFormatter.js:156:19)
@qbs-autonaim/api:test:       at asyncThrowIfFailed (C:\Projects\kwork\selectio\node_modules\fast-check\lib\check\runner\utils\RunDetailsFormatter.js:170:11)
@qbs-autonaim/api:test: 
@qbs-autonaim/api:test: 37 |  * - headers: HTTP ╨╖╨░╨│╨╛╨╗╨╛╨▓╨║╨╕ ╨╖╨░╨┐╤А╨╛╤Б╨░
@qbs-autonaim/api:test: 38 |  *
@qbs-autonaim/api:test: 39 |  * @see Requirements 1.1, 1.4
@qbs-autonaim/api:test: 40 |  */
@qbs-autonaim/api:test: 41 | export const createContext = async (opts: { headers: Headers; auth: Auth }) => {
@qbs-autonaim/api:test: 42 |   const session = await opts.auth.api.getSession({
@qbs-autonaim/api:test:                                   ^
@qbs-autonaim/api:test: TypeError: null is not an object (evaluating 'opts.auth.api')
@qbs-autonaim/api:test:       at <anonymous> (C:\Projects\kwork\selectio\packages\api\src\orpc.ts:42:30)
@qbs-autonaim/api:test:       at <anonymous> (C:\Projects\kwork\selectio\packages\api\src\orpc.property.test.ts:142:28)
@qbs-autonaim/api:test:       at run (C:\Projects\kwork\selectio\node_modules\fast-check\lib\check\property\AsyncProperty.generic.js:43:39)
@qbs-autonaim/api:test:       at asyncRunIt (C:\Projects\kwork\selectio\node_modules\fast-check\lib\check\runner\Runner.js:24:36)
@qbs-autonaim/api:test: (fail) Property 1: ╨Ъ╨╛╨╜╤В╨╡╨║╤Б╤В ╤Б╨╛╨┤╨╡╤А╨╢╨╕╤В ╨▓╤Б╨╡ ╨╜╨╡╨╛╨▒╤Е╨╛╨┤╨╕╨╝╤Л╨╡ ╨╖╨░╨▓╨╕╤Б╨╕╨╝╨╛╤Б╤В╨╕ > ╨┤╨╛╨╗╨╢╨╡╨╜ ╨╕╤Б╨┐╨╛╨╗╤М╨╖╨╛╨▓╨░╤В╤М x-real-ip ╨╡╤Б╨╗╨╕ x-forwarded-for ╨╛╤В╤Б╤Г╤В╤Б╤В╨▓╤Г╨╡╤В
@qbs-autonaim/api:test: 151 | function buildError(errorMessage, out) {
@qbs-autonaim/api:test: 152 |     if (out.runConfiguration.includeErrorInReport) {
@qbs-autonaim/api:test: 153 |         throw new Error(errorMessage);
@qbs-autonaim/api:test: 154 |     }
@qbs-autonaim/api:test: 155 |     const ErrorWithCause = Error;
@qbs-autonaim/api:test: 156 |     const error = new ErrorWithCause(errorMessage, { cause: out.errorInstance });
@qbs-autonaim/api:test:                         ^
@qbs-autonaim/api:test: error: Property failed after 1 tests
@qbs-autonaim/api:test: { seed: 1551032432, path: "0:0:0", endOnFailure: true }
@qbs-autonaim/api:test: Counterexample: [{"user-agent":undefined,"authorization":undefined}]
@qbs-autonaim/api:test: Shrunk 2 time(s)
@qbs-autonaim/api:test: 
@qbs-autonaim/api:test: Hint: Enable verbose mode in order to have the list of all failing values encountered during the run
@qbs-autonaim/api:test:       at buildError (C:\Projects\kwork\selectio\node_modules\fast-check\lib\check\runner\utils\RunDetailsFormatter.js:156:19)
@qbs-autonaim/api:test:       at asyncThrowIfFailed (C:\Projects\kwork\selectio\node_modules\fast-check\lib\check\runner\utils\RunDetailsFormatter.js:170:11)
@qbs-autonaim/api:test: 
@qbs-autonaim/api:test: 37 |  * - headers: HTTP ╨╖╨░╨│╨╛╨╗╨╛╨▓╨║╨╕ ╨╖╨░╨┐╤А╨╛╤Б╨░
@qbs-autonaim/api:test: 38 |  *
@qbs-autonaim/api:test: 39 |  * @see Requirements 1.1, 1.4
@qbs-autonaim/api:test: 40 |  */
@qbs-autonaim/api:test: 41 | export const createContext = async (opts: { headers: Headers; auth: Auth }) => {
@qbs-autonaim/api:test: 42 |   const session = await opts.auth.api.getSession({
@qbs-autonaim/api:test:                                   ^
@qbs-autonaim/api:test: TypeError: null is not an object (evaluating 'opts.auth.api')
@qbs-autonaim/api:test:       at <anonymous> (C:\Projects\kwork\selectio\packages\api\src\orpc.ts:42:30)
@qbs-autonaim/api:test:       at <anonymous> (C:\Projects\kwork\selectio\packages\api\src\orpc.property.test.ts:165:30)
@qbs-autonaim/api:test:       at run (C:\Projects\kwork\selectio\node_modules\fast-check\lib\check\property\AsyncProperty.generic.js:43:39)
@qbs-autonaim/api:test:       at asyncRunIt (C:\Projects\kwork\selectio\node_modules\fast-check\lib\check\runner\Runner.js:24:36)
@qbs-autonaim/api:test: (fail) Property 1: ╨Ъ╨╛╨╜╤В╨╡╨║╤Б╤В ╤Б╨╛╨┤╨╡╤А╨╢╨╕╤В ╨▓╤Б╨╡ ╨╜╨╡╨╛╨▒╤Е╨╛╨┤╨╕╨╝╤Л╨╡ ╨╖╨░╨▓╨╕╤Б╨╕╨╝╨╛╤Б╤В╨╕ > ╨┤╨╛╨╗╨╢╨╡╨╜ ╨║╨╛╤А╤А╨╡╨║╤В╨╜╨╛ ╨╛╨▒╤А╨░╨▒╨░╤В╤Л╨▓╨░╤В╤М ╨╛╤В╤Б╤Г╤В╤Б╤В╨▓╨╕╨╡ IP headers [16.00ms]
@qbs-autonaim/api:test: 151 | function buildError(errorMessage, out) {
@qbs-autonaim/api:test: 152 |     if (out.runConfiguration.includeErrorInReport) {
@qbs-autonaim/api:test: 153 |         throw new Error(errorMessage);
@qbs-autonaim/api:test: 154 |     }
@qbs-autonaim/api:test: 155 |     const ErrorWithCause = Error;
@qbs-autonaim/api:test: 156 |     const error = new ErrorWithCause(errorMessage, { cause: out.errorInstance });
@qbs-autonaim/api:test:                         ^
@qbs-autonaim/api:test: error: Property failed after 1 tests
@qbs-autonaim/api:test: { seed: -379873389, path: "0", endOnFailure: true }
@qbs-autonaim/api:test: Counterexample: [null]
@qbs-autonaim/api:test: Shrunk 0 time(s)
@qbs-autonaim/api:test: 
@qbs-autonaim/api:test: Hint: Enable verbose mode in order to have the list of all failing values encountered during the run
@qbs-autonaim/api:test:       at buildError (C:\Projects\kwork\selectio\node_modules\fast-check\lib\check\runner\utils\RunDetailsFormatter.js:156:19)
@qbs-autonaim/api:test:       at asyncThrowIfFailed (C:\Projects\kwork\selectio\node_modules\fast-check\lib\check\runner\utils\RunDetailsFormatter.js:170:11)
@qbs-autonaim/api:test: 
@qbs-autonaim/api:test: 37 |  * - headers: HTTP ╨╖╨░╨│╨╛╨╗╨╛╨▓╨║╨╕ ╨╖╨░╨┐╤А╨╛╤Б╨░
@qbs-autonaim/api:test: 38 |  *
@qbs-autonaim/api:test: 39 |  * @see Requirements 1.1, 1.4
@qbs-autonaim/api:test: 40 |  */
@qbs-autonaim/api:test: 41 | export const createContext = async (opts: { headers: Headers; auth: Auth }) => {
@qbs-autonaim/api:test: 42 |   const session = await opts.auth.api.getSession({
@qbs-autonaim/api:test:                                   ^
@qbs-autonaim/api:test: TypeError: null is not an object (evaluating 'opts.auth.api')
@qbs-autonaim/api:test:       at <anonymous> (C:\Projects\kwork\selectio\packages\api\src\orpc.ts:42:30)
@qbs-autonaim/api:test:       at <anonymous> (C:\Projects\kwork\selectio\packages\api\src\orpc.property.test.ts:180:28)
@qbs-autonaim/api:test:       at run (C:\Projects\kwork\selectio\node_modules\fast-check\lib\check\property\AsyncProperty.generic.js:43:39)
@qbs-autonaim/api:test:       at asyncRunIt (C:\Projects\kwork\selectio\node_modules\fast-check\lib\check\runner\Runner.js:24:36)
@qbs-autonaim/api:test: (fail) Property 1: ╨Ъ╨╛╨╜╤В╨╡╨║╤Б╤В ╤Б╨╛╨┤╨╡╤А╨╢╨╕╤В ╨▓╤Б╨╡ ╨╜╨╡╨╛╨▒╤Е╨╛╨┤╨╕╨╝╤Л╨╡ ╨╖╨░╨▓╨╕╤Б╨╕╨╝╨╛╤Б╤В╨╕ > ╨┤╨╛╨╗╨╢╨╡╨╜ ╤Б╨╛╨╖╨┤╨░╨▓╨░╤В╤М ╨╜╨╡╨╖╨░╨▓╨╕╤Б╨╕╨╝╤Л╨╡ ╤Н╨║╨╖╨╡╨╝╨┐╨╗╤П╤А╤Л ╤А╨╡╨┐╨╛╨╖╨╕╤В╨╛╤А╨╕╨╡╨▓ ╨┤╨╗╤П ╨║╨░╨╢╨┤╨╛╨│╨╛ ╨▓╤Л╨╖╨╛╨▓╨░
@qbs-autonaim/api:test: 151 | function buildError(errorMessage, out) {
@qbs-autonaim/api:test: 152 |     if (out.runConfiguration.includeErrorInReport) {
@qbs-autonaim/api:test: 153 |         throw new Error(errorMessage);
@qbs-autonaim/api:test: 154 |     }
@qbs-autonaim/api:test: 155 |     const ErrorWithCause = Error;
@qbs-autonaim/api:test: 156 |     const error = new ErrorWithCause(errorMessage, { cause: out.errorInstance });
@qbs-autonaim/api:test:                         ^
@qbs-autonaim/api:test: error: Property failed after 1 tests
@qbs-autonaim/api:test: { seed: -2117672464, path: "0", endOnFailure: true }
@qbs-autonaim/api:test: Counterexample: ["Mozilla/5.0 (Windows NT 10.0; Win64; x64) AppleWebKit/537.36"]
@qbs-autonaim/api:test: Shrunk 0 time(s)
@qbs-autonaim/api:test: 
@qbs-autonaim/api:test: Hint: Enable verbose mode in order to have the list of all failing values encountered during the run
@qbs-autonaim/api:test:       at buildError (C:\Projects\kwork\selectio\node_modules\fast-check\lib\check\runner\utils\RunDetailsFormatter.js:156:19)
@qbs-autonaim/api:test:       at asyncThrowIfFailed (C:\Projects\kwork\selectio\node_modules\fast-check\lib\check\runner\utils\RunDetailsFormatter.js:170:11)
@qbs-autonaim/api:test: 
@qbs-autonaim/api:test: 37 |  * - headers: HTTP ╨╖╨░╨│╨╛╨╗╨╛╨▓╨║╨╕ ╨╖╨░╨┐╤А╨╛╤Б╨░
@qbs-autonaim/api:test: 38 |  *
@qbs-autonaim/api:test: 39 |  * @see Requirements 1.1, 1.4
@qbs-autonaim/api:test: 40 |  */
@qbs-autonaim/api:test: 41 | export const createContext = async (opts: { headers: Headers; auth: Auth }) => {
@qbs-autonaim/api:test: 42 |   const session = await opts.auth.api.getSession({
@qbs-autonaim/api:test:                                   ^
@qbs-autonaim/api:test: TypeError: null is not an object (evaluating 'opts.auth.api')
@qbs-autonaim/api:test:       at <anonymous> (C:\Projects\kwork\selectio\packages\api\src\orpc.ts:42:30)
@qbs-autonaim/api:test:       at <anonymous> (C:\Projects\kwork\selectio\packages\api\src\orpc.property.test.ts:221:28)
@qbs-autonaim/api:test:       at run (C:\Projects\kwork\selectio\node_modules\fast-check\lib\check\property\AsyncProperty.generic.js:43:39)
@qbs-autonaim/api:test:       at asyncRunIt (C:\Projects\kwork\selectio\node_modules\fast-check\lib\check\runner\Runner.js:24:36)
@qbs-autonaim/api:test: (fail) Property 1: ╨Ъ╨╛╨╜╤В╨╡╨║╤Б╤В ╤Б╨╛╨┤╨╡╤А╨╢╨╕╤В ╨▓╤Б╨╡ ╨╜╨╡╨╛╨▒╤Е╨╛╨┤╨╕╨╝╤Л╨╡ ╨╖╨░╨▓╨╕╤Б╨╕╨╝╨╛╤Б╤В╨╕ > ╨┤╨╛╨╗╨╢╨╡╨╜ ╨║╨╛╤А╤А╨╡╨║╤В╨╜╨╛ ╨╛╨▒╤А╨░╨▒╨░╤В╤Л╨▓╨░╤В╤М ╤А╨░╨╖╨╗╨╕╤З╨╜╤Л╨╡ ╤Д╨╛╤А╨╝╨░╤В╤Л User-Agent [15.00ms]
@qbs-autonaim/api:test: 151 | function buildError(errorMessage, out) {
@qbs-autonaim/api:test: 152 |     if (out.runConfiguration.includeErrorInReport) {
@qbs-autonaim/api:test: 153 |         throw new Error(errorMessage);
@qbs-autonaim/api:test: 154 |     }
@qbs-autonaim/api:test: 155 |     const ErrorWithCause = Error;
@qbs-autonaim/api:test: 156 |     const error = new ErrorWithCause(errorMessage, { cause: out.errorInstance });
@qbs-autonaim/api:test:                         ^
@qbs-autonaim/api:test: error: Property failed after 1 tests
@qbs-autonaim/api:test: { seed: -1005700738, path: "0:0", endOnFailure: true }
@qbs-autonaim/api:test: Counterexample: [[]]
@qbs-autonaim/api:test: Shrunk 1 time(s)
@qbs-autonaim/api:test: 
@qbs-autonaim/api:test: Hint: Enable verbose mode in order to have the list of all failing values encountered during the run
@qbs-autonaim/api:test:       at buildError (C:\Projects\kwork\selectio\node_modules\fast-check\lib\check\runner\utils\RunDetailsFormatter.js:156:19)
@qbs-autonaim/api:test:       at asyncThrowIfFailed (C:\Projects\kwork\selectio\node_modules\fast-check\lib\check\runner\utils\RunDetailsFormatter.js:170:11)
@qbs-autonaim/api:test: 
@qbs-autonaim/api:test: 37 |  * - headers: HTTP ╨╖╨░╨│╨╛╨╗╨╛╨▓╨║╨╕ ╨╖╨░╨┐╤А╨╛╤Б╨░
@qbs-autonaim/api:test: 38 |  *
@qbs-autonaim/api:test: 39 |  * @see Requirements 1.1, 1.4
@qbs-autonaim/api:test: 40 |  */
@qbs-autonaim/api:test: 41 | export const createContext = async (opts: { headers: Headers; auth: Auth }) => {
@qbs-autonaim/api:test: 42 |   const session = await opts.auth.api.getSession({
@qbs-autonaim/api:test:                                   ^
@qbs-autonaim/api:test: TypeError: null is not an object (evaluating 'opts.auth.api')
@qbs-autonaim/api:test:       at <anonymous> (C:\Projects\kwork\selectio\packages\api\src\orpc.ts:42:30)
@qbs-autonaim/api:test:       at <anonymous> (C:\Projects\kwork\selectio\packages\api\src\orpc.property.test.ts:252:30)
@qbs-autonaim/api:test:       at run (C:\Projects\kwork\selectio\node_modules\fast-check\lib\check\property\AsyncProperty.generic.js:43:39)
@qbs-autonaim/api:test:       at asyncRunIt (C:\Projects\kwork\selectio\node_modules\fast-check\lib\check\runner\Runner.js:24:36)
@qbs-autonaim/api:test: (fail) Property 1: ╨Ъ╨╛╨╜╤В╨╡╨║╤Б╤В ╤Б╨╛╨┤╨╡╤А╨╢╨╕╤В ╨▓╤Б╨╡ ╨╜╨╡╨╛╨▒╤Е╨╛╨┤╨╕╨╝╤Л╨╡ ╨╖╨░╨▓╨╕╤Б╨╕╨╝╨╛╤Б╤В╨╕ > ╨┤╨╛╨╗╨╢╨╡╨╜ ╤Б╨╛╤Е╤А╨░╨╜╤П╤В╤М ╨▓╤Б╨╡ headers ╨▒╨╡╨╖ ╨╕╨╖╨╝╨╡╨╜╨╡╨╜╨╕╨╣ [16.00ms]
@qbs-autonaim/recruitment-assistant-extension:test: (pass) Property-based ╤В╨╡╤Б╤В╤Л ╨┤╨╗╤П ApiClient > Property 10: ╨╕╨╝╨┐╨╛╤А╤В ╨┤╨╛╨╗╨╢╨╡╨╜ ╤А╨░╨╖╨┤╨╡╨╗╤П╤В╤М ╨┐╨╛╨╗╨╜╨╛╨╡ ╨╕╨╝╤П ╨╜╨░ firstName ╨╕ lastName [109.00ms]
@qbs-autonaim/recruitment-assistant-extension:test: (pass) ╨Ю╨▒╤А╨░╨▒╨╛╤В╨║╨░ ╨╛╤И╨╕╨▒╨╛╨║ API > ╨б╨╡╤В╨╡╨▓╤Л╨╡ ╨╛╤И╨╕╨▒╨║╨╕ > ╨┤╨╛╨╗╨╢╨╡╨╜ ╨▓╤Л╨▒╤А╨╛╤Б╨╕╤В╤М ╨╛╤И╨╕╨▒╨║╤Г ╨┐╤А╨╕ ╤Б╨▒╨╛╨╡ ╤Б╨╡╤В╨╕ ╨▓╨╛ ╨▓╤А╨╡╨╝╤П ╨╕╨╝╨┐╨╛╤А╤В╨░ [47.00ms]
@qbs-autonaim/recruitment-assistant-extension:test: (pass) ╨Ю╨▒╤А╨░╨▒╨╛╤В╨║╨░ ╨╛╤И╨╕╨▒╨╛╨║ API > ╨б╨╡╤В╨╡╨▓╤Л╨╡ ╨╛╤И╨╕╨▒╨║╨╕ > ╨┤╨╛╨╗╨╢╨╡╨╜ ╨▓╤Л╨▒╤А╨╛╤Б╨╕╤В╤М ╨╛╤И╨╕╨▒╨║╤Г ╨┐╤А╨╕ ╤В╨░╨╣╨╝╨░╤Г╤В╨╡ ╨╖╨░╨┐╤А╨╛╤Б╨░
@qbs-autonaim/recruitment-assistant-extension:test: (pass) ╨Ю╨▒╤А╨░╨▒╨╛╤В╨║╨░ ╨╛╤И╨╕╨▒╨╛╨║ API > ╨б╨╡╤В╨╡╨▓╤Л╨╡ ╨╛╤И╨╕╨▒╨║╨╕ > ╨┤╨╛╨╗╨╢╨╡╨╜ ╨╛╨▒╤А╨░╨▒╨╛╤В╨░╤В╤М ╨╛╤И╨╕╨▒╨║╤Г DNS
@qbs-autonaim/recruitment-assistant-extension:test: (pass) ╨Ю╨▒╤А╨░╨▒╨╛╤В╨║╨░ ╨╛╤И╨╕╨▒╨╛╨║ API > ╨Ю╤И╨╕╨▒╨║╨╕ ╨░╤Г╤В╨╡╨╜╤В╨╕╤Д╨╕╨║╨░╤Ж╨╕╨╕ > ╨┤╨╛╨╗╨╢╨╡╨╜ ╨╛╨▒╤А╨░╨▒╨╛╤В╨░╤В╤М ╨╛╤И╨╕╨▒╨║╤Г 401 ╤Б ╨┐╨╛╨┤╤А╨╛╨▒╨╜╤Л╨╝ ╤Б╨╛╨╛╨▒╤Й╨╡╨╜╨╕╨╡╨╝ [16.00ms]
@qbs-autonaim/recruitment-assistant-extension:test: (pass) ╨Ю╨▒╤А╨░╨▒╨╛╤В╨║╨░ ╨╛╤И╨╕╨▒╨╛╨║ API > ╨Ю╤И╨╕╨▒╨║╨╕ ╨░╤Г╤В╨╡╨╜╤В╨╕╤Д╨╕╨║╨░╤Ж╨╕╨╕ > ╨┤╨╛╨╗╨╢╨╡╨╜ ╨╛╨▒╤А╨░╨▒╨╛╤В╨░╤В╤М ╨╛╤И╨╕╨▒╨║╤Г 403 ╤Б ╨┐╨╛╨┤╤А╨╛╨▒╨╜╤Л╨╝ ╤Б╨╛╨╛╨▒╤Й╨╡╨╜╨╕╨╡╨╝
@qbs-autonaim/recruitment-assistant-extension:test: (pass) ╨Ю╨▒╤А╨░╨▒╨╛╤В╨║╨░ ╨╛╤И╨╕╨▒╨╛╨║ API > ╨Ю╤И╨╕╨▒╨║╨╕ ╨░╤Г╤В╨╡╨╜╤В╨╕╤Д╨╕╨║╨░╤Ж╨╕╨╕ > ╨┤╨╛╨╗╨╢╨╡╨╜ ╨╛╨▒╤А╨░╨▒╨╛╤В╨░╤В╤М ╨╕╤Б╤В╨╡╨║╤И╨╕╨╣ ╤В╨╛╨║╨╡╨╜
@qbs-autonaim/recruitment-assistant-extension:test: (pass) ╨Ю╨▒╤А╨░╨▒╨╛╤В╨║╨░ ╨╛╤И╨╕╨▒╨╛╨║ API > ╨Ю╤И╨╕╨▒╨║╨╕ ╨▓╨░╨╗╨╕╨┤╨░╤Ж╨╕╨╕ ╨┤╨░╨╜╨╜╤Л╤Е > ╨┤╨╛╨╗╨╢╨╡╨╜ ╨╛╨▒╤А╨░╨▒╨╛╤В╨░╤В╤М ╨╛╤И╨╕╨▒╨║╤Г 400 (╨╜╨╡╨▓╨╡╤А╨╜╤Л╨╡ ╨┤╨░╨╜╨╜╤Л╨╡)
@qbs-autonaim/recruitment-assistant-extension:test: (pass) ╨Ю╨▒╤А╨░╨▒╨╛╤В╨║╨░ ╨╛╤И╨╕╨▒╨╛╨║ API > ╨Ю╤И╨╕╨▒╨║╨╕ ╨▓╨░╨╗╨╕╨┤╨░╤Ж╨╕╨╕ ╨┤╨░╨╜╨╜╤Л╤Е > ╨┤╨╛╨╗╨╢╨╡╨╜ ╨╛╨▒╤А╨░╨▒╨╛╤В╨░╤В╤М ╨╛╤И╨╕╨▒╨║╤Г 422 (╨╜╨╡╨▓╨░╨╗╨╕╨┤╨╜╤Л╨╡ ╨┤╨░╨╜╨╜╤Л╨╡)
@qbs-autonaim/recruitment-assistant-extension:test: (pass) ╨Ю╨▒╤А╨░╨▒╨╛╤В╨║╨░ ╨╛╤И╨╕╨▒╨╛╨║ API > ╨Ю╤И╨╕╨▒╨║╨╕ ╤Б╨╡╤А╨▓╨╡╤А╨░ > ╨┤╨╛╨╗╨╢╨╡╨╜ ╨╛╨▒╤А╨░╨▒╨╛╤В╨░╤В╤М ╨╛╤И╨╕╨▒╨║╤Г 500 (╨▓╨╜╤Г╤В╤А╨╡╨╜╨╜╤П╤П ╨╛╤И╨╕╨▒╨║╨░ ╤Б╨╡╤А╨▓╨╡╤А╨░)
@qbs-autonaim/recruitment-assistant-extension:test: (pass) ╨Ю╨▒╤А╨░╨▒╨╛╤В╨║╨░ ╨╛╤И╨╕╨▒╨╛╨║ API > ╨Ю╤И╨╕╨▒╨║╨╕ ╤Б╨╡╤А╨▓╨╡╤А╨░ > ╨┤╨╛╨╗╨╢╨╡╨╜ ╨╛╨▒╤А╨░╨▒╨╛╤В╨░╤В╤М ╨╛╤И╨╕╨▒╨║╤Г 502 (Bad Gateway)
@qbs-autonaim/recruitment-assistant-extension:test: (pass) ╨Ю╨▒╤А╨░╨▒╨╛╤В╨║╨░ ╨╛╤И╨╕╨▒╨╛╨║ API > ╨Ю╤И╨╕╨▒╨║╨╕ ╤Б╨╡╤А╨▓╨╡╤А╨░ > ╨┤╨╛╨╗╨╢╨╡╨╜ ╨╛╨▒╤А╨░╨▒╨╛╤В╨░╤В╤М ╨╛╤И╨╕╨▒╨║╤Г 503 (Service Unavailable)
@qbs-autonaim/recruitment-assistant-extension:test: (pass) ╨Ю╨▒╤А╨░╨▒╨╛╤В╨║╨░ ╨╛╤И╨╕╨▒╨╛╨║ API > ╨Ю╤И╨╕╨▒╨║╨╕ ╤Б╨╡╤А╨▓╨╡╤А╨░ > ╨┤╨╛╨╗╨╢╨╡╨╜ ╨╛╨▒╤А╨░╨▒╨╛╤В╨░╤В╤М ╨╛╤И╨╕╨▒╨║╤Г 504 (Gateway Timeout)
@qbs-autonaim/recruitment-assistant-extension:test: (pass) ╨Ю╨▒╤А╨░╨▒╨╛╤В╨║╨░ ╨╛╤И╨╕╨▒╨╛╨║ API > ╨Ю╤И╨╕╨▒╨║╨╕ ╨║╨╛╨╜╤Д╨╕╨│╤Г╤А╨░╤Ж╨╕╨╕ > ╨┤╨╛╨╗╨╢╨╡╨╜ ╨▓╤Л╨▒╤А╨╛╤Б╨╕╤В╤М ╨╛╤И╨╕╨▒╨║╤Г ╨┐╤А╨╕ ╨╛╤В╤Б╤Г╤В╤Б╤В╨▓╨╕╨╕ URL API
@qbs-autonaim/recruitment-assistant-extension:test: (pass) ╨Ю╨▒╤А╨░╨▒╨╛╤В╨║╨░ ╨╛╤И╨╕╨▒╨╛╨║ API > ╨Ю╤И╨╕╨▒╨║╨╕ ╨║╨╛╨╜╤Д╨╕╨│╤Г╤А╨░╤Ж╨╕╨╕ > ╨┤╨╛╨╗╨╢╨╡╨╜ ╨▓╤Л╨▒╤А╨╛╤Б╨╕╤В╤М ╨╛╤И╨╕╨▒╨║╤Г ╨┐╤А╨╕ ╨╛╤В╤Б╤Г╤В╤Б╤В╨▓╨╕╨╕ ╤В╨╛╨║╨╡╨╜╨░
@qbs-autonaim/recruitment-assistant-extension:test: (pass) ╨Ю╨▒╤А╨░╨▒╨╛╤В╨║╨░ ╨╛╤И╨╕╨▒╨╛╨║ API > ╨Ю╤И╨╕╨▒╨║╨╕ ╨║╨╛╨╜╤Д╨╕╨│╤Г╤А╨░╤Ж╨╕╨╕ > ╨┤╨╛╨╗╨╢╨╡╨╜ ╨▓╤Л╨▒╤А╨╛╤Б╨╕╤В╤М ╨╛╤И╨╕╨▒╨║╤Г ╨┐╤А╨╕ ╨╛╤В╤Б╤Г╤В╤Б╤В╨▓╨╕╨╕ ╨╛╨▒╨╛╨╕╤Е ╨┐╨░╤А╨░╨╝╨╡╤В╤А╨╛╨▓
@qbs-autonaim/recruitment-assistant-extension:test: (pass) ╨Ю╨▒╤А╨░╨▒╨╛╤В╨║╨░ ╨╛╤И╨╕╨▒╨╛╨║ API > ╨Ю╨▒╤А╨░╨▒╨╛╤В╨║╨░ ╨╜╨╡╨║╨╛╤А╤А╨╡╨║╤В╨╜╤Л╤Е ╨╛╤В╨▓╨╡╤В╨╛╨▓ > ╨┤╨╛╨╗╨╢╨╡╨╜ ╨╛╨▒╤А╨░╨▒╨╛╤В╨░╤В╤М ╨┐╤Г╤Б╤В╨╛╨╣ ╨╛╤В╨▓╨╡╤В ╨╛╤В ╤Б╨╡╤А╨▓╨╡╤А╨░
@qbs-autonaim/recruitment-assistant-extension:test: (pass) ╨Ю╨▒╤А╨░╨▒╨╛╤В╨║╨░ ╨╛╤И╨╕╨▒╨╛╨║ API > ╨Ю╨▒╤А╨░╨▒╨╛╤В╨║╨░ ╨╜╨╡╨║╨╛╤А╤А╨╡╨║╤В╨╜╤Л╤Е ╨╛╤В╨▓╨╡╤В╨╛╨▓ > ╨┤╨╛╨╗╨╢╨╡╨╜ ╨╛╨▒╤А╨░╨▒╨╛╤В╨░╤В╤М ╨╜╨╡╨▓╨░╨╗╨╕╨┤╨╜╤Л╨╣ JSON ╨▓ ╨╛╤В╨▓╨╡╤В╨╡
@qbs-autonaim/recruitment-assistant-extension:test: (pass) ╨Ю╨▒╤А╨░╨▒╨╛╤В╨║╨░ ╨╛╤И╨╕╨▒╨╛╨║ API > ╨Ю╨▒╤А╨░╨▒╨╛╤В╨║╨░ ╨╜╨╡╨║╨╛╤А╤А╨╡╨║╤В╨╜╤Л╤Е ╨╛╤В╨▓╨╡╤В╨╛╨▓ > ╨┤╨╛╨╗╨╢╨╡╨╜ ╨╕╤Б╨┐╨╛╨╗╤М╨╖╨╛╨▓╨░╤В╤М statusText ╨╡╤Б╨╗╨╕ message ╨╛╤В╤Б╤Г╤В╤Б╤В╨▓╤Г╨╡╤В
@qbs-autonaim/recruitment-assistant-extension:test: (pass) ╨Ю╨▒╤А╨░╨▒╨╛╤В╨║╨░ ╨╛╤И╨╕╨▒╨╛╨║ API > testConnection - ╨╛╨▒╤А╨░╨▒╨╛╤В╨║╨░ ╨╛╤И╨╕╨▒╨╛╨║ > ╨┤╨╛╨╗╨╢╨╡╨╜ ╨▓╨╡╤А╨╜╤Г╤В╤М false ╨┐╤А╨╕ ╨╛╤И╨╕╨▒╨║╨╡ 401
@qbs-autonaim/recruitment-assistant-extension:test: (pass) ╨Ю╨▒╤А╨░╨▒╨╛╤В╨║╨░ ╨╛╤И╨╕╨▒╨╛╨║ API > testConnection - ╨╛╨▒╤А╨░╨▒╨╛╤В╨║╨░ ╨╛╤И╨╕╨▒╨╛╨║ > ╨┤╨╛╨╗╨╢╨╡╨╜ ╨▓╨╡╤А╨╜╤Г╤В╤М false ╨┐╤А╨╕ ╨╛╤И╨╕╨▒╨║╨╡ 403
@qbs-autonaim/recruitment-assistant-extension:test: (pass) ╨Ю╨▒╤А╨░╨▒╨╛╤В╨║╨░ ╨╛╤И╨╕╨▒╨╛╨║ API > testConnection - ╨╛╨▒╤А╨░╨▒╨╛╤В╨║╨░ ╨╛╤И╨╕╨▒╨╛╨║ > ╨┤╨╛╨╗╨╢╨╡╨╜ ╨▓╨╡╤А╨╜╤Г╤В╤М false ╨┐╤А╨╕ ╨╛╤И╨╕╨▒╨║╨╡ 500
@qbs-autonaim/recruitment-assistant-extension:test: (pass) ╨Ю╨▒╤А╨░╨▒╨╛╤В╨║╨░ ╨╛╤И╨╕╨▒╨╛╨║ API > testConnection - ╨╛╨▒╤А╨░╨▒╨╛╤В╨║╨░ ╨╛╤И╨╕╨▒╨╛╨║ > ╨┤╨╛╨╗╨╢╨╡╨╜ ╨▓╨╡╤А╨╜╤Г╤В╤М false ╨┐╤А╨╕ ╤Б╨╡╤В╨╡╨▓╨╛╨╣ ╨╛╤И╨╕╨▒╨║╨╡
@qbs-autonaim/recruitment-assistant-extension:test: (pass) ╨Ю╨▒╤А╨░╨▒╨╛╤В╨║╨░ ╨╛╤И╨╕╨▒╨╛╨║ API > testConnection - ╨╛╨▒╤А╨░╨▒╨╛╤В╨║╨░ ╨╛╤И╨╕╨▒╨╛╨║ > ╨┤╨╛╨╗╨╢╨╡╨╜ ╨▓╨╡╤А╨╜╤Г╤В╤М false ╨┐╤А╨╕ ╤В╨░╨╣╨╝╨░╤Г╤В╨╡
@qbs-autonaim/recruitment-assistant-extension:test: (pass) ╨Ю╨▒╤А╨░╨▒╨╛╤В╨║╨░ ╨╛╤И╨╕╨▒╨╛╨║ API > testConnection - ╨╛╨▒╤А╨░╨▒╨╛╤В╨║╨░ ╨╛╤И╨╕╨▒╨╛╨║ > ╨┤╨╛╨╗╨╢╨╡╨╜ ╨▓╨╡╤А╨╜╤Г╤В╤М true ╤В╨╛╨╗╤М╨║╨╛ ╨┐╤А╨╕ ╤Г╤Б╨┐╨╡╤И╨╜╨╛╨╝ ╨╛╤В╨▓╨╡╤В╨╡ (200-299)
@qbs-autonaim/recruitment-assistant-extension:test: 
@qbs-autonaim/recruitment-assistant-extension:test: src\core\auth-integration.test.ts:
@qbs-autonaim/recruitment-assistant-extension:test: (pass) ╨Ш╨╜╤В╨╡╨│╤А╨░╤Ж╨╕╤П ╨░╨▓╤В╨╛╤А╨╕╨╖╨░╤Ж╨╕╨╕ > ╨┐╨╛╨╗╨╜╤Л╨╣ ╤Ж╨╕╨║╨╗ ╨░╨▓╤В╨╛╤А╨╕╨╖╨░╤Ж╨╕╨╕ > ╨┤╨╛╨╗╨╢╨╡╨╜ ╨▓╤Л╨┐╨╛╨╗╨╜╨╕╤В╤М ╤Ж╨╕╨║╨╗: ╨▓╤Е╨╛╨┤ ╤З╨╡╤А╨╡╨╖ ╤Б╨░╨╣╤В (callback) тЖТ ╨┐╤А╨╛╨▓╨╡╤А╨║╨░ тЖТ ╨▓╤Л╤Е╨╛╨┤
@qbs-autonaim/recruitment-assistant-extension:test: (pass) ╨Ш╨╜╤В╨╡╨│╤А╨░╤Ж╨╕╤П ╨░╨▓╤В╨╛╤А╨╕╨╖╨░╤Ж╨╕╨╕ > ╨┐╨╛╨╗╨╜╤Л╨╣ ╤Ж╨╕╨║╨╗ ╨░╨▓╤В╨╛╤А╨╕╨╖╨░╤Ж╨╕╨╕ > ╨┤╨╛╨╗╨╢╨╡╨╜ ╨║╨╛╤А╤А╨╡╨║╤В╨╜╨╛ ╨╛╨▒╤А╨░╨▒╨╛╤В╨░╤В╤М ╨╕╤Б╤В╨╡╨║╤И╨╕╨╣ ╤В╨╛╨║╨╡╨╜
@qbs-autonaim/recruitment-assistant-extension:test: (pass) ╨Ш╨╜╤В╨╡╨│╤А╨░╤Ж╨╕╤П ╨░╨▓╤В╨╛╤А╨╕╨╖╨░╤Ж╨╕╨╕ > ╨▓╨╖╨░╨╕╨╝╨╛╨┤╨╡╨╣╤Б╤В╨▓╨╕╨╡ ╤Б ╤Е╤А╨░╨╜╨╕╨╗╨╕╤Й╨╡╨╝ > ╨┤╨╛╨╗╨╢╨╡╨╜ ╤Г╨┤╨░╨╗╨╕╤В╤М ╤В╨╛╨║╨╡╨╜ ╨╕ ╨┤╨░╨╜╨╜╤Л╨╡ ╨┐╨╛╨╗╤М╨╖╨╛╨▓╨░╤В╨╡╨╗╤П ╨┐╤А╨╕ ╨▓╤Л╤Е╨╛╨┤╨╡
@qbs-autonaim/recruitment-assistant-extension:test: (pass) ╨Ш╨╜╤В╨╡╨│╤А╨░╤Ж╨╕╤П ╨░╨▓╤В╨╛╤А╨╕╨╖╨░╤Ж╨╕╨╕ > ╨▓╨╖╨░╨╕╨╝╨╛╨┤╨╡╨╣╤Б╤В╨▓╨╕╨╡ ╤Б ╤Е╤А╨░╨╜╨╕╨╗╨╕╤Й╨╡╨╝ > ╨┤╨╛╨╗╨╢╨╡╨╜ ╨║╨╛╤А╤А╨╡╨║╤В╨╜╨╛ ╤З╨╕╤В╨░╤В╤М ╨┤╨░╨╜╨╜╤Л╨╡ ╨╕╨╖ ╤Е╤А╨░╨╜╨╕╨╗╨╕╤Й╨░
@qbs-autonaim/recruitment-assistant-extension:test: (pass) ╨Ш╨╜╤В╨╡╨│╤А╨░╤Ж╨╕╤П ╨░╨▓╤В╨╛╤А╨╕╨╖╨░╤Ж╨╕╨╕ > ╨▓╨░╨╗╨╕╨┤╨░╤Ж╨╕╤П ╤В╨╛╨║╨╡╨╜╨░ > ╨┤╨╛╨╗╨╢╨╡╨╜ ╨╛╤В╨┐╤А╨░╨▓╨╕╤В╤М ╨┐╤А╨░╨▓╨╕╨╗╤М╨╜╤Л╨╣ ╨╖╨░╨│╨╛╨╗╨╛╨▓╨╛╨║ Authorization ╨┐╤А╨╕ ╨▓╨░╨╗╨╕╨┤╨░╤Ж╨╕╨╕
@qbs-autonaim/recruitment-assistant-extension:test: (pass) ╨Ш╨╜╤В╨╡╨│╤А╨░╤Ж╨╕╤П ╨░╨▓╤В╨╛╤А╨╕╨╖╨░╤Ж╨╕╨╕ > ╨▓╨░╨╗╨╕╨┤╨░╤Ж╨╕╤П ╤В╨╛╨║╨╡╨╜╨░ > ╨┤╨╛╨╗╨╢╨╡╨╜ ╨▓╨╡╤А╨╜╤Г╤В╤М false ╨╡╤Б╨╗╨╕ ╤В╨╛╨║╨╡╨╜ ╨╛╤В╤Б╤Г╤В╤Б╤В╨▓╤Г╨╡╤В [16.00ms]
@qbs-autonaim/recruitment-assistant-extension:test: (pass) ╨Ш╨╜╤В╨╡╨│╤А╨░╤Ж╨╕╤П ╨░╨▓╤В╨╛╤А╨╕╨╖╨░╤Ж╨╕╨╕ > ╨▓╨░╨╗╨╕╨┤╨░╤Ж╨╕╤П ╤В╨╛╨║╨╡╨╜╨░ > ╨┤╨╛╨╗╨╢╨╡╨╜ ╨▓╨╡╤А╨╜╤Г╤В╤М true ╨┤╨╗╤П ╨▓╨░╨╗╨╕╨┤╨╜╨╛╨│╨╛ ╤В╨╛╨║╨╡╨╜╨░
@qbs-autonaim/recruitment-assistant-extension:test: (pass) ╨Ш╨╜╤В╨╡╨│╤А╨░╤Ж╨╕╤П ╨░╨▓╤В╨╛╤А╨╕╨╖╨░╤Ж╨╕╨╕ > ╨▓╨░╨╗╨╕╨┤╨░╤Ж╨╕╤П ╤В╨╛╨║╨╡╨╜╨░ > ╨┤╨╛╨╗╨╢╨╡╨╜ ╨▓╨╡╤А╨╜╤Г╤В╤М false ╨┤╨╗╤П ╨╜╨╡╨▓╨░╨╗╨╕╨┤╨╜╨╛╨│╨╛ ╤В╨╛╨║╨╡╨╜╨░
@qbs-autonaim/recruitment-assistant-extension:test: 
@qbs-autonaim/recruitment-assistant-extension:test: src\core\auth-service.test.ts:
@qbs-autonaim/recruitment-assistant-extension:test: (pass) AuthService > logout > ╨┤╨╛╨╗╨╢╨╡╨╜ ╤Г╨┤╨░╨╗╨╕╤В╤М ╤В╨╛╨║╨╡╨╜ ╨╕ ╨┤╨░╨╜╨╜╤Л╨╡ ╨┐╨╛╨╗╤М╨╖╨╛╨▓╨░╤В╨╡╨╗╤П ╨╕╨╖ ╤Е╤А╨░╨╜╨╕╨╗╨╕╤Й╨░
@qbs-autonaim/recruitment-assistant-extension:test: (pass) AuthService > isAuthenticated > ╨┤╨╛╨╗╨╢╨╡╨╜ ╨▓╨╡╤А╨╜╤Г╤В╤М true ╨╡╤Б╨╗╨╕ ╤В╨╛╨║╨╡╨╜ ╤Б╤Г╤Й╨╡╤Б╤В╨▓╤Г╨╡╤В
@qbs-autonaim/recruitment-assistant-extension:test: (pass) AuthService > isAuthenticated > ╨┤╨╛╨╗╨╢╨╡╨╜ ╨▓╨╡╤А╨╜╤Г╤В╤М false ╨╡╤Б╨╗╨╕ ╤В╨╛╨║╨╡╨╜ ╨╛╤В╤Б╤Г╤В╤Б╤В╨▓╤Г╨╡╤В
@qbs-autonaim/recruitment-assistant-extension:test: (pass) AuthService > getToken > ╨┤╨╛╨╗╨╢╨╡╨╜ ╨▓╨╡╤А╨╜╤Г╤В╤М ╤В╨╛╨║╨╡╨╜ ╨╡╤Б╨╗╨╕ ╨╛╨╜ ╤Б╤Г╤Й╨╡╤Б╤В╨▓╤Г╨╡╤В
@qbs-autonaim/recruitment-assistant-extension:test: (pass) AuthService > getToken > ╨┤╨╛╨╗╨╢╨╡╨╜ ╨▓╨╡╤А╨╜╤Г╤В╤М null ╨╡╤Б╨╗╨╕ ╤В╨╛╨║╨╡╨╜ ╨╛╤В╤Б╤Г╤В╤Б╤В╨▓╤Г╨╡╤В
@qbs-autonaim/recruitment-assistant-extension:test: (pass) AuthService > getUserData > ╨┤╨╛╨╗╨╢╨╡╨╜ ╨▓╨╡╤А╨╜╤Г╤В╤М ╨┤╨░╨╜╨╜╤Л╨╡ ╨┐╨╛╨╗╤М╨╖╨╛╨▓╨░╤В╨╡╨╗╤П ╨╡╤Б╨╗╨╕ ╨╛╨╜╨╕ ╤Б╤Г╤Й╨╡╤Б╤В╨▓╤Г╤О╤В
@qbs-autonaim/recruitment-assistant-extension:test: (pass) AuthService > getUserData > ╨┤╨╛╨╗╨╢╨╡╨╜ ╨▓╨╡╤А╨╜╤Г╤В╤М null ╨╡╤Б╨╗╨╕ ╨┤╨░╨╜╨╜╤Л╨╡ ╨┐╨╛╨╗╤М╨╖╨╛╨▓╨░╤В╨╡╨╗╤П ╨╛╤В╤Б╤Г╤В╤Б╤В╨▓╤Г╤О╤В
@qbs-autonaim/recruitment-assistant-extension:test: (pass) AuthService > validateToken > ╨┤╨╛╨╗╨╢╨╡╨╜ ╨▓╨╡╤А╨╜╤Г╤В╤М true ╨┤╨╗╤П ╨▓╨░╨╗╨╕╨┤╨╜╨╛╨│╨╛ ╤В╨╛╨║╨╡╨╜╨░
@qbs-autonaim/recruitment-assistant-extension:test: (pass) AuthService > validateToken > ╨┤╨╛╨╗╨╢╨╡╨╜ ╨▓╨╡╤А╨╜╤Г╤В╤М false ╨┤╨╗╤П ╨╜╨╡╨▓╨░╨╗╨╕╨┤╨╜╨╛╨│╨╛ ╤В╨╛╨║╨╡╨╜╨░
@qbs-autonaim/recruitment-assistant-extension:test: (pass) AuthService > validateToken > ╨┤╨╛╨╗╨╢╨╡╨╜ ╨▓╨╡╤А╨╜╤Г╤В╤М false ╨╡╤Б╨╗╨╕ ╤В╨╛╨║╨╡╨╜ ╨╛╤В╤Б╤Г╤В╤Б╤В╨▓╤Г╨╡╤В
@qbs-autonaim/recruitment-assistant-extension:test: (pass) AuthService > validateToken > ╨┤╨╛╨╗╨╢╨╡╨╜ ╨▓╨╡╤А╨╜╤Г╤В╤М false ╨┐╤А╨╕ ╤Б╨╡╤В╨╡╨▓╨╛╨╣ ╨╛╤И╨╕╨▒╨║╨╡
@qbs-autonaim/recruitment-assistant-extension:test: 
@qbs-autonaim/recruitment-assistant-extension:test: src\core\data-extractor.test.ts:
@qbs-autonaim/app:test: (pass) Property 18: Query keys ╨│╨╡╨╜╨╡╤А╨╕╤А╤Г╤О╤В╤Б╤П ╨║╨╛╤А╤А╨╡╨║╤В╨╜╨╛ > ╨┤╨╛╨╗╨╢╨╡╨╜ ╨│╨╡╨╜╨╡╤А╨╕╤А╨╛╨▓╨░╤В╤М ╤Г╨╜╨╕╨║╨░╨╗╤М╨╜╤Л╨╡ query keys ╨┤╨╗╤П ╤А╨░╨╖╨╗╨╕╤З╨╜╤Л╤Е ╨┐╤А╨╛╤Ж╨╡╨┤╤Г╤А [31.00ms]
@qbs-autonaim/recruitment-assistant-extension:test: (pass) DataExtractor > detectPlatform > ╨┤╨╛╨╗╨╢╨╡╨╜ ╨▓╨╡╤А╨╜╤Г╤В╤М LinkedIn ╨░╨┤╨░╨┐╤В╨╡╤А ╨┤╨╗╤П ╤Б╤В╤А╨░╨╜╨╕╤Ж╤Л ╨┐╤А╨╛╤Д╨╕╨╗╤П LinkedIn
@qbs-autonaim/recruitment-assistant-extension:test: (pass) DataExtractor > detectPlatform > ╨┤╨╛╨╗╨╢╨╡╨╜ ╨▓╨╡╤А╨╜╤Г╤В╤М HeadHunter ╨░╨┤╨░╨┐╤В╨╡╤А ╨┤╨╗╤П ╤Б╤В╤А╨░╨╜╨╕╤Ж╤Л ╤А╨╡╨╖╤О╨╝╨╡ HeadHunter
@qbs-autonaim/recruitment-assistant-extension:test: (pass) DataExtractor > detectPlatform > ╨┤╨╛╨╗╨╢╨╡╨╜ ╨▓╨╡╤А╨╜╤Г╤В╤М null ╨┤╨╗╤П ╨╜╨╡╨┐╨╛╨┤╨┤╨╡╤А╨╢╨╕╨▓╨░╨╡╨╝╨╛╨╣ ╨┐╨╗╨░╤В╤Д╨╛╤А╨╝╤Л
@qbs-autonaim/recruitment-assistant-extension:test: (pass) DataExtractor > detectPlatform > ╨┤╨╛╨╗╨╢╨╡╨╜ ╨▓╨╡╤А╨╜╤Г╤В╤М null ╨┤╨╗╤П ╤Б╤В╤А╨░╨╜╨╕╤Ж╤Л, ╨╜╨╡ ╤П╨▓╨╗╤П╤О╤Й╨╡╨╣╤Б╤П ╨┐╤А╨╛╤Д╨╕╨╗╨╡╨╝
@qbs-autonaim/recruitment-assistant-extension:test: (pass) DataExtractor > extract > ╨┤╨╛╨╗╨╢╨╡╨╜ ╤Г╤Б╨┐╨╡╤И╨╜╨╛ ╨╕╨╖╨▓╨╗╨╡╤З╤М ╨┤╨░╨╜╨╜╤Л╨╡ ╤Б LinkedIn ╨┐╤А╨╛╤Д╨╕╨╗╤П [16.00ms]
@qbs-autonaim/app:test: (pass) Property 18: Query keys ╨│╨╡╨╜╨╡╤А╨╕╤А╤Г╤О╤В╤Б╤П ╨║╨╛╤А╤А╨╡╨║╤В╨╜╨╛ > ╨┤╨╛╨╗╨╢╨╡╨╜ ╨│╨╡╨╜╨╡╤А╨╕╤А╨╛╨▓╨░╤В╤М ╤А╨░╨╖╨╗╨╕╤З╨╜╤Л╨╡ query keys ╨┤╨╗╤П ╨╛╨┤╨╜╨╛╨╣ ╨┐╤А╨╛╤Ж╨╡╨┤╤Г╤А╤Л ╤Б ╤А╨░╨╖╨╜╤Л╨╝╨╕ ╨┐╨░╤А╨░╨╝╨╡╤В╤А╨░╨╝╨╕ [31.00ms]
@qbs-autonaim/recruitment-assistant-extension:test: (pass) DataExtractor > extract > ╨┤╨╛╨╗╨╢╨╡╨╜ ╤Г╤Б╨┐╨╡╤И╨╜╨╛ ╨╕╨╖╨▓╨╗╨╡╤З╤М ╨┤╨░╨╜╨╜╤Л╨╡ ╤Б HeadHunter ╨┐╤А╨╛╤Д╨╕╨╗╤П [15.00ms]
@qbs-autonaim/recruitment-assistant-extension:test: (pass) DataExtractor > extract > ╨┤╨╛╨╗╨╢╨╡╨╜ ╨▓╤Л╨▒╤А╨╛╤Б╨╕╤В╤М ╨╛╤И╨╕╨▒╨║╤Г ╨┤╨╗╤П ╨╜╨╡╨┐╨╛╨┤╨┤╨╡╤А╨╢╨╕╨▓╨░╨╡╨╝╨╛╨╣ ╨┐╨╗╨░╤В╤Д╨╛╤А╨╝╤Л
@qbs-autonaim/recruitment-assistant-extension:test: ╨Ю╤И╨╕╨▒╨║╨░ ╨┐╤А╨╕ ╨╕╨╖╨▓╨╗╨╡╤З╨╡╨╜╨╕╨╕ ╨┤╨░╨╜╨╜╤Л╤Е: 194 | 
@qbs-autonaim/recruitment-assistant-extension:test: 195 |       // ╨Ь╨╛╨║╨░╨╡╨╝ ╨╝╨╡╤В╨╛╨┤ extractAll, ╤З╤В╨╛╨▒╤Л ╨╛╨╜ ╨▓╤Л╨▒╤А╨╛╤Б╨╕╨╗ ╨╛╤И╨╕╨▒╨║╤Г
@qbs-autonaim/recruitment-assistant-extension:test: 196 |       const adapter = extractor.detectPlatform();
@qbs-autonaim/recruitment-assistant-extension:test: 197 |       if (adapter) {
@qbs-autonaim/recruitment-assistant-extension:test: 198 |         vi.spyOn(adapter, "extractAll").mockImplementation(() => {
@qbs-autonaim/recruitment-assistant-extension:test: 199 |           throw new Error("DOM parsing error");
@qbs-autonaim/recruitment-assistant-extension:test:                           ^
@qbs-autonaim/recruitment-assistant-extension:test: error: DOM parsing error
@qbs-autonaim/recruitment-assistant-extension:test:       at <anonymous> (C:\Projects\kwork\selectio\apps\recruitment-assistant-extension\src\core\data-extractor.test.ts:199:21)
@qbs-autonaim/recruitment-assistant-extension:test:       at extract (C:\Projects\kwork\selectio\apps\recruitment-assistant-extension\src\core\data-extractor.ts:64:28)
@qbs-autonaim/recruitment-assistant-extension:test:       at <anonymous> (C:\Projects\kwork\selectio\apps\recruitment-assistant-extension\src\core\data-extractor.test.ts:204:30)
@qbs-autonaim/recruitment-assistant-extension:test: 
@qbs-autonaim/recruitment-assistant-extension:test: (pass) DataExtractor > extract > ╨┤╨╛╨╗╨╢╨╡╨╜ ╨▓╤Л╨▒╤А╨╛╤Б╨╕╤В╤М ╨╛╤И╨╕╨▒╨║╤Г ╨┐╤А╨╕ ╨╜╨╡╤Г╨┤╨░╤З╨╜╨╛╨╝ ╨╕╨╖╨▓╨╗╨╡╤З╨╡╨╜╨╕╨╕ ╨┤╨░╨╜╨╜╤Л╤Е
@qbs-autonaim/recruitment-assistant-extension:test: (pass) DataExtractor > extract > ╨┤╨╛╨╗╨╢╨╡╨╜ ╨▓╨╡╤А╨╜╤Г╤В╤М ╨┤╨░╨╜╨╜╤Л╨╡ ╤Б ╨║╨╛╤А╤А╨╡╨║╤В╨╜╨╛╨╣ ╤Б╤В╤А╤Г╨║╤В╤Г╤А╨╛╨╣
@qbs-autonaim/recruitment-assistant-extension:test: (pass) DataExtractor > extract > ╨┤╨╛╨╗╨╢╨╡╨╜ ╨╛╨▒╤А╨░╨▒╨░╤В╤Л╨▓╨░╤В╤М ╨┐╤Г╤Б╤В╤Л╨╡ ╤А╨░╨╖╨┤╨╡╨╗╤Л ╨┐╤А╨╛╤Д╨╕╨╗╤П
@qbs-autonaim/recruitment-assistant-extension:test: (pass) DataExtractor > constructor > ╨┤╨╛╨╗╨╢╨╡╨╜ ╨╕╨╜╨╕╤Ж╨╕╨░╨╗╨╕╨╖╨╕╤А╨╛╨▓╨░╤В╤М ╨░╨┤╨░╨┐╤В╨╡╤А╤Л ╨┤╨╗╤П ╨▓╤Б╨╡╤Е ╨┐╨╛╨┤╨┤╨╡╤А╨╢╨╕╨▓╨░╨╡╨╝╤Л╤Е ╨┐╨╗╨░╤В╤Д╨╛╤А╨╝
@qbs-autonaim/recruitment-assistant-extension:test: 
@qbs-autonaim/recruitment-assistant-extension:test: src\core\data-validator.property.test.ts:
@qbs-autonaim/app:test: (pass) Property 18: Query keys ╨│╨╡╨╜╨╡╤А╨╕╤А╤Г╤О╤В╤Б╤П ╨║╨╛╤А╤А╨╡╨║╤В╨╜╨╛ > ╨┤╨╛╨╗╨╢╨╡╨╜ ╨│╨╡╨╜╨╡╤А╨╕╤А╨╛╨▓╨░╤В╤М ╨╕╨┤╨╡╨╜╤В╨╕╤З╨╜╤Л╨╡ query keys ╨┤╨╗╤П ╨╛╨┤╨╕╨╜╨░╨║╨╛╨▓╤Л╤Е ╨┐╨░╤А╨░╨╝╨╡╤В╤А╨╛╨▓ [16.00ms]
@qbs-autonaim/app:test: (pass) Property 18: Query keys ╨│╨╡╨╜╨╡╤А╨╕╤А╤Г╤О╤В╤Б╤П ╨║╨╛╤А╤А╨╡╨║╤В╨╜╨╛ > ╨┤╨╛╨╗╨╢╨╡╨╜ ╨│╨╡╨╜╨╡╤А╨╕╤А╨╛╨▓╨░╤В╤М query keys ╨┤╨╗╤П ╨▓╨╗╨╛╨╢╨╡╨╜╨╜╤Л╤Е ╤А╨╛╤Г╤В╨╡╤А╨╛╨▓
@qbs-autonaim/app:test: (pass) Property 18: Query keys ╨│╨╡╨╜╨╡╤А╨╕╤А╤Г╤О╤В╤Б╤П ╨║╨╛╤А╤А╨╡╨║╤В╨╜╨╛ > ╨┤╨╛╨╗╨╢╨╡╨╜ ╨│╨╡╨╜╨╡╤А╨╕╤А╨╛╨▓╨░╤В╤М query keys ╨║╨╛╤В╨╛╤А╤Л╨╡ ╨╝╨╛╨╢╨╜╨╛ ╨╕╤Б╨┐╨╛╨╗╤М╨╖╨╛╨▓╨░╤В╤М ╨┤╨╗╤П ╨╕╨╜╨▓╨░╨╗╨╕╨┤╨░╤Ж╨╕╨╕ [31.00ms]
@qbs-autonaim/app:test: (pass) Property 18: Query keys ╨│╨╡╨╜╨╡╤А╨╕╤А╤Г╤О╤В╤Б╤П ╨║╨╛╤А╤А╨╡╨║╤В╨╜╨╛ > ╨┤╨╛╨╗╨╢╨╡╨╜ ╨│╨╡╨╜╨╡╤А╨╕╤А╨╛╨▓╨░╤В╤М query keys ╤Б ╨┐╤А╨░╨▓╨╕╨╗╤М╨╜╨╛╨╣ ╤Б╤В╤А╤Г╨║╤В╤Г╤А╨╛╨╣ ╨┤╨╗╤П ╤Д╨╕╨╗╤М╤В╤А╨░╤Ж╨╕╨╕ [16.00ms]
@qbs-autonaim/app:test: (pass) Property 22: ╨С╨░╤В╤З╨╕╨╜╨│ ╨╖╨░╨┐╤А╨╛╤Б╨╛╨▓ > ╨┤╨╛╨╗╨╢╨╡╨╜ ╨┐╨╛╨┤╨┤╨╡╤А╨╢╨╕╨▓╨░╤В╤М ╨║╨╛╨╜╤Д╨╕╨│╤Г╤А╨░╤Ж╨╕╤О ╨║╨╗╨╕╨╡╨╜╤В╨░ ╤Б transformer ╨┤╨╗╤П ╨▒╨░╤В╤З╨╕╨╜╨│╨░
@qbs-autonaim/app:test: (pass) Property 22: ╨С╨░╤В╤З╨╕╨╜╨│ ╨╖╨░╨┐╤А╨╛╤Б╨╛╨▓ > ╨┤╨╛╨╗╨╢╨╡╨╜ ╨║╨╛╤А╤А╨╡╨║╤В╨╜╨╛ ╨║╨╛╨╜╤Д╨╕╨│╤Г╤А╨╕╤А╨╛╨▓╨░╤В╤М SuperJSON transformer
@qbs-autonaim/app:test: (pass) Property 22: ╨С╨░╤В╤З╨╕╨╜╨│ ╨╖╨░╨┐╤А╨╛╤Б╨╛╨▓ > ╨┤╨╛╨╗╨╢╨╡╨╜ ╨┐╨╛╨┤╨┤╨╡╤А╨╢╨╕╨▓╨░╤В╤М ╤Б╨╛╨╖╨┤╨░╨╜╨╕╨╡ ╨║╨╗╨╕╨╡╨╜╤В╨░ ╤Б ╤А╨░╨╖╨╗╨╕╤З╨╜╤Л╨╝╨╕ baseURL [15.00ms]
@qbs-autonaim/app:test: 151 | function buildError(errorMessage, out) {
@qbs-autonaim/app:test: 152 |     if (out.runConfiguration.includeErrorInReport) {
@qbs-autonaim/app:test: 153 |         throw new Error(errorMessage);
@qbs-autonaim/app:test: 154 |     }
@qbs-autonaim/app:test: 155 |     const ErrorWithCause = Error;
@qbs-autonaim/app:test: 156 |     const error = new ErrorWithCause(errorMessage, { cause: out.errorInstance });
@qbs-autonaim/app:test:                         ^
@qbs-autonaim/app:test: error: Property failed after 92 tests
@qbs-autonaim/app:test: { seed: 1555105657, path: "91", endOnFailure: true }
@qbs-autonaim/app:test: Counterexample: [new Date(NaN)]
@qbs-autonaim/app:test: Shrunk 0 time(s)
@qbs-autonaim/app:test: 
@qbs-autonaim/app:test: Hint: Enable verbose mode in order to have the list of all failing values encountered during the run
@qbs-autonaim/app:test:       at buildError (C:\Projects\kwork\selectio\node_modules\fast-check\lib\check\runner\utils\RunDetailsFormatter.js:156:19)
@qbs-autonaim/app:test:       at asyncThrowIfFailed (C:\Projects\kwork\selectio\node_modules\fast-check\lib\check\runner\utils\RunDetailsFormatter.js:170:11)
@qbs-autonaim/app:test: 
@qbs-autonaim/app:test: 297 |         const serialized = SuperJSON.stringify(date);
@qbs-autonaim/app:test: 298 |         expect(typeof serialized).toBe("string");
@qbs-autonaim/app:test: 299 | 
@qbs-autonaim/app:test: 300 |         // ╨Ф╨╡╤Б╨╡╤А╨╕╨░╨╗╨╕╨╖╤Г╨╡╨╝
@qbs-autonaim/app:test: 301 |         const deserialized = SuperJSON.parse(serialized);
@qbs-autonaim/app:test: 302 |         expect(deserialized).toBeInstanceOf(Date);
@qbs-autonaim/app:test:                                    ^
@qbs-autonaim/app:test: error: expect(received).toBeInstanceOf(expected)
@qbs-autonaim/app:test: 
@qbs-autonaim/app:test: Expected constructor: [class Date]
@qbs-autonaim/app:test: Received value: null
@qbs-autonaim/app:test: 
@qbs-autonaim/app:test:       at <anonymous> (C:\Projects\kwork\selectio\apps\app\src\orpc\react.property.test.ts:302:30)
@qbs-autonaim/app:test:       at run (C:\Projects\kwork\selectio\node_modules\fast-check\lib\check\property\AsyncProperty.generic.js:43:39)
@qbs-autonaim/app:test:       at asyncRunIt (C:\Projects\kwork\selectio\node_modules\fast-check\lib\check\runner\Runner.js:24:36)
@qbs-autonaim/app:test: (fail) Property 23: SuperJSON ╤Б╨╡╤А╨╕╨░╨╗╨╕╨╖╨░╤Ж╨╕╤П > ╨┤╨╛╨╗╨╢╨╡╨╜ ╨║╨╛╤А╤А╨╡╨║╤В╨╜╨╛ ╤Б╨╡╤А╨╕╨░╨╗╨╕╨╖╨╛╨▓╨░╤В╤М ╨╕ ╨┤╨╡╤Б╨╡╤А╨╕╨░╨╗╨╕╨╖╨╛╨▓╨░╤В╤М Date ╨╛╨▒╤К╨╡╨║╤В╤Л [16.00ms]
@qbs-autonaim/app:test: (pass) Property 23: SuperJSON ╤Б╨╡╤А╨╕╨░╨╗╨╕╨╖╨░╤Ж╨╕╤П > ╨┤╨╛╨╗╨╢╨╡╨╜ ╨║╨╛╤А╤А╨╡╨║╤В╨╜╨╛ ╤Б╨╡╤А╨╕╨░╨╗╨╕╨╖╨╛╨▓╨░╤В╤М ╨╕ ╨┤╨╡╤Б╨╡╤А╨╕╨░╨╗╨╕╨╖╨╛╨▓╨░╤В╤М ╨╛╨▒╤К╨╡╨║╤В╤Л ╤Б Date ╨┐╨╛╨╗╤П╨╝╨╕ [31.00ms]
@qbs-autonaim/app:test: (pass) Property 23: SuperJSON ╤Б╨╡╤А╨╕╨░╨╗╨╕╨╖╨░╤Ж╨╕╤П > ╨┤╨╛╨╗╨╢╨╡╨╜ ╨║╨╛╤А╤А╨╡╨║╤В╨╜╨╛ ╤Б╨╡╤А╨╕╨░╨╗╨╕╨╖╨╛╨▓╨░╤В╤М ╨╕ ╨┤╨╡╤Б╨╡╤А╨╕╨░╨╗╨╕╨╖╨╛╨▓╨░╤В╤М Map ╨╛╨▒╤К╨╡╨║╤В╤Л [31.00ms]
@qbs-autonaim/app:test: (pass) Property 23: SuperJSON ╤Б╨╡╤А╨╕╨░╨╗╨╕╨╖╨░╤Ж╨╕╤П > ╨┤╨╛╨╗╨╢╨╡╨╜ ╨║╨╛╤А╤А╨╡╨║╤В╨╜╨╛ ╤Б╨╡╤А╨╕╨░╨╗╨╕╨╖╨╛╨▓╨░╤В╤М ╨╕ ╨┤╨╡╤Б╨╡╤А╨╕╨░╨╗╨╕╨╖╨╛╨▓╨░╤В╤М Set ╨╛╨▒╤К╨╡╨║╤В╤Л [16.00ms]
@qbs-autonaim/app:test: (pass) Property 23: SuperJSON ╤Б╨╡╤А╨╕╨░╨╗╨╕╨╖╨░╤Ж╨╕╤П > ╨┤╨╛╨╗╨╢╨╡╨╜ ╨║╨╛╤А╤А╨╡╨║╤В╨╜╨╛ ╤Б╨╡╤А╨╕╨░╨╗╨╕╨╖╨╛╨▓╨░╤В╤М ╨╕ ╨┤╨╡╤Б╨╡╤А╨╕╨░╨╗╨╕╨╖╨╛╨▓╨░╤В╤М undefined ╨╖╨╜╨░╤З╨╡╨╜╨╕╤П [16.00ms]
@qbs-autonaim/app:test: (pass) Property 23: SuperJSON ╤Б╨╡╤А╨╕╨░╨╗╨╕╨╖╨░╤Ж╨╕╤П > ╨┤╨╛╨╗╨╢╨╡╨╜ ╨║╨╛╤А╤А╨╡╨║╤В╨╜╨╛ ╤Б╨╡╤А╨╕╨░╨╗╨╕╨╖╨╛╨▓╨░╤В╤М ╨╕ ╨┤╨╡╤Б╨╡╤А╨╕╨░╨╗╨╕╨╖╨╛╨▓╨░╤В╤М BigInt ╨╖╨╜╨░╤З╨╡╨╜╨╕╤П
@qbs-autonaim/app:test: (pass) Property 23: SuperJSON ╤Б╨╡╤А╨╕╨░╨╗╨╕╨╖╨░╤Ж╨╕╤П > ╨┤╨╛╨╗╨╢╨╡╨╜ ╨║╨╛╤А╤А╨╡╨║╤В╨╜╨╛ ╤Б╨╡╤А╨╕╨░╨╗╨╕╨╖╨╛╨▓╨░╤В╤М ╨╕ ╨┤╨╡╤Б╨╡╤А╨╕╨░╨╗╨╕╨╖╨╛╨▓╨░╤В╤М ╨▓╨╗╨╛╨╢╨╡╨╜╨╜╤Л╨╡ ╤Б╤В╤А╤Г╨║╤В╤Г╤А╤Л [62.00ms]
@qbs-autonaim/app:test: (pass) Property 23: SuperJSON ╤Б╨╡╤А╨╕╨░╨╗╨╕╨╖╨░╤Ж╨╕╤П > ╨┤╨╛╨╗╨╢╨╡╨╜ ╨║╨╛╤А╤А╨╡╨║╤В╨╜╨╛ ╨╛╨▒╤А╨░╨▒╨░╤В╤Л╨▓╨░╤В╤М null ╨╕ undefined ╨▓ ╤Б╨╗╨╛╨╢╨╜╤Л╤Е ╤Б╤В╤А╤Г╨║╤В╤Г╤А╨░╤Е [63.00ms]
@qbs-autonaim/app:test: (pass) Property 23: SuperJSON ╤Б╨╡╤А╨╕╨░╨╗╨╕╨╖╨░╤Ж╨╕╤П > ╨┤╨╛╨╗╨╢╨╡╨╜ ╨║╨╛╤А╤А╨╡╨║╤В╨╜╨╛ ╤Б╨╡╤А╨╕╨░╨╗╨╕╨╖╨╛╨▓╨░╤В╤М ╨╝╨░╤Б╤Б╨╕╨▓╤Л ╤Б ╤А╨░╨╖╨╗╨╕╤З╨╜╤Л╨╝╨╕ ╤В╨╕╨┐╨░╨╝╨╕ [15.00ms]
@qbs-autonaim/app:test: (pass) Property 19: ╨Ш╨╜╨▓╨░╨╗╨╕╨┤╨░╤Ж╨╕╤П ╨║╨╛╨╜╨║╤А╨╡╤В╨╜╨╛╨│╨╛ ╨╖╨░╨┐╤А╨╛╤Б╨░ > ╨┤╨╛╨╗╨╢╨╡╨╜ ╨╕╨╜╨▓╨░╨╗╨╕╨┤╨╕╤А╨╛╨▓╨░╤В╤М ╨║╨╛╨╜╨║╤А╨╡╤В╨╜╤Л╨╣ ╨╖╨░╨┐╤А╨╛╤Б ╤Б ╨╖╨░╨┤╨░╨╜╨╜╤Л╨╝╨╕ ╨┐╨░╤А╨░╨╝╨╡╤В╤А╨░╨╝╨╕ [32.00ms]
@qbs-autonaim/app:test: (pass) Property 19: ╨Ш╨╜╨▓╨░╨╗╨╕╨┤╨░╤Ж╨╕╤П ╨║╨╛╨╜╨║╤А╨╡╤В╨╜╨╛╨│╨╛ ╨╖╨░╨┐╤А╨╛╤Б╨░ > ╨┤╨╛╨╗╨╢╨╡╨╜ ╨╕╨╜╨▓╨░╨╗╨╕╨┤╨╕╤А╨╛╨▓╨░╤В╤М ╨╖╨░╨┐╤А╨╛╤Б ╨▒╨╡╨╖ ╨▓╨╗╨╕╤П╨╜╨╕╤П ╨╜╨░ ╨┤╤А╤Г╨│╨╕╨╡ ╨┐╤А╨╛╤Ж╨╡╨┤╤Г╤А╤Л ╤В╨╛╨│╨╛ ╨╢╨╡ ╤А╨╛╤Г╤В╨╡╤А╨░ [15.00ms]
@qbs-autonaim/app:test: (pass) Property 19: ╨Ш╨╜╨▓╨░╨╗╨╕╨┤╨░╤Ж╨╕╤П ╨║╨╛╨╜╨║╤А╨╡╤В╨╜╨╛╨│╨╛ ╨╖╨░╨┐╤А╨╛╤Б╨░ > ╨┤╨╛╨╗╨╢╨╡╨╜ ╨╕╨╜╨▓╨░╨╗╨╕╨┤╨╕╤А╨╛╨▓╨░╤В╤М ╨╖╨░╨┐╤А╨╛╤Б ╨╕ ╤Б╨╛╤Е╤А╨░╨╜╤П╤В╤М ╨┤╨░╨╜╨╜╤Л╨╡ ╨▓ ╨║╤Н╤И╨╡ ╨┤╨╛ ╤Б╨╗╨╡╨┤╤Г╤О╤Й╨╡╨│╨╛ fetch [16.00ms]
@qbs-autonaim/app:test: (pass) Property 19: ╨Ш╨╜╨▓╨░╨╗╨╕╨┤╨░╤Ж╨╕╤П ╨║╨╛╨╜╨║╤А╨╡╤В╨╜╨╛╨│╨╛ ╨╖╨░╨┐╤А╨╛╤Б╨░ > ╨┤╨╛╨╗╨╢╨╡╨╜ ╨║╨╛╤А╤А╨╡╨║╤В╨╜╨╛ ╨╕╨╜╨▓╨░╨╗╨╕╨┤╨╕╤А╨╛╨▓╨░╤В╤М ╨╖╨░╨┐╤А╨╛╤Б╤Л ╤Б ╤А╨░╨╖╨╗╨╕╤З╨╜╤Л╨╝╨╕ ╤В╨╕╨┐╨░╨╝╨╕ ╨┐╨░╤А╨░╨╝╨╡╤В╤А╨╛╨▓ [15.00ms]
@qbs-autonaim/app:test: (pass) Property 19: ╨Ш╨╜╨▓╨░╨╗╨╕╨┤╨░╤Ж╨╕╤П ╨║╨╛╨╜╨║╤А╨╡╤В╨╜╨╛╨│╨╛ ╨╖╨░╨┐╤А╨╛╤Б╨░ > ╨┤╨╛╨╗╨╢╨╡╨╜ ╨╕╨╜╨▓╨░╨╗╨╕╨┤╨╕╤А╨╛╨▓╨░╤В╤М ╨╖╨░╨┐╤А╨╛╤Б╤Л ╨▓╨╗╨╛╨╢╨╡╨╜╨╜╤Л╤Е ╤А╨╛╤Г╤В╨╡╤А╨╛╨▓ ╨╜╨╡╨╖╨░╨▓╨╕╤Б╨╕╨╝╨╛ [16.00ms]
@qbs-autonaim/app:test: (pass) Property 19: ╨Ш╨╜╨▓╨░╨╗╨╕╨┤╨░╤Ж╨╕╤П ╨║╨╛╨╜╨║╤А╨╡╤В╨╜╨╛╨│╨╛ ╨╖╨░╨┐╤А╨╛╤Б╨░ > ╨┤╨╛╨╗╨╢╨╡╨╜ ╨┐╨╛╨┤╨┤╨╡╤А╨╢╨╕╨▓╨░╤В╤М ╨╝╨╜╨╛╨╢╨╡╤Б╤В╨▓╨╡╨╜╨╜╤Г╤О ╨╕╨╜╨▓╨░╨╗╨╕╨┤╨░╤Ж╨╕╤О ╨╛╨┤╨╜╨╛╨│╨╛ ╨╕ ╤В╨╛╨│╨╛ ╨╢╨╡ ╨╖╨░╨┐╤А╨╛╤Б╨░ [16.00ms]
@qbs-autonaim/app:test: (pass) Property 20: ╨Ш╨╜╨▓╨░╨╗╨╕╨┤╨░╤Ж╨╕╤П ╨▓╤Б╨╡╨│╨╛ ╤А╨╛╤Г╤В╨╡╤А╨░ > ╨┤╨╛╨╗╨╢╨╡╨╜ ╨╕╨╜╨▓╨░╨╗╨╕╨┤╨╕╤А╨╛╨▓╨░╤В╤М ╨▓╤Б╨╡ ╨╖╨░╨┐╤А╨╛╤Б╤Л ╤А╨╛╤Г╤В╨╡╤А╨░ workspace [15.00ms]
@qbs-autonaim/app:test: (pass) Property 20: ╨Ш╨╜╨▓╨░╨╗╨╕╨┤╨░╤Ж╨╕╤П ╨▓╤Б╨╡╨│╨╛ ╤А╨╛╤Г╤В╨╡╤А╨░ > ╨┤╨╛╨╗╨╢╨╡╨╜ ╨╕╨╜╨▓╨░╨╗╨╕╨┤╨╕╤А╨╛╨▓╨░╤В╤М ╤А╨╛╤Г╤В╨╡╤А ╨▒╨╡╨╖ ╨▓╨╗╨╕╤П╨╜╨╕╤П ╨╜╨░ ╨┤╤А╤Г╨│╨╕╨╡ ╤А╨╛╤Г╤В╨╡╤А╤Л [16.00ms]
@qbs-autonaim/app:test: (pass) Property 20: ╨Ш╨╜╨▓╨░╨╗╨╕╨┤╨░╤Ж╨╕╤П ╨▓╤Б╨╡╨│╨╛ ╤А╨╛╤Г╤В╨╡╤А╨░ > ╨┤╨╛╨╗╨╢╨╡╨╜ ╨╕╨╜╨▓╨░╨╗╨╕╨┤╨╕╤А╨╛╨▓╨░╤В╤М ╨▓╨╗╨╛╨╢╨╡╨╜╨╜╤Л╨╡ ╤А╨╛╤Г╤В╨╡╤А╤Л ╨┐╤А╨╕ ╨╕╨╜╨▓╨░╨╗╨╕╨┤╨░╤Ж╨╕╨╕ ╤А╨╛╨┤╨╕╤В╨╡╨╗╤М╤Б╨║╨╛╨│╨╛ [16.00ms]
@qbs-autonaim/recruitment-assistant-extension:test: (pass) Property-based ╤В╨╡╤Б╤В╤Л ╨┤╨╗╤П DataValidator > ╤Н╨║╤Б╨┐╨╛╤А╤В ╨▓ JSON ╨┤╨╛╨╗╨╢╨╡╨╜ ╨┐╤А╨╛╨╕╨╖╨▓╨╛╨┤╨╕╤В╤М ╨▓╨░╨╗╨╕╨┤╨╜╤Л╨╣ JSON ╨┤╨╗╤П ╨╗╤О╨▒╤Л╤Е ╨┤╨░╨╜╨╜╤Л╤Е [438.00ms]
@qbs-autonaim/app:test: (pass) Property 20: ╨Ш╨╜╨▓╨░╨╗╨╕╨┤╨░╤Ж╨╕╤П ╨▓╤Б╨╡╨│╨╛ ╤А╨╛╤Г╤В╨╡╤А╨░ > ╨┤╨╛╨╗╨╢╨╡╨╜ ╨╕╨╜╨▓╨░╨╗╨╕╨┤╨╕╤А╨╛╨▓╨░╤В╤М ╤А╨╛╤Г╤В╨╡╤А ╤Б ╤А╨░╨╖╨╗╨╕╤З╨╜╤Л╨╝╨╕ ╤В╨╕╨┐╨░╨╝╨╕ ╨╖╨░╨┐╤А╨╛╤Б╨╛╨▓ [15.00ms]
@qbs-autonaim/app:test: (pass) Property 20: ╨Ш╨╜╨▓╨░╨╗╨╕╨┤╨░╤Ж╨╕╤П ╨▓╤Б╨╡╨│╨╛ ╤А╨╛╤Г╤В╨╡╤А╨░ > ╨┤╨╛╨╗╨╢╨╡╨╜ ╤Б╨╛╤Е╤А╨░╨╜╤П╤В╤М ╨┤╨░╨╜╨╜╤Л╨╡ ╨▓ ╨║╤Н╤И╨╡ ╨┐╨╛╤Б╨╗╨╡ ╨╕╨╜╨▓╨░╨╗╨╕╨┤╨░╤Ж╨╕╨╕ ╤А╨╛╤Г╤В╨╡╤А╨░ [16.00ms]
@qbs-autonaim/app:test: (pass) Property 20: ╨Ш╨╜╨▓╨░╨╗╨╕╨┤╨░╤Ж╨╕╤П ╨▓╤Б╨╡╨│╨╛ ╤А╨╛╤Г╤В╨╡╤А╨░ > ╨┤╨╛╨╗╨╢╨╡╨╜ ╨┐╨╛╨┤╨┤╨╡╤А╨╢╨╕╨▓╨░╤В╤М ╨╕╨╜╨▓╨░╨╗╨╕╨┤╨░╤Ж╨╕╤О ╨┐╤Г╤Б╤В╨╛╨│╨╛ ╤А╨╛╤Г╤В╨╡╤А╨░
@qbs-autonaim/app:test: (pass) Property 20: ╨Ш╨╜╨▓╨░╨╗╨╕╨┤╨░╤Ж╨╕╤П ╨▓╤Б╨╡╨│╨╛ ╤А╨╛╤Г╤В╨╡╤А╨░ > ╨┤╨╛╨╗╨╢╨╡╨╜ ╨║╨╛╤А╤А╨╡╨║╤В╨╜╨╛ ╨╕╨╜╨▓╨░╨╗╨╕╨┤╨╕╤А╨╛╨▓╨░╤В╤М ╤А╨╛╤Г╤В╨╡╤А ╨┐╨╛╤Б╨╗╨╡ ╨╝╨╜╨╛╨╢╨╡╤Б╤В╨▓╨╡╨╜╨╜╤Л╤Е ╨╛╨┐╨╡╤А╨░╤Ж╨╕╨╣
@qbs-autonaim/app:test: (pass) Property 21: ╨Ю╨┐╤В╨╕╨╝╨╕╤Б╤В╨╕╤З╨╜╨╛╨╡ ╨╛╨▒╨╜╨╛╨▓╨╗╨╡╨╜╨╕╨╡ ╤Б ╨╛╤В╨║╨░╤В╨╛╨╝ > ╨┤╨╛╨╗╨╢╨╡╨╜ ╨╛╤В╨║╨░╤В╤Л╨▓╨░╤В╤М ╨║╤Н╤И ╨║ ╨┐╤А╨╡╨┤╤Л╨┤╤Г╤Й╨╡╨╝╤Г ╤Б╨╛╤Б╤В╨╛╤П╨╜╨╕╤О ╨┐╤А╨╕ ╨╛╤И╨╕╨▒╨║╨╡ mutation [15.00ms]
@qbs-autonaim/app:test: (pass) Property 21: ╨Ю╨┐╤В╨╕╨╝╨╕╤Б╤В╨╕╤З╨╜╨╛╨╡ ╨╛╨▒╨╜╨╛╨▓╨╗╨╡╨╜╨╕╨╡ ╤Б ╨╛╤В╨║╨░╤В╨╛╨╝ > ╨┤╨╛╨╗╨╢╨╡╨╜ ╨║╨╛╤А╤А╨╡╨║╤В╨╜╨╛ ╨╛╤В╨║╨░╤В╤Л╨▓╨░╤В╤М ╨╕╨╖╨╝╨╡╨╜╨╡╨╜╨╕╤П ╨┤╨╗╤П ╤Б╨┐╨╕╤Б╨║╨╛╨▓ ╨┐╤А╨╕ ╨╛╤И╨╕╨▒╨║╨╡ [32.00ms]
@qbs-autonaim/app:test: (pass) Property 21: ╨Ю╨┐╤В╨╕╨╝╨╕╤Б╤В╨╕╤З╨╜╨╛╨╡ ╨╛╨▒╨╜╨╛╨▓╨╗╨╡╨╜╨╕╨╡ ╤Б ╨╛╤В╨║╨░╤В╨╛╨╝ > ╨┤╨╛╨╗╨╢╨╡╨╜ ╨╛╤В╨║╨░╤В╤Л╨▓╨░╤В╤М ╨╕╨╖╨╝╨╡╨╜╨╡╨╜╨╕╤П ╨┐╤А╨╕ ╤Г╨┤╨░╨╗╨╡╨╜╨╕╨╕ ╤Н╨╗╨╡╨╝╨╡╨╜╤В╨░ ╨╕╨╖ ╤Б╨┐╨╕╤Б╨║╨░ [15.00ms]
@qbs-autonaim/app:test: (pass) Property 21: ╨Ю╨┐╤В╨╕╨╝╨╕╤Б╤В╨╕╤З╨╜╨╛╨╡ ╨╛╨▒╨╜╨╛╨▓╨╗╨╡╨╜╨╕╨╡ ╤Б ╨╛╤В╨║╨░╤В╨╛╨╝ > ╨┤╨╛╨╗╨╢╨╡╨╜ ╤Б╨╛╤Е╤А╨░╨╜╤П╤В╤М ╨┐╤А╨╡╨┤╤Л╨┤╤Г╤Й╨╡╨╡ ╤Б╨╛╤Б╤В╨╛╤П╨╜╨╕╨╡ ╨┤╨░╨╢╨╡ ╨╡╤Б╨╗╨╕ ╨╛╨╜╨╛ undefined
@qbs-autonaim/app:test: (pass) Property 21: ╨Ю╨┐╤В╨╕╨╝╨╕╤Б╤В╨╕╤З╨╜╨╛╨╡ ╨╛╨▒╨╜╨╛╨▓╨╗╨╡╨╜╨╕╨╡ ╤Б ╨╛╤В╨║╨░╤В╨╛╨╝ > ╨┤╨╛╨╗╨╢╨╡╨╜ ╨║╨╛╤А╤А╨╡╨║╤В╨╜╨╛ ╨╛╤В╨║╨░╤В╤Л╨▓╨░╤В╤М ╨╝╨╜╨╛╨╢╨╡╤Б╤В╨▓╨╡╨╜╨╜╤Л╨╡ ╨╛╨┐╤В╨╕╨╝╨╕╤Б╤В╨╕╤З╨╜╤Л╨╡ ╨╛╨▒╨╜╨╛╨▓╨╗╨╡╨╜╨╕╤П [16.00ms]
@qbs-autonaim/app:test: (pass) Property 21: ╨Ю╨┐╤В╨╕╨╝╨╕╤Б╤В╨╕╤З╨╜╨╛╨╡ ╨╛╨▒╨╜╨╛╨▓╨╗╨╡╨╜╨╕╨╡ ╤Б ╨╛╤В╨║╨░╤В╨╛╨╝ > ╨┤╨╛╨╗╨╢╨╡╨╜ ╨╛╤В╨║╨░╤В╤Л╨▓╨░╤В╤М ╨╕╨╖╨╝╨╡╨╜╨╡╨╜╨╕╤П ╨▓ ╨▓╨╗╨╛╨╢╨╡╨╜╨╜╤Л╤Е ╤Б╤В╤А╤Г╨║╤В╤Г╤А╨░╤Е ╨┤╨░╨╜╨╜╤Л╤Е [31.00ms]
@qbs-autonaim/app:test: (pass) Property 21: ╨Ю╨┐╤В╨╕╨╝╨╕╤Б╤В╨╕╤З╨╜╨╛╨╡ ╨╛╨▒╨╜╨╛╨▓╨╗╨╡╨╜╨╕╨╡ ╤Б ╨╛╤В╨║╨░╤В╨╛╨╝ > ╨┤╨╛╨╗╨╢╨╡╨╜ ╨╛╤В╨║╨░╤В╤Л╨▓╨░╤В╤М ╨╕╨╖╨╝╨╡╨╜╨╡╨╜╨╕╤П ╨┤╨╗╤П ╤А╨░╨╖╨╗╨╕╤З╨╜╤Л╤Е ╤В╨╕╨┐╨╛╨▓ ╨┤╨░╨╜╨╜╤Л╤Е [16.00ms]
@qbs-autonaim/app:test: (pass) Property 21: ╨Ю╨┐╤В╨╕╨╝╨╕╤Б╤В╨╕╤З╨╜╨╛╨╡ ╨╛╨▒╨╜╨╛╨▓╨╗╨╡╨╜╨╕╨╡ ╤Б ╨╛╤В╨║╨░╤В╨╛╨╝ > ╨┤╨╛╨╗╨╢╨╡╨╜ ╨║╨╛╤А╤А╨╡╨║╤В╨╜╨╛ ╨╛╨▒╤А╨░╨▒╨░╤В╤Л╨▓╨░╤В╤М ╨╛╤В╨║╨░╤В ╨┐╤А╨╕ ╤З╨░╤Б╤В╨╕╤З╨╜╨╛╨╝ ╨╛╨▒╨╜╨╛╨▓╨╗╨╡╨╜╨╕╨╕ ╨╛╨▒╤К╨╡╨║╤В╨░ [31.00ms]
@qbs-autonaim/app:test: (pass) Property 21: ╨Ю╨┐╤В╨╕╨╝╨╕╤Б╤В╨╕╤З╨╜╨╛╨╡ ╨╛╨▒╨╜╨╛╨▓╨╗╨╡╨╜╨╕╨╡ ╤Б ╨╛╤В╨║╨░╤В╨╛╨╝ > ╨┤╨╛╨╗╨╢╨╡╨╜ ╨╛╤В╨║╨░╤В╤Л╨▓╨░╤В╤М ╨╕╨╖╨╝╨╡╨╜╨╡╨╜╨╕╤П ╨┐╨╛╤Б╨╗╨╡ ╨╛╤В╨╝╨╡╨╜╤Л ╤В╨╡╨║╤Г╤Й╨╕╤Е ╨╖╨░╨┐╤А╨╛╤Б╨╛╨▓ [16.00ms]
@qbs-autonaim/app:test: 
@qbs-autonaim/app:test: src\orpc\server.property.test.ts:
@qbs-autonaim/app:test: (pass) Property 24: Prefetch ╨╜╨░ ╤Б╨╡╤А╨▓╨╡╤А╨╡ > ╨┤╨╛╨╗╨╢╨╡╨╜ ╨╖╨░╨│╤А╤Г╨╢╨░╤В╤М ╨┤╨░╨╜╨╜╤Л╨╡ ╨╜╨░ ╤Б╨╡╤А╨▓╨╡╤А╨╡ ╨╕ ╤Б╨╛╤Е╤А╨░╨╜╤П╤В╤М ╨╕╤Е ╨▓ QueryClient ╨┤╨╗╤П ╨┐╨╡╤А╨╡╨┤╨░╤З╨╕ ╨║╨╗╨╕╨╡╨╜╤В╤Г [32.00ms]
@qbs-autonaim/app:test: (pass) Property 24: Prefetch ╨╜╨░ ╤Б╨╡╤А╨▓╨╡╤А╨╡ > ╨┤╨╛╨╗╨╢╨╡╨╜ ╨║╨╛╤А╤А╨╡╨║╤В╨╜╨╛ ╨╛╨▒╤А╨░╨▒╨░╤В╤Л╨▓╨░╤В╤М prefetch ╤Б ╤А╨░╨╖╨╗╨╕╤З╨╜╤Л╨╝╨╕ ╤В╨╕╨┐╨░╨╝╨╕ input ╨┐╨░╤А╨░╨╝╨╡╤В╤А╨╛╨▓ [31.00ms]
@qbs-autonaim/app:test: (pass) Property 24: Prefetch ╨╜╨░ ╤Б╨╡╤А╨▓╨╡╤А╨╡ > ╨┤╨╛╨╗╨╢╨╡╨╜ ╨┐╨╛╨┤╨┤╨╡╤А╨╢╨╕╨▓╨░╤В╤М prefetch ╨╜╨╡╤Б╨║╨╛╨╗╤М╨║╨╕╤Е ╨┐╤А╨╛╤Ж╨╡╨┤╤Г╤А ╨╛╨┤╨╜╨╛╨▓╤А╨╡╨╝╨╡╨╜╨╜╨╛ [47.00ms]
@qbs-autonaim/app:test: (pass) Property 24: Prefetch ╨╜╨░ ╤Б╨╡╤А╨▓╨╡╤А╨╡ > ╨┤╨╛╨╗╨╢╨╡╨╜ ╨║╨╛╤А╤А╨╡╨║╤В╨╜╨╛ ╨╛╨▒╤А╨░╨▒╨░╤В╤Л╨▓╨░╤В╤М ╨╛╤И╨╕╨▒╨║╨╕ ╨┐╤А╨╕ prefetch [15.00ms]
@qbs-autonaim/recruitment-assistant-extension:test: (pass) Property-based ╤В╨╡╤Б╤В╤Л ╨┤╨╗╤П DataValidator > ╨▓╨░╨╗╨╕╨┤╨╕╤А╨╛╨▓╨░╨╜╨╜╤Л╨╡ ╨┤╨░╨╜╨╜╤Л╨╡ ╨┤╨╛╨╗╨╢╨╜╤Л ╤Б╨╛╤Е╤А╨░╨╜╤П╤В╤М ╤Б╤В╤А╤Г╨║╤В╤Г╤А╤Г ╨┐╨╛╤Б╨╗╨╡ JSON round-trip [359.00ms]
@qbs-autonaim/app:test: (pass) Property 24: Prefetch ╨╜╨░ ╤Б╨╡╤А╨▓╨╡╤А╨╡ > ╨┤╨╛╨╗╨╢╨╡╨╜ ╤Б╨╛╤Е╤А╨░╨╜╤П╤В╤М ╤В╨╕╨┐╤Л ╨┤╨░╨╜╨╜╤Л╤Е ╨┐╤А╨╕ ╤Б╨╡╤А╨╕╨░╨╗╨╕╨╖╨░╤Ж╨╕╨╕ ╤З╨╡╤А╨╡╨╖ dehydrate/hydrate [16.00ms]
@qbs-autonaim/app:test: 
@qbs-autonaim/app:test: src\__tests__\basic.test.ts:
@qbs-autonaim/app:test: (pass) ╨С╨░╨╖╨╛╨▓╤Л╨╡ ╤В╨╡╤Б╤В╤Л > ╨┤╨╛╨╗╨╢╨╡╨╜ ╨┐╤А╨╛╤Е╨╛╨┤╨╕╤В╤М ╨┐╤А╨╛╤Б╤В╨╛╨╣ ╤В╨╡╤Б╤В
@qbs-autonaim/app:test: (pass) ╨С╨░╨╖╨╛╨▓╤Л╨╡ ╤В╨╡╤Б╤В╤Л > ╨┤╨╛╨╗╨╢╨╡╨╜ ╨┐╤А╨╛╨▓╨╡╤А╤П╤В╤М ╤Б╤В╤А╨╛╨║╨╕
@qbs-autonaim/app:test: (pass) ╨С╨░╨╖╨╛╨▓╤Л╨╡ ╤В╨╡╤Б╤В╤Л > ╨┤╨╛╨╗╨╢╨╡╨╜ ╨┐╤А╨╛╨▓╨╡╤А╤П╤В╤М ╨╝╨░╤Б╤Б╨╕╨▓╤Л
@qbs-autonaim/app:test: 
@qbs-autonaim/app:test: src\__tests__\dom.test.tsx:
@qbs-autonaim/recruitment-assistant-extension:test: (pass) Property-based ╤В╨╡╤Б╤В╤Л ╨┤╨╗╤П DataValidator > ╤В╨╛╨╗╤М╨║╨╛ ╨▓╨░╨╗╨╕╨┤╨╜╤Л╨╡ ╨╜╨░╤Б╤В╤А╨╛╨╣╨║╨╕ ╨┤╨╛╨╗╨╢╨╜╤Л ╨┐╤А╨╛╤Е╨╛╨┤╨╕╤В╤М ╨▓╨░╨╗╨╕╨┤╨░╤Ж╨╕╤О [16.00ms]
@qbs-autonaim/recruitment-assistant-extension:test: (skip) Property-based ╤В╨╡╤Б╤В╤Л ╨┤╨╗╤П DataValidator > ╨▓╨░╨╗╨╕╨┤╨░╤Ж╨╕╤П ╨┤╨╛╨╗╨╢╨╜╨░ ╨▒╤Л╤В╤М ╨╕╨┤╨╡╨╝╨┐╨╛╤В╨╡╨╜╤В╨╜╨╛╨╣
@qbs-autonaim/recruitment-assistant-extension:test: (pass) Property-based ╤В╨╡╤Б╤В╤Л ╨┤╨╗╤П DataValidator > validatePartial ╨┤╨╛╨╗╨╢╨╡╨╜ ╨▓╤Б╨╡╨│╨┤╨░ ╨▓╨╛╨╖╨▓╤А╨░╤Й╨░╤В╤М ╨╛╨▒╤К╨╡╨║╤В [46.00ms]
@qbs-autonaim/app:test: 115 |             brackets: 0,
@qbs-autonaim/app:test: 116 |             doubleApostrophe: 0,
@qbs-autonaim/app:test: 117 |             singleApostrophe: 0
@qbs-autonaim/app:test: 118 |         };
@qbs-autonaim/app:test: 119 |         const name = this.scope.nodeType === NodeTypeEnum.documentNode ? 'Document' : 'Element';
@qbs-autonaim/app:test: 120 |         const error = new this.window.SyntaxError(`Failed to execute 'querySelectorAll' on '${name}': '${selector}' is not a valid selector.`);
@qbs-autonaim/app:test:                             ^
@qbs-autonaim/app:test: TypeError: undefined is not a constructor (evaluating 'new this.window.SyntaxError(`Failed to execute 'querySelectorAll' on '${name}': '${selector}' is not a valid selector.`)')
@qbs-autonaim/app:test:       at getSelectorGroups (C:\Projects\kwork\selectio\node_modules\happy-dom\lib\query-selector\SelectorParser.js:120:23)
@qbs-autonaim/app:test:       at querySelectorAll (C:\Projects\kwork\selectio\node_modules\happy-dom\lib\query-selector\QuerySelector.js:52:62)
@qbs-autonaim/app:test:       at queryAllByText (C:\Projects\kwork\selectio\node_modules\@testing-library\dom\dist\queries\text.js:29:49)
@qbs-autonaim/app:test:       at <anonymous> (C:\Projects\kwork\selectio\node_modules\@testing-library\dom\dist\query-helpers.js:74:17)
@qbs-autonaim/app:test:       at <anonymous> (C:\Projects\kwork\selectio\node_modules\@testing-library\dom\dist\query-helpers.js:52:17)
@qbs-autonaim/app:test:       at <anonymous> (C:\Projects\kwork\selectio\node_modules\@testing-library\dom\dist\query-helpers.js:95:19)
@qbs-autonaim/app:test:       at <anonymous> (C:\Projects\kwork\selectio\apps\app\src\__tests__\dom.test.tsx:18:19)
@qbs-autonaim/app:test: (fail) DOM ╤В╨╡╤Б╤В╤Л > ╨┤╨╛╨╗╨╢╨╡╨╜ ╨╛╤В╨╛╨▒╤А╨░╨╢╨░╤В╤М ╨┐╤А╨╛╤Б╤В╨╛╨╣ ╨║╨╛╨╝╨┐╨╛╨╜╨╡╨╜╤В [32.00ms]
@qbs-autonaim/app:test: 115 |             brackets: 0,
@qbs-autonaim/app:test: 116 |             doubleApostrophe: 0,
@qbs-autonaim/app:test: 117 |             singleApostrophe: 0
@qbs-autonaim/app:test: 118 |         };
@qbs-autonaim/app:test: 119 |         const name = this.scope.nodeType === NodeTypeEnum.documentNode ? 'Document' : 'Element';
@qbs-autonaim/app:test: 120 |         const error = new this.window.SyntaxError(`Failed to execute 'querySelectorAll' on '${name}': '${selector}' is not a valid selector.`);
@qbs-autonaim/app:test:                             ^
@qbs-autonaim/app:test: TypeError: undefined is not a constructor (evaluating 'new this.window.SyntaxError(`Failed to execute 'querySelectorAll' on '${name}': '${selector}' is not a valid selector.`)')
@qbs-autonaim/app:test:       at getSelectorGroups (C:\Projects\kwork\selectio\node_modules\happy-dom\lib\query-selector\SelectorParser.js:120:23)
@qbs-autonaim/app:test:       at querySelectorAll (C:\Projects\kwork\selectio\node_modules\happy-dom\lib\query-selector\QuerySelector.js:52:62)
@qbs-autonaim/app:test:       at queryAllByRole (C:\Projects\kwork\selectio\node_modules\@testing-library\dom\dist\queries\role.js:111:31)
@qbs-autonaim/app:test:       at <anonymous> (C:\Projects\kwork\selectio\node_modules\@testing-library\dom\dist\query-helpers.js:74:17)
@qbs-autonaim/app:test:       at <anonymous> (C:\Projects\kwork\selectio\node_modules\@testing-library\dom\dist\query-helpers.js:52:17)
@qbs-autonaim/app:test:       at <anonymous> (C:\Projects\kwork\selectio\node_modules\@testing-library\dom\dist\query-helpers.js:95:19)
@qbs-autonaim/app:test:       at <anonymous> (C:\Projects\kwork\selectio\apps\app\src\__tests__\dom.test.tsx:26:28)
@qbs-autonaim/app:test: (fail) DOM ╤В╨╡╤Б╤В╤Л > ╨┤╨╛╨╗╨╢╨╡╨╜ ╨┐╤А╨╛╨▓╨╡╤А╤П╤В╤М ╨╜╨░╨╗╨╕╤З╨╕╨╡ ╤Н╨╗╨╡╨╝╨╡╨╜╤В╨╛╨▓
@qbs-autonaim/app:test: 
@qbs-autonaim/app:test: src\__tests__\hook.test.ts:
@qbs-autonaim/app:test: (pass) ╨в╨╡╤Б╤В╤Л ╤Е╤Г╨║╨╛╨▓ > ╨┤╨╛╨╗╨╢╨╡╨╜ ╨╕╨╜╨╕╤Ж╨╕╨░╨╗╨╕╨╖╨╕╤А╨╛╨▓╨░╤В╤М╤Б╤П ╤Б ╨╜╨░╤З╨░╨╗╤М╨╜╤Л╨╝ ╨╖╨╜╨░╤З╨╡╨╜╨╕╨╡╨╝ [15.00ms]
@qbs-autonaim/app:test: (pass) ╨в╨╡╤Б╤В╤Л ╤Е╤Г╨║╨╛╨▓ > ╨┤╨╛╨╗╨╢╨╡╨╜ ╤Г╨▓╨╡╨╗╨╕╤З╨╕╨▓╨░╤В╤М ╤Б╤З╨╡╤В╤З╨╕╨║
@qbs-autonaim/app:test: (pass) ╨в╨╡╤Б╤В╤Л ╤Е╤Г╨║╨╛╨▓ > ╨┤╨╛╨╗╨╢╨╡╨╜ ╤Г╨╝╨╡╨╜╤М╤И╨░╤В╤М ╤Б╤З╨╡╤В╤З╨╕╨║
@qbs-autonaim/app:test: (pass) ╨в╨╡╤Б╤В╤Л ╤Е╤Г╨║╨╛╨▓ > ╨┤╨╛╨╗╨╢╨╡╨╜ ╤Б╨▒╤А╨░╤Б╤Л╨▓╨░╤В╤М ╤Б╤З╨╡╤В╤З╨╕╨║
@qbs-autonaim/app:test: 
@qbs-autonaim/app:test: src\components\__tests__\orpc-integration.test.tsx:
@qbs-autonaim/recruitment-assistant-extension:test: (pass) Property-based ╤В╨╡╤Б╤В╤Л ╨┤╨╗╤П DataValidator > ╨▓╨░╨╗╨╕╨┤╨╜╤Л╨╡ ╨┤╨░╨╜╨╜╤Л╨╡ ╨┤╨╛╨╗╨╢╨╜╤Л ╨┐╤А╨╛╤Е╨╛╨┤╨╕╤В╤М ╨╛╨▒╨░ ╤В╨╕╨┐╨░ ╨▓╨░╨╗╨╕╨┤╨░╤Ж╨╕╨╕ [250.00ms]
@qbs-autonaim/recruitment-assistant-extension:test: (pass) Property-based ╤В╨╡╤Б╤В╤Л ╨┤╨╗╤П DataValidator > ╨╜╨░╤Б╤В╤А╨╛╨╣╨║╨╕ ╤Б ╨╜╨╡╨▓╨░╨╗╨╕╨┤╨╜╤Л╨╝ URL ╨┤╨╛╨╗╨╢╨╜╤Л ╨╛╤В╨║╨╗╨╛╨╜╤П╤В╤М╤Б╤П [16.00ms]
@qbs-autonaim/recruitment-assistant-extension:test: (pass) Property-based ╤В╨╡╤Б╤В╤Л ╨┤╨╗╤П DataValidator > ╨╜╨░╤Б╤В╤А╨╛╨╣╨║╨╕ ╤Б ╨║╨╛╤А╨╛╤В╨║╨╕╨╝ ╤В╨╛╨║╨╡╨╜╨╛╨╝ ╨┤╨╛╨╗╨╢╨╜╤Л ╨╛╤В╨║╨╗╨╛╨╜╤П╤В╤М╤Б╤П [31.00ms]
@qbs-autonaim/recruitment-assistant-extension:test: (pass) Property-based ╤В╨╡╤Б╤В╤Л ╨┤╨╗╤П DataValidator > ╨╝╨░╤Б╤Б╨╕╨▓╤Л ╨┤╨╛╨╗╨╢╨╜╤Л ╤Б╨╛╤Е╤А╨░╨╜╤П╤В╤М ╨┤╨╗╨╕╨╜╤Г ╨┐╨╛╤Б╨╗╨╡ ╨▓╨░╨╗╨╕╨┤╨░╤Ж╨╕╨╕ [172.00ms]
@qbs-autonaim/app:test: 115 |             brackets: 0,
@qbs-autonaim/app:test: 116 |             doubleApostrophe: 0,
@qbs-autonaim/app:test: 117 |             singleApostrophe: 0
@qbs-autonaim/app:test: 118 |         };
@qbs-autonaim/app:test: 119 |         const name = this.scope.nodeType === NodeTypeEnum.documentNode ? 'Document' : 'Element';
@qbs-autonaim/app:test: 120 |         const error = new this.window.SyntaxError(`Failed to execute 'querySelectorAll' on '${name}': '${selector}' is not a valid selector.`);
@qbs-autonaim/app:test:                             ^
@qbs-autonaim/app:test: TypeError: undefined is not a constructor (evaluating 'new this.window.SyntaxError(`Failed to execute 'querySelectorAll' on '${name}': '${selector}' is not a valid selector.`)')
@qbs-autonaim/app:test:       at getSelectorGroups (C:\Projects\kwork\selectio\node_modules\happy-dom\lib\query-selector\SelectorParser.js:120:23)
@qbs-autonaim/app:test:       at querySelectorAll (C:\Projects\kwork\selectio\node_modules\happy-dom\lib\query-selector\QuerySelector.js:52:62)
@qbs-autonaim/app:test:       at queryAllByText (C:\Projects\kwork\selectio\node_modules\@testing-library\dom\dist\queries\text.js:29:49)
@qbs-autonaim/app:test:       at <anonymous> (C:\Projects\kwork\selectio\node_modules\@testing-library\dom\dist\query-helpers.js:74:17)
@qbs-autonaim/app:test:       at <anonymous> (C:\Projects\kwork\selectio\node_modules\@testing-library\dom\dist\query-helpers.js:52:17)
@qbs-autonaim/app:test:       at <anonymous> (C:\Projects\kwork\selectio\node_modules\@testing-library\dom\dist\query-helpers.js:95:19)
@qbs-autonaim/app:test:       at <anonymous> (C:\Projects\kwork\selectio\apps\app\src\components\__tests__\orpc-integration.test.tsx:31:19)
@qbs-autonaim/app:test: (fail) Integration: ╨Ъ╨╛╨╝╨┐╨╛╨╜╨╡╨╜╤В╤Л ╤А╨░╨▒╨╛╤В╨░╤О╤В ╤Б oRPC ╨║╨╗╨╕╨╡╨╜╤В╨╛╨╝ > ╨┤╨╛╨╗╨╢╨╡╨╜ ╨╛╤В╨╛╨▒╤А╨░╨╢╨░╤В╤М TestORPC ╨║╨╛╨╝╨┐╨╛╨╜╨╡╨╜╤В ╤Б oRPC ╨║╨╗╨╕╨╡╨╜╤В╨╛╨╝ [47.00ms]
@qbs-autonaim/app:test: 115 |             brackets: 0,
@qbs-autonaim/app:test: 116 |             doubleApostrophe: 0,
@qbs-autonaim/app:test: 117 |             singleApostrophe: 0
@qbs-autonaim/app:test: 118 |         };
@qbs-autonaim/app:test: 119 |         const name = this.scope.nodeType === NodeTypeEnum.documentNode ? 'Document' : 'Element';
@qbs-autonaim/app:test: 120 |         const error = new this.window.SyntaxError(`Failed to execute 'querySelectorAll' on '${name}': '${selector}' is not a valid selector.`);
@qbs-autonaim/app:test:                             ^
@qbs-autonaim/app:test: TypeError: undefined is not a constructor (evaluating 'new this.window.SyntaxError(`Failed to execute 'querySelectorAll' on '${name}': '${selector}' is not a valid selector.`)')
@qbs-autonaim/app:test:       at getSelectorGroups (C:\Projects\kwork\selectio\node_modules\happy-dom\lib\query-selector\SelectorParser.js:120:23)
@qbs-autonaim/app:test:       at querySelectorAll (C:\Projects\kwork\selectio\node_modules\happy-dom\lib\query-selector\QuerySelector.js:52:62)
@qbs-autonaim/app:test:       at queryAllByLabelText (C:\Projects\kwork\selectio\node_modules\@testing-library\dom\dist\queries\label-text.js:55:57)
@qbs-autonaim/app:test:       at getAllByLabelText (C:\Projects\kwork\selectio\node_modules\@testing-library\dom\dist\queries\label-text.js:100:15)
@qbs-autonaim/app:test:       at <anonymous> (C:\Projects\kwork\selectio\node_modules\@testing-library\dom\dist\query-helpers.js:52:17)
@qbs-autonaim/app:test:       at <anonymous> (C:\Projects\kwork\selectio\node_modules\@testing-library\dom\dist\query-helpers.js:95:19)
@qbs-autonaim/app:test:       at <anonymous> (C:\Projects\kwork\selectio\apps\app\src\components\__tests__\orpc-integration.test.tsx:46:14)
@qbs-autonaim/app:test: (fail) Integration: ╨Ъ╨╛╨╝╨┐╨╛╨╜╨╡╨╜╤В╤Л ╤А╨░╨▒╨╛╤В╨░╤О╤В ╤Б oRPC ╨║╨╗╨╕╨╡╨╜╤В╨╛╨╝ > ╨┤╨╛╨╗╨╢╨╡╨╜ ╨╛╤В╨╛╨▒╤А╨░╨╢╨░╤В╤М ╤Д╨╛╤А╨╝╤Г ╤Б╨╛╨╖╨┤╨░╨╜╨╕╤П workspace [16.00ms]
@qbs-autonaim/recruitment-assistant-extension:test: (pass) Property-based ╤В╨╡╤Б╤В╤Л ╨┤╨╗╤П DataValidator > null ╨╖╨╜╨░╤З╨╡╨╜╨╕╤П ╨┤╨╛╨╗╨╢╨╜╤Л ╤Б╨╛╤Е╤А╨░╨╜╤П╤В╤М╤Б╤П ╨▓ ╨╜╨╡╨╛╨▒╤П╨╖╨░╤В╨╡╨╗╤М╨╜╤Л╤Е ╨┐╨╛╨╗╤П╤Е [266.00ms]
@qbs-autonaim/recruitment-assistant-extension:test: 
@qbs-autonaim/recruitment-assistant-extension:test: src\core\data-validator.test.ts:
@qbs-autonaim/recruitment-assistant-extension:test: (pass) DataValidator > validate > ╨┤╨╛╨╗╨╢╨╡╨╜ ╤Г╤Б╨┐╨╡╤И╨╜╨╛ ╨▓╨░╨╗╨╕╨┤╨╕╤А╨╛╨▓╨░╤В╤М ╨║╨╛╤А╤А╨╡╨║╤В╨╜╤Л╨╡ ╨┤╨░╨╜╨╜╤Л╨╡ ╨║╨░╨╜╨┤╨╕╨┤╨░╤В╨░
@qbs-autonaim/recruitment-assistant-extension:test: (pass) DataValidator > validate > ╨┤╨╛╨╗╨╢╨╡╨╜ ╨▓╤Л╨▒╤А╨╛╤Б╨╕╤В╤М ╨╛╤И╨╕╨▒╨║╤Г ╨┤╨╗╤П ╨┤╨░╨╜╨╜╤Л╤Е ╤Б ╨┐╤Г╤Б╤В╤Л╨╝ ╨╕╨╝╨╡╨╜╨╡╨╝
@qbs-autonaim/recruitment-assistant-extension:test: (pass) DataValidator > validate > ╨┤╨╛╨╗╨╢╨╡╨╜ ╨▓╤Л╨▒╤А╨╛╤Б╨╕╤В╤М ╨╛╤И╨╕╨▒╨║╤Г ╨┤╨╗╤П ╨╜╨╡╨▓╨░╨╗╨╕╨┤╨╜╨╛╨│╨╛ URL ╨┐╤А╨╛╤Д╨╕╨╗╤П
@qbs-autonaim/recruitment-assistant-extension:test: (pass) DataValidator > validate > ╨┤╨╛╨╗╨╢╨╡╨╜ ╨▓╤Л╨▒╤А╨╛╤Б╨╕╤В╤М ╨╛╤И╨╕╨▒╨║╤Г ╨┤╨╗╤П ╨╜╨╡╨▓╨░╨╗╨╕╨┤╨╜╨╛╨│╨╛ email [15.00ms]
@qbs-autonaim/recruitment-assistant-extension:test: (pass) DataValidator > validate > ╨┤╨╛╨╗╨╢╨╡╨╜ ╨▓╤Л╨▒╤А╨╛╤Б╨╕╤В╤М ╨╛╤И╨╕╨▒╨║╤Г ╨┤╨╗╤П ╨╜╨╡╨▓╨░╨╗╨╕╨┤╨╜╤Л╤Е ╤Б╨╛╤Ж╨╕╨░╨╗╤М╨╜╤Л╤Е ╤Б╤Б╤Л╨╗╨╛╨║
@qbs-autonaim/recruitment-assistant-extension:test: (pass) DataValidator > validate > ╨┤╨╛╨╗╨╢╨╡╨╜ ╨┐╤А╨╕╨╜╤П╤В╤М null ╨┤╨╗╤П ╨╜╨╡╨╛╨▒╤П╨╖╨░╤В╨╡╨╗╤М╨╜╤Л╤Е ╨┐╨╛╨╗╨╡╨╣
@qbs-autonaim/recruitment-assistant-extension:test: (pass) DataValidator > validate > ╨┤╨╛╨╗╨╢╨╡╨╜ ╨▓╨░╨╗╨╕╨┤╨╕╤А╨╛╨▓╨░╤В╤М ╨┤╨░╨╜╨╜╤Л╨╡ ╤Б ╤В╨╡╨║╤Г╤Й╨╡╨╣ ╤А╨░╨▒╨╛╤В╨╛╨╣ (endDate = null)
@qbs-autonaim/recruitment-assistant-extension:test: (pass) DataValidator > validate > ╨┤╨╛╨╗╨╢╨╡╨╜ ╨▓╨░╨╗╨╕╨┤╨╕╤А╨╛╨▓╨░╤В╤М ╨┤╨░╨╜╨╜╤Л╨╡ ╤Б ╨╝╨╜╨╛╨╢╨╡╤Б╤В╨▓╨╡╨╜╨╜╤Л╨╝╨╕ ╨╖╨░╨┐╨╕╤Б╤П╨╝╨╕ ╨╛╨┐╤Л╤В╨░ ╨╕ ╨╛╨▒╤А╨░╨╖╨╛╨▓╨░╨╜╨╕╤П
@qbs-autonaim/recruitment-assistant-extension:test: (pass) DataValidator > validatePartial > ╨┤╨╛╨╗╨╢╨╡╨╜ ╨▓╨╡╤А╨╜╤Г╤В╤М ╨▓╨░╨╗╨╕╨┤╨╜╤Л╨╡ ╨┤╨░╨╜╨╜╤Л╨╡ ╨┤╨╗╤П ╨║╨╛╤А╤А╨╡╨║╤В╨╜╨╛╨│╨╛ ╨╛╨▒╤К╨╡╨║╤В╨░
@qbs-autonaim/recruitment-assistant-extension:test: (pass) DataValidator > validatePartial > ╨┤╨╛╨╗╨╢╨╡╨╜ ╨▓╨╡╤А╨╜╤Г╤В╤М ╤З╨░╤Б╤В╨╕╤З╨╜╤Л╨╡ ╨┤╨░╨╜╨╜╤Л╨╡ ╨┤╨╗╤П ╨╜╨╡╨▓╨░╨╗╨╕╨┤╨╜╨╛╨│╨╛ ╨╛╨▒╤К╨╡╨║╤В╨░
@qbs-autonaim/recruitment-assistant-extension:test: (pass) DataValidator > validatePartial > ╨┤╨╛╨╗╨╢╨╡╨╜ ╨╛╨▒╤А╨░╨▒╨╛╤В╨░╤В╤М ╤З╨░╤Б╤В╨╕╤З╨╜╨╛ ╨╖╨░╨┐╨╛╨╗╨╜╨╡╨╜╨╜╤Л╨╡ ╨┤╨░╨╜╨╜╤Л╨╡
@qbs-autonaim/recruitment-assistant-extension:test: (pass) DataValidator > validateSettings > ╨┤╨╛╨╗╨╢╨╡╨╜ ╤Г╤Б╨┐╨╡╤И╨╜╨╛ ╨▓╨░╨╗╨╕╨┤╨╕╤А╨╛╨▓╨░╤В╤М ╨║╨╛╤А╤А╨╡╨║╤В╨╜╤Л╨╡ ╨╜╨░╤Б╤В╤А╨╛╨╣╨║╨╕
@qbs-autonaim/recruitment-assistant-extension:test: (pass) DataValidator > validateSettings > ╨┤╨╛╨╗╨╢╨╡╨╜ ╨▓╤Л╨▒╤А╨╛╤Б╨╕╤В╤М ╨╛╤И╨╕╨▒╨║╤Г ╨┤╨╗╤П ╨╜╨╡╨▓╨░╨╗╨╕╨┤╨╜╨╛╨│╨╛ URL API
@qbs-autonaim/recruitment-assistant-extension:test: (pass) DataValidator > validateSettings > ╨┤╨╛╨╗╨╢╨╡╨╜ ╨▓╤Л╨▒╤А╨╛╤Б╨╕╤В╤М ╨╛╤И╨╕╨▒╨║╤Г ╨┤╨╗╤П ╨║╨╛╤А╨╛╤В╨║╨╛╨│╨╛ ╤В╨╛╨║╨╡╨╜╨░
@qbs-autonaim/recruitment-assistant-extension:test: (pass) DataValidator > validateSettings > ╨┤╨╛╨╗╨╢╨╡╨╜ ╨▓╤Л╨▒╤А╨╛╤Б╨╕╤В╤М ╨╛╤И╨╕╨▒╨║╤Г ╨┤╨╗╤П ╨╛╤В╤Б╤Г╤В╤Б╤В╨▓╤Г╤О╤Й╨╕╤Е ╨┐╨╛╨╗╨╡╨╣ fieldsToExtract
@qbs-autonaim/recruitment-assistant-extension:test: (pass) DataValidator > validateSettings > ╨┤╨╛╨╗╨╢╨╡╨╜ ╨▓╨░╨╗╨╕╨┤╨╕╤А╨╛╨▓╨░╤В╤М ╨╜╨░╤Б╤В╤А╨╛╨╣╨║╨╕ ╤Б╨╛ ╨▓╤Б╨╡╨╝╨╕ ╨┐╨╛╨╗╤П╨╝╨╕ false
@qbs-autonaim/recruitment-assistant-extension:test: (pass) DataValidator > ╨│╤А╨░╨╜╨╕╤З╨╜╤Л╨╡ ╤Б╨╗╤Г╤З╨░╨╕ > ╨┤╨╛╨╗╨╢╨╡╨╜ ╨╛╨▒╤А╨░╨▒╨╛╤В╨░╤В╤М ╨┐╤Г╤Б╤В╤Л╨╡ ╨╝╨░╤Б╤Б╨╕╨▓╤Л
@qbs-autonaim/recruitment-assistant-extension:test: (pass) DataValidator > ╨│╤А╨░╨╜╨╕╤З╨╜╤Л╨╡ ╤Б╨╗╤Г╤З╨░╨╕ > ╨┤╨╛╨╗╨╢╨╡╨╜ ╨╛╨▒╤А╨░╨▒╨╛╤В╨░╤В╤М ╨┐╤Г╤Б╤В╤Л╨╡ ╤Б╤В╤А╨╛╨║╨╕ ╨▓ ╨╜╨╡╨╛╨▒╤П╨╖╨░╤В╨╡╨╗╤М╨╜╤Л╤Е ╨┐╨╛╨╗╤П╤Е
@qbs-autonaim/recruitment-assistant-extension:test: (pass) DataValidator > ╨│╤А╨░╨╜╨╕╤З╨╜╤Л╨╡ ╤Б╨╗╤Г╤З╨░╨╕ > ╨┤╨╛╨╗╨╢╨╡╨╜ ╨╛╨▒╤А╨░╨▒╨╛╤В╨░╤В╤М ╨┤╨░╨╜╨╜╤Л╨╡ ╤Б ╨╛╤З╨╡╨╜╤М ╨┤╨╗╨╕╨╜╨╜╤Л╨╝╨╕ ╤Б╤В╤А╨╛╨║╨░╨╝╨╕
@qbs-autonaim/recruitment-assistant-extension:test: 
@qbs-autonaim/recruitment-assistant-extension:test: src\shared\error-handler.property.test.ts:
@qbs-autonaim/recruitment-assistant-extension:test: (skip) ErrorHandler Property-based Tests > Property 11: ╨б╨╛╤Е╤А╨░╨╜╨╡╨╜╨╕╨╡ ╤З╨░╤Б╤В╨╕╤З╨╜╤Л╤Е ╨┤╨░╨╜╨╜╤Л╤Е ╨┐╤А╨╕ ╨╛╤И╨╕╨▒╨║╨╡ > ╨┤╨╛╨╗╨╢╨╡╨╜ ╤Б╨╛╤Е╤А╨░╨╜╤П╤В╤М ╨╗╤О╨▒╤Л╨╡ ╨╜╨╡╨┐╤Г╤Б╤В╤Л╨╡ ╤З╨░╤Б╤В╨╕╤З╨╜╤Л╨╡ ╨┤╨░╨╜╨╜╤Л╨╡ ╨┐╤А╨╕ ╨╛╤И╨╕╨▒╨║╨╡ ╨╕╨╖╨▓╨╗╨╡╤З╨╡╨╜╨╕╤П
@qbs-autonaim/recruitment-assistant-extension:test: (skip) ErrorHandler Property-based Tests > Property 11: ╨б╨╛╤Е╤А╨░╨╜╨╡╨╜╨╕╨╡ ╤З╨░╤Б╤В╨╕╤З╨╜╤Л╤Е ╨┤╨░╨╜╨╜╤Л╤Е ╨┐╤А╨╕ ╨╛╤И╨╕╨▒╨║╨╡ > ╨┤╨╛╨╗╨╢╨╡╨╜ ╤Б╨╛╤Е╤А╨░╨╜╤П╤В╤М ╤З╨░╤Б╤В╨╕╤З╨╜╤Л╨╡ ╨┤╨░╨╜╨╜╤Л╨╡ ╤Б ╨╗╤О╨▒╨╛╨╣ ╨║╨╛╨╝╨▒╨╕╨╜╨░╤Ж╨╕╨╡╨╣ ╨╖╨░╨┐╨╛╨╗╨╜╨╡╨╜╨╜╤Л╤Е ╨┐╨╛╨╗╨╡╨╣
@qbs-autonaim/recruitment-assistant-extension:test: (skip) ErrorHandler Property-based Tests > Property 11: ╨б╨╛╤Е╤А╨░╨╜╨╡╨╜╨╕╨╡ ╤З╨░╤Б╤В╨╕╤З╨╜╤Л╤Е ╨┤╨░╨╜╨╜╤Л╤Е ╨┐╤А╨╕ ╨╛╤И╨╕╨▒╨║╨╡ > ╨┤╨╛╨╗╨╢╨╡╨╜ ╤Б╨╛╤Е╤А╨░╨╜╤П╤В╤М ╤З╨░╤Б╤В╨╕╤З╨╜╤Л╨╡ ╨┤╨░╨╜╨╜╤Л╨╡ ╨╜╨╡╨╖╨░╨▓╨╕╤Б╨╕╨╝╨╛ ╨╛╤В ╤В╨╕╨┐╨░ ╨╛╤И╨╕╨▒╨║╨╕
@qbs-autonaim/recruitment-assistant-extension:test: (skip) ErrorHandler Property-based Tests > Property 11: ╨б╨╛╤Е╤А╨░╨╜╨╡╨╜╨╕╨╡ ╤З╨░╤Б╤В╨╕╤З╨╜╤Л╤Е ╨┤╨░╨╜╨╜╤Л╤Е ╨┐╤А╨╕ ╨╛╤И╨╕╨▒╨║╨╡ > ╨┤╨╛╨╗╨╢╨╡╨╜ ╨│╨╡╨╜╨╡╤А╨╕╤А╨╛╨▓╨░╤В╤М ╤Г╨╜╨╕╨║╨░╨╗╤М╨╜╤Л╨╡ ╨║╨╗╤О╤З╨╕ ╨┤╨╗╤П ╨║╨░╨╢╨┤╨╛╨│╨╛ ╤Б╨╛╤Е╤А╨░╨╜╨╡╨╜╨╕╤П
@qbs-autonaim/recruitment-assistant-extension:test: (skip) ErrorHandler Property-based Tests > Property 11: ╨б╨╛╤Е╤А╨░╨╜╨╡╨╜╨╕╨╡ ╤З╨░╤Б╤В╨╕╤З╨╜╤Л╤Е ╨┤╨░╨╜╨╜╤Л╤Е ╨┐╤А╨╕ ╨╛╤И╨╕╨▒╨║╨╡ > ╨┤╨╛╨╗╨╢╨╡╨╜ ╤Б╨╛╤Е╤А╨░╨╜╤П╤В╤М ╤З╨░╤Б╤В╨╕╤З╨╜╤Л╨╡ ╨┤╨░╨╜╨╜╤Л╨╡ ╤Б basicInfo ╨┐╤А╨╕ ╨╗╤О╨▒╤Л╤Е ╨╖╨╜╨░╤З╨╡╨╜╨╕╤П╤Е ╨┐╨╛╨╗╨╡╨╣
@qbs-autonaim/recruitment-assistant-extension:test: 
@qbs-autonaim/recruitment-assistant-extension:test: src\shared\error-handler.test.ts:
@qbs-autonaim/recruitment-assistant-extension:test: [Recruitment Assistant] {
@qbs-autonaim/recruitment-assistant-extension:test:   timestamp: 2026-02-24T09:01:00.863Z,
@qbs-autonaim/recruitment-assistant-extension:test:   type: "extraction",
@qbs-autonaim/recruitment-assistant-extension:test:   message: "╨Ю╤И╨╕╨▒╨║╨░ ╨╕╨╖╨▓╨╗╨╡╤З╨╡╨╜╨╕╤П",
@qbs-autonaim/recruitment-assistant-extension:test:   stack: "Error: ╨Ю╤И╨╕╨▒╨║╨░ ╨╕╨╖╨▓╨╗╨╡╤З╨╡╨╜╨╕╤П\n    at <anonymous> (C:\\Projects\\kwork\\selectio\\apps\\recruitment-assistant-extension\\src\\shared\\error-handler.test.ts:54:25)",
@qbs-autonaim/recruitment-assistant-extension:test:   context: {
@qbs-autonaim/recruitment-assistant-extension:test:     partialData: {
@qbs-autonaim/recruitment-assistant-extension:test:       platform: "LinkedIn",
@qbs-autonaim/recruitment-assistant-extension:test:       basicInfo: [Object ...],
@qbs-autonaim/recruitment-assistant-extension:test:     },
@qbs-autonaim/recruitment-assistant-extension:test:   },
@qbs-autonaim/recruitment-assistant-extension:test: }
@qbs-autonaim/recruitment-assistant-extension:test: ╨з╨░╤Б╤В╨╕╤З╨╜╤Л╨╡ ╨┤╨░╨╜╨╜╤Л╨╡ ╤Б╨╛╤Е╤А╨░╨╜╨╡╨╜╤Л: temp_partial_1771923660863
@qbs-autonaim/recruitment-assistant-extension:test: (pass) ErrorHandler > handleExtractionError > ╨┤╨╛╨╗╨╢╨╡╨╜ ╤Б╨╛╤Е╤А╨░╨╜╨╕╤В╤М ╤З╨░╤Б╤В╨╕╤З╨╜╤Л╨╡ ╨┤╨░╨╜╨╜╤Л╨╡ [16.00ms]
@qbs-autonaim/recruitment-assistant-extension:test: [Recruitment Assistant] {
@qbs-autonaim/recruitment-assistant-extension:test:   timestamp: 2026-02-24T09:01:00.864Z,
@qbs-autonaim/recruitment-assistant-extension:test:   type: "extraction",
@qbs-autonaim/recruitment-assistant-extension:test:   message: "╨Ю╤И╨╕╨▒╨║╨░ ╨╕╨╖╨▓╨╗╨╡╤З╨╡╨╜╨╕╤П",
@qbs-autonaim/recruitment-assistant-extension:test:   stack: "Error: ╨Ю╤И╨╕╨▒╨║╨░ ╨╕╨╖╨▓╨╗╨╡╤З╨╡╨╜╨╕╤П\n    at <anonymous> (C:\\Projects\\kwork\\selectio\\apps\\recruitment-assistant-extension\\src\\shared\\error-handler.test.ts:75:25)",
@qbs-autonaim/recruitment-assistant-extension:test:   context: {
@qbs-autonaim/recruitment-assistant-extension:test:     partialData: {},
@qbs-autonaim/recruitment-assistant-extension:test:   },
@qbs-autonaim/recruitment-assistant-extension:test: }
@qbs-autonaim/recruitment-assistant-extension:test: (pass) ErrorHandler > handleExtractionError > ╨╜╨╡ ╨┤╨╛╨╗╨╢╨╡╨╜ ╤Б╨╛╤Е╤А╨░╨╜╤П╤В╤М ╨┐╤Г╤Б╤В╤Л╨╡ ╤З╨░╤Б╤В╨╕╤З╨╜╤Л╨╡ ╨┤╨░╨╜╨╜╤Л╨╡
@qbs-autonaim/recruitment-assistant-extension:test: [Recruitment Assistant] {
@qbs-autonaim/recruitment-assistant-extension:test:   timestamp: 2026-02-24T09:01:00.864Z,
@qbs-autonaim/recruitment-assistant-extension:test:   type: "extraction",
@qbs-autonaim/recruitment-assistant-extension:test:   message: "╨Ю╤И╨╕╨▒╨║╨░ ╨╕╨╖╨▓╨╗╨╡╤З╨╡╨╜╨╕╤П",
@qbs-autonaim/recruitment-assistant-extension:test:   stack: "Error: ╨Ю╤И╨╕╨▒╨║╨░ ╨╕╨╖╨▓╨╗╨╡╤З╨╡╨╜╨╕╤П\n    at <anonymous> (C:\\Projects\\kwork\\selectio\\apps\\recruitment-assistant-extension\\src\\shared\\error-handler.test.ts:84:25)",
@qbs-autonaim/recruitment-assistant-extension:test:   context: {
@qbs-autonaim/recruitment-assistant-extension:test:     partialData: {
@qbs-autonaim/recruitment-assistant-extension:test:       platform: "LinkedIn",
@qbs-autonaim/recruitment-assistant-extension:test:     },
@qbs-autonaim/recruitment-assistant-extension:test: ╨з╨░╤Б╤В╨╕╤З╨╜╤Л╨╡ ╨┤╨░╨╜╨╜╤Л╨╡ ╤Б╨╛╤Е╤А╨░╨╜╨╡╨╜╤Л: temp_partial_1771923660864
@qbs-autonaim/recruitment-assistant-extension:test:   },
@qbs-autonaim/recruitment-assistant-extension:test: }
@qbs-autonaim/recruitment-assistant-extension:test: (pass) ErrorHandler > handleExtractionError > ╨┤╨╛╨╗╨╢╨╡╨╜ ╨┐╨╛╨║╨░╨╖╨░╤В╤М ╤Г╨▓╨╡╨┤╨╛╨╝╨╗╨╡╨╜╨╕╨╡ ╤Б ╨║╨╜╨╛╨┐╨║╨╛╨╣ ╨┐╨╛╨▓╤В╨╛╤А╨╕╤В╤М
@qbs-autonaim/recruitment-assistant-extension:test: [Recruitment Assistant] {
@qbs-autonaim/recruitment-assistant-extension:test:   timestamp: 2026-02-24T09:01:00.864Z,
@qbs-autonaim/recruitment-assistant-extension:test:   type: "api",
@qbs-autonaim/recruitment-assistant-extension:test:   message: "401 Unauthorized",
@qbs-autonaim/recruitment-assistant-extension:test:   stack: "Error: 401 Unauthorized\n    at <anonymous> (C:\\Projects\\kwork\\selectio\\apps\\recruitment-assistant-extension\\src\\shared\\error-handler.test.ts:100:25)",
@qbs-autonaim/recruitment-assistant-extension:test:   context: undefined,
@qbs-autonaim/recruitment-assistant-extension:test: }
@qbs-autonaim/recruitment-assistant-extension:test: (pass) ErrorHandler > handleApiError > ╨┤╨╛╨╗╨╢╨╡╨╜ ╨╛╨▒╤А╨░╨▒╨╛╤В╨░╤В╤М ╨╛╤И╨╕╨▒╨║╤Г 401 ╨╕ ╨┐╤А╨╡╨┤╨╗╨╛╨╢╨╕╤В╤М ╨╛╤В╨║╤А╤Л╤В╤М ╨╜╨░╤Б╤В╤А╨╛╨╣╨║╨╕
@qbs-autonaim/recruitment-assistant-extension:test: [Recruitment Assistant] {
@qbs-autonaim/recruitment-assistant-extension:test:   timestamp: 2026-02-24T09:01:00.864Z,
@qbs-autonaim/recruitment-assistant-extension:test:   type: "api",
@qbs-autonaim/recruitment-assistant-extension:test:   message: "403 Forbidden",
@qbs-autonaim/recruitment-assistant-extension:test:   stack: "Error: 403 Forbidden\n    at <anonymous> (C:\\Projects\\kwork\\selectio\\apps\\recruitment-assistant-extension\\src\\shared\\error-handler.test.ts:108:25)",
@qbs-autonaim/recruitment-assistant-extension:test:   context: undefined,
@qbs-autonaim/recruitment-assistant-extension:test: }
@qbs-autonaim/recruitment-assistant-extension:test: (pass) ErrorHandler > handleApiError > ╨┤╨╛╨╗╨╢╨╡╨╜ ╨╛╨▒╤А╨░╨▒╨╛╤В╨░╤В╤М ╨╛╤И╨╕╨▒╨║╤Г 403 ╨╕ ╨┐╤А╨╡╨┤╨╗╨╛╨╢╨╕╤В╤М ╨╛╤В╨║╤А╤Л╤В╤М ╨╜╨░╤Б╤В╤А╨╛╨╣╨║╨╕
@qbs-autonaim/recruitment-assistant-extension:test: [Recruitment Assistant] {
@qbs-autonaim/recruitment-assistant-extension:test:   timestamp: 2026-02-24T09:01:00.864Z,
@qbs-autonaim/recruitment-assistant-extension:test:   type: "api",
@qbs-autonaim/recruitment-assistant-extension:test:   message: "Network error",
@qbs-autonaim/recruitment-assistant-extension:test:   stack: "Error: Network error\n    at <anonymous> (C:\\Projects\\kwork\\selectio\\apps\\recruitment-assistant-extension\\src\\shared\\error-handler.test.ts:116:25)",
@qbs-autonaim/recruitment-assistant-extension:test:   context: undefined,
@qbs-autonaim/recruitment-assistant-extension:test: }
@qbs-autonaim/recruitment-assistant-extension:test: (pass) ErrorHandler > handleApiError > ╨┤╨╛╨╗╨╢╨╡╨╜ ╨╛╨▒╤А╨░╨▒╨╛╤В╨░╤В╤М ╤Б╨╡╤В╨╡╨▓╤Г╤О ╨╛╤И╨╕╨▒╨║╤Г ╨╕ ╨┐╤А╨╡╨┤╨╗╨╛╨╢╨╕╤В╤М ╨┐╨╛╨▓╤В╨╛╤А╨╕╤В╤М
@qbs-autonaim/recruitment-assistant-extension:test: [Recruitment Assistant] {
@qbs-autonaim/recruitment-assistant-extension:test:   timestamp: 2026-02-24T09:01:00.865Z,
@qbs-autonaim/recruitment-assistant-extension:test:   type: "api",
@qbs-autonaim/recruitment-assistant-extension:test:   message: "Internal server error",
@qbs-autonaim/recruitment-assistant-extension:test:   stack: "Error: Internal server error\n    at <anonymous> (C:\\Projects\\kwork\\selectio\\apps\\recruitment-assistant-extension\\src\\shared\\error-handler.test.ts:126:25)",
@qbs-autonaim/recruitment-assistant-extension:test:   context: undefined,
@qbs-autonaim/recruitment-assistant-extension:test: }
@qbs-autonaim/recruitment-assistant-extension:test: (pass) ErrorHandler > handleApiError > ╨┤╨╛╨╗╨╢╨╡╨╜ ╨╛╨▒╤А╨░╨▒╨╛╤В╨░╤В╤М ╨┤╤А╤Г╨│╨╕╨╡ ╨╛╤И╨╕╨▒╨║╨╕ API
@qbs-autonaim/recruitment-assistant-extension:test: [Recruitment Assistant] {
@qbs-autonaim/recruitment-assistant-extension:test:   timestamp: 2026-02-24T09:01:00.866Z,
@qbs-autonaim/recruitment-assistant-extension:test:   type: "validation",
@qbs-autonaim/recruitment-assistant-extension:test:   message: "╨Ю╤И╨╕╨▒╨║╨░ ╨▓╨░╨╗╨╕╨┤╨░╤Ж╨╕╨╕: [\n  {\n    \"expected\": \"number\",\n    \"code\": \"invalid_type\",\n    \"path\": [\n      \"age\"\n    ],\n    \"message\": \"Invalid input: expected number, received string\"\n  }\n]",
@qbs-autonaim/recruitment-assistant-extension:test:   stack: "Error: ╨Ю╤И╨╕╨▒╨║╨░ ╨▓╨░╨╗╨╕╨┤╨░╤Ж╨╕╨╕: [\n  {\n    \"expected\": \"number\",\n    \"code\": \"invalid_type\",\n    \"path\": [\n      \"age\"\n    ],\n    \"message\": \"Invalid input: expected number, received string\"\n  }\n]\n    at handleValidationError (C:\\Projects\\kwork\\selectio\\apps\\recruitment-assistant-extension\\src\\shared\\error-handler.ts:110:11)\n    at <anonymous> (C:\\Projects\\kwork\\selectio\\apps\\recruitment-assistant-extension\\src\\shared\\error-handler.test.ts:145:24)",
@qbs-autonaim/recruitment-assistant-extension:test:   context: {
@qbs-autonaim/recruitment-assistant-extension:test:     issues: [
@qbs-autonaim/recruitment-assistant-extension:test:       [Object ...]
@qbs-autonaim/recruitment-assistant-extension:test:     ],
@qbs-autonaim/recruitment-assistant-extension:test:   },
@qbs-autonaim/recruitment-assistant-extension:test: }
@qbs-autonaim/recruitment-assistant-extension:test: (pass) ErrorHandler > handleValidationError > ╨┤╨╛╨╗╨╢╨╡╨╜ ╨╛╨▒╤А╨░╨▒╨╛╤В╨░╤В╤М ╨╛╤И╨╕╨▒╨║╤Г ╨▓╨░╨╗╨╕╨┤╨░╤Ж╨╕╨╕ Zod
@qbs-autonaim/recruitment-assistant-extension:test: [Recruitment Assistant] {
@qbs-autonaim/recruitment-assistant-extension:test:   timestamp: 2026-02-24T09:01:00.866Z,
@qbs-autonaim/recruitment-assistant-extension:test:   type: "config",
@qbs-autonaim/recruitment-assistant-extension:test:   message: "API ╨╜╨╡ ╨╜╨░╤Б╤В╤А╨╛╨╡╨╜",
@qbs-autonaim/recruitment-assistant-extension:test:   stack: "Error: API ╨╜╨╡ ╨╜╨░╤Б╤В╤А╨╛╨╡╨╜\n    at handleConfigError (C:\\Projects\\kwork\\selectio\\apps\\recruitment-assistant-extension\\src\\shared\\error-handler.ts:126:25)\n    at <anonymous> (C:\\Projects\\kwork\\selectio\\apps\\recruitment-assistant-extension\\src\\shared\\error-handler.test.ts:154:20)",
@qbs-autonaim/recruitment-assistant-extension:test:   context: undefined,
@qbs-autonaim/recruitment-assistant-extension:test: }
@qbs-autonaim/recruitment-assistant-extension:test: (pass) ErrorHandler > handleConfigError > ╨┤╨╛╨╗╨╢╨╡╨╜ ╨╛╨▒╤А╨░╨▒╨╛╤В╨░╤В╤М ╨╛╤И╨╕╨▒╨║╤Г ╨║╨╛╨╜╤Д╨╕╨│╤Г╤А╨░╤Ж╨╕╨╕ ╨╕ ╨┐╤А╨╡╨┤╨╗╨╛╨╢╨╕╤В╤М ╨╛╤В╨║╤А╤Л╤В╤М ╨╜╨░╤Б╤В╤А╨╛╨╣╨║╨╕
@qbs-autonaim/recruitment-assistant-extension:test: (pass) ErrorHandler > showNotification > ╨┤╨╛╨╗╨╢╨╡╨╜ ╤Б╨╛╨╖╨┤╨░╤В╤М ╤Н╨╗╨╡╨╝╨╡╨╜╤В ╤Г╨▓╨╡╨┤╨╛╨╝╨╗╨╡╨╜╨╕╤П ╤Б ╨┐╤А╨░╨▓╨╕╨╗╤М╨╜╤Л╨╝╨╕ ╨░╤В╤А╨╕╨▒╤Г╤В╨░╨╝╨╕
@qbs-autonaim/recruitment-assistant-extension:test: (pass) ErrorHandler > showNotification > ╨┤╨╛╨╗╨╢╨╡╨╜ ╤Б╨╛╨╖╨┤╨░╤В╤М ╨║╨╜╨╛╨┐╨║╤Г ╨┤╨╡╨╣╤Б╤В╨▓╨╕╤П, ╨╡╤Б╨╗╨╕ ╨╛╨╜╨░ ╤Г╨║╨░╨╖╨░╨╜╨░
@qbs-autonaim/recruitment-assistant-extension:test: (pass) ErrorHandler > showNotification > ╨┤╨╛╨╗╨╢╨╡╨╜ ╨╕╤Б╨┐╨╛╨╗╤М╨╖╨╛╨▓╨░╤В╤М ╤А╤Г╤Б╤Б╨║╨╛╤П╨╖╤Л╤З╨╜╤Л╨╡ ╤Б╨╛╨╛╨▒╤Й╨╡╨╜╨╕╤П ╨▒╨╡╨╖ ╨░╨╜╨│╨╗╨╕╤Ж╨╕╨╖╨╝╨╛╨▓
@qbs-autonaim/recruitment-assistant-extension:test: [Recruitment Assistant] {
@qbs-autonaim/recruitment-assistant-extension:test:   timestamp: 2026-02-24T09:01:00.867Z,
@qbs-autonaim/recruitment-assistant-extension:test:   type: "extraction",
@qbs-autonaim/recruitment-assistant-extension:test:   message: "Test",
@qbs-autonaim/recruitment-assistant-extension:test:   stack: "Error: Test\n    at <anonymous> (C:\\Projects\\kwork\\selectio\\apps\\recruitment-assistant-extension\\src\\shared\\error-handler.test.ts:206:25)",
@qbs-autonaim/recruitment-assistant-extension:test:   context: {
@qbs-autonaim/recruitment-assistant-extension:test:     partialData: {
@qbs-autonaim/recruitment-assistant-extension:test:       platform: "LinkedIn",
@qbs-autonaim/recruitment-assistant-extension:test:     },
@qbs-autonaim/recruitment-assistant-extension:test:   },
@qbs-autonaim/recruitment-assistant-extension:test: }
@qbs-autonaim/recruitment-assistant-extension:test: ╨з╨░╤Б╤В╨╕╤З╨╜╤Л╨╡ ╨┤╨░╨╜╨╜╤Л╨╡ ╤Б╨╛╤Е╤А╨░╨╜╨╡╨╜╤Л: temp_partial_1771923660867
@qbs-autonaim/recruitment-assistant-extension:test: (pass) ErrorHandler > setRetryCallback > ╨┤╨╛╨╗╨╢╨╡╨╜ ╤Г╤Б╤В╨░╨╜╨╛╨▓╨╕╤В╤М callback ╨┤╨╗╤П ╨┐╨╛╨▓╤В╨╛╤А╨╜╨╛╨╣ ╨┐╨╛╨┐╤Л╤В╨║╨╕
@qbs-autonaim/recruitment-assistant-extension:test: [Recruitment Assistant] {
@qbs-autonaim/recruitment-assistant-extension:test:   timestamp: 2026-02-24T09:01:00.867Z,
@qbs-autonaim/recruitment-assistant-extension:test:   type: "api",
@qbs-autonaim/recruitment-assistant-extension:test:   message: "Network error",
@qbs-autonaim/recruitment-assistant-extension:test:   stack: "Error: Network error\n    at <anonymous> (C:\\Projects\\kwork\\selectio\\apps\\recruitment-assistant-extension\\src\\shared\\error-handler.test.ts:220:25)",
@qbs-autonaim/recruitment-assistant-extension:test:   context: undefined,
@qbs-autonaim/recruitment-assistant-extension:test: }
@qbs-autonaim/recruitment-assistant-extension:test: (pass) ErrorHandler > setRetryApiCallback > ╨┤╨╛╨╗╨╢╨╡╨╜ ╤Г╤Б╤В╨░╨╜╨╛╨▓╨╕╤В╤М callback ╨┤╨╗╤П ╨┐╨╛╨▓╤В╨╛╤А╨╜╨╛╨╣ ╨┐╨╛╨┐╤Л╤В╨║╨╕ API ╨╖╨░╨┐╤А╨╛╤Б╨░
@qbs-autonaim/recruitment-assistant-extension:test: 
@qbs-autonaim/recruitment-assistant-extension:test: src\shared\logger.test.ts:
@qbs-autonaim/recruitment-assistant-extension:test: (pass) Logger > log > ╨┤╨╛╨╗╨╢╨╡╨╜ ╨╗╨╛╨│╨╕╤А╨╛╨▓╨░╤В╤М ╨╛╤И╨╕╨▒╨║╤Г ╨▓ ╨║╨╛╨╜╤Б╨╛╨╗╤М
@qbs-autonaim/recruitment-assistant-extension:test: (pass) Logger > log > ╨┤╨╛╨╗╨╢╨╡╨╜ ╨╗╨╛╨│╨╕╤А╨╛╨▓╨░╤В╤М ╨╛╤И╨╕╨▒╨║╤Г ╤Б ╨║╨╛╨╜╤В╨╡╨║╤Б╤В╨╛╨╝
@qbs-autonaim/recruitment-assistant-extension:test: (pass) Logger > log > ╨┤╨╛╨╗╨╢╨╡╨╜ ╨┐╨╛╨┤╨┤╨╡╤А╨╢╨╕╨▓╨░╤В╤М ╨▓╤Б╨╡ ╤В╨╕╨┐╤Л ╨╛╤И╨╕╨▒╨╛╨║
@qbs-autonaim/recruitment-assistant-extension:test: (pass) Logger > log > ╨╜╨╡ ╨┤╨╛╨╗╨╢╨╡╨╜ ╨╛╤В╨┐╤А╨░╨▓╨╗╤П╤В╤М ╨╗╨╛╨│╨╕ ╨▓ ╨╝╨╛╨╜╨╕╤В╨╛╤А╨╕╨╜╨│, ╨╡╤Б╨╗╨╕ ╨╛╨╜ ╨╜╨╡ ╨▓╨║╨╗╤О╤З╨╡╨╜
@qbs-autonaim/recruitment-assistant-extension:test: (pass) Logger > log > ╨┤╨╛╨╗╨╢╨╡╨╜ ╨╛╤В╨┐╤А╨░╨▓╨╗╤П╤В╤М ╨╗╨╛╨│╨╕ ╨▓ ╨╝╨╛╨╜╨╕╤В╨╛╤А╨╕╨╜╨│, ╨╡╤Б╨╗╨╕ ╨╛╨╜ ╨▓╨║╨╗╤О╤З╨╡╨╜ [15.00ms]
@qbs-autonaim/recruitment-assistant-extension:test: (pass) Logger > log > ╨┤╨╛╨╗╨╢╨╡╨╜ ╨╛╨▒╤А╨░╨▒╨░╤В╤Л╨▓╨░╤В╤М ╨╛╤И╨╕╨▒╨║╨╕ ╨╛╤В╨┐╤А╨░╨▓╨║╨╕ ╨▓ ╨╝╨╛╨╜╨╕╤В╨╛╤А╨╕╨╜╨│ [16.00ms]
@qbs-autonaim/recruitment-assistant-extension:test: (pass) Logger > enableMonitoring > ╨┤╨╛╨╗╨╢╨╡╨╜ ╨▓╨║╨╗╤О╤З╨╕╤В╤М ╨╝╨╛╨╜╨╕╤В╨╛╤А╨╕╨╜╨│ ╤Б ╤Г╨║╨░╨╖╨░╨╜╨╜╤Л╨╝ URL [16.00ms]
@qbs-autonaim/recruitment-assistant-extension:test: (pass) Logger > disableMonitoring > ╨┤╨╛╨╗╨╢╨╡╨╜ ╨╛╤В╨║╨╗╤О╤З╨╕╤В╤М ╨╝╨╛╨╜╨╕╤В╨╛╤А╨╕╨╜╨│ [15.00ms]
@qbs-autonaim/recruitment-assistant-extension:test: (pass) Logger > ╤Д╨╛╤А╨╝╨░╤В╨╕╤А╨╛╨▓╨░╨╜╨╕╨╡ ╨╗╨╛╨│╨╛╨▓ > ╨┤╨╛╨╗╨╢╨╡╨╜ ╤Д╨╛╤А╨╝╨░╤В╨╕╤А╨╛╨▓╨░╤В╤М timestamp ╨▓ ISO ╤Д╨╛╤А╨╝╨░╤В ╨┤╨╗╤П ╨╛╤В╨┐╤А╨░╨▓╨║╨╕ [16.00ms]
@qbs-autonaim/recruitment-assistant-extension:test: (pass) Logger > ╤Д╨╛╤А╨╝╨░╤В╨╕╤А╨╛╨▓╨░╨╜╨╕╨╡ ╨╗╨╛╨│╨╛╨▓ > ╨┤╨╛╨╗╨╢╨╡╨╜ ╨▓╨║╨╗╤О╤З╨░╤В╤М ╨▓╤Б╨╡ ╨┐╨╛╨╗╤П ╨╗╨╛╨│╨░ [15.00ms]
@qbs-autonaim/recruitment-assistant-extension:test: 
@qbs-autonaim/recruitment-assistant-extension:test: src\shared\service-worker-client.test.ts:
@qbs-autonaim/recruitment-assistant-extension:test: (pass) Service Worker Client > sendApiRequest > ╨┤╨╛╨╗╨╢╨╡╨╜ ╨╛╤В╨┐╤А╨░╨▓╨╗╤П╤В╤М API ╨╖╨░╨┐╤А╨╛╤Б ╤З╨╡╤А╨╡╨╖ Service Worker
@qbs-autonaim/recruitment-assistant-extension:test: ╨Ю╤И╨╕╨▒╨║╨░ ╨┐╤А╨╕ ╨╛╤В╨┐╤А╨░╨▓╨║╨╡ ╤Б╨╛╨╛╨▒╤Й╨╡╨╜╨╕╤П Service Worker: 34 |     it("╨┤╨╛╨╗╨╢╨╡╨╜ ╨╛╨▒╤А╨░╨▒╨░╤В╤Л╨▓╨░╤В╤М ╨╛╤И╨╕╨▒╨║╨╕ ╤Б╨▓╤П╨╖╨╕ ╤Б Service Worker", async () => {
@qbs-autonaim/recruitment-assistant-extension:test: 35 |       // ╨Ь╨╛╨║╨╕╤А╤Г╨╡╨╝ ╨╛╤И╨╕╨▒╨║╤Г
@qbs-autonaim/recruitment-assistant-extension:test: 36 |       global.chrome = {
@qbs-autonaim/recruitment-assistant-extension:test: 37 |         runtime: {
@qbs-autonaim/recruitment-assistant-extension:test: 38 |           sendMessage: mock(() =>
@qbs-autonaim/recruitment-assistant-extension:test: 39 |             Promise.reject(new Error("Connection failed")),
@qbs-autonaim/recruitment-assistant-extension:test:                                     ^
@qbs-autonaim/recruitment-assistant-extension:test: error: Connection failed
@qbs-autonaim/recruitment-assistant-extension:test:       at <anonymous> (C:\Projects\kwork\selectio\apps\recruitment-assistant-extension\src\shared\service-worker-client.test.ts:39:32)
@qbs-autonaim/recruitment-assistant-extension:test:       at sendApiRequest (C:\Projects\kwork\selectio\apps\recruitment-assistant-extension\src\shared\service-worker-client.ts:14:43)
@qbs-autonaim/recruitment-assistant-extension:test:       at <anonymous> (C:\Projects\kwork\selectio\apps\recruitment-assistant-extension\src\shared\service-worker-client.test.ts:49:30)
@qbs-autonaim/recruitment-assistant-extension:test: 
@qbs-autonaim/recruitment-assistant-extension:test: (pass) Service Worker Client > sendApiRequest > ╨┤╨╛╨╗╨╢╨╡╨╜ ╨╛╨▒╤А╨░╨▒╨░╤В╤Л╨▓╨░╤В╤М ╨╛╤И╨╕╨▒╨║╨╕ ╤Б╨▓╤П╨╖╨╕ ╤Б Service Worker
@qbs-autonaim/recruitment-assistant-extension:test: (pass) Service Worker Client > pingServiceWorker > ╨┤╨╛╨╗╨╢╨╡╨╜ ╨▓╨╛╨╖╨▓╤А╨░╤Й╨░╤В╤М true ╨┐╤А╨╕ ╤Г╤Б╨┐╨╡╤И╨╜╨╛╨╝ ╨╛╤В╨▓╨╡╤В╨╡
@qbs-autonaim/recruitment-assistant-extension:test: Service Worker ╨╜╨╡ ╨╛╤В╨▓╨╡╤З╨░╨╡╤В: 73 | 
@qbs-autonaim/recruitment-assistant-extension:test: 74 |     it("╨┤╨╛╨╗╨╢╨╡╨╜ ╨▓╨╛╨╖╨▓╤А╨░╤Й╨░╤В╤М false ╨┐╤А╨╕ ╨╛╤И╨╕╨▒╨║╨╡", async () => {
@qbs-autonaim/recruitment-assistant-extension:test: 75 |       global.chrome = {
@qbs-autonaim/recruitment-assistant-extension:test: 76 |         runtime: {
@qbs-autonaim/recruitment-assistant-extension:test: 77 |           sendMessage: mock(() =>
@qbs-autonaim/recruitment-assistant-extension:test: 78 |             Promise.reject(new Error("Service Worker not responding")),
@qbs-autonaim/recruitment-assistant-extension:test:                                     ^
@qbs-autonaim/recruitment-assistant-extension:test: error: Service Worker not responding
@qbs-autonaim/recruitment-assistant-extension:test:       at <anonymous> (C:\Projects\kwork\selectio\apps\recruitment-assistant-extension\src\shared\service-worker-client.test.ts:78:32)
@qbs-autonaim/recruitment-assistant-extension:test:       at pingServiceWorker (C:\Projects\kwork\selectio\apps\recruitment-assistant-extension\src\shared\service-worker-client.ts:35:43)
@qbs-autonaim/recruitment-assistant-extension:test:       at <anonymous> (C:\Projects\kwork\selectio\apps\recruitment-assistant-extension\src\shared\service-worker-client.test.ts:83:28)
@qbs-autonaim/recruitment-assistant-extension:test: 
@qbs-autonaim/recruitment-assistant-extension:test: (pass) Service Worker Client > pingServiceWorker > ╨┤╨╛╨╗╨╢╨╡╨╜ ╨▓╨╛╨╖╨▓╤А╨░╤Й╨░╤В╤М false ╨┐╤А╨╕ ╨╛╤И╨╕╨▒╨║╨╡
@qbs-autonaim/recruitment-assistant-extension:test: 
@qbs-autonaim/recruitment-assistant-extension:test: src\storage\storage-manager.test.ts:
@qbs-autonaim/recruitment-assistant-extension:test: (pass) StorageManager > saveCandidate > ╨┤╨╛╨╗╨╢╨╡╨╜ ╤Б╨╛╤Е╤А╨░╨╜╨╕╤В╤М ╨┤╨░╨╜╨╜╤Л╨╡ ╨║╨░╨╜╨┤╨╕╨┤╨░╤В╨░ ╤Б ╤Г╨╜╨╕╨║╨░╨╗╤М╨╜╤Л╨╝ ╨║╨╗╤О╤З╨╛╨╝
@qbs-autonaim/recruitment-assistant-extension:test: (pass) StorageManager > clearTemporaryData > ╨┤╨╛╨╗╨╢╨╡╨╜ ╤Г╨┤╨░╨╗╨╕╤В╤М ╨▓╤Б╨╡ ╨║╨╗╤О╤З╨╕ ╤Б ╨┐╤А╨╡╤Д╨╕╨║╤Б╨╛╨╝ temp_
@qbs-autonaim/recruitment-assistant-extension:test: (pass) StorageManager > clearTemporaryData > ╨╜╨╡ ╨┤╨╛╨╗╨╢╨╡╨╜ ╤Г╨┤╨░╨╗╤П╤В╤М ╨╜╨╕╤З╨╡╨│╨╛, ╨╡╤Б╨╗╨╕ ╨╜╨╡╤В ╨▓╤А╨╡╨╝╨╡╨╜╨╜╤Л╤Е ╨┤╨░╨╜╨╜╤Л╤Е
@qbs-autonaim/recruitment-assistant-extension:test: 
@qbs-autonaim/recruitment-assistant-extension:test: src\adapters\base\platform-adapter.test.ts:
@qbs-autonaim/recruitment-assistant-extension:test: 76 |       // Act
@qbs-autonaim/recruitment-assistant-extension:test: 77 |       const result = adapter.extractAll();
@qbs-autonaim/recruitment-assistant-extension:test: 78 | 
@qbs-autonaim/recruitment-assistant-extension:test: 79 |       // Assert
@qbs-autonaim/recruitment-assistant-extension:test: 80 |       expect(result.platform).toBe("TestPlatform");
@qbs-autonaim/recruitment-assistant-extension:test: 81 |       expect(result.profileUrl).toBe("about:blank"); // ╨Т ╤В╨╡╤Б╤В╨╛╨▓╨╛╨╣ ╤Б╤А╨╡╨┤╨╡
@qbs-autonaim/recruitment-assistant-extension:test:                                      ^
@qbs-autonaim/recruitment-assistant-extension:test: error: expect(received).toBe(expected)
@qbs-autonaim/recruitment-assistant-extension:test: 
@qbs-autonaim/recruitment-assistant-extension:test: Expected: "about:blank"
@qbs-autonaim/recruitment-assistant-extension:test: Received: "https://hh.ru/resume/123"
@qbs-autonaim/recruitment-assistant-extension:test: 
@qbs-autonaim/recruitment-assistant-extension:test:       at <anonymous> (C:\Projects\kwork\selectio\apps\recruitment-assistant-extension\src\adapters\base\platform-adapter.test.ts:81:33)
@qbs-autonaim/recruitment-assistant-extension:test: (fail) PlatformAdapter > extractAll > ╨┤╨╛╨╗╨╢╨╡╨╜ ╨╕╨╖╨▓╨╗╨╡╤З╤М ╨▓╤Б╨╡ ╨┤╨░╨╜╨╜╤Л╨╡ ╨┐╤А╨╛╤Д╨╕╨╗╤П
@qbs-autonaim/recruitment-assistant-extension:test: (pass) PlatformAdapter > extractAll > ╨┤╨╛╨╗╨╢╨╡╨╜ ╨▓╨║╨╗╤О╤З╨░╤В╤М ╤В╨╡╨║╤Г╤Й╨╕╨╣ URL ╤Б╤В╤А╨░╨╜╨╕╤Ж╤Л
@qbs-autonaim/recruitment-assistant-extension:test: (pass) PlatformAdapter > extractAll > ╨┤╨╛╨╗╨╢╨╡╨╜ ╨▓╨║╨╗╤О╤З╨░╤В╤М ╨▓╤А╨╡╨╝╤П ╨╕╨╖╨▓╨╗╨╡╤З╨╡╨╜╨╕╤П
@qbs-autonaim/recruitment-assistant-extension:test: (pass) PlatformAdapter > extractAll > ╨┤╨╛╨╗╨╢╨╡╨╜ ╨▓╤Л╨╖╤Л╨▓╨░╤В╤М ╨▓╤Б╨╡ ╨╝╨╡╤В╨╛╨┤╤Л ╨╕╨╖╨▓╨╗╨╡╤З╨╡╨╜╨╕╤П ╨┤╨░╨╜╨╜╤Л╤Е
@qbs-autonaim/recruitment-assistant-extension:test: 
@qbs-autonaim/recruitment-assistant-extension:test: src\adapters\headhunter\headhunter-adapter.test.ts:
@qbs-autonaim/recruitment-assistant-extension:test: (pass) HeadHunterAdapter > isProfilePage > ╨┤╨╛╨╗╨╢╨╡╨╜ ╨▓╨╡╤А╨╜╤Г╤В╤М true ╨┤╨╗╤П URL ╨┐╤А╨╛╤Д╨╕╨╗╤П HeadHunter
@qbs-autonaim/recruitment-assistant-extension:test: (pass) HeadHunterAdapter > isProfilePage > ╨┤╨╛╨╗╨╢╨╡╨╜ ╨▓╨╡╤А╨╜╤Г╤В╤М true ╨┤╨╗╤П URL ╤Б ╨┐╨╛╨┤╨┤╨╛╨╝╨╡╨╜╨╛╨╝
@qbs-autonaim/recruitment-assistant-extension:test: (pass) HeadHunterAdapter > isProfilePage > ╨┤╨╛╨╗╨╢╨╡╨╜ ╨▓╨╡╤А╨╜╤Г╤В╤М false ╨┤╨╗╤П URL ╨╜╨╡-╨┐╤А╨╛╤Д╨╕╨╗╤П
@qbs-autonaim/recruitment-assistant-extension:test: (pass) HeadHunterAdapter > isProfilePage > ╨┤╨╛╨╗╨╢╨╡╨╜ ╨▓╨╡╤А╨╜╤Г╤В╤М false ╨┤╨╗╤П ╨┤╤А╤Г╨│╨╛╨│╨╛ ╨┤╨╛╨╝╨╡╨╜╨░
@qbs-autonaim/recruitment-assistant-extension:test: (pass) HeadHunterAdapter > extractBasicInfo > ╨┤╨╛╨╗╨╢╨╡╨╜ ╨╕╨╖╨▓╨╗╨╡╤З╤М ╨▒╨░╨╖╨╛╨▓╤Г╤О ╨╕╨╜╤Д╨╛╤А╨╝╨░╤Ж╨╕╤О ╨╕╨╖ ╨┐╤А╨╛╤Д╨╕╨╗╤П
@qbs-autonaim/recruitment-assistant-extension:test: (pass) HeadHunterAdapter > extractBasicInfo > ╨┤╨╛╨╗╨╢╨╡╨╜ ╨╛╨▒╤А╨░╨▒╨╛╤В╨░╤В╤М ╨╛╤В╤Б╤Г╤В╤Б╤В╨▓╨╕╨╡ ╤Д╨╛╤В╨╛╨│╤А╨░╤Д╨╕╨╕
@qbs-autonaim/recruitment-assistant-extension:test: (pass) HeadHunterAdapter > extractBasicInfo > ╨┤╨╛╨╗╨╢╨╡╨╜ ╨╛╨▒╤А╨░╨▒╨╛╤В╨░╤В╤М ╨┐╤Г╤Б╤В╤Л╨╡ ╨┐╨╛╨╗╤П
@qbs-autonaim/recruitment-assistant-extension:test: (pass) HeadHunterAdapter > extractExperience > ╨┤╨╛╨╗╨╢╨╡╨╜ ╨╕╨╖╨▓╨╗╨╡╤З╤М ╨╛╨┐╤Л╤В ╤А╨░╨▒╨╛╤В╤Л ╨╕╨╖ ╨┐╤А╨╛╤Д╨╕╨╗╤П
@qbs-autonaim/recruitment-assistant-extension:test: (pass) HeadHunterAdapter > extractExperience > ╨┤╨╛╨╗╨╢╨╡╨╜ ╨╛╨▒╤А╨░╨▒╨╛╤В╨░╤В╤М ╤В╨╡╨║╤Г╤Й╤Г╤О ╨┐╨╛╨╖╨╕╤Ж╨╕╤О [16.00ms]
@qbs-autonaim/recruitment-assistant-extension:test: (pass) HeadHunterAdapter > extractExperience > ╨┤╨╛╨╗╨╢╨╡╨╜ ╨▓╨╡╤А╨╜╤Г╤В╤М ╨┐╤Г╤Б╤В╨╛╨╣ ╨╝╨░╤Б╤Б╨╕╨▓ ╨┐╤А╨╕ ╨╛╤В╤Б╤Г╤В╤Б╤В╨▓╨╕╨╕ ╨╛╨┐╤Л╤В╨░
@qbs-autonaim/recruitment-assistant-extension:test: (pass) HeadHunterAdapter > extractEducation > ╨┤╨╛╨╗╨╢╨╡╨╜ ╨╕╨╖╨▓╨╗╨╡╤З╤М ╨╛╨▒╤А╨░╨╖╨╛╨▓╨░╨╜╨╕╨╡ ╨╕╨╖ ╨┐╤А╨╛╤Д╨╕╨╗╤П
@qbs-autonaim/recruitment-assistant-extension:test: (pass) HeadHunterAdapter > extractEducation > ╨┤╨╛╨╗╨╢╨╡╨╜ ╨▓╨╡╤А╨╜╤Г╤В╤М ╨┐╤Г╤Б╤В╨╛╨╣ ╨╝╨░╤Б╤Б╨╕╨▓ ╨┐╤А╨╕ ╨╛╤В╤Б╤Г╤В╤Б╤В╨▓╨╕╨╕ ╨╛╨▒╤А╨░╨╖╨╛╨▓╨░╨╜╨╕╤П
@qbs-autonaim/recruitment-assistant-extension:test: (pass) HeadHunterAdapter > extractSkills > ╨┤╨╛╨╗╨╢╨╡╨╜ ╨╕╨╖╨▓╨╗╨╡╤З╤М ╨╜╨░╨▓╤Л╨║╨╕ ╨╕╨╖ ╨┐╤А╨╛╤Д╨╕╨╗╤П
@qbs-autonaim/recruitment-assistant-extension:test: (pass) HeadHunterAdapter > extractSkills > ╨┤╨╛╨╗╨╢╨╡╨╜ ╨▓╨╡╤А╨╜╤Г╤В╤М ╨┐╤Г╤Б╤В╨╛╨╣ ╨╝╨░╤Б╤Б╨╕╨▓ ╨┐╤А╨╕ ╨╛╤В╤Б╤Г╤В╤Б╤В╨▓╨╕╨╕ ╨╜╨░╨▓╤Л╨║╨╛╨▓
@qbs-autonaim/recruitment-assistant-extension:test: (pass) HeadHunterAdapter > extractSkills > ╨┤╨╛╨╗╨╢╨╡╨╜ ╨▓╨╡╤А╨╜╤Г╤В╤М ╨┐╤Г╤Б╤В╨╛╨╣ ╨╝╨░╤Б╤Б╨╕╨▓ ╨┐╤А╨╕ ╨┐╤Г╤Б╤В╨╛╨╝ ╨║╨╛╨╜╤В╨╡╨╣╨╜╨╡╤А╨╡ ╨╜╨░╨▓╤Л╨║╨╛╨▓
@qbs-autonaim/recruitment-assistant-extension:test: (pass) HeadHunterAdapter > extractContacts > ╨┤╨╛╨╗╨╢╨╡╨╜ ╨╕╨╖╨▓╨╗╨╡╤З╤М ╨║╨╛╨╜╤В╨░╨║╤В╨╜╤Г╤О ╨╕╨╜╤Д╨╛╤А╨╝╨░╤Ж╨╕╤О ╨╕╨╖ ╨┐╤А╨╛╤Д╨╕╨╗╤П
@qbs-autonaim/recruitment-assistant-extension:test: (pass) HeadHunterAdapter > extractContacts > ╨┤╨╛╨╗╨╢╨╡╨╜ ╨╛╨▒╤А╨░╨▒╨╛╤В╨░╤В╤М ╨╛╤В╤Б╤Г╤В╤Б╤В╨▓╨╕╨╡ ╨║╨╛╨╜╤В╨░╨║╤В╨╛╨▓
@qbs-autonaim/recruitment-assistant-extension:test: (pass) HeadHunterAdapter > extractContacts > ╨┤╨╛╨╗╨╢╨╡╨╜ ╨╛╨▒╤А╨░╨▒╨╛╤В╨░╤В╤М ╤З╨░╤Б╤В╨╕╤З╨╜╨╛╨╡ ╨╛╤В╤Б╤Г╤В╤Б╤В╨▓╨╕╨╡ ╨║╨╛╨╜╤В╨░╨║╤В╨╛╨▓
@qbs-autonaim/recruitment-assistant-extension:test: (pass) HeadHunterAdapter > extractAll > ╨┤╨╛╨╗╨╢╨╡╨╜ ╨╕╨╖╨▓╨╗╨╡╤З╤М ╨▓╤Б╨╡ ╨┤╨░╨╜╨╜╤Л╨╡ ╨┐╤А╨╛╤Д╨╕╨╗╤П
@qbs-autonaim/recruitment-assistant-extension:test: 
@qbs-autonaim/recruitment-assistant-extension:test: src\adapters\linkedin\linkedin-adapter.test.ts:
@qbs-autonaim/recruitment-assistant-extension:test: (pass) LinkedInAdapter > platformName > ╨┤╨╛╨╗╨╢╨╡╨╜ ╨╕╨╝╨╡╤В╤М ╨┐╤А╨░╨▓╨╕╨╗╤М╨╜╨╛╨╡ ╨╜╨░╨╖╨▓╨░╨╜╨╕╨╡ ╨┐╨╗╨░╤В╤Д╨╛╤А╨╝╤Л
@qbs-autonaim/recruitment-assistant-extension:test: (pass) LinkedInAdapter > isProfilePage > ╨┤╨╛╨╗╨╢╨╡╨╜ ╨▓╨╡╤А╨╜╤Г╤В╤М true ╨┤╨╗╤П URL ╨┐╤А╨╛╤Д╨╕╨╗╤П LinkedIn
@qbs-autonaim/recruitment-assistant-extension:test: (pass) LinkedInAdapter > isProfilePage > ╨┤╨╛╨╗╨╢╨╡╨╜ ╨▓╨╡╤А╨╜╤Г╤В╤М true ╨┤╨╗╤П URL ╨┐╤А╨╛╤Д╨╕╨╗╤П ╤Б ╨┤╨╛╨┐╨╛╨╗╨╜╨╕╤В╨╡╨╗╤М╨╜╤Л╨╝╨╕ ╨┐╨░╤А╨░╨╝╨╡╤В╤А╨░╨╝╨╕
@qbs-autonaim/recruitment-assistant-extension:test: (pass) LinkedInAdapter > isProfilePage > ╨┤╨╛╨╗╨╢╨╡╨╜ ╨▓╨╡╤А╨╜╤Г╤В╤М false ╨┤╨╗╤П URL ╨╗╨╡╨╜╤В╤Л
@qbs-autonaim/recruitment-assistant-extension:test: (pass) LinkedInAdapter > isProfilePage > ╨┤╨╛╨╗╨╢╨╡╨╜ ╨▓╨╡╤А╨╜╤Г╤В╤М false ╨┤╨╗╤П URL ╨┐╨╛╨╕╤Б╨║╨░
@qbs-autonaim/recruitment-assistant-extension:test: (pass) LinkedInAdapter > isProfilePage > ╨┤╨╛╨╗╨╢╨╡╨╜ ╨▓╨╡╤А╨╜╤Г╤В╤М false ╨┤╨╗╤П ╨┐╤Г╤Б╤В╨╛╨│╨╛ pathname
@qbs-autonaim/recruitment-assistant-extension:test: (pass) LinkedInAdapter > extractBasicInfo > ╨┤╨╛╨╗╨╢╨╡╨╜ ╨╕╨╖╨▓╨╗╨╡╤З╤М ╨┐╨╛╨╗╨╜╤Г╤О ╨▒╨░╨╖╨╛╨▓╤Г╤О ╨╕╨╜╤Д╨╛╤А╨╝╨░╤Ж╨╕╤О
@qbs-autonaim/recruitment-assistant-extension:test: (pass) LinkedInAdapter > extractBasicInfo > ╨┤╨╛╨╗╨╢╨╡╨╜ ╨╛╨▒╤А╨░╨▒╨╛╤В╨░╤В╤М ╨╛╤В╤Б╤Г╤В╤Б╤В╨▓╨╕╨╡ ╤Д╨╛╤В╨╛╨│╤А╨░╤Д╨╕╨╕
@qbs-autonaim/recruitment-assistant-extension:test: (pass) LinkedInAdapter > extractBasicInfo > ╨┤╨╛╨╗╨╢╨╡╨╜ ╨╛╨▒╤А╨░╨▒╨╛╤В╨░╤В╤М ╨╛╤В╤Б╤Г╤В╤Б╤В╨▓╨╕╨╡ ╨▓╤Б╨╡╤Е ╨┐╨╛╨╗╨╡╨╣
@qbs-autonaim/recruitment-assistant-extension:test: (pass) LinkedInAdapter > extractBasicInfo > ╨┤╨╛╨╗╨╢╨╡╨╜ ╨╛╨▒╤А╨╡╨╖╨░╤В╤М ╨┐╤А╨╛╨▒╨╡╨╗╤Л ╨▓ ╨┐╨╛╨╗╤П╤Е
@qbs-autonaim/recruitment-assistant-extension:test: (pass) LinkedInAdapter > extractExperience > ╨┤╨╛╨╗╨╢╨╡╨╜ ╨╕╨╖╨▓╨╗╨╡╤З╤М ╨╖╨░╨┐╨╕╤Б╨╕ ╨╛╨▒ ╨╛╨┐╤Л╤В╨╡ ╤А╨░╨▒╨╛╤В╤Л
@qbs-autonaim/recruitment-assistant-extension:test: (pass) LinkedInAdapter > extractExperience > ╨┤╨╛╨╗╨╢╨╡╨╜ ╨╛╨▒╤А╨░╨▒╨╛╤В╨░╤В╤М ╨╜╨╡╤Б╨║╨╛╨╗╤М╨║╨╛ ╨╖╨░╨┐╨╕╤Б╨╡╨╣ ╨╛╨▒ ╨╛╨┐╤Л╤В╨╡
@qbs-autonaim/recruitment-assistant-extension:test: (pass) LinkedInAdapter > extractExperience > ╨┤╨╛╨╗╨╢╨╡╨╜ ╨▓╨╡╤А╨╜╤Г╤В╤М ╨┐╤Г╤Б╤В╨╛╨╣ ╨╝╨░╤Б╤Б╨╕╨▓ ╨╡╤Б╨╗╨╕ ╤Б╨╡╨║╤Ж╨╕╤П ╨╛╤В╤Б╤Г╤В╤Б╤В╨▓╤Г╨╡╤В
@qbs-autonaim/recruitment-assistant-extension:test: (pass) LinkedInAdapter > extractExperience > ╨┤╨╛╨╗╨╢╨╡╨╜ ╨╛╨▒╤А╨░╨▒╨╛╤В╨░╤В╤М ╨╛╤В╤Б╤Г╤В╤Б╤В╨▓╨╕╨╡ ╨╛╨┐╨╕╤Б╨░╨╜╨╕╤П [15.00ms]
@qbs-autonaim/recruitment-assistant-extension:test: (pass) LinkedInAdapter > extractEducation > ╨┤╨╛╨╗╨╢╨╡╨╜ ╨╕╨╖╨▓╨╗╨╡╤З╤М ╨╖╨░╨┐╨╕╤Б╨╕ ╨╛╨▒ ╨╛╨▒╤А╨░╨╖╨╛╨▓╨░╨╜╨╕╨╕
@qbs-autonaim/recruitment-assistant-extension:test: (pass) LinkedInAdapter > extractEducation > ╨┤╨╛╨╗╨╢╨╡╨╜ ╨╛╨▒╤А╨░╨▒╨╛╤В╨░╤В╤М ╨╜╨╡╤Б╨║╨╛╨╗╤М╨║╨╛ ╨╖╨░╨┐╨╕╤Б╨╡╨╣ ╨╛╨▒ ╨╛╨▒╤А╨░╨╖╨╛╨▓╨░╨╜╨╕╨╕
@qbs-autonaim/recruitment-assistant-extension:test: (pass) LinkedInAdapter > extractEducation > ╨┤╨╛╨╗╨╢╨╡╨╜ ╨▓╨╡╤А╨╜╤Г╤В╤М ╨┐╤Г╤Б╤В╨╛╨╣ ╨╝╨░╤Б╤Б╨╕╨▓ ╨╡╤Б╨╗╨╕ ╤Б╨╡╨║╤Ж╨╕╤П ╨╛╤В╤Б╤Г╤В╤Б╤В╨▓╤Г╨╡╤В
@qbs-autonaim/recruitment-assistant-extension:test: (pass) LinkedInAdapter > extractEducation > ╨┤╨╛╨╗╨╢╨╡╨╜ ╨╛╨▒╤А╨░╨▒╨╛╤В╨░╤В╤М ╨╛╤В╤Б╤Г╤В╤Б╤В╨▓╨╕╨╡ ╨┤╨░╤В
@qbs-autonaim/recruitment-assistant-extension:test: (pass) LinkedInAdapter > extractSkills > ╨┤╨╛╨╗╨╢╨╡╨╜ ╨╕╨╖╨▓╨╗╨╡╤З╤М ╨╜╨░╨▓╤Л╨║╨╕
@qbs-autonaim/recruitment-assistant-extension:test: (pass) LinkedInAdapter > extractSkills > ╨┤╨╛╨╗╨╢╨╡╨╜ ╨▓╨╡╤А╨╜╤Г╤В╤М ╨┐╤Г╤Б╤В╨╛╨╣ ╨╝╨░╤Б╤Б╨╕╨▓ ╨╡╤Б╨╗╨╕ ╤Б╨╡╨║╤Ж╨╕╤П ╨╛╤В╤Б╤Г╤В╤Б╤В╨▓╤Г╨╡╤В
@qbs-autonaim/recruitment-assistant-extension:test: (pass) LinkedInAdapter > extractSkills > ╨┤╨╛╨╗╨╢╨╡╨╜ ╨╕╨│╨╜╨╛╤А╨╕╤А╨╛╨▓╨░╤В╤М ╨┐╤Г╤Б╤В╤Л╨╡ ╨╜╨░╨▓╤Л╨║╨╕
@qbs-autonaim/recruitment-assistant-extension:test: (pass) LinkedInAdapter > extractSkills > ╨┤╨╛╨╗╨╢╨╡╨╜ ╨╛╨▒╤А╨╡╨╖╨░╤В╤М ╨┐╤А╨╛╨▒╨╡╨╗╤Л ╨▓ ╨╜╨░╨▓╤Л╨║╨░╤Е
@qbs-autonaim/recruitment-assistant-extension:test: (pass) LinkedInAdapter > extractContacts > ╨┤╨╛╨╗╨╢╨╡╨╜ ╨╕╨╖╨▓╨╗╨╡╤З╤М ╨┐╨╛╨╗╨╜╤Г╤О ╨║╨╛╨╜╤В╨░╨║╤В╨╜╤Г╤О ╨╕╨╜╤Д╨╛╤А╨╝╨░╤Ж╨╕╤О
@qbs-autonaim/recruitment-assistant-extension:test: (pass) LinkedInAdapter > extractContacts > ╨┤╨╛╨╗╨╢╨╡╨╜ ╨╛╨▒╤А╨░╨▒╨╛╤В╨░╤В╤М ╨╛╤В╤Б╤Г╤В╤Б╤В╨▓╨╕╨╡ ╨║╨╛╨╜╤В╨░╨║╤В╨╜╨╛╨╣ ╨╕╨╜╤Д╨╛╤А╨╝╨░╤Ж╨╕╨╕
@qbs-autonaim/recruitment-assistant-extension:test: (pass) LinkedInAdapter > extractContacts > ╨┤╨╛╨╗╨╢╨╡╨╜ ╨╛╨▒╤А╨░╨▒╨╛╤В╨░╤В╤М ╨╛╤В╤Б╤Г╤В╤Б╤В╨▓╨╕╨╡ email
@qbs-autonaim/recruitment-assistant-extension:test: (pass) LinkedInAdapter > extractContacts > ╨┤╨╛╨╗╨╢╨╡╨╜ ╨╛╨▒╤А╨░╨▒╨╛╤В╨░╤В╤М ╨╛╤В╤Б╤Г╤В╤Б╤В╨▓╨╕╨╡ ╤В╨╡╨╗╨╡╤Д╨╛╨╜╨░
@qbs-autonaim/recruitment-assistant-extension:test: (pass) LinkedInAdapter > extractContacts > ╨┤╨╛╨╗╨╢╨╡╨╜ ╤Д╨╕╨╗╤М╤В╤А╨╛╨▓╨░╤В╤М ╤Б╤Б╤Л╨╗╨║╨╕ ╨╜╨░ LinkedIn
@qbs-autonaim/recruitment-assistant-extension:test: (pass) LinkedInAdapter > extractAll > ╨┤╨╛╨╗╨╢╨╡╨╜ ╨╕╨╖╨▓╨╗╨╡╤З╤М ╨▓╤Б╨╡ ╨┤╨░╨╜╨╜╤Л╨╡ ╨┐╤А╨╛╤Д╨╕╨╗╤П [16.00ms]
@qbs-autonaim/recruitment-assistant-extension:test: 
@qbs-autonaim/recruitment-assistant-extension:test: src\content\ui\accessibility.test.tsx:
@qbs-autonaim/recruitment-assistant-extension:test: (pass) ╨в╨╡╤Б╤В╨╕╤А╨╛╨▓╨░╨╜╨╕╨╡ ╨┤╨╛╤Б╤В╤Г╨┐╨╜╨╛╤Б╤В╨╕ UI ╨║╨╛╨╝╨┐╨╛╨╜╨╡╨╜╤В╨╛╨▓ > ActionButton > ╨╜╨╡ ╨┤╨╛╨╗╨╢╨╡╨╜ ╨╕╨╝╨╡╤В╤М ╨╜╨░╤А╤Г╤И╨╡╨╜╨╕╨╣ ╨┤╨╛╤Б╤В╤Г╨┐╨╜╨╛╤Б╤В╨╕ [140.00ms]
@qbs-autonaim/app:test: 344 |             spacing: config.spacingInner
@qbs-autonaim/app:test: 345 |           },
@qbs-autonaim/app:test: 346 |           config.colors
@qbs-autonaim/app:test: 347 |         );
@qbs-autonaim/app:test: 348 |   } catch (error) {
@qbs-autonaim/app:test: 349 |     throw new PrettyFormatPluginError(error.message, error.stack);
@qbs-autonaim/app:test:                                                                       ^
@qbs-autonaim/app:test: PrettyFormatPluginError: undefined is not a constructor (evaluating 'new this.window.SyntaxError(`Failed to execute 'querySelectorAll' on '${name}': '${selector}' is not a valid selector.`)')
@qbs-autonaim/app:test:       at printPlugin (C:\Projects\kwork\selectio\node_modules\pretty-format\build\index.js:349:65)
@qbs-autonaim/app:test:       at prettyDOM (C:\Projects\kwork\selectio\node_modules\@testing-library\dom\dist\pretty-dom.js:80:37)
@qbs-autonaim/app:test:       at getElementError (C:\Projects\kwork\selectio\node_modules\@testing-library\dom\dist\config.js:36:42)
@qbs-autonaim/app:test:       at onTimeout (C:\Projects\kwork\selectio\node_modules\@testing-library\dom\dist\wait-for.js:22:39)
@qbs-autonaim/app:test:       at handleTimeout (C:\Projects\kwork\selectio\node_modules\@testing-library\dom\dist\wait-for.js:156:14)
@qbs-autonaim/app:test: (fail) Integration: ╨Ъ╨╛╨╝╨┐╨╛╨╜╨╡╨╜╤В╤Л ╤А╨░╨▒╨╛╤В╨░╤О╤В ╤Б oRPC ╨║╨╗╨╕╨╡╨╜╤В╨╛╨╝ > ╨┤╨╛╨╗╨╢╨╡╨╜ ╨╛╤В╨╛╨▒╤А╨░╨╢╨░╤В╤М ╤Б╨╛╤Б╤В╨╛╤П╨╜╨╕╨╡ ╨╖╨░╨│╤А╤Г╨╖╨║╨╕ ╨┐╤А╨╕ ╨╖╨░╨┐╤А╨╛╤Б╨╡ ╤Б╨┐╨╕╤Б╨║╨░ workspace [1000.00ms]
@qbs-autonaim/app:test: (pass) Integration: ╨Ъ╨╛╨╝╨┐╨╛╨╜╨╡╨╜╤В╤Л ╤А╨░╨▒╨╛╤В╨░╤О╤В ╤Б oRPC ╨║╨╗╨╕╨╡╨╜╤В╨╛╨╝ > ╨┤╨╛╨╗╨╢╨╡╨╜ ╨╕╤Б╨┐╨╛╨╗╤М╨╖╨╛╨▓╨░╤В╤М useORPC ╤Е╤Г╨║ ╨┤╨╗╤П ╨┐╨╛╨╗╤Г╤З╨╡╨╜╨╕╤П ╨║╨╗╨╕╨╡╨╜╤В╨░
@qbs-autonaim/app:test: 115 |             brackets: 0,
@qbs-autonaim/app:test: 116 |             doubleApostrophe: 0,
@qbs-autonaim/app:test: 117 |             singleApostrophe: 0
@qbs-autonaim/app:test: 118 |         };
@qbs-autonaim/app:test: 119 |         const name = this.scope.nodeType === NodeTypeEnum.documentNode ? 'Document' : 'Element';
@qbs-autonaim/app:test: 120 |         const error = new this.window.SyntaxError(`Failed to execute 'querySelectorAll' on '${name}': '${selector}' is not a valid selector.`);
@qbs-autonaim/app:test:                             ^
@qbs-autonaim/app:test: TypeError: undefined is not a constructor (evaluating 'new this.window.SyntaxError(`Failed to execute 'querySelectorAll' on '${name}': '${selector}' is not a valid selector.`)')
@qbs-autonaim/app:test:       at getSelectorGroups (C:\Projects\kwork\selectio\node_modules\happy-dom\lib\query-selector\SelectorParser.js:120:23)
@qbs-autonaim/app:test:       at querySelectorAll (C:\Projects\kwork\selectio\node_modules\happy-dom\lib\query-selector\QuerySelector.js:52:62)
@qbs-autonaim/app:test:       at queryAllByText (C:\Projects\kwork\selectio\node_modules\@testing-library\dom\dist\queries\text.js:29:49)
@qbs-autonaim/app:test:       at <anonymous> (C:\Projects\kwork\selectio\node_modules\@testing-library\dom\dist\query-helpers.js:74:17)
@qbs-autonaim/app:test:       at <anonymous> (C:\Projects\kwork\selectio\node_modules\@testing-library\dom\dist\query-helpers.js:52:17)
@qbs-autonaim/app:test:       at <anonymous> (C:\Projects\kwork\selectio\node_modules\@testing-library\dom\dist\query-helpers.js:95:19)
@qbs-autonaim/app:test:       at <anonymous> (C:\Projects\kwork\selectio\apps\app\src\components\__tests__\orpc-integration.test.tsx:102:19)
@qbs-autonaim/app:test: (fail) Integration: ╨Ъ╨╛╨╝╨┐╨╛╨╜╨╡╨╜╤В╤Л ╤А╨░╨▒╨╛╤В╨░╤О╤В ╤Б oRPC ╨║╨╗╨╕╨╡╨╜╤В╨╛╨╝ > ╨┤╨╛╨╗╨╢╨╡╨╜ ╨║╨╛╤А╤А╨╡╨║╤В╨╜╨╛ ╤А╨░╨▒╨╛╤В╨░╤В╤М ╤Б queryOptions ╤Д╨░╨▒╤А╨╕╨║╨╛╨╣ [15.00ms]
@qbs-autonaim/app:test: 115 |             brackets: 0,
@qbs-autonaim/app:test: 116 |             doubleApostrophe: 0,
@qbs-autonaim/app:test: 117 |             singleApostrophe: 0
@qbs-autonaim/app:test: 118 |         };
@qbs-autonaim/app:test: 119 |         const name = this.scope.nodeType === NodeTypeEnum.documentNode ? 'Document' : 'Element';
@qbs-autonaim/app:test: 120 |         const error = new this.window.SyntaxError(`Failed to execute 'querySelectorAll' on '${name}': '${selector}' is not a valid selector.`);
@qbs-autonaim/app:test:                             ^
@qbs-autonaim/app:test: TypeError: undefined is not a constructor (evaluating 'new this.window.SyntaxError(`Failed to execute 'querySelectorAll' on '${name}': '${selector}' is not a valid selector.`)')
@qbs-autonaim/app:test:       at getSelectorGroups (C:\Projects\kwork\selectio\node_modules\happy-dom\lib\query-selector\SelectorParser.js:120:23)
@qbs-autonaim/app:test:       at querySelectorAll (C:\Projects\kwork\selectio\node_modules\happy-dom\lib\query-selector\QuerySelector.js:52:62)
@qbs-autonaim/app:test:       at queryAllByRole (C:\Projects\kwork\selectio\node_modules\@testing-library\dom\dist\queries\role.js:111:31)
@qbs-autonaim/app:test:       at <anonymous> (C:\Projects\kwork\selectio\node_modules\@testing-library\dom\dist\query-helpers.js:74:17)
@qbs-autonaim/app:test:       at <anonymous> (C:\Projects\kwork\selectio\node_modules\@testing-library\dom\dist\query-helpers.js:52:17)
@qbs-autonaim/app:test:       at <anonymous> (C:\Projects\kwork\selectio\node_modules\@testing-library\dom\dist\query-helpers.js:95:19)
@qbs-autonaim/app:test:       at <anonymous> (C:\Projects\kwork\selectio\apps\app\src\components\__tests__\orpc-integration.test.tsx:114:33)
@qbs-autonaim/app:test: (fail) Integration: ╨Ъ╨╛╨╝╨┐╨╛╨╜╨╡╨╜╤В╤Л ╤А╨░╨▒╨╛╤В╨░╤О╤В ╤Б oRPC ╨║╨╗╨╕╨╡╨╜╤В╨╛╨╝ > ╨┤╨╛╨╗╨╢╨╡╨╜ ╨║╨╛╤А╤А╨╡╨║╤В╨╜╨╛ ╤А╨░╨▒╨╛╤В╨░╤В╤М ╤Б mutationOptions ╤Д╨░╨▒╤А╨╕╨║╨╛╨╣ [16.00ms]
@qbs-autonaim/recruitment-assistant-extension:test: (pass) ╨в╨╡╤Б╤В╨╕╤А╨╛╨▓╨░╨╜╨╕╨╡ ╨┤╨╛╤Б╤В╤Г╨┐╨╜╨╛╤Б╤В╨╕ UI ╨║╨╛╨╝╨┐╨╛╨╜╨╡╨╜╤В╨╛╨▓ > ActionButton > ╨╜╨╡ ╨┤╨╛╨╗╨╢╨╡╨╜ ╨╕╨╝╨╡╤В╤М ╨╜╨░╤А╤Г╤И╨╡╨╜╨╕╨╣ ╨┤╨╛╤Б╤В╤Г╨┐╨╜╨╛╤Б╤В╨╕ ╨▓ ╤Б╨╛╤Б╤В╨╛╤П╨╜╨╕╨╕ ╨╖╨░╨│╤А╤Г╨╖╨║╨╕ [47.00ms]
@qbs-autonaim/app:test: 115 |             brackets: 0,
@qbs-autonaim/app:test: 116 |             doubleApostrophe: 0,
@qbs-autonaim/app:test: 117 |             singleApostrophe: 0
@qbs-autonaim/app:test: 118 |         };
@qbs-autonaim/app:test: 119 |         const name = this.scope.nodeType === NodeTypeEnum.documentNode ? 'Document' : 'Element';
@qbs-autonaim/app:test: 120 |         const error = new this.window.SyntaxError(`Failed to execute 'querySelectorAll' on '${name}': '${selector}' is not a valid selector.`);
@qbs-autonaim/app:test:                             ^
@qbs-autonaim/app:test: TypeError: undefined is not a constructor (evaluating 'new this.window.SyntaxError(`Failed to execute 'querySelectorAll' on '${name}': '${selector}' is not a valid selector.`)')
@qbs-autonaim/app:test:       at getSelectorGroups (C:\Projects\kwork\selectio\node_modules\happy-dom\lib\query-selector\SelectorParser.js:120:23)
@qbs-autonaim/app:test:       at querySelectorAll (C:\Projects\kwork\selectio\node_modules\happy-dom\lib\query-selector\QuerySelector.js:52:62)
@qbs-autonaim/app:test:       at queryAllByText (C:\Projects\kwork\selectio\node_modules\@testing-library\dom\dist\queries\text.js:29:49)
@qbs-autonaim/app:test:       at <anonymous> (C:\Projects\kwork\selectio\node_modules\@testing-library\dom\dist\query-helpers.js:74:17)
@qbs-autonaim/app:test:       at <anonymous> (C:\Projects\kwork\selectio\node_modules\@testing-library\dom\dist\query-helpers.js:52:17)
@qbs-autonaim/app:test:       at <anonymous> (C:\Projects\kwork\selectio\node_modules\@testing-library\dom\dist\query-helpers.js:95:19)
@qbs-autonaim/app:test:       at <anonymous> (C:\Projects\kwork\selectio\apps\app\src\components\__tests__\orpc-integration.test.tsx:138:19)
@qbs-autonaim/app:test: (fail) Integration: ╨Ю╨▒╤А╨░╨▒╨╛╤В╨║╨░ ╨╛╤И╨╕╨▒╨╛╨║ ╤А╨░╨▒╨╛╤В╨░╨╡╤В ╨║╨╛╤А╤А╨╡╨║╤В╨╜╨╛ > ╨┤╨╛╨╗╨╢╨╡╨╜ ╨╛╨▒╤А╨░╨▒╨░╤В╤Л╨▓╨░╤В╤М ╨╛╤И╨╕╨▒╨║╨╕ ╤Б ╤А╤Г╤Б╤Б╨║╨╕╨╝╨╕ ╤Б╨╛╨╛╨▒╤Й╨╡╨╜╨╕╤П╨╝╨╕
@qbs-autonaim/app:test: 115 |             brackets: 0,
@qbs-autonaim/app:test: 116 |             doubleApostrophe: 0,
@qbs-autonaim/app:test: 117 |             singleApostrophe: 0
@qbs-autonaim/app:test: 118 |         };
@qbs-autonaim/app:test: 119 |         const name = this.scope.nodeType === NodeTypeEnum.documentNode ? 'Document' : 'Element';
@qbs-autonaim/app:test: 120 |         const error = new this.window.SyntaxError(`Failed to execute 'querySelectorAll' on '${name}': '${selector}' is not a valid selector.`);
@qbs-autonaim/app:test:                             ^
@qbs-autonaim/app:test: TypeError: undefined is not a constructor (evaluating 'new this.window.SyntaxError(`Failed to execute 'querySelectorAll' on '${name}': '${selector}' is not a valid selector.`)')
@qbs-autonaim/app:test:       at getSelectorGroups (C:\Projects\kwork\selectio\node_modules\happy-dom\lib\query-selector\SelectorParser.js:120:23)
@qbs-autonaim/app:test:       at querySelectorAll (C:\Projects\kwork\selectio\node_modules\happy-dom\lib\query-selector\QuerySelector.js:52:62)
@qbs-autonaim/app:test:       at queryAllByText (C:\Projects\kwork\selectio\node_modules\@testing-library\dom\dist\queries\text.js:29:49)
@qbs-autonaim/app:test:       at <anonymous> (C:\Projects\kwork\selectio\node_modules\@testing-library\dom\dist\query-helpers.js:74:17)
@qbs-autonaim/app:test:       at <anonymous> (C:\Projects\kwork\selectio\node_modules\@testing-library\dom\dist\query-helpers.js:52:17)
@qbs-autonaim/app:test:       at <anonymous> (C:\Projects\kwork\selectio\node_modules\@testing-library\dom\dist\query-helpers.js:95:19)
@qbs-autonaim/app:test:       at <anonymous> (C:\Projects\kwork\selectio\apps\app\src\components\__tests__\orpc-integration.test.tsx:150:19)
@qbs-autonaim/app:test: (fail) Integration: ╨Ю╨▒╤А╨░╨▒╨╛╤В╨║╨░ ╨╛╤И╨╕╨▒╨╛╨║ ╤А╨░╨▒╨╛╤В╨░╨╡╤В ╨║╨╛╤А╤А╨╡╨║╤В╨╜╨╛ > ╨┤╨╛╨╗╨╢╨╡╨╜ ╨╕╨╝╨╡╤В╤М ╤В╨╕╨┐╨╕╨╖╨╕╤А╨╛╨▓╨░╨╜╨╜╤Л╨╡ ╨╛╤И╨╕╨▒╨║╨╕ oRPC [16.00ms]
@qbs-autonaim/app:test: 115 |             brackets: 0,
@qbs-autonaim/app:test: 116 |             doubleApostrophe: 0,
@qbs-autonaim/app:test: 117 |             singleApostrophe: 0
@qbs-autonaim/app:test: 118 |         };
@qbs-autonaim/app:test: 119 |         const name = this.scope.nodeType === NodeTypeEnum.documentNode ? 'Document' : 'Element';
@qbs-autonaim/app:test: 120 |         const error = new this.window.SyntaxError(`Failed to execute 'querySelectorAll' on '${name}': '${selector}' is not a valid selector.`);
@qbs-autonaim/app:test:                             ^
@qbs-autonaim/app:test: TypeError: undefined is not a constructor (evaluating 'new this.window.SyntaxError(`Failed to execute 'querySelectorAll' on '${name}': '${selector}' is not a valid selector.`)')
@qbs-autonaim/app:test:       at getSelectorGroups (C:\Projects\kwork\selectio\node_modules\happy-dom\lib\query-selector\SelectorParser.js:120:23)
@qbs-autonaim/app:test:       at querySelectorAll (C:\Projects\kwork\selectio\node_modules\happy-dom\lib\query-selector\QuerySelector.js:52:62)
@qbs-autonaim/app:test:       at queryAllByText (C:\Projects\kwork\selectio\node_modules\@testing-library\dom\dist\queries\text.js:29:49)
@qbs-autonaim/app:test:       at <anonymous> (C:\Projects\kwork\selectio\node_modules\@testing-library\dom\dist\query-helpers.js:74:17)
@qbs-autonaim/app:test:       at <anonymous> (C:\Projects\kwork\selectio\node_modules\@testing-library\dom\dist\query-helpers.js:52:17)
@qbs-autonaim/app:test:       at <anonymous> (C:\Projects\kwork\selectio\node_modules\@testing-library\dom\dist\query-helpers.js:95:19)
@qbs-autonaim/app:test:       at <anonymous> (C:\Projects\kwork\selectio\apps\app\src\components\__tests__\orpc-integration.test.tsx:169:19)
@qbs-autonaim/app:test: (fail) Integration: ╨Ю╨▒╤А╨░╨▒╨╛╤В╨║╨░ ╨╛╤И╨╕╨▒╨╛╨║ ╤А╨░╨▒╨╛╤В╨░╨╡╤В ╨║╨╛╤А╤А╨╡╨║╤В╨╜╨╛ > ╨┤╨╛╨╗╨╢╨╡╨╜ ╨╛╨▒╤А╨░╨▒╨░╤В╤Л╨▓╨░╤В╤М ╤А╨░╨╖╨╗╨╕╤З╨╜╤Л╨╡ ╨║╨╛╨┤╤Л ╨╛╤И╨╕╨▒╨╛╨║
@qbs-autonaim/app:test: 115 |             brackets: 0,
@qbs-autonaim/app:test: 116 |             doubleApostrophe: 0,
@qbs-autonaim/app:test: 117 |             singleApostrophe: 0
@qbs-autonaim/app:test: 118 |         };
@qbs-autonaim/app:test: 119 |         const name = this.scope.nodeType === NodeTypeEnum.documentNode ? 'Document' : 'Element';
@qbs-autonaim/app:test: 120 |         const error = new this.window.SyntaxError(`Failed to execute 'querySelectorAll' on '${name}': '${selector}' is not a valid selector.`);
@qbs-autonaim/app:test:                             ^
@qbs-autonaim/app:test: TypeError: undefined is not a constructor (evaluating 'new this.window.SyntaxError(`Failed to execute 'querySelectorAll' on '${name}': '${selector}' is not a valid selector.`)')
@qbs-autonaim/app:test:       at getSelectorGroups (C:\Projects\kwork\selectio\node_modules\happy-dom\lib\query-selector\SelectorParser.js:120:23)
@qbs-autonaim/app:test:       at querySelectorAll (C:\Projects\kwork\selectio\node_modules\happy-dom\lib\query-selector\QuerySelector.js:52:62)
@qbs-autonaim/app:test:       at queryAllByLabelText (C:\Projects\kwork\selectio\node_modules\@testing-library\dom\dist\queries\label-text.js:55:57)
@qbs-autonaim/app:test:       at getAllByLabelText (C:\Projects\kwork\selectio\node_modules\@testing-library\dom\dist\queries\label-text.js:100:15)
@qbs-autonaim/app:test:       at <anonymous> (C:\Projects\kwork\selectio\node_modules\@testing-library\dom\dist\query-helpers.js:52:17)
@qbs-autonaim/app:test:       at <anonymous> (C:\Projects\kwork\selectio\node_modules\@testing-library\dom\dist\query-helpers.js:95:19)
@qbs-autonaim/app:test:       at <anonymous> (C:\Projects\kwork\selectio\apps\app\src\components\__tests__\orpc-integration.test.tsx:181:26)
@qbs-autonaim/app:test: (fail) Integration: ╨Ю╨▒╤А╨░╨▒╨╛╤В╨║╨░ ╨╛╤И╨╕╨▒╨╛╨║ ╤А╨░╨▒╨╛╤В╨░╨╡╤В ╨║╨╛╤А╤А╨╡╨║╤В╨╜╨╛ > ╨┤╨╛╨╗╨╢╨╡╨╜ ╨║╨╛╤А╤А╨╡╨║╤В╨╜╨╛ ╨╛╨▒╤А╨░╨▒╨░╤В╤Л╨▓╨░╤В╤М ╨╛╤И╨╕╨▒╨║╨╕ ╨▓╨░╨╗╨╕╨┤╨░╤Ж╨╕╨╕ [15.00ms]
@qbs-autonaim/app:test: 115 |             brackets: 0,
@qbs-autonaim/app:test: 116 |             doubleApostrophe: 0,
@qbs-autonaim/app:test: 117 |             singleApostrophe: 0
@qbs-autonaim/app:test: 118 |         };
@qbs-autonaim/app:test: 119 |         const name = this.scope.nodeType === NodeTypeEnum.documentNode ? 'Document' : 'Element';
@qbs-autonaim/app:test: 120 |         const error = new this.window.SyntaxError(`Failed to execute 'querySelectorAll' on '${name}': '${selector}' is not a valid selector.`);
@qbs-autonaim/app:test:                             ^
@qbs-autonaim/app:test: TypeError: undefined is not a constructor (evaluating 'new this.window.SyntaxError(`Failed to execute 'querySelectorAll' on '${name}': '${selector}' is not a valid selector.`)')
@qbs-autonaim/app:test:       at getSelectorGroups (C:\Projects\kwork\selectio\node_modules\happy-dom\lib\query-selector\SelectorParser.js:120:23)
@qbs-autonaim/app:test:       at querySelectorAll (C:\Projects\kwork\selectio\node_modules\happy-dom\lib\query-selector\QuerySelector.js:52:62)
@qbs-autonaim/app:test:       at queryAllByText (C:\Projects\kwork\selectio\node_modules\@testing-library\dom\dist\queries\text.js:29:49)
@qbs-autonaim/app:test:       at <anonymous> (C:\Projects\kwork\selectio\node_modules\@testing-library\dom\dist\query-helpers.js:74:17)
@qbs-autonaim/app:test:       at <anonymous> (C:\Projects\kwork\selectio\node_modules\@testing-library\dom\dist\query-helpers.js:52:17)
@qbs-autonaim/app:test:       at <anonymous> (C:\Projects\kwork\selectio\node_modules\@testing-library\dom\dist\query-helpers.js:95:19)
@qbs-autonaim/app:test:       at <anonymous> (C:\Projects\kwork\selectio\apps\app\src\components\__tests__\orpc-integration.test.tsx:199:19)
@qbs-autonaim/app:test: (fail) Integration: ╨а╨░╨▒╨╛╤В╨░ ╤Б TanStack Query > ╨┤╨╛╨╗╨╢╨╡╨╜ ╨╕╤Б╨┐╨╛╨╗╤М╨╖╨╛╨▓╨░╤В╤М queryClient ╨┤╨╗╤П ╨╕╨╜╨▓╨░╨╗╨╕╨┤╨░╤Ж╨╕╨╕
@qbs-autonaim/app:test: 115 |             brackets: 0,
@qbs-autonaim/app:test: 116 |             doubleApostrophe: 0,
@qbs-autonaim/app:test: 117 |             singleApostrophe: 0
@qbs-autonaim/app:test: 118 |         };
@qbs-autonaim/app:test: 119 |         const name = this.scope.nodeType === NodeTypeEnum.documentNode ? 'Document' : 'Element';
@qbs-autonaim/app:test: 120 |         const error = new this.window.SyntaxError(`Failed to execute 'querySelectorAll' on '${name}': '${selector}' is not a valid selector.`);
@qbs-autonaim/app:test:                             ^
@qbs-autonaim/app:test: TypeError: undefined is not a constructor (evaluating 'new this.window.SyntaxError(`Failed to execute 'querySelectorAll' on '${name}': '${selector}' is not a valid selector.`)')
@qbs-autonaim/app:test:       at getSelectorGroups (C:\Projects\kwork\selectio\node_modules\happy-dom\lib\query-selector\SelectorParser.js:120:23)
@qbs-autonaim/app:test:       at querySelectorAll (C:\Projects\kwork\selectio\node_modules\happy-dom\lib\query-selector\QuerySelector.js:52:62)
@qbs-autonaim/app:test:       at queryAllByText (C:\Projects\kwork\selectio\node_modules\@testing-library\dom\dist\queries\text.js:29:49)
@qbs-autonaim/app:test:       at <anonymous> (C:\Projects\kwork\selectio\node_modules\@testing-library\dom\dist\query-helpers.js:74:17)
@qbs-autonaim/app:test:       at <anonymous> (C:\Projects\kwork\selectio\node_modules\@testing-library\dom\dist\query-helpers.js:52:17)
@qbs-autonaim/app:test:       at <anonymous> (C:\Projects\kwork\selectio\node_modules\@testing-library\dom\dist\query-helpers.js:95:19)
@qbs-autonaim/app:test:       at <anonymous> (C:\Projects\kwork\selectio\apps\app\src\components\__tests__\orpc-integration.test.tsx:210:19)
@qbs-autonaim/app:test: (fail) Integration: ╨а╨░╨▒╨╛╤В╨░ ╤Б TanStack Query > ╨┤╨╛╨╗╨╢╨╡╨╜ ╨╕╤Б╨┐╨╛╨╗╤М╨╖╨╛╨▓╨░╤В╤М queryKey ╨┤╨╗╤П ╨╕╨╜╨▓╨░╨╗╨╕╨┤╨░╤Ж╨╕╨╕
@qbs-autonaim/app:test: 115 |             brackets: 0,
@qbs-autonaim/app:test: 116 |             doubleApostrophe: 0,
@qbs-autonaim/app:test: 117 |             singleApostrophe: 0
@qbs-autonaim/app:test: 118 |         };
@qbs-autonaim/app:test: 119 |         const name = this.scope.nodeType === NodeTypeEnum.documentNode ? 'Document' : 'Element';
@qbs-autonaim/app:test: 120 |         const error = new this.window.SyntaxError(`Failed to execute 'querySelectorAll' on '${name}': '${selector}' is not a valid selector.`);
@qbs-autonaim/app:test:                             ^
@qbs-autonaim/app:test: TypeError: undefined is not a constructor (evaluating 'new this.window.SyntaxError(`Failed to execute 'querySelectorAll' on '${name}': '${selector}' is not a valid selector.`)')
@qbs-autonaim/app:test:       at getSelectorGroups (C:\Projects\kwork\selectio\node_modules\happy-dom\lib\query-selector\SelectorParser.js:120:23)
@qbs-autonaim/app:test:       at querySelectorAll (C:\Projects\kwork\selectio\node_modules\happy-dom\lib\query-selector\QuerySelector.js:52:62)
@qbs-autonaim/app:test:       at queryAllByText (C:\Projects\kwork\selectio\node_modules\@testing-library\dom\dist\queries\text.js:29:49)
@qbs-autonaim/app:test:       at <anonymous> (C:\Projects\kwork\selectio\node_modules\@testing-library\dom\dist\query-helpers.js:74:17)
@qbs-autonaim/app:test:       at <anonymous> (C:\Projects\kwork\selectio\node_modules\@testing-library\dom\dist\query-helpers.js:52:17)
@qbs-autonaim/app:test:       at <anonymous> (C:\Projects\kwork\selectio\node_modules\@testing-library\dom\dist\query-helpers.js:95:19)
@qbs-autonaim/app:test:       at <anonymous> (C:\Projects\kwork\selectio\apps\app\src\components\__tests__\orpc-integration.test.tsx:222:19)
@qbs-autonaim/app:test: (fail) Integration: ╨а╨░╨▒╨╛╤В╨░ ╤Б TanStack Query > ╨┤╨╛╨╗╨╢╨╡╨╜ ╨┐╨╛╨║╨░╨╖╤Л╨▓╨░╤В╤М ╤Б╨╛╤Б╤В╨╛╤П╨╜╨╕╨╡ isPending ╨┤╨╗╤П queries [16.00ms]
@qbs-autonaim/app:test: 115 |             brackets: 0,
@qbs-autonaim/app:test: 116 |             doubleApostrophe: 0,
@qbs-autonaim/app:test: 117 |             singleApostrophe: 0
@qbs-autonaim/app:test: 118 |         };
@qbs-autonaim/app:test: 119 |         const name = this.scope.nodeType === NodeTypeEnum.documentNode ? 'Document' : 'Element';
@qbs-autonaim/app:test: 120 |         const error = new this.window.SyntaxError(`Failed to execute 'querySelectorAll' on '${name}': '${selector}' is not a valid selector.`);
@qbs-autonaim/app:test:                             ^
@qbs-autonaim/app:test: TypeError: undefined is not a constructor (evaluating 'new this.window.SyntaxError(`Failed to execute 'querySelectorAll' on '${name}': '${selector}' is not a valid selector.`)')
@qbs-autonaim/app:test:       at getSelectorGroups (C:\Projects\kwork\selectio\node_modules\happy-dom\lib\query-selector\SelectorParser.js:120:23)
@qbs-autonaim/app:test:       at querySelectorAll (C:\Projects\kwork\selectio\node_modules\happy-dom\lib\query-selector\QuerySelector.js:52:62)
@qbs-autonaim/app:test:       at queryAllByRole (C:\Projects\kwork\selectio\node_modules\@testing-library\dom\dist\queries\role.js:111:31)
@qbs-autonaim/app:test:       at <anonymous> (C:\Projects\kwork\selectio\node_modules\@testing-library\dom\dist\query-helpers.js:74:17)
@qbs-autonaim/app:test:       at <anonymous> (C:\Projects\kwork\selectio\node_modules\@testing-library\dom\dist\query-helpers.js:52:17)
@qbs-autonaim/app:test:       at <anonymous> (C:\Projects\kwork\selectio\node_modules\@testing-library\dom\dist\query-helpers.js:95:19)
@qbs-autonaim/app:test:       at <anonymous> (C:\Projects\kwork\selectio\apps\app\src\components\__tests__\orpc-integration.test.tsx:234:27)
@qbs-autonaim/app:test: (fail) Integration: ╨а╨░╨▒╨╛╤В╨░ ╤Б TanStack Query > ╨┤╨╛╨╗╨╢╨╡╨╜ ╨┐╨╛╨║╨░╨╖╤Л╨▓╨░╤В╤М ╤Б╨╛╤Б╤В╨╛╤П╨╜╨╕╨╡ isPending ╨┤╨╗╤П mutations
@qbs-autonaim/app:test: 115 |             brackets: 0,
@qbs-autonaim/app:test: 116 |             doubleApostrophe: 0,
@qbs-autonaim/app:test: 117 |             singleApostrophe: 0
@qbs-autonaim/app:test: 118 |         };
@qbs-autonaim/app:test: 119 |         const name = this.scope.nodeType === NodeTypeEnum.documentNode ? 'Document' : 'Element';
@qbs-autonaim/app:test: 120 |         const error = new this.window.SyntaxError(`Failed to execute 'querySelectorAll' on '${name}': '${selector}' is not a valid selector.`);
@qbs-autonaim/app:test:                             ^
@qbs-autonaim/app:test: TypeError: undefined is not a constructor (evaluating 'new this.window.SyntaxError(`Failed to execute 'querySelectorAll' on '${name}': '${selector}' is not a valid selector.`)')
@qbs-autonaim/app:test:       at getSelectorGroups (C:\Projects\kwork\selectio\node_modules\happy-dom\lib\query-selector\SelectorParser.js:120:23)
@qbs-autonaim/app:test:       at querySelectorAll (C:\Projects\kwork\selectio\node_modules\happy-dom\lib\query-selector\QuerySelector.js:52:62)
@qbs-autonaim/app:test:       at queryAllByText (C:\Projects\kwork\selectio\node_modules\@testing-library\dom\dist\queries\text.js:29:49)
@qbs-autonaim/app:test:       at <anonymous> (C:\Projects\kwork\selectio\node_modules\@testing-library\dom\dist\query-helpers.js:74:17)
@qbs-autonaim/app:test:       at <anonymous> (C:\Projects\kwork\selectio\node_modules\@testing-library\dom\dist\query-helpers.js:52:17)
@qbs-autonaim/app:test:       at <anonymous> (C:\Projects\kwork\selectio\node_modules\@testing-library\dom\dist\query-helpers.js:95:19)
@qbs-autonaim/app:test:       at <anonymous> (C:\Projects\kwork\selectio\apps\app\src\components\__tests__\orpc-integration.test.tsx:254:19)
@qbs-autonaim/app:test: (fail) Integration: ╨в╨╕╨┐╨╛╨▒╨╡╨╖╨╛╨┐╨░╤Б╨╜╨╛╤Б╤В╤М oRPC > ╨┤╨╛╨╗╨╢╨╡╨╜ ╨╕╨╝╨╡╤В╤М ╤В╨╕╨┐╨╕╨╖╨╕╤А╨╛╨▓╨░╨╜╨╜╤Л╨╣ oRPC ╨║╨╗╨╕╨╡╨╜╤В [16.00ms]
@qbs-autonaim/app:test: 115 |             brackets: 0,
@qbs-autonaim/app:test: 116 |             doubleApostrophe: 0,
@qbs-autonaim/app:test: 117 |             singleApostrophe: 0
@qbs-autonaim/app:test: 118 |         };
@qbs-autonaim/app:test: 119 |         const name = this.scope.nodeType === NodeTypeEnum.documentNode ? 'Document' : 'Element';
@qbs-autonaim/app:test: 120 |         const error = new this.window.SyntaxError(`Failed to execute 'querySelectorAll' on '${name}': '${selector}' is not a valid selector.`);
@qbs-autonaim/app:test:                             ^
@qbs-autonaim/app:test: TypeError: undefined is not a constructor (evaluating 'new this.window.SyntaxError(`Failed to execute 'querySelectorAll' on '${name}': '${selector}' is not a valid selector.`)')
@qbs-autonaim/app:test:       at getSelectorGroups (C:\Projects\kwork\selectio\node_modules\happy-dom\lib\query-selector\SelectorParser.js:120:23)
@qbs-autonaim/app:test:       at querySelectorAll (C:\Projects\kwork\selectio\node_modules\happy-dom\lib\query-selector\QuerySelector.js:52:62)
@qbs-autonaim/app:test:       at queryAllByText (C:\Projects\kwork\selectio\node_modules\@testing-library\dom\dist\queries\text.js:29:49)
@qbs-autonaim/app:test:       at <anonymous> (C:\Projects\kwork\selectio\node_modules\@testing-library\dom\dist\query-helpers.js:74:17)
@qbs-autonaim/app:test:       at <anonymous> (C:\Projects\kwork\selectio\node_modules\@testing-library\dom\dist\query-helpers.js:52:17)
@qbs-autonaim/app:test:       at <anonymous> (C:\Projects\kwork\selectio\node_modules\@testing-library\dom\dist\query-helpers.js:95:19)
@qbs-autonaim/app:test:       at <anonymous> (C:\Projects\kwork\selectio\apps\app\src\components\__tests__\orpc-integration.test.tsx:265:19)
@qbs-autonaim/app:test: (fail) Integration: ╨в╨╕╨┐╨╛╨▒╨╡╨╖╨╛╨┐╨░╤Б╨╜╨╛╤Б╤В╤М oRPC > ╨┤╨╛╨╗╨╢╨╡╨╜ ╨╕╨╝╨╡╤В╤М ╤В╨╕╨┐╨╕╨╖╨╕╤А╨╛╨▓╨░╨╜╨╜╤Л╨╡ queryOptions
@qbs-autonaim/app:test: 115 |             brackets: 0,
@qbs-autonaim/app:test: 116 |             doubleApostrophe: 0,
@qbs-autonaim/app:test: 117 |             singleApostrophe: 0
@qbs-autonaim/app:test: 118 |         };
@qbs-autonaim/app:test: 119 |         const name = this.scope.nodeType === NodeTypeEnum.documentNode ? 'Document' : 'Element';
@qbs-autonaim/app:test: 120 |         const error = new this.window.SyntaxError(`Failed to execute 'querySelectorAll' on '${name}': '${selector}' is not a valid selector.`);
@qbs-autonaim/app:test:                             ^
@qbs-autonaim/app:test: TypeError: undefined is not a constructor (evaluating 'new this.window.SyntaxError(`Failed to execute 'querySelectorAll' on '${name}': '${selector}' is not a valid selector.`)')
@qbs-autonaim/app:test:       at getSelectorGroups (C:\Projects\kwork\selectio\node_modules\happy-dom\lib\query-selector\SelectorParser.js:120:23)
@qbs-autonaim/app:test:       at querySelectorAll (C:\Projects\kwork\selectio\node_modules\happy-dom\lib\query-selector\QuerySelector.js:52:62)
@qbs-autonaim/app:test:       at queryAllByText (C:\Projects\kwork\selectio\node_modules\@testing-library\dom\dist\queries\text.js:29:49)
@qbs-autonaim/app:test:       at <anonymous> (C:\Projects\kwork\selectio\node_modules\@testing-library\dom\dist\query-helpers.js:74:17)
@qbs-autonaim/app:test:       at <anonymous> (C:\Projects\kwork\selectio\node_modules\@testing-library\dom\dist\query-helpers.js:52:17)
@qbs-autonaim/app:test:       at <anonymous> (C:\Projects\kwork\selectio\node_modules\@testing-library\dom\dist\query-helpers.js:95:19)
@qbs-autonaim/app:test:       at <anonymous> (C:\Projects\kwork\selectio\apps\app\src\components\__tests__\orpc-integration.test.tsx:276:19)
@qbs-autonaim/app:test: (fail) Integration: ╨в╨╕╨┐╨╛╨▒╨╡╨╖╨╛╨┐╨░╤Б╨╜╨╛╤Б╤В╤М oRPC > ╨┤╨╛╨╗╨╢╨╡╨╜ ╨╕╨╝╨╡╤В╤М ╤В╨╕╨┐╨╕╨╖╨╕╤А╨╛╨▓╨░╨╜╨╜╤Л╨╡ mutationOptions
@qbs-autonaim/app:test: 
@qbs-autonaim/app:test: src\components\vacancy\refresh-status-indicator\analyze-progress-content.test.tsx:
@qbs-autonaim/recruitment-assistant-extension:test: (pass) ╨в╨╡╤Б╤В╨╕╤А╨╛╨▓╨░╨╜╨╕╨╡ ╨┤╨╛╤Б╤В╤Г╨┐╨╜╨╛╤Б╤В╨╕ UI ╨║╨╛╨╝╨┐╨╛╨╜╨╡╨╜╤В╨╛╨▓ > EditableField > ╨╜╨╡ ╨┤╨╛╨╗╨╢╨╡╨╜ ╨╕╨╝╨╡╤В╤М ╨╜╨░╤А╤Г╤И╨╡╨╜╨╕╨╣ ╨┤╨╛╤Б╤В╤Г╨┐╨╜╨╛╤Б╤В╨╕ [78.00ms]
@qbs-autonaim/app:test: (pass) AnalyzeProgressContent > ╨┤╨╛╨╗╨╢╨╡╨╜ ╨▓╨╛╨╖╨▓╤А╨░╤Й╨░╤В╤М null ╨║╨╛╨│╨┤╨░ ╨╜╨╡╤В progress ╨╕ completed
@qbs-autonaim/app:test: 115 |             brackets: 0,
@qbs-autonaim/app:test: 116 |             doubleApostrophe: 0,
@qbs-autonaim/app:test: 117 |             singleApostrophe: 0
@qbs-autonaim/app:test: 118 |         };
@qbs-autonaim/app:test: 119 |         const name = this.scope.nodeType === NodeTypeEnum.documentNode ? 'Document' : 'Element';
@qbs-autonaim/app:test: 120 |         const error = new this.window.SyntaxError(`Failed to execute 'querySelectorAll' on '${name}': '${selector}' is not a valid selector.`);
@qbs-autonaim/app:test:                             ^
@qbs-autonaim/app:test: TypeError: undefined is not a constructor (evaluating 'new this.window.SyntaxError(`Failed to execute 'querySelectorAll' on '${name}': '${selector}' is not a valid selector.`)')
@qbs-autonaim/app:test:       at getSelectorGroups (C:\Projects\kwork\selectio\node_modules\happy-dom\lib\query-selector\SelectorParser.js:120:23)
@qbs-autonaim/app:test:       at querySelectorAll (C:\Projects\kwork\selectio\node_modules\happy-dom\lib\query-selector\QuerySelector.js:52:62)
@qbs-autonaim/app:test:       at queryAllByText (C:\Projects\kwork\selectio\node_modules\@testing-library\dom\dist\queries\text.js:29:49)
@qbs-autonaim/app:test:       at <anonymous> (C:\Projects\kwork\selectio\node_modules\@testing-library\dom\dist\query-helpers.js:74:17)
@qbs-autonaim/app:test:       at <anonymous> (C:\Projects\kwork\selectio\node_modules\@testing-library\dom\dist\query-helpers.js:52:17)
@qbs-autonaim/app:test:       at <anonymous> (C:\Projects\kwork\selectio\node_modules\@testing-library\dom\dist\query-helpers.js:95:19)
@qbs-autonaim/app:test:       at <anonymous> (C:\Projects\kwork\selectio\apps\app\src\components\vacancy\refresh-status-indicator\analyze-progress-content.test.tsx:27:14)
@qbs-autonaim/app:test: (fail) AnalyzeProgressContent > ╨┤╨╛╨╗╨╢╨╡╨╜ ╨╛╤В╨╛╨▒╤А╨░╨╢╨░╤В╤М completed ╨┤╨░╨╜╨╜╤Л╨╡ ╤Б ╨┐╤А╨░╨▓╨╕╨╗╤М╨╜╤Л╨╝ ╤В╨╡╨║╤Б╤В╨╛╨╝
@qbs-autonaim/app:test: 115 |             brackets: 0,
@qbs-autonaim/app:test: 116 |             doubleApostrophe: 0,
@qbs-autonaim/app:test: 117 |             singleApostrophe: 0
@qbs-autonaim/app:test: 118 |         };
@qbs-autonaim/app:test: 119 |         const name = this.scope.nodeType === NodeTypeEnum.documentNode ? 'Document' : 'Element';
@qbs-autonaim/app:test: 120 |         const error = new this.window.SyntaxError(`Failed to execute 'querySelectorAll' on '${name}': '${selector}' is not a valid selector.`);
@qbs-autonaim/app:test:                             ^
@qbs-autonaim/app:test: TypeError: undefined is not a constructor (evaluating 'new this.window.SyntaxError(`Failed to execute 'querySelectorAll' on '${name}': '${selector}' is not a valid selector.`)')
@qbs-autonaim/app:test:       at getSelectorGroups (C:\Projects\kwork\selectio\node_modules\happy-dom\lib\query-selector\SelectorParser.js:120:23)
@qbs-autonaim/app:test:       at querySelectorAll (C:\Projects\kwork\selectio\node_modules\happy-dom\lib\query-selector\QuerySelector.js:52:62)
@qbs-autonaim/app:test:       at queryAllByText (C:\Projects\kwork\selectio\node_modules\@testing-library\dom\dist\queries\text.js:29:49)
@qbs-autonaim/app:test:       at <anonymous> (C:\Projects\kwork\selectio\node_modules\@testing-library\dom\dist\query-helpers.js:74:17)
@qbs-autonaim/app:test:       at <anonymous> (C:\Projects\kwork\selectio\node_modules\@testing-library\dom\dist\query-helpers.js:52:17)
@qbs-autonaim/app:test:       at <anonymous> (C:\Projects\kwork\selectio\node_modules\@testing-library\dom\dist\query-helpers.js:95:19)
@qbs-autonaim/app:test:       at <anonymous> (C:\Projects\kwork\selectio\apps\app\src\components\vacancy\refresh-status-indicator\analyze-progress-content.test.tsx:45:14)
@qbs-autonaim/app:test: (fail) AnalyzeProgressContent > ╨┤╨╛╨╗╨╢╨╡╨╜ ╨╛╤В╨╛╨▒╤А╨░╨╢╨░╤В╤М completed ╨┤╨░╨╜╨╜╤Л╨╡ ╨▒╨╡╨╖ ╨╛╤И╨╕╨▒╨╛╨║ ╨║╨╛╨│╨┤╨░ failed=0
@qbs-autonaim/app:test: 115 |             brackets: 0,
@qbs-autonaim/app:test: 116 |             doubleApostrophe: 0,
@qbs-autonaim/app:test: 117 |             singleApostrophe: 0
@qbs-autonaim/app:test: 118 |         };
@qbs-autonaim/app:test: 119 |         const name = this.scope.nodeType === NodeTypeEnum.documentNode ? 'Document' : 'Element';
@qbs-autonaim/app:test: 120 |         const error = new this.window.SyntaxError(`Failed to execute 'querySelectorAll' on '${name}': '${selector}' is not a valid selector.`);
@qbs-autonaim/app:test:                             ^
@qbs-autonaim/app:test: TypeError: undefined is not a constructor (evaluating 'new this.window.SyntaxError(`Failed to execute 'querySelectorAll' on '${name}': '${selector}' is not a valid selector.`)')
@qbs-autonaim/app:test:       at getSelectorGroups (C:\Projects\kwork\selectio\node_modules\happy-dom\lib\query-selector\SelectorParser.js:120:23)
@qbs-autonaim/app:test:       at querySelectorAll (C:\Projects\kwork\selectio\node_modules\happy-dom\lib\query-selector\QuerySelector.js:52:62)
@qbs-autonaim/app:test:       at queryAllByText (C:\Projects\kwork\selectio\node_modules\@testing-library\dom\dist\queries\text.js:29:49)
@qbs-autonaim/app:test:       at <anonymous> (C:\Projects\kwork\selectio\node_modules\@testing-library\dom\dist\query-helpers.js:74:17)
@qbs-autonaim/app:test:       at <anonymous> (C:\Projects\kwork\selectio\node_modules\@testing-library\dom\dist\query-helpers.js:52:17)
@qbs-autonaim/app:test:       at <anonymous> (C:\Projects\kwork\selectio\node_modules\@testing-library\dom\dist\query-helpers.js:95:19)
@qbs-autonaim/app:test:       at <anonymous> (C:\Projects\kwork\selectio\apps\app\src\components\vacancy\refresh-status-indicator\analyze-progress-content.test.tsx:65:14)
@qbs-autonaim/app:test: (fail) AnalyzeProgressContent > ╨┤╨╛╨╗╨╢╨╡╨╜ ╨╛╤В╨╛╨▒╤А╨░╨╢╨░╤В╤М progress ╨┤╨░╨╜╨╜╤Л╨╡ ╤Б ╨┐╤А╨╛╨│╤А╨╡╤Б╤Б ╨▒╨░╤А╨╛╨╝ [16.00ms]
@qbs-autonaim/app:test: 115 |             brackets: 0,
@qbs-autonaim/app:test: 116 |             doubleApostrophe: 0,
@qbs-autonaim/app:test: 117 |             singleApostrophe: 0
@qbs-autonaim/app:test: 118 |         };
@qbs-autonaim/app:test: 119 |         const name = this.scope.nodeType === NodeTypeEnum.documentNode ? 'Document' : 'Element';
@qbs-autonaim/app:test: 120 |         const error = new this.window.SyntaxError(`Failed to execute 'querySelectorAll' on '${name}': '${selector}' is not a valid selector.`);
@qbs-autonaim/app:test:                             ^
@qbs-autonaim/app:test: TypeError: undefined is not a constructor (evaluating 'new this.window.SyntaxError(`Failed to execute 'querySelectorAll' on '${name}': '${selector}' is not a valid selector.`)')
@qbs-autonaim/app:test:       at getSelectorGroups (C:\Projects\kwork\selectio\node_modules\happy-dom\lib\query-selector\SelectorParser.js:120:23)
@qbs-autonaim/app:test:       at querySelectorAll (C:\Projects\kwork\selectio\node_modules\happy-dom\lib\query-selector\QuerySelector.js:52:62)
@qbs-autonaim/app:test:       at queryAllByText (C:\Projects\kwork\selectio\node_modules\@testing-library\dom\dist\queries\text.js:29:49)
@qbs-autonaim/app:test:       at <anonymous> (C:\Projects\kwork\selectio\node_modules\@testing-library\dom\dist\query-helpers.js:74:17)
@qbs-autonaim/app:test:       at <anonymous> (C:\Projects\kwork\selectio\node_modules\@testing-library\dom\dist\query-helpers.js:52:17)
@qbs-autonaim/app:test:       at <anonymous> (C:\Projects\kwork\selectio\node_modules\@testing-library\dom\dist\query-helpers.js:95:19)
@qbs-autonaim/app:test:       at <anonymous> (C:\Projects\kwork\selectio\apps\app\src\components\vacancy\refresh-status-indicator\analyze-progress-content.test.tsx:88:14)
@qbs-autonaim/app:test: (fail) AnalyzeProgressContent > ╨┤╨╛╨╗╨╢╨╡╨╜ ╨╛╤В╨╛╨▒╤А╨░╨╢╨░╤В╤М progress ╨┤╨░╨╜╨╜╤Л╨╡ ╨▒╨╡╨╖ ╨╛╤И╨╕╨▒╨╛╨║ ╨║╨╛╨│╨┤╨░ failed=0
@qbs-autonaim/app:test: 115 |             brackets: 0,
@qbs-autonaim/app:test: 116 |             doubleApostrophe: 0,
@qbs-autonaim/app:test: 117 |             singleApostrophe: 0
@qbs-autonaim/app:test: 118 |         };
@qbs-autonaim/app:test: 119 |         const name = this.scope.nodeType === NodeTypeEnum.documentNode ? 'Document' : 'Element';
@qbs-autonaim/app:test: 120 |         const error = new this.window.SyntaxError(`Failed to execute 'querySelectorAll' on '${name}': '${selector}' is not a valid selector.`);
@qbs-autonaim/app:test:                             ^
@qbs-autonaim/app:test: TypeError: undefined is not a constructor (evaluating 'new this.window.SyntaxError(`Failed to execute 'querySelectorAll' on '${name}': '${selector}' is not a valid selector.`)')
@qbs-autonaim/app:test:       at getSelectorGroups (C:\Projects\kwork\selectio\node_modules\happy-dom\lib\query-selector\SelectorParser.js:120:23)
@qbs-autonaim/app:test:       at querySelector (C:\Projects\kwork\selectio\node_modules\happy-dom\lib\query-selector\QuerySelector.js:130:67)
@qbs-autonaim/app:test:       at <anonymous> (C:\Projects\kwork\selectio\apps\app\src\components\vacancy\refresh-status-indicator\analyze-progress-content.test.tsx:109:35)
@qbs-autonaim/app:test: (fail) AnalyzeProgressContent > ╨┤╨╛╨╗╨╢╨╡╨╜ ╨▓╤Л╤З╨╕╤Б╨╗╤П╤В╤М ╨┐╤А╨░╨▓╨╕╨╗╤М╨╜╤Л╨╣ ╨┐╤А╨╛╤Ж╨╡╨╜╤В ╨┐╤А╨╛╨│╤А╨╡╤Б╤Б╨░
@qbs-autonaim/app:test: 115 |             brackets: 0,
@qbs-autonaim/app:test: 116 |             doubleApostrophe: 0,
@qbs-autonaim/app:test: 117 |             singleApostrophe: 0
@qbs-autonaim/app:test: 118 |         };
@qbs-autonaim/app:test: 119 |         const name = this.scope.nodeType === NodeTypeEnum.documentNode ? 'Document' : 'Element';
@qbs-autonaim/app:test: 120 |         const error = new this.window.SyntaxError(`Failed to execute 'querySelectorAll' on '${name}': '${selector}' is not a valid selector.`);
@qbs-autonaim/app:test:                             ^
@qbs-autonaim/app:test: TypeError: undefined is not a constructor (evaluating 'new this.window.SyntaxError(`Failed to execute 'querySelectorAll' on '${name}': '${selector}' is not a valid selector.`)')
@qbs-autonaim/app:test:       at getSelectorGroups (C:\Projects\kwork\selectio\node_modules\happy-dom\lib\query-selector\SelectorParser.js:120:23)
@qbs-autonaim/app:test:       at querySelectorAll (C:\Projects\kwork\selectio\node_modules\happy-dom\lib\query-selector\QuerySelector.js:52:62)
@qbs-autonaim/app:test:       at queryAllByText (C:\Projects\kwork\selectio\node_modules\@testing-library\dom\dist\queries\text.js:29:49)
@qbs-autonaim/app:test:       at <anonymous> (C:\Projects\kwork\selectio\node_modules\@testing-library\dom\dist\query-helpers.js:74:17)
@qbs-autonaim/app:test:       at <anonymous> (C:\Projects\kwork\selectio\node_modules\@testing-library\dom\dist\query-helpers.js:52:17)
@qbs-autonaim/app:test:       at <anonymous> (C:\Projects\kwork\selectio\node_modules\@testing-library\dom\dist\query-helpers.js:95:19)
@qbs-autonaim/app:test:       at <anonymous> (C:\Projects\kwork\selectio\apps\app\src\components\vacancy\refresh-status-indicator\analyze-progress-content.test.tsx:133:14)
@qbs-autonaim/app:test: (fail) AnalyzeProgressContent > ╨┤╨╛╨╗╨╢╨╡╨╜ ╨┐╨╛╨║╨░╨╖╤Л╨▓╨░╤В╤М ╤В╨╛╨╗╤М╨║╨╛ completed ╨║╨╛╨│╨┤╨░ ╨╛╨▒╨░ ╨╖╨╜╨░╤З╨╡╨╜╨╕╤П ╨┐╨╡╤А╨╡╨┤╨░╨╜╤Л
@qbs-autonaim/app:test: 
@qbs-autonaim/app:test: src\components\vacancy\refresh-status-indicator\archived-status-content.test.tsx:
@qbs-autonaim/app:test: 115 |             brackets: 0,
@qbs-autonaim/app:test: 116 |             doubleApostrophe: 0,
@qbs-autonaim/app:test: 117 |             singleApostrophe: 0
@qbs-autonaim/app:test: 118 |         };
@qbs-autonaim/app:test: 119 |         const name = this.scope.nodeType === NodeTypeEnum.documentNode ? 'Document' : 'Element';
@qbs-autonaim/app:test: 120 |         const error = new this.window.SyntaxError(`Failed to execute 'querySelectorAll' on '${name}': '${selector}' is not a valid selector.`);
@qbs-autonaim/app:test:                             ^
@qbs-autonaim/app:test: TypeError: undefined is not a constructor (evaluating 'new this.window.SyntaxError(`Failed to execute 'querySelectorAll' on '${name}': '${selector}' is not a valid selector.`)')
@qbs-autonaim/app:test:       at getSelectorGroups (C:\Projects\kwork\selectio\node_modules\happy-dom\lib\query-selector\SelectorParser.js:120:23)
@qbs-autonaim/app:test:       at querySelectorAll (C:\Projects\kwork\selectio\node_modules\happy-dom\lib\query-selector\QuerySelector.js:52:62)
@qbs-autonaim/app:test:       at queryAllByText (C:\Projects\kwork\selectio\node_modules\@testing-library\dom\dist\queries\text.js:29:49)
@qbs-autonaim/app:test:       at <anonymous> (C:\Projects\kwork\selectio\node_modules\@testing-library\dom\dist\query-helpers.js:74:17)
@qbs-autonaim/app:test:       at <anonymous> (C:\Projects\kwork\selectio\node_modules\@testing-library\dom\dist\query-helpers.js:52:17)
@qbs-autonaim/app:test:       at <anonymous> (C:\Projects\kwork\selectio\node_modules\@testing-library\dom\dist\query-helpers.js:95:19)
@qbs-autonaim/app:test:       at <anonymous> (C:\Projects\kwork\selectio\apps\app\src\components\vacancy\refresh-status-indicator\archived-status-content.test.tsx:17:30)
@qbs-autonaim/app:test: (fail) ArchivedStatusContent > ╨┤╨╛╨╗╨╢╨╡╨╜ ╨╛╤В╨╛╨▒╤А╨░╨╢╨░╤В╤М message
@qbs-autonaim/app:test: 115 |             brackets: 0,
@qbs-autonaim/app:test: 116 |             doubleApostrophe: 0,
@qbs-autonaim/app:test: 117 |             singleApostrophe: 0
@qbs-autonaim/app:test: 118 |         };
@qbs-autonaim/app:test: 119 |         const name = this.scope.nodeType === NodeTypeEnum.documentNode ? 'Document' : 'Element';
@qbs-autonaim/app:test: 120 |         const error = new this.window.SyntaxError(`Failed to execute 'querySelectorAll' on '${name}': '${selector}' is not a valid selector.`);
@qbs-autonaim/app:test:                             ^
@qbs-autonaim/app:test: TypeError: undefined is not a constructor (evaluating 'new this.window.SyntaxError(`Failed to execute 'querySelectorAll' on '${name}': '${selector}' is not a valid selector.`)')
@qbs-autonaim/app:test:       at getSelectorGroups (C:\Projects\kwork\selectio\node_modules\happy-dom\lib\query-selector\SelectorParser.js:120:23)
@qbs-autonaim/app:test:       at querySelectorAll (C:\Projects\kwork\selectio\node_modules\happy-dom\lib\query-selector\QuerySelector.js:52:62)
@qbs-autonaim/app:test:       at queryAllByText (C:\Projects\kwork\selectio\node_modules\@testing-library\dom\dist\queries\text.js:29:49)
@qbs-autonaim/app:test:       at <anonymous> (C:\Projects\kwork\selectio\node_modules\@testing-library\dom\dist\query-helpers.js:74:17)
@qbs-autonaim/app:test:       at <anonymous> (C:\Projects\kwork\selectio\node_modules\@testing-library\dom\dist\query-helpers.js:52:17)
@qbs-autonaim/app:test:       at <anonymous> (C:\Projects\kwork\selectio\node_modules\@testing-library\dom\dist\query-helpers.js:95:19)
@qbs-autonaim/app:test:       at <anonymous> (C:\Projects\kwork\selectio\apps\app\src\components\vacancy\refresh-status-indicator\archived-status-content.test.tsx:34:14)
@qbs-autonaim/app:test: (fail) ArchivedStatusContent > ╨┤╨╛╨╗╨╢╨╡╨╜ ╨╛╤В╨╛╨▒╤А╨░╨╢╨░╤В╤М syncedResponses ╨╕ newResponses
@qbs-autonaim/app:test: 115 |             brackets: 0,
@qbs-autonaim/app:test: 116 |             doubleApostrophe: 0,
@qbs-autonaim/app:test: 117 |             singleApostrophe: 0
@qbs-autonaim/app:test: 118 |         };
@qbs-autonaim/app:test: 119 |         const name = this.scope.nodeType === NodeTypeEnum.documentNode ? 'Document' : 'Element';
@qbs-autonaim/app:test: 120 |         const error = new this.window.SyntaxError(`Failed to execute 'querySelectorAll' on '${name}': '${selector}' is not a valid selector.`);
@qbs-autonaim/app:test:                             ^
@qbs-autonaim/app:test: TypeError: undefined is not a constructor (evaluating 'new this.window.SyntaxError(`Failed to execute 'querySelectorAll' on '${name}': '${selector}' is not a valid selector.`)')
@qbs-autonaim/app:test:       at getSelectorGroups (C:\Projects\kwork\selectio\node_modules\happy-dom\lib\query-selector\SelectorParser.js:120:23)
@qbs-autonaim/app:test:       at querySelectorAll (C:\Projects\kwork\selectio\node_modules\happy-dom\lib\query-selector\QuerySelector.js:52:62)
@qbs-autonaim/app:test:       at queryAllByText (C:\Projects\kwork\selectio\node_modules\@testing-library\dom\dist\queries\text.js:29:49)
@qbs-autonaim/app:test:       at <anonymous> (C:\Projects\kwork\selectio\node_modules\@testing-library\dom\dist\query-helpers.js:74:17)
@qbs-autonaim/app:test:       at <anonymous> (C:\Projects\kwork\selectio\node_modules\@testing-library\dom\dist\query-helpers.js:52:17)
@qbs-autonaim/app:test:       at <anonymous> (C:\Projects\kwork\selectio\node_modules\@testing-library\dom\dist\query-helpers.js:95:19)
@qbs-autonaim/app:test:       at <anonymous> (C:\Projects\kwork\selectio\apps\app\src\components\vacancy\refresh-status-indicator\archived-status-content.test.tsx:52:25)
@qbs-autonaim/app:test: (fail) ArchivedStatusContent > ╨┤╨╛╨╗╨╢╨╡╨╜ ╨╛╤В╨╛╨▒╤А╨░╨╢╨░╤В╤М ╤Б╨╛╨╛╨▒╤Й╨╡╨╜╨╕╨╡ ╨┤╨╗╤П ╤Б╤В╨░╤В╤Г╤Б╨░ processing
@qbs-autonaim/app:test: 115 |             brackets: 0,
@qbs-autonaim/app:test: 116 |             doubleApostrophe: 0,
@qbs-autonaim/app:test: 117 |             singleApostrophe: 0
@qbs-autonaim/app:test: 118 |         };
@qbs-autonaim/app:test: 119 |         const name = this.scope.nodeType === NodeTypeEnum.documentNode ? 'Document' : 'Element';
@qbs-autonaim/app:test: 120 |         const error = new this.window.SyntaxError(`Failed to execute 'querySelectorAll' on '${name}': '${selector}' is not a valid selector.`);
@qbs-autonaim/app:test:                             ^
@qbs-autonaim/app:test: TypeError: undefined is not a constructor (evaluating 'new this.window.SyntaxError(`Failed to execute 'querySelectorAll' on '${name}': '${selector}' is not a valid selector.`)')
@qbs-autonaim/app:test:       at getSelectorGroups (C:\Projects\kwork\selectio\node_modules\happy-dom\lib\query-selector\SelectorParser.js:120:23)
@qbs-autonaim/app:test:       at querySelectorAll (C:\Projects\kwork\selectio\node_modules\happy-dom\lib\query-selector\QuerySelector.js:52:62)
@qbs-autonaim/app:test:       at queryAllByText (C:\Projects\kwork\selectio\node_modules\@testing-library\dom\dist\queries\text.js:29:49)
@qbs-autonaim/app:test:       at <anonymous> (C:\Projects\kwork\selectio\node_modules\@testing-library\dom\dist\query-helpers.js:74:17)
@qbs-autonaim/app:test:       at <anonymous> (C:\Projects\kwork\selectio\node_modules\@testing-library\dom\dist\query-helpers.js:52:17)
@qbs-autonaim/app:test:       at <anonymous> (C:\Projects\kwork\selectio\node_modules\@testing-library\dom\dist\query-helpers.js:95:19)
@qbs-autonaim/app:test:       at <anonymous> (C:\Projects\kwork\selectio\apps\app\src\components\vacancy\refresh-status-indicator\archived-status-content.test.tsx:70:25)
@qbs-autonaim/app:test: (fail) ArchivedStatusContent > ╨┤╨╛╨╗╨╢╨╡╨╜ ╨╛╤В╨╛╨▒╤А╨░╨╢╨░╤В╤М ╤Б╨╛╨╛╨▒╤Й╨╡╨╜╨╕╨╡ ╨┤╨╗╤П ╤Б╤В╨░╤В╤Г╤Б╨░ completed
@qbs-autonaim/app:test: 115 |             brackets: 0,
@qbs-autonaim/app:test: 116 |             doubleApostrophe: 0,
@qbs-autonaim/app:test: 117 |             singleApostrophe: 0
@qbs-autonaim/app:test: 118 |         };
@qbs-autonaim/app:test: 119 |         const name = this.scope.nodeType === NodeTypeEnum.documentNode ? 'Document' : 'Element';
@qbs-autonaim/app:test: 120 |         const error = new this.window.SyntaxError(`Failed to execute 'querySelectorAll' on '${name}': '${selector}' is not a valid selector.`);
@qbs-autonaim/app:test:                             ^
@qbs-autonaim/app:test: TypeError: undefined is not a constructor (evaluating 'new this.window.SyntaxError(`Failed to execute 'querySelectorAll' on '${name}': '${selector}' is not a valid selector.`)')
@qbs-autonaim/app:test:       at getSelectorGroups (C:\Projects\kwork\selectio\node_modules\happy-dom\lib\query-selector\SelectorParser.js:120:23)
@qbs-autonaim/app:test:       at querySelectorAll (C:\Projects\kwork\selectio\node_modules\happy-dom\lib\query-selector\QuerySelector.js:52:62)
@qbs-autonaim/app:test:       at queryAllByText (C:\Projects\kwork\selectio\node_modules\@testing-library\dom\dist\queries\text.js:29:49)
@qbs-autonaim/app:test:       at <anonymous> (C:\Projects\kwork\selectio\node_modules\@testing-library\dom\dist\query-helpers.js:74:17)
@qbs-autonaim/app:test:       at <anonymous> (C:\Projects\kwork\selectio\node_modules\@testing-library\dom\dist\query-helpers.js:109:15)
@qbs-autonaim/app:test:       at <anonymous> (C:\Projects\kwork\selectio\apps\app\src\components\vacancy\refresh-status-indicator\archived-status-content.test.tsx:85:45)
@qbs-autonaim/app:test: (fail) ArchivedStatusContent > ╨┤╨╛╨╗╨╢╨╡╨╜ ╨╛╤В╨╛╨▒╤А╨░╨╢╨░╤В╤М ╤Б╨╛╨╛╨▒╤Й╨╡╨╜╨╕╨╡ ╨╛╨▒ ╨╛╤И╨╕╨▒╨║╨╡ ╨┐╤А╨╕ status=error
@qbs-autonaim/app:test: 
@qbs-autonaim/app:test: src\components\vacancy\refresh-status-indicator\confirmation-view.test.tsx:
@qbs-autonaim/app:test: 115 |             brackets: 0,
@qbs-autonaim/app:test: 116 |             doubleApostrophe: 0,
@qbs-autonaim/app:test: 117 |             singleApostrophe: 0
@qbs-autonaim/app:test: 118 |         };
@qbs-autonaim/app:test: 119 |         const name = this.scope.nodeType === NodeTypeEnum.documentNode ? 'Document' : 'Element';
@qbs-autonaim/app:test: 120 |         const error = new this.window.SyntaxError(`Failed to execute 'querySelectorAll' on '${name}': '${selector}' is not a valid selector.`);
@qbs-autonaim/app:test:                             ^
@qbs-autonaim/app:test: TypeError: undefined is not a constructor (evaluating 'new this.window.SyntaxError(`Failed to execute 'querySelectorAll' on '${name}': '${selector}' is not a valid selector.`)')
@qbs-autonaim/app:test:       at getSelectorGroups (C:\Projects\kwork\selectio\node_modules\happy-dom\lib\query-selector\SelectorParser.js:120:23)
@qbs-autonaim/app:test:       at querySelector (C:\Projects\kwork\selectio\node_modules\happy-dom\lib\query-selector\QuerySelector.js:130:67)
@qbs-autonaim/app:test:       at <anonymous> (C:\Projects\kwork\selectio\apps\app\src\components\vacancy\refresh-status-indicator\confirmation-view.test.tsx:18:29)
@qbs-autonaim/app:test: (fail) ConfirmationView > ╨┤╨╛╨╗╨╢╨╡╨╜ ╨╛╤В╨╛╨▒╤А╨░╨╢╨░╤В╤М ╨╖╨░╨│╨╛╨╗╨╛╨▓╨╛╨║ ╨┤╨╗╤П ╤А╨╡╨╢╨╕╨╝╨░ refresh [15.00ms]
@qbs-autonaim/app:test: 115 |             brackets: 0,
@qbs-autonaim/app:test: 116 |             doubleApostrophe: 0,
@qbs-autonaim/app:test: 117 |             singleApostrophe: 0
@qbs-autonaim/app:test: 118 |         };
@qbs-autonaim/app:test: 119 |         const name = this.scope.nodeType === NodeTypeEnum.documentNode ? 'Document' : 'Element';
@qbs-autonaim/app:test: 120 |         const error = new this.window.SyntaxError(`Failed to execute 'querySelectorAll' on '${name}': '${selector}' is not a valid selector.`);
@qbs-autonaim/app:test:                             ^
@qbs-autonaim/app:test: TypeError: undefined is not a constructor (evaluating 'new this.window.SyntaxError(`Failed to execute 'querySelectorAll' on '${name}': '${selector}' is not a valid selector.`)')
@qbs-autonaim/app:test:       at getSelectorGroups (C:\Projects\kwork\selectio\node_modules\happy-dom\lib\query-selector\SelectorParser.js:120:23)
@qbs-autonaim/app:test:       at querySelector (C:\Projects\kwork\selectio\node_modules\happy-dom\lib\query-selector\QuerySelector.js:130:67)
@qbs-autonaim/app:test:       at <anonymous> (C:\Projects\kwork\selectio\apps\app\src\components\vacancy\refresh-status-indicator\confirmation-view.test.tsx:26:29)
@qbs-autonaim/app:test: (fail) ConfirmationView > ╨┤╨╛╨╗╨╢╨╡╨╜ ╨╛╤В╨╛╨▒╤А╨░╨╢╨░╤В╤М ╨╖╨░╨│╨╛╨╗╨╛╨▓╨╛╨║ ╨┤╨╗╤П ╤А╨╡╨╢╨╕╨╝╨░ archived
@qbs-autonaim/app:test: 115 |             brackets: 0,
@qbs-autonaim/app:test: 116 |             doubleApostrophe: 0,
@qbs-autonaim/app:test: 117 |             singleApostrophe: 0
@qbs-autonaim/app:test: 118 |         };
@qbs-autonaim/app:test: 119 |         const name = this.scope.nodeType === NodeTypeEnum.documentNode ? 'Document' : 'Element';
@qbs-autonaim/app:test: 120 |         const error = new this.window.SyntaxError(`Failed to execute 'querySelectorAll' on '${name}': '${selector}' is not a valid selector.`);
@qbs-autonaim/app:test:                             ^
@qbs-autonaim/app:test: TypeError: undefined is not a constructor (evaluating 'new this.window.SyntaxError(`Failed to execute 'querySelectorAll' on '${name}': '${selector}' is not a valid selector.`)')
@qbs-autonaim/app:test:       at getSelectorGroups (C:\Projects\kwork\selectio\node_modules\happy-dom\lib\query-selector\SelectorParser.js:120:23)
@qbs-autonaim/app:test:       at querySelector (C:\Projects\kwork\selectio\node_modules\happy-dom\lib\query-selector\QuerySelector.js:130:67)
@qbs-autonaim/app:test:       at <anonymous> (C:\Projects\kwork\selectio\apps\app\src\components\vacancy\refresh-status-indicator\confirmation-view.test.tsx:34:29)
@qbs-autonaim/app:test: (fail) ConfirmationView > ╨┤╨╛╨╗╨╢╨╡╨╜ ╨╛╤В╨╛╨▒╤А╨░╨╢╨░╤В╤М ╨╖╨░╨│╨╛╨╗╨╛╨▓╨╛╨║ ╨┤╨╗╤П ╤А╨╡╨╢╨╕╨╝╨░ analyze
@qbs-autonaim/app:test: 115 |             brackets: 0,
@qbs-autonaim/app:test: 116 |             doubleApostrophe: 0,
@qbs-autonaim/app:test: 117 |             singleApostrophe: 0
@qbs-autonaim/app:test: 118 |         };
@qbs-autonaim/app:test: 119 |         const name = this.scope.nodeType === NodeTypeEnum.documentNode ? 'Document' : 'Element';
@qbs-autonaim/app:test: 120 |         const error = new this.window.SyntaxError(`Failed to execute 'querySelectorAll' on '${name}': '${selector}' is not a valid selector.`);
@qbs-autonaim/app:test:                             ^
@qbs-autonaim/app:test: TypeError: undefined is not a constructor (evaluating 'new this.window.SyntaxError(`Failed to execute 'querySelectorAll' on '${name}': '${selector}' is not a valid selector.`)')
@qbs-autonaim/app:test:       at getSelectorGroups (C:\Projects\kwork\selectio\node_modules\happy-dom\lib\query-selector\SelectorParser.js:120:23)
@qbs-autonaim/app:test:       at querySelector (C:\Projects\kwork\selectio\node_modules\happy-dom\lib\query-selector\QuerySelector.js:130:67)
@qbs-autonaim/app:test:       at <anonymous> (C:\Projects\kwork\selectio\apps\app\src\components\vacancy\refresh-status-indicator\confirmation-view.test.tsx:42:29)
@qbs-autonaim/app:test: (fail) ConfirmationView > ╨┤╨╛╨╗╨╢╨╡╨╜ ╨╛╤В╨╛╨▒╤А╨░╨╢╨░╤В╤М ╨╖╨░╨│╨╛╨╗╨╛╨▓╨╛╨║ ╨┤╨╗╤П ╤А╨╡╨╢╨╕╨╝╨░ screening [16.00ms]
@qbs-autonaim/app:test: 115 |             brackets: 0,
@qbs-autonaim/app:test: 116 |             doubleApostrophe: 0,
@qbs-autonaim/app:test: 117 |             singleApostrophe: 0
@qbs-autonaim/app:test: 118 |         };
@qbs-autonaim/app:test: 119 |         const name = this.scope.nodeType === NodeTypeEnum.documentNode ? 'Document' : 'Element';
@qbs-autonaim/app:test: 120 |         const error = new this.window.SyntaxError(`Failed to execute 'querySelectorAll' on '${name}': '${selector}' is not a valid selector.`);
@qbs-autonaim/app:test:                             ^
@qbs-autonaim/app:test: TypeError: undefined is not a constructor (evaluating 'new this.window.SyntaxError(`Failed to execute 'querySelectorAll' on '${name}': '${selector}' is not a valid selector.`)')
@qbs-autonaim/app:test:       at getSelectorGroups (C:\Projects\kwork\selectio\node_modules\happy-dom\lib\query-selector\SelectorParser.js:120:23)
@qbs-autonaim/app:test:       at querySelector (C:\Projects\kwork\selectio\node_modules\happy-dom\lib\query-selector\QuerySelector.js:130:67)
@qbs-autonaim/app:test:       at <anonymous> (C:\Projects\kwork\selectio\apps\app\src\components\vacancy\refresh-status-indicator\confirmation-view.test.tsx:48:35)
@qbs-autonaim/app:test: (fail) ConfirmationView > ╨┤╨╛╨╗╨╢╨╡╨╜ ╨╛╤В╨╛╨▒╤А╨░╨╢╨░╤В╤М ╨╛╨┐╨╕╤Б╨░╨╜╨╕╨╡
@qbs-autonaim/recruitment-assistant-extension:test: (pass) ╨в╨╡╤Б╤В╨╕╤А╨╛╨▓╨░╨╜╨╕╨╡ ╨┤╨╛╤Б╤В╤Г╨┐╨╜╨╛╤Б╤В╨╕ UI ╨║╨╛╨╝╨┐╨╛╨╜╨╡╨╜╤В╨╛╨▓ > EditableField > ╨╜╨╡ ╨┤╨╛╨╗╨╢╨╡╨╜ ╨╕╨╝╨╡╤В╤М ╨╜╨░╤А╤Г╤И╨╡╨╜╨╕╨╣ ╨┤╨╛╤Б╤В╤Г╨┐╨╜╨╛╤Б╤В╨╕ ╨▓ ╤А╨╡╨╢╨╕╨╝╨╡ ╤А╨╡╨┤╨░╨║╤В╨╕╤А╨╛╨▓╨░╨╜╨╕╤П [94.00ms]
@qbs-autonaim/app:test: 115 |             brackets: 0,
@qbs-autonaim/app:test: 116 |             doubleApostrophe: 0,
@qbs-autonaim/app:test: 117 |             singleApostrophe: 0
@qbs-autonaim/app:test: 118 |         };
@qbs-autonaim/app:test: 119 |         const name = this.scope.nodeType === NodeTypeEnum.documentNode ? 'Document' : 'Element';
@qbs-autonaim/app:test: 120 |         const error = new this.window.SyntaxError(`Failed to execute 'querySelectorAll' on '${name}': '${selector}' is not a valid selector.`);
@qbs-autonaim/app:test:                             ^
@qbs-autonaim/app:test: TypeError: undefined is not a constructor (evaluating 'new this.window.SyntaxError(`Failed to execute 'querySelectorAll' on '${name}': '${selector}' is not a valid selector.`)')
@qbs-autonaim/app:test:       at getSelectorGroups (C:\Projects\kwork\selectio\node_modules\happy-dom\lib\query-selector\SelectorParser.js:120:23)
@qbs-autonaim/app:test:       at querySelector (C:\Projects\kwork\selectio\node_modules\happy-dom\lib\query-selector\QuerySelector.js:130:67)
@qbs-autonaim/app:test:       at <anonymous> (C:\Projects\kwork\selectio\apps\app\src\components\vacancy\refresh-status-indicator\confirmation-view.test.tsx:58:34)
@qbs-autonaim/app:test: (fail) ConfirmationView > ╨┤╨╛╨╗╨╢╨╡╨╜ ╨╛╤В╨╛╨▒╤А╨░╨╢╨░╤В╤М ╤Б╨┐╨╕╤Б╨╛╨║ ╨┤╨╡╨╣╤Б╤В╨▓╨╕╨╣ [16.00ms]
@qbs-autonaim/app:test: 115 |             brackets: 0,
@qbs-autonaim/app:test: 116 |             doubleApostrophe: 0,
@qbs-autonaim/app:test: 117 |             singleApostrophe: 0
@qbs-autonaim/app:test: 118 |         };
@qbs-autonaim/app:test: 119 |         const name = this.scope.nodeType === NodeTypeEnum.documentNode ? 'Document' : 'Element';
@qbs-autonaim/app:test: 120 |         const error = new this.window.SyntaxError(`Failed to execute 'querySelectorAll' on '${name}': '${selector}' is not a valid selector.`);
@qbs-autonaim/app:test:                             ^
@qbs-autonaim/app:test: TypeError: undefined is not a constructor (evaluating 'new this.window.SyntaxError(`Failed to execute 'querySelectorAll' on '${name}': '${selector}' is not a valid selector.`)')
@qbs-autonaim/app:test:       at getSelectorGroups (C:\Projects\kwork\selectio\node_modules\happy-dom\lib\query-selector\SelectorParser.js:120:23)
@qbs-autonaim/app:test:       at querySelectorAll (C:\Projects\kwork\selectio\node_modules\happy-dom\lib\query-selector\QuerySelector.js:52:62)
@qbs-autonaim/app:test:       at <anonymous> (C:\Projects\kwork\selectio\apps\app\src\components\vacancy\refresh-status-indicator\confirmation-view.test.tsx:64:31)
@qbs-autonaim/app:test: (fail) ConfirmationView > ╨┤╨╛╨╗╨╢╨╡╨╜ ╨╛╤В╨╛╨▒╤А╨░╨╢╨░╤В╤М ╨║╨╜╨╛╨┐╨║╤Г ╨Ю╤В╨╝╨╡╨╜╨░
@qbs-autonaim/app:test: 115 |             brackets: 0,
@qbs-autonaim/app:test: 116 |             doubleApostrophe: 0,
@qbs-autonaim/app:test: 117 |             singleApostrophe: 0
@qbs-autonaim/app:test: 118 |         };
@qbs-autonaim/app:test: 119 |         const name = this.scope.nodeType === NodeTypeEnum.documentNode ? 'Document' : 'Element';
@qbs-autonaim/app:test: 120 |         const error = new this.window.SyntaxError(`Failed to execute 'querySelectorAll' on '${name}': '${selector}' is not a valid selector.`);
@qbs-autonaim/app:test:                             ^
@qbs-autonaim/app:test: TypeError: undefined is not a constructor (evaluating 'new this.window.SyntaxError(`Failed to execute 'querySelectorAll' on '${name}': '${selector}' is not a valid selector.`)')
@qbs-autonaim/app:test:       at getSelectorGroups (C:\Projects\kwork\selectio\node_modules\happy-dom\lib\query-selector\SelectorParser.js:120:23)
@qbs-autonaim/app:test:       at querySelectorAll (C:\Projects\kwork\selectio\node_modules\happy-dom\lib\query-selector\QuerySelector.js:52:62)
@qbs-autonaim/app:test:       at <anonymous> (C:\Projects\kwork\selectio\apps\app\src\components\vacancy\refresh-status-indicator\confirmation-view.test.tsx:75:31)
@qbs-autonaim/app:test: (fail) ConfirmationView > ╨┤╨╛╨╗╨╢╨╡╨╜ ╨╛╤В╨╛╨▒╤А╨░╨╢╨░╤В╤М ╨║╨╜╨╛╨┐╨║╤Г ╨┐╨╛╨┤╤В╨▓╨╡╤А╨╢╨┤╨╡╨╜╨╕╤П ╨┤╨╗╤П ╤А╨╡╨╢╨╕╨╝╨░ refresh
@qbs-autonaim/app:test: 115 |             brackets: 0,
@qbs-autonaim/app:test: 116 |             doubleApostrophe: 0,
@qbs-autonaim/app:test: 117 |             singleApostrophe: 0
@qbs-autonaim/app:test: 118 |         };
@qbs-autonaim/app:test: 119 |         const name = this.scope.nodeType === NodeTypeEnum.documentNode ? 'Document' : 'Element';
@qbs-autonaim/app:test: 120 |         const error = new this.window.SyntaxError(`Failed to execute 'querySelectorAll' on '${name}': '${selector}' is not a valid selector.`);
@qbs-autonaim/app:test:                             ^
@qbs-autonaim/app:test: TypeError: undefined is not a constructor (evaluating 'new this.window.SyntaxError(`Failed to execute 'querySelectorAll' on '${name}': '${selector}' is not a valid selector.`)')
@qbs-autonaim/app:test:       at getSelectorGroups (C:\Projects\kwork\selectio\node_modules\happy-dom\lib\query-selector\SelectorParser.js:120:23)
@qbs-autonaim/app:test:       at querySelectorAll (C:\Projects\kwork\selectio\node_modules\happy-dom\lib\query-selector\QuerySelector.js:52:62)
@qbs-autonaim/app:test:       at <anonymous> (C:\Projects\kwork\selectio\apps\app\src\components\vacancy\refresh-status-indicator\confirmation-view.test.tsx:86:31)
@qbs-autonaim/app:test: (fail) ConfirmationView > ╨┤╨╛╨╗╨╢╨╡╨╜ ╨╛╤В╨╛╨▒╤А╨░╨╢╨░╤В╤М ╨║╨╜╨╛╨┐╨║╤Г ╨┐╨╛╨┤╤В╨▓╨╡╤А╨╢╨┤╨╡╨╜╨╕╤П ╨┤╨╗╤П ╤А╨╡╨╢╨╕╨╝╨░ archived [15.00ms]
@qbs-autonaim/app:test: 115 |             brackets: 0,
@qbs-autonaim/app:test: 116 |             doubleApostrophe: 0,
@qbs-autonaim/app:test: 117 |             singleApostrophe: 0
@qbs-autonaim/app:test: 118 |         };
@qbs-autonaim/app:test: 119 |         const name = this.scope.nodeType === NodeTypeEnum.documentNode ? 'Document' : 'Element';
@qbs-autonaim/app:test: 120 |         const error = new this.window.SyntaxError(`Failed to execute 'querySelectorAll' on '${name}': '${selector}' is not a valid selector.`);
@qbs-autonaim/app:test:                             ^
@qbs-autonaim/app:test: TypeError: undefined is not a constructor (evaluating 'new this.window.SyntaxError(`Failed to execute 'querySelectorAll' on '${name}': '${selector}' is not a valid selector.`)')
@qbs-autonaim/app:test:       at getSelectorGroups (C:\Projects\kwork\selectio\node_modules\happy-dom\lib\query-selector\SelectorParser.js:120:23)
@qbs-autonaim/app:test:       at querySelectorAll (C:\Projects\kwork\selectio\node_modules\happy-dom\lib\query-selector\QuerySelector.js:52:62)
@qbs-autonaim/app:test:       at <anonymous> (C:\Projects\kwork\selectio\apps\app\src\components\vacancy\refresh-status-indicator\confirmation-view.test.tsx:97:31)
@qbs-autonaim/app:test: (fail) ConfirmationView > ╨┤╨╛╨╗╨╢╨╡╨╜ ╨╛╤В╨╛╨▒╤А╨░╨╢╨░╤В╤М ╨║╨╜╨╛╨┐╨║╤Г ╨┐╨╛╨┤╤В╨▓╨╡╤А╨╢╨┤╨╡╨╜╨╕╤П ╨┤╨╗╤П ╤А╨╡╨╢╨╕╨╝╨░ analyze [16.00ms]
@qbs-autonaim/app:test: 115 |             brackets: 0,
@qbs-autonaim/app:test: 116 |             doubleApostrophe: 0,
@qbs-autonaim/app:test: 117 |             singleApostrophe: 0
@qbs-autonaim/app:test: 118 |         };
@qbs-autonaim/app:test: 119 |         const name = this.scope.nodeType === NodeTypeEnum.documentNode ? 'Document' : 'Element';
@qbs-autonaim/app:test: 120 |         const error = new this.window.SyntaxError(`Failed to execute 'querySelectorAll' on '${name}': '${selector}' is not a valid selector.`);
@qbs-autonaim/app:test:                             ^
@qbs-autonaim/app:test: TypeError: undefined is not a constructor (evaluating 'new this.window.SyntaxError(`Failed to execute 'querySelectorAll' on '${name}': '${selector}' is not a valid selector.`)')
@qbs-autonaim/app:test:       at getSelectorGroups (C:\Projects\kwork\selectio\node_modules\happy-dom\lib\query-selector\SelectorParser.js:120:23)
@qbs-autonaim/app:test:       at querySelectorAll (C:\Projects\kwork\selectio\node_modules\happy-dom\lib\query-selector\QuerySelector.js:52:62)
@qbs-autonaim/app:test:       at <anonymous> (C:\Projects\kwork\selectio\apps\app\src\components\vacancy\refresh-status-indicator\confirmation-view.test.tsx:108:31)
@qbs-autonaim/app:test: (fail) ConfirmationView > ╨┤╨╛╨╗╨╢╨╡╨╜ ╨╛╤В╨╛╨▒╤А╨░╨╢╨░╤В╤М ╨║╨╜╨╛╨┐╨║╤Г ╨┐╨╛╨┤╤В╨▓╨╡╤А╨╢╨┤╨╡╨╜╨╕╤П ╨┤╨╗╤П ╤А╨╡╨╢╨╕╨╝╨░ screening
@qbs-autonaim/app:test: 115 |             brackets: 0,
@qbs-autonaim/app:test: 116 |             doubleApostrophe: 0,
@qbs-autonaim/app:test: 117 |             singleApostrophe: 0
@qbs-autonaim/app:test: 118 |         };
@qbs-autonaim/app:test: 119 |         const name = this.scope.nodeType === NodeTypeEnum.documentNode ? 'Document' : 'Element';
@qbs-autonaim/app:test: 120 |         const error = new this.window.SyntaxError(`Failed to execute 'querySelectorAll' on '${name}': '${selector}' is not a valid selector.`);
@qbs-autonaim/app:test:                             ^
@qbs-autonaim/app:test: TypeError: undefined is not a constructor (evaluating 'new this.window.SyntaxError(`Failed to execute 'querySelectorAll' on '${name}': '${selector}' is not a valid selector.`)')
@qbs-autonaim/app:test:       at getSelectorGroups (C:\Projects\kwork\selectio\node_modules\happy-dom\lib\query-selector\SelectorParser.js:120:23)
@qbs-autonaim/app:test:       at querySelectorAll (C:\Projects\kwork\selectio\node_modules\happy-dom\lib\query-selector\QuerySelector.js:52:62)
@qbs-autonaim/app:test:       at <anonymous> (C:\Projects\kwork\selectio\apps\app\src\components\vacancy\refresh-status-indicator\confirmation-view.test.tsx:117:31)
@qbs-autonaim/app:test: (fail) ConfirmationView > ╨┤╨╛╨╗╨╢╨╡╨╜ ╨▓╤Л╨╖╤Л╨▓╨░╤В╤М onClose ╨┐╤А╨╕ ╨║╨╗╨╕╨║╨╡ ╨╜╨░ ╨║╨╜╨╛╨┐╨║╤Г ╨Ю╤В╨╝╨╡╨╜╨░ [15.00ms]
@qbs-autonaim/app:test: 115 |             brackets: 0,
@qbs-autonaim/app:test: 116 |             doubleApostrophe: 0,
@qbs-autonaim/app:test: 117 |             singleApostrophe: 0
@qbs-autonaim/app:test: 118 |         };
@qbs-autonaim/app:test: 119 |         const name = this.scope.nodeType === NodeTypeEnum.documentNode ? 'Document' : 'Element';
@qbs-autonaim/app:test: 120 |         const error = new this.window.SyntaxError(`Failed to execute 'querySelectorAll' on '${name}': '${selector}' is not a valid selector.`);
@qbs-autonaim/app:test:                             ^
@qbs-autonaim/app:test: TypeError: undefined is not a constructor (evaluating 'new this.window.SyntaxError(`Failed to execute 'querySelectorAll' on '${name}': '${selector}' is not a valid selector.`)')
@qbs-autonaim/app:test:       at getSelectorGroups (C:\Projects\kwork\selectio\node_modules\happy-dom\lib\query-selector\SelectorParser.js:120:23)
@qbs-autonaim/app:test:       at querySelectorAll (C:\Projects\kwork\selectio\node_modules\happy-dom\lib\query-selector\QuerySelector.js:52:62)
@qbs-autonaim/app:test:       at <anonymous> (C:\Projects\kwork\selectio\apps\app\src\components\vacancy\refresh-status-indicator\confirmation-view.test.tsx:127:31)
@qbs-autonaim/app:test: (fail) ConfirmationView > ╨┤╨╛╨╗╨╢╨╡╨╜ ╨▓╤Л╨╖╤Л╨▓╨░╤В╤М onConfirm ╨┐╤А╨╕ ╨║╨╗╨╕╨║╨╡ ╨╜╨░ ╨║╨╜╨╛╨┐╨║╤Г ╨┐╨╛╨┤╤В╨▓╨╡╤А╨╢╨┤╨╡╨╜╨╕╤П
@qbs-autonaim/app:test: 115 |             brackets: 0,
@qbs-autonaim/app:test: 116 |             doubleApostrophe: 0,
@qbs-autonaim/app:test: 117 |             singleApostrophe: 0
@qbs-autonaim/app:test: 118 |         };
@qbs-autonaim/app:test: 119 |         const name = this.scope.nodeType === NodeTypeEnum.documentNode ? 'Document' : 'Element';
@qbs-autonaim/app:test: 120 |         const error = new this.window.SyntaxError(`Failed to execute 'querySelectorAll' on '${name}': '${selector}' is not a valid selector.`);
@qbs-autonaim/app:test:                             ^
@qbs-autonaim/app:test: TypeError: undefined is not a constructor (evaluating 'new this.window.SyntaxError(`Failed to execute 'querySelectorAll' on '${name}': '${selector}' is not a valid selector.`)')
@qbs-autonaim/app:test:       at getSelectorGroups (C:\Projects\kwork\selectio\node_modules\happy-dom\lib\query-selector\SelectorParser.js:120:23)
@qbs-autonaim/app:test:       at querySelector (C:\Projects\kwork\selectio\node_modules\happy-dom\lib\query-selector\QuerySelector.js:130:67)
@qbs-autonaim/app:test:       at <anonymous> (C:\Projects\kwork\selectio\apps\app\src\components\vacancy\refresh-status-indicator\confirmation-view.test.tsx:137:35)
@qbs-autonaim/app:test: (fail) ConfirmationView > ╨┤╨╛╨╗╨╢╨╡╨╜ ╨▓╤Л╨╖╤Л╨▓╨░╤В╤М onClose ╨┐╤А╨╕ ╨║╨╗╨╕╨║╨╡ ╨╜╨░ ╨║╨╜╨╛╨┐╨║╤Г ╨╖╨░╨║╤А╤Л╤В╨╕╤П
@qbs-autonaim/app:test: 115 |             brackets: 0,
@qbs-autonaim/app:test: 116 |             doubleApostrophe: 0,
@qbs-autonaim/app:test: 117 |             singleApostrophe: 0
@qbs-autonaim/app:test: 118 |         };
@qbs-autonaim/app:test: 119 |         const name = this.scope.nodeType === NodeTypeEnum.documentNode ? 'Document' : 'Element';
@qbs-autonaim/app:test: 120 |         const error = new this.window.SyntaxError(`Failed to execute 'querySelectorAll' on '${name}': '${selector}' is not a valid selector.`);
@qbs-autonaim/app:test:                             ^
@qbs-autonaim/app:test: TypeError: undefined is not a constructor (evaluating 'new this.window.SyntaxError(`Failed to execute 'querySelectorAll' on '${name}': '${selector}' is not a valid selector.`)')
@qbs-autonaim/app:test:       at getSelectorGroups (C:\Projects\kwork\selectio\node_modules\happy-dom\lib\query-selector\SelectorParser.js:120:23)
@qbs-autonaim/app:test:       at querySelector (C:\Projects\kwork\selectio\node_modules\happy-dom\lib\query-selector\QuerySelector.js:130:67)
@qbs-autonaim/app:test:       at <anonymous> (C:\Projects\kwork\selectio\apps\app\src\components\vacancy\refresh-status-indicator\confirmation-view.test.tsx:146:35)
@qbs-autonaim/app:test: (fail) ConfirmationView > ╨┤╨╛╨╗╨╢╨╡╨╜ ╨╛╤В╨╛╨▒╤А╨░╨╢╨░╤В╤М ╨╛╨┐╨╕╤Б╨░╨╜╨╕╨╡ ╤Б totalResponses ╨┤╨╗╤П ╤А╨╡╨╢╨╕╨╝╨░ analyze [16.00ms]
@qbs-autonaim/app:test: 115 |             brackets: 0,
@qbs-autonaim/app:test: 116 |             doubleApostrophe: 0,
@qbs-autonaim/app:test: 117 |             singleApostrophe: 0
@qbs-autonaim/app:test: 118 |         };
@qbs-autonaim/app:test: 119 |         const name = this.scope.nodeType === NodeTypeEnum.documentNode ? 'Document' : 'Element';
@qbs-autonaim/app:test: 120 |         const error = new this.window.SyntaxError(`Failed to execute 'querySelectorAll' on '${name}': '${selector}' is not a valid selector.`);
@qbs-autonaim/app:test:                             ^
@qbs-autonaim/app:test: TypeError: undefined is not a constructor (evaluating 'new this.window.SyntaxError(`Failed to execute 'querySelectorAll' on '${name}': '${selector}' is not a valid selector.`)')
@qbs-autonaim/app:test:       at getSelectorGroups (C:\Projects\kwork\selectio\node_modules\happy-dom\lib\query-selector\SelectorParser.js:120:23)
@qbs-autonaim/app:test:       at querySelector (C:\Projects\kwork\selectio\node_modules\happy-dom\lib\query-selector\QuerySelector.js:130:67)
@qbs-autonaim/app:test:       at <anonymous> (C:\Projects\kwork\selectio\apps\app\src\components\vacancy\refresh-status-indicator\confirmation-view.test.tsx:152:35)
@qbs-autonaim/app:test: (fail) ConfirmationView > ╨┤╨╛╨╗╨╢╨╡╨╜ ╨╕╨╝╨╡╤В╤М ╨║╨╜╨╛╨┐╨║╤Г ╨╖╨░╨║╤А╤Л╤В╨╕╤П ╤Б aria-label
@qbs-autonaim/app:test: 
@qbs-autonaim/app:test: src\components\vacancy\refresh-status-indicator\initial-status-handler.test.ts:
@qbs-autonaim/recruitment-assistant-extension:test: (pass) ╨в╨╡╤Б╤В╨╕╤А╨╛╨▓╨░╨╜╨╕╨╡ ╨┤╨╛╤Б╤В╤Г╨┐╨╜╨╛╤Б╤В╨╕ UI ╨║╨╛╨╝╨┐╨╛╨╜╨╡╨╜╤В╨╛╨▓ > EditableField > ╨╜╨╡ ╨┤╨╛╨╗╨╢╨╡╨╜ ╨╕╨╝╨╡╤В╤М ╨╜╨░╤А╤Г╤И╨╡╨╜╨╕╨╣ ╨┤╨╛╤Б╤В╤Г╨┐╨╜╨╛╤Б╤В╨╕ ╨▓ ╨╝╨╜╨╛╨│╨╛╤Б╤В╤А╨╛╤З╨╜╨╛╨╝ ╤А╨╡╨╢╨╕╨╝╨╡ [94.00ms]
@qbs-autonaim/app:test: (pass) restoreProgressFromInitialStatus > ╨┤╨╛╨╗╨╢╨╡╨╜ ╤Г╤Б╤В╨░╨╜╨░╨▓╨╗╨╕╨▓╨░╤В╤М archivedStatus ╨┤╨╗╤П sync-archived ╤Б╨╛╨▒╤Л╤В╨╕╤П ╤Б ╨┐╤А╨╛╨│╤А╨╡╤Б╤Б╨╛╨╝
@qbs-autonaim/app:test: (pass) restoreProgressFromInitialStatus > ╨┤╨╛╨╗╨╢╨╡╨╜ ╤Г╤Б╤В╨░╨╜╨░╨▓╨╗╨╕╨▓╨░╤В╤М archivedStatus ╨┤╨╗╤П sync-archived ╤Б╨╛╨▒╤Л╤В╨╕╤П ╨▒╨╡╨╖ ╨┐╤А╨╛╨│╤А╨╡╤Б╤Б╨░
@qbs-autonaim/app:test: (pass) restoreProgressFromInitialStatus > ╨┤╨╛╨╗╨╢╨╡╨╜ ╤Г╤Б╤В╨░╨╜╨░╨▓╨╗╨╕╨▓╨░╤В╤М currentProgress ╨┤╨╗╤П refresh ╤Б╨╛╨▒╤Л╤В╨╕╤П ╤Б ╨┐╤А╨╛╨│╤А╨╡╤Б╤Б╨╛╨╝
@qbs-autonaim/app:test: (pass) restoreProgressFromInitialStatus > ╨┤╨╛╨╗╨╢╨╡╨╜ ╤Г╤Б╤В╨░╨╜╨░╨▓╨╗╨╕╨▓╨░╤В╤М currentProgress ╨┤╨╗╤П screen.new ╤Б╨╛╨▒╤Л╤В╨╕╤П ╤Б ╨┐╤А╨╛╨│╤А╨╡╤Б╤Б╨╛╨╝
@qbs-autonaim/app:test: (pass) restoreProgressFromInitialStatus > ╨┤╨╛╨╗╨╢╨╡╨╜ ╤Г╤Б╤В╨░╨╜╨░╨▓╨╗╨╕╨▓╨░╤В╤М analyzeProgress ╨┤╨╗╤П screen.batch ╤Б╨╛╨▒╤Л╤В╨╕╤П ╤Б ╨┐╤А╨╛╨│╤А╨╡╤Б╤Б╨╛╨╝
@qbs-autonaim/app:test: (pass) restoreProgressFromInitialStatus > ╨╜╨╡ ╨┤╨╛╨╗╨╢╨╡╨╜ ╨▓╤Л╨╖╤Л╨▓╨░╤В╤М ╨╜╨╕╨║╨░╨║╨╕╨╡ handlers ╨▒╨╡╨╖ progress
@qbs-autonaim/app:test: (pass) restoreProgressFromInitialStatus > ╨╜╨╡ ╨┤╨╛╨╗╨╢╨╡╨╜ ╨▓╤Л╨╖╤Л╨▓╨░╤В╤М ╨╜╨╕╨║╨░╨║╨╕╨╡ handlers ╨┤╨╗╤П ╨╜╨╡╤А╨░╤Б╨┐╨╛╨╖╨╜╨░╨╜╨╜╨╛╨│╨╛ eventType
@qbs-autonaim/app:test: 
@qbs-autonaim/app:test: src\components\vacancy\refresh-status-indicator\mode-config.test.ts:
@qbs-autonaim/app:test: (pass) getModeConfig > ╨┤╨╛╨╗╨╢╨╡╨╜ ╨▓╨╛╨╖╨▓╤А╨░╤Й╨░╤В╤М ╨║╨╛╤А╤А╨╡╨║╤В╨╜╤Г╤О ╨║╨╛╨╜╤Д╨╕╨│╤Г╤А╨░╤Ж╨╕╤О ╨┤╨╗╤П ╤А╨╡╨╢╨╕╨╝╨░ archived
@qbs-autonaim/app:test: (pass) getModeConfig > ╨┤╨╛╨╗╨╢╨╡╨╜ ╨▓╨╛╨╖╨▓╤А╨░╤Й╨░╤В╤М ╨║╨╛╤А╤А╨╡╨║╤В╨╜╤Г╤О ╨║╨╛╨╜╤Д╨╕╨│╤Г╤А╨░╤Ж╨╕╤О ╨┤╨╗╤П ╤А╨╡╨╢╨╕╨╝╨░ analyze
@qbs-autonaim/app:test: (pass) getModeConfig > ╨┤╨╛╨╗╨╢╨╡╨╜ ╨▓╨╛╨╖╨▓╤А╨░╤Й╨░╤В╤М ╨║╨╛╤А╤А╨╡╨║╤В╨╜╤Г╤О ╨║╨╛╨╜╤Д╨╕╨│╤Г╤А╨░╤Ж╨╕╤О ╨┤╨╗╤П ╤А╨╡╨╢╨╕╨╝╨░ screening
@qbs-autonaim/app:test: (pass) getModeConfig > ╨┤╨╛╨╗╨╢╨╡╨╜ ╨▓╨╛╨╖╨▓╤А╨░╤Й╨░╤В╤М ╨║╨╛╤А╤А╨╡╨║╤В╨╜╤Г╤О ╨║╨╛╨╜╤Д╨╕╨│╤Г╤А╨░╤Ж╨╕╤О ╨┤╨╗╤П ╤А╨╡╨╢╨╕╨╝╨░ refresh
@qbs-autonaim/app:test: (pass) getModeConfig > ╨┤╨╛╨╗╨╢╨╡╨╜ ╨╛╨▒╨╜╨╛╨▓╨╗╤П╤В╤М ╨╛╨┐╨╕╤Б╨░╨╜╨╕╨╡ ╨┤╨╗╤П ╤А╨╡╨╢╨╕╨╝╨░ analyze ╤Б totalResponses
@qbs-autonaim/app:test: (pass) getModeConfig > ╨╜╨╡ ╨┤╨╛╨╗╨╢╨╡╨╜ ╨╕╨╖╨╝╨╡╨╜╤П╤В╤М ╨╛╨┐╨╕╤Б╨░╨╜╨╕╨╡ ╨┤╨╗╤П ╨┤╤А╤Г╨│╨╕╤Е ╤А╨╡╨╢╨╕╨╝╨╛╨▓ ╤Б totalResponses
@qbs-autonaim/app:test: (pass) getModeConfig > ╨┤╨╛╨╗╨╢╨╡╨╜ ╨▓╨╛╨╖╨▓╤А╨░╤Й╨░╤В╤М ╤Г╨╜╨╕╨║╨░╨╗╤М╨╜╤Л╨╡ ╨╛╨▒╤К╨╡╨║╤В╤Л ╨┤╨╗╤П ╨║╨░╨╢╨┤╨╛╨│╨╛ ╨▓╤Л╨╖╨╛╨▓╨░
@qbs-autonaim/app:test: 
@qbs-autonaim/app:test: src\components\vacancy\refresh-status-indicator\mode-utils.test.ts:
@qbs-autonaim/recruitment-assistant-extension:test: (pass) ╨в╨╡╤Б╤В╨╕╤А╨╛╨▓╨░╨╜╨╕╨╡ ╨┤╨╛╤Б╤В╤Г╨┐╨╜╨╛╤Б╤В╨╕ UI ╨║╨╛╨╝╨┐╨╛╨╜╨╡╨╜╤В╨╛╨▓ > ExperienceCard > ╨╜╨╡ ╨┤╨╛╨╗╨╢╨╡╨╜ ╨╕╨╝╨╡╤В╤М ╨╜╨░╤А╤Г╤И╨╡╨╜╨╕╨╣ ╨┤╨╛╤Б╤В╤Г╨┐╨╜╨╛╤Б╤В╨╕ [93.00ms]
@qbs-autonaim/api:test: (pass) Property 3: ╨Т╤А╨╡╨╝╤П ╨▓╤Л╨┐╨╛╨╗╨╜╨╡╨╜╨╕╤П ╨╗╨╛╨│╨╕╤А╤Г╨╡╤В╤Б╤П > ╨┤╨╛╨╗╨╢╨╡╨╜ ╨╗╨╛╨│╨╕╤А╨╛╨▓╨░╤В╤М ╨▓╤А╨╡╨╝╤П ╨▓╤Л╨┐╨╛╨╗╨╜╨╡╨╜╨╕╤П ╨┤╨╗╤П ╨╗╤О╨▒╨╛╨╣ ╨┐╤А╨╛╤Ж╨╡╨┤╤Г╤А╤Л [3140.00ms]
@qbs-autonaim/app:test: (pass) getModeFlags > ╨┤╨╛╨╗╨╢╨╡╨╜ ╨▓╨╛╨╖╨▓╤А╨░╤Й╨░╤В╤М ╨║╨╛╤А╤А╨╡╨║╤В╨╜╤Л╨╡ ╤Д╨╗╨░╨│╨╕ ╨┤╨╗╤П ╤А╨╡╨╢╨╕╨╝╨░ archived
@qbs-autonaim/app:test: (pass) getModeFlags > ╨┤╨╛╨╗╨╢╨╡╨╜ ╨▓╨╛╨╖╨▓╤А╨░╤Й╨░╤В╤М ╨║╨╛╤А╤А╨╡╨║╤В╨╜╤Л╨╡ ╤Д╨╗╨░╨│╨╕ ╨┤╨╗╤П ╤А╨╡╨╢╨╕╨╝╨░ analyze
@qbs-autonaim/app:test: (pass) getModeFlags > ╨┤╨╛╨╗╨╢╨╡╨╜ ╨▓╨╛╨╖╨▓╤А╨░╤Й╨░╤В╤М ╨║╨╛╤А╤А╨╡╨║╤В╨╜╤Л╨╡ ╤Д╨╗╨░╨│╨╕ ╨┤╨╗╤П ╤А╨╡╨╢╨╕╨╝╨░ screening
@qbs-autonaim/app:test: (pass) getModeFlags > ╨┤╨╛╨╗╨╢╨╡╨╜ ╨▓╨╛╨╖╨▓╤А╨░╤Й╨░╤В╤М ╨║╨╛╤А╤А╨╡╨║╤В╨╜╤Л╨╡ ╤Д╨╗╨░╨│╨╕ ╨┤╨╗╤П ╤А╨╡╨╢╨╕╨╝╨░ refresh
@qbs-autonaim/app:test: (pass) checkActiveTask > ╨┤╨╛╨╗╨╢╨╡╨╜ ╨▓╨╛╨╖╨▓╤А╨░╤Й╨░╤В╤М true ╨┤╨╗╤П archived ╤А╨╡╨╢╨╕╨╝╨░ ╤Б sync-archived ╤Б╨╛╨▒╤Л╤В╨╕╨╡╨╝
@qbs-autonaim/app:test: (pass) checkActiveTask > ╨┤╨╛╨╗╨╢╨╡╨╜ ╨▓╨╛╨╖╨▓╤А╨░╤Й╨░╤В╤М false ╨┤╨╗╤П archived ╤А╨╡╨╢╨╕╨╝╨░ ╤Б ╨┤╤А╤Г╨│╨╕╨╝ ╤Б╨╛╨▒╤Л╤В╨╕╨╡╨╝
@qbs-autonaim/app:test: (pass) checkActiveTask > ╨┤╨╛╨╗╨╢╨╡╨╜ ╨▓╨╛╨╖╨▓╤А╨░╤Й╨░╤В╤М false ╨┤╨╗╤П archived ╤А╨╡╨╢╨╕╨╝╨░ ╨▒╨╡╨╖ ╨░╨║╤В╨╕╨▓╨╜╨╛╨│╨╛ ╨╖╨░╨┤╨░╨╜╨╕╤П
@qbs-autonaim/app:test: (pass) checkActiveTask > ╨┤╨╛╨╗╨╢╨╡╨╜ ╨▓╨╛╨╖╨▓╤А╨░╤Й╨░╤В╤М true ╨┤╨╗╤П refresh ╤А╨╡╨╢╨╕╨╝╨░ ╤Б refresh ╤Б╨╛╨▒╤Л╤В╨╕╨╡╨╝
@qbs-autonaim/app:test: (pass) checkActiveTask > ╨┤╨╛╨╗╨╢╨╡╨╜ ╨▓╨╛╨╖╨▓╤А╨░╤Й╨░╤В╤М false ╨┤╨╗╤П refresh ╤А╨╡╨╢╨╕╨╝╨░ ╤Б ╨┤╤А╤Г╨│╨╕╨╝ ╤Б╨╛╨▒╤Л╤В╨╕╨╡╨╝
@qbs-autonaim/app:test: (pass) checkActiveTask > ╨┤╨╛╨╗╨╢╨╡╨╜ ╨▓╨╛╨╖╨▓╤А╨░╤Й╨░╤В╤М true ╨┤╨╗╤П screening ╤А╨╡╨╢╨╕╨╝╨░ ╤Б screen.new ╤Б╨╛╨▒╤Л╤В╨╕╨╡╨╝
@qbs-autonaim/app:test: (pass) checkActiveTask > ╨┤╨╛╨╗╨╢╨╡╨╜ ╨▓╨╛╨╖╨▓╤А╨░╤Й╨░╤В╤М false ╨┤╨╗╤П screening ╤А╨╡╨╢╨╕╨╝╨░ ╤Б ╨┤╤А╤Г╨│╨╕╨╝ ╤Б╨╛╨▒╤Л╤В╨╕╨╡╨╝
@qbs-autonaim/app:test: (pass) checkActiveTask > ╨┤╨╛╨╗╨╢╨╡╨╜ ╨▓╨╛╨╖╨▓╤А╨░╤Й╨░╤В╤М true ╨┤╨╗╤П analyze ╤А╨╡╨╢╨╕╨╝╨░ ╤Б screen.batch ╤Б╨╛╨▒╤Л╤В╨╕╨╡╨╝
@qbs-autonaim/app:test: (pass) checkActiveTask > ╨┤╨╛╨╗╨╢╨╡╨╜ ╨▓╨╛╨╖╨▓╤А╨░╤Й╨░╤В╤М false ╨┤╨╗╤П analyze ╤А╨╡╨╢╨╕╨╝╨░ ╤Б ╨┤╤А╤Г╨│╨╕╨╝ ╤Б╨╛╨▒╤Л╤В╨╕╨╡╨╝
@qbs-autonaim/app:test: (pass) checkActiveTask > ╨┤╨╛╨╗╨╢╨╡╨╜ ╨▓╨╛╨╖╨▓╤А╨░╤Й╨░╤В╤М false ╨║╨╛╨│╨┤╨░ initialStatus=null
@qbs-autonaim/app:test: (pass) checkActiveTask > ╨┤╨╛╨╗╨╢╨╡╨╜ ╨▓╨╛╨╖╨▓╤А╨░╤Й╨░╤В╤М false ╨║╨╛╨│╨┤╨░ initialStatus=undefined
@qbs-autonaim/app:test: (pass) checkMatchingMode > ╨┤╨╛╨╗╨╢╨╡╨╜ ╨▓╨╛╨╖╨▓╤А╨░╤Й╨░╤В╤М true ╨┤╨╗╤П archived ╤А╨╡╨╢╨╕╨╝╨░ ╤Б sync-archived ╤Б╨╛╨▒╤Л╤В╨╕╨╡╨╝
@qbs-autonaim/app:test: (pass) checkMatchingMode > ╨┤╨╛╨╗╨╢╨╡╨╜ ╨▓╨╛╨╖╨▓╤А╨░╤Й╨░╤В╤М false ╨┤╨╗╤П archived ╤А╨╡╨╢╨╕╨╝╨░ ╤Б ╨┤╤А╤Г╨│╨╕╨╝ ╤Б╨╛╨▒╤Л╤В╨╕╨╡╨╝
@qbs-autonaim/app:test: (pass) checkMatchingMode > ╨┤╨╛╨╗╨╢╨╡╨╜ ╨▓╨╛╨╖╨▓╤А╨░╤Й╨░╤В╤М true ╨┤╨╗╤П refresh ╤А╨╡╨╢╨╕╨╝╨░ ╤Б refresh ╤Б╨╛╨▒╤Л╤В╨╕╨╡╨╝
@qbs-autonaim/app:test: (pass) checkMatchingMode > ╨┤╨╛╨╗╨╢╨╡╨╜ ╨▓╨╛╨╖╨▓╤А╨░╤Й╨░╤В╤М false ╨┤╨╗╤П refresh ╤А╨╡╨╢╨╕╨╝╨░ ╤Б ╨┤╤А╤Г╨│╨╕╨╝ ╤Б╨╛╨▒╤Л╤В╨╕╨╡╨╝
@qbs-autonaim/app:test: (pass) checkMatchingMode > ╨┤╨╛╨╗╨╢╨╡╨╜ ╨▓╨╛╨╖╨▓╤А╨░╤Й╨░╤В╤М true ╨┤╨╗╤П screening ╤А╨╡╨╢╨╕╨╝╨░ ╤Б screen.new ╤Б╨╛╨▒╤Л╤В╨╕╨╡╨╝
@qbs-autonaim/app:test: (pass) checkMatchingMode > ╨┤╨╛╨╗╨╢╨╡╨╜ ╨▓╨╛╨╖╨▓╤А╨░╤Й╨░╤В╤М false ╨┤╨╗╤П screening ╤А╨╡╨╢╨╕╨╝╨░ ╤Б ╨┤╤А╤Г╨│╨╕╨╝ ╤Б╨╛╨▒╤Л╤В╨╕╨╡╨╝
@qbs-autonaim/app:test: (pass) checkMatchingMode > ╨┤╨╛╨╗╨╢╨╡╨╜ ╨▓╨╛╨╖╨▓╤А╨░╤Й╨░╤В╤М true ╨┤╨╗╤П analyze ╤А╨╡╨╢╨╕╨╝╨░ ╤Б screen.batch ╤Б╨╛╨▒╤Л╤В╨╕╨╡╨╝
@qbs-autonaim/app:test: (pass) checkMatchingMode > ╨┤╨╛╨╗╨╢╨╡╨╜ ╨▓╨╛╨╖╨▓╤А╨░╤Й╨░╤В╤М false ╨┤╨╗╤П analyze ╤А╨╡╨╢╨╕╨╝╨░ ╤Б ╨┤╤А╤Г╨│╨╕╨╝ ╤Б╨╛╨▒╤Л╤В╨╕╨╡╨╝
@qbs-autonaim/app:test: (pass) checkMatchingMode > ╨┤╨╛╨╗╨╢╨╡╨╜ ╨▓╨╛╨╖╨▓╤А╨░╤Й╨░╤В╤М false ╨┤╨╗╤П ╨╗╤О╨▒╨╛╨│╨╛ ╤А╨╡╨╢╨╕╨╝╨░ ╤Б null ╤Б╨╛╨▒╤Л╤В╨╕╨╡╨╝
@qbs-autonaim/app:test: 
@qbs-autonaim/app:test: src\components\vacancy\refresh-status-indicator\progress-view-utils.test.ts:
@qbs-autonaim/app:test: (pass) getProgressStatus > ╨┤╨╛╨╗╨╢╨╡╨╜ ╨▓╨╛╨╖╨▓╤А╨░╤Й╨░╤В╤М ╤Б╤В╨░╤В╤Г╤Б ╨╕╨╖ archivedStatus ╨┤╨╗╤П archived ╤А╨╡╨╢╨╕╨╝╨░
@qbs-autonaim/app:test: (pass) getProgressStatus > ╨┤╨╛╨╗╨╢╨╡╨╜ ╨▓╨╛╨╖╨▓╤А╨░╤Й╨░╤В╤М completed ╨┤╨╗╤П analyze/screening ╤А╨╡╨╢╨╕╨╝╨░ ╤Б analyzeCompleted
@qbs-autonaim/app:test: (pass) getProgressStatus > ╨┤╨╛╨╗╨╢╨╡╨╜ ╨▓╨╛╨╖╨▓╤А╨░╤Й╨░╤В╤М completed ╨┤╨╗╤П screening ╤А╨╡╨╢╨╕╨╝╨░ ╤Б analyzeCompleted
@qbs-autonaim/app:test: (pass) getProgressStatus > ╨┤╨╛╨╗╨╢╨╡╨╜ ╨▓╨╛╨╖╨▓╤А╨░╤Й╨░╤В╤М completed ╨╡╤Б╨╗╨╕ externalMessage ╤Б╨╛╨┤╨╡╤А╨╢╨╕╤В '╨╖╨░╨▓╨╡╤А╤И╨╡╨╜╨░'
@qbs-autonaim/app:test: (pass) getProgressStatus > ╨┤╨╛╨╗╨╢╨╡╨╜ ╨▓╨╛╨╖╨▓╤А╨░╤Й╨░╤В╤М processing ╨┤╨╗╤П analyze/screening ╤А╨╡╨╢╨╕╨╝╨░ ╤Б analyzeProgress
@qbs-autonaim/app:test: (pass) getProgressStatus > ╨┤╨╛╨╗╨╢╨╡╨╜ ╨▓╨╛╨╖╨▓╤А╨░╤Й╨░╤В╤М processing ╨┤╨╗╤П analyze/screening ╤А╨╡╨╢╨╕╨╝╨░ ╤Б externalMessage
@qbs-autonaim/app:test: (pass) getProgressStatus > ╨┤╨╛╨╗╨╢╨╡╨╜ ╨▓╨╛╨╖╨▓╤А╨░╤Й╨░╤В╤М ╤Б╤В╨░╤В╤Г╤Б ╨╕╨╖ currentProgress
@qbs-autonaim/app:test: (pass) getProgressStatus > ╨┤╨╛╨╗╨╢╨╡╨╜ ╨▓╨╛╨╖╨▓╤А╨░╤Й╨░╤В╤М completed ╨╡╤Б╨╗╨╕ ╨╡╤Б╤В╤М currentResult
@qbs-autonaim/app:test: (pass) getProgressStatus > ╨┤╨╛╨╗╨╢╨╡╨╜ ╨▓╨╛╨╖╨▓╤А╨░╤Й╨░╤В╤М undefined ╨┤╨╗╤П ╨╜╨╡╨╕╨╖╨▓╨╡╤Б╤В╨╜╤Л╤Е ╨║╨╛╨╝╨▒╨╕╨╜╨░╤Ж╨╕╨╣
@qbs-autonaim/app:test: (pass) getProgressTitle > archived ╤А╨╡╨╢╨╕╨╝ > ╨┤╨╛╨╗╨╢╨╡╨╜ ╨▓╨╛╨╖╨▓╤А╨░╤Й╨░╤В╤М '╨Ч╨░╨┐╤Г╤Б╨║ ╤Б╨╕╨╜╤Е╤А╨╛╨╜╨╕╨╖╨░╤Ж╨╕╨╕тАж' ╨║╨╛╨│╨┤╨░ archivedStatus=null
@qbs-autonaim/app:test: (pass) getProgressTitle > archived ╤А╨╡╨╢╨╕╨╝ > ╨┤╨╛╨╗╨╢╨╡╨╜ ╨▓╨╛╨╖╨▓╤А╨░╤Й╨░╤В╤М '╨Ч╨░╨┤╨░╨╜╨╕╨╡ ╨▓ ╨╛╤З╨╡╤А╨╡╨┤╨╕' ╨┤╨╗╤П ╤Б╤В╨░╤В╤Г╤Б╨░ started
@qbs-autonaim/app:test: (pass) getProgressTitle > archived ╤А╨╡╨╢╨╕╨╝ > ╨┤╨╛╨╗╨╢╨╡╨╜ ╨▓╨╛╨╖╨▓╤А╨░╤Й╨░╤В╤М '╨б╨╕╨╜╤Е╤А╨╛╨╜╨╕╨╖╨░╤Ж╨╕╤П ╨░╤А╤Е╨╕╨▓╨╜╤Л╤Е ╨╛╤В╨║╨╗╨╕╨║╨╛╨▓' ╨┤╨╗╤П ╤Б╤В╨░╤В╤Г╤Б╨░ processing
@qbs-autonaim/app:test: (pass) getProgressTitle > archived ╤А╨╡╨╢╨╕╨╝ > ╨┤╨╛╨╗╨╢╨╡╨╜ ╨▓╨╛╨╖╨▓╤А╨░╤Й╨░╤В╤М '╨Ю╤И╨╕╨▒╨║╨░ ╤Б╨╕╨╜╤Е╤А╨╛╨╜╨╕╨╖╨░╤Ж╨╕╨╕' ╨┤╨╗╤П ╤Б╤В╨░╤В╤Г╤Б╨░ error
@qbs-autonaim/app:test: (pass) getProgressTitle > archived ╤А╨╡╨╢╨╕╨╝ > ╨┤╨╛╨╗╨╢╨╡╨╜ ╨▓╨╛╨╖╨▓╤А╨░╤Й╨░╤В╤М '╨б╨╕╨╜╤Е╤А╨╛╨╜╨╕╨╖╨░╤Ж╨╕╤П ╨╖╨░╨▓╨╡╤А╤И╨╡╨╜╨░' ╨┤╨╗╤П ╤Б╤В╨░╤В╤Г╤Б╨░ completed
@qbs-autonaim/app:test: (pass) getProgressTitle > screening ╤А╨╡╨╢╨╕╨╝ > ╨┤╨╛╨╗╨╢╨╡╨╜ ╨▓╨╛╨╖╨▓╤А╨░╤Й╨░╤В╤М '╨Ч╨░╨┐╤Г╤Б╨║ ╤Б╨║╤А╨╕╨╜╨╕╨╜╨│╨░тАж' ╨▒╨╡╨╖ ╨┤╨░╨╜╨╜╤Л╤Е
@qbs-autonaim/app:test: (pass) getProgressTitle > screening ╤А╨╡╨╢╨╕╨╝ > ╨┤╨╛╨╗╨╢╨╡╨╜ ╨▓╨╛╨╖╨▓╤А╨░╤Й╨░╤В╤М '╨б╨║╤А╨╕╨╜╨╕╨╜╨│ ╨╛╤В╨║╨╗╨╕╨║╨╛╨▓' ╤Б analyzeProgress
@qbs-autonaim/app:test: (pass) getProgressTitle > screening ╤А╨╡╨╢╨╕╨╝ > ╨┤╨╛╨╗╨╢╨╡╨╜ ╨▓╨╛╨╖╨▓╤А╨░╤Й╨░╤В╤М '╨б╨║╤А╨╕╨╜╨╕╨╜╨│ ╨╖╨░╨▓╨╡╤А╤И╨╡╨╜' ╤Б analyzeCompleted
@qbs-autonaim/app:test: (pass) getProgressTitle > analyze ╤А╨╡╨╢╨╕╨╝ > ╨┤╨╛╨╗╨╢╨╡╨╜ ╨▓╨╛╨╖╨▓╤А╨░╤Й╨░╤В╤М '╨Ч╨░╨┐╤Г╤Б╨║ ╨░╨╜╨░╨╗╨╕╨╖╨░тАж' ╨▒╨╡╨╖ ╨┤╨░╨╜╨╜╤Л╤Е
@qbs-autonaim/app:test: (pass) getProgressTitle > analyze ╤А╨╡╨╢╨╕╨╝ > ╨┤╨╛╨╗╨╢╨╡╨╜ ╨▓╨╛╨╖╨▓╤А╨░╤Й╨░╤В╤М '╨Р╨╜╨░╨╗╨╕╨╖ ╨╛╤В╨║╨╗╨╕╨║╨╛╨▓' ╤Б analyzeProgress
@qbs-autonaim/app:test: (pass) getProgressTitle > analyze ╤А╨╡╨╢╨╕╨╝ > ╨┤╨╛╨╗╨╢╨╡╨╜ ╨▓╨╛╨╖╨▓╤А╨░╤Й╨░╤В╤М '╨Р╨╜╨░╨╗╨╕╨╖ ╨╖╨░╨▓╨╡╤А╤И╨╡╨╜' ╤Б analyzeCompleted
@qbs-autonaim/app:test: (pass) getProgressTitle > refresh ╤А╨╡╨╢╨╕╨╝ > ╨┤╨╛╨╗╨╢╨╡╨╜ ╨▓╨╛╨╖╨▓╤А╨░╤Й╨░╤В╤М '╨Ч╨░╨┐╤Г╤Б╨║ ╨┐╨╛╨╗╤Г╤З╨╡╨╜╨╕╤П ╨╛╤В╨║╨╗╨╕╨║╨╛╨▓тАж' ╨▒╨╡╨╖ ╨┤╨░╨╜╨╜╤Л╤Е
@qbs-autonaim/app:test: (pass) getProgressTitle > refresh ╤А╨╡╨╢╨╕╨╝ > ╨┤╨╛╨╗╨╢╨╡╨╜ ╨▓╨╛╨╖╨▓╤А╨░╤Й╨░╤В╤М '╨Ч╨░╨┤╨░╨╜╨╕╨╡ ╨▓ ╨╛╤З╨╡╤А╨╡╨┤╨╕' ╨┤╨╗╤П ╤Б╤В╨░╤В╤Г╤Б╨░ started [16.00ms]
@qbs-autonaim/app:test: (pass) getProgressTitle > refresh ╤А╨╡╨╢╨╕╨╝ > ╨┤╨╛╨╗╨╢╨╡╨╜ ╨▓╨╛╨╖╨▓╤А╨░╤Й╨░╤В╤М '╨Я╨╛╨╗╤Г╤З╨╡╨╜╨╕╨╡ ╨╛╤В╨║╨╗╨╕╨║╨╛╨▓' ╨┤╨╗╤П ╤Б╤В╨░╤В╤Г╤Б╨░ processing
@qbs-autonaim/app:test: (pass) getProgressTitle > refresh ╤А╨╡╨╢╨╕╨╝ > ╨┤╨╛╨╗╨╢╨╡╨╜ ╨▓╨╛╨╖╨▓╤А╨░╤Й╨░╤В╤М '╨Ю╤И╨╕╨▒╨║╨░ ╨╛╨▒╨╜╨╛╨▓╨╗╨╡╨╜╨╕╤П' ╨┤╨╗╤П ╤Б╤В╨░╤В╤Г╤Б╨░ error
@qbs-autonaim/app:test: (pass) getProgressTitle > refresh ╤А╨╡╨╢╨╕╨╝ > ╨┤╨╛╨╗╨╢╨╡╨╜ ╨▓╨╛╨╖╨▓╤А╨░╤Й╨░╤В╤М '╨Я╨╛╨╗╤Г╤З╨╡╨╜╨╕╨╡ ╨╖╨░╨▓╨╡╤А╤И╨╡╨╜╨╛' ╤Б currentResult
@qbs-autonaim/app:test: (pass) getProgressTitle > ╨┤╨╛╨╗╨╢╨╡╨╜ ╨▓╨╛╨╖╨▓╤А╨░╤Й╨░╤В╤М '╨Ч╨░╨│╤А╤Г╨╖╨║╨░тАж' ╨┐╨╛ ╤Г╨╝╨╛╨╗╤З╨░╨╜╨╕╤О
@qbs-autonaim/app:test: 
@qbs-autonaim/app:test: src\components\vacancy\refresh-status-indicator\refresh-progress-content.test.tsx:
@qbs-autonaim/recruitment-assistant-extension:test: (pass) ╨в╨╡╤Б╤В╨╕╤А╨╛╨▓╨░╨╜╨╕╨╡ ╨┤╨╛╤Б╤В╤Г╨┐╨╜╨╛╤Б╤В╨╕ UI ╨║╨╛╨╝╨┐╨╛╨╜╨╡╨╜╤В╨╛╨▓ > EducationCard > ╨╜╨╡ ╨┤╨╛╨╗╨╢╨╡╨╜ ╨╕╨╝╨╡╤В╤М ╨╜╨░╤А╤Г╤И╨╡╨╜╨╕╨╣ ╨┤╨╛╤Б╤В╤Г╨┐╨╜╨╛╤Б╤В╨╕ [94.00ms]
@qbs-autonaim/app:test: 115 |             brackets: 0,
@qbs-autonaim/app:test: 116 |             doubleApostrophe: 0,
@qbs-autonaim/app:test: 117 |             singleApostrophe: 0
@qbs-autonaim/app:test: 118 |         };
@qbs-autonaim/app:test: 119 |         const name = this.scope.nodeType === NodeTypeEnum.documentNode ? 'Document' : 'Element';
@qbs-autonaim/app:test: 120 |         const error = new this.window.SyntaxError(`Failed to execute 'querySelectorAll' on '${name}': '${selector}' is not a valid selector.`);
@qbs-autonaim/app:test:                             ^
@qbs-autonaim/app:test: TypeError: undefined is not a constructor (evaluating 'new this.window.SyntaxError(`Failed to execute 'querySelectorAll' on '${name}': '${selector}' is not a valid selector.`)')
@qbs-autonaim/app:test:       at getSelectorGroups (C:\Projects\kwork\selectio\node_modules\happy-dom\lib\query-selector\SelectorParser.js:120:23)
@qbs-autonaim/app:test:       at querySelectorAll (C:\Projects\kwork\selectio\node_modules\happy-dom\lib\query-selector\QuerySelector.js:52:62)
@qbs-autonaim/app:test:       at queryAllByText (C:\Projects\kwork\selectio\node_modules\@testing-library\dom\dist\queries\text.js:29:49)
@qbs-autonaim/app:test:       at <anonymous> (C:\Projects\kwork\selectio\node_modules\@testing-library\dom\dist\query-helpers.js:74:17)
@qbs-autonaim/app:test:       at <anonymous> (C:\Projects\kwork\selectio\node_modules\@testing-library\dom\dist\query-helpers.js:52:17)
@qbs-autonaim/app:test:       at <anonymous> (C:\Projects\kwork\selectio\node_modules\@testing-library\dom\dist\query-helpers.js:95:19)
@qbs-autonaim/app:test:       at <anonymous> (C:\Projects\kwork\selectio\apps\app\src\components\vacancy\refresh-status-indicator\refresh-progress-content.test.tsx:17:30)
@qbs-autonaim/app:test: (fail) RefreshProgressContent > ╨┤╨╛╨╗╨╢╨╡╨╜ ╨╛╤В╨╛╨▒╤А╨░╨╢╨░╤В╤М message
@qbs-autonaim/app:test: 115 |             brackets: 0,
@qbs-autonaim/app:test: 116 |             doubleApostrophe: 0,
@qbs-autonaim/app:test: 117 |             singleApostrophe: 0
@qbs-autonaim/app:test: 118 |         };
@qbs-autonaim/app:test: 119 |         const name = this.scope.nodeType === NodeTypeEnum.documentNode ? 'Document' : 'Element';
@qbs-autonaim/app:test: 120 |         const error = new this.window.SyntaxError(`Failed to execute 'querySelectorAll' on '${name}': '${selector}' is not a valid selector.`);
@qbs-autonaim/app:test:                             ^
@qbs-autonaim/app:test: TypeError: undefined is not a constructor (evaluating 'new this.window.SyntaxError(`Failed to execute 'querySelectorAll' on '${name}': '${selector}' is not a valid selector.`)')
@qbs-autonaim/app:test:       at getSelectorGroups (C:\Projects\kwork\selectio\node_modules\happy-dom\lib\query-selector\SelectorParser.js:120:23)
@qbs-autonaim/app:test:       at querySelectorAll (C:\Projects\kwork\selectio\node_modules\happy-dom\lib\query-selector\QuerySelector.js:52:62)
@qbs-autonaim/app:test:       at queryAllByText (C:\Projects\kwork\selectio\node_modules\@testing-library\dom\dist\queries\text.js:29:49)
@qbs-autonaim/app:test:       at <anonymous> (C:\Projects\kwork\selectio\node_modules\@testing-library\dom\dist\query-helpers.js:74:17)
@qbs-autonaim/app:test:       at <anonymous> (C:\Projects\kwork\selectio\node_modules\@testing-library\dom\dist\query-helpers.js:52:17)
@qbs-autonaim/app:test:       at <anonymous> (C:\Projects\kwork\selectio\node_modules\@testing-library\dom\dist\query-helpers.js:95:19)
@qbs-autonaim/app:test:       at <anonymous> (C:\Projects\kwork\selectio\apps\app\src\components\vacancy\refresh-status-indicator\refresh-progress-content.test.tsx:35:14)
@qbs-autonaim/app:test: (fail) RefreshProgressContent > ╨┤╨╛╨╗╨╢╨╡╨╜ ╨╛╤В╨╛╨▒╤А╨░╨╢╨░╤В╤М ╨┤╨░╨╜╨╜╤Л╨╡ ╨┐╤А╨╛╨│╤А╨╡╤Б╤Б╨░ ╨┤╨╗╤П ╤Б╤В╨░╤В╤Г╤Б╨░ processing ╤Б currentPage [16.00ms]
@qbs-autonaim/recruitment-assistant-extension:test: 140 |   describe("SkillsList", () => {
@qbs-autonaim/recruitment-assistant-extension:test: 141 |     it("╨╜╨╡ ╨┤╨╛╨╗╨╢╨╡╨╜ ╨╕╨╝╨╡╤В╤М ╨╜╨░╤А╤Г╤И╨╡╨╜╨╕╨╣ ╨┤╨╛╤Б╤В╤Г╨┐╨╜╨╛╤Б╤В╨╕ ╤Б ╨┐╤Г╤Б╤В╤Л╨╝ ╤Б╨┐╨╕╤Б╨║╨╛╨╝", async () => {
@qbs-autonaim/recruitment-assistant-extension:test: 142 |       const { container } = render(<SkillsList skills={[]} onEdit={vi.fn()} />);
@qbs-autonaim/recruitment-assistant-extension:test: 143 | 
@qbs-autonaim/recruitment-assistant-extension:test: 144 |       const results = await checkAccessibility(container);
@qbs-autonaim/recruitment-assistant-extension:test: 145 |       expect(results.violations).toHaveLength(0);
@qbs-autonaim/recruitment-assistant-extension:test:                                        ^
@qbs-autonaim/recruitment-assistant-extension:test: error: expect(received).toHaveLength(expected)
@qbs-autonaim/recruitment-assistant-extension:test: 
@qbs-autonaim/recruitment-assistant-extension:test: Expected length: 0
@qbs-autonaim/recruitment-assistant-extension:test: Received length: 1
@qbs-autonaim/recruitment-assistant-extension:test: 
@qbs-autonaim/recruitment-assistant-extension:test:       at <anonymous> (C:\Projects\kwork\selectio\apps\recruitment-assistant-extension\src\content\ui\accessibility.test.tsx:145:34)
@qbs-autonaim/app:test: 115 |             brackets: 0,
@qbs-autonaim/app:test: 116 |             doubleApostrophe: 0,
@qbs-autonaim/app:test: 117 |             singleApostrophe: 0
@qbs-autonaim/app:test: 118 |         };
@qbs-autonaim/app:test: 119 |         const name = this.scope.nodeType === NodeTypeEnum.documentNode ? 'Document' : 'Element';
@qbs-autonaim/app:test: 120 |         const error = new this.window.SyntaxError(`Failed to execute 'querySelectorAll' on '${name}': '${selector}' is not a valid selector.`);
@qbs-autonaim/app:test:                             ^
@qbs-autonaim/app:test: TypeError: undefined is not a constructor (evaluating 'new this.window.SyntaxError(`Failed to execute 'querySelectorAll' on '${name}': '${selector}' is not a valid selector.`)')
@qbs-autonaim/app:test:       at getSelectorGroups (C:\Projects\kwork\selectio\node_modules\happy-dom\lib\query-selector\SelectorParser.js:120:23)
@qbs-autonaim/app:test:       at querySelectorAll (C:\Projects\kwork\selectio\node_modules\happy-dom\lib\query-selector\QuerySelector.js:52:62)
@qbs-autonaim/app:test:       at queryAllByText (C:\Projects\kwork\selectio\node_modules\@testing-library\dom\dist\queries\text.js:29:49)
@qbs-autonaim/app:test:       at <anonymous> (C:\Projects\kwork\selectio\node_modules\@testing-library\dom\dist\query-helpers.js:74:17)
@qbs-autonaim/app:test:       at <anonymous> (C:\Projects\kwork\selectio\node_modules\@testing-library\dom\dist\query-helpers.js:52:17)
@qbs-autonaim/app:test:       at <anonymous> (C:\Projects\kwork\selectio\node_modules\@testing-library\dom\dist\query-helpers.js:95:19)
@qbs-autonaim/app:test:       at <anonymous> (C:\Projects\kwork\selectio\apps\app\src\components\vacancy\refresh-status-indicator\refresh-progress-content.test.tsx:52:14)
@qbs-autonaim/app:test: (fail) RefreshProgressContent > ╨┤╨╛╨╗╨╢╨╡╨╜ ╨╛╤В╨╛╨▒╤А╨░╨╢╨░╤В╤М 0 ╨┤╨╗╤П missing totalSaved ╨╕ totalSkipped
@qbs-autonaim/recruitment-assistant-extension:test: (fail) ╨в╨╡╤Б╤В╨╕╤А╨╛╨▓╨░╨╜╨╕╨╡ ╨┤╨╛╤Б╤В╤Г╨┐╨╜╨╛╤Б╤В╨╕ UI ╨║╨╛╨╝╨┐╨╛╨╜╨╡╨╜╤В╨╛╨▓ > SkillsList > ╨╜╨╡ ╨┤╨╛╨╗╨╢╨╡╨╜ ╨╕╨╝╨╡╤В╤М ╨╜╨░╤А╤Г╤И╨╡╨╜╨╕╨╣ ╨┤╨╛╤Б╤В╤Г╨┐╨╜╨╛╤Б╤В╨╕ ╤Б ╨┐╤Г╤Б╤В╤Л╨╝ ╤Б╨┐╨╕╤Б╨║╨╛╨╝ [47.00ms]
@qbs-autonaim/app:test: 115 |             brackets: 0,
@qbs-autonaim/app:test: 116 |             doubleApostrophe: 0,
@qbs-autonaim/app:test: 117 |             singleApostrophe: 0
@qbs-autonaim/app:test: 118 |         };
@qbs-autonaim/app:test: 119 |         const name = this.scope.nodeType === NodeTypeEnum.documentNode ? 'Document' : 'Element';
@qbs-autonaim/app:test: 120 |         const error = new this.window.SyntaxError(`Failed to execute 'querySelectorAll' on '${name}': '${selector}' is not a valid selector.`);
@qbs-autonaim/app:test:                             ^
@qbs-autonaim/app:test: TypeError: undefined is not a constructor (evaluating 'new this.window.SyntaxError(`Failed to execute 'querySelectorAll' on '${name}': '${selector}' is not a valid selector.`)')
@qbs-autonaim/app:test:       at getSelectorGroups (C:\Projects\kwork\selectio\node_modules\happy-dom\lib\query-selector\SelectorParser.js:120:23)
@qbs-autonaim/app:test:       at querySelectorAll (C:\Projects\kwork\selectio\node_modules\happy-dom\lib\query-selector\QuerySelector.js:52:62)
@qbs-autonaim/app:test:       at queryAllByText (C:\Projects\kwork\selectio\node_modules\@testing-library\dom\dist\queries\text.js:29:49)
@qbs-autonaim/app:test:       at <anonymous> (C:\Projects\kwork\selectio\node_modules\@testing-library\dom\dist\query-helpers.js:74:17)
@qbs-autonaim/app:test:       at <anonymous> (C:\Projects\kwork\selectio\node_modules\@testing-library\dom\dist\query-helpers.js:52:17)
@qbs-autonaim/app:test:       at <anonymous> (C:\Projects\kwork\selectio\node_modules\@testing-library\dom\dist\query-helpers.js:95:19)
@qbs-autonaim/app:test:       at <anonymous> (C:\Projects\kwork\selectio\apps\app\src\components\vacancy\refresh-status-indicator\refresh-progress-content.test.tsx:69:14)
@qbs-autonaim/app:test: (fail) RefreshProgressContent > ╨╜╨╡ ╨┤╨╛╨╗╨╢╨╡╨╜ ╨╛╤В╨╛╨▒╤А╨░╨╢╨░╤В╤М ╨┐╤А╨╛╨│╤А╨╡╤Б╤Б ╨▒╨░╤А ╨┤╨╗╤П ╤Б╤В╨░╤В╤Г╤Б╨░ processing ╨▒╨╡╨╖ currentPage
@qbs-autonaim/app:test: 115 |             brackets: 0,
@qbs-autonaim/app:test: 116 |             doubleApostrophe: 0,
@qbs-autonaim/app:test: 117 |             singleApostrophe: 0
@qbs-autonaim/app:test: 118 |         };
@qbs-autonaim/app:test: 119 |         const name = this.scope.nodeType === NodeTypeEnum.documentNode ? 'Document' : 'Element';
@qbs-autonaim/app:test: 120 |         const error = new this.window.SyntaxError(`Failed to execute 'querySelectorAll' on '${name}': '${selector}' is not a valid selector.`);
@qbs-autonaim/app:test:                             ^
@qbs-autonaim/app:test: TypeError: undefined is not a constructor (evaluating 'new this.window.SyntaxError(`Failed to execute 'querySelectorAll' on '${name}': '${selector}' is not a valid selector.`)')
@qbs-autonaim/app:test:       at getSelectorGroups (C:\Projects\kwork\selectio\node_modules\happy-dom\lib\query-selector\SelectorParser.js:120:23)
@qbs-autonaim/app:test:       at querySelector (C:\Projects\kwork\selectio\node_modules\happy-dom\lib\query-selector\QuerySelector.js:130:67)
@qbs-autonaim/app:test:       at <anonymous> (C:\Projects\kwork\selectio\apps\app\src\components\vacancy\refresh-status-indicator\refresh-progress-content.test.tsx:85:36)
@qbs-autonaim/app:test: (fail) RefreshProgressContent > ╨┤╨╛╨╗╨╢╨╡╨╜ ╨╛╤В╨╛╨▒╤А╨░╨╢╨░╤В╤М ╨╛╤И╨╕╨▒╨║╤Г ╨┤╨╗╤П ╤Б╤В╨░╤В╤Г╤Б╨░ error
@qbs-autonaim/app:test: 115 |             brackets: 0,
@qbs-autonaim/app:test: 116 |             doubleApostrophe: 0,
@qbs-autonaim/app:test: 117 |             singleApostrophe: 0
@qbs-autonaim/app:test: 118 |         };
@qbs-autonaim/app:test: 119 |         const name = this.scope.nodeType === NodeTypeEnum.documentNode ? 'Document' : 'Element';
@qbs-autonaim/app:test: 120 |         const error = new this.window.SyntaxError(`Failed to execute 'querySelectorAll' on '${name}': '${selector}' is not a valid selector.`);
@qbs-autonaim/app:test:                             ^
@qbs-autonaim/app:test: TypeError: undefined is not a constructor (evaluating 'new this.window.SyntaxError(`Failed to execute 'querySelectorAll' on '${name}': '${selector}' is not a valid selector.`)')
@qbs-autonaim/app:test:       at getSelectorGroups (C:\Projects\kwork\selectio\node_modules\happy-dom\lib\query-selector\SelectorParser.js:120:23)
@qbs-autonaim/app:test:       at querySelector (C:\Projects\kwork\selectio\node_modules\happy-dom\lib\query-selector\QuerySelector.js:130:67)
@qbs-autonaim/app:test:       at <anonymous> (C:\Projects\kwork\selectio\apps\app\src\components\vacancy\refresh-status-indicator\refresh-progress-content.test.tsx:100:36)
@qbs-autonaim/app:test: (fail) RefreshProgressContent > ╨┤╨╛╨╗╨╢╨╡╨╜ ╨╛╤В╨╛╨▒╤А╨░╨╢╨░╤В╤М ╤Б╨╛╨╛╨▒╤Й╨╡╨╜╨╕╨╡ ╨╛╨▒ ╨╛╤И╨╕╨▒╨║╨╡ ╤Б ╨║╨╗╨░╤Б╤Б╨╛╨╝ text-destructive
@qbs-autonaim/app:test: 115 |             brackets: 0,
@qbs-autonaim/app:test: 116 |             doubleApostrophe: 0,
@qbs-autonaim/app:test: 117 |             singleApostrophe: 0
@qbs-autonaim/app:test: 118 |         };
@qbs-autonaim/app:test: 119 |         const name = this.scope.nodeType === NodeTypeEnum.documentNode ? 'Document' : 'Element';
@qbs-autonaim/app:test: 120 |         const error = new this.window.SyntaxError(`Failed to execute 'querySelectorAll' on '${name}': '${selector}' is not a valid selector.`);
@qbs-autonaim/app:test:                             ^
@qbs-autonaim/app:test: TypeError: undefined is not a constructor (evaluating 'new this.window.SyntaxError(`Failed to execute 'querySelectorAll' on '${name}': '${selector}' is not a valid selector.`)')
@qbs-autonaim/app:test:       at getSelectorGroups (C:\Projects\kwork\selectio\node_modules\happy-dom\lib\query-selector\SelectorParser.js:120:23)
@qbs-autonaim/app:test:       at querySelectorAll (C:\Projects\kwork\selectio\node_modules\happy-dom\lib\query-selector\QuerySelector.js:52:62)
@qbs-autonaim/app:test:       at queryAllByText (C:\Projects\kwork\selectio\node_modules\@testing-library\dom\dist\queries\text.js:29:49)
@qbs-autonaim/app:test:       at <anonymous> (C:\Projects\kwork\selectio\node_modules\@testing-library\dom\dist\query-helpers.js:74:17)
@qbs-autonaim/app:test:       at <anonymous> (C:\Projects\kwork\selectio\node_modules\@testing-library\dom\dist\query-helpers.js:52:17)
@qbs-autonaim/app:test:       at <anonymous> (C:\Projects\kwork\selectio\node_modules\@testing-library\dom\dist\query-helpers.js:95:19)
@qbs-autonaim/app:test:       at <anonymous> (C:\Projects\kwork\selectio\apps\app\src\components\vacancy\refresh-status-indicator\refresh-progress-content.test.tsx:116:14)
@qbs-autonaim/app:test: (fail) RefreshProgressContent > ╨╜╨╡ ╨┤╨╛╨╗╨╢╨╡╨╜ ╨╛╤В╨╛╨▒╤А╨░╨╖╤Л╨▓╨░╤В╤М ╨▒╨╗╨╛╨║ ╤Б ╨┐╤А╨╛╨│╤А╨╡╤Б╤Б╨╛╨╝ ╨┤╨╗╤П ╤Б╤В╨░╤В╤Г╤Б╨░ started
@qbs-autonaim/app:test: 115 |             brackets: 0,
@qbs-autonaim/app:test: 116 |             doubleApostrophe: 0,
@qbs-autonaim/app:test: 117 |             singleApostrophe: 0
@qbs-autonaim/app:test: 118 |         };
@qbs-autonaim/app:test: 119 |         const name = this.scope.nodeType === NodeTypeEnum.documentNode ? 'Document' : 'Element';
@qbs-autonaim/app:test: 120 |         const error = new this.window.SyntaxError(`Failed to execute 'querySelectorAll' on '${name}': '${selector}' is not a valid selector.`);
@qbs-autonaim/app:test:                             ^
@qbs-autonaim/app:test: TypeError: undefined is not a constructor (evaluating 'new this.window.SyntaxError(`Failed to execute 'querySelectorAll' on '${name}': '${selector}' is not a valid selector.`)')
@qbs-autonaim/app:test:       at getSelectorGroups (C:\Projects\kwork\selectio\node_modules\happy-dom\lib\query-selector\SelectorParser.js:120:23)
@qbs-autonaim/app:test:       at querySelectorAll (C:\Projects\kwork\selectio\node_modules\happy-dom\lib\query-selector\QuerySelector.js:52:62)
@qbs-autonaim/app:test:       at queryAllByText (C:\Projects\kwork\selectio\node_modules\@testing-library\dom\dist\queries\text.js:29:49)
@qbs-autonaim/app:test:       at <anonymous> (C:\Projects\kwork\selectio\node_modules\@testing-library\dom\dist\query-helpers.js:74:17)
@qbs-autonaim/app:test:       at <anonymous> (C:\Projects\kwork\selectio\node_modules\@testing-library\dom\dist\query-helpers.js:52:17)
@qbs-autonaim/app:test:       at <anonymous> (C:\Projects\kwork\selectio\node_modules\@testing-library\dom\dist\query-helpers.js:95:19)
@qbs-autonaim/app:test:       at <anonymous> (C:\Projects\kwork\selectio\apps\app\src\components\vacancy\refresh-status-indicator\refresh-progress-content.test.tsx:132:14)
@qbs-autonaim/app:test: (fail) RefreshProgressContent > ╨╜╨╡ ╨┤╨╛╨╗╨╢╨╡╨╜ ╨╛╤В╨╛╨▒╤А╨░╨╖╤Л╨▓╨░╤В╤М ╨▒╨╗╨╛╨║ ╤Б ╨┐╤А╨╛╨│╤А╨╡╤Б╤Б╨╛╨╝ ╨┤╨╗╤П ╤Б╤В╨░╤В╤Г╤Б╨░ completed
@qbs-autonaim/app:test: 
@qbs-autonaim/app:test: src\components\vacancy\refresh-status-indicator\refresh-result-content.test.tsx:
@qbs-autonaim/app:test: 115 |             brackets: 0,
@qbs-autonaim/app:test: 116 |             doubleApostrophe: 0,
@qbs-autonaim/app:test: 117 |             singleApostrophe: 0
@qbs-autonaim/app:test: 118 |         };
@qbs-autonaim/app:test: 119 |         const name = this.scope.nodeType === NodeTypeEnum.documentNode ? 'Document' : 'Element';
@qbs-autonaim/app:test: 120 |         const error = new this.window.SyntaxError(`Failed to execute 'querySelectorAll' on '${name}': '${selector}' is not a valid selector.`);
@qbs-autonaim/app:test:                             ^
@qbs-autonaim/app:test: TypeError: undefined is not a constructor (evaluating 'new this.window.SyntaxError(`Failed to execute 'querySelectorAll' on '${name}': '${selector}' is not a valid selector.`)')
@qbs-autonaim/app:test:       at getSelectorGroups (C:\Projects\kwork\selectio\node_modules\happy-dom\lib\query-selector\SelectorParser.js:120:23)
@qbs-autonaim/app:test:       at querySelectorAll (C:\Projects\kwork\selectio\node_modules\happy-dom\lib\query-selector\QuerySelector.js:52:62)
@qbs-autonaim/app:test:       at queryAllByText (C:\Projects\kwork\selectio\node_modules\@testing-library\dom\dist\queries\text.js:29:49)
@qbs-autonaim/app:test:       at <anonymous> (C:\Projects\kwork\selectio\node_modules\@testing-library\dom\dist\query-helpers.js:74:17)
@qbs-autonaim/app:test:       at <anonymous> (C:\Projects\kwork\selectio\node_modules\@testing-library\dom\dist\query-helpers.js:52:17)
@qbs-autonaim/app:test:       at <anonymous> (C:\Projects\kwork\selectio\node_modules\@testing-library\dom\dist\query-helpers.js:95:19)
@qbs-autonaim/app:test:       at <anonymous> (C:\Projects\kwork\selectio\apps\app\src\components\vacancy\refresh-status-indicator\refresh-result-content.test.tsx:20:16)
@qbs-autonaim/app:test: (fail) RefreshResultContent > ╨г╤Б╨┐╨╡╤И╨╜╤Л╨╣ ╤А╨╡╨╖╤Г╨╗╤М╤В╨░╤В (success=true) > ╨┤╨╛╨╗╨╢╨╡╨╜ ╨╛╤В╨╛╨▒╤А╨░╨╢╨░╤В╤М ╨╛╨▒╤Й╨╡╨╡ ╨║╨╛╨╗╨╕╤З╨╡╤Б╤В╨▓╨╛ ╨╛╤В╨║╨╗╨╕╨║╨╛╨▓
@qbs-autonaim/app:test: 115 |             brackets: 0,
@qbs-autonaim/app:test: 116 |             doubleApostrophe: 0,
@qbs-autonaim/app:test: 117 |             singleApostrophe: 0
@qbs-autonaim/app:test: 118 |         };
@qbs-autonaim/app:test: 119 |         const name = this.scope.nodeType === NodeTypeEnum.documentNode ? 'Document' : 'Element';
@qbs-autonaim/app:test: 120 |         const error = new this.window.SyntaxError(`Failed to execute 'querySelectorAll' on '${name}': '${selector}' is not a valid selector.`);
@qbs-autonaim/app:test:                             ^
@qbs-autonaim/app:test: TypeError: undefined is not a constructor (evaluating 'new this.window.SyntaxError(`Failed to execute 'querySelectorAll' on '${name}': '${selector}' is not a valid selector.`)')
@qbs-autonaim/app:test:       at getSelectorGroups (C:\Projects\kwork\selectio\node_modules\happy-dom\lib\query-selector\SelectorParser.js:120:23)
@qbs-autonaim/app:test:       at querySelectorAll (C:\Projects\kwork\selectio\node_modules\happy-dom\lib\query-selector\QuerySelector.js:52:62)
@qbs-autonaim/app:test:       at queryAllByText (C:\Projects\kwork\selectio\node_modules\@testing-library\dom\dist\queries\text.js:29:49)
@qbs-autonaim/app:test:       at <anonymous> (C:\Projects\kwork\selectio\node_modules\@testing-library\dom\dist\query-helpers.js:74:17)
@qbs-autonaim/app:test:       at <anonymous> (C:\Projects\kwork\selectio\node_modules\@testing-library\dom\dist\query-helpers.js:52:17)
@qbs-autonaim/app:test:       at <anonymous> (C:\Projects\kwork\selectio\node_modules\@testing-library\dom\dist\query-helpers.js:95:19)
@qbs-autonaim/app:test:       at <anonymous> (C:\Projects\kwork\selectio\apps\app\src\components\vacancy\refresh-status-indicator\refresh-result-content.test.tsx:37:16)
@qbs-autonaim/app:test: (fail) RefreshResultContent > ╨г╤Б╨┐╨╡╤И╨╜╤Л╨╣ ╤А╨╡╨╖╤Г╨╗╤М╤В╨░╤В (success=true) > ╨┤╨╛╨╗╨╢╨╡╨╜ ╨╛╤В╨╛╨▒╤А╨░╨╢╨░╤В╤М ╨║╨╛╨╗╨╕╤З╨╡╤Б╤В╨▓╨╛ ╨╜╨╛╨▓╤Л╤Е ╨╛╤В╨║╨╗╨╕╨║╨╛╨▓
@qbs-autonaim/app:test: 115 |             brackets: 0,
@qbs-autonaim/app:test: 116 |             doubleApostrophe: 0,
@qbs-autonaim/app:test: 117 |             singleApostrophe: 0
@qbs-autonaim/app:test: 118 |         };
@qbs-autonaim/app:test: 119 |         const name = this.scope.nodeType === NodeTypeEnum.documentNode ? 'Document' : 'Element';
@qbs-autonaim/app:test: 120 |         const error = new this.window.SyntaxError(`Failed to execute 'querySelectorAll' on '${name}': '${selector}' is not a valid selector.`);
@qbs-autonaim/app:test:                             ^
@qbs-autonaim/app:test: TypeError: undefined is not a constructor (evaluating 'new this.window.SyntaxError(`Failed to execute 'querySelectorAll' on '${name}': '${selector}' is not a valid selector.`)')
@qbs-autonaim/app:test:       at getSelectorGroups (C:\Projects\kwork\selectio\node_modules\happy-dom\lib\query-selector\SelectorParser.js:120:23)
@qbs-autonaim/app:test:       at querySelectorAll (C:\Projects\kwork\selectio\node_modules\happy-dom\lib\query-selector\QuerySelector.js:52:62)
@qbs-autonaim/app:test:       at queryAllByText (C:\Projects\kwork\selectio\node_modules\@testing-library\dom\dist\queries\text.js:29:49)
@qbs-autonaim/app:test:       at <anonymous> (C:\Projects\kwork\selectio\node_modules\@testing-library\dom\dist\query-helpers.js:74:17)
@qbs-autonaim/app:test:       at <anonymous> (C:\Projects\kwork\selectio\node_modules\@testing-library\dom\dist\query-helpers.js:52:17)
@qbs-autonaim/app:test:       at <anonymous> (C:\Projects\kwork\selectio\node_modules\@testing-library\dom\dist\query-helpers.js:95:19)
@qbs-autonaim/app:test:       at <anonymous> (C:\Projects\kwork\selectio\apps\app\src\components\vacancy\refresh-status-indicator\refresh-result-content.test.tsx:54:16)
@qbs-autonaim/app:test: (fail) RefreshResultContent > ╨г╤Б╨┐╨╡╤И╨╜╤Л╨╣ ╤А╨╡╨╖╤Г╨╗╤М╤В╨░╤В (success=true) > ╨┤╨╛╨╗╨╢╨╡╨╜ ╨╛╤В╨╛╨▒╤А╨░╨╢╨░╤В╤М 0 ╨┤╨╗╤П newCount=0
@qbs-autonaim/app:test: 115 |             brackets: 0,
@qbs-autonaim/app:test: 116 |             doubleApostrophe: 0,
@qbs-autonaim/app:test: 117 |             singleApostrophe: 0
@qbs-autonaim/app:test: 118 |         };
@qbs-autonaim/app:test: 119 |         const name = this.scope.nodeType === NodeTypeEnum.documentNode ? 'Document' : 'Element';
@qbs-autonaim/app:test: 120 |         const error = new this.window.SyntaxError(`Failed to execute 'querySelectorAll' on '${name}': '${selector}' is not a valid selector.`);
@qbs-autonaim/app:test:                             ^
@qbs-autonaim/app:test: TypeError: undefined is not a constructor (evaluating 'new this.window.SyntaxError(`Failed to execute 'querySelectorAll' on '${name}': '${selector}' is not a valid selector.`)')
@qbs-autonaim/app:test:       at getSelectorGroups (C:\Projects\kwork\selectio\node_modules\happy-dom\lib\query-selector\SelectorParser.js:120:23)
@qbs-autonaim/app:test:       at querySelectorAll (C:\Projects\kwork\selectio\node_modules\happy-dom\lib\query-selector\QuerySelector.js:52:62)
@qbs-autonaim/app:test:       at queryAllByText (C:\Projects\kwork\selectio\node_modules\@testing-library\dom\dist\queries\text.js:29:49)
@qbs-autonaim/app:test:       at <anonymous> (C:\Projects\kwork\selectio\node_modules\@testing-library\dom\dist\query-helpers.js:74:17)
@qbs-autonaim/app:test:       at <anonymous> (C:\Projects\kwork\selectio\node_modules\@testing-library\dom\dist\query-helpers.js:52:17)
@qbs-autonaim/app:test:       at <anonymous> (C:\Projects\kwork\selectio\node_modules\@testing-library\dom\dist\query-helpers.js:95:19)
@qbs-autonaim/app:test:       at <anonymous> (C:\Projects\kwork\selectio\apps\app\src\components\vacancy\refresh-status-indicator\refresh-result-content.test.tsx:71:27)
@qbs-autonaim/app:test: (fail) RefreshResultContent > ╨г╤Б╨┐╨╡╤И╨╜╤Л╨╣ ╤А╨╡╨╖╤Г╨╗╤М╤В╨░╤В (success=true) > ╨┤╨╛╨╗╨╢╨╡╨╜ ╨╛╤В╨╛╨▒╤А╨░╨╢╨░╤В╤М ╤Б╨╛╨╛╨▒╤Й╨╡╨╜╨╕╨╡ ╨╛╨▒ ╨░╨▓╤В╨╛╨╖╨░╨║╤А╤Л╤В╨╕╨╕
@qbs-autonaim/app:test: 115 |             brackets: 0,
@qbs-autonaim/app:test: 116 |             doubleApostrophe: 0,
@qbs-autonaim/app:test: 117 |             singleApostrophe: 0
@qbs-autonaim/app:test: 118 |         };
@qbs-autonaim/app:test: 119 |         const name = this.scope.nodeType === NodeTypeEnum.documentNode ? 'Document' : 'Element';
@qbs-autonaim/app:test: 120 |         const error = new this.window.SyntaxError(`Failed to execute 'querySelectorAll' on '${name}': '${selector}' is not a valid selector.`);
@qbs-autonaim/app:test:                             ^
@qbs-autonaim/app:test: TypeError: undefined is not a constructor (evaluating 'new this.window.SyntaxError(`Failed to execute 'querySelectorAll' on '${name}': '${selector}' is not a valid selector.`)')
@qbs-autonaim/app:test:       at getSelectorGroups (C:\Projects\kwork\selectio\node_modules\happy-dom\lib\query-selector\SelectorParser.js:120:23)
@qbs-autonaim/app:test:       at querySelector (C:\Projects\kwork\selectio\node_modules\happy-dom\lib\query-selector\QuerySelector.js:130:67)
@qbs-autonaim/app:test:       at <anonymous> (C:\Projects\kwork\selectio\apps\app\src\components\vacancy\refresh-status-indicator\refresh-result-content.test.tsx:88:35)
@qbs-autonaim/app:test: (fail) RefreshResultContent > ╨г╤Б╨┐╨╡╤И╨╜╤Л╨╣ ╤А╨╡╨╖╤Г╨╗╤М╤В╨░╤В (success=true) > ╨┤╨╛╨╗╨╢╨╡╨╜ ╨╕╨╝╨╡╤В╤М ╨╖╨╡╨╗╨╡╨╜╤Г╤О ╤Ж╨▓╨╡╤В╨╛╨▓╤Г╤О ╤Б╤Е╨╡╨╝╤Г
@qbs-autonaim/app:test: 115 |             brackets: 0,
@qbs-autonaim/app:test: 116 |             doubleApostrophe: 0,
@qbs-autonaim/app:test: 117 |             singleApostrophe: 0
@qbs-autonaim/app:test: 118 |         };
@qbs-autonaim/app:test: 119 |         const name = this.scope.nodeType === NodeTypeEnum.documentNode ? 'Document' : 'Element';
@qbs-autonaim/app:test: 120 |         const error = new this.window.SyntaxError(`Failed to execute 'querySelectorAll' on '${name}': '${selector}' is not a valid selector.`);
@qbs-autonaim/app:test:                             ^
@qbs-autonaim/app:test: TypeError: undefined is not a constructor (evaluating 'new this.window.SyntaxError(`Failed to execute 'querySelectorAll' on '${name}': '${selector}' is not a valid selector.`)')
@qbs-autonaim/app:test:       at getSelectorGroups (C:\Projects\kwork\selectio\node_modules\happy-dom\lib\query-selector\SelectorParser.js:120:23)
@qbs-autonaim/app:test:       at querySelectorAll (C:\Projects\kwork\selectio\node_modules\happy-dom\lib\query-selector\QuerySelector.js:52:62)
@qbs-autonaim/app:test:       at queryAllByText (C:\Projects\kwork\selectio\node_modules\@testing-library\dom\dist\queries\text.js:29:49)
@qbs-autonaim/app:test:       at <anonymous> (C:\Projects\kwork\selectio\node_modules\@testing-library\dom\dist\query-helpers.js:74:17)
@qbs-autonaim/app:test:       at <anonymous> (C:\Projects\kwork\selectio\node_modules\@testing-library\dom\dist\query-helpers.js:52:17)
@qbs-autonaim/app:test:       at <anonymous> (C:\Projects\kwork\selectio\node_modules\@testing-library\dom\dist\query-helpers.js:95:19)
@qbs-autonaim/app:test:       at <anonymous> (C:\Projects\kwork\selectio\apps\app\src\components\vacancy\refresh-status-indicator\refresh-result-content.test.tsx:108:16)
@qbs-autonaim/app:test: (fail) RefreshResultContent > ╨Ю╤И╨╕╨▒╨╛╤З╨╜╤Л╨╣ ╤А╨╡╨╖╤Г╨╗╤М╤В╨░╤В (success=false) > ╨┤╨╛╨╗╨╢╨╡╨╜ ╨╛╤В╨╛╨▒╤А╨░╨╢╨░╤В╤М ╨╖╨░╨│╨╛╨╗╨╛╨▓╨╛╨║ ╨╛╤И╨╕╨▒╨║╨╕
@qbs-autonaim/app:test: 115 |             brackets: 0,
@qbs-autonaim/app:test: 116 |             doubleApostrophe: 0,
@qbs-autonaim/app:test: 117 |             singleApostrophe: 0
@qbs-autonaim/app:test: 118 |         };
@qbs-autonaim/app:test: 119 |         const name = this.scope.nodeType === NodeTypeEnum.documentNode ? 'Document' : 'Element';
@qbs-autonaim/app:test: 120 |         const error = new this.window.SyntaxError(`Failed to execute 'querySelectorAll' on '${name}': '${selector}' is not a valid selector.`);
@qbs-autonaim/app:test:                             ^
@qbs-autonaim/app:test: TypeError: undefined is not a constructor (evaluating 'new this.window.SyntaxError(`Failed to execute 'querySelectorAll' on '${name}': '${selector}' is not a valid selector.`)')
@qbs-autonaim/app:test:       at getSelectorGroups (C:\Projects\kwork\selectio\node_modules\happy-dom\lib\query-selector\SelectorParser.js:120:23)
@qbs-autonaim/app:test:       at querySelectorAll (C:\Projects\kwork\selectio\node_modules\happy-dom\lib\query-selector\QuerySelector.js:52:62)
@qbs-autonaim/app:test:       at queryAllByText (C:\Projects\kwork\selectio\node_modules\@testing-library\dom\dist\queries\text.js:29:49)
@qbs-autonaim/app:test:       at <anonymous> (C:\Projects\kwork\selectio\node_modules\@testing-library\dom\dist\query-helpers.js:74:17)
@qbs-autonaim/app:test:       at <anonymous> (C:\Projects\kwork\selectio\node_modules\@testing-library\dom\dist\query-helpers.js:52:17)
@qbs-autonaim/app:test:       at <anonymous> (C:\Projects\kwork\selectio\node_modules\@testing-library\dom\dist\query-helpers.js:95:19)
@qbs-autonaim/app:test:       at <anonymous> (C:\Projects\kwork\selectio\apps\app\src\components\vacancy\refresh-status-indicator\refresh-result-content.test.tsx:124:32)
@qbs-autonaim/app:test: (fail) RefreshResultContent > ╨Ю╤И╨╕╨▒╨╛╤З╨╜╤Л╨╣ ╤А╨╡╨╖╤Г╨╗╤М╤В╨░╤В (success=false) > ╨┤╨╛╨╗╨╢╨╡╨╜ ╨╛╤В╨╛╨▒╤А╨░╨╢╨░╤В╤М ╤В╨╡╨║╤Б╤В ╨╛╤И╨╕╨▒╨║╨╕
@qbs-autonaim/app:test: 115 |             brackets: 0,
@qbs-autonaim/app:test: 116 |             doubleApostrophe: 0,
@qbs-autonaim/app:test: 117 |             singleApostrophe: 0
@qbs-autonaim/app:test: 118 |         };
@qbs-autonaim/app:test: 119 |         const name = this.scope.nodeType === NodeTypeEnum.documentNode ? 'Document' : 'Element';
@qbs-autonaim/app:test: 120 |         const error = new this.window.SyntaxError(`Failed to execute 'querySelectorAll' on '${name}': '${selector}' is not a valid selector.`);
@qbs-autonaim/app:test:                             ^
@qbs-autonaim/app:test: TypeError: undefined is not a constructor (evaluating 'new this.window.SyntaxError(`Failed to execute 'querySelectorAll' on '${name}': '${selector}' is not a valid selector.`)')
@qbs-autonaim/app:test:       at getSelectorGroups (C:\Projects\kwork\selectio\node_modules\happy-dom\lib\query-selector\SelectorParser.js:120:23)
@qbs-autonaim/app:test:       at querySelectorAll (C:\Projects\kwork\selectio\node_modules\happy-dom\lib\query-selector\QuerySelector.js:52:62)
@qbs-autonaim/app:test:       at queryAllByText (C:\Projects\kwork\selectio\node_modules\@testing-library\dom\dist\queries\text.js:29:49)
@qbs-autonaim/app:test:       at <anonymous> (C:\Projects\kwork\selectio\node_modules\@testing-library\dom\dist\query-helpers.js:74:17)
@qbs-autonaim/app:test:       at <anonymous> (C:\Projects\kwork\selectio\node_modules\@testing-library\dom\dist\query-helpers.js:52:17)
@qbs-autonaim/app:test:       at <anonymous> (C:\Projects\kwork\selectio\node_modules\@testing-library\dom\dist\query-helpers.js:95:19)
@qbs-autonaim/app:test:       at <anonymous> (C:\Projects\kwork\selectio\apps\app\src\components\vacancy\refresh-status-indicator\refresh-result-content.test.tsx:140:27)
@qbs-autonaim/app:test: (fail) RefreshResultContent > ╨Ю╤И╨╕╨▒╨╛╤З╨╜╤Л╨╣ ╤А╨╡╨╖╤Г╨╗╤М╤В╨░╤В (success=false) > ╨┤╨╛╨╗╨╢╨╡╨╜ ╨╛╤В╨╛╨▒╤А╨░╨╢╨░╤В╤М ╤Б╨╛╨╛╨▒╤Й╨╡╨╜╨╕╨╡ ╨┐╨╛ ╤Г╨╝╨╛╨╗╤З╨░╨╜╨╕╤О ╨╡╤Б╨╗╨╕ error ╨╜╨╡ ╨┐╨╡╤А╨╡╨┤╨░╨╜
@qbs-autonaim/app:test: 115 |             brackets: 0,
@qbs-autonaim/app:test: 116 |             doubleApostrophe: 0,
@qbs-autonaim/app:test: 117 |             singleApostrophe: 0
@qbs-autonaim/app:test: 118 |         };
@qbs-autonaim/app:test: 119 |         const name = this.scope.nodeType === NodeTypeEnum.documentNode ? 'Document' : 'Element';
@qbs-autonaim/app:test: 120 |         const error = new this.window.SyntaxError(`Failed to execute 'querySelectorAll' on '${name}': '${selector}' is not a valid selector.`);
@qbs-autonaim/app:test:                             ^
@qbs-autonaim/app:test: TypeError: undefined is not a constructor (evaluating 'new this.window.SyntaxError(`Failed to execute 'querySelectorAll' on '${name}': '${selector}' is not a valid selector.`)')
@qbs-autonaim/app:test:       at getSelectorGroups (C:\Projects\kwork\selectio\node_modules\happy-dom\lib\query-selector\SelectorParser.js:120:23)
@qbs-autonaim/app:test:       at querySelector (C:\Projects\kwork\selectio\node_modules\happy-dom\lib\query-selector\QuerySelector.js:130:67)
@qbs-autonaim/app:test:       at <anonymous> (C:\Projects\kwork\selectio\apps\app\src\components\vacancy\refresh-status-indicator\refresh-result-content.test.tsx:157:38)
@qbs-autonaim/app:test: (fail) RefreshResultContent > ╨Ю╤И╨╕╨▒╨╛╤З╨╜╤Л╨╣ ╤А╨╡╨╖╤Г╨╗╤М╤В╨░╤В (success=false) > ╨┤╨╛╨╗╨╢╨╡╨╜ ╨╕╨╝╨╡╤В╤М ╨║╤А╨░╤Б╨╜╤Г╤О ╤Ж╨▓╨╡╤В╨╛╨▓╤Г╤О ╤Б╤Е╨╡╨╝╤Г ╨┤╨╗╤П ╨╛╤И╨╕╨▒╨║╨╕ [15.00ms]
@qbs-autonaim/app:test: 115 |             brackets: 0,
@qbs-autonaim/app:test: 116 |             doubleApostrophe: 0,
@qbs-autonaim/app:test: 117 |             singleApostrophe: 0
@qbs-autonaim/app:test: 118 |         };
@qbs-autonaim/app:test: 119 |         const name = this.scope.nodeType === NodeTypeEnum.documentNode ? 'Document' : 'Element';
@qbs-autonaim/app:test: 120 |         const error = new this.window.SyntaxError(`Failed to execute 'querySelectorAll' on '${name}': '${selector}' is not a valid selector.`);
@qbs-autonaim/app:test:                             ^
@qbs-autonaim/app:test: TypeError: undefined is not a constructor (evaluating 'new this.window.SyntaxError(`Failed to execute 'querySelectorAll' on '${name}': '${selector}' is not a valid selector.`)')
@qbs-autonaim/app:test:       at getSelectorGroups (C:\Projects\kwork\selectio\node_modules\happy-dom\lib\query-selector\SelectorParser.js:120:23)
@qbs-autonaim/app:test:       at querySelector (C:\Projects\kwork\selectio\node_modules\happy-dom\lib\query-selector\QuerySelector.js:130:67)
@qbs-autonaim/app:test:       at <anonymous> (C:\Projects\kwork\selectio\apps\app\src\components\vacancy\refresh-status-indicator\refresh-result-content.test.tsx:173:37)
@qbs-autonaim/app:test: (fail) RefreshResultContent > ╨Ю╤И╨╕╨▒╨╛╤З╨╜╤Л╨╣ ╤А╨╡╨╖╤Г╨╗╤М╤В╨░╤В (success=false) > ╨┤╨╛╨╗╨╢╨╡╨╜ ╨╛╤В╨╛╨▒╤А╨░╨╢╨░╤В╤М ╨╕╨║╨╛╨╜╨║╤Г XCircle ╨┤╨╗╤П ╨╛╤И╨╕╨▒╨║╨╕
@qbs-autonaim/app:test: 
@qbs-autonaim/app:test: src\components\vacancy\refresh-status-indicator\schemas.test.ts:
@qbs-autonaim/recruitment-assistant-extension:test: 152 |           onEdit={vi.fn()}
@qbs-autonaim/recruitment-assistant-extension:test: 153 |         />,
@qbs-autonaim/recruitment-assistant-extension:test: 154 |       );
@qbs-autonaim/recruitment-assistant-extension:test: 155 | 
@qbs-autonaim/recruitment-assistant-extension:test: 156 |       const results = await checkAccessibility(container);
@qbs-autonaim/recruitment-assistant-extension:test: 157 |       expect(results.violations).toHaveLength(0);
@qbs-autonaim/recruitment-assistant-extension:test:                                        ^
@qbs-autonaim/recruitment-assistant-extension:test: error: expect(received).toHaveLength(expected)
@qbs-autonaim/recruitment-assistant-extension:test: 
@qbs-autonaim/recruitment-assistant-extension:test: Expected length: 0
@qbs-autonaim/recruitment-assistant-extension:test: Received length: 1
@qbs-autonaim/recruitment-assistant-extension:test: 
@qbs-autonaim/recruitment-assistant-extension:test:       at <anonymous> (C:\Projects\kwork\selectio\apps\recruitment-assistant-extension\src\content\ui\accessibility.test.tsx:157:34)
@qbs-autonaim/recruitment-assistant-extension:test: (fail) ╨в╨╡╤Б╤В╨╕╤А╨╛╨▓╨░╨╜╨╕╨╡ ╨┤╨╛╤Б╤В╤Г╨┐╨╜╨╛╤Б╤В╨╕ UI ╨║╨╛╨╝╨┐╨╛╨╜╨╡╨╜╤В╨╛╨▓ > SkillsList > ╨╜╨╡ ╨┤╨╛╨╗╨╢╨╡╨╜ ╨╕╨╝╨╡╤В╤М ╨╜╨░╤А╤Г╤И╨╡╨╜╨╕╨╣ ╨┤╨╛╤Б╤В╤Г╨┐╨╜╨╛╤Б╤В╨╕ ╤Б╨╛ ╤Б╨┐╨╕╤Б╨║╨╛╨╝ ╨╜╨░╨▓╤Л╨║╨╛╨▓ [47.00ms]
@qbs-autonaim/app:test: (pass) progressStatusSchema > ╨┤╨╛╨╗╨╢╨╡╨╜ ╨▓╨░╨╗╨╕╨┤╨╕╤А╨╛╨▓╨░╤В╤М started
@qbs-autonaim/app:test: (pass) progressStatusSchema > ╨┤╨╛╨╗╨╢╨╡╨╜ ╨▓╨░╨╗╨╕╨┤╨╕╤А╨╛╨▓╨░╤В╤М processing
@qbs-autonaim/app:test: (pass) progressStatusSchema > ╨┤╨╛╨╗╨╢╨╡╨╜ ╨▓╨░╨╗╨╕╨┤╨╕╤А╨╛╨▓╨░╤В╤М completed
@qbs-autonaim/app:test: (pass) progressStatusSchema > ╨┤╨╛╨╗╨╢╨╡╨╜ ╨▓╨░╨╗╨╕╨┤╨╕╤А╨╛╨▓╨░╤В╤М error
@qbs-autonaim/app:test: (pass) progressStatusSchema > ╨┤╨╛╨╗╨╢╨╡╨╜ ╨╛╤В╨║╨╗╨╛╨╜╤П╤В╤М ╨╜╨╡╨▓╨░╨╗╨╕╨┤╨╜╤Л╨╣ ╤Б╤В╨░╤В╤Г╤Б
@qbs-autonaim/app:test: (pass) progressDataSchema > ╨┤╨╛╨╗╨╢╨╡╨╜ ╨▓╨░╨╗╨╕╨┤╨╕╤А╨╛╨▓╨░╤В╤М ╨║╨╛╤А╤А╨╡╨║╤В╨╜╤Л╨╡ ╨┤╨░╨╜╨╜╤Л╨╡
@qbs-autonaim/app:test: (pass) progressDataSchema > ╨┤╨╛╨╗╨╢╨╡╨╜ ╨▓╨░╨╗╨╕╨┤╨╕╤А╨╛╨▓╨░╤В╤М ╨┤╨░╨╜╨╜╤Л╨╡ ╤Б ╨╛╨┐╤Ж╨╕╨╛╨╜╨░╨╗╤М╨╜╤Л╨╝╨╕ ╨┐╨╛╨╗╤П╨╝╨╕
@qbs-autonaim/app:test: (pass) progressDataSchema > ╨┤╨╛╨╗╨╢╨╡╨╜ ╨╛╤В╨║╨╗╨╛╨╜╤П╤В╤М ╨┤╨░╨╜╨╜╤Л╨╡ ╨▒╨╡╨╖ vacancyId
@qbs-autonaim/app:test: (pass) progressDataSchema > ╨┤╨╛╨╗╨╢╨╡╨╜ ╨╛╤В╨║╨╗╨╛╨╜╤П╤В╤М ╨┤╨░╨╜╨╜╤Л╨╡ ╤Б ╨╜╨╡╨▓╨░╨╗╨╕╨┤╨╜╤Л╨╝ ╤Б╤В╨░╤В╤Г╤Б╨╛╨╝
@qbs-autonaim/app:test: (pass) archivedStatusDataSchema > ╨┤╨╛╨╗╨╢╨╡╨╜ ╨▓╨░╨╗╨╕╨┤╨╕╤А╨╛╨▓╨░╤В╤М ╨╝╨╕╨╜╨╕╨╝╨░╨╗╤М╨╜╤Л╨╡ ╨┤╨░╨╜╨╜╤Л╨╡ [16.00ms]
@qbs-autonaim/app:test: (pass) archivedStatusDataSchema > ╨┤╨╛╨╗╨╢╨╡╨╜ ╨▓╨░╨╗╨╕╨┤╨╕╤А╨╛╨▓╨░╤В╤М ╨┐╨╛╨╗╨╜╤Л╨╡ ╨┤╨░╨╜╨╜╤Л╨╡
@qbs-autonaim/app:test: (pass) archivedResultDataSchema > ╨┤╨╛╨╗╨╢╨╡╨╜ ╨▓╨░╨╗╨╕╨┤╨╕╤А╨╛╨▓╨░╤В╤М ╨║╨╛╤А╤А╨╡╨║╤В╨╜╤Л╨╡ ╨┤╨░╨╜╨╜╤Л╨╡
@qbs-autonaim/app:test: (pass) archivedResultDataSchema > ╨┤╨╛╨╗╨╢╨╡╨╜ ╨╛╤В╨║╨╗╨╛╨╜╤П╤В╤М ╨┤╨░╨╜╨╜╤Л╨╡ ╨▒╨╡╨╖ success
@qbs-autonaim/app:test: (pass) analyzeProgressDataSchema > ╨┤╨╛╨╗╨╢╨╡╨╜ ╨▓╨░╨╗╨╕╨┤╨╕╤А╨╛╨▓╨░╤В╤М ╨║╨╛╤А╤А╨╡╨║╤В╨╜╤Л╨╡ ╨┤╨░╨╜╨╜╤Л╨╡
@qbs-autonaim/app:test: (pass) analyzeProgressDataSchema > ╨┤╨╛╨╗╨╢╨╡╨╜ ╨▓╨░╨╗╨╕╨┤╨╕╤А╨╛╨▓╨░╤В╤М ╨┤╨░╨╜╨╜╤Л╨╡ ╤Б ╨╜╨╡╨┐╨╛╨╗╨╜╤Л╨╝╨╕ ╨╛╨┐╤Ж╨╕╨╛╨╜╨░╨╗╤М╨╜╤Л╨╝╨╕ ╨┐╨╛╨╗╤П╨╝╨╕
@qbs-autonaim/app:test: (pass) analyzeResultDataSchema > ╨┤╨╛╨╗╨╢╨╡╨╜ ╨▓╨░╨╗╨╕╨┤╨╕╤А╨╛╨▓╨░╤В╤М ╨║╨╛╤А╤А╨╡╨║╤В╨╜╤Л╨╡ ╨┤╨░╨╜╨╜╤Л╨╡
@qbs-autonaim/app:test: (pass) analyzeResultDataSchema > ╨┤╨╛╨╗╨╢╨╡╨╜ ╨╛╤В╨║╨╗╨╛╨╜╤П╤В╤М ╨┤╨░╨╜╨╜╤Л╨╡ ╨▒╨╡╨╖ total
@qbs-autonaim/app:test: (pass) resultDataSchema > ╨┤╨╛╨╗╨╢╨╡╨╜ ╨▓╨░╨╗╨╕╨┤╨╕╤А╨╛╨▓╨░╤В╤М ╤Г╤Б╨┐╨╡╤И╨╜╤Л╨╣ ╤А╨╡╨╖╤Г╨╗╤М╤В╨░╤В
@qbs-autonaim/app:test: (pass) resultDataSchema > ╨┤╨╛╨╗╨╢╨╡╨╜ ╨▓╨░╨╗╨╕╨┤╨╕╤А╨╛╨▓╨░╤В╤М ╤А╨╡╨╖╤Г╨╗╤М╤В╨░╤В ╤Б ╨╛╤И╨╕╨▒╨║╨╛╨╣
@qbs-autonaim/app:test: (pass) resultDataSchema > ╨┤╨╛╨╗╨╢╨╡╨╜ ╨╛╤В╨║╨╗╨╛╨╜╤П╤В╤М ╨┤╨░╨╜╨╜╤Л╨╡ ╨▒╨╡╨╖ newCount
@qbs-autonaim/app:test: 
@qbs-autonaim/app:test: src\components\vacancy\refresh-status-indicator\status-icon.test.tsx:
@qbs-autonaim/recruitment-assistant-extension:test: 165 |       // ╨Я╨╡╤А╨╡╨║╨╗╤О╤З╨░╨╡╨╝╤Б╤П ╨▓ ╤А╨╡╨╢╨╕╨╝ ╤А╨╡╨┤╨░╨║╤В╨╕╤А╨╛╨▓╨░╨╜╨╕╤П
@qbs-autonaim/recruitment-assistant-extension:test: 166 |       const editButton = getByLabelText("╨а╨╡╨┤╨░╨║╤В╨╕╤А╨╛╨▓╨░╤В╤М ╨╜╨░╨▓╤Л╨║╨╕");
@qbs-autonaim/recruitment-assistant-extension:test: 167 |       fireEvent.click(editButton);
@qbs-autonaim/recruitment-assistant-extension:test: 168 | 
@qbs-autonaim/recruitment-assistant-extension:test: 169 |       const results = await checkAccessibility(container);
@qbs-autonaim/recruitment-assistant-extension:test: 170 |       expect(results.violations).toHaveLength(0);
@qbs-autonaim/recruitment-assistant-extension:test:                                        ^
@qbs-autonaim/recruitment-assistant-extension:test: error: expect(received).toHaveLength(expected)
@qbs-autonaim/recruitment-assistant-extension:test: 
@qbs-autonaim/recruitment-assistant-extension:test: Expected length: 0
@qbs-autonaim/recruitment-assistant-extension:test: Received length: 1
@qbs-autonaim/recruitment-assistant-extension:test: 
@qbs-autonaim/recruitment-assistant-extension:test:       at <anonymous> (C:\Projects\kwork\selectio\apps\recruitment-assistant-extension\src\content\ui\accessibility.test.tsx:170:34)
@qbs-autonaim/recruitment-assistant-extension:test: (fail) ╨в╨╡╤Б╤В╨╕╤А╨╛╨▓╨░╨╜╨╕╨╡ ╨┤╨╛╤Б╤В╤Г╨┐╨╜╨╛╤Б╤В╨╕ UI ╨║╨╛╨╝╨┐╨╛╨╜╨╡╨╜╤В╨╛╨▓ > SkillsList > ╨╜╨╡ ╨┤╨╛╨╗╨╢╨╡╨╜ ╨╕╨╝╨╡╤В╤М ╨╜╨░╤А╤Г╤И╨╡╨╜╨╕╨╣ ╨┤╨╛╤Б╤В╤Г╨┐╨╜╨╛╤Б╤В╨╕ ╨▓ ╤А╨╡╨╢╨╕╨╝╨╡ ╤А╨╡╨┤╨░╨║╤В╨╕╤А╨╛╨▓╨░╨╜╨╕╤П [62.00ms]
@qbs-autonaim/app:test: 115 |             brackets: 0,
@qbs-autonaim/app:test: 116 |             doubleApostrophe: 0,
@qbs-autonaim/app:test: 117 |             singleApostrophe: 0
@qbs-autonaim/app:test: 118 |         };
@qbs-autonaim/app:test: 119 |         const name = this.scope.nodeType === NodeTypeEnum.documentNode ? 'Document' : 'Element';
@qbs-autonaim/app:test: 120 |         const error = new this.window.SyntaxError(`Failed to execute 'querySelectorAll' on '${name}': '${selector}' is not a valid selector.`);
@qbs-autonaim/app:test:                             ^
@qbs-autonaim/app:test: TypeError: undefined is not a constructor (evaluating 'new this.window.SyntaxError(`Failed to execute 'querySelectorAll' on '${name}': '${selector}' is not a valid selector.`)')
@qbs-autonaim/app:test:       at getSelectorGroups (C:\Projects\kwork\selectio\node_modules\happy-dom\lib\query-selector\SelectorParser.js:120:23)
@qbs-autonaim/app:test:       at querySelector (C:\Projects\kwork\selectio\node_modules\happy-dom\lib\query-selector\QuerySelector.js:130:67)
@qbs-autonaim/app:test:       at <anonymous> (C:\Projects\kwork\selectio\apps\app\src\components\vacancy\refresh-status-indicator\status-icon.test.tsx:8:28)
@qbs-autonaim/app:test: (fail) StatusIcon > ╨┤╨╛╨╗╨╢╨╡╨╜ ╨╛╤В╨╛╨▒╤А╨░╨╢╨░╤В╤М Loader2 ╨┤╨╗╤П ╤Б╤В╨░╤В╤Г╤Б╨░ started [16.00ms]
@qbs-autonaim/app:test: 115 |             brackets: 0,
@qbs-autonaim/app:test: 116 |             doubleApostrophe: 0,
@qbs-autonaim/app:test: 117 |             singleApostrophe: 0
@qbs-autonaim/app:test: 118 |         };
@qbs-autonaim/app:test: 119 |         const name = this.scope.nodeType === NodeTypeEnum.documentNode ? 'Document' : 'Element';
@qbs-autonaim/app:test: 120 |         const error = new this.window.SyntaxError(`Failed to execute 'querySelectorAll' on '${name}': '${selector}' is not a valid selector.`);
@qbs-autonaim/app:test:                             ^
@qbs-autonaim/app:test: TypeError: undefined is not a constructor (evaluating 'new this.window.SyntaxError(`Failed to execute 'querySelectorAll' on '${name}': '${selector}' is not a valid selector.`)')
@qbs-autonaim/app:test:       at getSelectorGroups (C:\Projects\kwork\selectio\node_modules\happy-dom\lib\query-selector\SelectorParser.js:120:23)
@qbs-autonaim/app:test:       at querySelector (C:\Projects\kwork\selectio\node_modules\happy-dom\lib\query-selector\QuerySelector.js:130:67)
@qbs-autonaim/app:test:       at <anonymous> (C:\Projects\kwork\selectio\apps\app\src\components\vacancy\refresh-status-indicator\status-icon.test.tsx:14:28)
@qbs-autonaim/app:test: (fail) StatusIcon > ╨┤╨╛╨╗╨╢╨╡╨╜ ╨╛╤В╨╛╨▒╤А╨░╨╢╨░╤В╤М Loader2 ╨┤╨╗╤П ╤Б╤В╨░╤В╤Г╤Б╨░ processing
@qbs-autonaim/app:test: 115 |             brackets: 0,
@qbs-autonaim/app:test: 116 |             doubleApostrophe: 0,
@qbs-autonaim/app:test: 117 |             singleApostrophe: 0
@qbs-autonaim/app:test: 118 |         };
@qbs-autonaim/app:test: 119 |         const name = this.scope.nodeType === NodeTypeEnum.documentNode ? 'Document' : 'Element';
@qbs-autonaim/app:test: 120 |         const error = new this.window.SyntaxError(`Failed to execute 'querySelectorAll' on '${name}': '${selector}' is not a valid selector.`);
@qbs-autonaim/app:test:                             ^
@qbs-autonaim/app:test: TypeError: undefined is not a constructor (evaluating 'new this.window.SyntaxError(`Failed to execute 'querySelectorAll' on '${name}': '${selector}' is not a valid selector.`)')
@qbs-autonaim/app:test:       at getSelectorGroups (C:\Projects\kwork\selectio\node_modules\happy-dom\lib\query-selector\SelectorParser.js:120:23)
@qbs-autonaim/app:test:       at querySelector (C:\Projects\kwork\selectio\node_modules\happy-dom\lib\query-selector\QuerySelector.js:130:67)
@qbs-autonaim/app:test:       at <anonymous> (C:\Projects\kwork\selectio\apps\app\src\components\vacancy\refresh-status-indicator\status-icon.test.tsx:20:28)
@qbs-autonaim/app:test: (fail) StatusIcon > ╨┤╨╛╨╗╨╢╨╡╨╜ ╨╛╤В╨╛╨▒╤А╨░╨╢╨░╤В╤М CheckCircle2 ╨┤╨╗╤П ╤Б╤В╨░╤В╤Г╤Б╨░ completed
@qbs-autonaim/app:test: 115 |             brackets: 0,
@qbs-autonaim/app:test: 116 |             doubleApostrophe: 0,
@qbs-autonaim/app:test: 117 |             singleApostrophe: 0
@qbs-autonaim/app:test: 118 |         };
@qbs-autonaim/app:test: 119 |         const name = this.scope.nodeType === NodeTypeEnum.documentNode ? 'Document' : 'Element';
@qbs-autonaim/app:test: 120 |         const error = new this.window.SyntaxError(`Failed to execute 'querySelectorAll' on '${name}': '${selector}' is not a valid selector.`);
@qbs-autonaim/app:test:                             ^
@qbs-autonaim/app:test: TypeError: undefined is not a constructor (evaluating 'new this.window.SyntaxError(`Failed to execute 'querySelectorAll' on '${name}': '${selector}' is not a valid selector.`)')
@qbs-autonaim/app:test:       at getSelectorGroups (C:\Projects\kwork\selectio\node_modules\happy-dom\lib\query-selector\SelectorParser.js:120:23)
@qbs-autonaim/app:test:       at querySelector (C:\Projects\kwork\selectio\node_modules\happy-dom\lib\query-selector\QuerySelector.js:130:67)
@qbs-autonaim/app:test:       at <anonymous> (C:\Projects\kwork\selectio\apps\app\src\components\vacancy\refresh-status-indicator\status-icon.test.tsx:26:28)
@qbs-autonaim/app:test: (fail) StatusIcon > ╨┤╨╛╨╗╨╢╨╡╨╜ ╨╛╤В╨╛╨▒╤А╨░╨╢╨░╤В╤М XCircle ╨┤╨╗╤П ╤Б╤В╨░╤В╤Г╤Б╨░ error
@qbs-autonaim/app:test: 115 |             brackets: 0,
@qbs-autonaim/app:test: 116 |             doubleApostrophe: 0,
@qbs-autonaim/app:test: 117 |             singleApostrophe: 0
@qbs-autonaim/app:test: 118 |         };
@qbs-autonaim/app:test: 119 |         const name = this.scope.nodeType === NodeTypeEnum.documentNode ? 'Document' : 'Element';
@qbs-autonaim/app:test: 120 |         const error = new this.window.SyntaxError(`Failed to execute 'querySelectorAll' on '${name}': '${selector}' is not a valid selector.`);
@qbs-autonaim/app:test:                             ^
@qbs-autonaim/app:test: TypeError: undefined is not a constructor (evaluating 'new this.window.SyntaxError(`Failed to execute 'querySelectorAll' on '${name}': '${selector}' is not a valid selector.`)')
@qbs-autonaim/app:test:       at getSelectorGroups (C:\Projects\kwork\selectio\node_modules\happy-dom\lib\query-selector\SelectorParser.js:120:23)
@qbs-autonaim/app:test:       at querySelector (C:\Projects\kwork\selectio\node_modules\happy-dom\lib\query-selector\QuerySelector.js:130:67)
@qbs-autonaim/app:test:       at <anonymous> (C:\Projects\kwork\selectio\apps\app\src\components\vacancy\refresh-status-indicator\status-icon.test.tsx:32:28)
@qbs-autonaim/app:test: (fail) StatusIcon > ╨┤╨╛╨╗╨╢╨╡╨╜ ╨╛╤В╨╛╨▒╤А╨░╨╢╨░╤В╤М Loader2 ╨║╨╛╨│╨┤╨░ ╤Б╤В╨░╤В╤Г╤Б ╨╜╨╡ ╨┐╨╡╤А╨╡╨┤╨░╨╜
@qbs-autonaim/app:test: (pass) StatusIcon > ╨┤╨╛╨╗╨╢╨╡╨╜ ╨╕╨╝╨╡╤В╤М ╨┐╤А╨░╨▓╨╕╨╗╤М╨╜╤Л╨╡ ╨║╨╗╨░╤Б╤Б╤Л ╨┤╨╗╤П ╤Б╤В╨░╤В╤Г╤Б╨░ started
@qbs-autonaim/app:test: (pass) StatusIcon > ╨┤╨╛╨╗╨╢╨╡╨╜ ╨╕╨╝╨╡╤В╤М ╨┐╤А╨░╨▓╨╕╨╗╤М╨╜╤Л╨╡ ╨║╨╗╨░╤Б╤Б╤Л ╨┤╨╗╤П ╤Б╤В╨░╤В╤Г╤Б╨░ processing
@qbs-autonaim/app:test: (pass) StatusIcon > ╨┤╨╛╨╗╨╢╨╡╨╜ ╨╕╨╝╨╡╤В╤М ╨┐╤А╨░╨▓╨╕╨╗╤М╨╜╤Л╨╡ ╨║╨╗╨░╤Б╤Б╤Л ╨┤╨╗╤П ╤Б╤В╨░╤В╤Г╤Б╨░ completed
@qbs-autonaim/app:test: (pass) StatusIcon > ╨┤╨╛╨╗╨╢╨╡╨╜ ╨╕╨╝╨╡╤В╤М ╨┐╤А╨░╨▓╨╕╨╗╤М╨╜╤Л╨╡ ╨║╨╗╨░╤Б╤Б╤Л ╨┤╨╗╤П ╤Б╤В╨░╤В╤Г╤Б╨░ error
@qbs-autonaim/app:test: (pass) StatusIcon > ╨┤╨╛╨╗╨╢╨╡╨╜ ╨╕╨╝╨╡╤В╤М aria-hidden=true
@qbs-autonaim/app:test: 
@qbs-autonaim/app:test: src\components\vacancy\refresh-status-indicator\subscription-handlers.test.ts:
@qbs-autonaim/app:test: (pass) handleArchivedProgress > ╨┤╨╛╨╗╨╢╨╡╨╜ ╨▓╤Л╨╖╤Л╨▓╨░╤В╤М setArchivedStatus ╤Б ╨┤╨░╨╜╨╜╤Л╨╝╨╕ ╨┐╤А╨╛╨│╤А╨╡╤Б╤Б╨░
@qbs-autonaim/app:test: (pass) handleArchivedProgress > ╨┤╨╛╨╗╨╢╨╡╨╜ ╨▓╤Л╨╖╤Л╨▓╨░╤В╤М setAutoCloseTimer ╨┤╨╗╤П ╨╛╤З╨╕╤Б╤В╨║╨╕ ╤В╨░╨╣╨╝╨╡╤А╨░
@qbs-autonaim/app:test: ╨Ю╤И╨╕╨▒╨║╨░ ╨▓╨░╨╗╨╕╨┤╨░╤Ж╨╕╨╕ archived status data: 34 |     class Definition extends Parent {
@qbs-autonaim/app:test: 35 |     }
@qbs-autonaim/app:test: 36 |     Object.defineProperty(Definition, "name", { value: name });
@qbs-autonaim/app:test: 37 |     function _(def) {
@qbs-autonaim/app:test: 38 |         var _a;
@qbs-autonaim/app:test: 39 |         const inst = params?.Parent ? new Definition() : this;
@qbs-autonaim/app:test:                                            ^
@qbs-autonaim/app:test: ZodError: [
@qbs-autonaim/app:test:   {
@qbs-autonaim/app:test:     "code": "invalid_value",
@qbs-autonaim/app:test:     "values": [
@qbs-autonaim/app:test:       "started",
@qbs-autonaim/app:test:       "processing",
@qbs-autonaim/app:test:       "completed",
@qbs-autonaim/app:test:       "error"
@qbs-autonaim/app:test:     ],
@qbs-autonaim/app:test:     "path": [
@qbs-autonaim/app:test:       "status"
@qbs-autonaim/app:test:     ],
@qbs-autonaim/app:test:     "message": "Invalid option: expected one of \"started\"|\"processing\"|\"completed\"|\"error\""
@qbs-autonaim/app:test:   }
@qbs-autonaim/app:test: ]
@qbs-autonaim/app:test:       at new ZodError (C:\Projects\kwork\selectio\node_modules\zod\v4\core\core.js:39:39)
@qbs-autonaim/app:test:       at <anonymous> (C:\Projects\kwork\selectio\node_modules\zod\v4\core\parse.js:40:20)
@qbs-autonaim/app:test:       at handleArchivedProgress (C:\Projects\kwork\selectio\apps\app\src\components\vacancy\refresh-status-indicator\subscription-handlers.ts:68:48)
@qbs-autonaim/app:test:       at <anonymous> (C:\Projects\kwork\selectio\apps\app\src\components\vacancy\refresh-status-indicator\subscription-handlers.test.ts:115:5)
@qbs-autonaim/app:test: 
@qbs-autonaim/app:test: (pass) handleArchivedProgress > ╨╜╨╡ ╨┤╨╛╨╗╨╢╨╡╨╜ ╨▓╤Л╨╖╤Л╨▓╨░╤В╤М setArchivedStatus ╨┐╤А╨╕ ╨╜╨╡╨▓╨░╨╗╨╕╨┤╨╜╤Л╤Е ╨┤╨░╨╜╨╜╤Л╤Е
@qbs-autonaim/app:test: (pass) handleArchivedProgress > ╨╜╨╡ ╨┤╨╛╨╗╨╢╨╡╨╜ ╨╕╨╜╨▓╨░╨╗╨╕╨┤╨╕╤А╨╛╨▓╨░╤В╤М vacancy.responses.list ╨┐╤А╨╕ ╨║╨░╨╢╨┤╨╛╨╝ progress тАФ ╤В╨╛╨╗╤М╨║╨╛ ╨┐╤А╨╕ result
@qbs-autonaim/app:test: (pass) handleArchivedResult > ╨┤╨╛╨╗╨╢╨╡╨╜ ╨▓╤Л╨╖╤Л╨▓╨░╤В╤М setArchivedStatus ╤Б completed ╨╕ ╨╕╨╜╨▓╨░╨╗╨╕╨┤╨╕╤А╨╛╨▓╨░╤В╤М ╨║╤Н╤И
@qbs-autonaim/app:test: (pass) handleArchivedResult > ╨┤╨╛╨╗╨╢╨╡╨╜ ╨▓╤Л╨╖╤Л╨▓╨░╤В╤М setAutoCloseTimer ╨┤╨╗╤П ╨╖╨░╨║╤А╤Л╤В╨╕╤П ╤З╨╡╤А╨╡╨╖ 3 ╤Б╨╡╨║╤Г╨╜╨┤╤Л
@qbs-autonaim/app:test: ╨Ю╤И╨╕╨▒╨║╨░ ╨▓╨░╨╗╨╕╨┤╨░╤Ж╨╕╨╕ archived result data: 34 |     class Definition extends Parent {
@qbs-autonaim/app:test: 35 |     }
@qbs-autonaim/app:test: 36 |     Object.defineProperty(Definition, "name", { value: name });
@qbs-autonaim/app:test: 37 |     function _(def) {
@qbs-autonaim/app:test: 38 |         var _a;
@qbs-autonaim/app:test: 39 |         const inst = params?.Parent ? new Definition() : this;
@qbs-autonaim/app:test:                                            ^
@qbs-autonaim/app:test: ZodError: [
@qbs-autonaim/app:test:   {
@qbs-autonaim/app:test:     "expected": "boolean",
@qbs-autonaim/app:test:     "code": "invalid_type",
@qbs-autonaim/app:test:     "path": [
@qbs-autonaim/app:test:       "success"
@qbs-autonaim/app:test:     ],
@qbs-autonaim/app:test:     "message": "Invalid input: expected boolean, received undefined"
@qbs-autonaim/app:test:   },
@qbs-autonaim/app:test:   {
@qbs-autonaim/app:test:     "expected": "number",
@qbs-autonaim/app:test:     "code": "invalid_type",
@qbs-autonaim/app:test:     "path": [
@qbs-autonaim/app:test:       "syncedResponses"
@qbs-autonaim/app:test:     ],
@qbs-autonaim/app:test:     "message": "Invalid input: expected number, received undefined"
@qbs-autonaim/app:test:   },
@qbs-autonaim/app:test:   {
@qbs-autonaim/app:test:     "expected": "number",
@qbs-autonaim/app:test:     "code": "invalid_type",
@qbs-autonaim/app:test:     "path": [
@qbs-autonaim/app:test:       "newResponses"
@qbs-autonaim/app:test:     ],
@qbs-autonaim/app:test:     "message": "Invalid input: expected number, received undefined"
@qbs-autonaim/app:test:   },
@qbs-autonaim/app:test:   {
@qbs-autonaim/app:test:     "expected": "string",
@qbs-autonaim/app:test:     "code": "invalid_type",
@qbs-autonaim/app:test:     "path": [
@qbs-autonaim/app:test:       "vacancyTitle"
@qbs-autonaim/app:test:     ],
@qbs-autonaim/app:test:     "message": "Invalid input: expected string, received undefined"
@qbs-autonaim/app:test:   }
@qbs-autonaim/app:test: ]
@qbs-autonaim/app:test:       at new ZodError (C:\Projects\kwork\selectio\node_modules\zod\v4\core\core.js:39:39)
@qbs-autonaim/app:test:       at <anonymous> (C:\Projects\kwork\selectio\node_modules\zod\v4\core\parse.js:40:20)
@qbs-autonaim/app:test:       at handleArchivedResult (C:\Projects\kwork\selectio\apps\app\src\components\vacancy\refresh-status-indicator\subscription-handlers.ts:116:48)
@qbs-autonaim/app:test:       at <anonymous> (C:\Projects\kwork\selectio\apps\app\src\components\vacancy\refresh-status-indicator\subscription-handlers.test.ts:215:5)
@qbs-autonaim/app:test: 
@qbs-autonaim/app:test: (pass) handleArchivedResult > ╨╜╨╡ ╨┤╨╛╨╗╨╢╨╡╨╜ ╨▓╤Л╨╖╤Л╨▓╨░╤В╤М setArchivedStatus ╨┐╤А╨╕ ╨╜╨╡╨▓╨░╨╗╨╕╨┤╨╜╤Л╤Е ╨┤╨░╨╜╨╜╤Л╤Е
@qbs-autonaim/app:test: (pass) handleRefreshProgress (refresh + screening) > ╨┤╨╛╨╗╨╢╨╡╨╜ ╨▓╤Л╨╖╤Л╨▓╨░╤В╤М setCurrentProgress ╤Б ╨┤╨░╨╜╨╜╤Л╨╝╨╕ ╨┐╤А╨╛╨│╤А╨╡╤Б╤Б╨░
@qbs-autonaim/app:test: (pass) handleRefreshProgress (refresh + screening) > ╨╜╨╡ ╨┤╨╛╨╗╨╢╨╡╨╜ ╨╕╨╜╨▓╨░╨╗╨╕╨┤╨╕╤А╨╛╨▓╨░╤В╤М vacancy.responses.list ╨┐╤А╨╕ ╨║╨░╨╢╨┤╨╛╨╝ progress тАФ ╤В╨╛╨╗╤М╨║╨╛ ╨┐╤А╨╕ result
@qbs-autonaim/app:test: (pass) handleRefreshResult > ╨┤╨╛╨╗╨╢╨╡╨╜ ╨▓╤Л╨╖╤Л╨▓╨░╤В╤М setCurrentResult ╨╕ ╨╕╨╜╨▓╨░╨╗╨╕╨┤╨╕╤А╨╛╨▓╨░╤В╤М ╨║╤Н╤И
@qbs-autonaim/app:test: 
@qbs-autonaim/app:test: src\components\vacancy\refresh-status-indicator\use-refresh-visibility.test.ts:
@qbs-autonaim/app:test: (pass) hasData > ╨┤╨╛╨╗╨╢╨╡╨╜ ╨▓╨╛╨╖╨▓╤А╨░╤Й╨░╤В╤М false ╨║╨╛╨│╨┤╨░ ╨╜╨╡╤В ╨┤╨░╨╜╨╜╤Л╤Е
@qbs-autonaim/app:test: (pass) hasData > ╨┤╨╛╨╗╨╢╨╡╨╜ ╨▓╨╛╨╖╨▓╤А╨░╤Й╨░╤В╤М true ╨║╨╛╨│╨┤╨░ ╨╡╤Б╤В╤М currentProgress
@qbs-autonaim/app:test: (pass) hasData > ╨┤╨╛╨╗╨╢╨╡╨╜ ╨▓╨╛╨╖╨▓╤А╨░╤Й╨░╤В╤М true ╨║╨╛╨│╨┤╨░ ╨╡╤Б╤В╤М currentResult
@qbs-autonaim/app:test: (pass) hasData > ╨┤╨╛╨╗╨╢╨╡╨╜ ╨▓╨╛╨╖╨▓╤А╨░╤Й╨░╤В╤М true ╨║╨╛╨│╨┤╨░ ╨╡╤Б╤В╤М archivedStatus
@qbs-autonaim/app:test: (pass) hasData > ╨┤╨╛╨╗╨╢╨╡╨╜ ╨▓╨╛╨╖╨▓╤А╨░╤Й╨░╤В╤М true ╨║╨╛╨│╨┤╨░ ╨╡╤Б╤В╤М analyzeProgress
@qbs-autonaim/app:test: (pass) hasData > ╨┤╨╛╨╗╨╢╨╡╨╜ ╨▓╨╛╨╖╨▓╤А╨░╤Й╨░╤В╤М true ╨║╨╛╨│╨┤╨░ ╨╡╤Б╤В╤М analyzeCompleted
@qbs-autonaim/app:test: (pass) hasData > ╨┤╨╛╨╗╨╢╨╡╨╜ ╨▓╨╛╨╖╨▓╤А╨░╤Й╨░╤В╤М true ╨║╨╛╨│╨┤╨░ ╨╡╤Б╤В╤М externalMessage
@qbs-autonaim/app:test: (pass) hasData > ╨┤╨╛╨╗╨╢╨╡╨╜ ╨▓╨╛╨╖╨▓╤А╨░╤Й╨░╤В╤М true ╨║╨╛╨│╨┤╨░ ╨╡╤Б╤В╤М externalProgress
@qbs-autonaim/app:test: (pass) hasData > ╨┤╨╛╨╗╨╢╨╡╨╜ ╨▓╨╛╨╖╨▓╤А╨░╤Й╨░╤В╤М false ╨┤╨╗╤П ╨┐╤Г╤Б╤В╨╛╨╣ ╤Б╤В╤А╨╛╨║╨╕ externalMessage
@qbs-autonaim/app:test: (pass) hasData > ╨┤╨╛╨╗╨╢╨╡╨╜ ╨▓╨╛╨╖╨▓╤А╨░╤Й╨░╤В╤М false ╨┤╨╗╤П null externalMessage
@qbs-autonaim/app:test: (pass) hasData > ╨┤╨╛╨╗╨╢╨╡╨╜ ╨▓╨╛╨╖╨▓╤А╨░╤Й╨░╤В╤М false ╨┤╨╗╤П null externalProgress
@qbs-autonaim/app:test: 
@qbs-autonaim/app:test: src\components\layout\components\client-layout\client-layout.test.tsx:
@qbs-autonaim/recruitment-assistant-extension:test: 182 |       const { container } = render(
@qbs-autonaim/recruitment-assistant-extension:test: 183 |         <ContactInfo contacts={mockContacts} onEdit={vi.fn()} />,
@qbs-autonaim/recruitment-assistant-extension:test: 184 |       );
@qbs-autonaim/recruitment-assistant-extension:test: 185 | 
@qbs-autonaim/recruitment-assistant-extension:test: 186 |       const results = await checkAccessibility(container);
@qbs-autonaim/recruitment-assistant-extension:test: 187 |       expect(results.violations).toHaveLength(0);
@qbs-autonaim/recruitment-assistant-extension:test:                                        ^
@qbs-autonaim/recruitment-assistant-extension:test: error: expect(received).toHaveLength(expected)
@qbs-autonaim/recruitment-assistant-extension:test: 
@qbs-autonaim/recruitment-assistant-extension:test: Expected length: 0
@qbs-autonaim/recruitment-assistant-extension:test: Received length: 1
@qbs-autonaim/recruitment-assistant-extension:test: 
@qbs-autonaim/recruitment-assistant-extension:test:       at <anonymous> (C:\Projects\kwork\selectio\apps\recruitment-assistant-extension\src\content\ui\accessibility.test.tsx:187:34)
@qbs-autonaim/recruitment-assistant-extension:test: (fail) ╨в╨╡╤Б╤В╨╕╤А╨╛╨▓╨░╨╜╨╕╨╡ ╨┤╨╛╤Б╤В╤Г╨┐╨╜╨╛╤Б╤В╨╕ UI ╨║╨╛╨╝╨┐╨╛╨╜╨╡╨╜╤В╨╛╨▓ > ContactInfo > ╨╜╨╡ ╨┤╨╛╨╗╨╢╨╡╨╜ ╨╕╨╝╨╡╤В╤М ╨╜╨░╤А╤Г╤И╨╡╨╜╨╕╨╣ ╨┤╨╛╤Б╤В╤Г╨┐╨╜╨╛╤Б╤В╨╕ [94.00ms]
@qbs-autonaim/app:test: ENOENT: no such file or directory, open 'apps/app/src/components/layout/components/client-layout/client-layout.tsx'
@qbs-autonaim/app:test:     path: "apps/app/src/components/layout/components/client-layout/client-layout.tsx",
@qbs-autonaim/app:test:  syscall: "open",
@qbs-autonaim/app:test:    errno: -2,
@qbs-autonaim/app:test:     code: "ENOENT"
@qbs-autonaim/app:test: 
@qbs-autonaim/app:test: (fail) ClientLayout - ╨б╤В╤А╤Г╨║╤В╤Г╤А╨░ ╨┐╤А╨╛╨▓╨░╨╣╨┤╨╡╤А╨╛╨▓ > ╨┤╨╛╨╗╨╢╨╡╨╜ ╤Б╨╛╨┤╨╡╤А╨╢╨░╤В╤М TRPCReactProvider ╨╕ ORPCReactProvider
@qbs-autonaim/app:test: ENOENT: no such file or directory, open 'apps/app/src/components/layout/components/client-layout/client-layout.tsx'
@qbs-autonaim/app:test:     path: "apps/app/src/components/layout/components/client-layout/client-layout.tsx",
@qbs-autonaim/app:test:  syscall: "open",
@qbs-autonaim/app:test:    errno: -2,
@qbs-autonaim/app:test:     code: "ENOENT"
@qbs-autonaim/app:test: 
@qbs-autonaim/app:test: (fail) ClientLayout - ╨б╤В╤А╤Г╨║╤В╤Г╤А╨░ ╨┐╤А╨╛╨▓╨░╨╣╨┤╨╡╤А╨╛╨▓ > ╨┤╨╛╨╗╨╢╨╡╨╜ ╨▓╨║╨╗╨░╨┤╤Л╨▓╨░╤В╤М ╨┐╤А╨╛╨▓╨░╨╣╨┤╨╡╤А╤Л ╨▓ ╨┐╤А╨░╨▓╨╕╨╗╤М╨╜╨╛╨╝ ╨┐╨╛╤А╤П╨┤╨║╨╡
@qbs-autonaim/app:test: ENOENT: no such file or directory, open 'apps/app/src/components/layout/components/client-layout/client-layout.tsx'
@qbs-autonaim/app:test:     path: "apps/app/src/components/layout/components/client-layout/client-layout.tsx",
@qbs-autonaim/app:test:  syscall: "open",
@qbs-autonaim/app:test:    errno: -2,
@qbs-autonaim/app:test:     code: "ENOENT"
@qbs-autonaim/app:test: 
@qbs-autonaim/app:test: (fail) ClientLayout - ╨б╤В╤А╤Г╨║╤В╤Г╤А╨░ ╨┐╤А╨╛╨▓╨░╨╣╨┤╨╡╤А╨╛╨▓ > ╨┤╨╛╨╗╨╢╨╡╨╜ ╨▒╤Л╤В╤М ╨║╨╗╨╕╨╡╨╜╤В╤Б╨║╨╕╨╝ ╨║╨╛╨╝╨┐╨╛╨╜╨╡╨╜╤В╨╛╨╝
@qbs-autonaim/app:test: ENOENT: no such file or directory, open 'apps/app/src/components/layout/components/client-layout/client-layout.tsx'
@qbs-autonaim/app:test:     path: "apps/app/src/components/layout/components/client-layout/client-layout.tsx",
@qbs-autonaim/app:test:  syscall: "open",
@qbs-autonaim/app:test:    errno: -2,
@qbs-autonaim/app:test:     code: "ENOENT"
@qbs-autonaim/app:test: 
@qbs-autonaim/app:test: (fail) ClientLayout - ╨б╤В╤А╤Г╨║╤В╤Г╤А╨░ ╨┐╤А╨╛╨▓╨░╨╣╨┤╨╡╤А╨╛╨▓ > ╨┤╨╛╨╗╨╢╨╡╨╜ ╤Б╨╛╨┤╨╡╤А╨╢╨░╤В╤М ErrorBoundary ╨┤╨╗╤П ╨╛╨▒╤А╨░╨▒╨╛╤В╨║╨╕ ╨╛╤И╨╕╨▒╨╛╨║
@qbs-autonaim/app:test: ENOENT: no such file or directory, open 'apps/app/src/components/layout/components/client-layout/client-layout.tsx'
@qbs-autonaim/app:test:     path: "apps/app/src/components/layout/components/client-layout/client-layout.tsx",
@qbs-autonaim/app:test:  syscall: "open",
@qbs-autonaim/app:test:    errno: -2,
@qbs-autonaim/app:test:     code: "ENOENT"
@qbs-autonaim/app:test: 
@qbs-autonaim/app:test: (fail) ClientLayout - ╨б╤В╤А╤Г╨║╤В╤Г╤А╨░ ╨┐╤А╨╛╨▓╨░╨╣╨┤╨╡╤А╨╛╨▓ > ╨┤╨╛╨╗╨╢╨╡╨╜ ╤Б╨╛╨┤╨╡╤А╨╢╨░╤В╤М ThemeProvider
@qbs-autonaim/app:test: ENOENT: no such file or directory, open 'apps/app/src/components/layout/components/client-layout/client-layout.tsx'
@qbs-autonaim/app:test:     path: "apps/app/src/components/layout/components/client-layout/client-layout.tsx",
@qbs-autonaim/app:test:  syscall: "open",
@qbs-autonaim/app:test:    errno: -2,
@qbs-autonaim/app:test:     code: "ENOENT"
@qbs-autonaim/app:test: 
@qbs-autonaim/app:test: (fail) ClientLayout - ╨а╨╡╨╜╨┤╨╡╤А╨╕╨╜╨│ > ╨┤╨╛╨╗╨╢╨╡╨╜ ╨┐╤А╨╕╨╜╨╕╨╝╨░╤В╤М children prop
@qbs-autonaim/app:test: ENOENT: no such file or directory, open 'apps/app/src/components/layout/components/client-layout/client-layout.tsx'
@qbs-autonaim/app:test:     path: "apps/app/src/components/layout/components/client-layout/client-layout.tsx",
@qbs-autonaim/app:test:  syscall: "open",
@qbs-autonaim/app:test:    errno: -2,
@qbs-autonaim/app:test:     code: "ENOENT"
@qbs-autonaim/app:test: 
@qbs-autonaim/app:test: (fail) ClientLayout - ╨а╨╡╨╜╨┤╨╡╤А╨╕╨╜╨│ > ╨┤╨╛╨╗╨╢╨╡╨╜ ╨┐╨╡╤А╨╡╨┤╨░╨▓╨░╤В╤М children ╤З╨╡╤А╨╡╨╖ ╨▓╤Б╨╡ ╨┐╤А╨╛╨▓╨░╨╣╨┤╨╡╤А╤Л
@qbs-autonaim/app:test: ENOENT: no such file or directory, open 'apps/app/src/components/layout/components/client-layout/client-layout.tsx'
@qbs-autonaim/app:test:     path: "apps/app/src/components/layout/components/client-layout/client-layout.tsx",
@qbs-autonaim/app:test:  syscall: "open",
@qbs-autonaim/app:test:    errno: -2,
@qbs-autonaim/app:test:     code: "ENOENT"
@qbs-autonaim/app:test: 
@qbs-autonaim/app:test: (fail) ClientLayout - ╨Ш╨╜╤В╨╡╨│╤А╨░╤Ж╨╕╤П ╨┐╤А╨╛╨▓╨░╨╣╨┤╨╡╤А╨╛╨▓ > ╨┤╨╛╨╗╨╢╨╡╨╜ ╨┐╨╛╨╖╨▓╨╛╨╗╤П╤В╤М ╨╕╤Б╨┐╨╛╨╗╤М╨╖╨╛╨▓╨░╤В╤М ╨╛╨▒╨░ ╨┐╤А╨╛╨▓╨░╨╣╨┤╨╡╤А╨░ ╨╛╨┤╨╜╨╛╨▓╤А╨╡╨╝╨╡╨╜╨╜╨╛
@qbs-autonaim/app:test: ENOENT: no such file or directory, open 'apps/app/src/trpc/react.tsx'
@qbs-autonaim/app:test:     path: "apps/app/src/trpc/react.tsx",
@qbs-autonaim/app:test:  syscall: "open",
@qbs-autonaim/app:test:    errno: -2,
@qbs-autonaim/app:test:     code: "ENOENT"
@qbs-autonaim/app:test: 
@qbs-autonaim/app:test: (fail) ClientLayout - ╨Ш╨╜╤В╨╡╨│╤А╨░╤Ж╨╕╤П ╨┐╤А╨╛╨▓╨░╨╣╨┤╨╡╤А╨╛╨▓ > ╨┤╨╛╨╗╨╢╨╡╨╜ ╨╕╤Б╨┐╨╛╨╗╤М╨╖╨╛╨▓╨░╤В╤М ╨╛╨┤╨╕╨╜ QueryClient ╨┤╨╗╤П ╨╛╨▒╨╛╨╕╤Е ╨┐╤А╨╛╨▓╨░╨╣╨┤╨╡╤А╨╛╨▓
@qbs-autonaim/app:test: ENOENT: no such file or directory, open 'apps/app/src/trpc/react.tsx'
@qbs-autonaim/app:test:     path: "apps/app/src/trpc/react.tsx",
@qbs-autonaim/app:test:  syscall: "open",
@qbs-autonaim/app:test:    errno: -2,
@qbs-autonaim/app:test:     code: "ENOENT"
@qbs-autonaim/app:test: 
@qbs-autonaim/app:test: (fail) ClientLayout - ╨Ъ╨╛╨╜╤Д╨╕╨│╤Г╤А╨░╤Ж╨╕╤П ╨┐╤А╨╛╨▓╨░╨╣╨┤╨╡╤А╨╛╨▓ > ╨┤╨╛╨╗╨╢╨╡╨╜ ╨╕╨╝╨┐╨╛╤А╤В╨╕╤А╨╛╨▓╨░╤В╤М ╨┐╤А╨░╨▓╨╕╨╗╤М╨╜╤Л╨╡ ╤В╨╕╨┐╤Л ╨┤╨╗╤П tRPC
@qbs-autonaim/app:test: ENOENT: no such file or directory, open 'apps/app/src/orpc/react.tsx'
@qbs-autonaim/app:test:     path: "apps/app/src/orpc/react.tsx",
@qbs-autonaim/app:test:  syscall: "open",
@qbs-autonaim/app:test:    errno: -2,
@qbs-autonaim/app:test:     code: "ENOENT"
@qbs-autonaim/app:test: 
@qbs-autonaim/app:test: (fail) ClientLayout - ╨Ъ╨╛╨╜╤Д╨╕╨│╤Г╤А╨░╤Ж╨╕╤П ╨┐╤А╨╛╨▓╨░╨╣╨┤╨╡╤А╨╛╨▓ > ╨┤╨╛╨╗╨╢╨╡╨╜ ╨╕╨╝╨┐╨╛╤А╤В╨╕╤А╨╛╨▓╨░╤В╤М ╨┐╤А╨░╨▓╨╕╨╗╤М╨╜╤Л╨╡ ╤В╨╕╨┐╤Л ╨┤╨╗╤П oRPC
@qbs-autonaim/app:test: ENOENT: no such file or directory, open 'apps/app/src/trpc/react.tsx'
@qbs-autonaim/app:test:     path: "apps/app/src/trpc/react.tsx",
@qbs-autonaim/app:test:  syscall: "open",
@qbs-autonaim/app:test:    errno: -2,
@qbs-autonaim/app:test:     code: "ENOENT"
@qbs-autonaim/app:test: 
@qbs-autonaim/app:test: (fail) ClientLayout - ╨Ъ╨╛╨╜╤Д╨╕╨│╤Г╤А╨░╤Ж╨╕╤П ╨┐╤А╨╛╨▓╨░╨╣╨┤╨╡╤А╨╛╨▓ > ╨┤╨╛╨╗╨╢╨╡╨╜ ╨╕╤Б╨┐╨╛╨╗╤М╨╖╨╛╨▓╨░╤В╤М SuperJSON ╨▓ ╨╛╨▒╨╛╨╕╤Е ╨┐╤А╨╛╨▓╨░╨╣╨┤╨╡╤А╨░╤Е
@qbs-autonaim/app:test: ENOENT: no such file or directory, open 'apps/app/src/trpc/react.tsx'
@qbs-autonaim/app:test:     path: "apps/app/src/trpc/react.tsx",
@qbs-autonaim/app:test:  syscall: "open",
@qbs-autonaim/app:test:    errno: -2,
@qbs-autonaim/app:test:     code: "ENOENT"
@qbs-autonaim/app:test: 
@qbs-autonaim/app:test: (fail) ClientLayout - ╨Ъ╨╛╨╜╤Д╨╕╨│╤Г╤А╨░╤Ж╨╕╤П ╨┐╤А╨╛╨▓╨░╨╣╨┤╨╡╤А╨╛╨▓ > ╨┤╨╛╨╗╨╢╨╡╨╜ ╨╕╤Б╨┐╨╛╨╗╤М╨╖╨╛╨▓╨░╤В╤М httpBatchStreamLink ╨▓ ╨╛╨▒╨╛╨╕╤Е ╨┐╤А╨╛╨▓╨░╨╣╨┤╨╡╤А╨░╤Е
@qbs-autonaim/app:test: ENOENT: no such file or directory, open 'apps/app/src/trpc/react.tsx'
@qbs-autonaim/app:test:     path: "apps/app/src/trpc/react.tsx",
@qbs-autonaim/app:test:  syscall: "open",
@qbs-autonaim/app:test:    errno: -2,
@qbs-autonaim/app:test:     code: "ENOENT"
@qbs-autonaim/app:test: 
@qbs-autonaim/app:test: (fail) ClientLayout - ╨Ъ╨╛╨╜╤Д╨╕╨│╤Г╤А╨░╤Ж╨╕╤П ╨┐╤А╨╛╨▓╨░╨╣╨┤╨╡╤А╨╛╨▓ > ╨┤╨╛╨╗╨╢╨╡╨╜ ╨╕╤Б╨┐╨╛╨╗╤М╨╖╨╛╨▓╨░╤В╤М ╤А╨░╨╖╨╜╤Л╨╡ API endpoints
@qbs-autonaim/app:test: ENOENT: no such file or directory, open 'apps/app/src/trpc/react.tsx'
@qbs-autonaim/app:test:     path: "apps/app/src/trpc/react.tsx",
@qbs-autonaim/app:test:  syscall: "open",
@qbs-autonaim/app:test:    errno: -2,
@qbs-autonaim/app:test:     code: "ENOENT"
@qbs-autonaim/app:test: 
@qbs-autonaim/app:test: (fail) ClientLayout - ╨Ъ╨╛╨╜╤Д╨╕╨│╤Г╤А╨░╤Ж╨╕╤П ╨┐╤А╨╛╨▓╨░╨╣╨┤╨╡╤А╨╛╨▓ > ╨┤╨╛╨╗╨╢╨╡╨╜ ╨╕╤Б╨┐╨╛╨╗╤М╨╖╨╛╨▓╨░╤В╤М ╤А╨░╨╖╨╜╤Л╨╡ source headers
@qbs-autonaim/app:test: ENOENT: no such file or directory, open 'apps/app/src/orpc/react.tsx'
@qbs-autonaim/app:test:     path: "apps/app/src/orpc/react.tsx",
@qbs-autonaim/app:test:  syscall: "open",
@qbs-autonaim/app:test:    errno: -2,
@qbs-autonaim/app:test:     code: "ENOENT"
@qbs-autonaim/app:test: 
@qbs-autonaim/app:test: (fail) ClientLayout - ╨е╤Г╨║╨╕ ╨┐╤А╨╛╨▓╨░╨╣╨┤╨╡╤А╨╛╨▓ > ╨┤╨╛╨╗╨╢╨╡╨╜ ╤Н╨║╤Б╨┐╨╛╤А╤В╨╕╤А╨╛╨▓╨░╤В╤М useORPC ╤Е╤Г╨║
@qbs-autonaim/app:test: ENOENT: no such file or directory, open 'apps/app/src/trpc/react.tsx'
@qbs-autonaim/app:test:     path: "apps/app/src/trpc/react.tsx",
@qbs-autonaim/app:test:  syscall: "open",
@qbs-autonaim/app:test:    errno: -2,
@qbs-autonaim/app:test:     code: "ENOENT"
@qbs-autonaim/app:test: 
@qbs-autonaim/app:test: (fail) ClientLayout - ╨е╤Г╨║╨╕ ╨┐╤А╨╛╨▓╨░╨╣╨┤╨╡╤А╨╛╨▓ > ╨┤╨╛╨╗╨╢╨╡╨╜ ╤Н╨║╤Б╨┐╨╛╤А╤В╨╕╤А╨╛╨▓╨░╤В╤М useORPC ╤Е╤Г╨║
@qbs-autonaim/app:test: ENOENT: no such file or directory, open 'apps/app/src/orpc/react.tsx'
@qbs-autonaim/app:test:     path: "apps/app/src/orpc/react.tsx",
@qbs-autonaim/app:test:  syscall: "open",
@qbs-autonaim/app:test:    errno: -2,
@qbs-autonaim/app:test:     code: "ENOENT"
@qbs-autonaim/app:test: 
@qbs-autonaim/app:test: (fail) ClientLayout - ╨е╤Г╨║╨╕ ╨┐╤А╨╛╨▓╨░╨╣╨┤╨╡╤А╨╛╨▓ > ╨┤╨╛╨╗╨╢╨╡╨╜ ╤Н╨║╤Б╨┐╨╛╤А╤В╨╕╤А╨╛╨▓╨░╤В╤М useORPCClient ╤Е╤Г╨║
@qbs-autonaim/app:test: ENOENT: no such file or directory, open 'apps/app/src/trpc/react.tsx'
@qbs-autonaim/app:test:     path: "apps/app/src/trpc/react.tsx",
@qbs-autonaim/app:test:  syscall: "open",
@qbs-autonaim/app:test:    errno: -2,
@qbs-autonaim/app:test:     code: "ENOENT"
@qbs-autonaim/app:test: 
@qbs-autonaim/app:test: (fail) ClientLayout - ╨е╤Г╨║╨╕ ╨┐╤А╨╛╨▓╨░╨╣╨┤╨╡╤А╨╛╨▓ > ╨┤╨╛╨╗╨╢╨╡╨╜ ╤Н╨║╤Б╨┐╨╛╤А╤В╨╕╤А╨╛╨▓╨░╤В╤М useORPCClient ╤Е╤Г╨║
@qbs-autonaim/app:test: ENOENT: no such file or directory, open 'apps/app/src/orpc/react.tsx'
@qbs-autonaim/app:test:     path: "apps/app/src/orpc/react.tsx",
@qbs-autonaim/app:test:  syscall: "open",
@qbs-autonaim/app:test:    errno: -2,
@qbs-autonaim/app:test:     code: "ENOENT"
@qbs-autonaim/app:test: 
@qbs-autonaim/app:test: (fail) ClientLayout - ╨Ю╨▒╤А╨░╨▒╨╛╤В╨║╨░ ╨╛╤И╨╕╨▒╨╛╨║ > ╨┤╨╛╨╗╨╢╨╡╨╜ ╨╗╨╛╨│╨╕╤А╨╛╨▓╨░╤В╤М ╨╛╤И╨╕╨▒╨║╨╕ ╤Б╨╡╤В╨╕ ╨▓ oRPC
@qbs-autonaim/app:test: ENOENT: no such file or directory, open 'apps/app/src/orpc/react.tsx'
@qbs-autonaim/app:test:     path: "apps/app/src/orpc/react.tsx",
@qbs-autonaim/app:test:  syscall: "open",
@qbs-autonaim/app:test:    errno: -2,
@qbs-autonaim/app:test:     code: "ENOENT"
@qbs-autonaim/app:test: 
@qbs-autonaim/app:test: (fail) ClientLayout - ╨Ю╨▒╤А╨░╨▒╨╛╤В╨║╨░ ╨╛╤И╨╕╨▒╨╛╨║ > ╨┤╨╛╨╗╨╢╨╡╨╜ ╨╕╤Б╨┐╨╛╨╗╤М╨╖╨╛╨▓╨░╤В╤М loggerLink ╨▓ development ╤А╨╡╨╢╨╕╨╝╨╡
@qbs-autonaim/app:test: ENOENT: no such file or directory, open 'apps/app/src/orpc/react.tsx'
@qbs-autonaim/app:test:     path: "apps/app/src/orpc/react.tsx",
@qbs-autonaim/app:test:  syscall: "open",
@qbs-autonaim/app:test:    errno: -2,
@qbs-autonaim/app:test:     code: "ENOENT"
@qbs-autonaim/app:test: 
@qbs-autonaim/app:test: (fail) ClientLayout - Singleton ╨┐╨░╤В╤В╨╡╤А╨╜ > ╨┤╨╛╨╗╨╢╨╡╨╜ ╨╕╤Б╨┐╨╛╨╗╤М╨╖╨╛╨▓╨░╤В╤М singleton ╨┤╨╗╤П QueryClient ╨╜╨░ ╨║╨╗╨╕╨╡╨╜╤В╨╡
@qbs-autonaim/app:test: ENOENT: no such file or directory, open 'apps/app/src/orpc/react.tsx'
@qbs-autonaim/app:test:     path: "apps/app/src/orpc/react.tsx",
@qbs-autonaim/app:test:  syscall: "open",
@qbs-autonaim/app:test:    errno: -2,
@qbs-autonaim/app:test:     code: "ENOENT"
@qbs-autonaim/app:test: 
@qbs-autonaim/app:test: (fail) ClientLayout - Singleton ╨┐╨░╤В╤В╨╡╤А╨╜ > ╨┤╨╛╨╗╨╢╨╡╨╜ ╤Б╨╛╨╖╨┤╨░╨▓╨░╤В╤М ╨╜╨╛╨▓╤Л╨╣ QueryClient ╨╜╨░ ╤Б╨╡╤А╨▓╨╡╤А╨╡
@qbs-autonaim/app:test: ENOENT: no such file or directory, open 'apps/app/src/orpc/react.tsx'
@qbs-autonaim/app:test:     path: "apps/app/src/orpc/react.tsx",
@qbs-autonaim/app:test:  syscall: "open",
@qbs-autonaim/app:test:    errno: -2,
@qbs-autonaim/app:test:     code: "ENOENT"
@qbs-autonaim/app:test: 
@qbs-autonaim/app:test: (fail) ClientLayout - Credentials ╨╕ ╨▒╨╡╨╖╨╛╨┐╨░╤Б╨╜╨╛╤Б╤В╤М > ╨┤╨╛╨╗╨╢╨╡╨╜ ╨╕╤Б╨┐╨╛╨╗╤М╨╖╨╛╨▓╨░╤В╤М same-origin credentials ╨▓ oRPC
@qbs-autonaim/app:test: ENOENT: no such file or directory, open 'apps/app/src/orpc/react.tsx'
@qbs-autonaim/app:test:     path: "apps/app/src/orpc/react.tsx",
@qbs-autonaim/app:test:  syscall: "open",
@qbs-autonaim/app:test:    errno: -2,
@qbs-autonaim/app:test:     code: "ENOENT"
@qbs-autonaim/app:test: 
@qbs-autonaim/app:test: (fail) ClientLayout - Credentials ╨╕ ╨▒╨╡╨╖╨╛╨┐╨░╤Б╨╜╨╛╤Б╤В╤М > ╨┤╨╛╨╗╨╢╨╡╨╜ ╨╛╨┐╤А╨╡╨┤╨╡╨╗╤П╤В╤М baseURL ╨║╨╛╤А╤А╨╡╨║╤В╨╜╨╛
@qbs-autonaim/app:test: 
@qbs-autonaim/app:test: src\components\vacancies\components\archived-vacancies-selector\archived-vacancies-selector.test.tsx:
@qbs-autonaim/recruitment-assistant-extension:test: 197 |       const { container } = render(
@qbs-autonaim/recruitment-assistant-extension:test: 198 |         <ContactInfo contacts={emptyContacts} onEdit={vi.fn()} />,
@qbs-autonaim/recruitment-assistant-extension:test: 199 |       );
@qbs-autonaim/recruitment-assistant-extension:test: 200 | 
@qbs-autonaim/recruitment-assistant-extension:test: 201 |       const results = await checkAccessibility(container);
@qbs-autonaim/recruitment-assistant-extension:test: 202 |       expect(results.violations).toHaveLength(0);
@qbs-autonaim/recruitment-assistant-extension:test:                                        ^
@qbs-autonaim/recruitment-assistant-extension:test: error: expect(received).toHaveLength(expected)
@qbs-autonaim/recruitment-assistant-extension:test: 
@qbs-autonaim/recruitment-assistant-extension:test: Expected length: 0
@qbs-autonaim/recruitment-assistant-extension:test: Received length: 1
@qbs-autonaim/recruitment-assistant-extension:test: 
@qbs-autonaim/recruitment-assistant-extension:test:       at <anonymous> (C:\Projects\kwork\selectio\apps\recruitment-assistant-extension\src\content\ui\accessibility.test.tsx:202:34)
@qbs-autonaim/recruitment-assistant-extension:test: (fail) ╨в╨╡╤Б╤В╨╕╤А╨╛╨▓╨░╨╜╨╕╨╡ ╨┤╨╛╤Б╤В╤Г╨┐╨╜╨╛╤Б╤В╨╕ UI ╨║╨╛╨╝╨┐╨╛╨╜╨╡╨╜╤В╨╛╨▓ > ContactInfo > ╨╜╨╡ ╨┤╨╛╨╗╨╢╨╡╨╜ ╨╕╨╝╨╡╤В╤М ╨╜╨░╤А╤Г╤И╨╡╨╜╨╕╨╣ ╨┤╨╛╤Б╤В╤Г╨┐╨╜╨╛╤Б╤В╨╕ ╤Б ╨┐╤Г╤Б╤В╤Л╨╝╨╕ ╨║╨╛╨╜╤В╨░╨║╤В╨░╨╝╨╕ [78.00ms]
@qbs-autonaim/app:test: 115 |             brackets: 0,
@qbs-autonaim/app:test: 116 |             doubleApostrophe: 0,
@qbs-autonaim/app:test: 117 |             singleApostrophe: 0
@qbs-autonaim/app:test: 118 |         };
@qbs-autonaim/app:test: 119 |         const name = this.scope.nodeType === NodeTypeEnum.documentNode ? 'Document' : 'Element';
@qbs-autonaim/app:test: 120 |         const error = new this.window.SyntaxError(`Failed to execute 'querySelectorAll' on '${name}': '${selector}' is not a valid selector.`);
@qbs-autonaim/app:test:                             ^
@qbs-autonaim/app:test: TypeError: undefined is not a constructor (evaluating 'new this.window.SyntaxError(`Failed to execute 'querySelectorAll' on '${name}': '${selector}' is not a valid selector.`)')
@qbs-autonaim/app:test:       at getSelectorGroups (C:\Projects\kwork\selectio\node_modules\happy-dom\lib\query-selector\SelectorParser.js:120:23)
@qbs-autonaim/app:test:       at querySelectorAll (C:\Projects\kwork\selectio\node_modules\happy-dom\lib\query-selector\QuerySelector.js:52:62)
@qbs-autonaim/app:test:       at <anonymous> (C:\Projects\kwork\selectio\node_modules\happy-dom\lib\nodes\html-select-element\HTMLOptionsCollection.js:18:62)
@qbs-autonaim/app:test:       at get (C:\Projects\kwork\selectio\node_modules\happy-dom\lib\nodes\element\HTMLCollection.js:28:28)
@qbs-autonaim/app:test:       at updateOptions (C:\Projects\kwork\selectio\node_modules\react-dom\cjs\react-dom-client.development.js:1788:25)
@qbs-autonaim/app:test:       at setInitialProperties (C:\Projects\kwork\selectio\node_modules\react-dom\cjs\react-dom-client.development.js:20620:32)
@qbs-autonaim/app:test:       at completeWork (C:\Projects\kwork\selectio\node_modules\react-dom\cjs\react-dom-client.development.js:12662:18)
@qbs-autonaim/app:test:       at runWithFiberInDEV (C:\Projects\kwork\selectio\node_modules\react-dom\cjs\react-dom-client.development.js:874:13)
@qbs-autonaim/app:test:       at completeUnitOfWork (C:\Projects\kwork\selectio\node_modules\react-dom\cjs\react-dom-client.development.js:17777:19)
@qbs-autonaim/app:test:       at performUnitOfWork (C:\Projects\kwork\selectio\node_modules\react-dom\cjs\react-dom-client.development.js:17658:11)
@qbs-autonaim/app:test: (fail) ArchivedVacanciesSelector > ╨┤╨╛╨╗╨╢╨╡╨╜ ╨╛╤В╨╛╨▒╤А╨░╨╢╨░╤В╤М ╤Б╨┐╨╕╤Б╨╛╨║ ╨░╤А╤Е╨╕╨▓╨╜╤Л╤Е ╨▓╨░╨║╨░╨╜╤Б╨╕╨╣ [63.00ms]
@qbs-autonaim/app:test: 115 |             brackets: 0,
@qbs-autonaim/app:test: 116 |             doubleApostrophe: 0,
@qbs-autonaim/app:test: 117 |             singleApostrophe: 0
@qbs-autonaim/app:test: 118 |         };
@qbs-autonaim/app:test: 119 |         const name = this.scope.nodeType === NodeTypeEnum.documentNode ? 'Document' : 'Element';
@qbs-autonaim/app:test: 120 |         const error = new this.window.SyntaxError(`Failed to execute 'querySelectorAll' on '${name}': '${selector}' is not a valid selector.`);
@qbs-autonaim/app:test:                             ^
@qbs-autonaim/app:test: TypeError: undefined is not a constructor (evaluating 'new this.window.SyntaxError(`Failed to execute 'querySelectorAll' on '${name}': '${selector}' is not a valid selector.`)')
@qbs-autonaim/app:test:       at getSelectorGroups (C:\Projects\kwork\selectio\node_modules\happy-dom\lib\query-selector\SelectorParser.js:120:23)
@qbs-autonaim/app:test:       at querySelectorAll (C:\Projects\kwork\selectio\node_modules\happy-dom\lib\query-selector\QuerySelector.js:52:62)
@qbs-autonaim/app:test:       at <anonymous> (C:\Projects\kwork\selectio\node_modules\happy-dom\lib\nodes\html-select-element\HTMLOptionsCollection.js:18:62)
@qbs-autonaim/app:test:       at get (C:\Projects\kwork\selectio\node_modules\happy-dom\lib\nodes\element\HTMLCollection.js:28:28)
@qbs-autonaim/app:test:       at updateOptions (C:\Projects\kwork\selectio\node_modules\react-dom\cjs\react-dom-client.development.js:1788:25)
@qbs-autonaim/app:test:       at setInitialProperties (C:\Projects\kwork\selectio\node_modules\react-dom\cjs\react-dom-client.development.js:20620:32)
@qbs-autonaim/app:test:       at completeWork (C:\Projects\kwork\selectio\node_modules\react-dom\cjs\react-dom-client.development.js:12662:18)
@qbs-autonaim/app:test:       at runWithFiberInDEV (C:\Projects\kwork\selectio\node_modules\react-dom\cjs\react-dom-client.development.js:874:13)
@qbs-autonaim/app:test:       at completeUnitOfWork (C:\Projects\kwork\selectio\node_modules\react-dom\cjs\react-dom-client.development.js:17777:19)
@qbs-autonaim/app:test:       at performUnitOfWork (C:\Projects\kwork\selectio\node_modules\react-dom\cjs\react-dom-client.development.js:17658:11)
@qbs-autonaim/app:test: (fail) ArchivedVacanciesSelector > ╨┤╨╛╨╗╨╢╨╡╨╜ ╨╛╤В╨╛╨▒╤А╨░╨╢╨░╤В╤М ╤Б╤В╨░╤В╨╕╤Б╤В╨╕╨║╤Г ╨▓╨░╨║╨░╨╜╤Б╨╕╨╣ [15.00ms]
@qbs-autonaim/app:test: 115 |             brackets: 0,
@qbs-autonaim/app:test: 116 |             doubleApostrophe: 0,
@qbs-autonaim/app:test: 117 |             singleApostrophe: 0
@qbs-autonaim/app:test: 118 |         };
@qbs-autonaim/app:test: 119 |         const name = this.scope.nodeType === NodeTypeEnum.documentNode ? 'Document' : 'Element';
@qbs-autonaim/app:test: 120 |         const error = new this.window.SyntaxError(`Failed to execute 'querySelectorAll' on '${name}': '${selector}' is not a valid selector.`);
@qbs-autonaim/app:test:                             ^
@qbs-autonaim/app:test: TypeError: undefined is not a constructor (evaluating 'new this.window.SyntaxError(`Failed to execute 'querySelectorAll' on '${name}': '${selector}' is not a valid selector.`)')
@qbs-autonaim/app:test:       at getSelectorGroups (C:\Projects\kwork\selectio\node_modules\happy-dom\lib\query-selector\SelectorParser.js:120:23)
@qbs-autonaim/app:test:       at querySelectorAll (C:\Projects\kwork\selectio\node_modules\happy-dom\lib\query-selector\QuerySelector.js:52:62)
@qbs-autonaim/app:test:       at <anonymous> (C:\Projects\kwork\selectio\node_modules\happy-dom\lib\nodes\html-select-element\HTMLOptionsCollection.js:18:62)
@qbs-autonaim/app:test:       at get (C:\Projects\kwork\selectio\node_modules\happy-dom\lib\nodes\element\HTMLCollection.js:28:28)
@qbs-autonaim/app:test:       at updateOptions (C:\Projects\kwork\selectio\node_modules\react-dom\cjs\react-dom-client.development.js:1788:25)
@qbs-autonaim/app:test:       at setInitialProperties (C:\Projects\kwork\selectio\node_modules\react-dom\cjs\react-dom-client.development.js:20620:32)
@qbs-autonaim/app:test:       at completeWork (C:\Projects\kwork\selectio\node_modules\react-dom\cjs\react-dom-client.development.js:12662:18)
@qbs-autonaim/app:test:       at runWithFiberInDEV (C:\Projects\kwork\selectio\node_modules\react-dom\cjs\react-dom-client.development.js:874:13)
@qbs-autonaim/app:test:       at completeUnitOfWork (C:\Projects\kwork\selectio\node_modules\react-dom\cjs\react-dom-client.development.js:17777:19)
@qbs-autonaim/app:test:       at performUnitOfWork (C:\Projects\kwork\selectio\node_modules\react-dom\cjs\react-dom-client.development.js:17658:11)
@qbs-autonaim/app:test: (fail) ArchivedVacanciesSelector > ╨┤╨╛╨╗╨╢╨╡╨╜ ╤Д╨╕╨╗╤М╤В╤А╨╛╨▓╨░╤В╤М ╨▓╨░╨║╨░╨╜╤Б╨╕╨╕ ╨┐╨╛ ╨┐╨╛╨╕╤Б╨║╨╛╨▓╨╛╨╝╤Г ╨╖╨░╨┐╤А╨╛╤Б╤Г [16.00ms]
@qbs-autonaim/app:test: 115 |             brackets: 0,
@qbs-autonaim/app:test: 116 |             doubleApostrophe: 0,
@qbs-autonaim/app:test: 117 |             singleApostrophe: 0
@qbs-autonaim/app:test: 118 |         };
@qbs-autonaim/app:test: 119 |         const name = this.scope.nodeType === NodeTypeEnum.documentNode ? 'Document' : 'Element';
@qbs-autonaim/app:test: 120 |         const error = new this.window.SyntaxError(`Failed to execute 'querySelectorAll' on '${name}': '${selector}' is not a valid selector.`);
@qbs-autonaim/app:test:                             ^
@qbs-autonaim/app:test: TypeError: undefined is not a constructor (evaluating 'new this.window.SyntaxError(`Failed to execute 'querySelectorAll' on '${name}': '${selector}' is not a valid selector.`)')
@qbs-autonaim/app:test:       at getSelectorGroups (C:\Projects\kwork\selectio\node_modules\happy-dom\lib\query-selector\SelectorParser.js:120:23)
@qbs-autonaim/app:test:       at querySelectorAll (C:\Projects\kwork\selectio\node_modules\happy-dom\lib\query-selector\QuerySelector.js:52:62)
@qbs-autonaim/app:test:       at <anonymous> (C:\Projects\kwork\selectio\node_modules\happy-dom\lib\nodes\html-select-element\HTMLOptionsCollection.js:18:62)
@qbs-autonaim/app:test:       at get (C:\Projects\kwork\selectio\node_modules\happy-dom\lib\nodes\element\HTMLCollection.js:28:28)
@qbs-autonaim/app:test:       at updateOptions (C:\Projects\kwork\selectio\node_modules\react-dom\cjs\react-dom-client.development.js:1788:25)
@qbs-autonaim/app:test:       at setInitialProperties (C:\Projects\kwork\selectio\node_modules\react-dom\cjs\react-dom-client.development.js:20620:32)
@qbs-autonaim/app:test:       at completeWork (C:\Projects\kwork\selectio\node_modules\react-dom\cjs\react-dom-client.development.js:12662:18)
@qbs-autonaim/app:test:       at runWithFiberInDEV (C:\Projects\kwork\selectio\node_modules\react-dom\cjs\react-dom-client.development.js:874:13)
@qbs-autonaim/app:test:       at completeUnitOfWork (C:\Projects\kwork\selectio\node_modules\react-dom\cjs\react-dom-client.development.js:17777:19)
@qbs-autonaim/app:test:       at performUnitOfWork (C:\Projects\kwork\selectio\node_modules\react-dom\cjs\react-dom-client.development.js:17658:11)
@qbs-autonaim/app:test: (fail) ArchivedVacanciesSelector > ╨┤╨╛╨╗╨╢╨╡╨╜ ╤Д╨╕╨╗╤М╤В╤А╨╛╨▓╨░╤В╤М ╨▓╨░╨║╨░╨╜╤Б╨╕╨╕ ╨┐╨╛ ╤В╨░╨▒╨░╨╝ [31.00ms]
@qbs-autonaim/app:test: 115 |             brackets: 0,
@qbs-autonaim/app:test: 116 |             doubleApostrophe: 0,
@qbs-autonaim/app:test: 117 |             singleApostrophe: 0
@qbs-autonaim/app:test: 118 |         };
@qbs-autonaim/app:test: 119 |         const name = this.scope.nodeType === NodeTypeEnum.documentNode ? 'Document' : 'Element';
@qbs-autonaim/app:test: 120 |         const error = new this.window.SyntaxError(`Failed to execute 'querySelectorAll' on '${name}': '${selector}' is not a valid selector.`);
@qbs-autonaim/app:test:                             ^
@qbs-autonaim/app:test: TypeError: undefined is not a constructor (evaluating 'new this.window.SyntaxError(`Failed to execute 'querySelectorAll' on '${name}': '${selector}' is not a valid selector.`)')
@qbs-autonaim/app:test:       at getSelectorGroups (C:\Projects\kwork\selectio\node_modules\happy-dom\lib\query-selector\SelectorParser.js:120:23)
@qbs-autonaim/app:test:       at querySelectorAll (C:\Projects\kwork\selectio\node_modules\happy-dom\lib\query-selector\QuerySelector.js:52:62)
@qbs-autonaim/app:test:       at <anonymous> (C:\Projects\kwork\selectio\node_modules\happy-dom\lib\nodes\html-select-element\HTMLOptionsCollection.js:18:62)
@qbs-autonaim/app:test:       at get (C:\Projects\kwork\selectio\node_modules\happy-dom\lib\nodes\element\HTMLCollection.js:28:28)
@qbs-autonaim/app:test:       at updateOptions (C:\Projects\kwork\selectio\node_modules\react-dom\cjs\react-dom-client.development.js:1788:25)
@qbs-autonaim/app:test:       at setInitialProperties (C:\Projects\kwork\selectio\node_modules\react-dom\cjs\react-dom-client.development.js:20620:32)
@qbs-autonaim/app:test:       at completeWork (C:\Projects\kwork\selectio\node_modules\react-dom\cjs\react-dom-client.development.js:12662:18)
@qbs-autonaim/app:test:       at runWithFiberInDEV (C:\Projects\kwork\selectio\node_modules\react-dom\cjs\react-dom-client.development.js:874:13)
@qbs-autonaim/app:test:       at completeUnitOfWork (C:\Projects\kwork\selectio\node_modules\react-dom\cjs\react-dom-client.development.js:17777:19)
@qbs-autonaim/app:test:       at performUnitOfWork (C:\Projects\kwork\selectio\node_modules\react-dom\cjs\react-dom-client.development.js:17658:11)
@qbs-autonaim/app:test: (fail) ArchivedVacanciesSelector > ╨┤╨╛╨╗╨╢╨╡╨╜ ╨▓╤Л╨▒╨╕╤А╨░╤В╤М ╨╕ ╤Б╨╜╨╕╨╝╨░╤В╤М ╨▓╤Л╨▒╨╛╤А ╨▓╨░╨║╨░╨╜╤Б╨╕╨╣ [16.00ms]
@qbs-autonaim/app:test: 115 |             brackets: 0,
@qbs-autonaim/app:test: 116 |             doubleApostrophe: 0,
@qbs-autonaim/app:test: 117 |             singleApostrophe: 0
@qbs-autonaim/app:test: 118 |         };
@qbs-autonaim/app:test: 119 |         const name = this.scope.nodeType === NodeTypeEnum.documentNode ? 'Document' : 'Element';
@qbs-autonaim/app:test: 120 |         const error = new this.window.SyntaxError(`Failed to execute 'querySelectorAll' on '${name}': '${selector}' is not a valid selector.`);
@qbs-autonaim/app:test:                             ^
@qbs-autonaim/app:test: TypeError: undefined is not a constructor (evaluating 'new this.window.SyntaxError(`Failed to execute 'querySelectorAll' on '${name}': '${selector}' is not a valid selector.`)')
@qbs-autonaim/app:test:       at getSelectorGroups (C:\Projects\kwork\selectio\node_modules\happy-dom\lib\query-selector\SelectorParser.js:120:23)
@qbs-autonaim/app:test:       at querySelectorAll (C:\Projects\kwork\selectio\node_modules\happy-dom\lib\query-selector\QuerySelector.js:52:62)
@qbs-autonaim/app:test:       at <anonymous> (C:\Projects\kwork\selectio\node_modules\happy-dom\lib\nodes\html-select-element\HTMLOptionsCollection.js:18:62)
@qbs-autonaim/app:test:       at get (C:\Projects\kwork\selectio\node_modules\happy-dom\lib\nodes\element\HTMLCollection.js:28:28)
@qbs-autonaim/app:test:       at updateOptions (C:\Projects\kwork\selectio\node_modules\react-dom\cjs\react-dom-client.development.js:1788:25)
@qbs-autonaim/app:test:       at setInitialProperties (C:\Projects\kwork\selectio\node_modules\react-dom\cjs\react-dom-client.development.js:20620:32)
@qbs-autonaim/app:test:       at completeWork (C:\Projects\kwork\selectio\node_modules\react-dom\cjs\react-dom-client.development.js:12662:18)
@qbs-autonaim/app:test:       at runWithFiberInDEV (C:\Projects\kwork\selectio\node_modules\react-dom\cjs\react-dom-client.development.js:874:13)
@qbs-autonaim/app:test:       at completeUnitOfWork (C:\Projects\kwork\selectio\node_modules\react-dom\cjs\react-dom-client.development.js:17777:19)
@qbs-autonaim/app:test:       at performUnitOfWork (C:\Projects\kwork\selectio\node_modules\react-dom\cjs\react-dom-client.development.js:17658:11)
@qbs-autonaim/app:test: (fail) ArchivedVacanciesSelector > ╨┤╨╛╨╗╨╢╨╡╨╜ ╨▓╤Л╨▒╨╕╤А╨░╤В╤М ╨▓╤Б╨╡ ╨▓╨╕╨┤╨╕╨╝╤Л╨╡ ╨▓╨░╨║╨░╨╜╤Б╨╕╨╕ [15.00ms]
@qbs-autonaim/recruitment-assistant-extension:test: (pass) ╨в╨╡╤Б╤В╨╕╤А╨╛╨▓╨░╨╜╨╕╨╡ ╨┤╨╛╤Б╤В╤Г╨┐╨╜╨╛╤Б╤В╨╕ UI ╨║╨╛╨╝╨┐╨╛╨╜╨╡╨╜╤В╨╛╨▓ > DataPanel > ╨╜╨╡ ╨┤╨╛╨╗╨╢╨╡╨╜ ╨╕╨╝╨╡╤В╤М ╨╜╨░╤А╤Г╤И╨╡╨╜╨╕╨╣ ╨┤╨╛╤Б╤В╤Г╨┐╨╜╨╛╤Б╤В╨╕ [219.00ms]
@qbs-autonaim/app:test: 115 |             brackets: 0,
@qbs-autonaim/app:test: 116 |             doubleApostrophe: 0,
@qbs-autonaim/app:test: 117 |             singleApostrophe: 0
@qbs-autonaim/app:test: 118 |         };
@qbs-autonaim/app:test: 119 |         const name = this.scope.nodeType === NodeTypeEnum.documentNode ? 'Document' : 'Element';
@qbs-autonaim/app:test: 120 |         const error = new this.window.SyntaxError(`Failed to execute 'querySelectorAll' on '${name}': '${selector}' is not a valid selector.`);
@qbs-autonaim/app:test:                             ^
@qbs-autonaim/app:test: TypeError: undefined is not a constructor (evaluating 'new this.window.SyntaxError(`Failed to execute 'querySelectorAll' on '${name}': '${selector}' is not a valid selector.`)')
@qbs-autonaim/app:test:       at getSelectorGroups (C:\Projects\kwork\selectio\node_modules\happy-dom\lib\query-selector\SelectorParser.js:120:23)
@qbs-autonaim/app:test:       at querySelectorAll (C:\Projects\kwork\selectio\node_modules\happy-dom\lib\query-selector\QuerySelector.js:52:62)
@qbs-autonaim/app:test:       at <anonymous> (C:\Projects\kwork\selectio\node_modules\happy-dom\lib\nodes\html-select-element\HTMLOptionsCollection.js:18:62)
@qbs-autonaim/app:test:       at get (C:\Projects\kwork\selectio\node_modules\happy-dom\lib\nodes\element\HTMLCollection.js:28:28)
@qbs-autonaim/app:test:       at updateOptions (C:\Projects\kwork\selectio\node_modules\react-dom\cjs\react-dom-client.development.js:1788:25)
@qbs-autonaim/app:test:       at setInitialProperties (C:\Projects\kwork\selectio\node_modules\react-dom\cjs\react-dom-client.development.js:20620:32)
@qbs-autonaim/app:test:       at completeWork (C:\Projects\kwork\selectio\node_modules\react-dom\cjs\react-dom-client.development.js:12662:18)
@qbs-autonaim/app:test:       at runWithFiberInDEV (C:\Projects\kwork\selectio\node_modules\react-dom\cjs\react-dom-client.development.js:874:13)
@qbs-autonaim/app:test:       at completeUnitOfWork (C:\Projects\kwork\selectio\node_modules\react-dom\cjs\react-dom-client.development.js:17777:19)
@qbs-autonaim/app:test:       at performUnitOfWork (C:\Projects\kwork\selectio\node_modules\react-dom\cjs\react-dom-client.development.js:17658:11)
@qbs-autonaim/app:test: (fail) ArchivedVacanciesSelector > ╨┤╨╛╨╗╨╢╨╡╨╜ ╨▓╤Л╨▒╨╕╤А╨░╤В╤М ╤В╨╛╨╗╤М╨║╨╛ ╨╜╨╛╨▓╤Л╨╡ ╨▓╨░╨║╨░╨╜╤Б╨╕╨╕ [32.00ms]
@qbs-autonaim/app:test: 115 |             brackets: 0,
@qbs-autonaim/app:test: 116 |             doubleApostrophe: 0,
@qbs-autonaim/app:test: 117 |             singleApostrophe: 0
@qbs-autonaim/app:test: 118 |         };
@qbs-autonaim/app:test: 119 |         const name = this.scope.nodeType === NodeTypeEnum.documentNode ? 'Document' : 'Element';
@qbs-autonaim/app:test: 120 |         const error = new this.window.SyntaxError(`Failed to execute 'querySelectorAll' on '${name}': '${selector}' is not a valid selector.`);
@qbs-autonaim/app:test:                             ^
@qbs-autonaim/app:test: TypeError: undefined is not a constructor (evaluating 'new this.window.SyntaxError(`Failed to execute 'querySelectorAll' on '${name}': '${selector}' is not a valid selector.`)')
@qbs-autonaim/app:test:       at getSelectorGroups (C:\Projects\kwork\selectio\node_modules\happy-dom\lib\query-selector\SelectorParser.js:120:23)
@qbs-autonaim/app:test:       at querySelectorAll (C:\Projects\kwork\selectio\node_modules\happy-dom\lib\query-selector\QuerySelector.js:52:62)
@qbs-autonaim/app:test:       at <anonymous> (C:\Projects\kwork\selectio\node_modules\happy-dom\lib\nodes\html-select-element\HTMLOptionsCollection.js:18:62)
@qbs-autonaim/app:test:       at get (C:\Projects\kwork\selectio\node_modules\happy-dom\lib\nodes\element\HTMLCollection.js:28:28)
@qbs-autonaim/app:test:       at updateOptions (C:\Projects\kwork\selectio\node_modules\react-dom\cjs\react-dom-client.development.js:1788:25)
@qbs-autonaim/app:test:       at setInitialProperties (C:\Projects\kwork\selectio\node_modules\react-dom\cjs\react-dom-client.development.js:20620:32)
@qbs-autonaim/app:test:       at completeWork (C:\Projects\kwork\selectio\node_modules\react-dom\cjs\react-dom-client.development.js:12662:18)
@qbs-autonaim/app:test:       at runWithFiberInDEV (C:\Projects\kwork\selectio\node_modules\react-dom\cjs\react-dom-client.development.js:874:13)
@qbs-autonaim/app:test:       at completeUnitOfWork (C:\Projects\kwork\selectio\node_modules\react-dom\cjs\react-dom-client.development.js:17777:19)
@qbs-autonaim/app:test:       at performUnitOfWork (C:\Projects\kwork\selectio\node_modules\react-dom\cjs\react-dom-client.development.js:17658:11)
@qbs-autonaim/app:test: (fail) ArchivedVacanciesSelector > ╨┤╨╛╨╗╨╢╨╡╨╜ ╨▓╤Л╨╖╤Л╨▓╨░╤В╤М onSelect ╤Б ╨▓╤Л╨▒╤А╨░╨╜╨╜╤Л╨╝╨╕ ╨▓╨░╨║╨░╨╜╤Б╨╕╤П╨╝╨╕
@qbs-autonaim/app:test: 115 |             brackets: 0,
@qbs-autonaim/app:test: 116 |             doubleApostrophe: 0,
@qbs-autonaim/app:test: 117 |             singleApostrophe: 0
@qbs-autonaim/app:test: 118 |         };
@qbs-autonaim/app:test: 119 |         const name = this.scope.nodeType === NodeTypeEnum.documentNode ? 'Document' : 'Element';
@qbs-autonaim/app:test: 120 |         const error = new this.window.SyntaxError(`Failed to execute 'querySelectorAll' on '${name}': '${selector}' is not a valid selector.`);
@qbs-autonaim/app:test:                             ^
@qbs-autonaim/app:test: TypeError: undefined is not a constructor (evaluating 'new this.window.SyntaxError(`Failed to execute 'querySelectorAll' on '${name}': '${selector}' is not a valid selector.`)')
@qbs-autonaim/app:test:       at getSelectorGroups (C:\Projects\kwork\selectio\node_modules\happy-dom\lib\query-selector\SelectorParser.js:120:23)
@qbs-autonaim/app:test:       at querySelectorAll (C:\Projects\kwork\selectio\node_modules\happy-dom\lib\query-selector\QuerySelector.js:52:62)
@qbs-autonaim/app:test:       at <anonymous> (C:\Projects\kwork\selectio\node_modules\happy-dom\lib\nodes\html-select-element\HTMLOptionsCollection.js:18:62)
@qbs-autonaim/app:test:       at get (C:\Projects\kwork\selectio\node_modules\happy-dom\lib\nodes\element\HTMLCollection.js:28:28)
@qbs-autonaim/app:test:       at updateOptions (C:\Projects\kwork\selectio\node_modules\react-dom\cjs\react-dom-client.development.js:1788:25)
@qbs-autonaim/app:test:       at setInitialProperties (C:\Projects\kwork\selectio\node_modules\react-dom\cjs\react-dom-client.development.js:20620:32)
@qbs-autonaim/app:test:       at completeWork (C:\Projects\kwork\selectio\node_modules\react-dom\cjs\react-dom-client.development.js:12662:18)
@qbs-autonaim/app:test:       at runWithFiberInDEV (C:\Projects\kwork\selectio\node_modules\react-dom\cjs\react-dom-client.development.js:874:13)
@qbs-autonaim/app:test:       at completeUnitOfWork (C:\Projects\kwork\selectio\node_modules\react-dom\cjs\react-dom-client.development.js:17777:19)
@qbs-autonaim/app:test:       at performUnitOfWork (C:\Projects\kwork\selectio\node_modules\react-dom\cjs\react-dom-client.development.js:17658:11)
@qbs-autonaim/app:test: (fail) ArchivedVacanciesSelector > ╨┤╨╛╨╗╨╢╨╡╨╜ ╨▓╤Л╨╖╤Л╨▓╨░╤В╤М onCancel ╨┐╤А╨╕ ╨╜╨░╨╢╨░╤В╨╕╨╕ ╨║╨╜╨╛╨┐╨║╨╕ ╨Ю╤В╨╝╨╡╨╜╨░ [47.00ms]
@qbs-autonaim/app:test: 115 |             brackets: 0,
@qbs-autonaim/app:test: 116 |             doubleApostrophe: 0,
@qbs-autonaim/app:test: 117 |             singleApostrophe: 0
@qbs-autonaim/app:test: 118 |         };
@qbs-autonaim/app:test: 119 |         const name = this.scope.nodeType === NodeTypeEnum.documentNode ? 'Document' : 'Element';
@qbs-autonaim/app:test: 120 |         const error = new this.window.SyntaxError(`Failed to execute 'querySelectorAll' on '${name}': '${selector}' is not a valid selector.`);
@qbs-autonaim/app:test:                             ^
@qbs-autonaim/app:test: TypeError: undefined is not a constructor (evaluating 'new this.window.SyntaxError(`Failed to execute 'querySelectorAll' on '${name}': '${selector}' is not a valid selector.`)')
@qbs-autonaim/app:test:       at getSelectorGroups (C:\Projects\kwork\selectio\node_modules\happy-dom\lib\query-selector\SelectorParser.js:120:23)
@qbs-autonaim/app:test:       at querySelectorAll (C:\Projects\kwork\selectio\node_modules\happy-dom\lib\query-selector\QuerySelector.js:52:62)
@qbs-autonaim/app:test:       at <anonymous> (C:\Projects\kwork\selectio\node_modules\happy-dom\lib\nodes\html-select-element\HTMLOptionsCollection.js:18:62)
@qbs-autonaim/app:test:       at get (C:\Projects\kwork\selectio\node_modules\happy-dom\lib\nodes\element\HTMLCollection.js:28:28)
@qbs-autonaim/app:test:       at updateOptions (C:\Projects\kwork\selectio\node_modules\react-dom\cjs\react-dom-client.development.js:1788:25)
@qbs-autonaim/app:test:       at setInitialProperties (C:\Projects\kwork\selectio\node_modules\react-dom\cjs\react-dom-client.development.js:20620:32)
@qbs-autonaim/app:test:       at completeWork (C:\Projects\kwork\selectio\node_modules\react-dom\cjs\react-dom-client.development.js:12662:18)
@qbs-autonaim/app:test:       at runWithFiberInDEV (C:\Projects\kwork\selectio\node_modules\react-dom\cjs\react-dom-client.development.js:874:13)
@qbs-autonaim/app:test:       at completeUnitOfWork (C:\Projects\kwork\selectio\node_modules\react-dom\cjs\react-dom-client.development.js:17777:19)
@qbs-autonaim/app:test:       at performUnitOfWork (C:\Projects\kwork\selectio\node_modules\react-dom\cjs\react-dom-client.development.js:17658:11)
@qbs-autonaim/app:test: (fail) ArchivedVacanciesSelector > ╨┤╨╛╨╗╨╢╨╡╨╜ ╨╛╤В╨║╨╗╤О╤З╨░╤В╤М ╨║╨╜╨╛╨┐╨║╤Г ╨╕╨╝╨┐╨╛╤А╤В╨░ ╨╡╤Б╨╗╨╕ ╨╜╨╕╤З╨╡╨│╨╛ ╨╜╨╡ ╨▓╤Л╨▒╤А╨░╨╜╨╛ [15.00ms]
@qbs-autonaim/app:test: 115 |             brackets: 0,
@qbs-autonaim/app:test: 116 |             doubleApostrophe: 0,
@qbs-autonaim/app:test: 117 |             singleApostrophe: 0
@qbs-autonaim/app:test: 118 |         };
@qbs-autonaim/app:test: 119 |         const name = this.scope.nodeType === NodeTypeEnum.documentNode ? 'Document' : 'Element';
@qbs-autonaim/app:test: 120 |         const error = new this.window.SyntaxError(`Failed to execute 'querySelectorAll' on '${name}': '${selector}' is not a valid selector.`);
@qbs-autonaim/app:test:                             ^
@qbs-autonaim/app:test: TypeError: undefined is not a constructor (evaluating 'new this.window.SyntaxError(`Failed to execute 'querySelectorAll' on '${name}': '${selector}' is not a valid selector.`)')
@qbs-autonaim/app:test:       at getSelectorGroups (C:\Projects\kwork\selectio\node_modules\happy-dom\lib\query-selector\SelectorParser.js:120:23)
@qbs-autonaim/app:test:       at querySelectorAll (C:\Projects\kwork\selectio\node_modules\happy-dom\lib\query-selector\QuerySelector.js:52:62)
@qbs-autonaim/app:test:       at <anonymous> (C:\Projects\kwork\selectio\node_modules\happy-dom\lib\nodes\html-select-element\HTMLOptionsCollection.js:18:62)
@qbs-autonaim/app:test:       at get (C:\Projects\kwork\selectio\node_modules\happy-dom\lib\nodes\element\HTMLCollection.js:28:28)
@qbs-autonaim/app:test:       at updateOptions (C:\Projects\kwork\selectio\node_modules\react-dom\cjs\react-dom-client.development.js:1788:25)
@qbs-autonaim/app:test:       at setInitialProperties (C:\Projects\kwork\selectio\node_modules\react-dom\cjs\react-dom-client.development.js:20620:32)
@qbs-autonaim/app:test:       at completeWork (C:\Projects\kwork\selectio\node_modules\react-dom\cjs\react-dom-client.development.js:12662:18)
@qbs-autonaim/app:test:       at runWithFiberInDEV (C:\Projects\kwork\selectio\node_modules\react-dom\cjs\react-dom-client.development.js:874:13)
@qbs-autonaim/app:test:       at completeUnitOfWork (C:\Projects\kwork\selectio\node_modules\react-dom\cjs\react-dom-client.development.js:17777:19)
@qbs-autonaim/app:test:       at performUnitOfWork (C:\Projects\kwork\selectio\node_modules\react-dom\cjs\react-dom-client.development.js:17658:11)
@qbs-autonaim/app:test: (fail) ArchivedVacanciesSelector > ╨┤╨╛╨╗╨╢╨╡╨╜ ╤Б╨╛╤А╤В╨╕╤А╨╛╨▓╨░╤В╤М ╨▓╨░╨║╨░╨╜╤Б╨╕╨╕ ╨┐╨╛ ╨╜╨░╨╖╨▓╨░╨╜╨╕╤О [16.00ms]
@qbs-autonaim/recruitment-assistant-extension:test: (pass) ╨в╨╡╤Б╤В╨╕╤А╨╛╨▓╨░╨╜╨╕╨╡ ╨┤╨╛╤Б╤В╤Г╨┐╨╜╨╛╤Б╤В╨╕ UI ╨║╨╛╨╝╨┐╨╛╨╜╨╡╨╜╤В╨╛╨▓ > DataPanel > ╨╜╨╡ ╨┤╨╛╨╗╨╢╨╡╨╜ ╨╕╨╝╨╡╤В╤М ╨╜╨░╤А╤Г╤И╨╡╨╜╨╕╨╣ ╨┤╨╛╤Б╤В╤Г╨┐╨╜╨╛╤Б╤В╨╕ ╤Б ╨╜╨░╤Б╤В╤А╨╛╨╡╨╜╨╜╤Л╨╝ API [234.00ms]
@qbs-autonaim/recruitment-assistant-extension:test: (pass) ╨в╨╡╤Б╤В╨╕╤А╨╛╨▓╨░╨╜╨╕╨╡ ╨┤╨╛╤Б╤В╤Г╨┐╨╜╨╛╤Б╤В╨╕ UI ╨║╨╛╨╝╨┐╨╛╨╜╨╡╨╜╤В╨╛╨▓ > ╨Я╤А╨╛╨▓╨╡╤А╨║╨░ ╨║╨╛╨╜╤В╤А╨░╤Б╤В╨╜╨╛╤Б╤В╨╕ > ActionButton ╨┤╨╛╨╗╨╢╨╡╨╜ ╨╕╨╝╨╡╤В╤М ╨┤╨╛╤Б╤В╨░╤В╨╛╤З╨╜╤Л╨╣ ╨║╨╛╨╜╤В╤А╨░╤Б╤В [47.00ms]
@qbs-autonaim/recruitment-assistant-extension:test: (pass) ╨в╨╡╤Б╤В╨╕╤А╨╛╨▓╨░╨╜╨╕╨╡ ╨┤╨╛╤Б╤В╤Г╨┐╨╜╨╛╤Б╤В╨╕ UI ╨║╨╛╨╝╨┐╨╛╨╜╨╡╨╜╤В╨╛╨▓ > ╨Я╤А╨╛╨▓╨╡╤А╨║╨░ ╤Д╨╛╨║╤Г╤Б╨░ > ╨▓╤Б╨╡ ╨╕╨╜╤В╨╡╤А╨░╨║╤В╨╕╨▓╨╜╤Л╨╡ ╤Н╨╗╨╡╨╝╨╡╨╜╤В╤Л ╨┤╨╛╨╗╨╢╨╜╤Л ╨╕╨╝╨╡╤В╤М ╨║╨╛╤А╤А╨╡╨║╤В╨╜╤Л╨╣ tabindex [94.00ms]
@qbs-autonaim/recruitment-assistant-extension:test: 345 |           "aria-allowed-attr": { enabled: true },
@qbs-autonaim/recruitment-assistant-extension:test: 346 |           "aria-required-attr": { enabled: true },
@qbs-autonaim/recruitment-assistant-extension:test: 347 |         },
@qbs-autonaim/recruitment-assistant-extension:test: 348 |       });
@qbs-autonaim/recruitment-assistant-extension:test: 349 | 
@qbs-autonaim/recruitment-assistant-extension:test: 350 |       expect(results.violations).toHaveLength(0);
@qbs-autonaim/recruitment-assistant-extension:test:                                        ^
@qbs-autonaim/recruitment-assistant-extension:test: error: expect(received).toHaveLength(expected)
@qbs-autonaim/recruitment-assistant-extension:test: 
@qbs-autonaim/recruitment-assistant-extension:test: Expected length: 0
@qbs-autonaim/recruitment-assistant-extension:test: Received length: 1
@qbs-autonaim/recruitment-assistant-extension:test: 
@qbs-autonaim/recruitment-assistant-extension:test:       at <anonymous> (C:\Projects\kwork\selectio\apps\recruitment-assistant-extension\src\content\ui\accessibility.test.tsx:350:34)
@qbs-autonaim/recruitment-assistant-extension:test: (fail) ╨в╨╡╤Б╤В╨╕╤А╨╛╨▓╨░╨╜╨╕╨╡ ╨┤╨╛╤Б╤В╤Г╨┐╨╜╨╛╤Б╤В╨╕ UI ╨║╨╛╨╝╨┐╨╛╨╜╨╡╨╜╤В╨╛╨▓ > ╨Я╤А╨╛╨▓╨╡╤А╨║╨░ ARIA ╨░╤В╤А╨╕╨▒╤Г╤В╨╛╨▓ > ╨▓╤Б╨╡ ARIA ╨░╤В╤А╨╕╨▒╤Г╤В╤Л ╨┤╨╛╨╗╨╢╨╜╤Л ╨▒╤Л╤В╤М ╨║╨╛╤А╤А╨╡╨║╤В╨╜╤Л╨╝╨╕ [47.00ms]
@qbs-autonaim/recruitment-assistant-extension:test: (pass) ╨в╨╡╤Б╤В╨╕╤А╨╛╨▓╨░╨╜╨╕╨╡ ╨┤╨╛╤Б╤В╤Г╨┐╨╜╨╛╤Б╤В╨╕ UI ╨║╨╛╨╝╨┐╨╛╨╜╨╡╨╜╤В╨╛╨▓ > ╨Я╤А╨╛╨▓╨╡╤А╨║╨░ ╤Б╨╡╨╝╨░╨╜╤В╨╕╤З╨╡╤Б╨║╨╛╨╣ ╤А╨░╨╖╨╝╨╡╤В╨║╨╕ > ╨║╨╛╨╝╨┐╨╛╨╜╨╡╨╜╤В╤Л ╨┤╨╛╨╗╨╢╨╜╤Л ╨╕╤Б╨┐╨╛╨╗╤М╨╖╨╛╨▓╨░╤В╤М ╤Б╨╡╨╝╨░╨╜╤В╨╕╤З╨╡╤Б╨║╨╕╨╡ HTML ╤Н╨╗╨╡╨╝╨╡╨╜╤В╤Л [78.00ms]
@qbs-autonaim/recruitment-assistant-extension:test: (pass) ╨в╨╡╤Б╤В╨╕╤А╨╛╨▓╨░╨╜╨╕╨╡ ╨┤╨╛╤Б╤В╤Г╨┐╨╜╨╛╤Б╤В╨╕ UI ╨║╨╛╨╝╨┐╨╛╨╜╨╡╨╜╤В╨╛╨▓ > ╨Я╤А╨╛╨▓╨╡╤А╨║╨░ ╤А╨░╨╖╨╝╨╡╤А╨╛╨▓ ╤Ж╨╡╨╗╨╡╨╣ ╨║╨░╤Б╨░╨╜╨╕╤П > ╨▓╤Б╨╡ ╨╕╨╜╤В╨╡╤А╨░╨║╤В╨╕╨▓╨╜╤Л╨╡ ╤Н╨╗╨╡╨╝╨╡╨╜╤В╤Л ╨┤╨╛╨╗╨╢╨╜╤Л ╨╕╨╝╨╡╤В╤М ╨┤╨╛╤Б╤В╨░╤В╨╛╤З╨╜╤Л╨╣ ╤А╨░╨╖╨╝╨╡╤А [16.00ms]
@qbs-autonaim/recruitment-assistant-extension:test: 
@qbs-autonaim/recruitment-assistant-extension:test: src\content\ui\action-button.test.tsx:
@qbs-autonaim/recruitment-assistant-extension:test: (pass) ActionButton > ╨а╨╡╨╜╨┤╨╡╤А╨╕╨╜╨│ > ╨┤╨╛╨╗╨╢╨╡╨╜ ╨╛╤В╨╛╨▒╤А╨░╨╢╨░╤В╤М ╨║╨╜╨╛╨┐╨║╤Г ╤Б ╤В╨╡╨║╤Б╤В╨╛╨╝ "╨Ш╨╖╨▓╨╗╨╡╤З╤М ╨┤╨░╨╜╨╜╤Л╨╡"
@qbs-autonaim/recruitment-assistant-extension:test: 54 |       const elementStrings = els.map(element => getElementError(null, element).message).join('\n\n');
@qbs-autonaim/recruitment-assistant-extension:test: 55 |       throw getMultipleElementsFoundError(`${getMultipleError(container, ...args)}
@qbs-autonaim/recruitment-assistant-extension:test: 56 | 
@qbs-autonaim/recruitment-assistant-extension:test: 57 | Here are the matching elements:
@qbs-autonaim/recruitment-assistant-extension:test: 58 | 
@qbs-autonaim/recruitment-assistant-extension:test: 59 | ${elementStrings}`, container);
@qbs-autonaim/recruitment-assistant-extension:test:                                   ^
@qbs-autonaim/recruitment-assistant-extension:test: TestingLibraryElementError: Found multiple elements with the role "button"
@qbs-autonaim/recruitment-assistant-extension:test: 
@qbs-autonaim/recruitment-assistant-extension:test: Here are the matching elements:
@qbs-autonaim/recruitment-assistant-extension:test: 
@qbs-autonaim/recruitment-assistant-extension:test: Ignored nodes: comments, script, style
@qbs-autonaim/recruitment-assistant-extension:test: [36m<button[39m
@qbs-autonaim/recruitment-assistant-extension:test:   [33maria-busy[39m=[32m"false"[39m
@qbs-autonaim/recruitment-assistant-extension:test:   [33maria-label[39m=[32m"╨Ш╨╖╨▓╨╗╨╡╤З╤М ╨┤╨░╨╜╨╜╤Л╨╡ ╨┐╤А╨╛╤Д╨╕╨╗╤П ╨║╨░╨╜╨┤╨╕╨┤╨░╤В╨░"[39m
@qbs-autonaim/recruitment-assistant-extension:test:   [33maria-live[39m=[32m"polite"[39m
@qbs-autonaim/recruitment-assistant-extension:test:   [33mstyle[39m=[32m"min-width: 44px; min-height: 44px; padding: 12px 24px; font-size: 16px; font-weight: 500; color: #ffffff; background-color: #2563eb; border: none none; border-radius: 8px; cursor: pointer; touch-action: manipulation; transition: background-color 0.2s ease, transform 0.1s ease, box-shadow 0.2s ease; display: flex; align-items: center; justify-content: center; gap: 8px; box-shadow: 0 1px 3px 0 rgba(0, 0, 0, 0.1), 0 1px 2px -1px rgba(0, 0, 0, 0.1); position: relative; outline-color: none; outline-style: none; outline-width: initial;"[39m
@qbs-autonaim/recruitment-assistant-extension:test:   [33mtype[39m=[32m"button"[39m
@qbs-autonaim/recruitment-assistant-extension:test: [36m>[39m
@qbs-autonaim/recruitment-assistant-extension:test:   [36m<span[39m
@qbs-autonaim/recruitment-assistant-extension:test:     [33mstyle[39m=[32m"white-space: nowrap;"[39m
@qbs-autonaim/recruitment-assistant-extension:test:   [36m>[39m
@qbs-autonaim/recruitment-assistant-extension:test:     [0m╨Ш╨╖╨▓╨╗╨╡╤З╤М ╨┤╨░╨╜╨╜╤Л╨╡[0m
@qbs-autonaim/recruitment-assistant-extension:test:   [36m</span>[39m
@qbs-autonaim/recruitment-assistant-extension:test: [36m</button>[39m
@qbs-autonaim/recruitment-assistant-extension:test: 
@qbs-autonaim/recruitment-assistant-extension:test: Ignored nodes: comments, script, style
@qbs-autonaim/recruitment-assistant-extension:test: [36m<button[39m
@qbs-autonaim/recruitment-assistant-extension:test:   [33maria-busy[39m=[32m"true"[39m
@qbs-autonaim/recruitment-assistant-extension:test:   [33maria-label[39m=[32m"╨Ш╨╖╨▓╨╗╨╡╤З╤М ╨┤╨░╨╜╨╜╤Л╨╡ ╨┐╤А╨╛╤Д╨╕╨╗╤П ╨║╨░╨╜╨┤╨╕╨┤╨░╤В╨░"[39m
@qbs-autonaim/recruitment-assistant-extension:test:   [33maria-live[39m=[32m"polite"[39m
@qbs-autonaim/recruitment-assistant-extension:test:   [33mdisabled[39m=[32m""[39m
@qbs-autonaim/recruitment-assistant-extension:test:   [33mstyle[39m=[32m"min-width: 44px; min-height: 44px; padding: 12px 24px; font-size: 16px; font-weight: 500; color: #ffffff; background-color: #6b7280; border: none none; border-radius: 8px; cursor: not-allowed; touch-action: manipulation; transition: background-color 0.2s ease, transform 0.1s ease, box-shadow 0.2s ease; display: flex; align-items: center; justify-content: center; gap: 8px; box-shadow: 0 1px 3px 0 rgba(0, 0, 0, 0.1), 0 1px 2px -1px rgba(0, 0, 0, 0.1); position: relative; outline-color: none; outline-style: none; outline-width: initial;"[39m
@qbs-autonaim/recruitment-assistant-extension:test:   [33mtype[39m=[32m"button"[39m
@qbs-autonaim/recruitment-assistant-extension:test: [36m>[39m
@qbs-autonaim/recruitment-assistant-extension:test:   [36m<svg[39m
@qbs-autonaim/recruitment-assistant-extension:test:     [33maria-hidden[39m=[32m"true"[39m
@qbs-autonaim/recruitment-assistant-extension:test:     [33mfill[39m=[32m"none"[39m
@qbs-autonaim/recruitment-assistant-extension:test:     [33mrole[39m=[32m"presentation"[39m
@qbs-autonaim/recruitment-assistant-extension:test:     [33mstyle[39m=[32m"width: 16px; height: 16px; animation: spin 1s linear infinite; flex-shrink: 0;"[39m
@qbs-autonaim/recruitment-assistant-extension:test:     [33mviewBox[39m=[32m"0 0 24 24"[39m
@qbs-autonaim/recruitment-assistant-extension:test:   [36m>[39m
@qbs-autonaim/recruitment-assistant-extension:test:     [36m<circle[39m
@qbs-autonaim/recruitment-assistant-extension:test:       [33mcx[39m=[32m"12"[39m
@qbs-autonaim/recruitment-assistant-extension:test:       [33mcy[39m=[32m"12"[39m
@qbs-autonaim/recruitment-assistant-extension:test:       [33mr[39m=[32m"10"[39m
@qbs-autonaim/recruitment-assistant-extension:test:       [33mstroke[39m=[32m"currentColor"[39m
@qbs-autonaim/recruitment-assistant-extension:test:       [33mstroke-opacity[39m=[32m"0.25"[39m
@qbs-autonaim/recruitment-assistant-extension:test:       [33mstroke-width[39m=[32m"4"[39m
@qbs-autonaim/recruitment-assistant-extension:test:     [36m/>[39m
@qbs-autonaim/recruitment-assistant-extension:test:     [36m<path[39m
@qbs-autonaim/recruitment-assistant-extension:test:       [33md[39m=[32m"M4 12a8 8 0 018-8V0C5.373 0 0 5.373 0 12h4zm2 5.291A7.962 7.962 0 014 12H0c0 3.042 1.135 5.824 3 7.938l3-2.647z"[39m
@qbs-autonaim/recruitment-assistant-extension:test:       [33mfill[39m=[32m"currentColor"[39m
@qbs-autonaim/recruitment-assistant-extension:test:       [33mopacity[39m=[32m"0.75"[39m
@qbs-autonaim/recruitment-assistant-extension:test:     [36m/>[39m
@qbs-autonaim/recruitment-assistant-extension:test:   [36m</svg>[39m
@qbs-autonaim/recruitment-assistant-extension:test:   [36m<span[39m
@qbs-autonaim/recruitment-assistant-extension:test:     [33mstyle[39m=[32m"white-space: nowrap;"[39m
@qbs-autonaim/recruitment-assistant-extension:test:   [36m>[39m
@qbs-autonaim/recruitment-assistant-extension:test:     [0m╨Ш╨╖╨▓╨╗╨╡╤З╨╡╨╜╨╕╨╡ ╨┤╨░╨╜╨╜╤Л╤ЕтАж[0m
@qbs-autonaim/recruitment-assistant-extension:test:   [36m</span>[39m
@qbs-autonaim/recruitment-assistant-extension:test: [36m</button>[39m
@qbs-autonaim/recruitment-assistant-extension:test: 
@qbs-autonaim/recruitment-assistant-extension:test: (If this is intentional, then use the `*AllBy*` variant of the query (like `queryAllByText`, `getAllByText`, or `findAllByText`)).
@qbs-autonaim/recruitment-assistant-extension:test: 
@qbs-autonaim/recruitment-assistant-extension:test: Ignored nodes: comments, script, style
@qbs-autonaim/recruitment-assistant-extension:test: [36m<body>[39m
@qbs-autonaim/recruitment-assistant-extension:test:   [0m
@qbs-autonaim/recruitment-assistant-extension:test:         [0m
@qbs-autonaim/recruitment-assistant-extension:test:   [36m<h1[39m
@qbs-autonaim/recruitment-assistant-extension:test:     [33mclass[39m=[32m"text-heading-xlarge"[39m
@qbs-autonaim/recruitment-assistant-extension:test:   [36m>[39m
@qbs-autonaim/recruitment-assistant-extension:test:     [0m╨Ш╨▓╨░╨╜ ╨Ш╨▓╨░╨╜╨╛╨▓[0m
@qbs-autonaim/recruitment-assistant-extension:test:   [36m</h1>[39m
@qbs-autonaim/recruitment-assistant-extension:test:   [0m
@qbs-autonaim/recruitment-assistant-extension:test:         [0m
@qbs-autonaim/recruitment-assistant-extension:test:   [36m<div[39m
@qbs-autonaim/recruitment-assistant-extension:test:     [33mclass[39m=[32m"text-body-medium"[39m
@qbs-autonaim/recruitment-assistant-extension:test:   [36m>[39m
@qbs-autonaim/recruitment-assistant-extension:test:     [0mSenior Developer[0m
@qbs-autonaim/recruitment-assistant-extension:test:   [36m</div>[39m
@qbs-autonaim/recruitment-assistant-extension:test:   [0m
@qbs-autonaim/recruitment-assistant-extension:test:         [0m
@qbs-autonaim/recruitment-assistant-extension:test:   [36m<span[39m
@qbs-autonaim/recruitment-assistant-extension:test:     [33mclass[39m=[32m"text-body-small inline"[39m
@qbs-autonaim/recruitment-assistant-extension:test:   [36m>[39m
@qbs-autonaim/recruitment-assistant-extension:test:     [0m╨Ь╨╛╤Б╨║╨▓╨░, ╨а╨╛╤Б╤Б╨╕╤П[0m
@qbs-autonaim/recruitment-assistant-extension:test:   [36m</span>[39m
@qbs-autonaim/recruitment-assistant-extension:test:   [0m
@qbs-autonaim/recruitment-assistant-extension:test:         [0m
@qbs-autonaim/recruitment-assistant-extension:test:   [36m<img[39m
@qbs-autonaim/recruitment-assistant-extension:test:     [33mclass[39m=[32m"pv-top-card-profile-picture__image"[39m
@qbs-autonaim/recruitment-assistant-extension:test:     [33msrc[39m=[32m"https://example.com/photo.jpg"[39m
@qbs-autonaim/recruitment-assistant-extension:test:   [36m/>[39m
@qbs-autonaim/recruitment-assistant-extension:test:   [0m
@qbs-autonaim/recruitment-assistant-extension:test:         
@qbs-autonaim/recruitment-assistant-extension:test:         [0m
@qbs-autonaim/recruitment-assistant-extension:test:   [36m<section[39m
@qbs-autonaim/recruitment-assistant-extension:test:     [33mid[39m=[32m"experience"[39m
@qbs-autonaim/recruitment-assistant-extension:test:   [36m>[39m
@qbs-autonaim/recruitment-assistant-extension:test:     [0m
@qbs-autonaim/recruitment-assistant-extension:test:           [0m
@qbs-autonaim/recruitment-assistant-extension:test:     [36m<ul>[39m
@qbs-autonaim/recruitment-assistant-extension:test:       [0m
@qbs-autonaim/recruitment-assistant-extension:test:             [0m
@qbs-autonaim/recruitment-assistant-extension:test:       [36m<li[39m
@qbs-autonaim/recruitment-assistant-extension:test:         [33mclass[39m=[32m"artdeco-list__item"[39m
@qbs-autonaim/recruitment-assistant-extension:test:       [36m>[39m
@qbs-autonaim/recruitment-assistant-extension:test:         [0m
@qbs-autonaim/recruitment-assistant-extension:test:               [0m
@qbs-autonaim/recruitment-assistant-extension:test:         [36m<div[39m
@qbs-autonaim/recruitment-assistant-extension:test:           [33mclass[39m=[32m"display-flex"[39m
@qbs-autonaim/recruitment-assistant-extension:test:         [36m>[39m
@qbs-autonaim/recruitment-assistant-extension:test:           [0m
@qbs-autonaim/recruitment-assistant-extension:test:                 [0m
@qbs-autonaim/recruitment-assistant-extension:test:           [36m<span[39m
@qbs-autonaim/recruitment-assistant-extension:test:             [33maria-hidden[39m=[32m"true"[39m
@qbs-autonaim/recruitment-assistant-extension:test:           [36m>[39m
@qbs-autonaim/recruitment-assistant-extension:test:             [0mSenior Developer[0m
@qbs-autonaim/recruitment-assistant-extension:test:           [36m</span>[39m
@qbs-autonaim/recruitment-assistant-extension:test:           [0m
@qbs-autonaim/recruitment-assistant-extension:test:               [0m
@qbs-autonaim/recruitment-assistant-extension:test:         [36m</div>[39m
@qbs-autonaim/recruitment-assistant-extension:test:         [0m
@qbs-autonaim/recruitment-assistant-extension:test:               [0m
@qbs-autonaim/recruitment-assistant-extension:test:         [36m<span[39m
@qbs-autonaim/recruitment-assistant-extension:test:           [33mclass[39m=[32m"t-14 t-normal"[39m
@qbs-autonaim/recruitment-assistant-extension:test:         [36m>[39m
@qbs-autonaim/recruitment-assistant-extension:test:           [0m
@qbs-autonaim/recruitment-assistant-extension:test:                 [0m
@qbs-autonaim/recruitment-assistant-extension:test:           [36m<span[39m
@qbs-autonaim/recruitment-assistant-extension:test:             [33maria-hidden[39m=[32m"true"[39m
@qbs-autonaim/recruitment-assistant-extension:test:           [36m>[39m
@qbs-autonaim/recruitment-assistant-extension:test:             [0mTech Company[0m
@qbs-autonaim/recruitment-assistant-extension:test:           [36m</span>[39m
@qbs-autonaim/recruitment-assistant-extension:test:           [0m
@qbs-autonaim/recruitment-assistant-extension:test:               [0m
@qbs-autonaim/recruitment-assistant-extension:test:         [36m</span>[39m
@qbs-autonaim/recruitment-assistant-extension:test:         [0m
@qbs-autonaim/recruitment-assistant-extension:test:               [0m
@qbs-autonaim/recruitment-assistant-extension:test:         [36m<span[39m
@qbs-autonaim/recruitment-assistant-extension:test:           [33mclass[39m=[32m"t-14 t-normal t-black--light"[39m
@qbs-autonaim/recruitment-assistant-extension:test:         [36m>[39m
@qbs-autonaim/recruitment-assistant-extension:test:           [0m
@qbs-autonaim/recruitment-assistant-extension:test:                 [0m
@qbs-autonaim/recruitment-assistant-extension:test:           [36m<span[39m
@qbs-autonaim/recruitment-assistant-extension:test:             [33maria-hidden[39m=[32m"true"[39m
@qbs-autonaim/recruitment-assistant-extension:test:           [36m>[39m
@qbs-autonaim/recruitment-assistant-extension:test:             [0m2020 тАУ ╨┐╨╛ ╨╜╨░╤Б╤В╨╛╤П╤Й╨╡╨╡ ╨▓╤А╨╡╨╝╤П[0m
@qbs-autonaim/recruitment-assistant-extension:test:           [36m</span>[39m
@qbs-autonaim/recruitment-assistant-extension:test:           [0m
@qbs-autonaim/recruitment-assistant-extension:test:               [0m
@qbs-autonaim/recruitment-assistant-extension:test:         [36m</span>[39m
@qbs-autonaim/recruitment-assistant-extension:test:         [0m
@qbs-autonaim/recruitment-assistant-extension:test:               [0m
@qbs-autonaim/recruitment-assistant-extension:test:         [36m<div[39m
@qbs-autonaim/recruitment-assistant-extension:test:           [33mclass[39m=[32m"display-flex full-width"[39m
@qbs-autonaim/recruitment-assistant-extension:test:         [36m>[39m
@qbs-autonaim/recruitment-assistant-extension:test:           [0m
@qbs-autonaim/recruitment-assistant-extension:test:                 [0m
@qbs-autonaim/recruitment-assistant-extension:test:           [36m<span[39m
@qbs-autonaim/recruitment-assistant-extension:test:             [33maria-hidden[39m=[32m"true"[39m
@qbs-autonaim/recruitment-assistant-extension:test:           [36m>[39m
@qbs-autonaim/recruitment-assistant-extension:test:             [0m╨а╨░╨╖╤А╨░╨▒╨╛╤В╨║╨░[0m
@qbs-autonaim/recruitment-assistant-extension:test:           [36m</span>[39m
@qbs-autonaim/recruitment-assistant-extension:test:           [0m
@qbs-autonaim/recruitment-assistant-extension:test:               [0m
@qbs-autonaim/recruitment-assistant-extension:test:         [36m</div>[39m
@qbs-autonaim/recruitment-assistant-extension:test:         [0m
@qbs-autonaim/recruitment-assistant-extension:test:             [0m
@qbs-autonaim/recruitment-assistant-extension:test:       [36m</li>[39m
@qbs-autonaim/recruitment-assistant-extension:test:       [0m
@qbs-autonaim/recruitment-assistant-extension:test:           [0m
@qbs-autonaim/recruitment-assistant-extension:test:     [36m</ul>[39m
@qbs-autonaim/recruitment-assistant-extension:test:     [0m
@qbs-autonaim/recruitment-assistant-extension:test:         [0m
@qbs-autonaim/recruitment-assistant-extension:test:   [36m</section>[39m
@qbs-autonaim/recruitment-assistant-extension:test:   [0m
@qbs-autonaim/recruitment-assistant-extension:test:         
@qbs-autonaim/recruitment-assistant-extension:test:         [0m
@qbs-autonaim/recruitment-assistant-extension:test:   [36m<section[39m
@qbs-autonaim/recruitment-assistant-extension:test:     [33mid[39m=[32m"education"[39m
@qbs-autonaim/recruitment-assistant-extension:test:   [36m>[39m
@qbs-autonaim/recruitment-assistant-extension:test:     [0m
@qbs-autonaim/recruitment-assistant-extension:test:           [0m
@qbs-autonaim/recruitment-assistant-extension:test:     [36m<ul>[39m
@qbs-autonaim/recruitment-assistant-extension:test:       [0m
@qbs-autonaim/recruitment-assistant-extension:test:             [0m
@qbs-autonaim/recruitment-assistant-extension:test:       [36m<li[39m
@qbs-autonaim/recruitment-assistant-extension:test:         [33mclass[39m=[32m"artdeco-list__item"[39m
@qbs-autonaim/recruitment-assistant-extension:test:       [36m>[39m
@qbs-autonaim/recruitment-assistant-extension:test:         [0m
@qbs-autonaim/recruitment-assistant-extension:test:               [0m
@qbs-autonaim/recruitment-assistant-extension:test:         [36m<div[39m
@qbs-autonaim/recruitment-assistant-extension:test:           [33mclass[39m=[32m"display-flex"[39m
@qbs-autonaim/recruitment-assistant-extension:test:         [36m>[39m
@qbs-autonaim/recruitment-assistant-extension:test:           [0m
@qbs-autonaim/recruitment-assistant-extension:test:                 [0m
@qbs-autonaim/recruitment-assistant-extension:test:           [36m<span[39m
@qbs-autonaim/recruitment-assistant-extension:test:             [33maria-hidden[39m=[32m"true"[39m
@qbs-autonaim/recruitment-assistant-extension:test:           [36m>[39m
@qbs-autonaim/recruitment-assistant-extension:test:             [0m╨Ь╨У╨г[0m
@qbs-autonaim/recruitment-assistant-extension:test:           [36m</span>[39m
@qbs-autonaim/recruitment-assistant-extension:test:           [0m
@qbs-autonaim/recruitment-assistant-extension:test:               [0m
@qbs-autonaim/recruitment-assistant-extension:test:         [36m</div>[39m
@qbs-autonaim/recruitment-assistant-extension:test:         [0m
@qbs-autonaim/recruitment-assistant-extension:test:               [0m
@qbs-autonaim/recruitment-assistant-extension:test:         [36m<span[39m
@qbs-autonaim/recruitment-assistant-extension:test:           [33mclass[39m=[32m"t-14 t-normal"[39m
@qbs-autonaim/recruitment-assistant-extension:test:         [36m>[39m
@qbs-autonaim/recruitment-assistant-extension:test:           [0m
@qbs-autonaim/recruitment-assistant-extension:test:                 [0m
@qbs-autonaim/recruitment-assistant-extension:test:           [36m<span[39m
@qbs-autonaim/recruitment-assistant-extension:test:             [33maria-hidden[39m=[32m"true"[39m
@qbs-autonaim/recruitment-assistant-extension:test:           [36m>[39m
@qbs-autonaim/recruitment-assistant-extension:test:             [0m╨С╨░╨║╨░╨╗╨░╨▓╤А[0m
@qbs-autonaim/recruitment-assistant-extension:test:           [36m</span>[39m
@qbs-autonaim/recruitment-assistant-extension:test:           [0m
@qbs-autonaim/recruitment-assistant-extension:test:               [0m
@qbs-autonaim/recruitment-assistant-extension:test:         [36m</span>[39m
@qbs-autonaim/recruitment-assistant-extension:test:         [0m
@qbs-autonaim/recruitment-assistant-extension:test:               [0m
@qbs-autonaim/recruitment-assistant-extension:test:         [36m<span[39m
@qbs-autonaim/recruitment-assistant-extension:test:           [33mclass[39m=[32m"t-14 t-normal t-black--light"[39m
@qbs-autonaim/recruitment-assistant-extension:test:         [36m>[39m
@qbs-autonaim/recruitment-assistant-extension:test:           [0m
@qbs-autonaim/recruitment-assistant-extension:test:                 [0m
@qbs-autonaim/recruitment-assistant-extension:test:           [36m<span[39m
@qbs-autonaim/recruitment-assistant-extension:test:             [33maria-hidden[39m=[32m"true"[39m
@qbs-autonaim/recruitment-assistant-extension:test:           [36m>[39m
@qbs-autonaim/recruitment-assistant-extension:test:             [0m╨Ш╨╜╤Д╨╛╤А╨╝╨░╤В╨╕╨║╨░[0m
@qbs-autonaim/recruitment-assistant-extension:test:           [36m</span>[39m
@qbs-autonaim/recruitment-assistant-extension:test:           [0m
@qbs-autonaim/recruitment-assistant-extension:test:               [0m
@qbs-autonaim/recruitment-assistant-extension:test:         [36m</span>[39m
@qbs-autonaim/recruitment-assistant-extension:test:         [0m
@qbs-autonaim/recruitment-assistant-extension:test:               [0m
@qbs-autonaim/recruitment-assistant-extension:test:         [36m<span[39m
@qbs-autonaim/recruitment-assistant-extension:test:           [33mclass[39m=[32m"t-14 t-normal t-black--light"[39m
@qbs-autonaim/recruitment-assistant-extension:test:         [36m>[39m
@qbs-autonaim/recruitment-assistant-extension:test:           [0m
@qbs-autonaim/recruitment-assistant-extension:test:                 [0m
@qbs-autonaim/recruitment-assistant-extension:test:           [36m<span[39m
@qbs-autonaim/recruitment-assistant-extension:test:             [33maria-hidden[39m=[32m"true"[39m
@qbs-autonaim/recruitment-assistant-extension:test:           [36m>[39m
@qbs-autonaim/recruitment-assistant-extension:test:             [0m2015 тАУ 2019[0m
@qbs-autonaim/recruitment-assistant-extension:test:           [36m</span>[39m
@qbs-autonaim/recruitment-assistant-extension:test:           [0m
@qbs-autonaim/recruitment-assistant-extension:test:               [0m
@qbs-autonaim/recruitment-assistant-extension:test:         [36m</span>[39m
@qbs-autonaim/recruitment-assistant-extension:test:         [0m
@qbs-autonaim/recruitment-assistant-extension:test:             [0m
@qbs-autonaim/recruitment-assistant-extension:test:       [36m</li>[39m
@qbs-autonaim/recruitment-assistant-extension:test:       [0m
@qbs-autonaim/recruitment-assistant-extension:test:           [0m
@qbs-autonaim/recruitment-assistant-extension:test:     [36m</ul>[39m
@qbs-autonaim/recruitment-assistant-extension:test:     [0m
@qbs-autonaim/recruitment-assistant-extension:test:         [0m
@qbs-autonaim/recruitment-assistant-extension:test:   [36m</section>[39m
@qbs-autonaim/recruitment-assistant-extension:test:   [0m
@qbs-autonaim/recruitment-assistant-extension:test:         
@qbs-autonaim/recruitment-assistant-extension:test:         [0m
@qbs-autonaim/recruitment-assistant-extension:test:   [36m<section[39m
@qbs-autonaim/recruitment-assistant-extension:test:     [33mid[39m=[32m"skills"[39m
@qbs-autonaim/recruitment-assistant-extension:test:   [36m>[39m
@qbs-autonaim/recruitment-assistant-extension:test:     [0m
@qbs-autonaim/recruitment-assistant-extension:test:           [0m
@qbs-autonaim/recruitment-assistant-extension:test:     [36m<span[39m
@qbs-autonaim/recruitment-assistant-extension:test:       [33maria-hidden[39m=[32m"true"[39m
@qbs-autonaim/recruitment-assistant-extension:test:     [36m>[39m
@qbs-autonaim/recruitment-assistant-extension:test:       [0mTypeScript[0m
@qbs-autonaim/recruitment-assistant-extension:test:     [36m</span>[39m
@qbs-autonaim/recruitment-assistant-extension:test:     [0m
@qbs-autonaim/recruitment-assistant-extension:test:           [0m
@qbs-autonaim/recruitment-assistant-extension:test:     [36m<span[39m
@qbs-autonaim/recruitment-assistant-extension:test:       [33maria-hidden[39m=[32m"true"[39m
@qbs-autonaim/recruitment-assistant-extension:test:     [36m>[39m
@qbs-autonaim/recruitment-assistant-extension:test:       [0mReact[0m
@qbs-autonaim/recruitment-assistant-extension:test:     [36m</span>[39m
@qbs-autonaim/recruitment-assistant-extension:test:     [0m
@qbs-autonaim/recruitment-assistant-extension:test:         [0m
@qbs-autonaim/recruitment-assistant-extension:test:   [36m</section>[39m
@qbs-autonaim/recruitment-assistant-extension:test:   [0m
@qbs-autonaim/recruitment-assistant-extension:test:         
@qbs-autonaim/recruitment-assistant-extension:test:         [0m
@qbs-autonaim/recruitment-assistant-extension:test:   [36m<section[39m
@qbs-autonaim/recruitment-assistant-extension:test:     [33mclass[39m=[32m"pv-contact-info"[39m
@qbs-autonaim/recruitment-assistant-extension:test:   [36m>[39m
@qbs-autonaim/recruitment-assistant-extension:test:     [0m
@qbs-autonaim/recruitment-assistant-extension:test:           [0m
@qbs-autonaim/recruitment-assistant-extension:test:     [36m<a[39m
@qbs-autonaim/recruitment-assistant-extension:test:       [33mhref[39m=[32m"mailto:ivan@example.com"[39m
@qbs-autonaim/recruitment-assistant-extension:test:     [36m>[39m
@qbs-autonaim/recruitment-assistant-extension:test:       [0mEmail[0m
@qbs-autonaim/recruitment-assistant-extension:test:     [36m</a>[39m
@qbs-autonaim/recruitment-assistant-extension:test:     [0m
@qbs-autonaim/recruitment-assistant-extension:test:           [0m
@qbs-autonaim/recruitment-assistant-extension:test:     [36m<span[39m
@qbs-autonaim/recruitment-assistant-extension:test:       [33mclass[39m=[32m"t-14 t-black t-normal"[39m
@qbs-autonaim/recruitment-assistant-extension:test:     [36m>[39m
@qbs-autonaim/recruitment-assistant-extension:test:       [0m+7 (999) 123-45-67[0m
@qbs-autonaim/recruitment-assistant-extension:test:     [36m</span>[39m
@qbs-autonaim/recruitment-assistant-extension:test:     [0m
@qbs-autonaim/recruitment-assistant-extension:test:         [0m
@qbs-autonaim/recruitment-assistant-extension:test:   [36m</section>[39m
@qbs-autonaim/recruitment-assistant-extension:test:   [0m
@qbs-autonaim/recruitment-assistant-extension:test:       [0m
@qbs-autonaim/recruitment-assistant-extension:test:   [36m<div>[39m
@qbs-autonaim/recruitment-assistant-extension:test:     [36m<button[39m
@qbs-autonaim/recruitment-assistant-extension:test:       [33maria-busy[39m=[32m"false"[39m
@qbs-autonaim/recruitment-assistant-extension:test:       [33maria-label[39m=[32m"╨Ш╨╖╨▓╨╗╨╡╤З╤М ╨┤╨░╨╜╨╜╤Л╨╡ ╨┐╤А╨╛╤Д╨╕╨╗╤П ╨║╨░╨╜╨┤╨╕╨┤╨░╤В╨░"[39m
@qbs-autonaim/recruitment-assistant-extension:test:       [33maria-live[39m=[32m"polite"[39m
@qbs-autonaim/recruitment-assistant-extension:test:       [33mstyle[39m=[32m"min-width: 44px; min-height: 44px; padding: 12px 24px; font-size: 16px; font-weight: 500; color: #ffffff; background-color: #2563eb; border: none none; border-radius: 8px; cursor: pointer; touch-action: manipulation; transition: background-color 0.2s ease, transform 0.1s ease, box-shadow 0.2s ease; display: flex; align-items: center; justify-content: center; gap: 8px; box-shadow: 0 1px 3px 0 rgba(0, 0, 0, 0.1), 0 1px 2px -1px rgba(0, 0, 0, 0.1); position: relative; outline-color: none; outline-style: none; outline-width: initial;"[39m
@qbs-autonaim/recruitment-assistant-extension:test:       [33mtype[39m=[32m"button"[39m
@qbs-autonaim/recruitment-assistant-extension:test:     [36m>[39m
@qbs-autonaim/recruitment-assistant-extension:test:       [36m<span[39m
@qbs-autonaim/recruitment-assistant-extension:test:         [33mstyle[39m=[32m"white-space: nowrap;"[39m
@qbs-autonaim/recruitment-assistant-extension:test:       [36m>[39m
@qbs-autonaim/recruitment-assistant-extension:test:         [0m╨Ш╨╖╨▓╨╗╨╡╤З╤М ╨┤╨░╨╜╨╜╤Л╨╡[0m
@qbs-autonaim/recruitment-assistant-extension:test:       [36m</span>[39m
@qbs-autonaim/recruitment-assistant-extension:test:     [36m</button>[39m
@qbs-autonaim/recruitment-assistant-extension:test:   [36m</div>[39m
@qbs-autonaim/recruitment-assistant-extension:test:   [36m<div>[39m
@qbs-autonaim/recruitment-assistant-extension:test:     [36m<button[39m
@qbs-autonaim/recruitment-assistant-extension:test:       [33maria-busy[39m=[32m"true"[39m
@qbs-autonaim/recruitment-assistant-extension:test:       [33maria-label[39m=[32m"╨Ш╨╖╨▓╨╗╨╡╤З╤М ╨┤╨░╨╜╨╜╤Л╨╡ ╨┐╤А╨╛╤Д╨╕╨╗╤П ╨║╨░╨╜╨┤╨╕╨┤╨░╤В╨░"[39m
@qbs-autonaim/recruitment-assistant-extension:test:       [33maria-live[39m=[32m"polite"[39m
@qbs-autonaim/recruitment-assistant-extension:test:       [33mdisabled[39m=[32m""[39m
@qbs-autonaim/recruitment-assistant-extension:test:       [33mstyle[39m=[32m"min-width: 44px; min-height: 44px; padding: 12px 24px; font-size: 16px; font-weight: 500; color: #ffffff; background-color: #6b7280; border: none none; border-radius: 8px; cursor: not-allowed; touch-action: manipulation; transition: background-color 0.2s ease, transform 0.1s ease, box-shadow 0.2s ease; display: flex; align-items: center; justify-content: center; gap: 8px; box-shadow: 0 1px 3px 0 rgba(0, 0, 0, 0.1), 0 1px 2px -1px rgba(0, 0, 0, 0.1); position: relative; outline-color: none; outline-style: none; outline-width: initial;"[39m
@qbs-autonaim/recruitment-assistant-extension:test:       [33mtype[39m=[32m"button"[39m
@qbs-autonaim/recruitment-assistant-extension:test:     [36m>[39m
@qbs-autonaim/recruitment-assistant-extension:test:       [36m<svg[39m
@qbs-autonaim/recruitment-assistant-extension:test:         [33maria-hidden[39m=[32m"true"[39m
@qbs-autonaim/recruitment-assistant-extension:test:         [33mfill[39m=[32m"none"[39m
@qbs-autonaim/recruitment-assistant-extension:test:         [33mrole[39m=[32m"presentation"[39m
@qbs-autonaim/recruitment-assistant-extension:test:         [33mstyle[39m=[32m"width: 16px; height: 16px; animation: spin 1s linear infinite; flex-shrink: 0;"[39m
@qbs-autonaim/recruitment-assistant-extension:test:         [33mviewBox[39m=[32m"0 0 24 24"[39m
@qbs-autonaim/recruitment-assistant-extension:test:       [36m>[39m
@qbs-autonaim/recruitment-assistant-extension:test:         [36m<circle[39m
@qbs-autonaim/recruitment-assistant-extension:test:           [33mcx[39m=[32m"12"[39m
@qbs-autonaim/recruitment-assistant-extension:test:           [33mcy[39m=[32m"12"[39m
@qbs-autonaim/recruitment-assistant-extension:test:           [33mr[39m=[32m"10"[39m
@qbs-autonaim/recruitment-assistant-extension:test:           [33mstroke[39m=[32m"currentColor"[39m
@qbs-autonaim/recruitment-assistant-extension:test:           [33mstroke-opacity[39m=[32m"0.25"[39m
@qbs-autonaim/recruitment-assistant-extension:test:           [33mstroke-width[39m=[32m"4"[39m
@qbs-autonaim/recruitment-assistant-extension:test:         [36m/>[39m
@qbs-autonaim/recruitment-assistant-extension:test:         [36m<path[39m
@qbs-autonaim/recruitment-assistant-extension:test:           [33md[39m=[32m"M4 12a8 8 0 018-8V0C5.373 0 0 5.373 0 12h4zm2 5.291A7.962 7.962 0 014 12H0c0 3.042 1.135 5.824 3 7.938l3-2.647z"[39m
@qbs-autonaim/recruitment-assistant-extension:test:           [33mfill[39m=[32m"currentColor"[39m
@qbs-autonaim/recruitment-assistant-extension:test:           [33mopacity[39m=[32m"0.75"[39m
@qbs-autonaim/recruitment-assistant-extension:test:         [36m/>[39m
@qbs-autonaim/recruitment-assistant-extension:test:       [36m</svg>[39m
@qbs-autonaim/recruitment-assistant-extension:test:       [36m<span[39m
@qbs-autonaim/recruitment-assistant-extension:test:         [33mstyle[39m=[32m"white-space: nowrap;"[39m
@qbs-autonaim/recruitment-assistant-extension:test:       [36m>[39m
@qbs-autonaim/recruitment-assistant-extension:test:         [0m╨Ш╨╖╨▓╨╗╨╡╤З╨╡╨╜╨╕╨╡ ╨┤╨░╨╜╨╜╤Л╤ЕтАж[0m
@qbs-autonaim/recruitment-assistant-extension:test:       [36m</span>[39m
@qbs-autonaim/recruitment-assistant-extension:test:     [36m</button>[39m
@qbs-autonaim/recruitment-assistant-extension:test:   [36m</div>[39m
@qbs-autonaim/recruitment-assistant-extension:test: [36m</body>[39m
@qbs-autonaim/recruitment-assistant-extension:test:       at <anonymous> (C:\Projects\kwork\selectio\node_modules\@testing-library\dom\dist\query-helpers.js:59:30)
@qbs-autonaim/recruitment-assistant-extension:test:       at <anonymous> (C:\Projects\kwork\selectio\node_modules\@testing-library\dom\dist\query-helpers.js:95:19)
@qbs-autonaim/recruitment-assistant-extension:test:       at <anonymous> (C:\Projects\kwork\selectio\apps\recruitment-assistant-extension\src\content\ui\action-button.test.tsx:25:29)
@qbs-autonaim/recruitment-assistant-extension:test: (fail) ActionButton > ╨а╨╡╨╜╨┤╨╡╤А╨╕╨╜╨│ > ╨┤╨╛╨╗╨╢╨╡╨╜ ╨╛╤В╨╛╨▒╤А╨░╨╢╨░╤В╤М ╤В╨╡╨║╤Б╤В "╨Ш╨╖╨▓╨╗╨╡╤З╨╡╨╜╨╕╨╡ ╨┤╨░╨╜╨╜╤Л╤ЕтАж" ╨┐╤А╨╕ ╨╖╨░╨│╤А╤Г╨╖╨║╨╡ [16.00ms]
@qbs-autonaim/recruitment-assistant-extension:test: (pass) ActionButton > ╨а╨╡╨╜╨┤╨╡╤А╨╕╨╜╨│ > ╨┤╨╛╨╗╨╢╨╡╨╜ ╨╛╤В╨╛╨▒╤А╨░╨╢╨░╤В╤М ╤Б╨┐╨╕╨╜╨╜╨╡╤А ╨┐╤А╨╕ ╨╖╨░╨│╤А╤Г╨╖╨║╨╡
@qbs-autonaim/recruitment-assistant-extension:test: (pass) ActionButton > ╨а╨╡╨╜╨┤╨╡╤А╨╕╨╜╨│ > ╨╜╨╡ ╨┤╨╛╨╗╨╢╨╡╨╜ ╨╛╤В╨╛╨▒╤А╨░╨╢╨░╤В╤М ╤Б╨┐╨╕╨╜╨╜╨╡╤А ╨║╨╛╨│╨┤╨░ ╨╜╨╡ ╨╖╨░╨│╤А╤Г╨╢╨░╨╡╤В╤Б╤П
@qbs-autonaim/recruitment-assistant-extension:test: 54 |       const elementStrings = els.map(element => getElementError(null, element).message).join('\n\n');
@qbs-autonaim/recruitment-assistant-extension:test: 55 |       throw getMultipleElementsFoundError(`${getMultipleError(container, ...args)}
@qbs-autonaim/recruitment-assistant-extension:test: 56 | 
@qbs-autonaim/recruitment-assistant-extension:test: 57 | Here are the matching elements:
@qbs-autonaim/recruitment-assistant-extension:test: 58 | 
@qbs-autonaim/recruitment-assistant-extension:test: 59 | ${elementStrings}`, container);
@qbs-autonaim/recruitment-assistant-extension:test:                                   ^
@qbs-autonaim/recruitment-assistant-extension:test: TestingLibraryElementError: Found multiple elements with the role "button"
@qbs-autonaim/recruitment-assistant-extension:test: 
@qbs-autonaim/recruitment-assistant-extension:test: Here are the matching elements:
@qbs-autonaim/recruitment-assistant-extension:test: 
@qbs-autonaim/recruitment-assistant-extension:test: Ignored nodes: comments, script, style
@qbs-autonaim/recruitment-assistant-extension:test: [36m<button[39m
@qbs-autonaim/recruitment-assistant-extension:test:   [33maria-busy[39m=[32m"false"[39m
@qbs-autonaim/recruitment-assistant-extension:test:   [33maria-label[39m=[32m"╨Ш╨╖╨▓╨╗╨╡╤З╤М ╨┤╨░╨╜╨╜╤Л╨╡ ╨┐╤А╨╛╤Д╨╕╨╗╤П ╨║╨░╨╜╨┤╨╕╨┤╨░╤В╨░"[39m
@qbs-autonaim/recruitment-assistant-extension:test:   [33maria-live[39m=[32m"polite"[39m
@qbs-autonaim/recruitment-assistant-extension:test:   [33mstyle[39m=[32m"min-width: 44px; min-height: 44px; padding: 12px 24px; font-size: 16px; font-weight: 500; color: #ffffff; background-color: #2563eb; border: none none; border-radius: 8px; cursor: pointer; touch-action: manipulation; transition: background-color 0.2s ease, transform 0.1s ease, box-shadow 0.2s ease; display: flex; align-items: center; justify-content: center; gap: 8px; box-shadow: 0 1px 3px 0 rgba(0, 0, 0, 0.1), 0 1px 2px -1px rgba(0, 0, 0, 0.1); position: relative; outline-color: none; outline-style: none; outline-width: initial;"[39m
@qbs-autonaim/recruitment-assistant-extension:test:   [33mtype[39m=[32m"button"[39m
@qbs-autonaim/recruitment-assistant-extension:test: [36m>[39m
@qbs-autonaim/recruitment-assistant-extension:test:   [36m<span[39m
@qbs-autonaim/recruitment-assistant-extension:test:     [33mstyle[39m=[32m"white-space: nowrap;"[39m
@qbs-autonaim/recruitment-assistant-extension:test:   [36m>[39m
@qbs-autonaim/recruitment-assistant-extension:test:     [0m╨Ш╨╖╨▓╨╗╨╡╤З╤М ╨┤╨░╨╜╨╜╤Л╨╡[0m
@qbs-autonaim/recruitment-assistant-extension:test:   [36m</span>[39m
@qbs-autonaim/recruitment-assistant-extension:test: [36m</button>[39m
@qbs-autonaim/recruitment-assistant-extension:test: 
@qbs-autonaim/recruitment-assistant-extension:test: Ignored nodes: comments, script, style
@qbs-autonaim/recruitment-assistant-extension:test: [36m<button[39m
@qbs-autonaim/recruitment-assistant-extension:test:   [33maria-busy[39m=[32m"true"[39m
@qbs-autonaim/recruitment-assistant-extension:test:   [33maria-label[39m=[32m"╨Ш╨╖╨▓╨╗╨╡╤З╤М ╨┤╨░╨╜╨╜╤Л╨╡ ╨┐╤А╨╛╤Д╨╕╨╗╤П ╨║╨░╨╜╨┤╨╕╨┤╨░╤В╨░"[39m
@qbs-autonaim/recruitment-assistant-extension:test:   [33maria-live[39m=[32m"polite"[39m
@qbs-autonaim/recruitment-assistant-extension:test:   [33mdisabled[39m=[32m""[39m
@qbs-autonaim/recruitment-assistant-extension:test:   [33mstyle[39m=[32m"min-width: 44px; min-height: 44px; padding: 12px 24px; font-size: 16px; font-weight: 500; color: #ffffff; background-color: #6b7280; border: none none; border-radius: 8px; cursor: not-allowed; touch-action: manipulation; transition: background-color 0.2s ease, transform 0.1s ease, box-shadow 0.2s ease; display: flex; align-items: center; justify-content: center; gap: 8px; box-shadow: 0 1px 3px 0 rgba(0, 0, 0, 0.1), 0 1px 2px -1px rgba(0, 0, 0, 0.1); position: relative; outline-color: none; outline-style: none; outline-width: initial;"[39m
@qbs-autonaim/recruitment-assistant-extension:test:   [33mtype[39m=[32m"button"[39m
@qbs-autonaim/recruitment-assistant-extension:test: [36m>[39m
@qbs-autonaim/recruitment-assistant-extension:test:   [36m<svg[39m
@qbs-autonaim/recruitment-assistant-extension:test:     [33maria-hidden[39m=[32m"true"[39m
@qbs-autonaim/recruitment-assistant-extension:test:     [33mfill[39m=[32m"none"[39m
@qbs-autonaim/recruitment-assistant-extension:test:     [33mrole[39m=[32m"presentation"[39m
@qbs-autonaim/recruitment-assistant-extension:test:     [33mstyle[39m=[32m"width: 16px; height: 16px; animation: spin 1s linear infinite; flex-shrink: 0;"[39m
@qbs-autonaim/recruitment-assistant-extension:test:     [33mviewBox[39m=[32m"0 0 24 24"[39m
@qbs-autonaim/recruitment-assistant-extension:test:   [36m>[39m
@qbs-autonaim/recruitment-assistant-extension:test:     [36m<circle[39m
@qbs-autonaim/recruitment-assistant-extension:test:       [33mcx[39m=[32m"12"[39m
@qbs-autonaim/recruitment-assistant-extension:test:       [33mcy[39m=[32m"12"[39m
@qbs-autonaim/recruitment-assistant-extension:test:       [33mr[39m=[32m"10"[39m
@qbs-autonaim/recruitment-assistant-extension:test:       [33mstroke[39m=[32m"currentColor"[39m
@qbs-autonaim/recruitment-assistant-extension:test:       [33mstroke-opacity[39m=[32m"0.25"[39m
@qbs-autonaim/recruitment-assistant-extension:test:       [33mstroke-width[39m=[32m"4"[39m
@qbs-autonaim/recruitment-assistant-extension:test:     [36m/>[39m
@qbs-autonaim/recruitment-assistant-extension:test:     [36m<path[39m
@qbs-autonaim/recruitment-assistant-extension:test:       [33md[39m=[32m"M4 12a8 8 0 018-8V0C5.373 0 0 5.373 0 12h4zm2 5.291A7.962 7.962 0 014 12H0c0 3.042 1.135 5.824 3 7.938l3-2.647z"[39m
@qbs-autonaim/recruitment-assistant-extension:test:       [33mfill[39m=[32m"currentColor"[39m
@qbs-autonaim/recruitment-assistant-extension:test:       [33mopacity[39m=[32m"0.75"[39m
@qbs-autonaim/recruitment-assistant-extension:test:     [36m/>[39m
@qbs-autonaim/recruitment-assistant-extension:test:   [36m</svg>[39m
@qbs-autonaim/recruitment-assistant-extension:test:   [36m<span[39m
@qbs-autonaim/recruitment-assistant-extension:test:     [33mstyle[39m=[32m"white-space: nowrap;"[39m
@qbs-autonaim/recruitment-assistant-extension:test:   [36m>[39m
@qbs-autonaim/recruitment-assistant-extension:test:     [0m╨Ш╨╖╨▓╨╗╨╡╤З╨╡╨╜╨╕╨╡ ╨┤╨░╨╜╨╜╤Л╤ЕтАж[0m
@qbs-autonaim/recruitment-assistant-extension:test:   [36m</span>[39m
@qbs-autonaim/recruitment-assistant-extension:test: [36m</button>[39m
@qbs-autonaim/recruitment-assistant-extension:test: 
@qbs-autonaim/recruitment-assistant-extension:test: Ignored nodes: comments, script, style
@qbs-autonaim/recruitment-assistant-extension:test: [36m<button[39m
@qbs-autonaim/recruitment-assistant-extension:test:   [33maria-busy[39m=[32m"true"[39m
@qbs-autonaim/recruitment-assistant-extension:test:   [33maria-label[39m=[32m"╨Ш╨╖╨▓╨╗╨╡╤З╤М ╨┤╨░╨╜╨╜╤Л╨╡ ╨┐╤А╨╛╤Д╨╕╨╗╤П ╨║╨░╨╜╨┤╨╕╨┤╨░╤В╨░"[39m
@qbs-autonaim/recruitment-assistant-extension:test:   [33maria-live[39m=[32m"polite"[39m
@qbs-autonaim/recruitment-assistant-extension:test:   [33mdisabled[39m=[32m""[39m
@qbs-autonaim/recruitment-assistant-extension:test:   [33mstyle[39m=[32m"min-width: 44px; min-height: 44px; padding: 12px 24px; font-size: 16px; font-weight: 500; color: #ffffff; background-color: #6b7280; border: none none; border-radius: 8px; cursor: not-allowed; touch-action: manipulation; transition: background-color 0.2s ease, transform 0.1s ease, box-shadow 0.2s ease; display: flex; align-items: center; justify-content: center; gap: 8px; box-shadow: 0 1px 3px 0 rgba(0, 0, 0, 0.1), 0 1px 2px -1px rgba(0, 0, 0, 0.1); position: relative; outline-color: none; outline-style: none; outline-width: initial;"[39m
@qbs-autonaim/recruitment-assistant-extension:test:   [33mtype[39m=[32m"button"[39m
@qbs-autonaim/recruitment-assistant-extension:test: [36m>[39m
@qbs-autonaim/recruitment-assistant-extension:test:   [36m<svg[39m
@qbs-autonaim/recruitment-assistant-extension:test:     [33maria-hidden[39m=[32m"true"[39m
@qbs-autonaim/recruitment-assistant-extension:test:     [33mfill[39m=[32m"none"[39m
@qbs-autonaim/recruitment-assistant-extension:test:     [33mrole[39m=[32m"presentation"[39m
@qbs-autonaim/recruitment-assistant-extension:test:     [33mstyle[39m=[32m"width: 16px; height: 16px; animation: spin 1s linear infinite; flex-shrink: 0;"[39m
@qbs-autonaim/recruitment-assistant-extension:test:     [33mviewBox[39m=[32m"0 0 24 24"[39m
@qbs-autonaim/recruitment-assistant-extension:test:   [36m>[39m
@qbs-autonaim/recruitment-assistant-extension:test:     [36m<circle[39m
@qbs-autonaim/recruitment-assistant-extension:test:       [33mcx[39m=[32m"12"[39m
@qbs-autonaim/recruitment-assistant-extension:test:       [33mcy[39m=[32m"12"[39m
@qbs-autonaim/recruitment-assistant-extension:test:       [33mr[39m=[32m"10"[39m
@qbs-autonaim/recruitment-assistant-extension:test:       [33mstroke[39m=[32m"currentColor"[39m
@qbs-autonaim/recruitment-assistant-extension:test:       [33mstroke-opacity[39m=[32m"0.25"[39m
@qbs-autonaim/recruitment-assistant-extension:test:       [33mstroke-width[39m=[32m"4"[39m
@qbs-autonaim/recruitment-assistant-extension:test:     [36m/>[39m
@qbs-autonaim/recruitment-assistant-extension:test:     [36m<path[39m
@qbs-autonaim/recruitment-assistant-extension:test:       [33md[39m=[32m"M4 12a8 8 0 018-8V0C5.373 0 0 5.373 0 12h4zm2 5.291A7.962 7.962 0 014 12H0c0 3.042 1.135 5.824 3 7.938l3-2.647z"[39m
@qbs-autonaim/recruitment-assistant-extension:test:       [33mfill[39m=[32m"currentColor"[39m
@qbs-autonaim/recruitment-assistant-extension:test:       [33mopacity[39m=[32m"0.75"[39m
@qbs-autonaim/recruitment-assistant-extension:test:     [36m/>[39m
@qbs-autonaim/recruitment-assistant-extension:test:   [36m</svg>[39m
@qbs-autonaim/recruitment-assistant-extension:test:   [36m<span[39m
@qbs-autonaim/recruitment-assistant-extension:test:     [33mstyle[39m=[32m"white-space: nowrap;"[39m
@qbs-autonaim/recruitment-assistant-extension:test:   [36m>[39m
@qbs-autonaim/recruitment-assistant-extension:test:     [0m╨Ш╨╖╨▓╨╗╨╡╤З╨╡╨╜╨╕╨╡ ╨┤╨░╨╜╨╜╤Л╤ЕтАж[0m
@qbs-autonaim/recruitment-assistant-extension:test:   [36m</span>[39m
@qbs-autonaim/recruitment-assistant-extension:test: [36m</button>[39m
@qbs-autonaim/recruitment-assistant-extension:test: 
@qbs-autonaim/recruitment-assistant-extension:test: Ignored nodes: comments, script, style
@qbs-autonaim/recruitment-assistant-extension:test: [36m<button[39m
@qbs-autonaim/recruitment-assistant-extension:test:   [33maria-busy[39m=[32m"false"[39m
@qbs-autonaim/recruitment-assistant-extension:test:   [33maria-label[39m=[32m"╨Ш╨╖╨▓╨╗╨╡╤З╤М ╨┤╨░╨╜╨╜╤Л╨╡ ╨┐╤А╨╛╤Д╨╕╨╗╤П ╨║╨░╨╜╨┤╨╕╨┤╨░╤В╨░"[39m
@qbs-autonaim/recruitment-assistant-extension:test:   [33maria-live[39m=[32m"polite"[39m
@qbs-autonaim/recruitment-assistant-extension:test:   [33mstyle[39m=[32m"min-width: 44px; min-height: 44px; padding: 12px 24px; font-size: 16px; font-weight: 500; color: #ffffff; background-color: #2563eb; border: none none; border-radius: 8px; cursor: pointer; touch-action: manipulation; transition: background-color 0.2s ease, transform 0.1s ease, box-shadow 0.2s ease; display: flex; align-items: center; justify-content: center; gap: 8px; box-shadow: 0 1px 3px 0 rgba(0, 0, 0, 0.1), 0 1px 2px -1px rgba(0, 0, 0, 0.1); position: relative; outline-color: none; outline-style: none; outline-width: initial;"[39m
@qbs-autonaim/recruitment-assistant-extension:test:   [33mtype[39m=[32m"button"[39m
@qbs-autonaim/recruitment-assistant-extension:test: [36m>[39m
@qbs-autonaim/recruitment-assistant-extension:test:   [36m<span[39m
@qbs-autonaim/recruitment-assistant-extension:test:     [33mstyle[39m=[32m"white-space: nowrap;"[39m
@qbs-autonaim/recruitment-assistant-extension:test:   [36m>[39m
@qbs-autonaim/recruitment-assistant-extension:test:     [0m╨Ш╨╖╨▓╨╗╨╡╤З╤М ╨┤╨░╨╜╨╜╤Л╨╡[0m
@qbs-autonaim/recruitment-assistant-extension:test:   [36m</span>[39m
@qbs-autonaim/recruitment-assistant-extension:test: [36m</button>[39m
@qbs-autonaim/recruitment-assistant-extension:test: 
@qbs-autonaim/recruitment-assistant-extension:test: Ignored nodes: comments, script, style
@qbs-autonaim/recruitment-assistant-extension:test: [36m<button[39m
@qbs-autonaim/recruitment-assistant-extension:test:   [33maria-busy[39m=[32m"false"[39m
@qbs-autonaim/recruitment-assistant-extension:test:   [33maria-label[39m=[32m"╨Ш╨╖╨▓╨╗╨╡╤З╤М ╨┤╨░╨╜╨╜╤Л╨╡ ╨┐╤А╨╛╤Д╨╕╨╗╤П ╨║╨░╨╜╨┤╨╕╨┤╨░╤В╨░"[39m
@qbs-autonaim/recruitment-assistant-extension:test:   [33maria-live[39m=[32m"polite"[39m
@qbs-autonaim/recruitment-assistant-extension:test:   [33mstyle[39m=[32m"min-width: 44px; min-height: 44px; padding: 12px 24px; font-size: 16px; font-weight: 500; color: #ffffff; background-color: #2563eb; border: none none; border-radius: 8px; cursor: pointer; touch-action: manipulation; transition: background-color 0.2s ease, transform 0.1s ease, box-shadow 0.2s ease; display: flex; align-items: center; justify-content: center; gap: 8px; box-shadow: 0 1px 3px 0 rgba(0, 0, 0, 0.1), 0 1px 2px -1px rgba(0, 0, 0, 0.1); position: relative; outline-color: none; outline-style: none; outline-width: initial;"[39m
@qbs-autonaim/recruitment-assistant-extension:test:   [33mtype[39m=[32m"button"[39m
@qbs-autonaim/recruitment-assistant-extension:test: [36m>[39m
@qbs-autonaim/recruitment-assistant-extension:test:   [36m<span[39m
@qbs-autonaim/recruitment-assistant-extension:test:     [33mstyle[39m=[32m"white-space: nowrap;"[39m
@qbs-autonaim/recruitment-assistant-extension:test:   [36m>[39m
@qbs-autonaim/recruitment-assistant-extension:test:     [0m╨Ш╨╖╨▓╨╗╨╡╤З╤М ╨┤╨░╨╜╨╜╤Л╨╡[0m
@qbs-autonaim/recruitment-assistant-extension:test:   [36m</span>[39m
@qbs-autonaim/recruitment-assistant-extension:test: [36m</button>[39m
@qbs-autonaim/recruitment-assistant-extension:test: 
@qbs-autonaim/recruitment-assistant-extension:test: (If this is intentional, then use the `*AllBy*` variant of the query (like `queryAllByText`, `getAllByText`, or `findAllByText`)).
@qbs-autonaim/recruitment-assistant-extension:test: 
@qbs-autonaim/recruitment-assistant-extension:test: Ignored nodes: comments, script, style
@qbs-autonaim/recruitment-assistant-extension:test: [36m<body>[39m
@qbs-autonaim/recruitment-assistant-extension:test:   [0m
@qbs-autonaim/recruitment-assistant-extension:test:         [0m
@qbs-autonaim/recruitment-assistant-extension:test:   [36m<h1[39m
@qbs-autonaim/recruitment-assistant-extension:test:     [33mclass[39m=[32m"text-heading-xlarge"[39m
@qbs-autonaim/recruitment-assistant-extension:test:   [36m>[39m
@qbs-autonaim/recruitment-assistant-extension:test:     [0m╨Ш╨▓╨░╨╜ ╨Ш╨▓╨░╨╜╨╛╨▓[0m
@qbs-autonaim/recruitment-assistant-extension:test:   [36m</h1>[39m
@qbs-autonaim/recruitment-assistant-extension:test:   [0m
@qbs-autonaim/recruitment-assistant-extension:test:         [0m
@qbs-autonaim/recruitment-assistant-extension:test:   [36m<div[39m
@qbs-autonaim/recruitment-assistant-extension:test:     [33mclass[39m=[32m"text-body-medium"[39m
@qbs-autonaim/recruitment-assistant-extension:test:   [36m>[39m
@qbs-autonaim/recruitment-assistant-extension:test:     [0mSenior Developer[0m
@qbs-autonaim/recruitment-assistant-extension:test:   [36m</div>[39m
@qbs-autonaim/recruitment-assistant-extension:test:   [0m
@qbs-autonaim/recruitment-assistant-extension:test:         [0m
@qbs-autonaim/recruitment-assistant-extension:test:   [36m<span[39m
@qbs-autonaim/recruitment-assistant-extension:test:     [33mclass[39m=[32m"text-body-small inline"[39m
@qbs-autonaim/recruitment-assistant-extension:test:   [36m>[39m
@qbs-autonaim/recruitment-assistant-extension:test:     [0m╨Ь╨╛╤Б╨║╨▓╨░, ╨а╨╛╤Б╤Б╨╕╤П[0m
@qbs-autonaim/recruitment-assistant-extension:test:   [36m</span>[39m
@qbs-autonaim/recruitment-assistant-extension:test:   [0m
@qbs-autonaim/recruitment-assistant-extension:test:         [0m
@qbs-autonaim/recruitment-assistant-extension:test:   [36m<img[39m
@qbs-autonaim/recruitment-assistant-extension:test:     [33mclass[39m=[32m"pv-top-card-profile-picture__image"[39m
@qbs-autonaim/recruitment-assistant-extension:test:     [33msrc[39m=[32m"https://example.com/photo.jpg"[39m
@qbs-autonaim/recruitment-assistant-extension:test:   [36m/>[39m
@qbs-autonaim/recruitment-assistant-extension:test:   [0m
@qbs-autonaim/recruitment-assistant-extension:test:         
@qbs-autonaim/recruitment-assistant-extension:test:         [0m
@qbs-autonaim/recruitment-assistant-extension:test:   [36m<section[39m
@qbs-autonaim/recruitment-assistant-extension:test:     [33mid[39m=[32m"experience"[39m
@qbs-autonaim/recruitment-assistant-extension:test:   [36m>[39m
@qbs-autonaim/recruitment-assistant-extension:test:     [0m
@qbs-autonaim/recruitment-assistant-extension:test:           [0m
@qbs-autonaim/recruitment-assistant-extension:test:     [36m<ul>[39m
@qbs-autonaim/recruitment-assistant-extension:test:       [0m
@qbs-autonaim/recruitment-assistant-extension:test:             [0m
@qbs-autonaim/recruitment-assistant-extension:test:       [36m<li[39m
@qbs-autonaim/recruitment-assistant-extension:test:         [33mclass[39m=[32m"artdeco-list__item"[39m
@qbs-autonaim/recruitment-assistant-extension:test:       [36m>[39m
@qbs-autonaim/recruitment-assistant-extension:test:         [0m
@qbs-autonaim/recruitment-assistant-extension:test:               [0m
@qbs-autonaim/recruitment-assistant-extension:test:         [36m<div[39m
@qbs-autonaim/recruitment-assistant-extension:test:           [33mclass[39m=[32m"display-flex"[39m
@qbs-autonaim/recruitment-assistant-extension:test:         [36m>[39m
@qbs-autonaim/recruitment-assistant-extension:test:           [0m
@qbs-autonaim/recruitment-assistant-extension:test:                 [0m
@qbs-autonaim/recruitment-assistant-extension:test:           [36m<span[39m
@qbs-autonaim/recruitment-assistant-extension:test:             [33maria-hidden[39m=[32m"true"[39m
@qbs-autonaim/recruitment-assistant-extension:test:           [36m>[39m
@qbs-autonaim/recruitment-assistant-extension:test:             [0mSenior Developer[0m
@qbs-autonaim/recruitment-assistant-extension:test:           [36m</span>[39m
@qbs-autonaim/recruitment-assistant-extension:test:           [0m
@qbs-autonaim/recruitment-assistant-extension:test:               [0m
@qbs-autonaim/recruitment-assistant-extension:test:         [36m</div>[39m
@qbs-autonaim/recruitment-assistant-extension:test:         [0m
@qbs-autonaim/recruitment-assistant-extension:test:               [0m
@qbs-autonaim/recruitment-assistant-extension:test:         [36m<span[39m
@qbs-autonaim/recruitment-assistant-extension:test:           [33mclass[39m=[32m"t-14 t-normal"[39m
@qbs-autonaim/recruitment-assistant-extension:test:         [36m>[39m
@qbs-autonaim/recruitment-assistant-extension:test:           [0m
@qbs-autonaim/recruitment-assistant-extension:test:                 [0m
@qbs-autonaim/recruitment-assistant-extension:test:           [36m<span[39m
@qbs-autonaim/recruitment-assistant-extension:test:             [33maria-hidden[39m=[32m"true"[39m
@qbs-autonaim/recruitment-assistant-extension:test:           [36m>[39m
@qbs-autonaim/recruitment-assistant-extension:test:             [0mTech Company[0m
@qbs-autonaim/recruitment-assistant-extension:test:           [36m</span>[39m
@qbs-autonaim/recruitment-assistant-extension:test:           [0m
@qbs-autonaim/recruitment-assistant-extension:test:               [0m
@qbs-autonaim/recruitment-assistant-extension:test:         [36m</span>[39m
@qbs-autonaim/recruitment-assistant-extension:test:         [0m
@qbs-autonaim/recruitment-assistant-extension:test:               [0m
@qbs-autonaim/recruitment-assistant-extension:test:         [36m<span[39m
@qbs-autonaim/recruitment-assistant-extension:test:           [33mclass[39m=[32m"t-14 t-normal t-black--light"[39m
@qbs-autonaim/recruitment-assistant-extension:test:         [36m>[39m
@qbs-autonaim/recruitment-assistant-extension:test:           [0m
@qbs-autonaim/recruitment-assistant-extension:test:                 [0m
@qbs-autonaim/recruitment-assistant-extension:test:           [36m<span[39m
@qbs-autonaim/recruitment-assistant-extension:test:             [33maria-hidden[39m=[32m"true"[39m
@qbs-autonaim/recruitment-assistant-extension:test:           [36m>[39m
@qbs-autonaim/recruitment-assistant-extension:test:             [0m2020 тАУ ╨┐╨╛ ╨╜╨░╤Б╤В╨╛╤П╤Й╨╡╨╡ ╨▓╤А╨╡╨╝╤П[0m
@qbs-autonaim/recruitment-assistant-extension:test:           [36m</span>[39m
@qbs-autonaim/recruitment-assistant-extension:test:           [0m
@qbs-autonaim/recruitment-assistant-extension:test:               [0m
@qbs-autonaim/recruitment-assistant-extension:test:         [36m</span>[39m
@qbs-autonaim/recruitment-assistant-extension:test:         [0m
@qbs-autonaim/recruitment-assistant-extension:test:               [0m
@qbs-autonaim/recruitment-assistant-extension:test:         [36m<div[39m
@qbs-autonaim/recruitment-assistant-extension:test:           [33mclass[39m=[32m"display-flex full-width"[39m
@qbs-autonaim/recruitment-assistant-extension:test:         [36m>[39m
@qbs-autonaim/recruitment-assistant-extension:test:           [0m
@qbs-autonaim/recruitment-assistant-extension:test:                 [0m
@qbs-autonaim/recruitment-assistant-extension:test:           [36m<span[39m
@qbs-autonaim/recruitment-assistant-extension:test:             [33maria-hidden[39m=[32m"true"[39m
@qbs-autonaim/recruitment-assistant-extension:test:           [36m>[39m
@qbs-autonaim/recruitment-assistant-extension:test:             [0m╨а╨░╨╖╤А╨░╨▒╨╛╤В╨║╨░[0m
@qbs-autonaim/recruitment-assistant-extension:test:           [36m</span>[39m
@qbs-autonaim/recruitment-assistant-extension:test:           [0m
@qbs-autonaim/recruitment-assistant-extension:test:               [0m
@qbs-autonaim/recruitment-assistant-extension:test:         [36m</div>[39m
@qbs-autonaim/recruitment-assistant-extension:test:         [0m
@qbs-autonaim/recruitment-assistant-extension:test:             [0m
@qbs-autonaim/recruitment-assistant-extension:test:       [36m</li>[39m
@qbs-autonaim/recruitment-assistant-extension:test:       [0m
@qbs-autonaim/recruitment-assistant-extension:test:           [0m
@qbs-autonaim/recruitment-assistant-extension:test:     [36m</ul>[39m
@qbs-autonaim/recruitment-assistant-extension:test:     [0m
@qbs-autonaim/recruitment-assistant-extension:test:         [0m
@qbs-autonaim/recruitment-assistant-extension:test:   [36m</section>[39m
@qbs-autonaim/recruitment-assistant-extension:test:   [0m
@qbs-autonaim/recruitment-assistant-extension:test:         
@qbs-autonaim/recruitment-assistant-extension:test:         [0m
@qbs-autonaim/recruitment-assistant-extension:test:   [36m<section[39m
@qbs-autonaim/recruitment-assistant-extension:test:     [33mid[39m=[32m"education"[39m
@qbs-autonaim/recruitment-assistant-extension:test:   [36m>[39m
@qbs-autonaim/recruitment-assistant-extension:test:     [0m
@qbs-autonaim/recruitment-assistant-extension:test:           [0m
@qbs-autonaim/recruitment-assistant-extension:test:     [36m<ul>[39m
@qbs-autonaim/recruitment-assistant-extension:test:       [0m
@qbs-autonaim/recruitment-assistant-extension:test:             [0m
@qbs-autonaim/recruitment-assistant-extension:test:       [36m<li[39m
@qbs-autonaim/recruitment-assistant-extension:test:         [33mclass[39m=[32m"artdeco-list__item"[39m
@qbs-autonaim/recruitment-assistant-extension:test:       [36m>[39m
@qbs-autonaim/recruitment-assistant-extension:test:         [0m
@qbs-autonaim/recruitment-assistant-extension:test:               [0m
@qbs-autonaim/recruitment-assistant-extension:test:         [36m<div[39m
@qbs-autonaim/recruitment-assistant-extension:test:           [33mclass[39m=[32m"display-flex"[39m
@qbs-autonaim/recruitment-assistant-extension:test:         [36m>[39m
@qbs-autonaim/recruitment-assistant-extension:test:           [0m
@qbs-autonaim/recruitment-assistant-extension:test:                 [0m
@qbs-autonaim/recruitment-assistant-extension:test:           [36m<span[39m
@qbs-autonaim/recruitment-assistant-extension:test:             [33maria-hidden[39m=[32m"true"[39m
@qbs-autonaim/recruitment-assistant-extension:test:           [36m>[39m
@qbs-autonaim/recruitment-assistant-extension:test:             [0m╨Ь╨У╨г[0m
@qbs-autonaim/recruitment-assistant-extension:test:           [36m</span>[39m
@qbs-autonaim/recruitment-assistant-extension:test:           [0m
@qbs-autonaim/recruitment-assistant-extension:test:               [0m
@qbs-autonaim/recruitment-assistant-extension:test:         [36m</div>[39m
@qbs-autonaim/recruitment-assistant-extension:test:         [0m
@qbs-autonaim/recruitment-assistant-extension:test:               [0m
@qbs-autonaim/recruitment-assistant-extension:test:         [36m<span[39m
@qbs-autonaim/recruitment-assistant-extension:test:           [33mclass[39m=[32m"t-14 t-normal"[39m
@qbs-autonaim/recruitment-assistant-extension:test:         [36m>[39m
@qbs-autonaim/recruitment-assistant-extension:test:           [0m
@qbs-autonaim/recruitment-assistant-extension:test:                 [0m
@qbs-autonaim/recruitment-assistant-extension:test:           [36m<span[39m
@qbs-autonaim/recruitment-assistant-extension:test:             [33maria-hidden[39m=[32m"true"[39m
@qbs-autonaim/recruitment-assistant-extension:test:           [36m>[39m
@qbs-autonaim/recruitment-assistant-extension:test:             [0m╨С╨░╨║╨░╨╗╨░╨▓╤А[0m
@qbs-autonaim/recruitment-assistant-extension:test:           [36m</span>[39m
@qbs-autonaim/recruitment-assistant-extension:test:           [0m
@qbs-autonaim/recruitment-assistant-extension:test:               [0m
@qbs-autonaim/recruitment-assistant-extension:test:         [36m</span>[39m
@qbs-autonaim/recruitment-assistant-extension:test:         [0m
@qbs-autonaim/recruitment-assistant-extension:test:               [0m
@qbs-autonaim/recruitment-assistant-extension:test:         [36m<span[39m
@qbs-autonaim/recruitment-assistant-extension:test:           [33mclass[39m=[32m"t-14 t-normal t-black--light"[39m
@qbs-autonaim/recruitment-assistant-extension:test:         [36m>[39m
@qbs-autonaim/recruitment-assistant-extension:test:           [0m
@qbs-autonaim/recruitment-assistant-extension:test:                 [0m
@qbs-autonaim/recruitment-assistant-extension:test:           [36m<span[39m
@qbs-autonaim/recruitment-assistant-extension:test:             [33maria-hidden[39m=[32m"true"[39m
@qbs-autonaim/recruitment-assistant-extension:test:           [36m>[39m
@qbs-autonaim/recruitment-assistant-extension:test:             [0m╨Ш╨╜╤Д╨╛╤А╨╝╨░╤В╨╕╨║╨░[0m
@qbs-autonaim/recruitment-assistant-extension:test:           [36m</span>[39m
@qbs-autonaim/recruitment-assistant-extension:test:           [0m
@qbs-autonaim/recruitment-assistant-extension:test:               [0m
@qbs-autonaim/recruitment-assistant-extension:test:         [36m</span>[39m
@qbs-autonaim/recruitment-assistant-extension:test:         [0m
@qbs-autonaim/recruitment-assistant-extension:test:               [0m
@qbs-autonaim/recruitment-assistant-extension:test:         [36m<span[39m
@qbs-autonaim/recruitment-assistant-extension:test:           [33mclass[39m=[32m"t-14 t-normal t-black--light"[39m
@qbs-autonaim/recruitment-assistant-extension:test:         [36m>[39m
@qbs-autonaim/recruitment-assistant-extension:test:           [0m
@qbs-autonaim/recruitment-assistant-extension:test:                 [0m
@qbs-autonaim/recruitment-assistant-extension:test:           [36m<span[39m
@qbs-autonaim/recruitment-assistant-extension:test:             [33maria-hidden[39m=[32m"true"[39m
@qbs-autonaim/recruitment-assistant-extension:test:           [36m>[39m
@qbs-autonaim/recruitment-assistant-extension:test:             [0m2015 тАУ 2019[0m
@qbs-autonaim/recruitment-assistant-extension:test:           [36m</span>[39m
@qbs-autonaim/recruitment-assistant-extension:test:           [0m
@qbs-autonaim/recruitment-assistant-extension:test:               [0m
@qbs-autonaim/recruitment-assistant-extension:test:         [36m</span>[39m
@qbs-autonaim/recruitment-assistant-extension:test:         [0m
@qbs-autonaim/recruitment-assistant-extension:test:             [0m
@qbs-autonaim/recruitment-assistant-extension:test:       [36m</li>[39m
@qbs-autonaim/recruitment-assistant-extension:test:       [0m
@qbs-autonaim/recruitment-assistant-extension:test:           [0m
@qbs-autonaim/recruitment-assistant-extension:test:     [36m</ul>[39m
@qbs-autonaim/recruitment-assistant-extension:test:     [0m
@qbs-autonaim/recruitment-assistant-extension:test:         [0m
@qbs-autonaim/recruitment-assistant-extension:test:   [36m</section>[39m
@qbs-autonaim/recruitment-assistant-extension:test:   [0m
@qbs-autonaim/recruitment-assistant-extension:test:         
@qbs-autonaim/recruitment-assistant-extension:test:         [0m
@qbs-autonaim/recruitment-assistant-extension:test:   [36m<section[39m
@qbs-autonaim/recruitment-assistant-extension:test:     [33mid[39m=[32m"skills"[39m
@qbs-autonaim/recruitment-assistant-extension:test:   [36m>[39m
@qbs-autonaim/recruitment-assistant-extension:test:     [0m
@qbs-autonaim/recruitment-assistant-extension:test:           [0m
@qbs-autonaim/recruitment-assistant-extension:test:     [36m<span[39m
@qbs-autonaim/recruitment-assistant-extension:test:       [33maria-hidden[39m=[32m"true"[39m
@qbs-autonaim/recruitment-assistant-extension:test:     [36m>[39m
@qbs-autonaim/recruitment-assistant-extension:test:       [0mTypeScript[0m
@qbs-autonaim/recruitment-assistant-extension:test:     [36m</span>[39m
@qbs-autonaim/recruitment-assistant-extension:test:     [0m
@qbs-autonaim/recruitment-assistant-extension:test:           [0m
@qbs-autonaim/recruitment-assistant-extension:test:     [36m<span[39m
@qbs-autonaim/recruitment-assistant-extension:test:       [33maria-hidden[39m=[32m"true"[39m
@qbs-autonaim/recruitment-assistant-extension:test:     [36m>[39m
@qbs-autonaim/recruitment-assistant-extension:test:       [0mReact[0m
@qbs-autonaim/recruitment-assistant-extension:test:     [36m</span>[39m
@qbs-autonaim/recruitment-assistant-extension:test:     [0m
@qbs-autonaim/recruitment-assistant-extension:test:         [0m
@qbs-autonaim/recruitment-assistant-extension:test:   [36m</section>[39m
@qbs-autonaim/recruitment-assistant-extension:test:   [0m
@qbs-autonaim/recruitment-assistant-extension:test:         
@qbs-autonaim/recruitment-assistant-extension:test:         [0m
@qbs-autonaim/recruitment-assistant-extension:test:   [36m<section[39m
@qbs-autonaim/recruitment-assistant-extension:test:     [33mclass[39m=[32m"pv-contact-info"[39m
@qbs-autonaim/recruitment-assistant-extension:test:   [36m>[39m
@qbs-autonaim/recruitment-assistant-extension:test:     [0m
@qbs-autonaim/recruitment-assistant-extension:test:           [0m
@qbs-autonaim/recruitment-assistant-extension:test:     [36m<a[39m
@qbs-autonaim/recruitment-assistant-extension:test:       [33mhref[39m=[32m"mailto:ivan@example.com"[39m
@qbs-autonaim/recruitment-assistant-extension:test:     [36m>[39m
@qbs-autonaim/recruitment-assistant-extension:test:       [0mEmail[0m
@qbs-autonaim/recruitment-assistant-extension:test:     [36m</a>[39m
@qbs-autonaim/recruitment-assistant-extension:test:     [0m
@qbs-autonaim/recruitment-assistant-extension:test:           [0m
@qbs-autonaim/recruitment-assistant-extension:test:     [36m<span[39m
@qbs-autonaim/recruitment-assistant-extension:test:       [33mclass[39m=[32m"t-14 t-black t-normal"[39m
@qbs-autonaim/recruitment-assistant-extension:test:     [36m>[39m
@qbs-autonaim/recruitment-assistant-extension:test:       [0m+7 (999) 123-45-67[0m
@qbs-autonaim/recruitment-assistant-extension:test:     [36m</span>[39m
@qbs-autonaim/recruitment-assistant-extension:test:     [0m
@qbs-autonaim/recruitment-assistant-extension:test:         [0m
@qbs-autonaim/recruitment-assistant-extension:test:   [36m</section>[39m
@qbs-autonaim/recruitment-assistant-extension:test:   [0m
@qbs-autonaim/recruitment-assistant-extension:test:       [0m
@qbs-autonaim/recruitment-assistant-extension:test:   [36m<div>[39m
@qbs-autonaim/recruitment-assistant-extension:test:     [36m<button[39m
@qbs-autonaim/recruitment-assistant-extension:test:       [33maria-busy[39m=[32m"false"[39m
@qbs-autonaim/recruitment-assistant-extension:test:       [33maria-label[39m=[32m"╨Ш╨╖╨▓╨╗╨╡╤З╤М ╨┤╨░╨╜╨╜╤Л╨╡ ╨┐╤А╨╛╤Д╨╕╨╗╤П ╨║╨░╨╜╨┤╨╕╨┤╨░╤В╨░"[39m
@qbs-autonaim/recruitment-assistant-extension:test:       [33maria-live[39m=[32m"polite"[39m
@qbs-autonaim/recruitment-assistant-extension:test:       [33mstyle[39m=[32m"min-width: 44px; min-height: 44px; padding: 12px 24px; font-size: 16px; font-weight: 500; color: #ffffff; background-color: #2563eb; border: none none; border-radius: 8px; cursor: pointer; touch-action: manipulation; transition: background-color 0.2s ease, transform 0.1s ease, box-shadow 0.2s ease; display: flex; align-items: center; justify-content: center; gap: 8px; box-shadow: 0 1px 3px 0 rgba(0, 0, 0, 0.1), 0 1px 2px -1px rgba(0, 0, 0, 0.1); position: relative; outline-color: none; outline-style: none; outline-width: initial;"[39m
@qbs-autonaim/recruitment-assistant-extension:test:       [33mtype[39m=[32m"button"[39m
@qbs-autonaim/recruitment-assistant-extension:test:     [36m>[39m
@qbs-autonaim/recruitment-assistant-extension:test:       [36m<span[39m
@qbs-autonaim/recruitment-assistant-extension:test:         [33mstyle[39m=[32m"white-space: nowrap;"[39m
@qbs-autonaim/recruitment-assistant-extension:test:       [36m>[39m
@qbs-autonaim/recruitment-assistant-extension:test:         [0m╨Ш╨╖╨▓╨╗╨╡╤З╤М ╨┤╨░╨╜╨╜╤Л╨╡[0m
@qbs-autonaim/recruitment-assistant-extension:test:       [36m</span>[39m
@qbs-autonaim/recruitment-assistant-extension:test:     [36m</button>[39m
@qbs-autonaim/recruitment-assistant-extension:test:   [36m</div>[39m
@qbs-autonaim/recruitment-assistant-extension:test:   [36m<div>[39m
@qbs-autonaim/recruitment-assistant-extension:test:     [36m<button[39m
@qbs-autonaim/recruitment-assistant-extension:test:       [33maria-busy[39m=[32m"true"[39m
@qbs-autonaim/recruitment-assistant-extension:test:       [33maria-label[39m=[32m"╨Ш╨╖╨▓╨╗╨╡╤З╤М ╨┤╨░╨╜╨╜╤Л╨╡ ╨┐╤А╨╛╤Д╨╕╨╗╤П ╨║╨░╨╜╨┤╨╕╨┤╨░╤В╨░"[39m
@qbs-autonaim/recruitment-assistant-extension:test:       [33maria-live[39m=[32m"polite"[39m
@qbs-autonaim/recruitment-assistant-extension:test:       [33mdisabled[39m=[32m""[39m
@qbs-autonaim/recruitment-assistant-extension:test:       [33mstyle[39m=[32m"min-width: 44px; min-height: 44px; padding: 12px 24px; font-size: 16px; font-weight: 500; color: #ffffff; background-color: #6b7280; border: none none; border-radius: 8px; cursor: not-all...
@qbs-autonaim/recruitment-assistant-extension:test:       at <anonymous> (C:\Projects\kwork\selectio\node_modules\@testing-library\dom\dist\query-helpers.js:59:30)
@qbs-autonaim/recruitment-assistant-extension:test:       at <anonymous> (C:\Projects\kwork\selectio\node_modules\@testing-library\dom\dist\query-helpers.js:95:19)
@qbs-autonaim/recruitment-assistant-extension:test:       at <anonymous> (C:\Projects\kwork\selectio\apps\recruitment-assistant-extension\src\content\ui\action-button.test.tsx:52:29)
@qbs-autonaim/recruitment-assistant-extension:test: (fail) ActionButton > ╨Ф╨╛╤Б╤В╤Г╨┐╨╜╨╛╤Б╤В╤М (ARIA) > ╨┤╨╛╨╗╨╢╨╡╨╜ ╨╕╨╝╨╡╤В╤М aria-label [15.00ms]
@qbs-autonaim/recruitment-assistant-extension:test: 54 |       const elementStrings = els.map(element => getElementError(null, element).message).join('\n\n');
@qbs-autonaim/recruitment-assistant-extension:test: 55 |       throw getMultipleElementsFoundError(`${getMultipleError(container, ...args)}
@qbs-autonaim/recruitment-assistant-extension:test: 56 | 
@qbs-autonaim/recruitment-assistant-extension:test: 57 | Here are the matching elements:
@qbs-autonaim/recruitment-assistant-extension:test: 58 | 
@qbs-autonaim/recruitment-assistant-extension:test: 59 | ${elementStrings}`, container);
@qbs-autonaim/recruitment-assistant-extension:test:                                   ^
@qbs-autonaim/recruitment-assistant-extension:test: TestingLibraryElementError: Found multiple elements with the role "button"
@qbs-autonaim/recruitment-assistant-extension:test: 
@qbs-autonaim/recruitment-assistant-extension:test: Here are the matching elements:
@qbs-autonaim/recruitment-assistant-extension:test: 
@qbs-autonaim/recruitment-assistant-extension:test: Ignored nodes: comments, script, style
@qbs-autonaim/recruitment-assistant-extension:test: [36m<button[39m
@qbs-autonaim/recruitment-assistant-extension:test:   [33maria-busy[39m=[32m"false"[39m
@qbs-autonaim/recruitment-assistant-extension:test:   [33maria-label[39m=[32m"╨Ш╨╖╨▓╨╗╨╡╤З╤М ╨┤╨░╨╜╨╜╤Л╨╡ ╨┐╤А╨╛╤Д╨╕╨╗╤П ╨║╨░╨╜╨┤╨╕╨┤╨░╤В╨░"[39m
@qbs-autonaim/recruitment-assistant-extension:test:   [33maria-live[39m=[32m"polite"[39m
@qbs-autonaim/recruitment-assistant-extension:test:   [33mstyle[39m=[32m"min-width: 44px; min-height: 44px; padding: 12px 24px; font-size: 16px; font-weight: 500; color: #ffffff; background-color: #2563eb; border: none none; border-radius: 8px; cursor: pointer; touch-action: manipulation; transition: background-color 0.2s ease, transform 0.1s ease, box-shadow 0.2s ease; display: flex; align-items: center; justify-content: center; gap: 8px; box-shadow: 0 1px 3px 0 rgba(0, 0, 0, 0.1), 0 1px 2px -1px rgba(0, 0, 0, 0.1); position: relative; outline-color: none; outline-style: none; outline-width: initial;"[39m
@qbs-autonaim/recruitment-assistant-extension:test:   [33mtype[39m=[32m"button"[39m
@qbs-autonaim/recruitment-assistant-extension:test: [36m>[39m
@qbs-autonaim/recruitment-assistant-extension:test:   [36m<span[39m
@qbs-autonaim/recruitment-assistant-extension:test:     [33mstyle[39m=[32m"white-space: nowrap;"[39m
@qbs-autonaim/recruitment-assistant-extension:test:   [36m>[39m
@qbs-autonaim/recruitment-assistant-extension:test:     [0m╨Ш╨╖╨▓╨╗╨╡╤З╤М ╨┤╨░╨╜╨╜╤Л╨╡[0m
@qbs-autonaim/recruitment-assistant-extension:test:   [36m</span>[39m
@qbs-autonaim/recruitment-assistant-extension:test: [36m</button>[39m
@qbs-autonaim/recruitment-assistant-extension:test: 
@qbs-autonaim/recruitment-assistant-extension:test: Ignored nodes: comments, script, style
@qbs-autonaim/recruitment-assistant-extension:test: [36m<button[39m
@qbs-autonaim/recruitment-assistant-extension:test:   [33maria-busy[39m=[32m"true"[39m
@qbs-autonaim/recruitment-assistant-extension:test:   [33maria-label[39m=[32m"╨Ш╨╖╨▓╨╗╨╡╤З╤М ╨┤╨░╨╜╨╜╤Л╨╡ ╨┐╤А╨╛╤Д╨╕╨╗╤П ╨║╨░╨╜╨┤╨╕╨┤╨░╤В╨░"[39m
@qbs-autonaim/recruitment-assistant-extension:test:   [33maria-live[39m=[32m"polite"[39m
@qbs-autonaim/recruitment-assistant-extension:test:   [33mdisabled[39m=[32m""[39m
@qbs-autonaim/recruitment-assistant-extension:test:   [33mstyle[39m=[32m"min-width: 44px; min-height: 44px; padding: 12px 24px; font-size: 16px; font-weight: 500; color: #ffffff; background-color: #6b7280; border: none none; border-radius: 8px; cursor: not-allowed; touch-action: manipulation; transition: background-color 0.2s ease, transform 0.1s ease, box-shadow 0.2s ease; display: flex; align-items: center; justify-content: center; gap: 8px; box-shadow: 0 1px 3px 0 rgba(0, 0, 0, 0.1), 0 1px 2px -1px rgba(0, 0, 0, 0.1); position: relative; outline-color: none; outline-style: none; outline-width: initial;"[39m
@qbs-autonaim/recruitment-assistant-extension:test:   [33mtype[39m=[32m"button"[39m
@qbs-autonaim/recruitment-assistant-extension:test: [36m>[39m
@qbs-autonaim/recruitment-assistant-extension:test:   [36m<svg[39m
@qbs-autonaim/recruitment-assistant-extension:test:     [33maria-hidden[39m=[32m"true"[39m
@qbs-autonaim/recruitment-assistant-extension:test:     [33mfill[39m=[32m"none"[39m
@qbs-autonaim/recruitment-assistant-extension:test:     [33mrole[39m=[32m"presentation"[39m
@qbs-autonaim/recruitment-assistant-extension:test:     [33mstyle[39m=[32m"width: 16px; height: 16px; animation: spin 1s linear infinite; flex-shrink: 0;"[39m
@qbs-autonaim/recruitment-assistant-extension:test:     [33mviewBox[39m=[32m"0 0 24 24"[39m
@qbs-autonaim/recruitment-assistant-extension:test:   [36m>[39m
@qbs-autonaim/recruitment-assistant-extension:test:     [36m<circle[39m
@qbs-autonaim/recruitment-assistant-extension:test:       [33mcx[39m=[32m"12"[39m
@qbs-autonaim/recruitment-assistant-extension:test:       [33mcy[39m=[32m"12"[39m
@qbs-autonaim/recruitment-assistant-extension:test:       [33mr[39m=[32m"10"[39m
@qbs-autonaim/recruitment-assistant-extension:test:       [33mstroke[39m=[32m"currentColor"[39m
@qbs-autonaim/recruitment-assistant-extension:test:       [33mstroke-opacity[39m=[32m"0.25"[39m
@qbs-autonaim/recruitment-assistant-extension:test:       [33mstroke-width[39m=[32m"4"[39m
@qbs-autonaim/recruitment-assistant-extension:test:     [36m/>[39m
@qbs-autonaim/recruitment-assistant-extension:test:     [36m<path[39m
@qbs-autonaim/recruitment-assistant-extension:test:       [33md[39m=[32m"M4 12a8 8 0 018-8V0C5.373 0 0 5.373 0 12h4zm2 5.291A7.962 7.962 0 014 12H0c0 3.042 1.135 5.824 3 7.938l3-2.647z"[39m
@qbs-autonaim/recruitment-assistant-extension:test:       [33mfill[39m=[32m"currentColor"[39m
@qbs-autonaim/recruitment-assistant-extension:test:       [33mopacity[39m=[32m"0.75"[39m
@qbs-autonaim/recruitment-assistant-extension:test:     [36m/>[39m
@qbs-autonaim/recruitment-assistant-extension:test:   [36m</svg>[39m
@qbs-autonaim/recruitment-assistant-extension:test:   [36m<span[39m
@qbs-autonaim/recruitment-assistant-extension:test:     [33mstyle[39m=[32m"white-space: nowrap;"[39m
@qbs-autonaim/recruitment-assistant-extension:test:   [36m>[39m
@qbs-autonaim/recruitment-assistant-extension:test:     [0m╨Ш╨╖╨▓╨╗╨╡╤З╨╡╨╜╨╕╨╡ ╨┤╨░╨╜╨╜╤Л╤ЕтАж[0m
@qbs-autonaim/recruitment-assistant-extension:test:   [36m</span>[39m
@qbs-autonaim/recruitment-assistant-extension:test: [36m</button>[39m
@qbs-autonaim/recruitment-assistant-extension:test: 
@qbs-autonaim/recruitment-assistant-extension:test: Ignored nodes: comments, script, style
@qbs-autonaim/recruitment-assistant-extension:test: [36m<button[39m
@qbs-autonaim/recruitment-assistant-extension:test:   [33maria-busy[39m=[32m"true"[39m
@qbs-autonaim/recruitment-assistant-extension:test:   [33maria-label[39m=[32m"╨Ш╨╖╨▓╨╗╨╡╤З╤М ╨┤╨░╨╜╨╜╤Л╨╡ ╨┐╤А╨╛╤Д╨╕╨╗╤П ╨║╨░╨╜╨┤╨╕╨┤╨░╤В╨░"[39m
@qbs-autonaim/recruitment-assistant-extension:test:   [33maria-live[39m=[32m"polite"[39m
@qbs-autonaim/recruitment-assistant-extension:test:   [33mdisabled[39m=[32m""[39m
@qbs-autonaim/recruitment-assistant-extension:test:   [33mstyle[39m=[32m"min-width: 44px; min-height: 44px; padding: 12px 24px; font-size: 16px; font-weight: 500; color: #ffffff; background-color: #6b7280; border: none none; border-radius: 8px; cursor: not-allowed; touch-action: manipulation; transition: background-color 0.2s ease, transform 0.1s ease, box-shadow 0.2s ease; display: flex; align-items: center; justify-content: center; gap: 8px; box-shadow: 0 1px 3px 0 rgba(0, 0, 0, 0.1), 0 1px 2px -1px rgba(0, 0, 0, 0.1); position: relative; outline-color: none; outline-style: none; outline-width: initial;"[39m
@qbs-autonaim/recruitment-assistant-extension:test:   [33mtype[39m=[32m"button"[39m
@qbs-autonaim/recruitment-assistant-extension:test: [36m>[39m
@qbs-autonaim/recruitment-assistant-extension:test:   [36m<svg[39m
@qbs-autonaim/recruitment-assistant-extension:test:     [33maria-hidden[39m=[32m"true"[39m
@qbs-autonaim/recruitment-assistant-extension:test:     [33mfill[39m=[32m"none"[39m
@qbs-autonaim/recruitment-assistant-extension:test:     [33mrole[39m=[32m"presentation"[39m
@qbs-autonaim/recruitment-assistant-extension:test:     [33mstyle[39m=[32m"width: 16px; height: 16px; animation: spin 1s linear infinite; flex-shrink: 0;"[39m
@qbs-autonaim/recruitment-assistant-extension:test:     [33mviewBox[39m=[32m"0 0 24 24"[39m
@qbs-autonaim/recruitment-assistant-extension:test:   [36m>[39m
@qbs-autonaim/recruitment-assistant-extension:test:     [36m<circle[39m
@qbs-autonaim/recruitment-assistant-extension:test:       [33mcx[39m=[32m"12"[39m
@qbs-autonaim/recruitment-assistant-extension:test:       [33mcy[39m=[32m"12"[39m
@qbs-autonaim/recruitment-assistant-extension:test:       [33mr[39m=[32m"10"[39m
@qbs-autonaim/recruitment-assistant-extension:test:       [33mstroke[39m=[32m"currentColor"[39m
@qbs-autonaim/recruitment-assistant-extension:test:       [33mstroke-opacity[39m=[32m"0.25"[39m
@qbs-autonaim/recruitment-assistant-extension:test:       [33mstroke-width[39m=[32m"4"[39m
@qbs-autonaim/recruitment-assistant-extension:test:     [36m/>[39m
@qbs-autonaim/recruitment-assistant-extension:test:     [36m<path[39m
@qbs-autonaim/recruitment-assistant-extension:test:       [33md[39m=[32m"M4 12a8 8 0 018-8V0C5.373 0 0 5.373 0 12h4zm2 5.291A7.962 7.962 0 014 12H0c0 3.042 1.135 5.824 3 7.938l3-2.647z"[39m
@qbs-autonaim/recruitment-assistant-extension:test:       [33mfill[39m=[32m"currentColor"[39m
@qbs-autonaim/recruitment-assistant-extension:test:       [33mopacity[39m=[32m"0.75"[39m
@qbs-autonaim/recruitment-assistant-extension:test:     [36m/>[39m
@qbs-autonaim/recruitment-assistant-extension:test:   [36m</svg>[39m
@qbs-autonaim/recruitment-assistant-extension:test:   [36m<span[39m
@qbs-autonaim/recruitment-assistant-extension:test:     [33mstyle[39m=[32m"white-space: nowrap;"[39m
@qbs-autonaim/recruitment-assistant-extension:test:   [36m>[39m
@qbs-autonaim/recruitment-assistant-extension:test:     [0m╨Ш╨╖╨▓╨╗╨╡╤З╨╡╨╜╨╕╨╡ ╨┤╨░╨╜╨╜╤Л╤ЕтАж[0m
@qbs-autonaim/recruitment-assistant-extension:test:   [36m</span>[39m
@qbs-autonaim/recruitment-assistant-extension:test: [36m</button>[39m
@qbs-autonaim/recruitment-assistant-extension:test: 
@qbs-autonaim/recruitment-assistant-extension:test: Ignored nodes: comments, script, style
@qbs-autonaim/recruitment-assistant-extension:test: [36m<button[39m
@qbs-autonaim/recruitment-assistant-extension:test:   [33maria-busy[39m=[32m"false"[39m
@qbs-autonaim/recruitment-assistant-extension:test:   [33maria-label[39m=[32m"╨Ш╨╖╨▓╨╗╨╡╤З╤М ╨┤╨░╨╜╨╜╤Л╨╡ ╨┐╤А╨╛╤Д╨╕╨╗╤П ╨║╨░╨╜╨┤╨╕╨┤╨░╤В╨░"[39m
@qbs-autonaim/recruitment-assistant-extension:test:   [33maria-live[39m=[32m"polite"[39m
@qbs-autonaim/recruitment-assistant-extension:test:   [33mstyle[39m=[32m"min-width: 44px; min-height: 44px; padding: 12px 24px; font-size: 16px; font-weight: 500; color: #ffffff; background-color: #2563eb; border: none none; border-radius: 8px; cursor: pointer; touch-action: manipulation; transition: background-color 0.2s ease, transform 0.1s ease, box-shadow 0.2s ease; display: flex; align-items: center; justify-content: center; gap: 8px; box-shadow: 0 1px 3px 0 rgba(0, 0, 0, 0.1), 0 1px 2px -1px rgba(0, 0, 0, 0.1); position: relative; outline-color: none; outline-style: none; outline-width: initial;"[39m
@qbs-autonaim/recruitment-assistant-extension:test:   [33mtype[39m=[32m"button"[39m
@qbs-autonaim/recruitment-assistant-extension:test: [36m>[39m
@qbs-autonaim/recruitment-assistant-extension:test:   [36m<span[39m
@qbs-autonaim/recruitment-assistant-extension:test:     [33mstyle[39m=[32m"white-space: nowrap;"[39m
@qbs-autonaim/recruitment-assistant-extension:test:   [36m>[39m
@qbs-autonaim/recruitment-assistant-extension:test:     [0m╨Ш╨╖╨▓╨╗╨╡╤З╤М ╨┤╨░╨╜╨╜╤Л╨╡[0m
@qbs-autonaim/recruitment-assistant-extension:test:   [36m</span>[39m
@qbs-autonaim/recruitment-assistant-extension:test: [36m</button>[39m
@qbs-autonaim/recruitment-assistant-extension:test: 
@qbs-autonaim/recruitment-assistant-extension:test: Ignored nodes: comments, script, style
@qbs-autonaim/recruitment-assistant-extension:test: [36m<button[39m
@qbs-autonaim/recruitment-assistant-extension:test:   [33maria-busy[39m=[32m"false"[39m
@qbs-autonaim/recruitment-assistant-extension:test:   [33maria-label[39m=[32m"╨Ш╨╖╨▓╨╗╨╡╤З╤М ╨┤╨░╨╜╨╜╤Л╨╡ ╨┐╤А╨╛╤Д╨╕╨╗╤П ╨║╨░╨╜╨┤╨╕╨┤╨░╤В╨░"[39m
@qbs-autonaim/recruitment-assistant-extension:test:   [33maria-live[39m=[32m"polite"[39m
@qbs-autonaim/recruitment-assistant-extension:test:   [33mstyle[39m=[32m"min-width: 44px; min-height: 44px; padding: 12px 24px; font-size: 16px; font-weight: 500; color: #ffffff; background-color: #2563eb; border: none none; border-radius: 8px; cursor: pointer; touch-action: manipulation; transition: background-color 0.2s ease, transform 0.1s ease, box-shadow 0.2s ease; display: flex; align-items: center; justify-content: center; gap: 8px; box-shadow: 0 1px 3px 0 rgba(0, 0, 0, 0.1), 0 1px 2px -1px rgba(0, 0, 0, 0.1); position: relative; outline-color: none; outline-style: none; outline-width: initial;"[39m
@qbs-autonaim/recruitment-assistant-extension:test:   [33mtype[39m=[32m"button"[39m
@qbs-autonaim/recruitment-assistant-extension:test: [36m>[39m
@qbs-autonaim/recruitment-assistant-extension:test:   [36m<span[39m
@qbs-autonaim/recruitment-assistant-extension:test:     [33mstyle[39m=[32m"white-space: nowrap;"[39m
@qbs-autonaim/recruitment-assistant-extension:test:   [36m>[39m
@qbs-autonaim/recruitment-assistant-extension:test:     [0m╨Ш╨╖╨▓╨╗╨╡╤З╤М ╨┤╨░╨╜╨╜╤Л╨╡[0m
@qbs-autonaim/recruitment-assistant-extension:test:   [36m</span>[39m
@qbs-autonaim/recruitment-assistant-extension:test: [36m</button>[39m
@qbs-autonaim/recruitment-assistant-extension:test: 
@qbs-autonaim/recruitment-assistant-extension:test: Ignored nodes: comments, script, style
@qbs-autonaim/recruitment-assistant-extension:test: [36m<button[39m
@qbs-autonaim/recruitment-assistant-extension:test:   [33maria-busy[39m=[32m"false"[39m
@qbs-autonaim/recruitment-assistant-extension:test:   [33maria-label[39m=[32m"╨Ш╨╖╨▓╨╗╨╡╤З╤М ╨┤╨░╨╜╨╜╤Л╨╡ ╨┐╤А╨╛╤Д╨╕╨╗╤П ╨║╨░╨╜╨┤╨╕╨┤╨░╤В╨░"[39m
@qbs-autonaim/recruitment-assistant-extension:test:   [33maria-live[39m=[32m"polite"[39m
@qbs-autonaim/recruitment-assistant-extension:test:   [33mstyle[39m=[32m"min-width: 44px; min-height: 44px; padding: 12px 24px; font-size: 16px; font-weight: 500; color: #ffffff; background-color: #2563eb; border: none none; border-radius: 8px; cursor: pointer; touch-action: manipulation; transition: background-color 0.2s ease, transform 0.1s ease, box-shadow 0.2s ease; display: flex; align-items: center; justify-content: center; gap: 8px; box-shadow: 0 1px 3px 0 rgba(0, 0, 0, 0.1), 0 1px 2px -1px rgba(0, 0, 0, 0.1); position: relative; outline-color: none; outline-style: none; outline-width: initial;"[39m
@qbs-autonaim/recruitment-assistant-extension:test:   [33mtype[39m=[32m"button"[39m
@qbs-autonaim/recruitment-assistant-extension:test: [36m>[39m
@qbs-autonaim/recruitment-assistant-extension:test:   [36m<span[39m
@qbs-autonaim/recruitment-assistant-extension:test:     [33mstyle[39m=[32m"white-space: nowrap;"[39m
@qbs-autonaim/recruitment-assistant-extension:test:   [36m>[39m
@qbs-autonaim/recruitment-assistant-extension:test:     [0m╨Ш╨╖╨▓╨╗╨╡╤З╤М ╨┤╨░╨╜╨╜╤Л╨╡[0m
@qbs-autonaim/recruitment-assistant-extension:test:   [36m</span>[39m
@qbs-autonaim/recruitment-assistant-extension:test: [36m</button>[39m
@qbs-autonaim/recruitment-assistant-extension:test: 
@qbs-autonaim/recruitment-assistant-extension:test: (If this is intentional, then use the `*AllBy*` variant of the query (like `queryAllByText`, `getAllByText`, or `findAllByText`)).
@qbs-autonaim/recruitment-assistant-extension:test: 
@qbs-autonaim/recruitment-assistant-extension:test: Ignored nodes: comments, script, style
@qbs-autonaim/recruitment-assistant-extension:test: [36m<body>[39m
@qbs-autonaim/recruitment-assistant-extension:test:   [0m
@qbs-autonaim/recruitment-assistant-extension:test:         [0m
@qbs-autonaim/recruitment-assistant-extension:test:   [36m<h1[39m
@qbs-autonaim/recruitment-assistant-extension:test:     [33mclass[39m=[32m"text-heading-xlarge"[39m
@qbs-autonaim/recruitment-assistant-extension:test:   [36m>[39m
@qbs-autonaim/recruitment-assistant-extension:test:     [0m╨Ш╨▓╨░╨╜ ╨Ш╨▓╨░╨╜╨╛╨▓[0m
@qbs-autonaim/recruitment-assistant-extension:test:   [36m</h1>[39m
@qbs-autonaim/recruitment-assistant-extension:test:   [0m
@qbs-autonaim/recruitment-assistant-extension:test:         [0m
@qbs-autonaim/recruitment-assistant-extension:test:   [36m<div[39m
@qbs-autonaim/recruitment-assistant-extension:test:     [33mclass[39m=[32m"text-body-medium"[39m
@qbs-autonaim/recruitment-assistant-extension:test:   [36m>[39m
@qbs-autonaim/recruitment-assistant-extension:test:     [0mSenior Developer[0m
@qbs-autonaim/recruitment-assistant-extension:test:   [36m</div>[39m
@qbs-autonaim/recruitment-assistant-extension:test:   [0m
@qbs-autonaim/recruitment-assistant-extension:test:         [0m
@qbs-autonaim/recruitment-assistant-extension:test:   [36m<span[39m
@qbs-autonaim/recruitment-assistant-extension:test:     [33mclass[39m=[32m"text-body-small inline"[39m
@qbs-autonaim/recruitment-assistant-extension:test:   [36m>[39m
@qbs-autonaim/recruitment-assistant-extension:test:     [0m╨Ь╨╛╤Б╨║╨▓╨░, ╨а╨╛╤Б╤Б╨╕╤П[0m
@qbs-autonaim/recruitment-assistant-extension:test:   [36m</span>[39m
@qbs-autonaim/recruitment-assistant-extension:test:   [0m
@qbs-autonaim/recruitment-assistant-extension:test:         [0m
@qbs-autonaim/recruitment-assistant-extension:test:   [36m<img[39m
@qbs-autonaim/recruitment-assistant-extension:test:     [33mclass[39m=[32m"pv-top-card-profile-picture__image"[39m
@qbs-autonaim/recruitment-assistant-extension:test:     [33msrc[39m=[32m"https://example.com/photo.jpg"[39m
@qbs-autonaim/recruitment-assistant-extension:test:   [36m/>[39m
@qbs-autonaim/recruitment-assistant-extension:test:   [0m
@qbs-autonaim/recruitment-assistant-extension:test:         
@qbs-autonaim/recruitment-assistant-extension:test:         [0m
@qbs-autonaim/recruitment-assistant-extension:test:   [36m<section[39m
@qbs-autonaim/recruitment-assistant-extension:test:     [33mid[39m=[32m"experience"[39m
@qbs-autonaim/recruitment-assistant-extension:test:   [36m>[39m
@qbs-autonaim/recruitment-assistant-extension:test:     [0m
@qbs-autonaim/recruitment-assistant-extension:test:           [0m
@qbs-autonaim/recruitment-assistant-extension:test:     [36m<ul>[39m
@qbs-autonaim/recruitment-assistant-extension:test:       [0m
@qbs-autonaim/recruitment-assistant-extension:test:             [0m
@qbs-autonaim/recruitment-assistant-extension:test:       [36m<li[39m
@qbs-autonaim/recruitment-assistant-extension:test:         [33mclass[39m=[32m"artdeco-list__item"[39m
@qbs-autonaim/recruitment-assistant-extension:test:       [36m>[39m
@qbs-autonaim/recruitment-assistant-extension:test:         [0m
@qbs-autonaim/recruitment-assistant-extension:test:               [0m
@qbs-autonaim/recruitment-assistant-extension:test:         [36m<div[39m
@qbs-autonaim/recruitment-assistant-extension:test:           [33mclass[39m=[32m"display-flex"[39m
@qbs-autonaim/recruitment-assistant-extension:test:         [36m>[39m
@qbs-autonaim/recruitment-assistant-extension:test:           [0m
@qbs-autonaim/recruitment-assistant-extension:test:                 [0m
@qbs-autonaim/recruitment-assistant-extension:test:           [36m<span[39m
@qbs-autonaim/recruitment-assistant-extension:test:             [33maria-hidden[39m=[32m"true"[39m
@qbs-autonaim/recruitment-assistant-extension:test:           [36m>[39m
@qbs-autonaim/recruitment-assistant-extension:test:             [0mSenior Developer[0m
@qbs-autonaim/recruitment-assistant-extension:test:           [36m</span>[39m
@qbs-autonaim/recruitment-assistant-extension:test:           [0m
@qbs-autonaim/recruitment-assistant-extension:test:               [0m
@qbs-autonaim/recruitment-assistant-extension:test:         [36m</div>[39m
@qbs-autonaim/recruitment-assistant-extension:test:         [0m
@qbs-autonaim/recruitment-assistant-extension:test:               [0m
@qbs-autonaim/recruitment-assistant-extension:test:         [36m<span[39m
@qbs-autonaim/recruitment-assistant-extension:test:           [33mclass[39m=[32m"t-14 t-normal"[39m
@qbs-autonaim/recruitment-assistant-extension:test:         [36m>[39m
@qbs-autonaim/recruitment-assistant-extension:test:           [0m
@qbs-autonaim/recruitment-assistant-extension:test:                 [0m
@qbs-autonaim/recruitment-assistant-extension:test:           [36m<span[39m
@qbs-autonaim/recruitment-assistant-extension:test:             [33maria-hidden[39m=[32m"true"[39m
@qbs-autonaim/recruitment-assistant-extension:test:           [36m>[39m
@qbs-autonaim/recruitment-assistant-extension:test:             [0mTech Company[0m
@qbs-autonaim/recruitment-assistant-extension:test:           [36m</span>[39m
@qbs-autonaim/recruitment-assistant-extension:test:           [0m
@qbs-autonaim/recruitment-assistant-extension:test:               [0m
@qbs-autonaim/recruitment-assistant-extension:test:         [36m</span>[39m
@qbs-autonaim/recruitment-assistant-extension:test:         [0m
@qbs-autonaim/recruitment-assistant-extension:test:               [0m
@qbs-autonaim/recruitment-assistant-extension:test:         [36m<span[39m
@qbs-autonaim/recruitment-assistant-extension:test:           [33mclass[39m=[32m"t-14 t-normal t-black--light"[39m
@qbs-autonaim/recruitment-assistant-extension:test:         [36m>[39m
@qbs-autonaim/recruitment-assistant-extension:test:           [0m
@qbs-autonaim/recruitment-assistant-extension:test:                 [0m
@qbs-autonaim/recruitment-assistant-extension:test:           [36m<span[39m
@qbs-autonaim/recruitment-assistant-extension:test:             [33maria-hidden[39m=[32m"true"[39m
@qbs-autonaim/recruitment-assistant-extension:test:           [36m>[39m
@qbs-autonaim/recruitment-assistant-extension:test:             [0m2020 тАУ ╨┐╨╛ ╨╜╨░╤Б╤В╨╛╤П╤Й╨╡╨╡ ╨▓╤А╨╡╨╝╤П[0m
@qbs-autonaim/recruitment-assistant-extension:test:           [36m</span>[39m
@qbs-autonaim/recruitment-assistant-extension:test:           [0m
@qbs-autonaim/recruitment-assistant-extension:test:               [0m
@qbs-autonaim/recruitment-assistant-extension:test:         [36m</span>[39m
@qbs-autonaim/recruitment-assistant-extension:test:         [0m
@qbs-autonaim/recruitment-assistant-extension:test:               [0m
@qbs-autonaim/recruitment-assistant-extension:test:         [36m<div[39m
@qbs-autonaim/recruitment-assistant-extension:test:           [33mclass[39m=[32m"display-flex full-width"[39m
@qbs-autonaim/recruitment-assistant-extension:test:         [36m>[39m
@qbs-autonaim/recruitment-assistant-extension:test:           [0m
@qbs-autonaim/recruitment-assistant-extension:test:                 [0m
@qbs-autonaim/recruitment-assistant-extension:test:           [36m<span[39m
@qbs-autonaim/recruitment-assistant-extension:test:             [33maria-hidden[39m=[32m"true"[39m
@qbs-autonaim/recruitment-assistant-extension:test:           [36m>[39m
@qbs-autonaim/recruitment-assistant-extension:test:             [0m╨а╨░╨╖╤А╨░╨▒╨╛╤В╨║╨░[0m
@qbs-autonaim/recruitment-assistant-extension:test:           [36m</span>[39m
@qbs-autonaim/recruitment-assistant-extension:test:           [0m
@qbs-autonaim/recruitment-assistant-extension:test:               [0m
@qbs-autonaim/recruitment-assistant-extension:test:         [36m</div>[39m
@qbs-autonaim/recruitment-assistant-extension:test:         [0m
@qbs-autonaim/recruitment-assistant-extension:test:             [0m
@qbs-autonaim/recruitment-assistant-extension:test:       [36m</li>[39m
@qbs-autonaim/recruitment-assistant-extension:test:       [0m
@qbs-autonaim/recruitment-assistant-extension:test:           [0m
@qbs-autonaim/recruitment-assistant-extension:test:     [36m</ul>[39m
@qbs-autonaim/recruitment-assistant-extension:test:     [0m
@qbs-autonaim/recruitment-assistant-extension:test:         [0m
@qbs-autonaim/recruitment-assistant-extension:test:   [36m</section>[39m
@qbs-autonaim/recruitment-assistant-extension:test:   [0m
@qbs-autonaim/recruitment-assistant-extension:test:         
@qbs-autonaim/recruitment-assistant-extension:test:         [0m
@qbs-autonaim/recruitment-assistant-extension:test:   [36m<section[39m
@qbs-autonaim/recruitment-assistant-extension:test:     [33mid[39m=[32m"education"[39m
@qbs-autonaim/recruitment-assistant-extension:test:   [36m>[39m
@qbs-autonaim/recruitment-assistant-extension:test:     [0m
@qbs-autonaim/recruitment-assistant-extension:test:           [0m
@qbs-autonaim/recruitment-assistant-extension:test:     [36m<ul>[39m
@qbs-autonaim/recruitment-assistant-extension:test:       [0m
@qbs-autonaim/recruitment-assistant-extension:test:             [0m
@qbs-autonaim/recruitment-assistant-extension:test:       [36m<li[39m
@qbs-autonaim/recruitment-assistant-extension:test:         [33mclass[39m=[32m"artdeco-list__item"[39m
@qbs-autonaim/recruitment-assistant-extension:test:       [36m>[39m
@qbs-autonaim/recruitment-assistant-extension:test:         [0m
@qbs-autonaim/recruitment-assistant-extension:test:               [0m
@qbs-autonaim/recruitment-assistant-extension:test:         [36m<div[39m
@qbs-autonaim/recruitment-assistant-extension:test:           [33mclass[39m=[32m"display-flex"[39m
@qbs-autonaim/recruitment-assistant-extension:test:         [36m>[39m
@qbs-autonaim/recruitment-assistant-extension:test:           [0m
@qbs-autonaim/recruitment-assistant-extension:test:                 [0m
@qbs-autonaim/recruitment-assistant-extension:test:           [36m<span[39m
@qbs-autonaim/recruitment-assistant-extension:test:             [33maria-hidden[39m=[32m"true"[39m
@qbs-autonaim/recruitment-assistant-extension:test:           [36m>[39m
@qbs-autonaim/recruitment-assistant-extension:test:             [0m╨Ь╨У╨г[0m
@qbs-autonaim/recruitment-assistant-extension:test:           [36m</span>[39m
@qbs-autonaim/recruitment-assistant-extension:test:           [0m
@qbs-autonaim/recruitment-assistant-extension:test:               [0m
@qbs-autonaim/recruitment-assistant-extension:test:         [36m</div>[39m
@qbs-autonaim/recruitment-assistant-extension:test:         [0m
@qbs-autonaim/recruitment-assistant-extension:test:               [0m
@qbs-autonaim/recruitment-assistant-extension:test:         [36m<span[39m
@qbs-autonaim/recruitment-assistant-extension:test:           [33mclass[39m=[32m"t-14 t-normal"[39m
@qbs-autonaim/recruitment-assistant-extension:test:         [36m>[39m
@qbs-autonaim/recruitment-assistant-extension:test:           [0m
@qbs-autonaim/recruitment-assistant-extension:test:                 [0m
@qbs-autonaim/recruitment-assistant-extension:test:           [36m<span[39m
@qbs-autonaim/recruitment-assistant-extension:test:             [33maria-hidden[39m=[32m"true"[39m
@qbs-autonaim/recruitment-assistant-extension:test:           [36m>[39m
@qbs-autonaim/recruitment-assistant-extension:test:             [0m╨С╨░╨║╨░╨╗╨░╨▓╤А[0m
@qbs-autonaim/recruitment-assistant-extension:test:           [36m</span>[39m
@qbs-autonaim/recruitment-assistant-extension:test:           [0m
@qbs-autonaim/recruitment-assistant-extension:test:               [0m
@qbs-autonaim/recruitment-assistant-extension:test:         [36m</span>[39m
@qbs-autonaim/recruitment-assistant-extension:test:         [0m
@qbs-autonaim/recruitment-assistant-extension:test:               [0m
@qbs-autonaim/recruitment-assistant-extension:test:         [36m<span[39m
@qbs-autonaim/recruitment-assistant-extension:test:           [33mclass[39m=[32m"t-14 t-normal t-black--light"[39m
@qbs-autonaim/recruitment-assistant-extension:test:         [36m>[39m
@qbs-autonaim/recruitment-assistant-extension:test:           [0m
@qbs-autonaim/recruitment-assistant-extension:test:                 [0m
@qbs-autonaim/recruitment-assistant-extension:test:           [36m<span[39m
@qbs-autonaim/recruitment-assistant-extension:test:             [33maria-hidden[39m=[32m"true"[39m
@qbs-autonaim/recruitment-assistant-extension:test:           [36m>[39m
@qbs-autonaim/recruitment-assistant-extension:test:             [0m╨Ш╨╜╤Д╨╛╤А╨╝╨░╤В╨╕╨║╨░[0m
@qbs-autonaim/recruitment-assistant-extension:test:           [36m</span>[39m
@qbs-autonaim/recruitment-assistant-extension:test:           [0m
@qbs-autonaim/recruitment-assistant-extension:test:               [0m
@qbs-autonaim/recruitment-assistant-extension:test:         [36m</span>[39m
@qbs-autonaim/recruitment-assistant-extension:test:         [0m
@qbs-autonaim/recruitment-assistant-extension:test:               [0m
@qbs-autonaim/recruitment-assistant-extension:test:         [36m<span[39m
@qbs-autonaim/recruitment-assistant-extension:test:           [33mclass[39m=[32m"t-14 t-normal t-black--light"[39m
@qbs-autonaim/recruitment-assistant-extension:test:         [36m>[39m
@qbs-autonaim/recruitment-assistant-extension:test:           [0m
@qbs-autonaim/recruitment-assistant-extension:test:                 [0m
@qbs-autonaim/recruitment-assistant-extension:test:           [36m<span[39m
@qbs-autonaim/recruitment-assistant-extension:test:             [33maria-hidden[39m=[32m"true"[39m
@qbs-autonaim/recruitment-assistant-extension:test:           [36m>[39m
@qbs-autonaim/recruitment-assistant-extension:test:             [0m2015 тАУ 2019[0m
@qbs-autonaim/recruitment-assistant-extension:test:           [36m</span>[39m
@qbs-autonaim/recruitment-assistant-extension:test:           [0m
@qbs-autonaim/recruitment-assistant-extension:test:               [0m
@qbs-autonaim/recruitment-assistant-extension:test:         [36m</span>[39m
@qbs-autonaim/recruitment-assistant-extension:test:         [0m
@qbs-autonaim/recruitment-assistant-extension:test:             [0m
@qbs-autonaim/recruitment-assistant-extension:test:       [36m</li>[39m
@qbs-autonaim/recruitment-assistant-extension:test:       [0m
@qbs-autonaim/recruitment-assistant-extension:test:           [0m
@qbs-autonaim/recruitment-assistant-extension:test:     [36m</ul>[39m
@qbs-autonaim/recruitment-assistant-extension:test:     [0m
@qbs-autonaim/recruitment-assistant-extension:test:         [0m
@qbs-autonaim/recruitment-assistant-extension:test:   [36m</section>[39m
@qbs-autonaim/recruitment-assistant-extension:test:   [0m
@qbs-autonaim/recruitment-assistant-extension:test:         
@qbs-autonaim/recruitment-assistant-extension:test:         [0m
@qbs-autonaim/recruitment-assistant-extension:test:   [36m<section[39m
@qbs-autonaim/recruitment-assistant-extension:test:     [33mid[39m=[32m"skills"[39m
@qbs-autonaim/recruitment-assistant-extension:test:   [36m>[39m
@qbs-autonaim/recruitment-assistant-extension:test:     [0m
@qbs-autonaim/recruitment-assistant-extension:test:           [0m
@qbs-autonaim/recruitment-assistant-extension:test:     [36m<span[39m
@qbs-autonaim/recruitment-assistant-extension:test:       [33maria-hidden[39m=[32m"true"[39m
@qbs-autonaim/recruitment-assistant-extension:test:     [36m>[39m
@qbs-autonaim/recruitment-assistant-extension:test:       [0mTypeScript[0m
@qbs-autonaim/recruitment-assistant-extension:test:     [36m</span>[39m
@qbs-autonaim/recruitment-assistant-extension:test:     [0m
@qbs-autonaim/recruitment-assistant-extension:test:           [0m
@qbs-autonaim/recruitment-assistant-extension:test:     [36m<span[39m
@qbs-autonaim/recruitment-assistant-extension:test:       [33maria-hidden[39m=[32m"true"[39m
@qbs-autonaim/recruitment-assistant-extension:test:     [36m>[39m
@qbs-autonaim/recruitment-assistant-extension:test:       [0mReact[0m
@qbs-autonaim/recruitment-assistant-extension:test:     [36m</span>[39m
@qbs-autonaim/recruitment-assistant-extension:test:     [0m
@qbs-autonaim/recruitment-assistant-extension:test:         [0m
@qbs-autonaim/recruitment-assistant-extension:test:   [36m</section>[39m
@qbs-autonaim/recruitment-assistant-extension:test:   [0m
@qbs-autonaim/recruitment-assistant-extension:test:         
@qbs-autonaim/recruitment-assistant-extension:test:         [0m
@qbs-autonaim/recruitment-assistant-extension:test:   [36m<section[39m
@qbs-autonaim/recruitment-assistant-extension:test:     [33mclass[39m=[32m"pv-contact-info"[39m
@qbs-autonaim/recruitment-assistant-extension:test:   [36m>[39m
@qbs-autonaim/recruitment-assistant-extension:test:     [0m
@qbs-autonaim/recruitment-assistant-extension:test:           [0m
@qbs-autonaim/recruitment-assistant-extension:test:     [36m<a[39m
@qbs-autonaim/recruitment-assistant-extension:test:       [33mhref[39m=[32m"mailto:ivan@example.com"[39m
@qbs-autonaim/recruitment-assistant-extension:test:     [36m>[39m
@qbs-autonaim/recruitment-assistant-extension:test:       [0mEmail[0m
@qbs-autonaim/recruitment-assistant-extension:test:     [36m</a>[39m
@qbs-autonaim/recruitment-assistant-extension:test:     [0m
@qbs-autonaim/recruitment-assistant-extension:test:           [0m
@qbs-autonaim/recruitment-assistant-extension:test:     [36m<span[39m
@qbs-autonaim/recruitment-assistant-extension:test:       [33mclass[39m=[32m"t-14 t-black t-normal"[39m
@qbs-autonaim/recruitment-assistant-extension:test:     [36m>[39m
@qbs-autonaim/recruitment-assistant-extension:test:       [0m+7 (999) 123-45-67[0m
@qbs-autonaim/recruitment-assistant-extension:test:     [36m</span>[39m
@qbs-autonaim/recruitment-assistant-extension:test:     [0m
@qbs-autonaim/recruitment-assistant-extension:test:         [0m
@qbs-autonaim/recruitment-assistant-extension:test:   [36m</section>[39m
@qbs-autonaim/recruitment-assistant-extension:test:   [0m
@qbs-autonaim/recruitment-assistant-extension:test:       [0m
@qbs-autonaim/recruitment-assistant-extension:test:   [36m<div>[39m
@qbs-autonaim/recruitment-assistant-extension:test:     [36m<button[39m
@qbs-autonaim/recruitment-assistant-extension:test:       [33maria-busy[39m=[32m"false"[39m
@qbs-autonaim/recruitment-assistant-extension:test:       [33maria-label[39m=[32m"╨Ш╨╖╨▓╨╗╨╡╤З╤М ╨┤╨░╨╜╨╜╤Л╨╡ ╨┐╤А╨╛╤Д╨╕╨╗╤П ╨║╨░╨╜╨┤╨╕╨┤╨░╤В╨░"[39m
@qbs-autonaim/recruitment-assistant-extension:test:       [33maria-live[39m=[32m"polite"[39m
@qbs-autonaim/recruitment-assistant-extension:test:       [33mstyle[39m=[32m"min-width: 44px; min-height: 44px; padding: 12px 24px; font-size: 16px; font-weight: 500; color: #ffffff; background-color: #2563eb; border: none none; border-radius: 8px; cursor: pointer; touch-action: manipulation; transition: background-color 0.2s ease, transform 0.1s ease, box-shadow 0.2s ease; display: flex; align-items: center; justify-content: center; gap: 8px; box-shadow: 0 1px 3px 0 rgba(0, 0, 0, 0.1), 0 1px 2px -1px rgba(0, 0, 0, 0.1); position: relative; outline-color: none; outline-style: none; outline-width: initial;"[39m
@qbs-autonaim/recruitment-assistant-extension:test:       [33mtype[39m=[32m"button"[39m
@qbs-autonaim/recruitment-assistant-extension:test:     [36m>[39m
@qbs-autonaim/recruitment-assistant-extension:test:       [36m<span[39m
@qbs-autonaim/recruitment-assistant-extension:test:         [33mstyle[39m=[32m"white-space: nowrap;"[39m
@qbs-autonaim/recruitment-assistant-extension:test:       [36m>[39m
@qbs-autonaim/recruitment-assistant-extension:test:         [0m╨Ш╨╖╨▓╨╗╨╡╤З╤М ╨┤╨░╨╜╨╜╤Л╨╡[0m
@qbs-autonaim/recruitment-assistant-extension:test:       [36m</span>[39m
@qbs-autonaim/recruitment-assistant-extension:test:     [36m</button>[39m
@qbs-autonaim/recruitment-assistant-extension:test:   [36m</div>[39m
@qbs-autonaim/recruitment-assistant-extension:test:   [36m<div>[39m
@qbs-autonaim/recruitment-assistant-extension:test:     [36m<button[39m
@qbs-autonaim/recruitment-assistant-extension:test:       [33maria-busy[39m=[32m"true"[39m
@qbs-autonaim/recruitment-assistant-extension:test:       [33maria-label[39m=[32m"╨Ш╨╖╨▓╨╗╨╡╤З╤М ╨┤╨░╨╜╨╜╤Л╨╡ ╨┐╤А╨╛╤Д╨╕╨╗╤П ╨║╨░╨╜╨┤╨╕╨┤╨░╤В╨░"[39m
@qbs-autonaim/recruitment-assistant-extension:test:       [33maria-live[39m=[32m"polite"[39m
@qbs-autonaim/recruitment-assistant-extension:test:       [33mdisabled[39m=[32m""[39m
@qbs-autonaim/recruitment-assistant-extension:test:       [33mstyle[39m=[32m"min-width: 44px; min-height: 44px; padding: 12px 24px; font-size: 16px; font-weight: 500; color: #ffffff; background-color: #6b7280; border: none none; border-radius: 8px; cursor: not-all...
@qbs-autonaim/recruitment-assistant-extension:test:       at <anonymous> (C:\Projects\kwork\selectio\node_modules\@testing-library\dom\dist\query-helpers.js:59:30)
@qbs-autonaim/recruitment-assistant-extension:test:       at <anonymous> (C:\Projects\kwork\selectio\node_modules\@testing-library\dom\dist\query-helpers.js:95:19)
@qbs-autonaim/recruitment-assistant-extension:test:       at <anonymous> (C:\Projects\kwork\selectio\apps\recruitment-assistant-extension\src\content\ui\action-button.test.tsx:62:29)
@qbs-autonaim/recruitment-assistant-extension:test: (fail) ActionButton > ╨Ф╨╛╤Б╤В╤Г╨┐╨╜╨╛╤Б╤В╤М (ARIA) > ╨┤╨╛╨╗╨╢╨╡╨╜ ╨╕╨╝╨╡╤В╤М aria-busy="false" ╨║╨╛╨│╨┤╨░ ╨╜╨╡ ╨╖╨░╨│╤А╤Г╨╢╨░╨╡╤В╤Б╤П
@qbs-autonaim/recruitment-assistant-extension:test: 54 |       const elementStrings = els.map(element => getElementError(null, element).message).join('\n\n');
@qbs-autonaim/recruitment-assistant-extension:test: 55 |       throw getMultipleElementsFoundError(`${getMultipleError(container, ...args)}
@qbs-autonaim/recruitment-assistant-extension:test: 56 | 
@qbs-autonaim/recruitment-assistant-extension:test: 57 | Here are the matching elements:
@qbs-autonaim/recruitment-assistant-extension:test: 58 | 
@qbs-autonaim/recruitment-assistant-extension:test: 59 | ${elementStrings}`, container);
@qbs-autonaim/recruitment-assistant-extension:test:                                   ^
@qbs-autonaim/recruitment-assistant-extension:test: TestingLibraryElementError: Found multiple elements with the role "button"
@qbs-autonaim/recruitment-assistant-extension:test: 
@qbs-autonaim/recruitment-assistant-extension:test: Here are the matching elements:
@qbs-autonaim/recruitment-assistant-extension:test: 
@qbs-autonaim/recruitment-assistant-extension:test: Ignored nodes: comments, script, style
@qbs-autonaim/recruitment-assistant-extension:test: [36m<button[39m
@qbs-autonaim/recruitment-assistant-extension:test:   [33maria-busy[39m=[32m"false"[39m
@qbs-autonaim/recruitment-assistant-extension:test:   [33maria-label[39m=[32m"╨Ш╨╖╨▓╨╗╨╡╤З╤М ╨┤╨░╨╜╨╜╤Л╨╡ ╨┐╤А╨╛╤Д╨╕╨╗╤П ╨║╨░╨╜╨┤╨╕╨┤╨░╤В╨░"[39m
@qbs-autonaim/recruitment-assistant-extension:test:   [33maria-live[39m=[32m"polite"[39m
@qbs-autonaim/recruitment-assistant-extension:test:   [33mstyle[39m=[32m"min-width: 44px; min-height: 44px; padding: 12px 24px; font-size: 16px; font-weight: 500; color: #ffffff; background-color: #2563eb; border: none none; border-radius: 8px; cursor: pointer; touch-action: manipulation; transition: background-color 0.2s ease, transform 0.1s ease, box-shadow 0.2s ease; display: flex; align-items: center; justify-content: center; gap: 8px; box-shadow: 0 1px 3px 0 rgba(0, 0, 0, 0.1), 0 1px 2px -1px rgba(0, 0, 0, 0.1); position: relative; outline-color: none; outline-style: none; outline-width: initial;"[39m
@qbs-autonaim/recruitment-assistant-extension:test:   [33mtype[39m=[32m"button"[39m
@qbs-autonaim/recruitment-assistant-extension:test: [36m>[39m
@qbs-autonaim/recruitment-assistant-extension:test:   [36m<span[39m
@qbs-autonaim/recruitment-assistant-extension:test:     [33mstyle[39m=[32m"white-space: nowrap;"[39m
@qbs-autonaim/recruitment-assistant-extension:test:   [36m>[39m
@qbs-autonaim/recruitment-assistant-extension:test:     [0m╨Ш╨╖╨▓╨╗╨╡╤З╤М ╨┤╨░╨╜╨╜╤Л╨╡[0m
@qbs-autonaim/recruitment-assistant-extension:test:   [36m</span>[39m
@qbs-autonaim/recruitment-assistant-extension:test: [36m</button>[39m
@qbs-autonaim/recruitment-assistant-extension:test: 
@qbs-autonaim/recruitment-assistant-extension:test: Ignored nodes: comments, script, style
@qbs-autonaim/recruitment-assistant-extension:test: [36m<button[39m
@qbs-autonaim/recruitment-assistant-extension:test:   [33maria-busy[39m=[32m"true"[39m
@qbs-autonaim/recruitment-assistant-extension:test:   [33maria-label[39m=[32m"╨Ш╨╖╨▓╨╗╨╡╤З╤М ╨┤╨░╨╜╨╜╤Л╨╡ ╨┐╤А╨╛╤Д╨╕╨╗╤П ╨║╨░╨╜╨┤╨╕╨┤╨░╤В╨░"[39m
@qbs-autonaim/recruitment-assistant-extension:test:   [33maria-live[39m=[32m"polite"[39m
@qbs-autonaim/recruitment-assistant-extension:test:   [33mdisabled[39m=[32m""[39m
@qbs-autonaim/recruitment-assistant-extension:test:   [33mstyle[39m=[32m"min-width: 44px; min-height: 44px; padding: 12px 24px; font-size: 16px; font-weight: 500; color: #ffffff; background-color: #6b7280; border: none none; border-radius: 8px; cursor: not-allowed; touch-action: manipulation; transition: background-color 0.2s ease, transform 0.1s ease, box-shadow 0.2s ease; display: flex; align-items: center; justify-content: center; gap: 8px; box-shadow: 0 1px 3px 0 rgba(0, 0, 0, 0.1), 0 1px 2px -1px rgba(0, 0, 0, 0.1); position: relative; outline-color: none; outline-style: none; outline-width: initial;"[39m
@qbs-autonaim/recruitment-assistant-extension:test:   [33mtype[39m=[32m"button"[39m
@qbs-autonaim/recruitment-assistant-extension:test: [36m>[39m
@qbs-autonaim/recruitment-assistant-extension:test:   [36m<svg[39m
@qbs-autonaim/recruitment-assistant-extension:test:     [33maria-hidden[39m=[32m"true"[39m
@qbs-autonaim/recruitment-assistant-extension:test:     [33mfill[39m=[32m"none"[39m
@qbs-autonaim/recruitment-assistant-extension:test:     [33mrole[39m=[32m"presentation"[39m
@qbs-autonaim/recruitment-assistant-extension:test:     [33mstyle[39m=[32m"width: 16px; height: 16px; animation: spin 1s linear infinite; flex-shrink: 0;"[39m
@qbs-autonaim/recruitment-assistant-extension:test:     [33mviewBox[39m=[32m"0 0 24 24"[39m
@qbs-autonaim/recruitment-assistant-extension:test:   [36m>[39m
@qbs-autonaim/recruitment-assistant-extension:test:     [36m<circle[39m
@qbs-autonaim/recruitment-assistant-extension:test:       [33mcx[39m=[32m"12"[39m
@qbs-autonaim/recruitment-assistant-extension:test:       [33mcy[39m=[32m"12"[39m
@qbs-autonaim/recruitment-assistant-extension:test:       [33mr[39m=[32m"10"[39m
@qbs-autonaim/recruitment-assistant-extension:test:       [33mstroke[39m=[32m"currentColor"[39m
@qbs-autonaim/recruitment-assistant-extension:test:       [33mstroke-opacity[39m=[32m"0.25"[39m
@qbs-autonaim/recruitment-assistant-extension:test:       [33mstroke-width[39m=[32m"4"[39m
@qbs-autonaim/recruitment-assistant-extension:test:     [36m/>[39m
@qbs-autonaim/recruitment-assistant-extension:test:     [36m<path[39m
@qbs-autonaim/recruitment-assistant-extension:test:       [33md[39m=[32m"M4 12a8 8 0 018-8V0C5.373 0 0 5.373 0 12h4zm2 5.291A7.962 7.962 0 014 12H0c0 3.042 1.135 5.824 3 7.938l3-2.647z"[39m
@qbs-autonaim/recruitment-assistant-extension:test:       [33mfill[39m=[32m"currentColor"[39m
@qbs-autonaim/recruitment-assistant-extension:test:       [33mopacity[39m=[32m"0.75"[39m
@qbs-autonaim/recruitment-assistant-extension:test:     [36m/>[39m
@qbs-autonaim/recruitment-assistant-extension:test:   [36m</svg>[39m
@qbs-autonaim/recruitment-assistant-extension:test:   [36m<span[39m
@qbs-autonaim/recruitment-assistant-extension:test:     [33mstyle[39m=[32m"white-space: nowrap;"[39m
@qbs-autonaim/recruitment-assistant-extension:test:   [36m>[39m
@qbs-autonaim/recruitment-assistant-extension:test:     [0m╨Ш╨╖╨▓╨╗╨╡╤З╨╡╨╜╨╕╨╡ ╨┤╨░╨╜╨╜╤Л╤ЕтАж[0m
@qbs-autonaim/recruitment-assistant-extension:test:   [36m</span>[39m
@qbs-autonaim/recruitment-assistant-extension:test: [36m</button>[39m
@qbs-autonaim/recruitment-assistant-extension:test: 
@qbs-autonaim/recruitment-assistant-extension:test: Ignored nodes: comments, script, style
@qbs-autonaim/recruitment-assistant-extension:test: [36m<button[39m
@qbs-autonaim/recruitment-assistant-extension:test:   [33maria-busy[39m=[32m"true"[39m
@qbs-autonaim/recruitment-assistant-extension:test:   [33maria-label[39m=[32m"╨Ш╨╖╨▓╨╗╨╡╤З╤М ╨┤╨░╨╜╨╜╤Л╨╡ ╨┐╤А╨╛╤Д╨╕╨╗╤П ╨║╨░╨╜╨┤╨╕╨┤╨░╤В╨░"[39m
@qbs-autonaim/recruitment-assistant-extension:test:   [33maria-live[39m=[32m"polite"[39m
@qbs-autonaim/recruitment-assistant-extension:test:   [33mdisabled[39m=[32m""[39m
@qbs-autonaim/recruitment-assistant-extension:test:   [33mstyle[39m=[32m"min-width: 44px; min-height: 44px; padding: 12px 24px; font-size: 16px; font-weight: 500; color: #ffffff; background-color: #6b7280; border: none none; border-radius: 8px; cursor: not-allowed; touch-action: manipulation; transition: background-color 0.2s ease, transform 0.1s ease, box-shadow 0.2s ease; display: flex; align-items: center; justify-content: center; gap: 8px; box-shadow: 0 1px 3px 0 rgba(0, 0, 0, 0.1), 0 1px 2px -1px rgba(0, 0, 0, 0.1); position: relative; outline-color: none; outline-style: none; outline-width: initial;"[39m
@qbs-autonaim/recruitment-assistant-extension:test:   [33mtype[39m=[32m"button"[39m
@qbs-autonaim/recruitment-assistant-extension:test: [36m>[39m
@qbs-autonaim/recruitment-assistant-extension:test:   [36m<svg[39m
@qbs-autonaim/recruitment-assistant-extension:test:     [33maria-hidden[39m=[32m"true"[39m
@qbs-autonaim/recruitment-assistant-extension:test:     [33mfill[39m=[32m"none"[39m
@qbs-autonaim/recruitment-assistant-extension:test:     [33mrole[39m=[32m"presentation"[39m
@qbs-autonaim/recruitment-assistant-extension:test:     [33mstyle[39m=[32m"width: 16px; height: 16px; animation: spin 1s linear infinite; flex-shrink: 0;"[39m
@qbs-autonaim/recruitment-assistant-extension:test:     [33mviewBox[39m=[32m"0 0 24 24"[39m
@qbs-autonaim/recruitment-assistant-extension:test:   [36m>[39m
@qbs-autonaim/recruitment-assistant-extension:test:     [36m<circle[39m
@qbs-autonaim/recruitment-assistant-extension:test:       [33mcx[39m=[32m"12"[39m
@qbs-autonaim/recruitment-assistant-extension:test:       [33mcy[39m=[32m"12"[39m
@qbs-autonaim/recruitment-assistant-extension:test:       [33mr[39m=[32m"10"[39m
@qbs-autonaim/recruitment-assistant-extension:test:       [33mstroke[39m=[32m"currentColor"[39m
@qbs-autonaim/recruitment-assistant-extension:test:       [33mstroke-opacity[39m=[32m"0.25"[39m
@qbs-autonaim/recruitment-assistant-extension:test:       [33mstroke-width[39m=[32m"4"[39m
@qbs-autonaim/recruitment-assistant-extension:test:     [36m/>[39m
@qbs-autonaim/recruitment-assistant-extension:test:     [36m<path[39m
@qbs-autonaim/recruitment-assistant-extension:test:       [33md[39m=[32m"M4 12a8 8 0 018-8V0C5.373 0 0 5.373 0 12h4zm2 5.291A7.962 7.962 0 014 12H0c0 3.042 1.135 5.824 3 7.938l3-2.647z"[39m
@qbs-autonaim/recruitment-assistant-extension:test:       [33mfill[39m=[32m"currentColor"[39m
@qbs-autonaim/recruitment-assistant-extension:test:       [33mopacity[39m=[32m"0.75"[39m
@qbs-autonaim/recruitment-assistant-extension:test:     [36m/>[39m
@qbs-autonaim/recruitment-assistant-extension:test:   [36m</svg>[39m
@qbs-autonaim/recruitment-assistant-extension:test:   [36m<span[39m
@qbs-autonaim/recruitment-assistant-extension:test:     [33mstyle[39m=[32m"white-space: nowrap;"[39m
@qbs-autonaim/recruitment-assistant-extension:test:   [36m>[39m
@qbs-autonaim/recruitment-assistant-extension:test:     [0m╨Ш╨╖╨▓╨╗╨╡╤З╨╡╨╜╨╕╨╡ ╨┤╨░╨╜╨╜╤Л╤ЕтАж[0m
@qbs-autonaim/recruitment-assistant-extension:test:   [36m</span>[39m
@qbs-autonaim/recruitment-assistant-extension:test: [36m</button>[39m
@qbs-autonaim/recruitment-assistant-extension:test: 
@qbs-autonaim/recruitment-assistant-extension:test: Ignored nodes: comments, script, style
@qbs-autonaim/recruitment-assistant-extension:test: [36m<button[39m
@qbs-autonaim/recruitment-assistant-extension:test:   [33maria-busy[39m=[32m"false"[39m
@qbs-autonaim/recruitment-assistant-extension:test:   [33maria-label[39m=[32m"╨Ш╨╖╨▓╨╗╨╡╤З╤М ╨┤╨░╨╜╨╜╤Л╨╡ ╨┐╤А╨╛╤Д╨╕╨╗╤П ╨║╨░╨╜╨┤╨╕╨┤╨░╤В╨░"[39m
@qbs-autonaim/recruitment-assistant-extension:test:   [33maria-live[39m=[32m"polite"[39m
@qbs-autonaim/recruitment-assistant-extension:test:   [33mstyle[39m=[32m"min-width: 44px; min-height: 44px; padding: 12px 24px; font-size: 16px; font-weight: 500; color: #ffffff; background-color: #2563eb; border: none none; border-radius: 8px; cursor: pointer; touch-action: manipulation; transition: background-color 0.2s ease, transform 0.1s ease, box-shadow 0.2s ease; display: flex; align-items: center; justify-content: center; gap: 8px; box-shadow: 0 1px 3px 0 rgba(0, 0, 0, 0.1), 0 1px 2px -1px rgba(0, 0, 0, 0.1); position: relative; outline-color: none; outline-style: none; outline-width: initial;"[39m
@qbs-autonaim/recruitment-assistant-extension:test:   [33mtype[39m=[32m"button"[39m
@qbs-autonaim/recruitment-assistant-extension:test: [36m>[39m
@qbs-autonaim/recruitment-assistant-extension:test:   [36m<span[39m
@qbs-autonaim/recruitment-assistant-extension:test:     [33mstyle[39m=[32m"white-space: nowrap;"[39m
@qbs-autonaim/recruitment-assistant-extension:test:   [36m>[39m
@qbs-autonaim/recruitment-assistant-extension:test:     [0m╨Ш╨╖╨▓╨╗╨╡╤З╤М ╨┤╨░╨╜╨╜╤Л╨╡[0m
@qbs-autonaim/recruitment-assistant-extension:test:   [36m</span>[39m
@qbs-autonaim/recruitment-assistant-extension:test: [36m</button>[39m
@qbs-autonaim/recruitment-assistant-extension:test: 
@qbs-autonaim/recruitment-assistant-extension:test: Ignored nodes: comments, script, style
@qbs-autonaim/recruitment-assistant-extension:test: [36m<button[39m
@qbs-autonaim/recruitment-assistant-extension:test:   [33maria-busy[39m=[32m"false"[39m
@qbs-autonaim/recruitment-assistant-extension:test:   [33maria-label[39m=[32m"╨Ш╨╖╨▓╨╗╨╡╤З╤М ╨┤╨░╨╜╨╜╤Л╨╡ ╨┐╤А╨╛╤Д╨╕╨╗╤П ╨║╨░╨╜╨┤╨╕╨┤╨░╤В╨░"[39m
@qbs-autonaim/recruitment-assistant-extension:test:   [33maria-live[39m=[32m"polite"[39m
@qbs-autonaim/recruitment-assistant-extension:test:   [33mstyle[39m=[32m"min-width: 44px; min-height: 44px; padding: 12px 24px; font-size: 16px; font-weight: 500; color: #ffffff; background-color: #2563eb; border: none none; border-radius: 8px; cursor: pointer; touch-action: manipulation; transition: background-color 0.2s ease, transform 0.1s ease, box-shadow 0.2s ease; display: flex; align-items: center; justify-content: center; gap: 8px; box-shadow: 0 1px 3px 0 rgba(0, 0, 0, 0.1), 0 1px 2px -1px rgba(0, 0, 0, 0.1); position: relative; outline-color: none; outline-style: none; outline-width: initial;"[39m
@qbs-autonaim/recruitment-assistant-extension:test:   [33mtype[39m=[32m"button"[39m
@qbs-autonaim/recruitment-assistant-extension:test: [36m>[39m
@qbs-autonaim/recruitment-assistant-extension:test:   [36m<span[39m
@qbs-autonaim/recruitment-assistant-extension:test:     [33mstyle[39m=[32m"white-space: nowrap;"[39m
@qbs-autonaim/recruitment-assistant-extension:test:   [36m>[39m
@qbs-autonaim/recruitment-assistant-extension:test:     [0m╨Ш╨╖╨▓╨╗╨╡╤З╤М ╨┤╨░╨╜╨╜╤Л╨╡[0m
@qbs-autonaim/recruitment-assistant-extension:test:   [36m</span>[39m
@qbs-autonaim/recruitment-assistant-extension:test: [36m</button>[39m
@qbs-autonaim/recruitment-assistant-extension:test: 
@qbs-autonaim/recruitment-assistant-extension:test: Ignored nodes: comments, script, style
@qbs-autonaim/recruitment-assistant-extension:test: [36m<button[39m
@qbs-autonaim/recruitment-assistant-extension:test:   [33maria-busy[39m=[32m"false"[39m
@qbs-autonaim/recruitment-assistant-extension:test:   [33maria-label[39m=[32m"╨Ш╨╖╨▓╨╗╨╡╤З╤М ╨┤╨░╨╜╨╜╤Л╨╡ ╨┐╤А╨╛╤Д╨╕╨╗╤П ╨║╨░╨╜╨┤╨╕╨┤╨░╤В╨░"[39m
@qbs-autonaim/recruitment-assistant-extension:test:   [33maria-live[39m=[32m"polite"[39m
@qbs-autonaim/recruitment-assistant-extension:test:   [33mstyle[39m=[32m"min-width: 44px; min-height: 44px; padding: 12px 24px; font-size: 16px; font-weight: 500; color: #ffffff; background-color: #2563eb; border: none none; border-radius: 8px; cursor: pointer; touch-action: manipulation; transition: background-color 0.2s ease, transform 0.1s ease, box-shadow 0.2s ease; display: flex; align-items: center; justify-content: center; gap: 8px; box-shadow: 0 1px 3px 0 rgba(0, 0, 0, 0.1), 0 1px 2px -1px rgba(0, 0, 0, 0.1); position: relative; outline-color: none; outline-style: none; outline-width: initial;"[39m
@qbs-autonaim/recruitment-assistant-extension:test:   [33mtype[39m=[32m"button"[39m
@qbs-autonaim/recruitment-assistant-extension:test: [36m>[39m
@qbs-autonaim/recruitment-assistant-extension:test:   [36m<span[39m
@qbs-autonaim/recruitment-assistant-extension:test:     [33mstyle[39m=[32m"white-space: nowrap;"[39m
@qbs-autonaim/recruitment-assistant-extension:test:   [36m>[39m
@qbs-autonaim/recruitment-assistant-extension:test:     [0m╨Ш╨╖╨▓╨╗╨╡╤З╤М ╨┤╨░╨╜╨╜╤Л╨╡[0m
@qbs-autonaim/recruitment-assistant-extension:test:   [36m</span>[39m
@qbs-autonaim/recruitment-assistant-extension:test: [36m</button>[39m
@qbs-autonaim/recruitment-assistant-extension:test: 
@qbs-autonaim/recruitment-assistant-extension:test: Ignored nodes: comments, script, style
@qbs-autonaim/recruitment-assistant-extension:test: [36m<button[39m
@qbs-autonaim/recruitment-assistant-extension:test:   [33maria-busy[39m=[32m"true"[39m
@qbs-autonaim/recruitment-assistant-extension:test:   [33maria-label[39m=[32m"╨Ш╨╖╨▓╨╗╨╡╤З╤М ╨┤╨░╨╜╨╜╤Л╨╡ ╨┐╤А╨╛╤Д╨╕╨╗╤П ╨║╨░╨╜╨┤╨╕╨┤╨░╤В╨░"[39m
@qbs-autonaim/recruitment-assistant-extension:test:   [33maria-live[39m=[32m"polite"[39m
@qbs-autonaim/recruitment-assistant-extension:test:   [33mdisabled[39m=[32m""[39m
@qbs-autonaim/recruitment-assistant-extension:test:   [33mstyle[39m=[32m"min-width: 44px; min-height: 44px; padding: 12px 24px; font-size: 16px; font-weight: 500; color: #ffffff; background-color: #6b7280; border: none none; border-radius: 8px; cursor: not-allowed; touch-action: manipulation; transition: background-color 0.2s ease, transform 0.1s ease, box-shadow 0.2s ease; display: flex; align-items: center; justify-content: center; gap: 8px; box-shadow: 0 1px 3px 0 rgba(0, 0, 0, 0.1), 0 1px 2px -1px rgba(0, 0, 0, 0.1); position: relative; outline-color: none; outline-style: none; outline-width: initial;"[39m
@qbs-autonaim/recruitment-assistant-extension:test:   [33mtype[39m=[32m"button"[39m
@qbs-autonaim/recruitment-assistant-extension:test: [36m>[39m
@qbs-autonaim/recruitment-assistant-extension:test:   [36m<svg[39m
@qbs-autonaim/recruitment-assistant-extension:test:     [33maria-hidden[39m=[32m"true"[39m
@qbs-autonaim/recruitment-assistant-extension:test:     [33mfill[39m=[32m"none"[39m
@qbs-autonaim/recruitment-assistant-extension:test:     [33mrole[39m=[32m"presentation"[39m
@qbs-autonaim/recruitment-assistant-extension:test:     [33mstyle[39m=[32m"width: 16px; height: 16px; animation: spin 1s linear infinite; flex-shrink: 0;"[39m
@qbs-autonaim/recruitment-assistant-extension:test:     [33mviewBox[39m=[32m"0 0 24 24"[39m
@qbs-autonaim/recruitment-assistant-extension:test:   [36m>[39m
@qbs-autonaim/recruitment-assistant-extension:test:     [36m<circle[39m
@qbs-autonaim/recruitment-assistant-extension:test:       [33mcx[39m=[32m"12"[39m
@qbs-autonaim/recruitment-assistant-extension:test:       [33mcy[39m=[32m"12"[39m
@qbs-autonaim/recruitment-assistant-extension:test:       [33mr[39m=[32m"10"[39m
@qbs-autonaim/recruitment-assistant-extension:test:       [33mstroke[39m=[32m"currentColor"[39m
@qbs-autonaim/recruitment-assistant-extension:test:       [33mstroke-opacity[39m=[32m"0.25"[39m
@qbs-autonaim/recruitment-assistant-extension:test:       [33mstroke-width[39m=[32m"4"[39m
@qbs-autonaim/recruitment-assistant-extension:test:     [36m/>[39m
@qbs-autonaim/recruitment-assistant-extension:test:     [36m<path[39m
@qbs-autonaim/recruitment-assistant-extension:test:       [33md[39m=[32m"M4 12a8 8 0 018-8V0C5.373 0 0 5.373 0 12h4zm2 5.291A7.962 7.962 0 014 12H0c0 3.042 1.135 5.824 3 7.938l3-2.647z"[39m
@qbs-autonaim/recruitment-assistant-extension:test:       [33mfill[39m=[32m"currentColor"[39m
@qbs-autonaim/recruitment-assistant-extension:test:       [33mopacity[39m=[32m"0.75"[39m
@qbs-autonaim/recruitment-assistant-extension:test:     [36m/>[39m
@qbs-autonaim/recruitment-assistant-extension:test:   [36m</svg>[39m
@qbs-autonaim/recruitment-assistant-extension:test:   [36m<span[39m
@qbs-autonaim/recruitment-assistant-extension:test:     [33mstyle[39m=[32m"white-space: nowrap;"[39m
@qbs-autonaim/recruitment-assistant-extension:test:   [36m>[39m
@qbs-autonaim/recruitment-assistant-extension:test:     [0m╨Ш╨╖╨▓╨╗╨╡╤З╨╡╨╜╨╕╨╡ ╨┤╨░╨╜╨╜╤Л╤ЕтАж[0m
@qbs-autonaim/recruitment-assistant-extension:test:   [36m</span>[39m
@qbs-autonaim/recruitment-assistant-extension:test: [36m</button>[39m
@qbs-autonaim/recruitment-assistant-extension:test: 
@qbs-autonaim/recruitment-assistant-extension:test: (If this is intentional, then use the `*AllBy*` variant of the query (like `queryAllByText`, `getAllByText`, or `findAllByText`)).
@qbs-autonaim/recruitment-assistant-extension:test: 
@qbs-autonaim/recruitment-assistant-extension:test: Ignored nodes: comments, script, style
@qbs-autonaim/recruitment-assistant-extension:test: [36m<body>[39m
@qbs-autonaim/recruitment-assistant-extension:test:   [0m
@qbs-autonaim/recruitment-assistant-extension:test:         [0m
@qbs-autonaim/recruitment-assistant-extension:test:   [36m<h1[39m
@qbs-autonaim/recruitment-assistant-extension:test:     [33mclass[39m=[32m"text-heading-xlarge"[39m
@qbs-autonaim/recruitment-assistant-extension:test:   [36m>[39m
@qbs-autonaim/recruitment-assistant-extension:test:     [0m╨Ш╨▓╨░╨╜ ╨Ш╨▓╨░╨╜╨╛╨▓[0m
@qbs-autonaim/recruitment-assistant-extension:test:   [36m</h1>[39m
@qbs-autonaim/recruitment-assistant-extension:test:   [0m
@qbs-autonaim/recruitment-assistant-extension:test:         [0m
@qbs-autonaim/recruitment-assistant-extension:test:   [36m<div[39m
@qbs-autonaim/recruitment-assistant-extension:test:     [33mclass[39m=[32m"text-body-medium"[39m
@qbs-autonaim/recruitment-assistant-extension:test:   [36m>[39m
@qbs-autonaim/recruitment-assistant-extension:test:     [0mSenior Developer[0m
@qbs-autonaim/recruitment-assistant-extension:test:   [36m</div>[39m
@qbs-autonaim/recruitment-assistant-extension:test:   [0m
@qbs-autonaim/recruitment-assistant-extension:test:         [0m
@qbs-autonaim/recruitment-assistant-extension:test:   [36m<span[39m
@qbs-autonaim/recruitment-assistant-extension:test:     [33mclass[39m=[32m"text-body-small inline"[39m
@qbs-autonaim/recruitment-assistant-extension:test:   [36m>[39m
@qbs-autonaim/recruitment-assistant-extension:test:     [0m╨Ь╨╛╤Б╨║╨▓╨░, ╨а╨╛╤Б╤Б╨╕╤П[0m
@qbs-autonaim/recruitment-assistant-extension:test:   [36m</span>[39m
@qbs-autonaim/recruitment-assistant-extension:test:   [0m
@qbs-autonaim/recruitment-assistant-extension:test:         [0m
@qbs-autonaim/recruitment-assistant-extension:test:   [36m<img[39m
@qbs-autonaim/recruitment-assistant-extension:test:     [33mclass[39m=[32m"pv-top-card-profile-picture__image"[39m
@qbs-autonaim/recruitment-assistant-extension:test:     [33msrc[39m=[32m"https://example.com/photo.jpg"[39m
@qbs-autonaim/recruitment-assistant-extension:test:   [36m/>[39m
@qbs-autonaim/recruitment-assistant-extension:test:   [0m
@qbs-autonaim/recruitment-assistant-extension:test:         
@qbs-autonaim/recruitment-assistant-extension:test:         [0m
@qbs-autonaim/recruitment-assistant-extension:test:   [36m<section[39m
@qbs-autonaim/recruitment-assistant-extension:test:     [33mid[39m=[32m"experience"[39m
@qbs-autonaim/recruitment-assistant-extension:test:   [36m>[39m
@qbs-autonaim/recruitment-assistant-extension:test:     [0m
@qbs-autonaim/recruitment-assistant-extension:test:           [0m
@qbs-autonaim/recruitment-assistant-extension:test:     [36m<ul>[39m
@qbs-autonaim/recruitment-assistant-extension:test:       [0m
@qbs-autonaim/recruitment-assistant-extension:test:             [0m
@qbs-autonaim/recruitment-assistant-extension:test:       [36m<li[39m
@qbs-autonaim/recruitment-assistant-extension:test:         [33mclass[39m=[32m"artdeco-list__item"[39m
@qbs-autonaim/recruitment-assistant-extension:test:       [36m>[39m
@qbs-autonaim/recruitment-assistant-extension:test:         [0m
@qbs-autonaim/recruitment-assistant-extension:test:               [0m
@qbs-autonaim/recruitment-assistant-extension:test:         [36m<div[39m
@qbs-autonaim/recruitment-assistant-extension:test:           [33mclass[39m=[32m"display-flex"[39m
@qbs-autonaim/recruitment-assistant-extension:test:         [36m>[39m
@qbs-autonaim/recruitment-assistant-extension:test:           [0m
@qbs-autonaim/recruitment-assistant-extension:test:                 [0m
@qbs-autonaim/recruitment-assistant-extension:test:           [36m<span[39m
@qbs-autonaim/recruitment-assistant-extension:test:             [33maria-hidden[39m=[32m"true"[39m
@qbs-autonaim/recruitment-assistant-extension:test:           [36m>[39m
@qbs-autonaim/recruitment-assistant-extension:test:             [0mSenior Developer[0m
@qbs-autonaim/recruitment-assistant-extension:test:           [36m</span>[39m
@qbs-autonaim/recruitment-assistant-extension:test:           [0m
@qbs-autonaim/recruitment-assistant-extension:test:               [0m
@qbs-autonaim/recruitment-assistant-extension:test:         [36m</div>[39m
@qbs-autonaim/recruitment-assistant-extension:test:         [0m
@qbs-autonaim/recruitment-assistant-extension:test:               [0m
@qbs-autonaim/recruitment-assistant-extension:test:         [36m<span[39m
@qbs-autonaim/recruitment-assistant-extension:test:           [33mclass[39m=[32m"t-14 t-normal"[39m
@qbs-autonaim/recruitment-assistant-extension:test:         [36m>[39m
@qbs-autonaim/recruitment-assistant-extension:test:           [0m
@qbs-autonaim/recruitment-assistant-extension:test:                 [0m
@qbs-autonaim/recruitment-assistant-extension:test:           [36m<span[39m
@qbs-autonaim/recruitment-assistant-extension:test:             [33maria-hidden[39m=[32m"true"[39m
@qbs-autonaim/recruitment-assistant-extension:test:           [36m>[39m
@qbs-autonaim/recruitment-assistant-extension:test:             [0mTech Company[0m
@qbs-autonaim/recruitment-assistant-extension:test:           [36m</span>[39m
@qbs-autonaim/recruitment-assistant-extension:test:           [0m
@qbs-autonaim/recruitment-assistant-extension:test:               [0m
@qbs-autonaim/recruitment-assistant-extension:test:         [36m</span>[39m
@qbs-autonaim/recruitment-assistant-extension:test:         [0m
@qbs-autonaim/recruitment-assistant-extension:test:               [0m
@qbs-autonaim/recruitment-assistant-extension:test:         [36m<span[39m
@qbs-autonaim/recruitment-assistant-extension:test:           [33mclass[39m=[32m"t-14 t-normal t-black--light"[39m
@qbs-autonaim/recruitment-assistant-extension:test:         [36m>[39m
@qbs-autonaim/recruitment-assistant-extension:test:           [0m
@qbs-autonaim/recruitment-assistant-extension:test:                 [0m
@qbs-autonaim/recruitment-assistant-extension:test:           [36m<span[39m
@qbs-autonaim/recruitment-assistant-extension:test:             [33maria-hidden[39m=[32m"true"[39m
@qbs-autonaim/recruitment-assistant-extension:test:           [36m>[39m
@qbs-autonaim/recruitment-assistant-extension:test:             [0m2020 тАУ ╨┐╨╛ ╨╜╨░╤Б╤В╨╛╤П╤Й╨╡╨╡ ╨▓╤А╨╡╨╝╤П[0m
@qbs-autonaim/recruitment-assistant-extension:test:           [36m</span>[39m
@qbs-autonaim/recruitment-assistant-extension:test:           [0m
@qbs-autonaim/recruitment-assistant-extension:test:               [0m
@qbs-autonaim/recruitment-assistant-extension:test:         [36m</span>[39m
@qbs-autonaim/recruitment-assistant-extension:test:         [0m
@qbs-autonaim/recruitment-assistant-extension:test:               [0m
@qbs-autonaim/recruitment-assistant-extension:test:         [36m<div[39m
@qbs-autonaim/recruitment-assistant-extension:test:           [33mclass[39m=[32m"display-flex full-width"[39m
@qbs-autonaim/recruitment-assistant-extension:test:         [36m>[39m
@qbs-autonaim/recruitment-assistant-extension:test:           [0m
@qbs-autonaim/recruitment-assistant-extension:test:                 [0m
@qbs-autonaim/recruitment-assistant-extension:test:           [36m<span[39m
@qbs-autonaim/recruitment-assistant-extension:test:             [33maria-hidden[39m=[32m"true"[39m
@qbs-autonaim/recruitment-assistant-extension:test:           [36m>[39m
@qbs-autonaim/recruitment-assistant-extension:test:             [0m╨а╨░╨╖╤А╨░╨▒╨╛╤В╨║╨░[0m
@qbs-autonaim/recruitment-assistant-extension:test:           [36m</span>[39m
@qbs-autonaim/recruitment-assistant-extension:test:           [0m
@qbs-autonaim/recruitment-assistant-extension:test:               [0m
@qbs-autonaim/recruitment-assistant-extension:test:         [36m</div>[39m
@qbs-autonaim/recruitment-assistant-extension:test:         [0m
@qbs-autonaim/recruitment-assistant-extension:test:             [0m
@qbs-autonaim/recruitment-assistant-extension:test:       [36m</li>[39m
@qbs-autonaim/recruitment-assistant-extension:test:       [0m
@qbs-autonaim/recruitment-assistant-extension:test:           [0m
@qbs-autonaim/recruitment-assistant-extension:test:     [36m</ul>[39m
@qbs-autonaim/recruitment-assistant-extension:test:     [0m
@qbs-autonaim/recruitment-assistant-extension:test:         [0m
@qbs-autonaim/recruitment-assistant-extension:test:   [36m</section>[39m
@qbs-autonaim/recruitment-assistant-extension:test:   [0m
@qbs-autonaim/recruitment-assistant-extension:test:         
@qbs-autonaim/recruitment-assistant-extension:test:         [0m
@qbs-autonaim/recruitment-assistant-extension:test:   [36m<section[39m
@qbs-autonaim/recruitment-assistant-extension:test:     [33mid[39m=[32m"education"[39m
@qbs-autonaim/recruitment-assistant-extension:test:   [36m>[39m
@qbs-autonaim/recruitment-assistant-extension:test:     [0m
@qbs-autonaim/recruitment-assistant-extension:test:           [0m
@qbs-autonaim/recruitment-assistant-extension:test:     [36m<ul>[39m
@qbs-autonaim/recruitment-assistant-extension:test:       [0m
@qbs-autonaim/recruitment-assistant-extension:test:             [0m
@qbs-autonaim/recruitment-assistant-extension:test:       [36m<li[39m
@qbs-autonaim/recruitment-assistant-extension:test:         [33mclass[39m=[32m"artdeco-list__item"[39m
@qbs-autonaim/recruitment-assistant-extension:test:       [36m>[39m
@qbs-autonaim/recruitment-assistant-extension:test:         [0m
@qbs-autonaim/recruitment-assistant-extension:test:               [0m
@qbs-autonaim/recruitment-assistant-extension:test:         [36m<div[39m
@qbs-autonaim/recruitment-assistant-extension:test:           [33mclass[39m=[32m"display-flex"[39m
@qbs-autonaim/recruitment-assistant-extension:test:         [36m>[39m
@qbs-autonaim/recruitment-assistant-extension:test:           [0m
@qbs-autonaim/recruitment-assistant-extension:test:                 [0m
@qbs-autonaim/recruitment-assistant-extension:test:           [36m<span[39m
@qbs-autonaim/recruitment-assistant-extension:test:             [33maria-hidden[39m=[32m"true"[39m
@qbs-autonaim/recruitment-assistant-extension:test:           [36m>[39m
@qbs-autonaim/recruitment-assistant-extension:test:             [0m╨Ь╨У╨г[0m
@qbs-autonaim/recruitment-assistant-extension:test:           [36m</span>[39m
@qbs-autonaim/recruitment-assistant-extension:test:           [0m
@qbs-autonaim/recruitment-assistant-extension:test:               [0m
@qbs-autonaim/recruitment-assistant-extension:test:         [36m</div>[39m
@qbs-autonaim/recruitment-assistant-extension:test:         [0m
@qbs-autonaim/recruitment-assistant-extension:test:               [0m
@qbs-autonaim/recruitment-assistant-extension:test:         [36m<span[39m
@qbs-autonaim/recruitment-assistant-extension:test:           [33mclass[39m=[32m"t-14 t-normal"[39m
@qbs-autonaim/recruitment-assistant-extension:test:         [36m>[39m
@qbs-autonaim/recruitment-assistant-extension:test:           [0m
@qbs-autonaim/recruitment-assistant-extension:test:                 [0m
@qbs-autonaim/recruitment-assistant-extension:test:           [36m<span[39m
@qbs-autonaim/recruitment-assistant-extension:test:             [33maria-hidden[39m=[32m"true"[39m
@qbs-autonaim/recruitment-assistant-extension:test:           [36m>[39m
@qbs-autonaim/recruitment-assistant-extension:test:             [0m╨С╨░╨║╨░╨╗╨░╨▓╤А[0m
@qbs-autonaim/recruitment-assistant-extension:test:           [36m</span>[39m
@qbs-autonaim/recruitment-assistant-extension:test:           [0m
@qbs-autonaim/recruitment-assistant-extension:test:               [0m
@qbs-autonaim/recruitment-assistant-extension:test:         [36m</span>[39m
@qbs-autonaim/recruitment-assistant-extension:test:         [0m
@qbs-autonaim/recruitment-assistant-extension:test:               [0m
@qbs-autonaim/recruitment-assistant-extension:test:         [36m<span[39m
@qbs-autonaim/recruitment-assistant-extension:test:           [33mclass[39m=[32m"t-14 t-normal t-black--light"[39m
@qbs-autonaim/recruitment-assistant-extension:test:         [36m>[39m
@qbs-autonaim/recruitment-assistant-extension:test:           [0m
@qbs-autonaim/recruitment-assistant-extension:test:                 [0m
@qbs-autonaim/recruitment-assistant-extension:test:           [36m<span[39m
@qbs-autonaim/recruitment-assistant-extension:test:             [33maria-hidden[39m=[32m"true"[39m
@qbs-autonaim/recruitment-assistant-extension:test:           [36m>[39m
@qbs-autonaim/recruitment-assistant-extension:test:             [0m╨Ш╨╜╤Д╨╛╤А╨╝╨░╤В╨╕╨║╨░[0m
@qbs-autonaim/recruitment-assistant-extension:test:           [36m</span>[39m
@qbs-autonaim/recruitment-assistant-extension:test:           [0m
@qbs-autonaim/recruitment-assistant-extension:test:               [0m
@qbs-autonaim/recruitment-assistant-extension:test:         [36m</span>[39m
@qbs-autonaim/recruitment-assistant-extension:test:         [0m
@qbs-autonaim/recruitment-assistant-extension:test:               [0m
@qbs-autonaim/recruitment-assistant-extension:test:         [36m<span[39m
@qbs-autonaim/recruitment-assistant-extension:test:           [33mclass[39m=[32m"t-14 t-normal t-black--light"[39m
@qbs-autonaim/recruitment-assistant-extension:test:         [36m>[39m
@qbs-autonaim/recruitment-assistant-extension:test:           [0m
@qbs-autonaim/recruitment-assistant-extension:test:                 [0m
@qbs-autonaim/recruitment-assistant-extension:test:           [36m<span[39m
@qbs-autonaim/recruitment-assistant-extension:test:             [33maria-hidden[39m=[32m"true"[39m
@qbs-autonaim/recruitment-assistant-extension:test:           [36m>[39m
@qbs-autonaim/recruitment-assistant-extension:test:             [0m2015 тАУ 2019[0m
@qbs-autonaim/recruitment-assistant-extension:test:           [36m</span>[39m
@qbs-autonaim/recruitment-assistant-extension:test:           [0m
@qbs-autonaim/recruitment-assistant-extension:test:               [0m
@qbs-autonaim/recruitment-assistant-extension:test:         [36m</span>[39m
@qbs-autonaim/recruitment-assistant-extension:test:         [0m
@qbs-autonaim/recruitment-assistant-extension:test:             [0m
@qbs-autonaim/recruitment-assistant-extension:test:       [36m</li>[39m
@qbs-autonaim/recruitment-assistant-extension:test:       [0m
@qbs-autonaim/recruitment-assistant-extension:test:           [0m
@qbs-autonaim/recruitment-assistant-extension:test:     [36m</ul>[39m
@qbs-autonaim/recruitment-assistant-extension:test:     [0m
@qbs-autonaim/recruitment-assistant-extension:test:         [0m
@qbs-autonaim/recruitment-assistant-extension:test:   [36m</section>[39m
@qbs-autonaim/recruitment-assistant-extension:test:   [0m
@qbs-autonaim/recruitment-assistant-extension:test:         
@qbs-autonaim/recruitment-assistant-extension:test:         [0m
@qbs-autonaim/recruitment-assistant-extension:test:   [36m<section[39m
@qbs-autonaim/recruitment-assistant-extension:test:     [33mid[39m=[32m"skills"[39m
@qbs-autonaim/recruitment-assistant-extension:test:   [36m>[39m
@qbs-autonaim/recruitment-assistant-extension:test:     [0m
@qbs-autonaim/recruitment-assistant-extension:test:           [0m
@qbs-autonaim/recruitment-assistant-extension:test:     [36m<span[39m
@qbs-autonaim/recruitment-assistant-extension:test:       [33maria-hidden[39m=[32m"true"[39m
@qbs-autonaim/recruitment-assistant-extension:test:     [36m>[39m
@qbs-autonaim/recruitment-assistant-extension:test:       [0mTypeScript[0m
@qbs-autonaim/recruitment-assistant-extension:test:     [36m</span>[39m
@qbs-autonaim/recruitment-assistant-extension:test:     [0m
@qbs-autonaim/recruitment-assistant-extension:test:           [0m
@qbs-autonaim/recruitment-assistant-extension:test:     [36m<span[39m
@qbs-autonaim/recruitment-assistant-extension:test:       [33maria-hidden[39m=[32m"true"[39m
@qbs-autonaim/recruitment-assistant-extension:test:     [36m>[39m
@qbs-autonaim/recruitment-assistant-extension:test:       [0mReact[0m
@qbs-autonaim/recruitment-assistant-extension:test:     [36m</span>[39m
@qbs-autonaim/recruitment-assistant-extension:test:     [0m
@qbs-autonaim/recruitment-assistant-extension:test:         [0m
@qbs-autonaim/recruitment-assistant-extension:test:   [36m</section>[39m
@qbs-autonaim/recruitment-assistant-extension:test:   [0m
@qbs-autonaim/recruitment-assistant-extension:test:         
@qbs-autonaim/recruitment-assistant-extension:test:         [0m
@qbs-autonaim/recruitment-assistant-extension:test:   [36m<section[39m
@qbs-autonaim/recruitment-assistant-extension:test:     [33mclass[39m=[32m"pv-contact-info"[39m
@qbs-autonaim/recruitment-assistant-extension:test:   [36m>[39m
@qbs-autonaim/recruitment-assistant-extension:test:     [0m
@qbs-autonaim/recruitment-assistant-extension:test:           [0m
@qbs-autonaim/recruitment-assistant-extension:test:     [36m<a[39m
@qbs-autonaim/recruitment-assistant-extension:test:       [33mhref[39m=[32m"mailto:ivan@example.com"[39m
@qbs-autonaim/recruitment-assistant-extension:test:     [36m>[39m
@qbs-autonaim/recruitment-assistant-extension:test:       [0mEmail[0m
@qbs-autonaim/recruitment-assistant-extension:test:     [36m</a>[39m
@qbs-autonaim/recruitment-assistant-extension:test:     [0m
@qbs-autonaim/recruitment-assistant-extension:test:           [0m
@qbs-autonaim/recruitment-assistant-extension:test:     [36m<span[39m
@qbs-autonaim/recruitment-assistant-extension:test:       [33mclass[39m=[32m"t-14 t-black t-normal"[39m
@qbs-autonaim/recruitment-assistant-extension:test:     [36m>[39m
@qbs-autonaim/recruitment-assistant-extension:test:       [0m+7 (999) 123-45-67[0m
@qbs-autonaim/recruitment-assistant-extension:test:     [36m</span>[39m
@qbs-autonaim/recruitment-assistant-extension:test:     [0m
@qbs-autonaim/recruitment-assistant-extension:test:         [0m
@qbs-autonaim/recruitment-assistant-extension:test:   [36m</section>[39m
@qbs-autonaim/recruitment-assistant-extension:test:   [0m
@qbs-autonaim/recruitment-assistant-extension:test:       [0m
@qbs-autonaim/recruitment-assistant-extension:test:   [36m<div>[39m
@qbs-autonaim/recruitment-assistant-extension:test:     [36m<button[39m
@qbs-autonaim/recruitment-assistant-extension:test:       [33maria-busy[39m=[32m"false"[39m
@qbs-autonaim/recruitment-assistant-extension:test:       [33maria-label[39m=[32m"╨Ш╨╖╨▓╨╗╨╡╤З╤М ╨┤╨░╨╜╨╜╤Л╨╡ ╨┐╤А╨╛╤Д╨╕╨╗╤П ╨║╨░╨╜╨┤╨╕╨┤╨░╤В╨░"[39m
@qbs-autonaim/recruitment-assistant-extension:test:       [33maria-live[39m=[32m"polite"[39m
@qbs-autonaim/recruitment-assistant-extension:test:       [33mstyle[39m=[32m"min-width: 44px; min-height: 44px; padding: 12px 24px; font-size: 16px; font-weight: 500; color: #ffffff; background-color: #2563eb; border: none none; border-radius: 8px; cursor: pointer; touch-action: manipulation; transition: background-color 0.2s ease, transform 0.1s ease, box-shadow 0.2s ease; display: flex; align-items: center; justify-content: center; gap: 8px; box-shadow: 0 1px 3px 0 rgba(0, 0, 0, 0.1), 0 1px 2px -1px rgba(0, 0, 0, 0.1); position: relative; outline-color: none; outline-style: none; outline-width: initial;"[39m
@qbs-autonaim/recruitment-assistant-extension:test:       [33mtype[39m=[32m"button"[39m
@qbs-autonaim/recruitment-assistant-extension:test:     [36m>[39m
@qbs-autonaim/recruitment-assistant-extension:test:       [36m<span[39m
@qbs-autonaim/recruitment-assistant-extension:test:         [33mstyle[39m=[32m"white-space: nowrap;"[39m
@qbs-autonaim/recruitment-assistant-extension:test:       [36m>[39m
@qbs-autonaim/recruitment-assistant-extension:test:         [0m╨Ш╨╖╨▓╨╗╨╡╤З╤М ╨┤╨░╨╜╨╜╤Л╨╡[0m
@qbs-autonaim/recruitment-assistant-extension:test:       [36m</span>[39m
@qbs-autonaim/recruitment-assistant-extension:test:     [36m</button>[39m
@qbs-autonaim/recruitment-assistant-extension:test:   [36m</div>[39m
@qbs-autonaim/recruitment-assistant-extension:test:   [36m<div>[39m
@qbs-autonaim/recruitment-assistant-extension:test:     [36m<button[39m
@qbs-autonaim/recruitment-assistant-extension:test:       [33maria-busy[39m=[32m"true"[39m
@qbs-autonaim/recruitment-assistant-extension:test:       [33maria-label[39m=[32m"╨Ш╨╖╨▓╨╗╨╡╤З╤М ╨┤╨░╨╜╨╜╤Л╨╡ ╨┐╤А╨╛╤Д╨╕╨╗╤П ╨║╨░╨╜╨┤╨╕╨┤╨░╤В╨░"[39m
@qbs-autonaim/recruitment-assistant-extension:test:       [33maria-live[39m=[32m"polite"[39m
@qbs-autonaim/recruitment-assistant-extension:test:       [33mdisabled[39m=[32m""[39m
@qbs-autonaim/recruitment-assistant-extension:test:       [33mstyle[39m=[32m"min-width: 44px; min-height: 44px; padding: 12px 24px; font-size: 16px; font-weight: 500; color: #ffffff; background-color: #6b7280; border: none none; border-radius: 8px; cursor: not-all...
@qbs-autonaim/recruitment-assistant-extension:test:       at <anonymous> (C:\Projects\kwork\selectio\node_modules\@testing-library\dom\dist\query-helpers.js:59:30)
@qbs-autonaim/recruitment-assistant-extension:test:       at <anonymous> (C:\Projects\kwork\selectio\node_modules\@testing-library\dom\dist\query-helpers.js:95:19)
@qbs-autonaim/recruitment-assistant-extension:test:       at <anonymous> (C:\Projects\kwork\selectio\apps\recruitment-assistant-extension\src\content\ui\action-button.test.tsx:69:29)
@qbs-autonaim/recruitment-assistant-extension:test: (fail) ActionButton > ╨Ф╨╛╤Б╤В╤Г╨┐╨╜╨╛╤Б╤В╤М (ARIA) > ╨┤╨╛╨╗╨╢╨╡╨╜ ╨╕╨╝╨╡╤В╤М aria-busy="true" ╨┐╤А╨╕ ╨╖╨░╨│╤А╤Г╨╖╨║╨╡ [32.00ms]
@qbs-autonaim/recruitment-assistant-extension:test: 54 |       const elementStrings = els.map(element => getElementError(null, element).message).join('\n\n');
@qbs-autonaim/recruitment-assistant-extension:test: 55 |       throw getMultipleElementsFoundError(`${getMultipleError(container, ...args)}
@qbs-autonaim/recruitment-assistant-extension:test: 56 | 
@qbs-autonaim/recruitment-assistant-extension:test: 57 | Here are the matching elements:
@qbs-autonaim/recruitment-assistant-extension:test: 58 | 
@qbs-autonaim/recruitment-assistant-extension:test: 59 | ${elementStrings}`, container);
@qbs-autonaim/recruitment-assistant-extension:test:                                   ^
@qbs-autonaim/recruitment-assistant-extension:test: TestingLibraryElementError: Found multiple elements with the role "button"
@qbs-autonaim/recruitment-assistant-extension:test: 
@qbs-autonaim/recruitment-assistant-extension:test: Here are the matching elements:
@qbs-autonaim/recruitment-assistant-extension:test: 
@qbs-autonaim/recruitment-assistant-extension:test: Ignored nodes: comments, script, style
@qbs-autonaim/recruitment-assistant-extension:test: [36m<button[39m
@qbs-autonaim/recruitment-assistant-extension:test:   [33maria-busy[39m=[32m"false"[39m
@qbs-autonaim/recruitment-assistant-extension:test:   [33maria-label[39m=[32m"╨Ш╨╖╨▓╨╗╨╡╤З╤М ╨┤╨░╨╜╨╜╤Л╨╡ ╨┐╤А╨╛╤Д╨╕╨╗╤П ╨║╨░╨╜╨┤╨╕╨┤╨░╤В╨░"[39m
@qbs-autonaim/recruitment-assistant-extension:test:   [33maria-live[39m=[32m"polite"[39m
@qbs-autonaim/recruitment-assistant-extension:test:   [33mstyle[39m=[32m"min-width: 44px; min-height: 44px; padding: 12px 24px; font-size: 16px; font-weight: 500; color: #ffffff; background-color: #2563eb; border: none none; border-radius: 8px; cursor: pointer; touch-action: manipulation; transition: background-color 0.2s ease, transform 0.1s ease, box-shadow 0.2s ease; display: flex; align-items: center; justify-content: center; gap: 8px; box-shadow: 0 1px 3px 0 rgba(0, 0, 0, 0.1), 0 1px 2px -1px rgba(0, 0, 0, 0.1); position: relative; outline-color: none; outline-style: none; outline-width: initial;"[39m
@qbs-autonaim/recruitment-assistant-extension:test:   [33mtype[39m=[32m"button"[39m
@qbs-autonaim/recruitment-assistant-extension:test: [36m>[39m
@qbs-autonaim/recruitment-assistant-extension:test:   [36m<span[39m
@qbs-autonaim/recruitment-assistant-extension:test:     [33mstyle[39m=[32m"white-space: nowrap;"[39m
@qbs-autonaim/recruitment-assistant-extension:test:   [36m>[39m
@qbs-autonaim/recruitment-assistant-extension:test:     [0m╨Ш╨╖╨▓╨╗╨╡╤З╤М ╨┤╨░╨╜╨╜╤Л╨╡[0m
@qbs-autonaim/recruitment-assistant-extension:test:   [36m</span>[39m
@qbs-autonaim/recruitment-assistant-extension:test: [36m</button>[39m
@qbs-autonaim/recruitment-assistant-extension:test: 
@qbs-autonaim/recruitment-assistant-extension:test: Ignored nodes: comments, script, style
@qbs-autonaim/recruitment-assistant-extension:test: [36m<button[39m
@qbs-autonaim/recruitment-assistant-extension:test:   [33maria-busy[39m=[32m"true"[39m
@qbs-autonaim/recruitment-assistant-extension:test:   [33maria-label[39m=[32m"╨Ш╨╖╨▓╨╗╨╡╤З╤М ╨┤╨░╨╜╨╜╤Л╨╡ ╨┐╤А╨╛╤Д╨╕╨╗╤П ╨║╨░╨╜╨┤╨╕╨┤╨░╤В╨░"[39m
@qbs-autonaim/recruitment-assistant-extension:test:   [33maria-live[39m=[32m"polite"[39m
@qbs-autonaim/recruitment-assistant-extension:test:   [33mdisabled[39m=[32m""[39m
@qbs-autonaim/recruitment-assistant-extension:test:   [33mstyle[39m=[32m"min-width: 44px; min-height: 44px; padding: 12px 24px; font-size: 16px; font-weight: 500; color: #ffffff; background-color: #6b7280; border: none none; border-radius: 8px; cursor: not-allowed; touch-action: manipulation; transition: background-color 0.2s ease, transform 0.1s ease, box-shadow 0.2s ease; display: flex; align-items: center; justify-content: center; gap: 8px; box-shadow: 0 1px 3px 0 rgba(0, 0, 0, 0.1), 0 1px 2px -1px rgba(0, 0, 0, 0.1); position: relative; outline-color: none; outline-style: none; outline-width: initial;"[39m
@qbs-autonaim/recruitment-assistant-extension:test:   [33mtype[39m=[32m"button"[39m
@qbs-autonaim/recruitment-assistant-extension:test: [36m>[39m
@qbs-autonaim/recruitment-assistant-extension:test:   [36m<svg[39m
@qbs-autonaim/recruitment-assistant-extension:test:     [33maria-hidden[39m=[32m"true"[39m
@qbs-autonaim/recruitment-assistant-extension:test:     [33mfill[39m=[32m"none"[39m
@qbs-autonaim/recruitment-assistant-extension:test:     [33mrole[39m=[32m"presentation"[39m
@qbs-autonaim/recruitment-assistant-extension:test:     [33mstyle[39m=[32m"width: 16px; height: 16px; animation: spin 1s linear infinite; flex-shrink: 0;"[39m
@qbs-autonaim/recruitment-assistant-extension:test:     [33mviewBox[39m=[32m"0 0 24 24"[39m
@qbs-autonaim/recruitment-assistant-extension:test:   [36m>[39m
@qbs-autonaim/recruitment-assistant-extension:test:     [36m<circle[39m
@qbs-autonaim/recruitment-assistant-extension:test:       [33mcx[39m=[32m"12"[39m
@qbs-autonaim/recruitment-assistant-extension:test:       [33mcy[39m=[32m"12"[39m
@qbs-autonaim/recruitment-assistant-extension:test:       [33mr[39m=[32m"10"[39m
@qbs-autonaim/recruitment-assistant-extension:test:       [33mstroke[39m=[32m"currentColor"[39m
@qbs-autonaim/recruitment-assistant-extension:test:       [33mstroke-opacity[39m=[32m"0.25"[39m
@qbs-autonaim/recruitment-assistant-extension:test:       [33mstroke-width[39m=[32m"4"[39m
@qbs-autonaim/recruitment-assistant-extension:test:     [36m/>[39m
@qbs-autonaim/recruitment-assistant-extension:test:     [36m<path[39m
@qbs-autonaim/recruitment-assistant-extension:test:       [33md[39m=[32m"M4 12a8 8 0 018-8V0C5.373 0 0 5.373 0 12h4zm2 5.291A7.962 7.962 0 014 12H0c0 3.042 1.135 5.824 3 7.938l3-2.647z"[39m
@qbs-autonaim/recruitment-assistant-extension:test:       [33mfill[39m=[32m"currentColor"[39m
@qbs-autonaim/recruitment-assistant-extension:test:       [33mopacity[39m=[32m"0.75"[39m
@qbs-autonaim/recruitment-assistant-extension:test:     [36m/>[39m
@qbs-autonaim/recruitment-assistant-extension:test:   [36m</svg>[39m
@qbs-autonaim/recruitment-assistant-extension:test:   [36m<span[39m
@qbs-autonaim/recruitment-assistant-extension:test:     [33mstyle[39m=[32m"white-space: nowrap;"[39m
@qbs-autonaim/recruitment-assistant-extension:test:   [36m>[39m
@qbs-autonaim/recruitment-assistant-extension:test:     [0m╨Ш╨╖╨▓╨╗╨╡╤З╨╡╨╜╨╕╨╡ ╨┤╨░╨╜╨╜╤Л╤ЕтАж[0m
@qbs-autonaim/recruitment-assistant-extension:test:   [36m</span>[39m
@qbs-autonaim/recruitment-assistant-extension:test: [36m</button>[39m
@qbs-autonaim/recruitment-assistant-extension:test: 
@qbs-autonaim/recruitment-assistant-extension:test: Ignored nodes: comments, script, style
@qbs-autonaim/recruitment-assistant-extension:test: [36m<button[39m
@qbs-autonaim/recruitment-assistant-extension:test:   [33maria-busy[39m=[32m"true"[39m
@qbs-autonaim/recruitment-assistant-extension:test:   [33maria-label[39m=[32m"╨Ш╨╖╨▓╨╗╨╡╤З╤М ╨┤╨░╨╜╨╜╤Л╨╡ ╨┐╤А╨╛╤Д╨╕╨╗╤П ╨║╨░╨╜╨┤╨╕╨┤╨░╤В╨░"[39m
@qbs-autonaim/recruitment-assistant-extension:test:   [33maria-live[39m=[32m"polite"[39m
@qbs-autonaim/recruitment-assistant-extension:test:   [33mdisabled[39m=[32m""[39m
@qbs-autonaim/recruitment-assistant-extension:test:   [33mstyle[39m=[32m"min-width: 44px; min-height: 44px; padding: 12px 24px; font-size: 16px; font-weight: 500; color: #ffffff; background-color: #6b7280; border: none none; border-radius: 8px; cursor: not-allowed; touch-action: manipulation; transition: background-color 0.2s ease, transform 0.1s ease, box-shadow 0.2s ease; display: flex; align-items: center; justify-content: center; gap: 8px; box-shadow: 0 1px 3px 0 rgba(0, 0, 0, 0.1), 0 1px 2px -1px rgba(0, 0, 0, 0.1); position: relative; outline-color: none; outline-style: none; outline-width: initial;"[39m
@qbs-autonaim/recruitment-assistant-extension:test:   [33mtype[39m=[32m"button"[39m
@qbs-autonaim/recruitment-assistant-extension:test: [36m>[39m
@qbs-autonaim/recruitment-assistant-extension:test:   [36m<svg[39m
@qbs-autonaim/recruitment-assistant-extension:test:     [33maria-hidden[39m=[32m"true"[39m
@qbs-autonaim/recruitment-assistant-extension:test:     [33mfill[39m=[32m"none"[39m
@qbs-autonaim/recruitment-assistant-extension:test:     [33mrole[39m=[32m"presentation"[39m
@qbs-autonaim/recruitment-assistant-extension:test:     [33mstyle[39m=[32m"width: 16px; height: 16px; animation: spin 1s linear infinite; flex-shrink: 0;"[39m
@qbs-autonaim/recruitment-assistant-extension:test:     [33mviewBox[39m=[32m"0 0 24 24"[39m
@qbs-autonaim/recruitment-assistant-extension:test:   [36m>[39m
@qbs-autonaim/recruitment-assistant-extension:test:     [36m<circle[39m
@qbs-autonaim/recruitment-assistant-extension:test:       [33mcx[39m=[32m"12"[39m
@qbs-autonaim/recruitment-assistant-extension:test:       [33mcy[39m=[32m"12"[39m
@qbs-autonaim/recruitment-assistant-extension:test:       [33mr[39m=[32m"10"[39m
@qbs-autonaim/recruitment-assistant-extension:test:       [33mstroke[39m=[32m"currentColor"[39m
@qbs-autonaim/recruitment-assistant-extension:test:       [33mstroke-opacity[39m=[32m"0.25"[39m
@qbs-autonaim/recruitment-assistant-extension:test:       [33mstroke-width[39m=[32m"4"[39m
@qbs-autonaim/recruitment-assistant-extension:test:     [36m/>[39m
@qbs-autonaim/recruitment-assistant-extension:test:     [36m<path[39m
@qbs-autonaim/recruitment-assistant-extension:test:       [33md[39m=[32m"M4 12a8 8 0 018-8V0C5.373 0 0 5.373 0 12h4zm2 5.291A7.962 7.962 0 014 12H0c0 3.042 1.135 5.824 3 7.938l3-2.647z"[39m
@qbs-autonaim/recruitment-assistant-extension:test:       [33mfill[39m=[32m"currentColor"[39m
@qbs-autonaim/recruitment-assistant-extension:test:       [33mopacity[39m=[32m"0.75"[39m
@qbs-autonaim/recruitment-assistant-extension:test:     [36m/>[39m
@qbs-autonaim/recruitment-assistant-extension:test:   [36m</svg>[39m
@qbs-autonaim/recruitment-assistant-extension:test:   [36m<span[39m
@qbs-autonaim/recruitment-assistant-extension:test:     [33mstyle[39m=[32m"white-space: nowrap;"[39m
@qbs-autonaim/recruitment-assistant-extension:test:   [36m>[39m
@qbs-autonaim/recruitment-assistant-extension:test:     [0m╨Ш╨╖╨▓╨╗╨╡╤З╨╡╨╜╨╕╨╡ ╨┤╨░╨╜╨╜╤Л╤ЕтАж[0m
@qbs-autonaim/recruitment-assistant-extension:test:   [36m</span>[39m
@qbs-autonaim/recruitment-assistant-extension:test: [36m</button>[39m
@qbs-autonaim/recruitment-assistant-extension:test: 
@qbs-autonaim/recruitment-assistant-extension:test: Ignored nodes: comments, script, style
@qbs-autonaim/recruitment-assistant-extension:test: [36m<button[39m
@qbs-autonaim/recruitment-assistant-extension:test:   [33maria-busy[39m=[32m"false"[39m
@qbs-autonaim/recruitment-assistant-extension:test:   [33maria-label[39m=[32m"╨Ш╨╖╨▓╨╗╨╡╤З╤М ╨┤╨░╨╜╨╜╤Л╨╡ ╨┐╤А╨╛╤Д╨╕╨╗╤П ╨║╨░╨╜╨┤╨╕╨┤╨░╤В╨░"[39m
@qbs-autonaim/recruitment-assistant-extension:test:   [33maria-live[39m=[32m"polite"[39m
@qbs-autonaim/recruitment-assistant-extension:test:   [33mstyle[39m=[32m"min-width: 44px; min-height: 44px; padding: 12px 24px; font-size: 16px; font-weight: 500; color: #ffffff; background-color: #2563eb; border: none none; border-radius: 8px; cursor: pointer; touch-action: manipulation; transition: background-color 0.2s ease, transform 0.1s ease, box-shadow 0.2s ease; display: flex; align-items: center; justify-content: center; gap: 8px; box-shadow: 0 1px 3px 0 rgba(0, 0, 0, 0.1), 0 1px 2px -1px rgba(0, 0, 0, 0.1); position: relative; outline-color: none; outline-style: none; outline-width: initial;"[39m
@qbs-autonaim/recruitment-assistant-extension:test:   [33mtype[39m=[32m"button"[39m
@qbs-autonaim/recruitment-assistant-extension:test: [36m>[39m
@qbs-autonaim/recruitment-assistant-extension:test:   [36m<span[39m
@qbs-autonaim/recruitment-assistant-extension:test:     [33mstyle[39m=[32m"white-space: nowrap;"[39m
@qbs-autonaim/recruitment-assistant-extension:test:   [36m>[39m
@qbs-autonaim/recruitment-assistant-extension:test:     [0m╨Ш╨╖╨▓╨╗╨╡╤З╤М ╨┤╨░╨╜╨╜╤Л╨╡[0m
@qbs-autonaim/recruitment-assistant-extension:test:   [36m</span>[39m
@qbs-autonaim/recruitment-assistant-extension:test: [36m</button>[39m
@qbs-autonaim/recruitment-assistant-extension:test: 
@qbs-autonaim/recruitment-assistant-extension:test: Ignored nodes: comments, script, style
@qbs-autonaim/recruitment-assistant-extension:test: [36m<button[39m
@qbs-autonaim/recruitment-assistant-extension:test:   [33maria-busy[39m=[32m"false"[39m
@qbs-autonaim/recruitment-assistant-extension:test:   [33maria-label[39m=[32m"╨Ш╨╖╨▓╨╗╨╡╤З╤М ╨┤╨░╨╜╨╜╤Л╨╡ ╨┐╤А╨╛╤Д╨╕╨╗╤П ╨║╨░╨╜╨┤╨╕╨┤╨░╤В╨░"[39m
@qbs-autonaim/recruitment-assistant-extension:test:   [33maria-live[39m=[32m"polite"[39m
@qbs-autonaim/recruitment-assistant-extension:test:   [33mstyle[39m=[32m"min-width: 44px; min-height: 44px; padding: 12px 24px; font-size: 16px; font-weight: 500; color: #ffffff; background-color: #2563eb; border: none none; border-radius: 8px; cursor: pointer; touch-action: manipulation; transition: background-color 0.2s ease, transform 0.1s ease, box-shadow 0.2s ease; display: flex; align-items: center; justify-content: center; gap: 8px; box-shadow: 0 1px 3px 0 rgba(0, 0, 0, 0.1), 0 1px 2px -1px rgba(0, 0, 0, 0.1); position: relative; outline-color: none; outline-style: none; outline-width: initial;"[39m
@qbs-autonaim/recruitment-assistant-extension:test:   [33mtype[39m=[32m"button"[39m
@qbs-autonaim/recruitment-assistant-extension:test: [36m>[39m
@qbs-autonaim/recruitment-assistant-extension:test:   [36m<span[39m
@qbs-autonaim/recruitment-assistant-extension:test:     [33mstyle[39m=[32m"white-space: nowrap;"[39m
@qbs-autonaim/recruitment-assistant-extension:test:   [36m>[39m
@qbs-autonaim/recruitment-assistant-extension:test:     [0m╨Ш╨╖╨▓╨╗╨╡╤З╤М ╨┤╨░╨╜╨╜╤Л╨╡[0m
@qbs-autonaim/recruitment-assistant-extension:test:   [36m</span>[39m
@qbs-autonaim/recruitment-assistant-extension:test: [36m</button>[39m
@qbs-autonaim/recruitment-assistant-extension:test: 
@qbs-autonaim/recruitment-assistant-extension:test: Ignored nodes: comments, script, style
@qbs-autonaim/recruitment-assistant-extension:test: [36m<button[39m
@qbs-autonaim/recruitment-assistant-extension:test:   [33maria-busy[39m=[32m"false"[39m
@qbs-autonaim/recruitment-assistant-extension:test:   [33maria-label[39m=[32m"╨Ш╨╖╨▓╨╗╨╡╤З╤М ╨┤╨░╨╜╨╜╤Л╨╡ ╨┐╤А╨╛╤Д╨╕╨╗╤П ╨║╨░╨╜╨┤╨╕╨┤╨░╤В╨░"[39m
@qbs-autonaim/recruitment-assistant-extension:test:   [33maria-live[39m=[32m"polite"[39m
@qbs-autonaim/recruitment-assistant-extension:test:   [33mstyle[39m=[32m"min-width: 44px; min-height: 44px; padding: 12px 24px; font-size: 16px; font-weight: 500; color: #ffffff; background-color: #2563eb; border: none none; border-radius: 8px; cursor: pointer; touch-action: manipulation; transition: background-color 0.2s ease, transform 0.1s ease, box-shadow 0.2s ease; display: flex; align-items: center; justify-content: center; gap: 8px; box-shadow: 0 1px 3px 0 rgba(0, 0, 0, 0.1), 0 1px 2px -1px rgba(0, 0, 0, 0.1); position: relative; outline-color: none; outline-style: none; outline-width: initial;"[39m
@qbs-autonaim/recruitment-assistant-extension:test:   [33mtype[39m=[32m"button"[39m
@qbs-autonaim/recruitment-assistant-extension:test: [36m>[39m
@qbs-autonaim/recruitment-assistant-extension:test:   [36m<span[39m
@qbs-autonaim/recruitment-assistant-extension:test:     [33mstyle[39m=[32m"white-space: nowrap;"[39m
@qbs-autonaim/recruitment-assistant-extension:test:   [36m>[39m
@qbs-autonaim/recruitment-assistant-extension:test:     [0m╨Ш╨╖╨▓╨╗╨╡╤З╤М ╨┤╨░╨╜╨╜╤Л╨╡[0m
@qbs-autonaim/recruitment-assistant-extension:test:   [36m</span>[39m
@qbs-autonaim/recruitment-assistant-extension:test: [36m</button>[39m
@qbs-autonaim/recruitment-assistant-extension:test: 
@qbs-autonaim/recruitment-assistant-extension:test: Ignored nodes: comments, script, style
@qbs-autonaim/recruitment-assistant-extension:test: [36m<button[39m
@qbs-autonaim/recruitment-assistant-extension:test:   [33maria-busy[39m=[32m"true"[39m
@qbs-autonaim/recruitment-assistant-extension:test:   [33maria-label[39m=[32m"╨Ш╨╖╨▓╨╗╨╡╤З╤М ╨┤╨░╨╜╨╜╤Л╨╡ ╨┐╤А╨╛╤Д╨╕╨╗╤П ╨║╨░╨╜╨┤╨╕╨┤╨░╤В╨░"[39m
@qbs-autonaim/recruitment-assistant-extension:test:   [33maria-live[39m=[32m"polite"[39m
@qbs-autonaim/recruitment-assistant-extension:test:   [33mdisabled[39m=[32m""[39m
@qbs-autonaim/recruitment-assistant-extension:test:   [33mstyle[39m=[32m"min-width: 44px; min-height: 44px; padding: 12px 24px; font-size: 16px; font-weight: 500; color: #ffffff; background-color: #6b7280; border: none none; border-radius: 8px; cursor: not-allowed; touch-action: manipulation; transition: background-color 0.2s ease, transform 0.1s ease, box-shadow 0.2s ease; display: flex; align-items: center; justify-content: center; gap: 8px; box-shadow: 0 1px 3px 0 rgba(0, 0, 0, 0.1), 0 1px 2px -1px rgba(0, 0, 0, 0.1); position: relative; outline-color: none; outline-style: none; outline-width: initial;"[39m
@qbs-autonaim/recruitment-assistant-extension:test:   [33mtype[39m=[32m"button"[39m
@qbs-autonaim/recruitment-assistant-extension:test: [36m>[39m
@qbs-autonaim/recruitment-assistant-extension:test:   [36m<svg[39m
@qbs-autonaim/recruitment-assistant-extension:test:     [33maria-hidden[39m=[32m"true"[39m
@qbs-autonaim/recruitment-assistant-extension:test:     [33mfill[39m=[32m"none"[39m
@qbs-autonaim/recruitment-assistant-extension:test:     [33mrole[39m=[32m"presentation"[39m
@qbs-autonaim/recruitment-assistant-extension:test:     [33mstyle[39m=[32m"width: 16px; height: 16px; animation: spin 1s linear infinite; flex-shrink: 0;"[39m
@qbs-autonaim/recruitment-assistant-extension:test:     [33mviewBox[39m=[32m"0 0 24 24"[39m
@qbs-autonaim/recruitment-assistant-extension:test:   [36m>[39m
@qbs-autonaim/recruitment-assistant-extension:test:     [36m<circle[39m
@qbs-autonaim/recruitment-assistant-extension:test:       [33mcx[39m=[32m"12"[39m
@qbs-autonaim/recruitment-assistant-extension:test:       [33mcy[39m=[32m"12"[39m
@qbs-autonaim/recruitment-assistant-extension:test:       [33mr[39m=[32m"10"[39m
@qbs-autonaim/recruitment-assistant-extension:test:       [33mstroke[39m=[32m"currentColor"[39m
@qbs-autonaim/recruitment-assistant-extension:test:       [33mstroke-opacity[39m=[32m"0.25"[39m
@qbs-autonaim/recruitment-assistant-extension:test:       [33mstroke-width[39m=[32m"4"[39m
@qbs-autonaim/recruitment-assistant-extension:test:     [36m/>[39m
@qbs-autonaim/recruitment-assistant-extension:test:     [36m<path[39m
@qbs-autonaim/recruitment-assistant-extension:test:       [33md[39m=[32m"M4 12a8 8 0 018-8V0C5.373 0 0 5.373 0 12h4zm2 5.291A7.962 7.962 0 014 12H0c0 3.042 1.135 5.824 3 7.938l3-2.647z"[39m
@qbs-autonaim/recruitment-assistant-extension:test:       [33mfill[39m=[32m"currentColor"[39m
@qbs-autonaim/recruitment-assistant-extension:test:       [33mopacity[39m=[32m"0.75"[39m
@qbs-autonaim/recruitment-assistant-extension:test:     [36m/>[39m
@qbs-autonaim/recruitment-assistant-extension:test:   [36m</svg>[39m
@qbs-autonaim/recruitment-assistant-extension:test:   [36m<span[39m
@qbs-autonaim/recruitment-assistant-extension:test:     [33mstyle[39m=[32m"white-space: nowrap;"[39m
@qbs-autonaim/recruitment-assistant-extension:test:   [36m>[39m
@qbs-autonaim/recruitment-assistant-extension:test:     [0m╨Ш╨╖╨▓╨╗╨╡╤З╨╡╨╜╨╕╨╡ ╨┤╨░╨╜╨╜╤Л╤ЕтАж[0m
@qbs-autonaim/recruitment-assistant-extension:test:   [36m</span>[39m
@qbs-autonaim/recruitment-assistant-extension:test: [36m</button>[39m
@qbs-autonaim/recruitment-assistant-extension:test: 
@qbs-autonaim/recruitment-assistant-extension:test: Ignored nodes: comments, script, style
@qbs-autonaim/recruitment-assistant-extension:test: [36m<button[39m
@qbs-autonaim/recruitment-assistant-extension:test:   [33maria-busy[39m=[32m"false"[39m
@qbs-autonaim/recruitment-assistant-extension:test:   [33maria-label[39m=[32m"╨Ш╨╖╨▓╨╗╨╡╤З╤М ╨┤╨░╨╜╨╜╤Л╨╡ ╨┐╤А╨╛╤Д╨╕╨╗╤П ╨║╨░╨╜╨┤╨╕╨┤╨░╤В╨░"[39m
@qbs-autonaim/recruitment-assistant-extension:test:   [33maria-live[39m=[32m"polite"[39m
@qbs-autonaim/recruitment-assistant-extension:test:   [33mstyle[39m=[32m"min-width: 44px; min-height: 44px; padding: 12px 24px; font-size: 16px; font-weight: 500; color: #ffffff; background-color: #2563eb; border: none none; border-radius: 8px; cursor: pointer; touch-action: manipulation; transition: background-color 0.2s ease, transform 0.1s ease, box-shadow 0.2s ease; display: flex; align-items: center; justify-content: center; gap: 8px; box-shadow: 0 1px 3px 0 rgba(0, 0, 0, 0.1), 0 1px 2px -1px rgba(0, 0, 0, 0.1); position: relative; outline-color: none; outline-style: none; outline-width: initial;"[39m
@qbs-autonaim/recruitment-assistant-extension:test:   [33mtype[39m=[32m"button"[39m
@qbs-autonaim/recruitment-assistant-extension:test: [36m>[39m
@qbs-autonaim/recruitment-assistant-extension:test:   [36m<span[39m
@qbs-autonaim/recruitment-assistant-extension:test:     [33mstyle[39m=[32m"white-space: nowrap;"[39m
@qbs-autonaim/recruitment-assistant-extension:test:   [36m>[39m
@qbs-autonaim/recruitment-assistant-extension:test:     [0m╨Ш╨╖╨▓╨╗╨╡╤З╤М ╨┤╨░╨╜╨╜╤Л╨╡[0m
@qbs-autonaim/recruitment-assistant-extension:test:   [36m</span>[39m
@qbs-autonaim/recruitment-assistant-extension:test: [36m</button>[39m
@qbs-autonaim/recruitment-assistant-extension:test: 
@qbs-autonaim/recruitment-assistant-extension:test: (If this is intentional, then use the `*AllBy*` variant of the query (like `queryAllByText`, `getAllByText`, or `findAllByText`)).
@qbs-autonaim/recruitment-assistant-extension:test: 
@qbs-autonaim/recruitment-assistant-extension:test: Ignored nodes: comments, script, style
@qbs-autonaim/recruitment-assistant-extension:test: [36m<body>[39m
@qbs-autonaim/recruitment-assistant-extension:test:   [0m
@qbs-autonaim/recruitment-assistant-extension:test:         [0m
@qbs-autonaim/recruitment-assistant-extension:test:   [36m<h1[39m
@qbs-autonaim/recruitment-assistant-extension:test:     [33mclass[39m=[32m"text-heading-xlarge"[39m
@qbs-autonaim/recruitment-assistant-extension:test:   [36m>[39m
@qbs-autonaim/recruitment-assistant-extension:test:     [0m╨Ш╨▓╨░╨╜ ╨Ш╨▓╨░╨╜╨╛╨▓[0m
@qbs-autonaim/recruitment-assistant-extension:test:   [36m</h1>[39m
@qbs-autonaim/recruitment-assistant-extension:test:   [0m
@qbs-autonaim/recruitment-assistant-extension:test:         [0m
@qbs-autonaim/recruitment-assistant-extension:test:   [36m<div[39m
@qbs-autonaim/recruitment-assistant-extension:test:     [33mclass[39m=[32m"text-body-medium"[39m
@qbs-autonaim/recruitment-assistant-extension:test:   [36m>[39m
@qbs-autonaim/recruitment-assistant-extension:test:     [0mSenior Developer[0m
@qbs-autonaim/recruitment-assistant-extension:test:   [36m</div>[39m
@qbs-autonaim/recruitment-assistant-extension:test:   [0m
@qbs-autonaim/recruitment-assistant-extension:test:         [0m
@qbs-autonaim/recruitment-assistant-extension:test:   [36m<span[39m
@qbs-autonaim/recruitment-assistant-extension:test:     [33mclass[39m=[32m"text-body-small inline"[39m
@qbs-autonaim/recruitment-assistant-extension:test:   [36m>[39m
@qbs-autonaim/recruitment-assistant-extension:test:     [0m╨Ь╨╛╤Б╨║╨▓╨░, ╨а╨╛╤Б╤Б╨╕╤П[0m
@qbs-autonaim/recruitment-assistant-extension:test:   [36m</span>[39m
@qbs-autonaim/recruitment-assistant-extension:test:   [0m
@qbs-autonaim/recruitment-assistant-extension:test:         [0m
@qbs-autonaim/recruitment-assistant-extension:test:   [36m<img[39m
@qbs-autonaim/recruitment-assistant-extension:test:     [33mclass[39m=[32m"pv-top-card-profile-picture__image"[39m
@qbs-autonaim/recruitment-assistant-extension:test:     [33msrc[39m=[32m"https://example.com/photo.jpg"[39m
@qbs-autonaim/recruitment-assistant-extension:test:   [36m/>[39m
@qbs-autonaim/recruitment-assistant-extension:test:   [0m
@qbs-autonaim/recruitment-assistant-extension:test:         
@qbs-autonaim/recruitment-assistant-extension:test:         [0m
@qbs-autonaim/recruitment-assistant-extension:test:   [36m<section[39m
@qbs-autonaim/recruitment-assistant-extension:test:     [33mid[39m=[32m"experience"[39m
@qbs-autonaim/recruitment-assistant-extension:test:   [36m>[39m
@qbs-autonaim/recruitment-assistant-extension:test:     [0m
@qbs-autonaim/recruitment-assistant-extension:test:           [0m
@qbs-autonaim/recruitment-assistant-extension:test:     [36m<ul>[39m
@qbs-autonaim/recruitment-assistant-extension:test:       [0m
@qbs-autonaim/recruitment-assistant-extension:test:             [0m
@qbs-autonaim/recruitment-assistant-extension:test:       [36m<li[39m
@qbs-autonaim/recruitment-assistant-extension:test:         [33mclass[39m=[32m"artdeco-list__item"[39m
@qbs-autonaim/recruitment-assistant-extension:test:       [36m>[39m
@qbs-autonaim/recruitment-assistant-extension:test:         [0m
@qbs-autonaim/recruitment-assistant-extension:test:               [0m
@qbs-autonaim/recruitment-assistant-extension:test:         [36m<div[39m
@qbs-autonaim/recruitment-assistant-extension:test:           [33mclass[39m=[32m"display-flex"[39m
@qbs-autonaim/recruitment-assistant-extension:test:         [36m>[39m
@qbs-autonaim/recruitment-assistant-extension:test:           [0m
@qbs-autonaim/recruitment-assistant-extension:test:                 [0m
@qbs-autonaim/recruitment-assistant-extension:test:           [36m<span[39m
@qbs-autonaim/recruitment-assistant-extension:test:             [33maria-hidden[39m=[32m"true"[39m
@qbs-autonaim/recruitment-assistant-extension:test:           [36m>[39m
@qbs-autonaim/recruitment-assistant-extension:test:             [0mSenior Developer[0m
@qbs-autonaim/recruitment-assistant-extension:test:           [36m</span>[39m
@qbs-autonaim/recruitment-assistant-extension:test:           [0m
@qbs-autonaim/recruitment-assistant-extension:test:               [0m
@qbs-autonaim/recruitment-assistant-extension:test:         [36m</div>[39m
@qbs-autonaim/recruitment-assistant-extension:test:         [0m
@qbs-autonaim/recruitment-assistant-extension:test:               [0m
@qbs-autonaim/recruitment-assistant-extension:test:         [36m<span[39m
@qbs-autonaim/recruitment-assistant-extension:test:           [33mclass[39m=[32m"t-14 t-normal"[39m
@qbs-autonaim/recruitment-assistant-extension:test:         [36m>[39m
@qbs-autonaim/recruitment-assistant-extension:test:           [0m
@qbs-autonaim/recruitment-assistant-extension:test:                 [0m
@qbs-autonaim/recruitment-assistant-extension:test:           [36m<span[39m
@qbs-autonaim/recruitment-assistant-extension:test:             [33maria-hidden[39m=[32m"true"[39m
@qbs-autonaim/recruitment-assistant-extension:test:           [36m>[39m
@qbs-autonaim/recruitment-assistant-extension:test:             [0mTech Company[0m
@qbs-autonaim/recruitment-assistant-extension:test:           [36m</span>[39m
@qbs-autonaim/recruitment-assistant-extension:test:           [0m
@qbs-autonaim/recruitment-assistant-extension:test:               [0m
@qbs-autonaim/recruitment-assistant-extension:test:         [36m</span>[39m
@qbs-autonaim/recruitment-assistant-extension:test:         [0m
@qbs-autonaim/recruitment-assistant-extension:test:               [0m
@qbs-autonaim/recruitment-assistant-extension:test:         [36m<span[39m
@qbs-autonaim/recruitment-assistant-extension:test:           [33mclass[39m=[32m"t-14 t-normal t-black--light"[39m
@qbs-autonaim/recruitment-assistant-extension:test:         [36m>[39m
@qbs-autonaim/recruitment-assistant-extension:test:           [0m
@qbs-autonaim/recruitment-assistant-extension:test:                 [0m
@qbs-autonaim/recruitment-assistant-extension:test:           [36m<span[39m
@qbs-autonaim/recruitment-assistant-extension:test:             [33maria-hidden[39m=[32m"true"[39m
@qbs-autonaim/recruitment-assistant-extension:test:           [36m>[39m
@qbs-autonaim/recruitment-assistant-extension:test:             [0m2020 тАУ ╨┐╨╛ ╨╜╨░╤Б╤В╨╛╤П╤Й╨╡╨╡ ╨▓╤А╨╡╨╝╤П[0m
@qbs-autonaim/recruitment-assistant-extension:test:           [36m</span>[39m
@qbs-autonaim/recruitment-assistant-extension:test:           [0m
@qbs-autonaim/recruitment-assistant-extension:test:               [0m
@qbs-autonaim/recruitment-assistant-extension:test:         [36m</span>[39m
@qbs-autonaim/recruitment-assistant-extension:test:         [0m
@qbs-autonaim/recruitment-assistant-extension:test:               [0m
@qbs-autonaim/recruitment-assistant-extension:test:         [36m<div[39m
@qbs-autonaim/recruitment-assistant-extension:test:           [33mclass[39m=[32m"display-flex full-width"[39m
@qbs-autonaim/recruitment-assistant-extension:test:         [36m>[39m
@qbs-autonaim/recruitment-assistant-extension:test:           [0m
@qbs-autonaim/recruitment-assistant-extension:test:                 [0m
@qbs-autonaim/recruitment-assistant-extension:test:           [36m<span[39m
@qbs-autonaim/recruitment-assistant-extension:test:             [33maria-hidden[39m=[32m"true"[39m
@qbs-autonaim/recruitment-assistant-extension:test:           [36m>[39m
@qbs-autonaim/recruitment-assistant-extension:test:             [0m╨а╨░╨╖╤А╨░╨▒╨╛╤В╨║╨░[0m
@qbs-autonaim/recruitment-assistant-extension:test:           [36m</span>[39m
@qbs-autonaim/recruitment-assistant-extension:test:           [0m
@qbs-autonaim/recruitment-assistant-extension:test:               [0m
@qbs-autonaim/recruitment-assistant-extension:test:         [36m</div>[39m
@qbs-autonaim/recruitment-assistant-extension:test:         [0m
@qbs-autonaim/recruitment-assistant-extension:test:             [0m
@qbs-autonaim/recruitment-assistant-extension:test:       [36m</li>[39m
@qbs-autonaim/recruitment-assistant-extension:test:       [0m
@qbs-autonaim/recruitment-assistant-extension:test:           [0m
@qbs-autonaim/recruitment-assistant-extension:test:     [36m</ul>[39m
@qbs-autonaim/recruitment-assistant-extension:test:     [0m
@qbs-autonaim/recruitment-assistant-extension:test:         [0m
@qbs-autonaim/recruitment-assistant-extension:test:   [36m</section>[39m
@qbs-autonaim/recruitment-assistant-extension:test:   [0m
@qbs-autonaim/recruitment-assistant-extension:test:         
@qbs-autonaim/recruitment-assistant-extension:test:         [0m
@qbs-autonaim/recruitment-assistant-extension:test:   [36m<section[39m
@qbs-autonaim/recruitment-assistant-extension:test:     [33mid[39m=[32m"education"[39m
@qbs-autonaim/recruitment-assistant-extension:test:   [36m>[39m
@qbs-autonaim/recruitment-assistant-extension:test:     [0m
@qbs-autonaim/recruitment-assistant-extension:test:           [0m
@qbs-autonaim/recruitment-assistant-extension:test:     [36m<ul>[39m
@qbs-autonaim/recruitment-assistant-extension:test:       [0m
@qbs-autonaim/recruitment-assistant-extension:test:             [0m
@qbs-autonaim/recruitment-assistant-extension:test:       [36m<li[39m
@qbs-autonaim/recruitment-assistant-extension:test:         [33mclass[39m=[32m"artdeco-list__item"[39m
@qbs-autonaim/recruitment-assistant-extension:test:       [36m>[39m
@qbs-autonaim/recruitment-assistant-extension:test:         [0m
@qbs-autonaim/recruitment-assistant-extension:test:               [0m
@qbs-autonaim/recruitment-assistant-extension:test:         [36m<div[39m
@qbs-autonaim/recruitment-assistant-extension:test:           [33mclass[39m=[32m"display-flex"[39m
@qbs-autonaim/recruitment-assistant-extension:test:         [36m>[39m
@qbs-autonaim/recruitment-assistant-extension:test:           [0m
@qbs-autonaim/recruitment-assistant-extension:test:                 [0m
@qbs-autonaim/recruitment-assistant-extension:test:           [36m<span[39m
@qbs-autonaim/recruitment-assistant-extension:test:             [33maria-hidden[39m=[32m"true"[39m
@qbs-autonaim/recruitment-assistant-extension:test:           [36m>[39m
@qbs-autonaim/recruitment-assistant-extension:test:             [0m╨Ь╨У╨г[0m
@qbs-autonaim/recruitment-assistant-extension:test:           [36m</span>[39m
@qbs-autonaim/recruitment-assistant-extension:test:           [0m
@qbs-autonaim/recruitment-assistant-extension:test:               [0m
@qbs-autonaim/recruitment-assistant-extension:test:         [36m</div>[39m
@qbs-autonaim/recruitment-assistant-extension:test:         [0m
@qbs-autonaim/recruitment-assistant-extension:test:               [0m
@qbs-autonaim/recruitment-assistant-extension:test:         [36m<span[39m
@qbs-autonaim/recruitment-assistant-extension:test:           [33mclass[39m=[32m"t-14 t-normal"[39m
@qbs-autonaim/recruitment-assistant-extension:test:         [36m>[39m
@qbs-autonaim/recruitment-assistant-extension:test:           [0m
@qbs-autonaim/recruitment-assistant-extension:test:                 [0m
@qbs-autonaim/recruitment-assistant-extension:test:           [36m<span[39m
@qbs-autonaim/recruitment-assistant-extension:test:             [33maria-hidden[39m=[32m"true"[39m
@qbs-autonaim/recruitment-assistant-extension:test:           [36m>[39m
@qbs-autonaim/recruitment-assistant-extension:test:             [0m╨С╨░╨║╨░╨╗╨░╨▓╤А[0m
@qbs-autonaim/recruitment-assistant-extension:test:           [36m</span>[39m
@qbs-autonaim/recruitment-assistant-extension:test:           [0m
@qbs-autonaim/recruitment-assistant-extension:test:               [0m
@qbs-autonaim/recruitment-assistant-extension:test:         [36m</span>[39m
@qbs-autonaim/recruitment-assistant-extension:test:         [0m
@qbs-autonaim/recruitment-assistant-extension:test:               [0m
@qbs-autonaim/recruitment-assistant-extension:test:         [36m<span[39m
@qbs-autonaim/recruitment-assistant-extension:test:           [33mclass[39m=[32m"t-14 t-normal t-black--light"[39m
@qbs-autonaim/recruitment-assistant-extension:test:         [36m>[39m
@qbs-autonaim/recruitment-assistant-extension:test:           [0m
@qbs-autonaim/recruitment-assistant-extension:test:                 [0m
@qbs-autonaim/recruitment-assistant-extension:test:           [36m<span[39m
@qbs-autonaim/recruitment-assistant-extension:test:             [33maria-hidden[39m=[32m"true"[39m
@qbs-autonaim/recruitment-assistant-extension:test:           [36m>[39m
@qbs-autonaim/recruitment-assistant-extension:test:             [0m╨Ш╨╜╤Д╨╛╤А╨╝╨░╤В╨╕╨║╨░[0m
@qbs-autonaim/recruitment-assistant-extension:test:           [36m</span>[39m
@qbs-autonaim/recruitment-assistant-extension:test:           [0m
@qbs-autonaim/recruitment-assistant-extension:test:               [0m
@qbs-autonaim/recruitment-assistant-extension:test:         [36m</span>[39m
@qbs-autonaim/recruitment-assistant-extension:test:         [0m
@qbs-autonaim/recruitment-assistant-extension:test:               [0m
@qbs-autonaim/recruitment-assistant-extension:test:         [36m<span[39m
@qbs-autonaim/recruitment-assistant-extension:test:           [33mclass[39m=[32m"t-14 t-normal t-black--light"[39m
@qbs-autonaim/recruitment-assistant-extension:test:         [36m>[39m
@qbs-autonaim/recruitment-assistant-extension:test:           [0m
@qbs-autonaim/recruitment-assistant-extension:test:                 [0m
@qbs-autonaim/recruitment-assistant-extension:test:           [36m<span[39m
@qbs-autonaim/recruitment-assistant-extension:test:             [33maria-hidden[39m=[32m"true"[39m
@qbs-autonaim/recruitment-assistant-extension:test:           [36m>[39m
@qbs-autonaim/recruitment-assistant-extension:test:             [0m2015 тАУ 2019[0m
@qbs-autonaim/recruitment-assistant-extension:test:           [36m</span>[39m
@qbs-autonaim/recruitment-assistant-extension:test:           [0m
@qbs-autonaim/recruitment-assistant-extension:test:               [0m
@qbs-autonaim/recruitment-assistant-extension:test:         [36m</span>[39m
@qbs-autonaim/recruitment-assistant-extension:test:         [0m
@qbs-autonaim/recruitment-assistant-extension:test:             [0m
@qbs-autonaim/recruitment-assistant-extension:test:       [36m</li>[39m
@qbs-autonaim/recruitment-assistant-extension:test:       [0m
@qbs-autonaim/recruitment-assistant-extension:test:           [0m
@qbs-autonaim/recruitment-assistant-extension:test:     [36m</ul>[39m
@qbs-autonaim/recruitment-assistant-extension:test:     [0m
@qbs-autonaim/recruitment-assistant-extension:test:         [0m
@qbs-autonaim/recruitment-assistant-extension:test:   [36m</section>[39m
@qbs-autonaim/recruitment-assistant-extension:test:   [0m
@qbs-autonaim/recruitment-assistant-extension:test:         
@qbs-autonaim/recruitment-assistant-extension:test:         [0m
@qbs-autonaim/recruitment-assistant-extension:test:   [36m<section[39m
@qbs-autonaim/recruitment-assistant-extension:test:     [33mid[39m=[32m"skills"[39m
@qbs-autonaim/recruitment-assistant-extension:test:   [36m>[39m
@qbs-autonaim/recruitment-assistant-extension:test:     [0m
@qbs-autonaim/recruitment-assistant-extension:test:           [0m
@qbs-autonaim/recruitment-assistant-extension:test:     [36m<span[39m
@qbs-autonaim/recruitment-assistant-extension:test:       [33maria-hidden[39m=[32m"true"[39m
@qbs-autonaim/recruitment-assistant-extension:test:     [36m>[39m
@qbs-autonaim/recruitment-assistant-extension:test:       [0mTypeScript[0m
@qbs-autonaim/recruitment-assistant-extension:test:     [36m</span>[39m
@qbs-autonaim/recruitment-assistant-extension:test:     [0m
@qbs-autonaim/recruitment-assistant-extension:test:           [0m
@qbs-autonaim/recruitment-assistant-extension:test:     [36m<span[39m
@qbs-autonaim/recruitment-assistant-extension:test:       [33maria-hidden[39m=[32m"true"[39m
@qbs-autonaim/recruitment-assistant-extension:test:     [36m>[39m
@qbs-autonaim/recruitment-assistant-extension:test:       [0mReact[0m
@qbs-autonaim/recruitment-assistant-extension:test:     [36m</span>[39m
@qbs-autonaim/recruitment-assistant-extension:test:     [0m
@qbs-autonaim/recruitment-assistant-extension:test:         [0m
@qbs-autonaim/recruitment-assistant-extension:test:   [36m</section>[39m
@qbs-autonaim/recruitment-assistant-extension:test:   [0m
@qbs-autonaim/recruitment-assistant-extension:test:         
@qbs-autonaim/recruitment-assistant-extension:test:         [0m
@qbs-autonaim/recruitment-assistant-extension:test:   [36m<section[39m
@qbs-autonaim/recruitment-assistant-extension:test:     [33mclass[39m=[32m"pv-contact-info"[39m
@qbs-autonaim/recruitment-assistant-extension:test:   [36m>[39m
@qbs-autonaim/recruitment-assistant-extension:test:     [0m
@qbs-autonaim/recruitment-assistant-extension:test:           [0m
@qbs-autonaim/recruitment-assistant-extension:test:     [36m<a[39m
@qbs-autonaim/recruitment-assistant-extension:test:       [33mhref[39m=[32m"mailto:ivan@example.com"[39m
@qbs-autonaim/recruitment-assistant-extension:test:     [36m>[39m
@qbs-autonaim/recruitment-assistant-extension:test:       [0mEmail[0m
@qbs-autonaim/recruitment-assistant-extension:test:     [36m</a>[39m
@qbs-autonaim/recruitment-assistant-extension:test:     [0m
@qbs-autonaim/recruitment-assistant-extension:test:           [0m
@qbs-autonaim/recruitment-assistant-extension:test:     [36m<span[39m
@qbs-autonaim/recruitment-assistant-extension:test:       [33mclass[39m=[32m"t-14 t-black t-normal"[39m
@qbs-autonaim/recruitment-assistant-extension:test:     [36m>[39m
@qbs-autonaim/recruitment-assistant-extension:test:       [0m+7 (999) 123-45-67[0m
@qbs-autonaim/recruitment-assistant-extension:test:     [36m</span>[39m
@qbs-autonaim/recruitment-assistant-extension:test:     [0m
@qbs-autonaim/recruitment-assistant-extension:test:         [0m
@qbs-autonaim/recruitment-assistant-extension:test:   [36m</section>[39m
@qbs-autonaim/recruitment-assistant-extension:test:   [0m
@qbs-autonaim/recruitment-assistant-extension:test:       [0m
@qbs-autonaim/recruitment-assistant-extension:test:   [36m<div>[39m
@qbs-autonaim/recruitment-assistant-extension:test:     [36m<button[39m
@qbs-autonaim/recruitment-assistant-extension:test:       [33maria-busy[39m=[32m"false"[39m
@qbs-autonaim/recruitment-assistant-extension:test:       [33maria-label[39m=[32m"╨Ш╨╖╨▓╨╗╨╡╤З╤М ╨┤╨░╨╜╨╜╤Л╨╡ ╨┐╤А╨╛╤Д╨╕╨╗╤П ╨║╨░╨╜╨┤╨╕╨┤╨░╤В╨░"[39m
@qbs-autonaim/recruitment-assistant-extension:test:       [33maria-live[39m=[32m"polite"[39m
@qbs-autonaim/recruitment-assistant-extension:test:       [33mstyle[39m=[32m"min-width: 44px; min-height: 44px; padding: 12px 24px; font-size: 16px; font-weight: 500; color: #ffffff; background-color: #2563eb; border: none none; border-radius: 8px; cursor: pointer; touch-action: manipulation; transition: background-color 0.2s ease, transform 0.1s ease, box-shadow 0.2s ease; display: flex; align-items: center; justify-content: center; gap: 8px; box-shadow: 0 1px 3px 0 rgba(0, 0, 0, 0.1), 0 1px 2px -1px rgba(0, 0, 0, 0.1); position: relative; outline-color: none; outline-style: none; outline-width: initial;"[39m
@qbs-autonaim/recruitment-assistant-extension:test:       [33mtype[39m=[32m"button"[39m
@qbs-autonaim/recruitment-assistant-extension:test:     [36m>[39m
@qbs-autonaim/recruitment-assistant-extension:test:       [36m<span[39m
@qbs-autonaim/recruitment-assistant-extension:test:         [33mstyle[39m=[32m"white-space: nowrap;"[39m
@qbs-autonaim/recruitment-assistant-extension:test:       [36m>[39m
@qbs-autonaim/recruitment-assistant-extension:test:         [0m╨Ш╨╖╨▓╨╗╨╡╤З╤М ╨┤╨░╨╜╨╜╤Л╨╡[0m
@qbs-autonaim/recruitment-assistant-extension:test:       [36m</span>[39m
@qbs-autonaim/recruitment-assistant-extension:test:     [36m</button>[39m
@qbs-autonaim/recruitment-assistant-extension:test:   [36m</div>[39m
@qbs-autonaim/recruitment-assistant-extension:test:   [36m<div>[39m
@qbs-autonaim/recruitment-assistant-extension:test:     [36m<button[39m
@qbs-autonaim/recruitment-assistant-extension:test:       [33maria-busy[39m=[32m"true"[39m
@qbs-autonaim/recruitment-assistant-extension:test:       [33maria-label[39m=[32m"╨Ш╨╖╨▓╨╗╨╡╤З╤М ╨┤╨░╨╜╨╜╤Л╨╡ ╨┐╤А╨╛╤Д╨╕╨╗╤П ╨║╨░╨╜╨┤╨╕╨┤╨░╤В╨░"[39m
@qbs-autonaim/recruitment-assistant-extension:test:       [33maria-live[39m=[32m"polite"[39m
@qbs-autonaim/recruitment-assistant-extension:test:       [33mdisabled[39m=[32m""[39m
@qbs-autonaim/recruitment-assistant-extension:test:       [33mstyle[39m=[32m"min-width: 44px; min-height: 44px; padding: 12px 24px; font-size: 16px; font-weight: 500; color: #ffffff; background-color: #6b7280; border: none none; border-radius: 8px; cursor: not-all...
@qbs-autonaim/recruitment-assistant-extension:test:       at <anonymous> (C:\Projects\kwork\selectio\node_modules\@testing-library\dom\dist\query-helpers.js:59:30)
@qbs-autonaim/recruitment-assistant-extension:test:       at <anonymous> (C:\Projects\kwork\selectio\node_modules\@testing-library\dom\dist\query-helpers.js:95:19)
@qbs-autonaim/recruitment-assistant-extension:test:       at <anonymous> (C:\Projects\kwork\selectio\apps\recruitment-assistant-extension\src\content\ui\action-button.test.tsx:76:29)
@qbs-autonaim/recruitment-assistant-extension:test: (fail) ActionButton > ╨Ф╨╛╤Б╤В╤Г╨┐╨╜╨╛╤Б╤В╤М (ARIA) > ╨┤╨╛╨╗╨╢╨╡╨╜ ╨╕╨╝╨╡╤В╤М aria-live="polite"
@qbs-autonaim/recruitment-assistant-extension:test: (pass) ActionButton > ╨Ф╨╛╤Б╤В╤Г╨┐╨╜╨╛╤Б╤В╤М (ARIA) > ╤Б╨┐╨╕╨╜╨╜╨╡╤А ╨┤╨╛╨╗╨╢╨╡╨╜ ╨╕╨╝╨╡╤В╤М aria-hidden="true"
@qbs-autonaim/recruitment-assistant-extension:test: 54 |       const elementStrings = els.map(element => getElementError(null, element).message).join('\n\n');
@qbs-autonaim/recruitment-assistant-extension:test: 55 |       throw getMultipleElementsFoundError(`${getMultipleError(container, ...args)}
@qbs-autonaim/recruitment-assistant-extension:test: 56 | 
@qbs-autonaim/recruitment-assistant-extension:test: 57 | Here are the matching elements:
@qbs-autonaim/recruitment-assistant-extension:test: 58 | 
@qbs-autonaim/recruitment-assistant-extension:test: 59 | ${elementStrings}`, container);
@qbs-autonaim/recruitment-assistant-extension:test:                                   ^
@qbs-autonaim/recruitment-assistant-extension:test: TestingLibraryElementError: Found multiple elements with the role "button"
@qbs-autonaim/recruitment-assistant-extension:test: 
@qbs-autonaim/recruitment-assistant-extension:test: Here are the matching elements:
@qbs-autonaim/recruitment-assistant-extension:test: 
@qbs-autonaim/recruitment-assistant-extension:test: Ignored nodes: comments, script, style
@qbs-autonaim/recruitment-assistant-extension:test: [36m<button[39m
@qbs-autonaim/recruitment-assistant-extension:test:   [33maria-busy[39m=[32m"false"[39m
@qbs-autonaim/recruitment-assistant-extension:test:   [33maria-label[39m=[32m"╨Ш╨╖╨▓╨╗╨╡╤З╤М ╨┤╨░╨╜╨╜╤Л╨╡ ╨┐╤А╨╛╤Д╨╕╨╗╤П ╨║╨░╨╜╨┤╨╕╨┤╨░╤В╨░"[39m
@qbs-autonaim/recruitment-assistant-extension:test:   [33maria-live[39m=[32m"polite"[39m
@qbs-autonaim/recruitment-assistant-extension:test:   [33mstyle[39m=[32m"min-width: 44px; min-height: 44px; padding: 12px 24px; font-size: 16px; font-weight: 500; color: #ffffff; background-color: #2563eb; border: none none; border-radius: 8px; cursor: pointer; touch-action: manipulation; transition: background-color 0.2s ease, transform 0.1s ease, box-shadow 0.2s ease; display: flex; align-items: center; justify-content: center; gap: 8px; box-shadow: 0 1px 3px 0 rgba(0, 0, 0, 0.1), 0 1px 2px -1px rgba(0, 0, 0, 0.1); position: relative; outline-color: none; outline-style: none; outline-width: initial;"[39m
@qbs-autonaim/recruitment-assistant-extension:test:   [33mtype[39m=[32m"button"[39m
@qbs-autonaim/recruitment-assistant-extension:test: [36m>[39m
@qbs-autonaim/recruitment-assistant-extension:test:   [36m<span[39m
@qbs-autonaim/recruitment-assistant-extension:test:     [33mstyle[39m=[32m"white-space: nowrap;"[39m
@qbs-autonaim/recruitment-assistant-extension:test:   [36m>[39m
@qbs-autonaim/recruitment-assistant-extension:test:     [0m╨Ш╨╖╨▓╨╗╨╡╤З╤М ╨┤╨░╨╜╨╜╤Л╨╡[0m
@qbs-autonaim/recruitment-assistant-extension:test:   [36m</span>[39m
@qbs-autonaim/recruitment-assistant-extension:test: [36m</button>[39m
@qbs-autonaim/recruitment-assistant-extension:test: 
@qbs-autonaim/recruitment-assistant-extension:test: Ignored nodes: comments, script, style
@qbs-autonaim/recruitment-assistant-extension:test: [36m<button[39m
@qbs-autonaim/recruitment-assistant-extension:test:   [33maria-busy[39m=[32m"true"[39m
@qbs-autonaim/recruitment-assistant-extension:test:   [33maria-label[39m=[32m"╨Ш╨╖╨▓╨╗╨╡╤З╤М ╨┤╨░╨╜╨╜╤Л╨╡ ╨┐╤А╨╛╤Д╨╕╨╗╤П ╨║╨░╨╜╨┤╨╕╨┤╨░╤В╨░"[39m
@qbs-autonaim/recruitment-assistant-extension:test:   [33maria-live[39m=[32m"polite"[39m
@qbs-autonaim/recruitment-assistant-extension:test:   [33mdisabled[39m=[32m""[39m
@qbs-autonaim/recruitment-assistant-extension:test:   [33mstyle[39m=[32m"min-width: 44px; min-height: 44px; padding: 12px 24px; font-size: 16px; font-weight: 500; color: #ffffff; background-color: #6b7280; border: none none; border-radius: 8px; cursor: not-allowed; touch-action: manipulation; transition: background-color 0.2s ease, transform 0.1s ease, box-shadow 0.2s ease; display: flex; align-items: center; justify-content: center; gap: 8px; box-shadow: 0 1px 3px 0 rgba(0, 0, 0, 0.1), 0 1px 2px -1px rgba(0, 0, 0, 0.1); position: relative; outline-color: none; outline-style: none; outline-width: initial;"[39m
@qbs-autonaim/recruitment-assistant-extension:test:   [33mtype[39m=[32m"button"[39m
@qbs-autonaim/recruitment-assistant-extension:test: [36m>[39m
@qbs-autonaim/recruitment-assistant-extension:test:   [36m<svg[39m
@qbs-autonaim/recruitment-assistant-extension:test:     [33maria-hidden[39m=[32m"true"[39m
@qbs-autonaim/recruitment-assistant-extension:test:     [33mfill[39m=[32m"none"[39m
@qbs-autonaim/recruitment-assistant-extension:test:     [33mrole[39m=[32m"presentation"[39m
@qbs-autonaim/recruitment-assistant-extension:test:     [33mstyle[39m=[32m"width: 16px; height: 16px; animation: spin 1s linear infinite; flex-shrink: 0;"[39m
@qbs-autonaim/recruitment-assistant-extension:test:     [33mviewBox[39m=[32m"0 0 24 24"[39m
@qbs-autonaim/recruitment-assistant-extension:test:   [36m>[39m
@qbs-autonaim/recruitment-assistant-extension:test:     [36m<circle[39m
@qbs-autonaim/recruitment-assistant-extension:test:       [33mcx[39m=[32m"12"[39m
@qbs-autonaim/recruitment-assistant-extension:test:       [33mcy[39m=[32m"12"[39m
@qbs-autonaim/recruitment-assistant-extension:test:       [33mr[39m=[32m"10"[39m
@qbs-autonaim/recruitment-assistant-extension:test:       [33mstroke[39m=[32m"currentColor"[39m
@qbs-autonaim/recruitment-assistant-extension:test:       [33mstroke-opacity[39m=[32m"0.25"[39m
@qbs-autonaim/recruitment-assistant-extension:test:       [33mstroke-width[39m=[32m"4"[39m
@qbs-autonaim/recruitment-assistant-extension:test:     [36m/>[39m
@qbs-autonaim/recruitment-assistant-extension:test:     [36m<path[39m
@qbs-autonaim/recruitment-assistant-extension:test:       [33md[39m=[32m"M4 12a8 8 0 018-8V0C5.373 0 0 5.373 0 12h4zm2 5.291A7.962 7.962 0 014 12H0c0 3.042 1.135 5.824 3 7.938l3-2.647z"[39m
@qbs-autonaim/recruitment-assistant-extension:test:       [33mfill[39m=[32m"currentColor"[39m
@qbs-autonaim/recruitment-assistant-extension:test:       [33mopacity[39m=[32m"0.75"[39m
@qbs-autonaim/recruitment-assistant-extension:test:     [36m/>[39m
@qbs-autonaim/recruitment-assistant-extension:test:   [36m</svg>[39m
@qbs-autonaim/recruitment-assistant-extension:test:   [36m<span[39m
@qbs-autonaim/recruitment-assistant-extension:test:     [33mstyle[39m=[32m"white-space: nowrap;"[39m
@qbs-autonaim/recruitment-assistant-extension:test:   [36m>[39m
@qbs-autonaim/recruitment-assistant-extension:test:     [0m╨Ш╨╖╨▓╨╗╨╡╤З╨╡╨╜╨╕╨╡ ╨┤╨░╨╜╨╜╤Л╤ЕтАж[0m
@qbs-autonaim/recruitment-assistant-extension:test:   [36m</span>[39m
@qbs-autonaim/recruitment-assistant-extension:test: [36m</button>[39m
@qbs-autonaim/recruitment-assistant-extension:test: 
@qbs-autonaim/recruitment-assistant-extension:test: Ignored nodes: comments, script, style
@qbs-autonaim/recruitment-assistant-extension:test: [36m<button[39m
@qbs-autonaim/recruitment-assistant-extension:test:   [33maria-busy[39m=[32m"true"[39m
@qbs-autonaim/recruitment-assistant-extension:test:   [33maria-label[39m=[32m"╨Ш╨╖╨▓╨╗╨╡╤З╤М ╨┤╨░╨╜╨╜╤Л╨╡ ╨┐╤А╨╛╤Д╨╕╨╗╤П ╨║╨░╨╜╨┤╨╕╨┤╨░╤В╨░"[39m
@qbs-autonaim/recruitment-assistant-extension:test:   [33maria-live[39m=[32m"polite"[39m
@qbs-autonaim/recruitment-assistant-extension:test:   [33mdisabled[39m=[32m""[39m
@qbs-autonaim/recruitment-assistant-extension:test:   [33mstyle[39m=[32m"min-width: 44px; min-height: 44px; padding: 12px 24px; font-size: 16px; font-weight: 500; color: #ffffff; background-color: #6b7280; border: none none; border-radius: 8px; cursor: not-allowed; touch-action: manipulation; transition: background-color 0.2s ease, transform 0.1s ease, box-shadow 0.2s ease; display: flex; align-items: center; justify-content: center; gap: 8px; box-shadow: 0 1px 3px 0 rgba(0, 0, 0, 0.1), 0 1px 2px -1px rgba(0, 0, 0, 0.1); position: relative; outline-color: none; outline-style: none; outline-width: initial;"[39m
@qbs-autonaim/recruitment-assistant-extension:test:   [33mtype[39m=[32m"button"[39m
@qbs-autonaim/recruitment-assistant-extension:test: [36m>[39m
@qbs-autonaim/recruitment-assistant-extension:test:   [36m<svg[39m
@qbs-autonaim/recruitment-assistant-extension:test:     [33maria-hidden[39m=[32m"true"[39m
@qbs-autonaim/recruitment-assistant-extension:test:     [33mfill[39m=[32m"none"[39m
@qbs-autonaim/recruitment-assistant-extension:test:     [33mrole[39m=[32m"presentation"[39m
@qbs-autonaim/recruitment-assistant-extension:test:     [33mstyle[39m=[32m"width: 16px; height: 16px; animation: spin 1s linear infinite; flex-shrink: 0;"[39m
@qbs-autonaim/recruitment-assistant-extension:test:     [33mviewBox[39m=[32m"0 0 24 24"[39m
@qbs-autonaim/recruitment-assistant-extension:test:   [36m>[39m
@qbs-autonaim/recruitment-assistant-extension:test:     [36m<circle[39m
@qbs-autonaim/recruitment-assistant-extension:test:       [33mcx[39m=[32m"12"[39m
@qbs-autonaim/recruitment-assistant-extension:test:       [33mcy[39m=[32m"12"[39m
@qbs-autonaim/recruitment-assistant-extension:test:       [33mr[39m=[32m"10"[39m
@qbs-autonaim/recruitment-assistant-extension:test:       [33mstroke[39m=[32m"currentColor"[39m
@qbs-autonaim/recruitment-assistant-extension:test:       [33mstroke-opacity[39m=[32m"0.25"[39m
@qbs-autonaim/recruitment-assistant-extension:test:       [33mstroke-width[39m=[32m"4"[39m
@qbs-autonaim/recruitment-assistant-extension:test:     [36m/>[39m
@qbs-autonaim/recruitment-assistant-extension:test:     [36m<path[39m
@qbs-autonaim/recruitment-assistant-extension:test:       [33md[39m=[32m"M4 12a8 8 0 018-8V0C5.373 0 0 5.373 0 12h4zm2 5.291A7.962 7.962 0 014 12H0c0 3.042 1.135 5.824 3 7.938l3-2.647z"[39m
@qbs-autonaim/recruitment-assistant-extension:test:       [33mfill[39m=[32m"currentColor"[39m
@qbs-autonaim/recruitment-assistant-extension:test:       [33mopacity[39m=[32m"0.75"[39m
@qbs-autonaim/recruitment-assistant-extension:test:     [36m/>[39m
@qbs-autonaim/recruitment-assistant-extension:test:   [36m</svg>[39m
@qbs-autonaim/recruitment-assistant-extension:test:   [36m<span[39m
@qbs-autonaim/recruitment-assistant-extension:test:     [33mstyle[39m=[32m"white-space: nowrap;"[39m
@qbs-autonaim/recruitment-assistant-extension:test:   [36m>[39m
@qbs-autonaim/recruitment-assistant-extension:test:     [0m╨Ш╨╖╨▓╨╗╨╡╤З╨╡╨╜╨╕╨╡ ╨┤╨░╨╜╨╜╤Л╤ЕтАж[0m
@qbs-autonaim/recruitment-assistant-extension:test:   [36m</span>[39m
@qbs-autonaim/recruitment-assistant-extension:test: [36m</button>[39m
@qbs-autonaim/recruitment-assistant-extension:test: 
@qbs-autonaim/recruitment-assistant-extension:test: Ignored nodes: comments, script, style
@qbs-autonaim/recruitment-assistant-extension:test: [36m<button[39m
@qbs-autonaim/recruitment-assistant-extension:test:   [33maria-busy[39m=[32m"false"[39m
@qbs-autonaim/recruitment-assistant-extension:test:   [33maria-label[39m=[32m"╨Ш╨╖╨▓╨╗╨╡╤З╤М ╨┤╨░╨╜╨╜╤Л╨╡ ╨┐╤А╨╛╤Д╨╕╨╗╤П ╨║╨░╨╜╨┤╨╕╨┤╨░╤В╨░"[39m
@qbs-autonaim/recruitment-assistant-extension:test:   [33maria-live[39m=[32m"polite"[39m
@qbs-autonaim/recruitment-assistant-extension:test:   [33mstyle[39m=[32m"min-width: 44px; min-height: 44px; padding: 12px 24px; font-size: 16px; font-weight: 500; color: #ffffff; background-color: #2563eb; border: none none; border-radius: 8px; cursor: pointer; touch-action: manipulation; transition: background-color 0.2s ease, transform 0.1s ease, box-shadow 0.2s ease; display: flex; align-items: center; justify-content: center; gap: 8px; box-shadow: 0 1px 3px 0 rgba(0, 0, 0, 0.1), 0 1px 2px -1px rgba(0, 0, 0, 0.1); position: relative; outline-color: none; outline-style: none; outline-width: initial;"[39m
@qbs-autonaim/recruitment-assistant-extension:test:   [33mtype[39m=[32m"button"[39m
@qbs-autonaim/recruitment-assistant-extension:test: [36m>[39m
@qbs-autonaim/recruitment-assistant-extension:test:   [36m<span[39m
@qbs-autonaim/recruitment-assistant-extension:test:     [33mstyle[39m=[32m"white-space: nowrap;"[39m
@qbs-autonaim/recruitment-assistant-extension:test:   [36m>[39m
@qbs-autonaim/recruitment-assistant-extension:test:     [0m╨Ш╨╖╨▓╨╗╨╡╤З╤М ╨┤╨░╨╜╨╜╤Л╨╡[0m
@qbs-autonaim/recruitment-assistant-extension:test:   [36m</span>[39m
@qbs-autonaim/recruitment-assistant-extension:test: [36m</button>[39m
@qbs-autonaim/recruitment-assistant-extension:test: 
@qbs-autonaim/recruitment-assistant-extension:test: Ignored nodes: comments, script, style
@qbs-autonaim/recruitment-assistant-extension:test: [36m<button[39m
@qbs-autonaim/recruitment-assistant-extension:test:   [33maria-busy[39m=[32m"false"[39m
@qbs-autonaim/recruitment-assistant-extension:test:   [33maria-label[39m=[32m"╨Ш╨╖╨▓╨╗╨╡╤З╤М ╨┤╨░╨╜╨╜╤Л╨╡ ╨┐╤А╨╛╤Д╨╕╨╗╤П ╨║╨░╨╜╨┤╨╕╨┤╨░╤В╨░"[39m
@qbs-autonaim/recruitment-assistant-extension:test:   [33maria-live[39m=[32m"polite"[39m
@qbs-autonaim/recruitment-assistant-extension:test:   [33mstyle[39m=[32m"min-width: 44px; min-height: 44px; padding: 12px 24px; font-size: 16px; font-weight: 500; color: #ffffff; background-color: #2563eb; border: none none; border-radius: 8px; cursor: pointer; touch-action: manipulation; transition: background-color 0.2s ease, transform 0.1s ease, box-shadow 0.2s ease; display: flex; align-items: center; justify-content: center; gap: 8px; box-shadow: 0 1px 3px 0 rgba(0, 0, 0, 0.1), 0 1px 2px -1px rgba(0, 0, 0, 0.1); position: relative; outline-color: none; outline-style: none; outline-width: initial;"[39m
@qbs-autonaim/recruitment-assistant-extension:test:   [33mtype[39m=[32m"button"[39m
@qbs-autonaim/recruitment-assistant-extension:test: [36m>[39m
@qbs-autonaim/recruitment-assistant-extension:test:   [36m<span[39m
@qbs-autonaim/recruitment-assistant-extension:test:     [33mstyle[39m=[32m"white-space: nowrap;"[39m
@qbs-autonaim/recruitment-assistant-extension:test:   [36m>[39m
@qbs-autonaim/recruitment-assistant-extension:test:     [0m╨Ш╨╖╨▓╨╗╨╡╤З╤М ╨┤╨░╨╜╨╜╤Л╨╡[0m
@qbs-autonaim/recruitment-assistant-extension:test:   [36m</span>[39m
@qbs-autonaim/recruitment-assistant-extension:test: [36m</button>[39m
@qbs-autonaim/recruitment-assistant-extension:test: 
@qbs-autonaim/recruitment-assistant-extension:test: Ignored nodes: comments, script, style
@qbs-autonaim/recruitment-assistant-extension:test: [36m<button[39m
@qbs-autonaim/recruitment-assistant-extension:test:   [33maria-busy[39m=[32m"false"[39m
@qbs-autonaim/recruitment-assistant-extension:test:   [33maria-label[39m=[32m"╨Ш╨╖╨▓╨╗╨╡╤З╤М ╨┤╨░╨╜╨╜╤Л╨╡ ╨┐╤А╨╛╤Д╨╕╨╗╤П ╨║╨░╨╜╨┤╨╕╨┤╨░╤В╨░"[39m
@qbs-autonaim/recruitment-assistant-extension:test:   [33maria-live[39m=[32m"polite"[39m
@qbs-autonaim/recruitment-assistant-extension:test:   [33mstyle[39m=[32m"min-width: 44px; min-height: 44px; padding: 12px 24px; font-size: 16px; font-weight: 500; color: #ffffff; background-color: #2563eb; border: none none; border-radius: 8px; cursor: pointer; touch-action: manipulation; transition: background-color 0.2s ease, transform 0.1s ease, box-shadow 0.2s ease; display: flex; align-items: center; justify-content: center; gap: 8px; box-shadow: 0 1px 3px 0 rgba(0, 0, 0, 0.1), 0 1px 2px -1px rgba(0, 0, 0, 0.1); position: relative; outline-color: none; outline-style: none; outline-width: initial;"[39m
@qbs-autonaim/recruitment-assistant-extension:test:   [33mtype[39m=[32m"button"[39m
@qbs-autonaim/recruitment-assistant-extension:test: [36m>[39m
@qbs-autonaim/recruitment-assistant-extension:test:   [36m<span[39m
@qbs-autonaim/recruitment-assistant-extension:test:     [33mstyle[39m=[32m"white-space: nowrap;"[39m
@qbs-autonaim/recruitment-assistant-extension:test:   [36m>[39m
@qbs-autonaim/recruitment-assistant-extension:test:     [0m╨Ш╨╖╨▓╨╗╨╡╤З╤М ╨┤╨░╨╜╨╜╤Л╨╡[0m
@qbs-autonaim/recruitment-assistant-extension:test:   [36m</span>[39m
@qbs-autonaim/recruitment-assistant-extension:test: [36m</button>[39m
@qbs-autonaim/recruitment-assistant-extension:test: 
@qbs-autonaim/recruitment-assistant-extension:test: Ignored nodes: comments, script, style
@qbs-autonaim/recruitment-assistant-extension:test: [36m<button[39m
@qbs-autonaim/recruitment-assistant-extension:test:   [33maria-busy[39m=[32m"true"[39m
@qbs-autonaim/recruitment-assistant-extension:test:   [33maria-label[39m=[32m"╨Ш╨╖╨▓╨╗╨╡╤З╤М ╨┤╨░╨╜╨╜╤Л╨╡ ╨┐╤А╨╛╤Д╨╕╨╗╤П ╨║╨░╨╜╨┤╨╕╨┤╨░╤В╨░"[39m
@qbs-autonaim/recruitment-assistant-extension:test:   [33maria-live[39m=[32m"polite"[39m
@qbs-autonaim/recruitment-assistant-extension:test:   [33mdisabled[39m=[32m""[39m
@qbs-autonaim/recruitment-assistant-extension:test:   [33mstyle[39m=[32m"min-width: 44px; min-height: 44px; padding: 12px 24px; font-size: 16px; font-weight: 500; color: #ffffff; background-color: #6b7280; border: none none; border-radius: 8px; cursor: not-allowed; touch-action: manipulation; transition: background-color 0.2s ease, transform 0.1s ease, box-shadow 0.2s ease; display: flex; align-items: center; justify-content: center; gap: 8px; box-shadow: 0 1px 3px 0 rgba(0, 0, 0, 0.1), 0 1px 2px -1px rgba(0, 0, 0, 0.1); position: relative; outline-color: none; outline-style: none; outline-width: initial;"[39m
@qbs-autonaim/recruitment-assistant-extension:test:   [33mtype[39m=[32m"button"[39m
@qbs-autonaim/recruitment-assistant-extension:test: [36m>[39m
@qbs-autonaim/recruitment-assistant-extension:test:   [36m<svg[39m
@qbs-autonaim/recruitment-assistant-extension:test:     [33maria-hidden[39m=[32m"true"[39m
@qbs-autonaim/recruitment-assistant-extension:test:     [33mfill[39m=[32m"none"[39m
@qbs-autonaim/recruitment-assistant-extension:test:     [33mrole[39m=[32m"presentation"[39m
@qbs-autonaim/recruitment-assistant-extension:test:     [33mstyle[39m=[32m"width: 16px; height: 16px; animation: spin 1s linear infinite; flex-shrink: 0;"[39m
@qbs-autonaim/recruitment-assistant-extension:test:     [33mviewBox[39m=[32m"0 0 24 24"[39m
@qbs-autonaim/recruitment-assistant-extension:test:   [36m>[39m
@qbs-autonaim/recruitment-assistant-extension:test:     [36m<circle[39m
@qbs-autonaim/recruitment-assistant-extension:test:       [33mcx[39m=[32m"12"[39m
@qbs-autonaim/recruitment-assistant-extension:test:       [33mcy[39m=[32m"12"[39m
@qbs-autonaim/recruitment-assistant-extension:test:       [33mr[39m=[32m"10"[39m
@qbs-autonaim/recruitment-assistant-extension:test:       [33mstroke[39m=[32m"currentColor"[39m
@qbs-autonaim/recruitment-assistant-extension:test:       [33mstroke-opacity[39m=[32m"0.25"[39m
@qbs-autonaim/recruitment-assistant-extension:test:       [33mstroke-width[39m=[32m"4"[39m
@qbs-autonaim/recruitment-assistant-extension:test:     [36m/>[39m
@qbs-autonaim/recruitment-assistant-extension:test:     [36m<path[39m
@qbs-autonaim/recruitment-assistant-extension:test:       [33md[39m=[32m"M4 12a8 8 0 018-8V0C5.373 0 0 5.373 0 12h4zm2 5.291A7.962 7.962 0 014 12H0c0 3.042 1.135 5.824 3 7.938l3-2.647z"[39m
@qbs-autonaim/recruitment-assistant-extension:test:       [33mfill[39m=[32m"currentColor"[39m
@qbs-autonaim/recruitment-assistant-extension:test:       [33mopacity[39m=[32m"0.75"[39m
@qbs-autonaim/recruitment-assistant-extension:test:     [36m/>[39m
@qbs-autonaim/recruitment-assistant-extension:test:   [36m</svg>[39m
@qbs-autonaim/recruitment-assistant-extension:test:   [36m<span[39m
@qbs-autonaim/recruitment-assistant-extension:test:     [33mstyle[39m=[32m"white-space: nowrap;"[39m
@qbs-autonaim/recruitment-assistant-extension:test:   [36m>[39m
@qbs-autonaim/recruitment-assistant-extension:test:     [0m╨Ш╨╖╨▓╨╗╨╡╤З╨╡╨╜╨╕╨╡ ╨┤╨░╨╜╨╜╤Л╤ЕтАж[0m
@qbs-autonaim/recruitment-assistant-extension:test:   [36m</span>[39m
@qbs-autonaim/recruitment-assistant-extension:test: [36m</button>[39m
@qbs-autonaim/recruitment-assistant-extension:test: 
@qbs-autonaim/recruitment-assistant-extension:test: Ignored nodes: comments, script, style
@qbs-autonaim/recruitment-assistant-extension:test: [36m<button[39m
@qbs-autonaim/recruitment-assistant-extension:test:   [33maria-busy[39m=[32m"false"[39m
@qbs-autonaim/recruitment-assistant-extension:test:   [33maria-label[39m=[32m"╨Ш╨╖╨▓╨╗╨╡╤З╤М ╨┤╨░╨╜╨╜╤Л╨╡ ╨┐╤А╨╛╤Д╨╕╨╗╤П ╨║╨░╨╜╨┤╨╕╨┤╨░╤В╨░"[39m
@qbs-autonaim/recruitment-assistant-extension:test:   [33maria-live[39m=[32m"polite"[39m
@qbs-autonaim/recruitment-assistant-extension:test:   [33mstyle[39m=[32m"min-width: 44px; min-height: 44px; padding: 12px 24px; font-size: 16px; font-weight: 500; color: #ffffff; background-color: #2563eb; border: none none; border-radius: 8px; cursor: pointer; touch-action: manipulation; transition: background-color 0.2s ease, transform 0.1s ease, box-shadow 0.2s ease; display: flex; align-items: center; justify-content: center; gap: 8px; box-shadow: 0 1px 3px 0 rgba(0, 0, 0, 0.1), 0 1px 2px -1px rgba(0, 0, 0, 0.1); position: relative; outline-color: none; outline-style: none; outline-width: initial;"[39m
@qbs-autonaim/recruitment-assistant-extension:test:   [33mtype[39m=[32m"button"[39m
@qbs-autonaim/recruitment-assistant-extension:test: [36m>[39m
@qbs-autonaim/recruitment-assistant-extension:test:   [36m<span[39m
@qbs-autonaim/recruitment-assistant-extension:test:     [33mstyle[39m=[32m"white-space: nowrap;"[39m
@qbs-autonaim/recruitment-assistant-extension:test:   [36m>[39m
@qbs-autonaim/recruitment-assistant-extension:test:     [0m╨Ш╨╖╨▓╨╗╨╡╤З╤М ╨┤╨░╨╜╨╜╤Л╨╡[0m
@qbs-autonaim/recruitment-assistant-extension:test:   [36m</span>[39m
@qbs-autonaim/recruitment-assistant-extension:test: [36m</button>[39m
@qbs-autonaim/recruitment-assistant-extension:test: 
@qbs-autonaim/recruitment-assistant-extension:test: Ignored nodes: comments, script, style
@qbs-autonaim/recruitment-assistant-extension:test: [36m<button[39m
@qbs-autonaim/recruitment-assistant-extension:test:   [33maria-busy[39m=[32m"true"[39m
@qbs-autonaim/recruitment-assistant-extension:test:   [33maria-label[39m=[32m"╨Ш╨╖╨▓╨╗╨╡╤З╤М ╨┤╨░╨╜╨╜╤Л╨╡ ╨┐╤А╨╛╤Д╨╕╨╗╤П ╨║╨░╨╜╨┤╨╕╨┤╨░╤В╨░"[39m
@qbs-autonaim/recruitment-assistant-extension:test:   [33maria-live[39m=[32m"polite"[39m
@qbs-autonaim/recruitment-assistant-extension:test:   [33mdisabled[39m=[32m""[39m
@qbs-autonaim/recruitment-assistant-extension:test:   [33mstyle[39m=[32m"min-width: 44px; min-height: 44px; padding: 12px 24px; font-size: 16px; font-weight: 500; color: #ffffff; background-color: #6b7280; border: none none; border-radius: 8px; cursor: not-allowed; touch-action: manipulation; transition: background-color 0.2s ease, transform 0.1s ease, box-shadow 0.2s ease; display: flex; align-items: center; justify-content: center; gap: 8px; box-shadow: 0 1px 3px 0 rgba(0, 0, 0, 0.1), 0 1px 2px -1px rgba(0, 0, 0, 0.1); position: relative; outline-color: none; outline-style: none; outline-width: initial;"[39m
@qbs-autonaim/recruitment-assistant-extension:test:   [33mtype[39m=[32m"button"[39m
@qbs-autonaim/recruitment-assistant-extension:test: [36m>[39m
@qbs-autonaim/recruitment-assistant-extension:test:   [36m<svg[39m
@qbs-autonaim/recruitment-assistant-extension:test:     [33maria-hidden[39m=[32m"true"[39m
@qbs-autonaim/recruitment-assistant-extension:test:     [33mfill[39m=[32m"none"[39m
@qbs-autonaim/recruitment-assistant-extension:test:     [33mrole[39m=[32m"presentation"[39m
@qbs-autonaim/recruitment-assistant-extension:test:     [33mstyle[39m=[32m"width: 16px; height: 16px; animation: spin 1s linear infinite; flex-shrink: 0;"[39m
@qbs-autonaim/recruitment-assistant-extension:test:     [33mviewBox[39m=[32m"0 0 24 24"[39m
@qbs-autonaim/recruitment-assistant-extension:test:   [36m>[39m
@qbs-autonaim/recruitment-assistant-extension:test:     [36m<circle[39m
@qbs-autonaim/recruitment-assistant-extension:test:       [33mcx[39m=[32m"12"[39m
@qbs-autonaim/recruitment-assistant-extension:test:       [33mcy[39m=[32m"12"[39m
@qbs-autonaim/recruitment-assistant-extension:test:       [33mr[39m=[32m"10"[39m
@qbs-autonaim/recruitment-assistant-extension:test:       [33mstroke[39m=[32m"currentColor"[39m
@qbs-autonaim/recruitment-assistant-extension:test:       [33mstroke-opacity[39m=[32m"0.25"[39m
@qbs-autonaim/recruitment-assistant-extension:test:       [33mstroke-width[39m=[32m"4"[39m
@qbs-autonaim/recruitment-assistant-extension:test:     [36m/>[39m
@qbs-autonaim/recruitment-assistant-extension:test:     [36m<path[39m
@qbs-autonaim/recruitment-assistant-extension:test:       [33md[39m=[32m"M4 12a8 8 0 018-8V0C5.373 0 0 5.373 0 12h4zm2 5.291A7.962 7.962 0 014 12H0c0 3.042 1.135 5.824 3 7.938l3-2.647z"[39m
@qbs-autonaim/recruitment-assistant-extension:test:       [33mfill[39m=[32m"currentColor"[39m
@qbs-autonaim/recruitment-assistant-extension:test:       [33mopacity[39m=[32m"0.75"[39m
@qbs-autonaim/recruitment-assistant-extension:test:     [36m/>[39m
@qbs-autonaim/recruitment-assistant-extension:test:   [36m</svg>[39m
@qbs-autonaim/recruitment-assistant-extension:test:   [36m<span[39m
@qbs-autonaim/recruitment-assistant-extension:test:     [33mstyle[39m=[32m"white-space: nowrap;"[39m
@qbs-autonaim/recruitment-assistant-extension:test:   [36m>[39m
@qbs-autonaim/recruitment-assistant-extension:test:     [0m╨Ш╨╖╨▓╨╗╨╡╤З╨╡╨╜╨╕╨╡ ╨┤╨░╨╜╨╜╤Л╤ЕтАж[0m
@qbs-autonaim/recruitment-assistant-extension:test:   [36m</span>[39m
@qbs-autonaim/recruitment-assistant-extension:test: [36m</button>[39m
@qbs-autonaim/recruitment-assistant-extension:test: 
@qbs-autonaim/recruitment-assistant-extension:test: Ignored nodes: comments, script, style
@qbs-autonaim/recruitment-assistant-extension:test: [36m<button[39m
@qbs-autonaim/recruitment-assistant-extension:test:   [33maria-busy[39m=[32m"false"[39m
@qbs-autonaim/recruitment-assistant-extension:test:   [33maria-label[39m=[32m"╨Ш╨╖╨▓╨╗╨╡╤З╤М ╨┤╨░╨╜╨╜╤Л╨╡ ╨┐╤А╨╛╤Д╨╕╨╗╤П ╨║╨░╨╜╨┤╨╕╨┤╨░╤В╨░"[39m
@qbs-autonaim/recruitment-assistant-extension:test:   [33maria-live[39m=[32m"polite"[39m
@qbs-autonaim/recruitment-assistant-extension:test:   [33mstyle[39m=[32m"min-width: 44px; min-height: 44px; padding: 12px 24px; font-size: 16px; font-weight: 500; color: #ffffff; background-color: #2563eb; border: none none; border-radius: 8px; cursor: pointer; touch-action: manipulation; transition: background-color 0.2s ease, transform 0.1s ease, box-shadow 0.2s ease; display: flex; align-items: center; justify-content: center; gap: 8px; box-shadow: 0 1px 3px 0 rgba(0, 0, 0, 0.1), 0 1px 2px -1px rgba(0, 0, 0, 0.1); position: relative; outline-color: none; outline-style: none; outline-width: initial;"[39m
@qbs-autonaim/recruitment-assistant-extension:test:   [33mtype[39m=[32m"button"[39m
@qbs-autonaim/recruitment-assistant-extension:test: [36m>[39m
@qbs-autonaim/recruitment-assistant-extension:test:   [36m<span[39m
@qbs-autonaim/recruitment-assistant-extension:test:     [33mstyle[39m=[32m"white-space: nowrap;"[39m
@qbs-autonaim/recruitment-assistant-extension:test:   [36m>[39m
@qbs-autonaim/recruitment-assistant-extension:test:     [0m╨Ш╨╖╨▓╨╗╨╡╤З╤М ╨┤╨░╨╜╨╜╤Л╨╡[0m
@qbs-autonaim/recruitment-assistant-extension:test:   [36m</span>[39m
@qbs-autonaim/recruitment-assistant-extension:test: [36m</button>[39m
@qbs-autonaim/recruitment-assistant-extension:test: 
@qbs-autonaim/recruitment-assistant-extension:test: (If this is intentional, then use the `*AllBy*` variant of the query (like `queryAllByText`, `getAllByText`, or `findAllByText`)).
@qbs-autonaim/recruitment-assistant-extension:test: 
@qbs-autonaim/recruitment-assistant-extension:test: Ignored nodes: comments, script, style
@qbs-autonaim/recruitment-assistant-extension:test: [36m<body>[39m
@qbs-autonaim/recruitment-assistant-extension:test:   [0m
@qbs-autonaim/recruitment-assistant-extension:test:         [0m
@qbs-autonaim/recruitment-assistant-extension:test:   [36m<h1[39m
@qbs-autonaim/recruitment-assistant-extension:test:     [33mclass[39m=[32m"text-heading-xlarge"[39m
@qbs-autonaim/recruitment-assistant-extension:test:   [36m>[39m
@qbs-autonaim/recruitment-assistant-extension:test:     [0m╨Ш╨▓╨░╨╜ ╨Ш╨▓╨░╨╜╨╛╨▓[0m
@qbs-autonaim/recruitment-assistant-extension:test:   [36m</h1>[39m
@qbs-autonaim/recruitment-assistant-extension:test:   [0m
@qbs-autonaim/recruitment-assistant-extension:test:         [0m
@qbs-autonaim/recruitment-assistant-extension:test:   [36m<div[39m
@qbs-autonaim/recruitment-assistant-extension:test:     [33mclass[39m=[32m"text-body-medium"[39m
@qbs-autonaim/recruitment-assistant-extension:test:   [36m>[39m
@qbs-autonaim/recruitment-assistant-extension:test:     [0mSenior Developer[0m
@qbs-autonaim/recruitment-assistant-extension:test:   [36m</div>[39m
@qbs-autonaim/recruitment-assistant-extension:test:   [0m
@qbs-autonaim/recruitment-assistant-extension:test:         [0m
@qbs-autonaim/recruitment-assistant-extension:test:   [36m<span[39m
@qbs-autonaim/recruitment-assistant-extension:test:     [33mclass[39m=[32m"text-body-small inline"[39m
@qbs-autonaim/recruitment-assistant-extension:test:   [36m>[39m
@qbs-autonaim/recruitment-assistant-extension:test:     [0m╨Ь╨╛╤Б╨║╨▓╨░, ╨а╨╛╤Б╤Б╨╕╤П[0m
@qbs-autonaim/recruitment-assistant-extension:test:   [36m</span>[39m
@qbs-autonaim/recruitment-assistant-extension:test:   [0m
@qbs-autonaim/recruitment-assistant-extension:test:         [0m
@qbs-autonaim/recruitment-assistant-extension:test:   [36m<img[39m
@qbs-autonaim/recruitment-assistant-extension:test:     [33mclass[39m=[32m"pv-top-card-profile-picture__image"[39m
@qbs-autonaim/recruitment-assistant-extension:test:     [33msrc[39m=[32m"https://example.com/photo.jpg"[39m
@qbs-autonaim/recruitment-assistant-extension:test:   [36m/>[39m
@qbs-autonaim/recruitment-assistant-extension:test:   [0m
@qbs-autonaim/recruitment-assistant-extension:test:         
@qbs-autonaim/recruitment-assistant-extension:test:         [0m
@qbs-autonaim/recruitment-assistant-extension:test:   [36m<section[39m
@qbs-autonaim/recruitment-assistant-extension:test:     [33mid[39m=[32m"experience"[39m
@qbs-autonaim/recruitment-assistant-extension:test:   [36m>[39m
@qbs-autonaim/recruitment-assistant-extension:test:     [0m
@qbs-autonaim/recruitment-assistant-extension:test:           [0m
@qbs-autonaim/recruitment-assistant-extension:test:     [36m<ul>[39m
@qbs-autonaim/recruitment-assistant-extension:test:       [0m
@qbs-autonaim/recruitment-assistant-extension:test:             [0m
@qbs-autonaim/recruitment-assistant-extension:test:       [36m<li[39m
@qbs-autonaim/recruitment-assistant-extension:test:         [33mclass[39m=[32m"artdeco-list__item"[39m
@qbs-autonaim/recruitment-assistant-extension:test:       [36m>[39m
@qbs-autonaim/recruitment-assistant-extension:test:         [0m
@qbs-autonaim/recruitment-assistant-extension:test:               [0m
@qbs-autonaim/recruitment-assistant-extension:test:         [36m<div[39m
@qbs-autonaim/recruitment-assistant-extension:test:           [33mclass[39m=[32m"display-flex"[39m
@qbs-autonaim/recruitment-assistant-extension:test:         [36m>[39m
@qbs-autonaim/recruitment-assistant-extension:test:           [0m
@qbs-autonaim/recruitment-assistant-extension:test:                 [0m
@qbs-autonaim/recruitment-assistant-extension:test:           [36m<span[39m
@qbs-autonaim/recruitment-assistant-extension:test:             [33maria-hidden[39m=[32m"true"[39m
@qbs-autonaim/recruitment-assistant-extension:test:           [36m>[39m
@qbs-autonaim/recruitment-assistant-extension:test:             [0mSenior Developer[0m
@qbs-autonaim/recruitment-assistant-extension:test:           [36m</span>[39m
@qbs-autonaim/recruitment-assistant-extension:test:           [0m
@qbs-autonaim/recruitment-assistant-extension:test:               [0m
@qbs-autonaim/recruitment-assistant-extension:test:         [36m</div>[39m
@qbs-autonaim/recruitment-assistant-extension:test:         [0m
@qbs-autonaim/recruitment-assistant-extension:test:               [0m
@qbs-autonaim/recruitment-assistant-extension:test:         [36m<span[39m
@qbs-autonaim/recruitment-assistant-extension:test:           [33mclass[39m=[32m"t-14 t-normal"[39m
@qbs-autonaim/recruitment-assistant-extension:test:         [36m>[39m
@qbs-autonaim/recruitment-assistant-extension:test:           [0m
@qbs-autonaim/recruitment-assistant-extension:test:                 [0m
@qbs-autonaim/recruitment-assistant-extension:test:           [36m<span[39m
@qbs-autonaim/recruitment-assistant-extension:test:             [33maria-hidden[39m=[32m"true"[39m
@qbs-autonaim/recruitment-assistant-extension:test:           [36m>[39m
@qbs-autonaim/recruitment-assistant-extension:test:             [0mTech Company[0m
@qbs-autonaim/recruitment-assistant-extension:test:           [36m</span>[39m
@qbs-autonaim/recruitment-assistant-extension:test:           [0m
@qbs-autonaim/recruitment-assistant-extension:test:               [0m
@qbs-autonaim/recruitment-assistant-extension:test:         [36m</span>[39m
@qbs-autonaim/recruitment-assistant-extension:test:         [0m
@qbs-autonaim/recruitment-assistant-extension:test:               [0m
@qbs-autonaim/recruitment-assistant-extension:test:         [36m<span[39m
@qbs-autonaim/recruitment-assistant-extension:test:           [33mclass[39m=[32m"t-14 t-normal t-black--light"[39m
@qbs-autonaim/recruitment-assistant-extension:test:         [36m>[39m
@qbs-autonaim/recruitment-assistant-extension:test:           [0m
@qbs-autonaim/recruitment-assistant-extension:test:                 [0m
@qbs-autonaim/recruitment-assistant-extension:test:           [36m<span[39m
@qbs-autonaim/recruitment-assistant-extension:test:             [33maria-hidden[39m=[32m"true"[39m
@qbs-autonaim/recruitment-assistant-extension:test:           [36m>[39m
@qbs-autonaim/recruitment-assistant-extension:test:             [0m2020 тАУ ╨┐╨╛ ╨╜╨░╤Б╤В╨╛╤П╤Й╨╡╨╡ ╨▓╤А╨╡╨╝╤П[0m
@qbs-autonaim/recruitment-assistant-extension:test:           [36m</span>[39m
@qbs-autonaim/recruitment-assistant-extension:test:           [0m
@qbs-autonaim/recruitment-assistant-extension:test:               [0m
@qbs-autonaim/recruitment-assistant-extension:test:         [36m</span>[39m
@qbs-autonaim/recruitment-assistant-extension:test:         [0m
@qbs-autonaim/recruitment-assistant-extension:test:               [0m
@qbs-autonaim/recruitment-assistant-extension:test:         [36m<div[39m
@qbs-autonaim/recruitment-assistant-extension:test:           [33mclass[39m=[32m"display-flex full-width"[39m
@qbs-autonaim/recruitment-assistant-extension:test:         [36m>[39m
@qbs-autonaim/recruitment-assistant-extension:test:           [0m
@qbs-autonaim/recruitment-assistant-extension:test:                 [0m
@qbs-autonaim/recruitment-assistant-extension:test:           [36m<span[39m
@qbs-autonaim/recruitment-assistant-extension:test:             [33maria-hidden[39m=[32m"true"[39m
@qbs-autonaim/recruitment-assistant-extension:test:           [36m>[39m
@qbs-autonaim/recruitment-assistant-extension:test:             [0m╨а╨░╨╖╤А╨░╨▒╨╛╤В╨║╨░[0m
@qbs-autonaim/recruitment-assistant-extension:test:           [36m</span>[39m
@qbs-autonaim/recruitment-assistant-extension:test:           [0m
@qbs-autonaim/recruitment-assistant-extension:test:               [0m
@qbs-autonaim/recruitment-assistant-extension:test:         [36m</div>[39m
@qbs-autonaim/recruitment-assistant-extension:test:         [0m
@qbs-autonaim/recruitment-assistant-extension:test:             [0m
@qbs-autonaim/recruitment-assistant-extension:test:       [36m</li>[39m
@qbs-autonaim/recruitment-assistant-extension:test:       [0m
@qbs-autonaim/recruitment-assistant-extension:test:           [0m
@qbs-autonaim/recruitment-assistant-extension:test:     [36m</ul>[39m
@qbs-autonaim/recruitment-assistant-extension:test:     [0m
@qbs-autonaim/recruitment-assistant-extension:test:         [0m
@qbs-autonaim/recruitment-assistant-extension:test:   [36m</section>[39m
@qbs-autonaim/recruitment-assistant-extension:test:   [0m
@qbs-autonaim/recruitment-assistant-extension:test:         
@qbs-autonaim/recruitment-assistant-extension:test:         [0m
@qbs-autonaim/recruitment-assistant-extension:test:   [36m<section[39m
@qbs-autonaim/recruitment-assistant-extension:test:     [33mid[39m=[32m"education"[39m
@qbs-autonaim/recruitment-assistant-extension:test:   [36m>[39m
@qbs-autonaim/recruitment-assistant-extension:test:     [0m
@qbs-autonaim/recruitment-assistant-extension:test:           [0m
@qbs-autonaim/recruitment-assistant-extension:test:     [36m<ul>[39m
@qbs-autonaim/recruitment-assistant-extension:test:       [0m
@qbs-autonaim/recruitment-assistant-extension:test:             [0m
@qbs-autonaim/recruitment-assistant-extension:test:       [36m<li[39m
@qbs-autonaim/recruitment-assistant-extension:test:         [33mclass[39m=[32m"artdeco-list__item"[39m
@qbs-autonaim/recruitment-assistant-extension:test:       [36m>[39m
@qbs-autonaim/recruitment-assistant-extension:test:         [0m
@qbs-autonaim/recruitment-assistant-extension:test:               [0m
@qbs-autonaim/recruitment-assistant-extension:test:         [36m<div[39m
@qbs-autonaim/recruitment-assistant-extension:test:           [33mclass[39m=[32m"display-flex"[39m
@qbs-autonaim/recruitment-assistant-extension:test:         [36m>[39m
@qbs-autonaim/recruitment-assistant-extension:test:           [0m
@qbs-autonaim/recruitment-assistant-extension:test:                 [0m
@qbs-autonaim/recruitment-assistant-extension:test:           [36m<span[39m
@qbs-autonaim/recruitment-assistant-extension:test:             [33maria-hidden[39m=[32m"true"[39m
@qbs-autonaim/recruitment-assistant-extension:test:           [36m>[39m
@qbs-autonaim/recruitment-assistant-extension:test:             [0m╨Ь╨У╨г[0m
@qbs-autonaim/recruitment-assistant-extension:test:           [36m</span>[39m
@qbs-autonaim/recruitment-assistant-extension:test:           [0m
@qbs-autonaim/recruitment-assistant-extension:test:               [0m
@qbs-autonaim/recruitment-assistant-extension:test:         [36m</div>[39m
@qbs-autonaim/recruitment-assistant-extension:test:         [0m
@qbs-autonaim/recruitment-assistant-extension:test:               [0m
@qbs-autonaim/recruitment-assistant-extension:test:         [36m<span[39m
@qbs-autonaim/recruitment-assistant-extension:test:           [33mclass[39m=[32m"t-14 t-normal"[39m
@qbs-autonaim/recruitment-assistant-extension:test:         [36m>[39m
@qbs-autonaim/recruitment-assistant-extension:test:           [0m
@qbs-autonaim/recruitment-assistant-extension:test:                 [0m
@qbs-autonaim/recruitment-assistant-extension:test:           [36m<span[39m
@qbs-autonaim/recruitment-assistant-extension:test:             [33maria-hidden[39m=[32m"true"[39m
@qbs-autonaim/recruitment-assistant-extension:test:           [36m>[39m
@qbs-autonaim/recruitment-assistant-extension:test:             [0m╨С╨░╨║╨░╨╗╨░╨▓╤А[0m
@qbs-autonaim/recruitment-assistant-extension:test:           [36m</span>[39m
@qbs-autonaim/recruitment-assistant-extension:test:           [0m
@qbs-autonaim/recruitment-assistant-extension:test:               [0m
@qbs-autonaim/recruitment-assistant-extension:test:         [36m</span>[39m
@qbs-autonaim/recruitment-assistant-extension:test:         [0m
@qbs-autonaim/recruitment-assistant-extension:test:               [0m
@qbs-autonaim/recruitment-assistant-extension:test:         [36m<span[39m
@qbs-autonaim/recruitment-assistant-extension:test:           [33mclass[39m=[32m"t-14 t-normal t-black--light"[39m
@qbs-autonaim/recruitment-assistant-extension:test:         [36m>[39m
@qbs-autonaim/recruitment-assistant-extension:test:           [0m
@qbs-autonaim/recruitment-assistant-extension:test:                 [0m
@qbs-autonaim/recruitment-assistant-extension:test:           [36m<span[39m
@qbs-autonaim/recruitment-assistant-extension:test:             [33maria-hidden[39m=[32m"true"[39m
@qbs-autonaim/recruitment-assistant-extension:test:           [36m>[39m
@qbs-autonaim/recruitment-assistant-extension:test:             [0m╨Ш╨╜╤Д╨╛╤А╨╝╨░╤В╨╕╨║╨░[0m
@qbs-autonaim/recruitment-assistant-extension:test:           [36m</span>[39m
@qbs-autonaim/recruitment-assistant-extension:test:           [0m
@qbs-autonaim/recruitment-assistant-extension:test:               [0m
@qbs-autonaim/recruitment-assistant-extension:test:         [36m</span>[39m
@qbs-autonaim/recruitment-assistant-extension:test:         [0m
@qbs-autonaim/recruitment-assistant-extension:test:               [0m
@qbs-autonaim/recruitment-assistant-extension:test:         [36m<span[39m
@qbs-autonaim/recruitment-assistant-extension:test:           [33mclass[39m=[32m"t-14 t-normal t-black--light"[39m
@qbs-autonaim/recruitment-assistant-extension:test:         [36m>[39m
@qbs-autonaim/recruitment-assistant-extension:test:           [0m
@qbs-autonaim/recruitment-assistant-extension:test:                 [0m
@qbs-autonaim/recruitment-assistant-extension:test:           [36m<span[39m
@qbs-autonaim/recruitment-assistant-extension:test:             [33maria-hidden[39m=[32m"true"[39m
@qbs-autonaim/recruitment-assistant-extension:test:           [36m>[39m
@qbs-autonaim/recruitment-assistant-extension:test:             [0m2015 тАУ 2019[0m
@qbs-autonaim/recruitment-assistant-extension:test:           [36m</span>[39m
@qbs-autonaim/recruitment-assistant-extension:test:           [0m
@qbs-autonaim/recruitment-assistant-extension:test:               [0m
@qbs-autonaim/recruitment-assistant-extension:test:         [36m</span>[39m
@qbs-autonaim/recruitment-assistant-extension:test:         [0m
@qbs-autonaim/recruitment-assistant-extension:test:             [0m
@qbs-autonaim/recruitment-assistant-extension:test:       [36m</li>[39m
@qbs-autonaim/recruitment-assistant-extension:test:       [0m
@qbs-autonaim/recruitment-assistant-extension:test:           [0m
@qbs-autonaim/recruitment-assistant-extension:test:     [36m</ul>[39m
@qbs-autonaim/recruitment-assistant-extension:test:     [0m
@qbs-autonaim/recruitment-assistant-extension:test:         [0m
@qbs-autonaim/recruitment-assistant-extension:test:   [36m</section>[39m
@qbs-autonaim/recruitment-assistant-extension:test:   [0m
@qbs-autonaim/recruitment-assistant-extension:test:         
@qbs-autonaim/recruitment-assistant-extension:test:         [0m
@qbs-autonaim/recruitment-assistant-extension:test:   [36m<section[39m
@qbs-autonaim/recruitment-assistant-extension:test:     [33mid[39m=[32m"skills"[39m
@qbs-autonaim/recruitment-assistant-extension:test:   [36m>[39m
@qbs-autonaim/recruitment-assistant-extension:test:     [0m
@qbs-autonaim/recruitment-assistant-extension:test:           [0m
@qbs-autonaim/recruitment-assistant-extension:test:     [36m<span[39m
@qbs-autonaim/recruitment-assistant-extension:test:       [33maria-hidden[39m=[32m"true"[39m
@qbs-autonaim/recruitment-assistant-extension:test:     [36m>[39m
@qbs-autonaim/recruitment-assistant-extension:test:       [0mTypeScript[0m
@qbs-autonaim/recruitment-assistant-extension:test:     [36m</span>[39m
@qbs-autonaim/recruitment-assistant-extension:test:     [0m
@qbs-autonaim/recruitment-assistant-extension:test:           [0m
@qbs-autonaim/recruitment-assistant-extension:test:     [36m<span[39m
@qbs-autonaim/recruitment-assistant-extension:test:       [33maria-hidden[39m=[32m"true"[39m
@qbs-autonaim/recruitment-assistant-extension:test:     [36m>[39m
@qbs-autonaim/recruitment-assistant-extension:test:       [0mReact[0m
@qbs-autonaim/recruitment-assistant-extension:test:     [36m</span>[39m
@qbs-autonaim/recruitment-assistant-extension:test:     [0m
@qbs-autonaim/recruitment-assistant-extension:test:         [0m
@qbs-autonaim/recruitment-assistant-extension:test:   [36m</section>[39m
@qbs-autonaim/recruitment-assistant-extension:test:   [0m
@qbs-autonaim/recruitment-assistant-extension:test:         
@qbs-autonaim/recruitment-assistant-extension:test:         [0m
@qbs-autonaim/recruitment-assistant-extension:test:   [36m<section[39m
@qbs-autonaim/recruitment-assistant-extension:test:     [33mclass[39m=[32m"pv-contact-info"[39m
@qbs-autonaim/recruitment-assistant-extension:test:   [36m>[39m
@qbs-autonaim/recruitment-assistant-extension:test:     [0m
@qbs-autonaim/recruitment-assistant-extension:test:           [0m
@qbs-autonaim/recruitment-assistant-extension:test:     [36m<a[39m
@qbs-autonaim/recruitment-assistant-extension:test:       [33mhref[39m=[32m"mailto:ivan@example.com"[39m
@qbs-autonaim/recruitment-assistant-extension:test:     [36m>[39m
@qbs-autonaim/recruitment-assistant-extension:test:       [0mEmail[0m
@qbs-autonaim/recruitment-assistant-extension:test:     [36m</a>[39m
@qbs-autonaim/recruitment-assistant-extension:test:     [0m
@qbs-autonaim/recruitment-assistant-extension:test:           [0m
@qbs-autonaim/recruitment-assistant-extension:test:     [36m<span[39m
@qbs-autonaim/recruitment-assistant-extension:test:       [33mclass[39m=[32m"t-14 t-black t-normal"[39m
@qbs-autonaim/recruitment-assistant-extension:test:     [36m>[39m
@qbs-autonaim/recruitment-assistant-extension:test:       [0m+7 (999) 123-45-67[0m
@qbs-autonaim/recruitment-assistant-extension:test:     [36m</span>[39m
@qbs-autonaim/recruitment-assistant-extension:test:     [0m
@qbs-autonaim/recruitment-assistant-extension:test:         [0m
@qbs-autonaim/recruitment-assistant-extension:test:   [36m</section>[39m
@qbs-autonaim/recruitment-assistant-extension:test:   [0m
@qbs-autonaim/recruitment-assistant-extension:test:       [0m
@qbs-autonaim/recruitment-assistant-extension:test:   [36m<div>[39m
@qbs-autonaim/recruitment-assistant-extension:test:     [36m<button[39m
@qbs-autonaim/recruitment-assistant-extension:test:       [33maria-busy[39m=[32m"false"[39m
@qbs-autonaim/recruitment-assistant-extension:test:       [33maria-label[39m=[32m"╨Ш╨╖╨▓╨╗╨╡╤З╤М ╨┤╨░╨╜╨╜╤Л╨╡ ╨┐╤А╨╛╤Д╨╕╨╗╤П ╨║╨░╨╜╨┤╨╕╨┤╨░╤В╨░"[39m
@qbs-autonaim/recruitment-assistant-extension:test:       [33maria-live[39m=[32m"polite"[39m
@qbs-autonaim/recruitment-assistant-extension:test:       [33mstyle[39m=[32m"min-width: 44px; min-height: 44px; padding: 12px 24px; font-size: 16px; font-weight: 500; color: #ffffff; background-color: #2563eb; border: none none; border-radius: 8px; cursor: pointer; touch-action: manipulation; transition: background-color 0.2s ease, transform 0.1s ease, box-shadow 0.2s ease; display: flex; align-items: center; justify-content: center; gap: 8px; box-shadow: 0 1px 3px 0 rgba(0, 0, 0, 0.1), 0 1px 2px -1px rgba(0, 0, 0, 0.1); position: relative; outline-color: none; outline-style: none; outline-width: initial;"[39m
@qbs-autonaim/recruitment-assistant-extension:test:       [33mtype[39m=[32m"button"[39m
@qbs-autonaim/recruitment-assistant-extension:test:     [36m>[39m
@qbs-autonaim/recruitment-assistant-extension:test:       [36m<span[39m
@qbs-autonaim/recruitment-assistant-extension:test:         [33mstyle[39m=[32m"white-space: nowrap;"[39m
@qbs-autonaim/recruitment-assistant-extension:test:       [36m>[39m
@qbs-autonaim/recruitment-assistant-extension:test:         [0m╨Ш╨╖╨▓╨╗╨╡╤З╤М ╨┤╨░╨╜╨╜╤Л╨╡[0m
@qbs-autonaim/recruitment-assistant-extension:test:       [36m</span>[39m
@qbs-autonaim/recruitment-assistant-extension:test:     [36m</button>[39m
@qbs-autonaim/recruitment-assistant-extension:test:   [36m</div>[39m
@qbs-autonaim/recruitment-assistant-extension:test:   [36m<div>[39m
@qbs-autonaim/recruitment-assistant-extension:test:     [36m<button[39m
@qbs-autonaim/recruitment-assistant-extension:test:       [33maria-busy[39m=[32m"true"[39m
@qbs-autonaim/recruitment-assistant-extension:test:       [33maria-label[39m=[32m"╨Ш╨╖╨▓╨╗╨╡╤З╤М ╨┤╨░╨╜╨╜╤Л╨╡ ╨┐╤А╨╛╤Д╨╕╨╗╤П ╨║╨░╨╜╨┤╨╕╨┤╨░╤В╨░"[39m
@qbs-autonaim/recruitment-assistant-extension:test:       [33maria-live[39m=[32m"polite"[39m
@qbs-autonaim/recruitment-assistant-extension:test:       [33mdisabled[39m=[32m""[39m
@qbs-autonaim/recruitment-assistant-extension:test:       [33mstyle[39m=[32m"min-width: 44px; min-height: 44px; padding: 12px 24px; font-size: 16px; font-weight: 500; color: #ffffff; background-color: #6b7280; border: none none; border-radius: 8px; cursor: not-all...
@qbs-autonaim/recruitment-assistant-extension:test:       at <anonymous> (C:\Projects\kwork\selectio\node_modules\@testing-library\dom\dist\query-helpers.js:59:30)
@qbs-autonaim/recruitment-assistant-extension:test:       at <anonymous> (C:\Projects\kwork\selectio\node_modules\@testing-library\dom\dist\query-helpers.js:95:19)
@qbs-autonaim/recruitment-assistant-extension:test:       at <anonymous> (C:\Projects\kwork\selectio\apps\recruitment-assistant-extension\src\content\ui\action-button.test.tsx:94:29)
@qbs-autonaim/recruitment-assistant-extension:test: (fail) ActionButton > ╨Т╨╖╨░╨╕╨╝╨╛╨┤╨╡╨╣╤Б╤В╨▓╨╕╨╡ > ╨┤╨╛╨╗╨╢╨╡╨╜ ╨▓╤Л╨╖╤Л╨▓╨░╤В╤М onExtract ╨┐╤А╨╕ ╨║╨╗╨╕╨║╨╡ [15.00ms]
@qbs-autonaim/recruitment-assistant-extension:test: 54 |       const elementStrings = els.map(element => getElementError(null, element).message).join('\n\n');
@qbs-autonaim/recruitment-assistant-extension:test: 55 |       throw getMultipleElementsFoundError(`${getMultipleError(container, ...args)}
@qbs-autonaim/recruitment-assistant-extension:test: 56 | 
@qbs-autonaim/recruitment-assistant-extension:test: 57 | Here are the matching elements:
@qbs-autonaim/recruitment-assistant-extension:test: 58 | 
@qbs-autonaim/recruitment-assistant-extension:test: 59 | ${elementStrings}`, container);
@qbs-autonaim/recruitment-assistant-extension:test:                                   ^
@qbs-autonaim/recruitment-assistant-extension:test: TestingLibraryElementError: Found multiple elements with the role "button"
@qbs-autonaim/recruitment-assistant-extension:test: 
@qbs-autonaim/recruitment-assistant-extension:test: Here are the matching elements:
@qbs-autonaim/recruitment-assistant-extension:test: 
@qbs-autonaim/recruitment-assistant-extension:test: Ignored nodes: comments, script, style
@qbs-autonaim/recruitment-assistant-extension:test: [36m<button[39m
@qbs-autonaim/recruitment-assistant-extension:test:   [33maria-busy[39m=[32m"false"[39m
@qbs-autonaim/recruitment-assistant-extension:test:   [33maria-label[39m=[32m"╨Ш╨╖╨▓╨╗╨╡╤З╤М ╨┤╨░╨╜╨╜╤Л╨╡ ╨┐╤А╨╛╤Д╨╕╨╗╤П ╨║╨░╨╜╨┤╨╕╨┤╨░╤В╨░"[39m
@qbs-autonaim/recruitment-assistant-extension:test:   [33maria-live[39m=[32m"polite"[39m
@qbs-autonaim/recruitment-assistant-extension:test:   [33mstyle[39m=[32m"min-width: 44px; min-height: 44px; padding: 12px 24px; font-size: 16px; font-weight: 500; color: #ffffff; background-color: #2563eb; border: none none; border-radius: 8px; cursor: pointer; touch-action: manipulation; transition: background-color 0.2s ease, transform 0.1s ease, box-shadow 0.2s ease; display: flex; align-items: center; justify-content: center; gap: 8px; box-shadow: 0 1px 3px 0 rgba(0, 0, 0, 0.1), 0 1px 2px -1px rgba(0, 0, 0, 0.1); position: relative; outline-color: none; outline-style: none; outline-width: initial;"[39m
@qbs-autonaim/recruitment-assistant-extension:test:   [33mtype[39m=[32m"button"[39m
@qbs-autonaim/recruitment-assistant-extension:test: [36m>[39m
@qbs-autonaim/recruitment-assistant-extension:test:   [36m<span[39m
@qbs-autonaim/recruitment-assistant-extension:test:     [33mstyle[39m=[32m"white-space: nowrap;"[39m
@qbs-autonaim/recruitment-assistant-extension:test:   [36m>[39m
@qbs-autonaim/recruitment-assistant-extension:test:     [0m╨Ш╨╖╨▓╨╗╨╡╤З╤М ╨┤╨░╨╜╨╜╤Л╨╡[0m
@qbs-autonaim/recruitment-assistant-extension:test:   [36m</span>[39m
@qbs-autonaim/recruitment-assistant-extension:test: [36m</button>[39m
@qbs-autonaim/recruitment-assistant-extension:test: 
@qbs-autonaim/recruitment-assistant-extension:test: Ignored nodes: comments, script, style
@qbs-autonaim/recruitment-assistant-extension:test: [36m<button[39m
@qbs-autonaim/recruitment-assistant-extension:test:   [33maria-busy[39m=[32m"true"[39m
@qbs-autonaim/recruitment-assistant-extension:test:   [33maria-label[39m=[32m"╨Ш╨╖╨▓╨╗╨╡╤З╤М ╨┤╨░╨╜╨╜╤Л╨╡ ╨┐╤А╨╛╤Д╨╕╨╗╤П ╨║╨░╨╜╨┤╨╕╨┤╨░╤В╨░"[39m
@qbs-autonaim/recruitment-assistant-extension:test:   [33maria-live[39m=[32m"polite"[39m
@qbs-autonaim/recruitment-assistant-extension:test:   [33mdisabled[39m=[32m""[39m
@qbs-autonaim/recruitment-assistant-extension:test:   [33mstyle[39m=[32m"min-width: 44px; min-height: 44px; padding: 12px 24px; font-size: 16px; font-weight: 500; color: #ffffff; background-color: #6b7280; border: none none; border-radius: 8px; cursor: not-allowed; touch-action: manipulation; transition: background-color 0.2s ease, transform 0.1s ease, box-shadow 0.2s ease; display: flex; align-items: center; justify-content: center; gap: 8px; box-shadow: 0 1px 3px 0 rgba(0, 0, 0, 0.1), 0 1px 2px -1px rgba(0, 0, 0, 0.1); position: relative; outline-color: none; outline-style: none; outline-width: initial;"[39m
@qbs-autonaim/recruitment-assistant-extension:test:   [33mtype[39m=[32m"button"[39m
@qbs-autonaim/recruitment-assistant-extension:test: [36m>[39m
@qbs-autonaim/recruitment-assistant-extension:test:   [36m<svg[39m
@qbs-autonaim/recruitment-assistant-extension:test:     [33maria-hidden[39m=[32m"true"[39m
@qbs-autonaim/recruitment-assistant-extension:test:     [33mfill[39m=[32m"none"[39m
@qbs-autonaim/recruitment-assistant-extension:test:     [33mrole[39m=[32m"presentation"[39m
@qbs-autonaim/recruitment-assistant-extension:test:     [33mstyle[39m=[32m"width: 16px; height: 16px; animation: spin 1s linear infinite; flex-shrink: 0;"[39m
@qbs-autonaim/recruitment-assistant-extension:test:     [33mviewBox[39m=[32m"0 0 24 24"[39m
@qbs-autonaim/recruitment-assistant-extension:test:   [36m>[39m
@qbs-autonaim/recruitment-assistant-extension:test:     [36m<circle[39m
@qbs-autonaim/recruitment-assistant-extension:test:       [33mcx[39m=[32m"12"[39m
@qbs-autonaim/recruitment-assistant-extension:test:       [33mcy[39m=[32m"12"[39m
@qbs-autonaim/recruitment-assistant-extension:test:       [33mr[39m=[32m"10"[39m
@qbs-autonaim/recruitment-assistant-extension:test:       [33mstroke[39m=[32m"currentColor"[39m
@qbs-autonaim/recruitment-assistant-extension:test:       [33mstroke-opacity[39m=[32m"0.25"[39m
@qbs-autonaim/recruitment-assistant-extension:test:       [33mstroke-width[39m=[32m"4"[39m
@qbs-autonaim/recruitment-assistant-extension:test:     [36m/>[39m
@qbs-autonaim/recruitment-assistant-extension:test:     [36m<path[39m
@qbs-autonaim/recruitment-assistant-extension:test:       [33md[39m=[32m"M4 12a8 8 0 018-8V0C5.373 0 0 5.373 0 12h4zm2 5.291A7.962 7.962 0 014 12H0c0 3.042 1.135 5.824 3 7.938l3-2.647z"[39m
@qbs-autonaim/recruitment-assistant-extension:test:       [33mfill[39m=[32m"currentColor"[39m
@qbs-autonaim/recruitment-assistant-extension:test:       [33mopacity[39m=[32m"0.75"[39m
@qbs-autonaim/recruitment-assistant-extension:test:     [36m/>[39m
@qbs-autonaim/recruitment-assistant-extension:test:   [36m</svg>[39m
@qbs-autonaim/recruitment-assistant-extension:test:   [36m<span[39m
@qbs-autonaim/recruitment-assistant-extension:test:     [33mstyle[39m=[32m"white-space: nowrap;"[39m
@qbs-autonaim/recruitment-assistant-extension:test:   [36m>[39m
@qbs-autonaim/recruitment-assistant-extension:test:     [0m╨Ш╨╖╨▓╨╗╨╡╤З╨╡╨╜╨╕╨╡ ╨┤╨░╨╜╨╜╤Л╤ЕтАж[0m
@qbs-autonaim/recruitment-assistant-extension:test:   [36m</span>[39m
@qbs-autonaim/recruitment-assistant-extension:test: [36m</button>[39m
@qbs-autonaim/recruitment-assistant-extension:test: 
@qbs-autonaim/recruitment-assistant-extension:test: Ignored nodes: comments, script, style
@qbs-autonaim/recruitment-assistant-extension:test: [36m<button[39m
@qbs-autonaim/recruitment-assistant-extension:test:   [33maria-busy[39m=[32m"true"[39m
@qbs-autonaim/recruitment-assistant-extension:test:   [33maria-label[39m=[32m"╨Ш╨╖╨▓╨╗╨╡╤З╤М ╨┤╨░╨╜╨╜╤Л╨╡ ╨┐╤А╨╛╤Д╨╕╨╗╤П ╨║╨░╨╜╨┤╨╕╨┤╨░╤В╨░"[39m
@qbs-autonaim/recruitment-assistant-extension:test:   [33maria-live[39m=[32m"polite"[39m
@qbs-autonaim/recruitment-assistant-extension:test:   [33mdisabled[39m=[32m""[39m
@qbs-autonaim/recruitment-assistant-extension:test:   [33mstyle[39m=[32m"min-width: 44px; min-height: 44px; padding: 12px 24px; font-size: 16px; font-weight: 500; color: #ffffff; background-color: #6b7280; border: none none; border-radius: 8px; cursor: not-allowed; touch-action: manipulation; transition: background-color 0.2s ease, transform 0.1s ease, box-shadow 0.2s ease; display: flex; align-items: center; justify-content: center; gap: 8px; box-shadow: 0 1px 3px 0 rgba(0, 0, 0, 0.1), 0 1px 2px -1px rgba(0, 0, 0, 0.1); position: relative; outline-color: none; outline-style: none; outline-width: initial;"[39m
@qbs-autonaim/recruitment-assistant-extension:test:   [33mtype[39m=[32m"button"[39m
@qbs-autonaim/recruitment-assistant-extension:test: [36m>[39m
@qbs-autonaim/recruitment-assistant-extension:test:   [36m<svg[39m
@qbs-autonaim/recruitment-assistant-extension:test:     [33maria-hidden[39m=[32m"true"[39m
@qbs-autonaim/recruitment-assistant-extension:test:     [33mfill[39m=[32m"none"[39m
@qbs-autonaim/recruitment-assistant-extension:test:     [33mrole[39m=[32m"presentation"[39m
@qbs-autonaim/recruitment-assistant-extension:test:     [33mstyle[39m=[32m"width: 16px; height: 16px; animation: spin 1s linear infinite; flex-shrink: 0;"[39m
@qbs-autonaim/recruitment-assistant-extension:test:     [33mviewBox[39m=[32m"0 0 24 24"[39m
@qbs-autonaim/recruitment-assistant-extension:test:   [36m>[39m
@qbs-autonaim/recruitment-assistant-extension:test:     [36m<circle[39m
@qbs-autonaim/recruitment-assistant-extension:test:       [33mcx[39m=[32m"12"[39m
@qbs-autonaim/recruitment-assistant-extension:test:       [33mcy[39m=[32m"12"[39m
@qbs-autonaim/recruitment-assistant-extension:test:       [33mr[39m=[32m"10"[39m
@qbs-autonaim/recruitment-assistant-extension:test:       [33mstroke[39m=[32m"currentColor"[39m
@qbs-autonaim/recruitment-assistant-extension:test:       [33mstroke-opacity[39m=[32m"0.25"[39m
@qbs-autonaim/recruitment-assistant-extension:test:       [33mstroke-width[39m=[32m"4"[39m
@qbs-autonaim/recruitment-assistant-extension:test:     [36m/>[39m
@qbs-autonaim/recruitment-assistant-extension:test:     [36m<path[39m
@qbs-autonaim/recruitment-assistant-extension:test:       [33md[39m=[32m"M4 12a8 8 0 018-8V0C5.373 0 0 5.373 0 12h4zm2 5.291A7.962 7.962 0 014 12H0c0 3.042 1.135 5.824 3 7.938l3-2.647z"[39m
@qbs-autonaim/recruitment-assistant-extension:test:       [33mfill[39m=[32m"currentColor"[39m
@qbs-autonaim/recruitment-assistant-extension:test:       [33mopacity[39m=[32m"0.75"[39m
@qbs-autonaim/recruitment-assistant-extension:test:     [36m/>[39m
@qbs-autonaim/recruitment-assistant-extension:test:   [36m</svg>[39m
@qbs-autonaim/recruitment-assistant-extension:test:   [36m<span[39m
@qbs-autonaim/recruitment-assistant-extension:test:     [33mstyle[39m=[32m"white-space: nowrap;"[39m
@qbs-autonaim/recruitment-assistant-extension:test:   [36m>[39m
@qbs-autonaim/recruitment-assistant-extension:test:     [0m╨Ш╨╖╨▓╨╗╨╡╤З╨╡╨╜╨╕╨╡ ╨┤╨░╨╜╨╜╤Л╤ЕтАж[0m
@qbs-autonaim/recruitment-assistant-extension:test:   [36m</span>[39m
@qbs-autonaim/recruitment-assistant-extension:test: [36m</button>[39m
@qbs-autonaim/recruitment-assistant-extension:test: 
@qbs-autonaim/recruitment-assistant-extension:test: Ignored nodes: comments, script, style
@qbs-autonaim/recruitment-assistant-extension:test: [36m<button[39m
@qbs-autonaim/recruitment-assistant-extension:test:   [33maria-busy[39m=[32m"false"[39m
@qbs-autonaim/recruitment-assistant-extension:test:   [33maria-label[39m=[32m"╨Ш╨╖╨▓╨╗╨╡╤З╤М ╨┤╨░╨╜╨╜╤Л╨╡ ╨┐╤А╨╛╤Д╨╕╨╗╤П ╨║╨░╨╜╨┤╨╕╨┤╨░╤В╨░"[39m
@qbs-autonaim/recruitment-assistant-extension:test:   [33maria-live[39m=[32m"polite"[39m
@qbs-autonaim/recruitment-assistant-extension:test:   [33mstyle[39m=[32m"min-width: 44px; min-height: 44px; padding: 12px 24px; font-size: 16px; font-weight: 500; color: #ffffff; background-color: #2563eb; border: none none; border-radius: 8px; cursor: pointer; touch-action: manipulation; transition: background-color 0.2s ease, transform 0.1s ease, box-shadow 0.2s ease; display: flex; align-items: center; justify-content: center; gap: 8px; box-shadow: 0 1px 3px 0 rgba(0, 0, 0, 0.1), 0 1px 2px -1px rgba(0, 0, 0, 0.1); position: relative; outline-color: none; outline-style: none; outline-width: initial;"[39m
@qbs-autonaim/recruitment-assistant-extension:test:   [33mtype[39m=[32m"button"[39m
@qbs-autonaim/recruitment-assistant-extension:test: [36m>[39m
@qbs-autonaim/recruitment-assistant-extension:test:   [36m<span[39m
@qbs-autonaim/recruitment-assistant-extension:test:     [33mstyle[39m=[32m"white-space: nowrap;"[39m
@qbs-autonaim/recruitment-assistant-extension:test:   [36m>[39m
@qbs-autonaim/recruitment-assistant-extension:test:     [0m╨Ш╨╖╨▓╨╗╨╡╤З╤М ╨┤╨░╨╜╨╜╤Л╨╡[0m
@qbs-autonaim/recruitment-assistant-extension:test:   [36m</span>[39m
@qbs-autonaim/recruitment-assistant-extension:test: [36m</button>[39m
@qbs-autonaim/recruitment-assistant-extension:test: 
@qbs-autonaim/recruitment-assistant-extension:test: Ignored nodes: comments, script, style
@qbs-autonaim/recruitment-assistant-extension:test: [36m<button[39m
@qbs-autonaim/recruitment-assistant-extension:test:   [33maria-busy[39m=[32m"false"[39m
@qbs-autonaim/recruitment-assistant-extension:test:   [33maria-label[39m=[32m"╨Ш╨╖╨▓╨╗╨╡╤З╤М ╨┤╨░╨╜╨╜╤Л╨╡ ╨┐╤А╨╛╤Д╨╕╨╗╤П ╨║╨░╨╜╨┤╨╕╨┤╨░╤В╨░"[39m
@qbs-autonaim/recruitment-assistant-extension:test:   [33maria-live[39m=[32m"polite"[39m
@qbs-autonaim/recruitment-assistant-extension:test:   [33mstyle[39m=[32m"min-width: 44px; min-height: 44px; padding: 12px 24px; font-size: 16px; font-weight: 500; color: #ffffff; background-color: #2563eb; border: none none; border-radius: 8px; cursor: pointer; touch-action: manipulation; transition: background-color 0.2s ease, transform 0.1s ease, box-shadow 0.2s ease; display: flex; align-items: center; justify-content: center; gap: 8px; box-shadow: 0 1px 3px 0 rgba(0, 0, 0, 0.1), 0 1px 2px -1px rgba(0, 0, 0, 0.1); position: relative; outline-color: none; outline-style: none; outline-width: initial;"[39m
@qbs-autonaim/recruitment-assistant-extension:test:   [33mtype[39m=[32m"button"[39m
@qbs-autonaim/recruitment-assistant-extension:test: [36m>[39m
@qbs-autonaim/recruitment-assistant-extension:test:   [36m<span[39m
@qbs-autonaim/recruitment-assistant-extension:test:     [33mstyle[39m=[32m"white-space: nowrap;"[39m
@qbs-autonaim/recruitment-assistant-extension:test:   [36m>[39m
@qbs-autonaim/recruitment-assistant-extension:test:     [0m╨Ш╨╖╨▓╨╗╨╡╤З╤М ╨┤╨░╨╜╨╜╤Л╨╡[0m
@qbs-autonaim/recruitment-assistant-extension:test:   [36m</span>[39m
@qbs-autonaim/recruitment-assistant-extension:test: [36m</button>[39m
@qbs-autonaim/recruitment-assistant-extension:test: 
@qbs-autonaim/recruitment-assistant-extension:test: Ignored nodes: comments, script, style
@qbs-autonaim/recruitment-assistant-extension:test: [36m<button[39m
@qbs-autonaim/recruitment-assistant-extension:test:   [33maria-busy[39m=[32m"false"[39m
@qbs-autonaim/recruitment-assistant-extension:test:   [33maria-label[39m=[32m"╨Ш╨╖╨▓╨╗╨╡╤З╤М ╨┤╨░╨╜╨╜╤Л╨╡ ╨┐╤А╨╛╤Д╨╕╨╗╤П ╨║╨░╨╜╨┤╨╕╨┤╨░╤В╨░"[39m
@qbs-autonaim/recruitment-assistant-extension:test:   [33maria-live[39m=[32m"polite"[39m
@qbs-autonaim/recruitment-assistant-extension:test:   [33mstyle[39m=[32m"min-width: 44px; min-height: 44px; padding: 12px 24px; font-size: 16px; font-weight: 500; color: #ffffff; background-color: #2563eb; border: none none; border-radius: 8px; cursor: pointer; touch-action: manipulation; transition: background-color 0.2s ease, transform 0.1s ease, box-shadow 0.2s ease; display: flex; align-items: center; justify-content: center; gap: 8px; box-shadow: 0 1px 3px 0 rgba(0, 0, 0, 0.1), 0 1px 2px -1px rgba(0, 0, 0, 0.1); position: relative; outline-color: none; outline-style: none; outline-width: initial;"[39m
@qbs-autonaim/recruitment-assistant-extension:test:   [33mtype[39m=[32m"button"[39m
@qbs-autonaim/recruitment-assistant-extension:test: [36m>[39m
@qbs-autonaim/recruitment-assistant-extension:test:   [36m<span[39m
@qbs-autonaim/recruitment-assistant-extension:test:     [33mstyle[39m=[32m"white-space: nowrap;"[39m
@qbs-autonaim/recruitment-assistant-extension:test:   [36m>[39m
@qbs-autonaim/recruitment-assistant-extension:test:     [0m╨Ш╨╖╨▓╨╗╨╡╤З╤М ╨┤╨░╨╜╨╜╤Л╨╡[0m
@qbs-autonaim/recruitment-assistant-extension:test:   [36m</span>[39m
@qbs-autonaim/recruitment-assistant-extension:test: [36m</button>[39m
@qbs-autonaim/recruitment-assistant-extension:test: 
@qbs-autonaim/recruitment-assistant-extension:test: Ignored nodes: comments, script, style
@qbs-autonaim/recruitment-assistant-extension:test: [36m<button[39m
@qbs-autonaim/recruitment-assistant-extension:test:   [33maria-busy[39m=[32m"true"[39m
@qbs-autonaim/recruitment-assistant-extension:test:   [33maria-label[39m=[32m"╨Ш╨╖╨▓╨╗╨╡╤З╤М ╨┤╨░╨╜╨╜╤Л╨╡ ╨┐╤А╨╛╤Д╨╕╨╗╤П ╨║╨░╨╜╨┤╨╕╨┤╨░╤В╨░"[39m
@qbs-autonaim/recruitment-assistant-extension:test:   [33maria-live[39m=[32m"polite"[39m
@qbs-autonaim/recruitment-assistant-extension:test:   [33mdisabled[39m=[32m""[39m
@qbs-autonaim/recruitment-assistant-extension:test:   [33mstyle[39m=[32m"min-width: 44px; min-height: 44px; padding: 12px 24px; font-size: 16px; font-weight: 500; color: #ffffff; background-color: #6b7280; border: none none; border-radius: 8px; cursor: not-allowed; touch-action: manipulation; transition: background-color 0.2s ease, transform 0.1s ease, box-shadow 0.2s ease; display: flex; align-items: center; justify-content: center; gap: 8px; box-shadow: 0 1px 3px 0 rgba(0, 0, 0, 0.1), 0 1px 2px -1px rgba(0, 0, 0, 0.1); position: relative; outline-color: none; outline-style: none; outline-width: initial;"[39m
@qbs-autonaim/recruitment-assistant-extension:test:   [33mtype[39m=[32m"button"[39m
@qbs-autonaim/recruitment-assistant-extension:test: [36m>[39m
@qbs-autonaim/recruitment-assistant-extension:test:   [36m<svg[39m
@qbs-autonaim/recruitment-assistant-extension:test:     [33maria-hidden[39m=[32m"true"[39m
@qbs-autonaim/recruitment-assistant-extension:test:     [33mfill[39m=[32m"none"[39m
@qbs-autonaim/recruitment-assistant-extension:test:     [33mrole[39m=[32m"presentation"[39m
@qbs-autonaim/recruitment-assistant-extension:test:     [33mstyle[39m=[32m"width: 16px; height: 16px; animation: spin 1s linear infinite; flex-shrink: 0;"[39m
@qbs-autonaim/recruitment-assistant-extension:test:     [33mviewBox[39m=[32m"0 0 24 24"[39m
@qbs-autonaim/recruitment-assistant-extension:test:   [36m>[39m
@qbs-autonaim/recruitment-assistant-extension:test:     [36m<circle[39m
@qbs-autonaim/recruitment-assistant-extension:test:       [33mcx[39m=[32m"12"[39m
@qbs-autonaim/recruitment-assistant-extension:test:       [33mcy[39m=[32m"12"[39m
@qbs-autonaim/recruitment-assistant-extension:test:       [33mr[39m=[32m"10"[39m
@qbs-autonaim/recruitment-assistant-extension:test:       [33mstroke[39m=[32m"currentColor"[39m
@qbs-autonaim/recruitment-assistant-extension:test:       [33mstroke-opacity[39m=[32m"0.25"[39m
@qbs-autonaim/recruitment-assistant-extension:test:       [33mstroke-width[39m=[32m"4"[39m
@qbs-autonaim/recruitment-assistant-extension:test:     [36m/>[39m
@qbs-autonaim/recruitment-assistant-extension:test:     [36m<path[39m
@qbs-autonaim/recruitment-assistant-extension:test:       [33md[39m=[32m"M4 12a8 8 0 018-8V0C5.373 0 0 5.373 0 12h4zm2 5.291A7.962 7.962 0 014 12H0c0 3.042 1.135 5.824 3 7.938l3-2.647z"[39m
@qbs-autonaim/recruitment-assistant-extension:test:       [33mfill[39m=[32m"currentColor"[39m
@qbs-autonaim/recruitment-assistant-extension:test:       [33mopacity[39m=[32m"0.75"[39m
@qbs-autonaim/recruitment-assistant-extension:test:     [36m/>[39m
@qbs-autonaim/recruitment-assistant-extension:test:   [36m</svg>[39m
@qbs-autonaim/recruitment-assistant-extension:test:   [36m<span[39m
@qbs-autonaim/recruitment-assistant-extension:test:     [33mstyle[39m=[32m"white-space: nowrap;"[39m
@qbs-autonaim/recruitment-assistant-extension:test:   [36m>[39m
@qbs-autonaim/recruitment-assistant-extension:test:     [0m╨Ш╨╖╨▓╨╗╨╡╤З╨╡╨╜╨╕╨╡ ╨┤╨░╨╜╨╜╤Л╤ЕтАж[0m
@qbs-autonaim/recruitment-assistant-extension:test:   [36m</span>[39m
@qbs-autonaim/recruitment-assistant-extension:test: [36m</button>[39m
@qbs-autonaim/recruitment-assistant-extension:test: 
@qbs-autonaim/recruitment-assistant-extension:test: Ignored nodes: comments, script, style
@qbs-autonaim/recruitment-assistant-extension:test: [36m<button[39m
@qbs-autonaim/recruitment-assistant-extension:test:   [33maria-busy[39m=[32m"false"[39m
@qbs-autonaim/recruitment-assistant-extension:test:   [33maria-label[39m=[32m"╨Ш╨╖╨▓╨╗╨╡╤З╤М ╨┤╨░╨╜╨╜╤Л╨╡ ╨┐╤А╨╛╤Д╨╕╨╗╤П ╨║╨░╨╜╨┤╨╕╨┤╨░╤В╨░"[39m
@qbs-autonaim/recruitment-assistant-extension:test:   [33maria-live[39m=[32m"polite"[39m
@qbs-autonaim/recruitment-assistant-extension:test:   [33mstyle[39m=[32m"min-width: 44px; min-height: 44px; padding: 12px 24px; font-size: 16px; font-weight: 500; color: #ffffff; background-color: #2563eb; border: none none; border-radius: 8px; cursor: pointer; touch-action: manipulation; transition: background-color 0.2s ease, transform 0.1s ease, box-shadow 0.2s ease; display: flex; align-items: center; justify-content: center; gap: 8px; box-shadow: 0 1px 3px 0 rgba(0, 0, 0, 0.1), 0 1px 2px -1px rgba(0, 0, 0, 0.1); position: relative; outline-color: none; outline-style: none; outline-width: initial;"[39m
@qbs-autonaim/recruitment-assistant-extension:test:   [33mtype[39m=[32m"button"[39m
@qbs-autonaim/recruitment-assistant-extension:test: [36m>[39m
@qbs-autonaim/recruitment-assistant-extension:test:   [36m<span[39m
@qbs-autonaim/recruitment-assistant-extension:test:     [33mstyle[39m=[32m"white-space: nowrap;"[39m
@qbs-autonaim/recruitment-assistant-extension:test:   [36m>[39m
@qbs-autonaim/recruitment-assistant-extension:test:     [0m╨Ш╨╖╨▓╨╗╨╡╤З╤М ╨┤╨░╨╜╨╜╤Л╨╡[0m
@qbs-autonaim/recruitment-assistant-extension:test:   [36m</span>[39m
@qbs-autonaim/recruitment-assistant-extension:test: [36m</button>[39m
@qbs-autonaim/recruitment-assistant-extension:test: 
@qbs-autonaim/recruitment-assistant-extension:test: Ignored nodes: comments, script, style
@qbs-autonaim/recruitment-assistant-extension:test: [36m<button[39m
@qbs-autonaim/recruitment-assistant-extension:test:   [33maria-busy[39m=[32m"true"[39m
@qbs-autonaim/recruitment-assistant-extension:test:   [33maria-label[39m=[32m"╨Ш╨╖╨▓╨╗╨╡╤З╤М ╨┤╨░╨╜╨╜╤Л╨╡ ╨┐╤А╨╛╤Д╨╕╨╗╤П ╨║╨░╨╜╨┤╨╕╨┤╨░╤В╨░"[39m
@qbs-autonaim/recruitment-assistant-extension:test:   [33maria-live[39m=[32m"polite"[39m
@qbs-autonaim/recruitment-assistant-extension:test:   [33mdisabled[39m=[32m""[39m
@qbs-autonaim/recruitment-assistant-extension:test:   [33mstyle[39m=[32m"min-width: 44px; min-height: 44px; padding: 12px 24px; font-size: 16px; font-weight: 500; color: #ffffff; background-color: #6b7280; border: none none; border-radius: 8px; cursor: not-allowed; touch-action: manipulation; transition: background-color 0.2s ease, transform 0.1s ease, box-shadow 0.2s ease; display: flex; align-items: center; justify-content: center; gap: 8px; box-shadow: 0 1px 3px 0 rgba(0, 0, 0, 0.1), 0 1px 2px -1px rgba(0, 0, 0, 0.1); position: relative; outline-color: none; outline-style: none; outline-width: initial;"[39m
@qbs-autonaim/recruitment-assistant-extension:test:   [33mtype[39m=[32m"button"[39m
@qbs-autonaim/recruitment-assistant-extension:test: [36m>[39m
@qbs-autonaim/recruitment-assistant-extension:test:   [36m<svg[39m
@qbs-autonaim/recruitment-assistant-extension:test:     [33maria-hidden[39m=[32m"true"[39m
@qbs-autonaim/recruitment-assistant-extension:test:     [33mfill[39m=[32m"none"[39m
@qbs-autonaim/recruitment-assistant-extension:test:     [33mrole[39m=[32m"presentation"[39m
@qbs-autonaim/recruitment-assistant-extension:test:     [33mstyle[39m=[32m"width: 16px; height: 16px; animation: spin 1s linear infinite; flex-shrink: 0;"[39m
@qbs-autonaim/recruitment-assistant-extension:test:     [33mviewBox[39m=[32m"0 0 24 24"[39m
@qbs-autonaim/recruitment-assistant-extension:test:   [36m>[39m
@qbs-autonaim/recruitment-assistant-extension:test:     [36m<circle[39m
@qbs-autonaim/recruitment-assistant-extension:test:       [33mcx[39m=[32m"12"[39m
@qbs-autonaim/recruitment-assistant-extension:test:       [33mcy[39m=[32m"12"[39m
@qbs-autonaim/recruitment-assistant-extension:test:       [33mr[39m=[32m"10"[39m
@qbs-autonaim/recruitment-assistant-extension:test:       [33mstroke[39m=[32m"currentColor"[39m
@qbs-autonaim/recruitment-assistant-extension:test:       [33mstroke-opacity[39m=[32m"0.25"[39m
@qbs-autonaim/recruitment-assistant-extension:test:       [33mstroke-width[39m=[32m"4"[39m
@qbs-autonaim/recruitment-assistant-extension:test:     [36m/>[39m
@qbs-autonaim/recruitment-assistant-extension:test:     [36m<path[39m
@qbs-autonaim/recruitment-assistant-extension:test:       [33md[39m=[32m"M4 12a8 8 0 018-8V0C5.373 0 0 5.373 0 12h4zm2 5.291A7.962 7.962 0 014 12H0c0 3.042 1.135 5.824 3 7.938l3-2.647z"[39m
@qbs-autonaim/recruitment-assistant-extension:test:       [33mfill[39m=[32m"currentColor"[39m
@qbs-autonaim/recruitment-assistant-extension:test:       [33mopacity[39m=[32m"0.75"[39m
@qbs-autonaim/recruitment-assistant-extension:test:     [36m/>[39m
@qbs-autonaim/recruitment-assistant-extension:test:   [36m</svg>[39m
@qbs-autonaim/recruitment-assistant-extension:test:   [36m<span[39m
@qbs-autonaim/recruitment-assistant-extension:test:     [33mstyle[39m=[32m"white-space: nowrap;"[39m
@qbs-autonaim/recruitment-assistant-extension:test:   [36m>[39m
@qbs-autonaim/recruitment-assistant-extension:test:     [0m╨Ш╨╖╨▓╨╗╨╡╤З╨╡╨╜╨╕╨╡ ╨┤╨░╨╜╨╜╤Л╤ЕтАж[0m
@qbs-autonaim/recruitment-assistant-extension:test:   [36m</span>[39m
@qbs-autonaim/recruitment-assistant-extension:test: [36m</button>[39m
@qbs-autonaim/recruitment-assistant-extension:test: 
@qbs-autonaim/recruitment-assistant-extension:test: Ignored nodes: comments, script, style
@qbs-autonaim/recruitment-assistant-extension:test: [36m<button[39m
@qbs-autonaim/recruitment-assistant-extension:test:   [33maria-busy[39m=[32m"false"[39m
@qbs-autonaim/recruitment-assistant-extension:test:   [33maria-label[39m=[32m"╨Ш╨╖╨▓╨╗╨╡╤З╤М ╨┤╨░╨╜╨╜╤Л╨╡ ╨┐╤А╨╛╤Д╨╕╨╗╤П ╨║╨░╨╜╨┤╨╕╨┤╨░╤В╨░"[39m
@qbs-autonaim/recruitment-assistant-extension:test:   [33maria-live[39m=[32m"polite"[39m
@qbs-autonaim/recruitment-assistant-extension:test:   [33mstyle[39m=[32m"min-width: 44px; min-height: 44px; padding: 12px 24px; font-size: 16px; font-weight: 500; color: #ffffff; background-color: #2563eb; border: none none; border-radius: 8px; cursor: pointer; touch-action: manipulation; transition: background-color 0.2s ease, transform 0.1s ease, box-shadow 0.2s ease; display: flex; align-items: center; justify-content: center; gap: 8px; box-shadow: 0 1px 3px 0 rgba(0, 0, 0, 0.1), 0 1px 2px -1px rgba(0, 0, 0, 0.1); position: relative; outline-color: none; outline-style: none; outline-width: initial;"[39m
@qbs-autonaim/recruitment-assistant-extension:test:   [33mtype[39m=[32m"button"[39m
@qbs-autonaim/recruitment-assistant-extension:test: [36m>[39m
@qbs-autonaim/recruitment-assistant-extension:test:   [36m<span[39m
@qbs-autonaim/recruitment-assistant-extension:test:     [33mstyle[39m=[32m"white-space: nowrap;"[39m
@qbs-autonaim/recruitment-assistant-extension:test:   [36m>[39m
@qbs-autonaim/recruitment-assistant-extension:test:     [0m╨Ш╨╖╨▓╨╗╨╡╤З╤М ╨┤╨░╨╜╨╜╤Л╨╡[0m
@qbs-autonaim/recruitment-assistant-extension:test:   [36m</span>[39m
@qbs-autonaim/recruitment-assistant-extension:test: [36m</button>[39m
@qbs-autonaim/recruitment-assistant-extension:test: 
@qbs-autonaim/recruitment-assistant-extension:test: Ignored nodes: comments, script, style
@qbs-autonaim/recruitment-assistant-extension:test: [36m<button[39m
@qbs-autonaim/recruitment-assistant-extension:test:   [33maria-busy[39m=[32m"true"[39m
@qbs-autonaim/recruitment-assistant-extension:test:   [33maria-label[39m=[32m"╨Ш╨╖╨▓╨╗╨╡╤З╤М ╨┤╨░╨╜╨╜╤Л╨╡ ╨┐╤А╨╛╤Д╨╕╨╗╤П ╨║╨░╨╜╨┤╨╕╨┤╨░╤В╨░"[39m
@qbs-autonaim/recruitment-assistant-extension:test:   [33maria-live[39m=[32m"polite"[39m
@qbs-autonaim/recruitment-assistant-extension:test:   [33mdisabled[39m=[32m""[39m
@qbs-autonaim/recruitment-assistant-extension:test:   [33mstyle[39m=[32m"min-width: 44px; min-height: 44px; padding: 12px 24px; font-size: 16px; font-weight: 500; color: #ffffff; background-color: #6b7280; border: none none; border-radius: 8px; cursor: not-allowed; touch-action: manipulation; transition: background-color 0.2s ease, transform 0.1s ease, box-shadow 0.2s ease; display: flex; align-items: center; justify-content: center; gap: 8px; box-shadow: 0 1px 3px 0 rgba(0, 0, 0, 0.1), 0 1px 2px -1px rgba(0, 0, 0, 0.1); position: relative; outline-color: none; outline-style: none; outline-width: initial;"[39m
@qbs-autonaim/recruitment-assistant-extension:test:   [33mtype[39m=[32m"button"[39m
@qbs-autonaim/recruitment-assistant-extension:test: [36m>[39m
@qbs-autonaim/recruitment-assistant-extension:test:   [36m<svg[39m
@qbs-autonaim/recruitment-assistant-extension:test:     [33maria-hidden[39m=[32m"true"[39m
@qbs-autonaim/recruitment-assistant-extension:test:     [33mfill[39m=[32m"none"[39m
@qbs-autonaim/recruitment-assistant-extension:test:     [33mrole[39m=[32m"presentation"[39m
@qbs-autonaim/recruitment-assistant-extension:test:     [33mstyle[39m=[32m"width: 16px; height: 16px; animation: spin 1s linear infinite; flex-shrink: 0;"[39m
@qbs-autonaim/recruitment-assistant-extension:test:     [33mviewBox[39m=[32m"0 0 24 24"[39m
@qbs-autonaim/recruitment-assistant-extension:test:   [36m>[39m
@qbs-autonaim/recruitment-assistant-extension:test:     [36m<circle[39m
@qbs-autonaim/recruitment-assistant-extension:test:       [33mcx[39m=[32m"12"[39m
@qbs-autonaim/recruitment-assistant-extension:test:       [33mcy[39m=[32m"12"[39m
@qbs-autonaim/recruitment-assistant-extension:test:       [33mr[39m=[32m"10"[39m
@qbs-autonaim/recruitment-assistant-extension:test:       [33mstroke[39m=[32m"currentColor"[39m
@qbs-autonaim/recruitment-assistant-extension:test:       [33mstroke-opacity[39m=[32m"0.25"[39m
@qbs-autonaim/recruitment-assistant-extension:test:       [33mstroke-width[39m=[32m"4"[39m
@qbs-autonaim/recruitment-assistant-extension:test:     [36m/>[39m
@qbs-autonaim/recruitment-assistant-extension:test:     [36m<path[39m
@qbs-autonaim/recruitment-assistant-extension:test:       [33md[39m=[32m"M4 12a8 8 0 018-8V0C5.373 0 0 5.373 0 12h4zm2 5.291A7.962 7.962 0 014 12H0c0 3.042 1.135 5.824 3 7.938l3-2.647z"[39m
@qbs-autonaim/recruitment-assistant-extension:test:       [33mfill[39m=[32m"currentColor"[39m
@qbs-autonaim/recruitment-assistant-extension:test:       [33mopacity[39m=[32m"0.75"[39m
@qbs-autonaim/recruitment-assistant-extension:test:     [36m/>[39m
@qbs-autonaim/recruitment-assistant-extension:test:   [36m</svg>[39m
@qbs-autonaim/recruitment-assistant-extension:test:   [36m<span[39m
@qbs-autonaim/recruitment-assistant-extension:test:     [33mstyle[39m=[32m"white-space: nowrap;"[39m
@qbs-autonaim/recruitment-assistant-extension:test:   [36m>[39m
@qbs-autonaim/recruitment-assistant-extension:test:     [0m╨Ш╨╖╨▓╨╗╨╡╤З╨╡╨╜╨╕╨╡ ╨┤╨░╨╜╨╜╤Л╤ЕтАж[0m
@qbs-autonaim/recruitment-assistant-extension:test:   [36m</span>[39m
@qbs-autonaim/recruitment-assistant-extension:test: [36m</button>[39m
@qbs-autonaim/recruitment-assistant-extension:test: 
@qbs-autonaim/recruitment-assistant-extension:test: (If this is intentional, then use the `*AllBy*` variant of the query (like `queryAllByText`, `getAllByText`, or `findAllByText`)).
@qbs-autonaim/recruitment-assistant-extension:test: 
@qbs-autonaim/recruitment-assistant-extension:test: Ignored nodes: comments, script, style
@qbs-autonaim/recruitment-assistant-extension:test: [36m<body>[39m
@qbs-autonaim/recruitment-assistant-extension:test:   [0m
@qbs-autonaim/recruitment-assistant-extension:test:         [0m
@qbs-autonaim/recruitment-assistant-extension:test:   [36m<h1[39m
@qbs-autonaim/recruitment-assistant-extension:test:     [33mclass[39m=[32m"text-heading-xlarge"[39m
@qbs-autonaim/recruitment-assistant-extension:test:   [36m>[39m
@qbs-autonaim/recruitment-assistant-extension:test:     [0m╨Ш╨▓╨░╨╜ ╨Ш╨▓╨░╨╜╨╛╨▓[0m
@qbs-autonaim/recruitment-assistant-extension:test:   [36m</h1>[39m
@qbs-autonaim/recruitment-assistant-extension:test:   [0m
@qbs-autonaim/recruitment-assistant-extension:test:         [0m
@qbs-autonaim/recruitment-assistant-extension:test:   [36m<div[39m
@qbs-autonaim/recruitment-assistant-extension:test:     [33mclass[39m=[32m"text-body-medium"[39m
@qbs-autonaim/recruitment-assistant-extension:test:   [36m>[39m
@qbs-autonaim/recruitment-assistant-extension:test:     [0mSenior Developer[0m
@qbs-autonaim/recruitment-assistant-extension:test:   [36m</div>[39m
@qbs-autonaim/recruitment-assistant-extension:test:   [0m
@qbs-autonaim/recruitment-assistant-extension:test:         [0m
@qbs-autonaim/recruitment-assistant-extension:test:   [36m<span[39m
@qbs-autonaim/recruitment-assistant-extension:test:     [33mclass[39m=[32m"text-body-small inline"[39m
@qbs-autonaim/recruitment-assistant-extension:test:   [36m>[39m
@qbs-autonaim/recruitment-assistant-extension:test:     [0m╨Ь╨╛╤Б╨║╨▓╨░, ╨а╨╛╤Б╤Б╨╕╤П[0m
@qbs-autonaim/recruitment-assistant-extension:test:   [36m</span>[39m
@qbs-autonaim/recruitment-assistant-extension:test:   [0m
@qbs-autonaim/recruitment-assistant-extension:test:         [0m
@qbs-autonaim/recruitment-assistant-extension:test:   [36m<img[39m
@qbs-autonaim/recruitment-assistant-extension:test:     [33mclass[39m=[32m"pv-top-card-profile-picture__image"[39m
@qbs-autonaim/recruitment-assistant-extension:test:     [33msrc[39m=[32m"https://example.com/photo.jpg"[39m
@qbs-autonaim/recruitment-assistant-extension:test:   [36m/>[39m
@qbs-autonaim/recruitment-assistant-extension:test:   [0m
@qbs-autonaim/recruitment-assistant-extension:test:         
@qbs-autonaim/recruitment-assistant-extension:test:         [0m
@qbs-autonaim/recruitment-assistant-extension:test:   [36m<section[39m
@qbs-autonaim/recruitment-assistant-extension:test:     [33mid[39m=[32m"experience"[39m
@qbs-autonaim/recruitment-assistant-extension:test:   [36m>[39m
@qbs-autonaim/recruitment-assistant-extension:test:     [0m
@qbs-autonaim/recruitment-assistant-extension:test:           [0m
@qbs-autonaim/recruitment-assistant-extension:test:     [36m<ul>[39m
@qbs-autonaim/recruitment-assistant-extension:test:       [0m
@qbs-autonaim/recruitment-assistant-extension:test:             [0m
@qbs-autonaim/recruitment-assistant-extension:test:       [36m<li[39m
@qbs-autonaim/recruitment-assistant-extension:test:         [33mclass[39m=[32m"artdeco-list__item"[39m
@qbs-autonaim/recruitment-assistant-extension:test:       [36m>[39m
@qbs-autonaim/recruitment-assistant-extension:test:         [0m
@qbs-autonaim/recruitment-assistant-extension:test:               [0m
@qbs-autonaim/recruitment-assistant-extension:test:         [36m<div[39m
@qbs-autonaim/recruitment-assistant-extension:test:           [33mclass[39m=[32m"display-flex"[39m
@qbs-autonaim/recruitment-assistant-extension:test:         [36m>[39m
@qbs-autonaim/recruitment-assistant-extension:test:           [0m
@qbs-autonaim/recruitment-assistant-extension:test:                 [0m
@qbs-autonaim/recruitment-assistant-extension:test:           [36m<span[39m
@qbs-autonaim/recruitment-assistant-extension:test:             [33maria-hidden[39m=[32m"true"[39m
@qbs-autonaim/recruitment-assistant-extension:test:           [36m>[39m
@qbs-autonaim/recruitment-assistant-extension:test:             [0mSenior Developer[0m
@qbs-autonaim/recruitment-assistant-extension:test:           [36m</span>[39m
@qbs-autonaim/recruitment-assistant-extension:test:           [0m
@qbs-autonaim/recruitment-assistant-extension:test:               [0m
@qbs-autonaim/recruitment-assistant-extension:test:         [36m</div>[39m
@qbs-autonaim/recruitment-assistant-extension:test:         [0m
@qbs-autonaim/recruitment-assistant-extension:test:               [0m
@qbs-autonaim/recruitment-assistant-extension:test:         [36m<span[39m
@qbs-autonaim/recruitment-assistant-extension:test:           [33mclass[39m=[32m"t-14 t-normal"[39m
@qbs-autonaim/recruitment-assistant-extension:test:         [36m>[39m
@qbs-autonaim/recruitment-assistant-extension:test:           [0m
@qbs-autonaim/recruitment-assistant-extension:test:                 [0m
@qbs-autonaim/recruitment-assistant-extension:test:           [36m<span[39m
@qbs-autonaim/recruitment-assistant-extension:test:             [33maria-hidden[39m=[32m"true"[39m
@qbs-autonaim/recruitment-assistant-extension:test:           [36m>[39m
@qbs-autonaim/recruitment-assistant-extension:test:             [0mTech Company[0m
@qbs-autonaim/recruitment-assistant-extension:test:           [36m</span>[39m
@qbs-autonaim/recruitment-assistant-extension:test:           [0m
@qbs-autonaim/recruitment-assistant-extension:test:               [0m
@qbs-autonaim/recruitment-assistant-extension:test:         [36m</span>[39m
@qbs-autonaim/recruitment-assistant-extension:test:         [0m
@qbs-autonaim/recruitment-assistant-extension:test:               [0m
@qbs-autonaim/recruitment-assistant-extension:test:         [36m<span[39m
@qbs-autonaim/recruitment-assistant-extension:test:           [33mclass[39m=[32m"t-14 t-normal t-black--light"[39m
@qbs-autonaim/recruitment-assistant-extension:test:         [36m>[39m
@qbs-autonaim/recruitment-assistant-extension:test:           [0m
@qbs-autonaim/recruitment-assistant-extension:test:                 [0m
@qbs-autonaim/recruitment-assistant-extension:test:           [36m<span[39m
@qbs-autonaim/recruitment-assistant-extension:test:             [33maria-hidden[39m=[32m"true"[39m
@qbs-autonaim/recruitment-assistant-extension:test:           [36m>[39m
@qbs-autonaim/recruitment-assistant-extension:test:             [0m2020 тАУ ╨┐╨╛ ╨╜╨░╤Б╤В╨╛╤П╤Й╨╡╨╡ ╨▓╤А╨╡╨╝╤П[0m
@qbs-autonaim/recruitment-assistant-extension:test:           [36m</span>[39m
@qbs-autonaim/recruitment-assistant-extension:test:           [0m
@qbs-autonaim/recruitment-assistant-extension:test:               [0m
@qbs-autonaim/recruitment-assistant-extension:test:         [36m</span>[39m
@qbs-autonaim/recruitment-assistant-extension:test:         [0m
@qbs-autonaim/recruitment-assistant-extension:test:               [0m
@qbs-autonaim/recruitment-assistant-extension:test:         [36m<div[39m
@qbs-autonaim/recruitment-assistant-extension:test:           [33mclass[39m=[32m"display-flex full-width"[39m
@qbs-autonaim/recruitment-assistant-extension:test:         [36m>[39m
@qbs-autonaim/recruitment-assistant-extension:test:           [0m
@qbs-autonaim/recruitment-assistant-extension:test:                 [0m
@qbs-autonaim/recruitment-assistant-extension:test:           [36m<span[39m
@qbs-autonaim/recruitment-assistant-extension:test:             [33maria-hidden[39m=[32m"true"[39m
@qbs-autonaim/recruitment-assistant-extension:test:           [36m>[39m
@qbs-autonaim/recruitment-assistant-extension:test:             [0m╨а╨░╨╖╤А╨░╨▒╨╛╤В╨║╨░[0m
@qbs-autonaim/recruitment-assistant-extension:test:           [36m</span>[39m
@qbs-autonaim/recruitment-assistant-extension:test:           [0m
@qbs-autonaim/recruitment-assistant-extension:test:               [0m
@qbs-autonaim/recruitment-assistant-extension:test:         [36m</div>[39m
@qbs-autonaim/recruitment-assistant-extension:test:         [0m
@qbs-autonaim/recruitment-assistant-extension:test:             [0m
@qbs-autonaim/recruitment-assistant-extension:test:       [36m</li>[39m
@qbs-autonaim/recruitment-assistant-extension:test:       [0m
@qbs-autonaim/recruitment-assistant-extension:test:           [0m
@qbs-autonaim/recruitment-assistant-extension:test:     [36m</ul>[39m
@qbs-autonaim/recruitment-assistant-extension:test:     [0m
@qbs-autonaim/recruitment-assistant-extension:test:         [0m
@qbs-autonaim/recruitment-assistant-extension:test:   [36m</section>[39m
@qbs-autonaim/recruitment-assistant-extension:test:   [0m
@qbs-autonaim/recruitment-assistant-extension:test:         
@qbs-autonaim/recruitment-assistant-extension:test:         [0m
@qbs-autonaim/recruitment-assistant-extension:test:   [36m<section[39m
@qbs-autonaim/recruitment-assistant-extension:test:     [33mid[39m=[32m"education"[39m
@qbs-autonaim/recruitment-assistant-extension:test:   [36m>[39m
@qbs-autonaim/recruitment-assistant-extension:test:     [0m
@qbs-autonaim/recruitment-assistant-extension:test:           [0m
@qbs-autonaim/recruitment-assistant-extension:test:     [36m<ul>[39m
@qbs-autonaim/recruitment-assistant-extension:test:       [0m
@qbs-autonaim/recruitment-assistant-extension:test:             [0m
@qbs-autonaim/recruitment-assistant-extension:test:       [36m<li[39m
@qbs-autonaim/recruitment-assistant-extension:test:         [33mclass[39m=[32m"artdeco-list__item"[39m
@qbs-autonaim/recruitment-assistant-extension:test:       [36m>[39m
@qbs-autonaim/recruitment-assistant-extension:test:         [0m
@qbs-autonaim/recruitment-assistant-extension:test:               [0m
@qbs-autonaim/recruitment-assistant-extension:test:         [36m<div[39m
@qbs-autonaim/recruitment-assistant-extension:test:           [33mclass[39m=[32m"display-flex"[39m
@qbs-autonaim/recruitment-assistant-extension:test:         [36m>[39m
@qbs-autonaim/recruitment-assistant-extension:test:           [0m
@qbs-autonaim/recruitment-assistant-extension:test:                 [0m
@qbs-autonaim/recruitment-assistant-extension:test:           [36m<span[39m
@qbs-autonaim/recruitment-assistant-extension:test:             [33maria-hidden[39m=[32m"true"[39m
@qbs-autonaim/recruitment-assistant-extension:test:           [36m>[39m
@qbs-autonaim/recruitment-assistant-extension:test:             [0m╨Ь╨У╨г[0m
@qbs-autonaim/recruitment-assistant-extension:test:           [36m</span>[39m
@qbs-autonaim/recruitment-assistant-extension:test:           [0m
@qbs-autonaim/recruitment-assistant-extension:test:               [0m
@qbs-autonaim/recruitment-assistant-extension:test:         [36m</div>[39m
@qbs-autonaim/recruitment-assistant-extension:test:         [0m
@qbs-autonaim/recruitment-assistant-extension:test:               [0m
@qbs-autonaim/recruitment-assistant-extension:test:         [36m<span[39m
@qbs-autonaim/recruitment-assistant-extension:test:           [33mclass[39m=[32m"t-14 t-normal"[39m
@qbs-autonaim/recruitment-assistant-extension:test:         [36m>[39m
@qbs-autonaim/recruitment-assistant-extension:test:           [0m
@qbs-autonaim/recruitment-assistant-extension:test:                 [0m
@qbs-autonaim/recruitment-assistant-extension:test:           [36m<span[39m
@qbs-autonaim/recruitment-assistant-extension:test:             [33maria-hidden[39m=[32m"true"[39m
@qbs-autonaim/recruitment-assistant-extension:test:           [36m>[39m
@qbs-autonaim/recruitment-assistant-extension:test:             [0m╨С╨░╨║╨░╨╗╨░╨▓╤А[0m
@qbs-autonaim/recruitment-assistant-extension:test:           [36m</span>[39m
@qbs-autonaim/recruitment-assistant-extension:test:           [0m
@qbs-autonaim/recruitment-assistant-extension:test:               [0m
@qbs-autonaim/recruitment-assistant-extension:test:         [36m</span>[39m
@qbs-autonaim/recruitment-assistant-extension:test:         [0m
@qbs-autonaim/recruitment-assistant-extension:test:               [0m
@qbs-autonaim/recruitment-assistant-extension:test:         [36m<span[39m
@qbs-autonaim/recruitment-assistant-extension:test:           [33mclass[39m=[32m"t-14 t-normal t-black--light"[39m
@qbs-autonaim/recruitment-assistant-extension:test:         [36m>[39m
@qbs-autonaim/recruitment-assistant-extension:test:           [0m
@qbs-autonaim/recruitment-assistant-extension:test:                 [0m
@qbs-autonaim/recruitment-assistant-extension:test:           [36m<span[39m
@qbs-autonaim/recruitment-assistant-extension:test:             [33maria-hidden[39m=[32m"true"[39m
@qbs-autonaim/recruitment-assistant-extension:test:           [36m>[39m
@qbs-autonaim/recruitment-assistant-extension:test:             [0m╨Ш╨╜╤Д╨╛╤А╨╝╨░╤В╨╕╨║╨░[0m
@qbs-autonaim/recruitment-assistant-extension:test:           [36m</span>[39m
@qbs-autonaim/recruitment-assistant-extension:test:           [0m
@qbs-autonaim/recruitment-assistant-extension:test:               [0m
@qbs-autonaim/recruitment-assistant-extension:test:         [36m</span>[39m
@qbs-autonaim/recruitment-assistant-extension:test:         [0m
@qbs-autonaim/recruitment-assistant-extension:test:               [0m
@qbs-autonaim/recruitment-assistant-extension:test:         [36m<span[39m
@qbs-autonaim/recruitment-assistant-extension:test:           [33mclass[39m=[32m"t-14 t-normal t-black--light"[39m
@qbs-autonaim/recruitment-assistant-extension:test:         [36m>[39m
@qbs-autonaim/recruitment-assistant-extension:test:           [0m
@qbs-autonaim/recruitment-assistant-extension:test:                 [0m
@qbs-autonaim/recruitment-assistant-extension:test:           [36m<span[39m
@qbs-autonaim/recruitment-assistant-extension:test:             [33maria-hidden[39m=[32m"true"[39m
@qbs-autonaim/recruitment-assistant-extension:test:           [36m>[39m
@qbs-autonaim/recruitment-assistant-extension:test:             [0m2015 тАУ 2019[0m
@qbs-autonaim/recruitment-assistant-extension:test:           [36m</span>[39m
@qbs-autonaim/recruitment-assistant-extension:test:           [0m
@qbs-autonaim/recruitment-assistant-extension:test:               [0m
@qbs-autonaim/recruitment-assistant-extension:test:         [36m</span>[39m
@qbs-autonaim/recruitment-assistant-extension:test:         [0m
@qbs-autonaim/recruitment-assistant-extension:test:             [0m
@qbs-autonaim/recruitment-assistant-extension:test:       [36m</li>[39m
@qbs-autonaim/recruitment-assistant-extension:test:       [0m
@qbs-autonaim/recruitment-assistant-extension:test:           [0m
@qbs-autonaim/recruitment-assistant-extension:test:     [36m</ul>[39m
@qbs-autonaim/recruitment-assistant-extension:test:     [0m
@qbs-autonaim/recruitment-assistant-extension:test:         [0m
@qbs-autonaim/recruitment-assistant-extension:test:   [36m</section>[39m
@qbs-autonaim/recruitment-assistant-extension:test:   [0m
@qbs-autonaim/recruitment-assistant-extension:test:         
@qbs-autonaim/recruitment-assistant-extension:test:         [0m
@qbs-autonaim/recruitment-assistant-extension:test:   [36m<section[39m
@qbs-autonaim/recruitment-assistant-extension:test:     [33mid[39m=[32m"skills"[39m
@qbs-autonaim/recruitment-assistant-extension:test:   [36m>[39m
@qbs-autonaim/recruitment-assistant-extension:test:     [0m
@qbs-autonaim/recruitment-assistant-extension:test:           [0m
@qbs-autonaim/recruitment-assistant-extension:test:     [36m<span[39m
@qbs-autonaim/recruitment-assistant-extension:test:       [33maria-hidden[39m=[32m"true"[39m
@qbs-autonaim/recruitment-assistant-extension:test:     [36m>[39m
@qbs-autonaim/recruitment-assistant-extension:test:       [0mTypeScript[0m
@qbs-autonaim/recruitment-assistant-extension:test:     [36m</span>[39m
@qbs-autonaim/recruitment-assistant-extension:test:     [0m
@qbs-autonaim/recruitment-assistant-extension:test:           [0m
@qbs-autonaim/recruitment-assistant-extension:test:     [36m<span[39m
@qbs-autonaim/recruitment-assistant-extension:test:       [33maria-hidden[39m=[32m"true"[39m
@qbs-autonaim/recruitment-assistant-extension:test:     [36m>[39m
@qbs-autonaim/recruitment-assistant-extension:test:       [0mReact[0m
@qbs-autonaim/recruitment-assistant-extension:test:     [36m</span>[39m
@qbs-autonaim/recruitment-assistant-extension:test:     [0m
@qbs-autonaim/recruitment-assistant-extension:test:         [0m
@qbs-autonaim/recruitment-assistant-extension:test:   [36m</section>[39m
@qbs-autonaim/recruitment-assistant-extension:test:   [0m
@qbs-autonaim/recruitment-assistant-extension:test:         
@qbs-autonaim/recruitment-assistant-extension:test:         [0m
@qbs-autonaim/recruitment-assistant-extension:test:   [36m<section[39m
@qbs-autonaim/recruitment-assistant-extension:test:     [33mclass[39m=[32m"pv-contact-info"[39m
@qbs-autonaim/recruitment-assistant-extension:test:   [36m>[39m
@qbs-autonaim/recruitment-assistant-extension:test:     [0m
@qbs-autonaim/recruitment-assistant-extension:test:           [0m
@qbs-autonaim/recruitment-assistant-extension:test:     [36m<a[39m
@qbs-autonaim/recruitment-assistant-extension:test:       [33mhref[39m=[32m"mailto:ivan@example.com"[39m
@qbs-autonaim/recruitment-assistant-extension:test:     [36m>[39m
@qbs-autonaim/recruitment-assistant-extension:test:       [0mEmail[0m
@qbs-autonaim/recruitment-assistant-extension:test:     [36m</a>[39m
@qbs-autonaim/recruitment-assistant-extension:test:     [0m
@qbs-autonaim/recruitment-assistant-extension:test:           [0m
@qbs-autonaim/recruitment-assistant-extension:test:     [36m<span[39m
@qbs-autonaim/recruitment-assistant-extension:test:       [33mclass[39m=[32m"t-14 t-black t-normal"[39m
@qbs-autonaim/recruitment-assistant-extension:test:     [36m>[39m
@qbs-autonaim/recruitment-assistant-extension:test:       [0m+7 (999) 123-45-67[0m
@qbs-autonaim/recruitment-assistant-extension:test:     [36m</span>[39m
@qbs-autonaim/recruitment-assistant-extension:test:     [0m
@qbs-autonaim/recruitment-assistant-extension:test:         [0m
@qbs-autonaim/recruitment-assistant-extension:test:   [36m</section>[39m
@qbs-autonaim/recruitment-assistant-extension:test:   [0m
@qbs-autonaim/recruitment-assistant-extension:test:       [0m
@qbs-autonaim/recruitment-assistant-extension:test:   [36m<div>[39m
@qbs-autonaim/recruitment-assistant-extension:test:     [36m<button[39m
@qbs-autonaim/recruitment-assistant-extension:test:       [33maria-busy[39m=[32m"false"[39m
@qbs-autonaim/recruitment-assistant-extension:test:       [33maria-label[39m=[32m"╨Ш╨╖╨▓╨╗╨╡╤З╤М ╨┤╨░╨╜╨╜╤Л╨╡ ╨┐╤А╨╛╤Д╨╕╨╗╤П ╨║╨░╨╜╨┤╨╕╨┤╨░╤В╨░"[39m
@qbs-autonaim/recruitment-assistant-extension:test:       [33maria-live[39m=[32m"polite"[39m
@qbs-autonaim/recruitment-assistant-extension:test:       [33mstyle[39m=[32m"min-width: 44px; min-height: 44px; padding: 12px 24px; font-size: 16px; font-weight: 500; color: #ffffff; background-color: #2563eb; border: none none; border-radius: 8px; cursor: pointer; touch-action: manipulation; transition: background-color 0.2s ease, transform 0.1s ease, box-shadow 0.2s ease; display: flex; align-items: center; justify-content: center; gap: 8px; box-shadow: 0 1px 3px 0 rgba(0, 0, 0, 0.1), 0 1px 2px -1px rgba(0, 0, 0, 0.1); position: relative; outline-color: none; outline-style: none; outline-width: initial;"[39m
@qbs-autonaim/recruitment-assistant-extension:test:       [33mtype[39m=[32m"button"[39m
@qbs-autonaim/recruitment-assistant-extension:test:     [36m>[39m
@qbs-autonaim/recruitment-assistant-extension:test:       [36m<span[39m
@qbs-autonaim/recruitment-assistant-extension:test:         [33mstyle[39m=[32m"white-space: nowrap;"[39m
@qbs-autonaim/recruitment-assistant-extension:test:       [36m>[39m
@qbs-autonaim/recruitment-assistant-extension:test:         [0m╨Ш╨╖╨▓╨╗╨╡╤З╤М ╨┤╨░╨╜╨╜╤Л╨╡[0m
@qbs-autonaim/recruitment-assistant-extension:test:       [36m</span>[39m
@qbs-autonaim/recruitment-assistant-extension:test:     [36m</button>[39m
@qbs-autonaim/recruitment-assistant-extension:test:   [36m</div>[39m
@qbs-autonaim/recruitment-assistant-extension:test:   [36m<div>[39m
@qbs-autonaim/recruitment-assistant-extension:test:     [36m<button[39m
@qbs-autonaim/recruitment-assistant-extension:test:       [33maria-busy[39m=[32m"true"[39m
@qbs-autonaim/recruitment-assistant-extension:test:       [33maria-label[39m=[32m"╨Ш╨╖╨▓╨╗╨╡╤З╤М ╨┤╨░╨╜╨╜╤Л╨╡ ╨┐╤А╨╛╤Д╨╕╨╗╤П ╨║╨░╨╜╨┤╨╕╨┤╨░╤В╨░"[39m
@qbs-autonaim/recruitment-assistant-extension:test:       [33maria-live[39m=[32m"polite"[39m
@qbs-autonaim/recruitment-assistant-extension:test:       [33mdisabled[39m=[32m""[39m
@qbs-autonaim/recruitment-assistant-extension:test:       [33mstyle[39m=[32m"min-width: 44px; min-height: 44px; padding: 12px 24px; font-size: 16px; font-weight: 500; color: #ffffff; background-color: #6b7280; border: none none; border-radius: 8px; cursor: not-all...
@qbs-autonaim/recruitment-assistant-extension:test:       at <anonymous> (C:\Projects\kwork\selectio\node_modules\@testing-library\dom\dist\query-helpers.js:59:30)
@qbs-autonaim/recruitment-assistant-extension:test:       at <anonymous> (C:\Projects\kwork\selectio\node_modules\@testing-library\dom\dist\query-helpers.js:95:19)
@qbs-autonaim/recruitment-assistant-extension:test:       at <anonymous> (C:\Projects\kwork\selectio\apps\recruitment-assistant-extension\src\content\ui\action-button.test.tsx:103:29)
@qbs-autonaim/recruitment-assistant-extension:test: (fail) ActionButton > ╨Т╨╖╨░╨╕╨╝╨╛╨┤╨╡╨╣╤Б╤В╨▓╨╕╨╡ > ╨╜╨╡ ╨┤╨╛╨╗╨╢╨╡╨╜ ╨▓╤Л╨╖╤Л╨▓╨░╤В╤М onExtract ╨┐╤А╨╕ ╨║╨╗╨╕╨║╨╡ ╨▓╨╛ ╨▓╤А╨╡╨╝╤П ╨╖╨░╨│╤А╤Г╨╖╨║╨╕ [47.00ms]
@qbs-autonaim/recruitment-assistant-extension:test: 54 |       const elementStrings = els.map(element => getElementError(null, element).message).join('\n\n');
@qbs-autonaim/recruitment-assistant-extension:test: 55 |       throw getMultipleElementsFoundError(`${getMultipleError(container, ...args)}
@qbs-autonaim/recruitment-assistant-extension:test: 56 | 
@qbs-autonaim/recruitment-assistant-extension:test: 57 | Here are the matching elements:
@qbs-autonaim/recruitment-assistant-extension:test: 58 | 
@qbs-autonaim/recruitment-assistant-extension:test: 59 | ${elementStrings}`, container);
@qbs-autonaim/recruitment-assistant-extension:test:                                   ^
@qbs-autonaim/recruitment-assistant-extension:test: TestingLibraryElementError: Found multiple elements with the role "button"
@qbs-autonaim/recruitment-assistant-extension:test: 
@qbs-autonaim/recruitment-assistant-extension:test: Here are the matching elements:
@qbs-autonaim/recruitment-assistant-extension:test: 
@qbs-autonaim/recruitment-assistant-extension:test: Ignored nodes: comments, script, style
@qbs-autonaim/recruitment-assistant-extension:test: [36m<button[39m
@qbs-autonaim/recruitment-assistant-extension:test:   [33maria-busy[39m=[32m"false"[39m
@qbs-autonaim/recruitment-assistant-extension:test:   [33maria-label[39m=[32m"╨Ш╨╖╨▓╨╗╨╡╤З╤М ╨┤╨░╨╜╨╜╤Л╨╡ ╨┐╤А╨╛╤Д╨╕╨╗╤П ╨║╨░╨╜╨┤╨╕╨┤╨░╤В╨░"[39m
@qbs-autonaim/recruitment-assistant-extension:test:   [33maria-live[39m=[32m"polite"[39m
@qbs-autonaim/recruitment-assistant-extension:test:   [33mstyle[39m=[32m"min-width: 44px; min-height: 44px; padding: 12px 24px; font-size: 16px; font-weight: 500; color: #ffffff; background-color: #2563eb; border: none none; border-radius: 8px; cursor: pointer; touch-action: manipulation; transition: background-color 0.2s ease, transform 0.1s ease, box-shadow 0.2s ease; display: flex; align-items: center; justify-content: center; gap: 8px; box-shadow: 0 1px 3px 0 rgba(0, 0, 0, 0.1), 0 1px 2px -1px rgba(0, 0, 0, 0.1); position: relative; outline-color: none; outline-style: none; outline-width: initial;"[39m
@qbs-autonaim/recruitment-assistant-extension:test:   [33mtype[39m=[32m"button"[39m
@qbs-autonaim/recruitment-assistant-extension:test: [36m>[39m
@qbs-autonaim/recruitment-assistant-extension:test:   [36m<span[39m
@qbs-autonaim/recruitment-assistant-extension:test:     [33mstyle[39m=[32m"white-space: nowrap;"[39m
@qbs-autonaim/recruitment-assistant-extension:test:   [36m>[39m
@qbs-autonaim/recruitment-assistant-extension:test:     [0m╨Ш╨╖╨▓╨╗╨╡╤З╤М ╨┤╨░╨╜╨╜╤Л╨╡[0m
@qbs-autonaim/recruitment-assistant-extension:test:   [36m</span>[39m
@qbs-autonaim/recruitment-assistant-extension:test: [36m</button>[39m
@qbs-autonaim/recruitment-assistant-extension:test: 
@qbs-autonaim/recruitment-assistant-extension:test: Ignored nodes: comments, script, style
@qbs-autonaim/recruitment-assistant-extension:test: [36m<button[39m
@qbs-autonaim/recruitment-assistant-extension:test:   [33maria-busy[39m=[32m"true"[39m
@qbs-autonaim/recruitment-assistant-extension:test:   [33maria-label[39m=[32m"╨Ш╨╖╨▓╨╗╨╡╤З╤М ╨┤╨░╨╜╨╜╤Л╨╡ ╨┐╤А╨╛╤Д╨╕╨╗╤П ╨║╨░╨╜╨┤╨╕╨┤╨░╤В╨░"[39m
@qbs-autonaim/recruitment-assistant-extension:test:   [33maria-live[39m=[32m"polite"[39m
@qbs-autonaim/recruitment-assistant-extension:test:   [33mdisabled[39m=[32m""[39m
@qbs-autonaim/recruitment-assistant-extension:test:   [33mstyle[39m=[32m"min-width: 44px; min-height: 44px; padding: 12px 24px; font-size: 16px; font-weight: 500; color: #ffffff; background-color: #6b7280; border: none none; border-radius: 8px; cursor: not-allowed; touch-action: manipulation; transition: background-color 0.2s ease, transform 0.1s ease, box-shadow 0.2s ease; display: flex; align-items: center; justify-content: center; gap: 8px; box-shadow: 0 1px 3px 0 rgba(0, 0, 0, 0.1), 0 1px 2px -1px rgba(0, 0, 0, 0.1); position: relative; outline-color: none; outline-style: none; outline-width: initial;"[39m
@qbs-autonaim/recruitment-assistant-extension:test:   [33mtype[39m=[32m"button"[39m
@qbs-autonaim/recruitment-assistant-extension:test: [36m>[39m
@qbs-autonaim/recruitment-assistant-extension:test:   [36m<svg[39m
@qbs-autonaim/recruitment-assistant-extension:test:     [33maria-hidden[39m=[32m"true"[39m
@qbs-autonaim/recruitment-assistant-extension:test:     [33mfill[39m=[32m"none"[39m
@qbs-autonaim/recruitment-assistant-extension:test:     [33mrole[39m=[32m"presentation"[39m
@qbs-autonaim/recruitment-assistant-extension:test:     [33mstyle[39m=[32m"width: 16px; height: 16px; animation: spin 1s linear infinite; flex-shrink: 0;"[39m
@qbs-autonaim/recruitment-assistant-extension:test:     [33mviewBox[39m=[32m"0 0 24 24"[39m
@qbs-autonaim/recruitment-assistant-extension:test:   [36m>[39m
@qbs-autonaim/recruitment-assistant-extension:test:     [36m<circle[39m
@qbs-autonaim/recruitment-assistant-extension:test:       [33mcx[39m=[32m"12"[39m
@qbs-autonaim/recruitment-assistant-extension:test:       [33mcy[39m=[32m"12"[39m
@qbs-autonaim/recruitment-assistant-extension:test:       [33mr[39m=[32m"10"[39m
@qbs-autonaim/recruitment-assistant-extension:test:       [33mstroke[39m=[32m"currentColor"[39m
@qbs-autonaim/recruitment-assistant-extension:test:       [33mstroke-opacity[39m=[32m"0.25"[39m
@qbs-autonaim/recruitment-assistant-extension:test:       [33mstroke-width[39m=[32m"4"[39m
@qbs-autonaim/recruitment-assistant-extension:test:     [36m/>[39m
@qbs-autonaim/recruitment-assistant-extension:test:     [36m<path[39m
@qbs-autonaim/recruitment-assistant-extension:test:       [33md[39m=[32m"M4 12a8 8 0 018-8V0C5.373 0 0 5.373 0 12h4zm2 5.291A7.962 7.962 0 014 12H0c0 3.042 1.135 5.824 3 7.938l3-2.647z"[39m
@qbs-autonaim/recruitment-assistant-extension:test:       [33mfill[39m=[32m"currentColor"[39m
@qbs-autonaim/recruitment-assistant-extension:test:       [33mopacity[39m=[32m"0.75"[39m
@qbs-autonaim/recruitment-assistant-extension:test:     [36m/>[39m
@qbs-autonaim/recruitment-assistant-extension:test:   [36m</svg>[39m
@qbs-autonaim/recruitment-assistant-extension:test:   [36m<span[39m
@qbs-autonaim/recruitment-assistant-extension:test:     [33mstyle[39m=[32m"white-space: nowrap;"[39m
@qbs-autonaim/recruitment-assistant-extension:test:   [36m>[39m
@qbs-autonaim/recruitment-assistant-extension:test:     [0m╨Ш╨╖╨▓╨╗╨╡╤З╨╡╨╜╨╕╨╡ ╨┤╨░╨╜╨╜╤Л╤ЕтАж[0m
@qbs-autonaim/recruitment-assistant-extension:test:   [36m</span>[39m
@qbs-autonaim/recruitment-assistant-extension:test: [36m</button>[39m
@qbs-autonaim/recruitment-assistant-extension:test: 
@qbs-autonaim/recruitment-assistant-extension:test: Ignored nodes: comments, script, style
@qbs-autonaim/recruitment-assistant-extension:test: [36m<button[39m
@qbs-autonaim/recruitment-assistant-extension:test:   [33maria-busy[39m=[32m"true"[39m
@qbs-autonaim/recruitment-assistant-extension:test:   [33maria-label[39m=[32m"╨Ш╨╖╨▓╨╗╨╡╤З╤М ╨┤╨░╨╜╨╜╤Л╨╡ ╨┐╤А╨╛╤Д╨╕╨╗╤П ╨║╨░╨╜╨┤╨╕╨┤╨░╤В╨░"[39m
@qbs-autonaim/recruitment-assistant-extension:test:   [33maria-live[39m=[32m"polite"[39m
@qbs-autonaim/recruitment-assistant-extension:test:   [33mdisabled[39m=[32m""[39m
@qbs-autonaim/recruitment-assistant-extension:test:   [33mstyle[39m=[32m"min-width: 44px; min-height: 44px; padding: 12px 24px; font-size: 16px; font-weight: 500; color: #ffffff; background-color: #6b7280; border: none none; border-radius: 8px; cursor: not-allowed; touch-action: manipulation; transition: background-color 0.2s ease, transform 0.1s ease, box-shadow 0.2s ease; display: flex; align-items: center; justify-content: center; gap: 8px; box-shadow: 0 1px 3px 0 rgba(0, 0, 0, 0.1), 0 1px 2px -1px rgba(0, 0, 0, 0.1); position: relative; outline-color: none; outline-style: none; outline-width: initial;"[39m
@qbs-autonaim/recruitment-assistant-extension:test:   [33mtype[39m=[32m"button"[39m
@qbs-autonaim/recruitment-assistant-extension:test: [36m>[39m
@qbs-autonaim/recruitment-assistant-extension:test:   [36m<svg[39m
@qbs-autonaim/recruitment-assistant-extension:test:     [33maria-hidden[39m=[32m"true"[39m
@qbs-autonaim/recruitment-assistant-extension:test:     [33mfill[39m=[32m"none"[39m
@qbs-autonaim/recruitment-assistant-extension:test:     [33mrole[39m=[32m"presentation"[39m
@qbs-autonaim/recruitment-assistant-extension:test:     [33mstyle[39m=[32m"width: 16px; height: 16px; animation: spin 1s linear infinite; flex-shrink: 0;"[39m
@qbs-autonaim/recruitment-assistant-extension:test:     [33mviewBox[39m=[32m"0 0 24 24"[39m
@qbs-autonaim/recruitment-assistant-extension:test:   [36m>[39m
@qbs-autonaim/recruitment-assistant-extension:test:     [36m<circle[39m
@qbs-autonaim/recruitment-assistant-extension:test:       [33mcx[39m=[32m"12"[39m
@qbs-autonaim/recruitment-assistant-extension:test:       [33mcy[39m=[32m"12"[39m
@qbs-autonaim/recruitment-assistant-extension:test:       [33mr[39m=[32m"10"[39m
@qbs-autonaim/recruitment-assistant-extension:test:       [33mstroke[39m=[32m"currentColor"[39m
@qbs-autonaim/recruitment-assistant-extension:test:       [33mstroke-opacity[39m=[32m"0.25"[39m
@qbs-autonaim/recruitment-assistant-extension:test:       [33mstroke-width[39m=[32m"4"[39m
@qbs-autonaim/recruitment-assistant-extension:test:     [36m/>[39m
@qbs-autonaim/recruitment-assistant-extension:test:     [36m<path[39m
@qbs-autonaim/recruitment-assistant-extension:test:       [33md[39m=[32m"M4 12a8 8 0 018-8V0C5.373 0 0 5.373 0 12h4zm2 5.291A7.962 7.962 0 014 12H0c0 3.042 1.135 5.824 3 7.938l3-2.647z"[39m
@qbs-autonaim/recruitment-assistant-extension:test:       [33mfill[39m=[32m"currentColor"[39m
@qbs-autonaim/recruitment-assistant-extension:test:       [33mopacity[39m=[32m"0.75"[39m
@qbs-autonaim/recruitment-assistant-extension:test:     [36m/>[39m
@qbs-autonaim/recruitment-assistant-extension:test:   [36m</svg>[39m
@qbs-autonaim/recruitment-assistant-extension:test:   [36m<span[39m
@qbs-autonaim/recruitment-assistant-extension:test:     [33mstyle[39m=[32m"white-space: nowrap;"[39m
@qbs-autonaim/recruitment-assistant-extension:test:   [36m>[39m
@qbs-autonaim/recruitment-assistant-extension:test:     [0m╨Ш╨╖╨▓╨╗╨╡╤З╨╡╨╜╨╕╨╡ ╨┤╨░╨╜╨╜╤Л╤ЕтАж[0m
@qbs-autonaim/recruitment-assistant-extension:test:   [36m</span>[39m
@qbs-autonaim/recruitment-assistant-extension:test: [36m</button>[39m
@qbs-autonaim/recruitment-assistant-extension:test: 
@qbs-autonaim/recruitment-assistant-extension:test: Ignored nodes: comments, script, style
@qbs-autonaim/recruitment-assistant-extension:test: [36m<button[39m
@qbs-autonaim/recruitment-assistant-extension:test:   [33maria-busy[39m=[32m"false"[39m
@qbs-autonaim/recruitment-assistant-extension:test:   [33maria-label[39m=[32m"╨Ш╨╖╨▓╨╗╨╡╤З╤М ╨┤╨░╨╜╨╜╤Л╨╡ ╨┐╤А╨╛╤Д╨╕╨╗╤П ╨║╨░╨╜╨┤╨╕╨┤╨░╤В╨░"[39m
@qbs-autonaim/recruitment-assistant-extension:test:   [33maria-live[39m=[32m"polite"[39m
@qbs-autonaim/recruitment-assistant-extension:test:   [33mstyle[39m=[32m"min-width: 44px; min-height: 44px; padding: 12px 24px; font-size: 16px; font-weight: 500; color: #ffffff; background-color: #2563eb; border: none none; border-radius: 8px; cursor: pointer; touch-action: manipulation; transition: background-color 0.2s ease, transform 0.1s ease, box-shadow 0.2s ease; display: flex; align-items: center; justify-content: center; gap: 8px; box-shadow: 0 1px 3px 0 rgba(0, 0, 0, 0.1), 0 1px 2px -1px rgba(0, 0, 0, 0.1); position: relative; outline-color: none; outline-style: none; outline-width: initial;"[39m
@qbs-autonaim/recruitment-assistant-extension:test:   [33mtype[39m=[32m"button"[39m
@qbs-autonaim/recruitment-assistant-extension:test: [36m>[39m
@qbs-autonaim/recruitment-assistant-extension:test:   [36m<span[39m
@qbs-autonaim/recruitment-assistant-extension:test:     [33mstyle[39m=[32m"white-space: nowrap;"[39m
@qbs-autonaim/recruitment-assistant-extension:test:   [36m>[39m
@qbs-autonaim/recruitment-assistant-extension:test:     [0m╨Ш╨╖╨▓╨╗╨╡╤З╤М ╨┤╨░╨╜╨╜╤Л╨╡[0m
@qbs-autonaim/recruitment-assistant-extension:test:   [36m</span>[39m
@qbs-autonaim/recruitment-assistant-extension:test: [36m</button>[39m
@qbs-autonaim/recruitment-assistant-extension:test: 
@qbs-autonaim/recruitment-assistant-extension:test: Ignored nodes: comments, script, style
@qbs-autonaim/recruitment-assistant-extension:test: [36m<button[39m
@qbs-autonaim/recruitment-assistant-extension:test:   [33maria-busy[39m=[32m"false"[39m
@qbs-autonaim/recruitment-assistant-extension:test:   [33maria-label[39m=[32m"╨Ш╨╖╨▓╨╗╨╡╤З╤М ╨┤╨░╨╜╨╜╤Л╨╡ ╨┐╤А╨╛╤Д╨╕╨╗╤П ╨║╨░╨╜╨┤╨╕╨┤╨░╤В╨░"[39m
@qbs-autonaim/recruitment-assistant-extension:test:   [33maria-live[39m=[32m"polite"[39m
@qbs-autonaim/recruitment-assistant-extension:test:   [33mstyle[39m=[32m"min-width: 44px; min-height: 44px; padding: 12px 24px; font-size: 16px; font-weight: 500; color: #ffffff; background-color: #2563eb; border: none none; border-radius: 8px; cursor: pointer; touch-action: manipulation; transition: background-color 0.2s ease, transform 0.1s ease, box-shadow 0.2s ease; display: flex; align-items: center; justify-content: center; gap: 8px; box-shadow: 0 1px 3px 0 rgba(0, 0, 0, 0.1), 0 1px 2px -1px rgba(0, 0, 0, 0.1); position: relative; outline-color: none; outline-style: none; outline-width: initial;"[39m
@qbs-autonaim/recruitment-assistant-extension:test:   [33mtype[39m=[32m"button"[39m
@qbs-autonaim/recruitment-assistant-extension:test: [36m>[39m
@qbs-autonaim/recruitment-assistant-extension:test:   [36m<span[39m
@qbs-autonaim/recruitment-assistant-extension:test:     [33mstyle[39m=[32m"white-space: nowrap;"[39m
@qbs-autonaim/recruitment-assistant-extension:test:   [36m>[39m
@qbs-autonaim/recruitment-assistant-extension:test:     [0m╨Ш╨╖╨▓╨╗╨╡╤З╤М ╨┤╨░╨╜╨╜╤Л╨╡[0m
@qbs-autonaim/recruitment-assistant-extension:test:   [36m</span>[39m
@qbs-autonaim/recruitment-assistant-extension:test: [36m</button>[39m
@qbs-autonaim/recruitment-assistant-extension:test: 
@qbs-autonaim/recruitment-assistant-extension:test: Ignored nodes: comments, script, style
@qbs-autonaim/recruitment-assistant-extension:test: [36m<button[39m
@qbs-autonaim/recruitment-assistant-extension:test:   [33maria-busy[39m=[32m"false"[39m
@qbs-autonaim/recruitment-assistant-extension:test:   [33maria-label[39m=[32m"╨Ш╨╖╨▓╨╗╨╡╤З╤М ╨┤╨░╨╜╨╜╤Л╨╡ ╨┐╤А╨╛╤Д╨╕╨╗╤П ╨║╨░╨╜╨┤╨╕╨┤╨░╤В╨░"[39m
@qbs-autonaim/recruitment-assistant-extension:test:   [33maria-live[39m=[32m"polite"[39m
@qbs-autonaim/recruitment-assistant-extension:test:   [33mstyle[39m=[32m"min-width: 44px; min-height: 44px; padding: 12px 24px; font-size: 16px; font-weight: 500; color: #ffffff; background-color: #2563eb; border: none none; border-radius: 8px; cursor: pointer; touch-action: manipulation; transition: background-color 0.2s ease, transform 0.1s ease, box-shadow 0.2s ease; display: flex; align-items: center; justify-content: center; gap: 8px; box-shadow: 0 1px 3px 0 rgba(0, 0, 0, 0.1), 0 1px 2px -1px rgba(0, 0, 0, 0.1); position: relative; outline-color: none; outline-style: none; outline-width: initial;"[39m
@qbs-autonaim/recruitment-assistant-extension:test:   [33mtype[39m=[32m"button"[39m
@qbs-autonaim/recruitment-assistant-extension:test: [36m>[39m
@qbs-autonaim/recruitment-assistant-extension:test:   [36m<span[39m
@qbs-autonaim/recruitment-assistant-extension:test:     [33mstyle[39m=[32m"white-space: nowrap;"[39m
@qbs-autonaim/recruitment-assistant-extension:test:   [36m>[39m
@qbs-autonaim/recruitment-assistant-extension:test:     [0m╨Ш╨╖╨▓╨╗╨╡╤З╤М ╨┤╨░╨╜╨╜╤Л╨╡[0m
@qbs-autonaim/recruitment-assistant-extension:test:   [36m</span>[39m
@qbs-autonaim/recruitment-assistant-extension:test: [36m</button>[39m
@qbs-autonaim/recruitment-assistant-extension:test: 
@qbs-autonaim/recruitment-assistant-extension:test: Ignored nodes: comments, script, style
@qbs-autonaim/recruitment-assistant-extension:test: [36m<button[39m
@qbs-autonaim/recruitment-assistant-extension:test:   [33maria-busy[39m=[32m"true"[39m
@qbs-autonaim/recruitment-assistant-extension:test:   [33maria-label[39m=[32m"╨Ш╨╖╨▓╨╗╨╡╤З╤М ╨┤╨░╨╜╨╜╤Л╨╡ ╨┐╤А╨╛╤Д╨╕╨╗╤П ╨║╨░╨╜╨┤╨╕╨┤╨░╤В╨░"[39m
@qbs-autonaim/recruitment-assistant-extension:test:   [33maria-live[39m=[32m"polite"[39m
@qbs-autonaim/recruitment-assistant-extension:test:   [33mdisabled[39m=[32m""[39m
@qbs-autonaim/recruitment-assistant-extension:test:   [33mstyle[39m=[32m"min-width: 44px; min-height: 44px; padding: 12px 24px; font-size: 16px; font-weight: 500; color: #ffffff; background-color: #6b7280; border: none none; border-radius: 8px; cursor: not-allowed; touch-action: manipulation; transition: background-color 0.2s ease, transform 0.1s ease, box-shadow 0.2s ease; display: flex; align-items: center; justify-content: center; gap: 8px; box-shadow: 0 1px 3px 0 rgba(0, 0, 0, 0.1), 0 1px 2px -1px rgba(0, 0, 0, 0.1); position: relative; outline-color: none; outline-style: none; outline-width: initial;"[39m
@qbs-autonaim/recruitment-assistant-extension:test:   [33mtype[39m=[32m"button"[39m
@qbs-autonaim/recruitment-assistant-extension:test: [36m>[39m
@qbs-autonaim/recruitment-assistant-extension:test:   [36m<svg[39m
@qbs-autonaim/recruitment-assistant-extension:test:     [33maria-hidden[39m=[32m"true"[39m
@qbs-autonaim/recruitment-assistant-extension:test:     [33mfill[39m=[32m"none"[39m
@qbs-autonaim/recruitment-assistant-extension:test:     [33mrole[39m=[32m"presentation"[39m
@qbs-autonaim/recruitment-assistant-extension:test:     [33mstyle[39m=[32m"width: 16px; height: 16px; animation: spin 1s linear infinite; flex-shrink: 0;"[39m
@qbs-autonaim/recruitment-assistant-extension:test:     [33mviewBox[39m=[32m"0 0 24 24"[39m
@qbs-autonaim/recruitment-assistant-extension:test:   [36m>[39m
@qbs-autonaim/recruitment-assistant-extension:test:     [36m<circle[39m
@qbs-autonaim/recruitment-assistant-extension:test:       [33mcx[39m=[32m"12"[39m
@qbs-autonaim/recruitment-assistant-extension:test:       [33mcy[39m=[32m"12"[39m
@qbs-autonaim/recruitment-assistant-extension:test:       [33mr[39m=[32m"10"[39m
@qbs-autonaim/recruitment-assistant-extension:test:       [33mstroke[39m=[32m"currentColor"[39m
@qbs-autonaim/recruitment-assistant-extension:test:       [33mstroke-opacity[39m=[32m"0.25"[39m
@qbs-autonaim/recruitment-assistant-extension:test:       [33mstroke-width[39m=[32m"4"[39m
@qbs-autonaim/recruitment-assistant-extension:test:     [36m/>[39m
@qbs-autonaim/recruitment-assistant-extension:test:     [36m<path[39m
@qbs-autonaim/recruitment-assistant-extension:test:       [33md[39m=[32m"M4 12a8 8 0 018-8V0C5.373 0 0 5.373 0 12h4zm2 5.291A7.962 7.962 0 014 12H0c0 3.042 1.135 5.824 3 7.938l3-2.647z"[39m
@qbs-autonaim/recruitment-assistant-extension:test:       [33mfill[39m=[32m"currentColor"[39m
@qbs-autonaim/recruitment-assistant-extension:test:       [33mopacity[39m=[32m"0.75"[39m
@qbs-autonaim/recruitment-assistant-extension:test:     [36m/>[39m
@qbs-autonaim/recruitment-assistant-extension:test:   [36m</svg>[39m
@qbs-autonaim/recruitment-assistant-extension:test:   [36m<span[39m
@qbs-autonaim/recruitment-assistant-extension:test:     [33mstyle[39m=[32m"white-space: nowrap;"[39m
@qbs-autonaim/recruitment-assistant-extension:test:   [36m>[39m
@qbs-autonaim/recruitment-assistant-extension:test:     [0m╨Ш╨╖╨▓╨╗╨╡╤З╨╡╨╜╨╕╨╡ ╨┤╨░╨╜╨╜╤Л╤ЕтАж[0m
@qbs-autonaim/recruitment-assistant-extension:test:   [36m</span>[39m
@qbs-autonaim/recruitment-assistant-extension:test: [36m</button>[39m
@qbs-autonaim/recruitment-assistant-extension:test: 
@qbs-autonaim/recruitment-assistant-extension:test: Ignored nodes: comments, script, style
@qbs-autonaim/recruitment-assistant-extension:test: [36m<button[39m
@qbs-autonaim/recruitment-assistant-extension:test:   [33maria-busy[39m=[32m"false"[39m
@qbs-autonaim/recruitment-assistant-extension:test:   [33maria-label[39m=[32m"╨Ш╨╖╨▓╨╗╨╡╤З╤М ╨┤╨░╨╜╨╜╤Л╨╡ ╨┐╤А╨╛╤Д╨╕╨╗╤П ╨║╨░╨╜╨┤╨╕╨┤╨░╤В╨░"[39m
@qbs-autonaim/recruitment-assistant-extension:test:   [33maria-live[39m=[32m"polite"[39m
@qbs-autonaim/recruitment-assistant-extension:test:   [33mstyle[39m=[32m"min-width: 44px; min-height: 44px; padding: 12px 24px; font-size: 16px; font-weight: 500; color: #ffffff; background-color: #2563eb; border: none none; border-radius: 8px; cursor: pointer; touch-action: manipulation; transition: background-color 0.2s ease, transform 0.1s ease, box-shadow 0.2s ease; display: flex; align-items: center; justify-content: center; gap: 8px; box-shadow: 0 1px 3px 0 rgba(0, 0, 0, 0.1), 0 1px 2px -1px rgba(0, 0, 0, 0.1); position: relative; outline-color: none; outline-style: none; outline-width: initial;"[39m
@qbs-autonaim/recruitment-assistant-extension:test:   [33mtype[39m=[32m"button"[39m
@qbs-autonaim/recruitment-assistant-extension:test: [36m>[39m
@qbs-autonaim/recruitment-assistant-extension:test:   [36m<span[39m
@qbs-autonaim/recruitment-assistant-extension:test:     [33mstyle[39m=[32m"white-space: nowrap;"[39m
@qbs-autonaim/recruitment-assistant-extension:test:   [36m>[39m
@qbs-autonaim/recruitment-assistant-extension:test:     [0m╨Ш╨╖╨▓╨╗╨╡╤З╤М ╨┤╨░╨╜╨╜╤Л╨╡[0m
@qbs-autonaim/recruitment-assistant-extension:test:   [36m</span>[39m
@qbs-autonaim/recruitment-assistant-extension:test: [36m</button>[39m
@qbs-autonaim/recruitment-assistant-extension:test: 
@qbs-autonaim/recruitment-assistant-extension:test: Ignored nodes: comments, script, style
@qbs-autonaim/recruitment-assistant-extension:test: [36m<button[39m
@qbs-autonaim/recruitment-assistant-extension:test:   [33maria-busy[39m=[32m"true"[39m
@qbs-autonaim/recruitment-assistant-extension:test:   [33maria-label[39m=[32m"╨Ш╨╖╨▓╨╗╨╡╤З╤М ╨┤╨░╨╜╨╜╤Л╨╡ ╨┐╤А╨╛╤Д╨╕╨╗╤П ╨║╨░╨╜╨┤╨╕╨┤╨░╤В╨░"[39m
@qbs-autonaim/recruitment-assistant-extension:test:   [33maria-live[39m=[32m"polite"[39m
@qbs-autonaim/recruitment-assistant-extension:test:   [33mdisabled[39m=[32m""[39m
@qbs-autonaim/recruitment-assistant-extension:test:   [33mstyle[39m=[32m"min-width: 44px; min-height: 44px; padding: 12px 24px; font-size: 16px; font-weight: 500; color: #ffffff; background-color: #6b7280; border: none none; border-radius: 8px; cursor: not-allowed; touch-action: manipulation; transition: background-color 0.2s ease, transform 0.1s ease, box-shadow 0.2s ease; display: flex; align-items: center; justify-content: center; gap: 8px; box-shadow: 0 1px 3px 0 rgba(0, 0, 0, 0.1), 0 1px 2px -1px rgba(0, 0, 0, 0.1); position: relative; outline-color: none; outline-style: none; outline-width: initial;"[39m
@qbs-autonaim/recruitment-assistant-extension:test:   [33mtype[39m=[32m"button"[39m
@qbs-autonaim/recruitment-assistant-extension:test: [36m>[39m
@qbs-autonaim/recruitment-assistant-extension:test:   [36m<svg[39m
@qbs-autonaim/recruitment-assistant-extension:test:     [33maria-hidden[39m=[32m"true"[39m
@qbs-autonaim/recruitment-assistant-extension:test:     [33mfill[39m=[32m"none"[39m
@qbs-autonaim/recruitment-assistant-extension:test:     [33mrole[39m=[32m"presentation"[39m
@qbs-autonaim/recruitment-assistant-extension:test:     [33mstyle[39m=[32m"width: 16px; height: 16px; animation: spin 1s linear infinite; flex-shrink: 0;"[39m
@qbs-autonaim/recruitment-assistant-extension:test:     [33mviewBox[39m=[32m"0 0 24 24"[39m
@qbs-autonaim/recruitment-assistant-extension:test:   [36m>[39m
@qbs-autonaim/recruitment-assistant-extension:test:     [36m<circle[39m
@qbs-autonaim/recruitment-assistant-extension:test:       [33mcx[39m=[32m"12"[39m
@qbs-autonaim/recruitment-assistant-extension:test:       [33mcy[39m=[32m"12"[39m
@qbs-autonaim/recruitment-assistant-extension:test:       [33mr[39m=[32m"10"[39m
@qbs-autonaim/recruitment-assistant-extension:test:       [33mstroke[39m=[32m"currentColor"[39m
@qbs-autonaim/recruitment-assistant-extension:test:       [33mstroke-opacity[39m=[32m"0.25"[39m
@qbs-autonaim/recruitment-assistant-extension:test:       [33mstroke-width[39m=[32m"4"[39m
@qbs-autonaim/recruitment-assistant-extension:test:     [36m/>[39m
@qbs-autonaim/recruitment-assistant-extension:test:     [36m<path[39m
@qbs-autonaim/recruitment-assistant-extension:test:       [33md[39m=[32m"M4 12a8 8 0 018-8V0C5.373 0 0 5.373 0 12h4zm2 5.291A7.962 7.962 0 014 12H0c0 3.042 1.135 5.824 3 7.938l3-2.647z"[39m
@qbs-autonaim/recruitment-assistant-extension:test:       [33mfill[39m=[32m"currentColor"[39m
@qbs-autonaim/recruitment-assistant-extension:test:       [33mopacity[39m=[32m"0.75"[39m
@qbs-autonaim/recruitment-assistant-extension:test:     [36m/>[39m
@qbs-autonaim/recruitment-assistant-extension:test:   [36m</svg>[39m
@qbs-autonaim/recruitment-assistant-extension:test:   [36m<span[39m
@qbs-autonaim/recruitment-assistant-extension:test:     [33mstyle[39m=[32m"white-space: nowrap;"[39m
@qbs-autonaim/recruitment-assistant-extension:test:   [36m>[39m
@qbs-autonaim/recruitment-assistant-extension:test:     [0m╨Ш╨╖╨▓╨╗╨╡╤З╨╡╨╜╨╕╨╡ ╨┤╨░╨╜╨╜╤Л╤ЕтАж[0m
@qbs-autonaim/recruitment-assistant-extension:test:   [36m</span>[39m
@qbs-autonaim/recruitment-assistant-extension:test: [36m</button>[39m
@qbs-autonaim/recruitment-assistant-extension:test: 
@qbs-autonaim/recruitment-assistant-extension:test: Ignored nodes: comments, script, style
@qbs-autonaim/recruitment-assistant-extension:test: [36m<button[39m
@qbs-autonaim/recruitment-assistant-extension:test:   [33maria-busy[39m=[32m"false"[39m
@qbs-autonaim/recruitment-assistant-extension:test:   [33maria-label[39m=[32m"╨Ш╨╖╨▓╨╗╨╡╤З╤М ╨┤╨░╨╜╨╜╤Л╨╡ ╨┐╤А╨╛╤Д╨╕╨╗╤П ╨║╨░╨╜╨┤╨╕╨┤╨░╤В╨░"[39m
@qbs-autonaim/recruitment-assistant-extension:test:   [33maria-live[39m=[32m"polite"[39m
@qbs-autonaim/recruitment-assistant-extension:test:   [33mstyle[39m=[32m"min-width: 44px; min-height: 44px; padding: 12px 24px; font-size: 16px; font-weight: 500; color: #ffffff; background-color: #2563eb; border: none none; border-radius: 8px; cursor: pointer; touch-action: manipulation; transition: background-color 0.2s ease, transform 0.1s ease, box-shadow 0.2s ease; display: flex; align-items: center; justify-content: center; gap: 8px; box-shadow: 0 1px 3px 0 rgba(0, 0, 0, 0.1), 0 1px 2px -1px rgba(0, 0, 0, 0.1); position: relative; outline-color: none; outline-style: none; outline-width: initial;"[39m
@qbs-autonaim/recruitment-assistant-extension:test:   [33mtype[39m=[32m"button"[39m
@qbs-autonaim/recruitment-assistant-extension:test: [36m>[39m
@qbs-autonaim/recruitment-assistant-extension:test:   [36m<span[39m
@qbs-autonaim/recruitment-assistant-extension:test:     [33mstyle[39m=[32m"white-space: nowrap;"[39m
@qbs-autonaim/recruitment-assistant-extension:test:   [36m>[39m
@qbs-autonaim/recruitment-assistant-extension:test:     [0m╨Ш╨╖╨▓╨╗╨╡╤З╤М ╨┤╨░╨╜╨╜╤Л╨╡[0m
@qbs-autonaim/recruitment-assistant-extension:test:   [36m</span>[39m
@qbs-autonaim/recruitment-assistant-extension:test: [36m</button>[39m
@qbs-autonaim/recruitment-assistant-extension:test: 
@qbs-autonaim/recruitment-assistant-extension:test: Ignored nodes: comments, script, style
@qbs-autonaim/recruitment-assistant-extension:test: [36m<button[39m
@qbs-autonaim/recruitment-assistant-extension:test:   [33maria-busy[39m=[32m"true"[39m
@qbs-autonaim/recruitment-assistant-extension:test:   [33maria-label[39m=[32m"╨Ш╨╖╨▓╨╗╨╡╤З╤М ╨┤╨░╨╜╨╜╤Л╨╡ ╨┐╤А╨╛╤Д╨╕╨╗╤П ╨║╨░╨╜╨┤╨╕╨┤╨░╤В╨░"[39m
@qbs-autonaim/recruitment-assistant-extension:test:   [33maria-live[39m=[32m"polite"[39m
@qbs-autonaim/recruitment-assistant-extension:test:   [33mdisabled[39m=[32m""[39m
@qbs-autonaim/recruitment-assistant-extension:test:   [33mstyle[39m=[32m"min-width: 44px; min-height: 44px; padding: 12px 24px; font-size: 16px; font-weight: 500; color: #ffffff; background-color: #6b7280; border: none none; border-radius: 8px; cursor: not-allowed; touch-action: manipulation; transition: background-color 0.2s ease, transform 0.1s ease, box-shadow 0.2s ease; display: flex; align-items: center; justify-content: center; gap: 8px; box-shadow: 0 1px 3px 0 rgba(0, 0, 0, 0.1), 0 1px 2px -1px rgba(0, 0, 0, 0.1); position: relative; outline-color: none; outline-style: none; outline-width: initial;"[39m
@qbs-autonaim/recruitment-assistant-extension:test:   [33mtype[39m=[32m"button"[39m
@qbs-autonaim/recruitment-assistant-extension:test: [36m>[39m
@qbs-autonaim/recruitment-assistant-extension:test:   [36m<svg[39m
@qbs-autonaim/recruitment-assistant-extension:test:     [33maria-hidden[39m=[32m"true"[39m
@qbs-autonaim/recruitment-assistant-extension:test:     [33mfill[39m=[32m"none"[39m
@qbs-autonaim/recruitment-assistant-extension:test:     [33mrole[39m=[32m"presentation"[39m
@qbs-autonaim/recruitment-assistant-extension:test:     [33mstyle[39m=[32m"width: 16px; height: 16px; animation: spin 1s linear infinite; flex-shrink: 0;"[39m
@qbs-autonaim/recruitment-assistant-extension:test:     [33mviewBox[39m=[32m"0 0 24 24"[39m
@qbs-autonaim/recruitment-assistant-extension:test:   [36m>[39m
@qbs-autonaim/recruitment-assistant-extension:test:     [36m<circle[39m
@qbs-autonaim/recruitment-assistant-extension:test:       [33mcx[39m=[32m"12"[39m
@qbs-autonaim/recruitment-assistant-extension:test:       [33mcy[39m=[32m"12"[39m
@qbs-autonaim/recruitment-assistant-extension:test:       [33mr[39m=[32m"10"[39m
@qbs-autonaim/recruitment-assistant-extension:test:       [33mstroke[39m=[32m"currentColor"[39m
@qbs-autonaim/recruitment-assistant-extension:test:       [33mstroke-opacity[39m=[32m"0.25"[39m
@qbs-autonaim/recruitment-assistant-extension:test:       [33mstroke-width[39m=[32m"4"[39m
@qbs-autonaim/recruitment-assistant-extension:test:     [36m/>[39m
@qbs-autonaim/recruitment-assistant-extension:test:     [36m<path[39m
@qbs-autonaim/recruitment-assistant-extension:test:       [33md[39m=[32m"M4 12a8 8 0 018-8V0C5.373 0 0 5.373 0 12h4zm2 5.291A7.962 7.962 0 014 12H0c0 3.042 1.135 5.824 3 7.938l3-2.647z"[39m
@qbs-autonaim/recruitment-assistant-extension:test:       [33mfill[39m=[32m"currentColor"[39m
@qbs-autonaim/recruitment-assistant-extension:test:       [33mopacity[39m=[32m"0.75"[39m
@qbs-autonaim/recruitment-assistant-extension:test:     [36m/>[39m
@qbs-autonaim/recruitment-assistant-extension:test:   [36m</svg>[39m
@qbs-autonaim/recruitment-assistant-extension:test:   [36m<span[39m
@qbs-autonaim/recruitment-assistant-extension:test:     [33mstyle[39m=[32m"white-space: nowrap;"[39m
@qbs-autonaim/recruitment-assistant-extension:test:   [36m>[39m
@qbs-autonaim/recruitment-assistant-extension:test:     [0m╨Ш╨╖╨▓╨╗╨╡╤З╨╡╨╜╨╕╨╡ ╨┤╨░╨╜╨╜╤Л╤ЕтАж[0m
@qbs-autonaim/recruitment-assistant-extension:test:   [36m</span>[39m
@qbs-autonaim/recruitment-assistant-extension:test: [36m</button>[39m
@qbs-autonaim/recruitment-assistant-extension:test: 
@qbs-autonaim/recruitment-assistant-extension:test: Ignored nodes: comments, script, style
@qbs-autonaim/recruitment-assistant-extension:test: [36m<button[39m
@qbs-autonaim/recruitment-assistant-extension:test:   [33maria-busy[39m=[32m"true"[39m
@qbs-autonaim/recruitment-assistant-extension:test:   [33maria-label[39m=[32m"╨Ш╨╖╨▓╨╗╨╡╤З╤М ╨┤╨░╨╜╨╜╤Л╨╡ ╨┐╤А╨╛╤Д╨╕╨╗╤П ╨║╨░╨╜╨┤╨╕╨┤╨░╤В╨░"[39m
@qbs-autonaim/recruitment-assistant-extension:test:   [33maria-live[39m=[32m"polite"[39m
@qbs-autonaim/recruitment-assistant-extension:test:   [33mdisabled[39m=[32m""[39m
@qbs-autonaim/recruitment-assistant-extension:test:   [33mstyle[39m=[32m"min-width: 44px; min-height: 44px; padding: 12px 24px; font-size: 16px; font-weight: 500; color: #ffffff; background-color: #6b7280; border: none none; border-radius: 8px; cursor: not-allowed; touch-action: manipulation; transition: background-color 0.2s ease, transform 0.1s ease, box-shadow 0.2s ease; display: flex; align-items: center; justify-content: center; gap: 8px; box-shadow: 0 1px 3px 0 rgba(0, 0, 0, 0.1), 0 1px 2px -1px rgba(0, 0, 0, 0.1); position: relative; outline-color: none; outline-style: none; outline-width: initial;"[39m
@qbs-autonaim/recruitment-assistant-extension:test:   [33mtype[39m=[32m"button"[39m
@qbs-autonaim/recruitment-assistant-extension:test: [36m>[39m
@qbs-autonaim/recruitment-assistant-extension:test:   [36m<svg[39m
@qbs-autonaim/recruitment-assistant-extension:test:     [33maria-hidden[39m=[32m"true"[39m
@qbs-autonaim/recruitment-assistant-extension:test:     [33mfill[39m=[32m"none"[39m
@qbs-autonaim/recruitment-assistant-extension:test:     [33mrole[39m=[32m"presentation"[39m
@qbs-autonaim/recruitment-assistant-extension:test:     [33mstyle[39m=[32m"width: 16px; height: 16px; animation: spin 1s linear infinite; flex-shrink: 0;"[39m
@qbs-autonaim/recruitment-assistant-extension:test:     [33mviewBox[39m=[32m"0 0 24 24"[39m
@qbs-autonaim/recruitment-assistant-extension:test:   [36m>[39m
@qbs-autonaim/recruitment-assistant-extension:test:     [36m<circle[39m
@qbs-autonaim/recruitment-assistant-extension:test:       [33mcx[39m=[32m"12"[39m
@qbs-autonaim/recruitment-assistant-extension:test:       [33mcy[39m=[32m"12"[39m
@qbs-autonaim/recruitment-assistant-extension:test:       [33mr[39m=[32m"10"[39m
@qbs-autonaim/recruitment-assistant-extension:test:       [33mstroke[39m=[32m"currentColor"[39m
@qbs-autonaim/recruitment-assistant-extension:test:       [33mstroke-opacity[39m=[32m"0.25"[39m
@qbs-autonaim/recruitment-assistant-extension:test:       [33mstroke-width[39m=[32m"4"[39m
@qbs-autonaim/recruitment-assistant-extension:test:     [36m/>[39m
@qbs-autonaim/recruitment-assistant-extension:test:     [36m<path[39m
@qbs-autonaim/recruitment-assistant-extension:test:       [33md[39m=[32m"M4 12a8 8 0 018-8V0C5.373 0 0 5.373 0 12h4zm2 5.291A7.962 7.962 0 014 12H0c0 3.042 1.135 5.824 3 7.938l3-2.647z"[39m
@qbs-autonaim/recruitment-assistant-extension:test:       [33mfill[39m=[32m"currentColor"[39m
@qbs-autonaim/recruitment-assistant-extension:test:       [33mopacity[39m=[32m"0.75"[39m
@qbs-autonaim/recruitment-assistant-extension:test:     [36m/>[39m
@qbs-autonaim/recruitment-assistant-extension:test:   [36m</svg>[39m
@qbs-autonaim/recruitment-assistant-extension:test:   [36m<span[39m
@qbs-autonaim/recruitment-assistant-extension:test:     [33mstyle[39m=[32m"white-space: nowrap;"[39m
@qbs-autonaim/recruitment-assistant-extension:test:   [36m>[39m
@qbs-autonaim/recruitment-assistant-extension:test:     [0m╨Ш╨╖╨▓╨╗╨╡╤З╨╡╨╜╨╕╨╡ ╨┤╨░╨╜╨╜╤Л╤ЕтАж[0m
@qbs-autonaim/recruitment-assistant-extension:test:   [36m</span>[39m
@qbs-autonaim/recruitment-assistant-extension:test: [36m</button>[39m
@qbs-autonaim/recruitment-assistant-extension:test: 
@qbs-autonaim/recruitment-assistant-extension:test: (If this is intentional, then use the `*AllBy*` variant of the query (like `queryAllByText`, `getAllByText`, or `findAllByText`)).
@qbs-autonaim/recruitment-assistant-extension:test: 
@qbs-autonaim/recruitment-assistant-extension:test: Ignored nodes: comments, script, style
@qbs-autonaim/recruitment-assistant-extension:test: [36m<body>[39m
@qbs-autonaim/recruitment-assistant-extension:test:   [0m
@qbs-autonaim/recruitment-assistant-extension:test:         [0m
@qbs-autonaim/recruitment-assistant-extension:test:   [36m<h1[39m
@qbs-autonaim/recruitment-assistant-extension:test:     [33mclass[39m=[32m"text-heading-xlarge"[39m
@qbs-autonaim/recruitment-assistant-extension:test:   [36m>[39m
@qbs-autonaim/recruitment-assistant-extension:test:     [0m╨Ш╨▓╨░╨╜ ╨Ш╨▓╨░╨╜╨╛╨▓[0m
@qbs-autonaim/recruitment-assistant-extension:test:   [36m</h1>[39m
@qbs-autonaim/recruitment-assistant-extension:test:   [0m
@qbs-autonaim/recruitment-assistant-extension:test:         [0m
@qbs-autonaim/recruitment-assistant-extension:test:   [36m<div[39m
@qbs-autonaim/recruitment-assistant-extension:test:     [33mclass[39m=[32m"text-body-medium"[39m
@qbs-autonaim/recruitment-assistant-extension:test:   [36m>[39m
@qbs-autonaim/recruitment-assistant-extension:test:     [0mSenior Developer[0m
@qbs-autonaim/recruitment-assistant-extension:test:   [36m</div>[39m
@qbs-autonaim/recruitment-assistant-extension:test:   [0m
@qbs-autonaim/recruitment-assistant-extension:test:         [0m
@qbs-autonaim/recruitment-assistant-extension:test:   [36m<span[39m
@qbs-autonaim/recruitment-assistant-extension:test:     [33mclass[39m=[32m"text-body-small inline"[39m
@qbs-autonaim/recruitment-assistant-extension:test:   [36m>[39m
@qbs-autonaim/recruitment-assistant-extension:test:     [0m╨Ь╨╛╤Б╨║╨▓╨░, ╨а╨╛╤Б╤Б╨╕╤П[0m
@qbs-autonaim/recruitment-assistant-extension:test:   [36m</span>[39m
@qbs-autonaim/recruitment-assistant-extension:test:   [0m
@qbs-autonaim/recruitment-assistant-extension:test:         [0m
@qbs-autonaim/recruitment-assistant-extension:test:   [36m<img[39m
@qbs-autonaim/recruitment-assistant-extension:test:     [33mclass[39m=[32m"pv-top-card-profile-picture__image"[39m
@qbs-autonaim/recruitment-assistant-extension:test:     [33msrc[39m=[32m"https://example.com/photo.jpg"[39m
@qbs-autonaim/recruitment-assistant-extension:test:   [36m/>[39m
@qbs-autonaim/recruitment-assistant-extension:test:   [0m
@qbs-autonaim/recruitment-assistant-extension:test:         
@qbs-autonaim/recruitment-assistant-extension:test:         [0m
@qbs-autonaim/recruitment-assistant-extension:test:   [36m<section[39m
@qbs-autonaim/recruitment-assistant-extension:test:     [33mid[39m=[32m"experience"[39m
@qbs-autonaim/recruitment-assistant-extension:test:   [36m>[39m
@qbs-autonaim/recruitment-assistant-extension:test:     [0m
@qbs-autonaim/recruitment-assistant-extension:test:           [0m
@qbs-autonaim/recruitment-assistant-extension:test:     [36m<ul>[39m
@qbs-autonaim/recruitment-assistant-extension:test:       [0m
@qbs-autonaim/recruitment-assistant-extension:test:             [0m
@qbs-autonaim/recruitment-assistant-extension:test:       [36m<li[39m
@qbs-autonaim/recruitment-assistant-extension:test:         [33mclass[39m=[32m"artdeco-list__item"[39m
@qbs-autonaim/recruitment-assistant-extension:test:       [36m>[39m
@qbs-autonaim/recruitment-assistant-extension:test:         [0m
@qbs-autonaim/recruitment-assistant-extension:test:               [0m
@qbs-autonaim/recruitment-assistant-extension:test:         [36m<div[39m
@qbs-autonaim/recruitment-assistant-extension:test:           [33mclass[39m=[32m"display-flex"[39m
@qbs-autonaim/recruitment-assistant-extension:test:         [36m>[39m
@qbs-autonaim/recruitment-assistant-extension:test:           [0m
@qbs-autonaim/recruitment-assistant-extension:test:                 [0m
@qbs-autonaim/recruitment-assistant-extension:test:           [36m<span[39m
@qbs-autonaim/recruitment-assistant-extension:test:             [33maria-hidden[39m=[32m"true"[39m
@qbs-autonaim/recruitment-assistant-extension:test:           [36m>[39m
@qbs-autonaim/recruitment-assistant-extension:test:             [0mSenior Developer[0m
@qbs-autonaim/recruitment-assistant-extension:test:           [36m</span>[39m
@qbs-autonaim/recruitment-assistant-extension:test:           [0m
@qbs-autonaim/recruitment-assistant-extension:test:               [0m
@qbs-autonaim/recruitment-assistant-extension:test:         [36m</div>[39m
@qbs-autonaim/recruitment-assistant-extension:test:         [0m
@qbs-autonaim/recruitment-assistant-extension:test:               [0m
@qbs-autonaim/recruitment-assistant-extension:test:         [36m<span[39m
@qbs-autonaim/recruitment-assistant-extension:test:           [33mclass[39m=[32m"t-14 t-normal"[39m
@qbs-autonaim/recruitment-assistant-extension:test:         [36m>[39m
@qbs-autonaim/recruitment-assistant-extension:test:           [0m
@qbs-autonaim/recruitment-assistant-extension:test:                 [0m
@qbs-autonaim/recruitment-assistant-extension:test:           [36m<span[39m
@qbs-autonaim/recruitment-assistant-extension:test:             [33maria-hidden[39m=[32m"true"[39m
@qbs-autonaim/recruitment-assistant-extension:test:           [36m>[39m
@qbs-autonaim/recruitment-assistant-extension:test:             [0mTech Company[0m
@qbs-autonaim/recruitment-assistant-extension:test:           [36m</span>[39m
@qbs-autonaim/recruitment-assistant-extension:test:           [0m
@qbs-autonaim/recruitment-assistant-extension:test:               [0m
@qbs-autonaim/recruitment-assistant-extension:test:         [36m</span>[39m
@qbs-autonaim/recruitment-assistant-extension:test:         [0m
@qbs-autonaim/recruitment-assistant-extension:test:               [0m
@qbs-autonaim/recruitment-assistant-extension:test:         [36m<span[39m
@qbs-autonaim/recruitment-assistant-extension:test:           [33mclass[39m=[32m"t-14 t-normal t-black--light"[39m
@qbs-autonaim/recruitment-assistant-extension:test:         [36m>[39m
@qbs-autonaim/recruitment-assistant-extension:test:           [0m
@qbs-autonaim/recruitment-assistant-extension:test:                 [0m
@qbs-autonaim/recruitment-assistant-extension:test:           [36m<span[39m
@qbs-autonaim/recruitment-assistant-extension:test:             [33maria-hidden[39m=[32m"true"[39m
@qbs-autonaim/recruitment-assistant-extension:test:           [36m>[39m
@qbs-autonaim/recruitment-assistant-extension:test:             [0m2020 тАУ ╨┐╨╛ ╨╜╨░╤Б╤В╨╛╤П╤Й╨╡╨╡ ╨▓╤А╨╡╨╝╤П[0m
@qbs-autonaim/recruitment-assistant-extension:test:           [36m</span>[39m
@qbs-autonaim/recruitment-assistant-extension:test:           [0m
@qbs-autonaim/recruitment-assistant-extension:test:               [0m
@qbs-autonaim/recruitment-assistant-extension:test:         [36m</span>[39m
@qbs-autonaim/recruitment-assistant-extension:test:         [0m
@qbs-autonaim/recruitment-assistant-extension:test:               [0m
@qbs-autonaim/recruitment-assistant-extension:test:         [36m<div[39m
@qbs-autonaim/recruitment-assistant-extension:test:           [33mclass[39m=[32m"display-flex full-width"[39m
@qbs-autonaim/recruitment-assistant-extension:test:         [36m>[39m
@qbs-autonaim/recruitment-assistant-extension:test:           [0m
@qbs-autonaim/recruitment-assistant-extension:test:                 [0m
@qbs-autonaim/recruitment-assistant-extension:test:           [36m<span[39m
@qbs-autonaim/recruitment-assistant-extension:test:             [33maria-hidden[39m=[32m"true"[39m
@qbs-autonaim/recruitment-assistant-extension:test:           [36m>[39m
@qbs-autonaim/recruitment-assistant-extension:test:             [0m╨а╨░╨╖╤А╨░╨▒╨╛╤В╨║╨░[0m
@qbs-autonaim/recruitment-assistant-extension:test:           [36m</span>[39m
@qbs-autonaim/recruitment-assistant-extension:test:           [0m
@qbs-autonaim/recruitment-assistant-extension:test:               [0m
@qbs-autonaim/recruitment-assistant-extension:test:         [36m</div>[39m
@qbs-autonaim/recruitment-assistant-extension:test:         [0m
@qbs-autonaim/recruitment-assistant-extension:test:             [0m
@qbs-autonaim/recruitment-assistant-extension:test:       [36m</li>[39m
@qbs-autonaim/recruitment-assistant-extension:test:       [0m
@qbs-autonaim/recruitment-assistant-extension:test:           [0m
@qbs-autonaim/recruitment-assistant-extension:test:     [36m</ul>[39m
@qbs-autonaim/recruitment-assistant-extension:test:     [0m
@qbs-autonaim/recruitment-assistant-extension:test:         [0m
@qbs-autonaim/recruitment-assistant-extension:test:   [36m</section>[39m
@qbs-autonaim/recruitment-assistant-extension:test:   [0m
@qbs-autonaim/recruitment-assistant-extension:test:         
@qbs-autonaim/recruitment-assistant-extension:test:         [0m
@qbs-autonaim/recruitment-assistant-extension:test:   [36m<section[39m
@qbs-autonaim/recruitment-assistant-extension:test:     [33mid[39m=[32m"education"[39m
@qbs-autonaim/recruitment-assistant-extension:test:   [36m>[39m
@qbs-autonaim/recruitment-assistant-extension:test:     [0m
@qbs-autonaim/recruitment-assistant-extension:test:           [0m
@qbs-autonaim/recruitment-assistant-extension:test:     [36m<ul>[39m
@qbs-autonaim/recruitment-assistant-extension:test:       [0m
@qbs-autonaim/recruitment-assistant-extension:test:             [0m
@qbs-autonaim/recruitment-assistant-extension:test:       [36m<li[39m
@qbs-autonaim/recruitment-assistant-extension:test:         [33mclass[39m=[32m"artdeco-list__item"[39m
@qbs-autonaim/recruitment-assistant-extension:test:       [36m>[39m
@qbs-autonaim/recruitment-assistant-extension:test:         [0m
@qbs-autonaim/recruitment-assistant-extension:test:               [0m
@qbs-autonaim/recruitment-assistant-extension:test:         [36m<div[39m
@qbs-autonaim/recruitment-assistant-extension:test:           [33mclass[39m=[32m"display-flex"[39m
@qbs-autonaim/recruitment-assistant-extension:test:         [36m>[39m
@qbs-autonaim/recruitment-assistant-extension:test:           [0m
@qbs-autonaim/recruitment-assistant-extension:test:                 [0m
@qbs-autonaim/recruitment-assistant-extension:test:           [36m<span[39m
@qbs-autonaim/recruitment-assistant-extension:test:             [33maria-hidden[39m=[32m"true"[39m
@qbs-autonaim/recruitment-assistant-extension:test:           [36m>[39m
@qbs-autonaim/recruitment-assistant-extension:test:             [0m╨Ь╨У╨г[0m
@qbs-autonaim/recruitment-assistant-extension:test:           [36m</span>[39m
@qbs-autonaim/recruitment-assistant-extension:test:           [0m
@qbs-autonaim/recruitment-assistant-extension:test:               [0m
@qbs-autonaim/recruitment-assistant-extension:test:         [36m</div>[39m
@qbs-autonaim/recruitment-assistant-extension:test:         [0m
@qbs-autonaim/recruitment-assistant-extension:test:               [0m
@qbs-autonaim/recruitment-assistant-extension:test:         [36m<span[39m
@qbs-autonaim/recruitment-assistant-extension:test:           [33mclass[39m=[32m"t-14 t-normal"[39m
@qbs-autonaim/recruitment-assistant-extension:test:         [36m>[39m
@qbs-autonaim/recruitment-assistant-extension:test:           [0m
@qbs-autonaim/recruitment-assistant-extension:test:                 [0m
@qbs-autonaim/recruitment-assistant-extension:test:           [36m<span[39m
@qbs-autonaim/recruitment-assistant-extension:test:             [33maria-hidden[39m=[32m"true"[39m
@qbs-autonaim/recruitment-assistant-extension:test:           [36m>[39m
@qbs-autonaim/recruitment-assistant-extension:test:             [0m╨С╨░╨║╨░╨╗╨░╨▓╤А[0m
@qbs-autonaim/recruitment-assistant-extension:test:           [36m</span>[39m
@qbs-autonaim/recruitment-assistant-extension:test:           [0m
@qbs-autonaim/recruitment-assistant-extension:test:               [0m
@qbs-autonaim/recruitment-assistant-extension:test:         [36m</span>[39m
@qbs-autonaim/recruitment-assistant-extension:test:         [0m
@qbs-autonaim/recruitment-assistant-extension:test:               [0m
@qbs-autonaim/recruitment-assistant-extension:test:         [36m<span[39m
@qbs-autonaim/recruitment-assistant-extension:test:           [33mclass[39m=[32m"t-14 t-normal t-black--light"[39m
@qbs-autonaim/recruitment-assistant-extension:test:         [36m>[39m
@qbs-autonaim/recruitment-assistant-extension:test:           [0m
@qbs-autonaim/recruitment-assistant-extension:test:                 [0m
@qbs-autonaim/recruitment-assistant-extension:test:           [36m<span[39m
@qbs-autonaim/recruitment-assistant-extension:test:             [33maria-hidden[39m=[32m"true"[39m
@qbs-autonaim/recruitment-assistant-extension:test:           [36m>[39m
@qbs-autonaim/recruitment-assistant-extension:test:             [0m╨Ш╨╜╤Д╨╛╤А╨╝╨░╤В╨╕╨║╨░[0m
@qbs-autonaim/recruitment-assistant-extension:test:           [36m</span>[39m
@qbs-autonaim/recruitment-assistant-extension:test:           [0m
@qbs-autonaim/recruitment-assistant-extension:test:               [0m
@qbs-autonaim/recruitment-assistant-extension:test:         [36m</span>[39m
@qbs-autonaim/recruitment-assistant-extension:test:         [0m
@qbs-autonaim/recruitment-assistant-extension:test:               [0m
@qbs-autonaim/recruitment-assistant-extension:test:         [36m<span[39m
@qbs-autonaim/recruitment-assistant-extension:test:           [33mclass[39m=[32m"t-14 t-normal t-black--light"[39m
@qbs-autonaim/recruitment-assistant-extension:test:         [36m>[39m
@qbs-autonaim/recruitment-assistant-extension:test:           [0m
@qbs-autonaim/recruitment-assistant-extension:test:                 [0m
@qbs-autonaim/recruitment-assistant-extension:test:           [36m<span[39m
@qbs-autonaim/recruitment-assistant-extension:test:             [33maria-hidden[39m=[32m"true"[39m
@qbs-autonaim/recruitment-assistant-extension:test:           [36m>[39m
@qbs-autonaim/recruitment-assistant-extension:test:             [0m2015 тАУ 2019[0m
@qbs-autonaim/recruitment-assistant-extension:test:           [36m</span>[39m
@qbs-autonaim/recruitment-assistant-extension:test:           [0m
@qbs-autonaim/recruitment-assistant-extension:test:               [0m
@qbs-autonaim/recruitment-assistant-extension:test:         [36m</span>[39m
@qbs-autonaim/recruitment-assistant-extension:test:         [0m
@qbs-autonaim/recruitment-assistant-extension:test:             [0m
@qbs-autonaim/recruitment-assistant-extension:test:       [36m</li>[39m
@qbs-autonaim/recruitment-assistant-extension:test:       [0m
@qbs-autonaim/recruitment-assistant-extension:test:           [0m
@qbs-autonaim/recruitment-assistant-extension:test:     [36m</ul>[39m
@qbs-autonaim/recruitment-assistant-extension:test:     [0m
@qbs-autonaim/recruitment-assistant-extension:test:         [0m
@qbs-autonaim/recruitment-assistant-extension:test:   [36m</section>[39m
@qbs-autonaim/recruitment-assistant-extension:test:   [0m
@qbs-autonaim/recruitment-assistant-extension:test:         
@qbs-autonaim/recruitment-assistant-extension:test:         [0m
@qbs-autonaim/recruitment-assistant-extension:test:   [36m<section[39m
@qbs-autonaim/recruitment-assistant-extension:test:     [33mid[39m=[32m"skills"[39m
@qbs-autonaim/recruitment-assistant-extension:test:   [36m>[39m
@qbs-autonaim/recruitment-assistant-extension:test:     [0m
@qbs-autonaim/recruitment-assistant-extension:test:           [0m
@qbs-autonaim/recruitment-assistant-extension:test:     [36m<span[39m
@qbs-autonaim/recruitment-assistant-extension:test:       [33maria-hidden[39m=[32m"true"[39m
@qbs-autonaim/recruitment-assistant-extension:test:     [36m>[39m
@qbs-autonaim/recruitment-assistant-extension:test:       [0mTypeScript[0m
@qbs-autonaim/recruitment-assistant-extension:test:     [36m</span>[39m
@qbs-autonaim/recruitment-assistant-extension:test:     [0m
@qbs-autonaim/recruitment-assistant-extension:test:           [0m
@qbs-autonaim/recruitment-assistant-extension:test:     [36m<span[39m
@qbs-autonaim/recruitment-assistant-extension:test:       [33maria-hidden[39m=[32m"true"[39m
@qbs-autonaim/recruitment-assistant-extension:test:     [36m>[39m
@qbs-autonaim/recruitment-assistant-extension:test:       [0mReact[0m
@qbs-autonaim/recruitment-assistant-extension:test:     [36m</span>[39m
@qbs-autonaim/recruitment-assistant-extension:test:     [0m
@qbs-autonaim/recruitment-assistant-extension:test:         [0m
@qbs-autonaim/recruitment-assistant-extension:test:   [36m</section>[39m
@qbs-autonaim/recruitment-assistant-extension:test:   [0m
@qbs-autonaim/recruitment-assistant-extension:test:         
@qbs-autonaim/recruitment-assistant-extension:test:         [0m
@qbs-autonaim/recruitment-assistant-extension:test:   [36m<section[39m
@qbs-autonaim/recruitment-assistant-extension:test:     [33mclass[39m=[32m"pv-contact-info"[39m
@qbs-autonaim/recruitment-assistant-extension:test:   [36m>[39m
@qbs-autonaim/recruitment-assistant-extension:test:     [0m
@qbs-autonaim/recruitment-assistant-extension:test:           [0m
@qbs-autonaim/recruitment-assistant-extension:test:     [36m<a[39m
@qbs-autonaim/recruitment-assistant-extension:test:       [33mhref[39m=[32m"mailto:ivan@example.com"[39m
@qbs-autonaim/recruitment-assistant-extension:test:     [36m>[39m
@qbs-autonaim/recruitment-assistant-extension:test:       [0mEmail[0m
@qbs-autonaim/recruitment-assistant-extension:test:     [36m</a>[39m
@qbs-autonaim/recruitment-assistant-extension:test:     [0m
@qbs-autonaim/recruitment-assistant-extension:test:           [0m
@qbs-autonaim/recruitment-assistant-extension:test:     [36m<span[39m
@qbs-autonaim/recruitment-assistant-extension:test:       [33mclass[39m=[32m"t-14 t-black t-normal"[39m
@qbs-autonaim/recruitment-assistant-extension:test:     [36m>[39m
@qbs-autonaim/recruitment-assistant-extension:test:       [0m+7 (999) 123-45-67[0m
@qbs-autonaim/recruitment-assistant-extension:test:     [36m</span>[39m
@qbs-autonaim/recruitment-assistant-extension:test:     [0m
@qbs-autonaim/recruitment-assistant-extension:test:         [0m
@qbs-autonaim/recruitment-assistant-extension:test:   [36m</section>[39m
@qbs-autonaim/recruitment-assistant-extension:test:   [0m
@qbs-autonaim/recruitment-assistant-extension:test:       [0m
@qbs-autonaim/recruitment-assistant-extension:test:   [36m<div>[39m
@qbs-autonaim/recruitment-assistant-extension:test:     [36m<button[39m
@qbs-autonaim/recruitment-assistant-extension:test:       [33maria-busy[39m=[32m"false"[39m
@qbs-autonaim/recruitment-assistant-extension:test:       [33maria-label[39m=[32m"╨Ш╨╖╨▓╨╗╨╡╤З╤М ╨┤╨░╨╜╨╜╤Л╨╡ ╨┐╤А╨╛╤Д╨╕╨╗╤П ╨║╨░╨╜╨┤╨╕╨┤╨░╤В╨░"[39m
@qbs-autonaim/recruitment-assistant-extension:test:       [33maria-live[39m=[32m"polite"[39m
@qbs-autonaim/recruitment-assistant-extension:test:       [33mstyle[39m=[32m"min-width: 44px; min-height: 44px; padding: 12px 24px; font-size: 16px; font-weight: 500; color: #ffffff; background-color: #2563eb; border: none none; border-radius: 8px; cursor: pointer; touch-action: manipulation; transition: background-color 0.2s ease, transform 0.1s ease, box-shadow 0.2s ease; display: flex; align-items: center; justify-content: center; gap: 8px; box-shadow: 0 1px 3px 0 rgba(0, 0, 0, 0.1), 0 1px 2px -1px rgba(0, 0, 0, 0.1); position: relative; outline-color: none; outline-style: none; outline-width: initial;"[39m
@qbs-autonaim/recruitment-assistant-extension:test:       [33mtype[39m=[32m"button"[39m
@qbs-autonaim/recruitment-assistant-extension:test:     [36m>[39m
@qbs-autonaim/recruitment-assistant-extension:test:       [36m<span[39m
@qbs-autonaim/recruitment-assistant-extension:test:         [33mstyle[39m=[32m"white-space: nowrap;"[39m
@qbs-autonaim/recruitment-assistant-extension:test:       [36m>[39m
@qbs-autonaim/recruitment-assistant-extension:test:         [0m╨Ш╨╖╨▓╨╗╨╡╤З╤М ╨┤╨░╨╜╨╜╤Л╨╡[0m
@qbs-autonaim/recruitment-assistant-extension:test:       [36m</span>[39m
@qbs-autonaim/recruitment-assistant-extension:test:     [36m</button>[39m
@qbs-autonaim/recruitment-assistant-extension:test:   [36m</div>[39m
@qbs-autonaim/recruitment-assistant-extension:test:   [36m<div>[39m
@qbs-autonaim/recruitment-assistant-extension:test:     [36m<button[39m
@qbs-autonaim/recruitment-assistant-extension:test:       [33maria-busy[39m=[32m"true"[39m
@qbs-autonaim/recruitment-assistant-extension:test:       [33maria-label[39m=[32m"╨Ш╨╖╨▓╨╗╨╡╤З╤М ╨┤╨░╨╜╨╜╤Л╨╡ ╨┐╤А╨╛╤Д╨╕╨╗╤П ╨║╨░╨╜╨┤╨╕╨┤╨░╤В╨░"[39m
@qbs-autonaim/recruitment-assistant-extension:test:       [33maria-live[39m=[32m"polite"[39m
@qbs-autonaim/recruitment-assistant-extension:test:       [33mdisabled[39m=[32m""[39m
@qbs-autonaim/recruitment-assistant-extension:test:       [33mstyle[39m=[32m"min-width: 44px; min-height: 44px; padding: 12px 24px; font-size: 16px; font-weight: 500; color: #ffffff; background-color: #6b7280; border: none none; border-radius: 8px; cursor: not-all...
@qbs-autonaim/recruitment-assistant-extension:test:       at <anonymous> (C:\Projects\kwork\selectio\node_modules\@testing-library\dom\dist\query-helpers.js:59:30)
@qbs-autonaim/recruitment-assistant-extension:test:       at <anonymous> (C:\Projects\kwork\selectio\node_modules\@testing-library\dom\dist\query-helpers.js:95:19)
@qbs-autonaim/recruitment-assistant-extension:test:       at <anonymous> (C:\Projects\kwork\selectio\apps\recruitment-assistant-extension\src\content\ui\action-button.test.tsx:112:29)
@qbs-autonaim/recruitment-assistant-extension:test: (fail) ActionButton > ╨Т╨╖╨░╨╕╨╝╨╛╨┤╨╡╨╣╤Б╤В╨▓╨╕╨╡ > ╨┤╨╛╨╗╨╢╨╡╨╜ ╨▒╤Л╤В╤М disabled ╨┐╤А╨╕ ╨╖╨░╨│╤А╤Г╨╖╨║╨╡ [63.00ms]
@qbs-autonaim/recruitment-assistant-extension:test: 54 |       const elementStrings = els.map(element => getElementError(null, element).message).join('\n\n');
@qbs-autonaim/recruitment-assistant-extension:test: 55 |       throw getMultipleElementsFoundError(`${getMultipleError(container, ...args)}
@qbs-autonaim/recruitment-assistant-extension:test: 56 | 
@qbs-autonaim/recruitment-assistant-extension:test: 57 | Here are the matching elements:
@qbs-autonaim/recruitment-assistant-extension:test: 58 | 
@qbs-autonaim/recruitment-assistant-extension:test: 59 | ${elementStrings}`, container);
@qbs-autonaim/recruitment-assistant-extension:test:                                   ^
@qbs-autonaim/recruitment-assistant-extension:test: TestingLibraryElementError: Found multiple elements with the role "button"
@qbs-autonaim/recruitment-assistant-extension:test: 
@qbs-autonaim/recruitment-assistant-extension:test: Here are the matching elements:
@qbs-autonaim/recruitment-assistant-extension:test: 
@qbs-autonaim/recruitment-assistant-extension:test: Ignored nodes: comments, script, style
@qbs-autonaim/recruitment-assistant-extension:test: [36m<button[39m
@qbs-autonaim/recruitment-assistant-extension:test:   [33maria-busy[39m=[32m"false"[39m
@qbs-autonaim/recruitment-assistant-extension:test:   [33maria-label[39m=[32m"╨Ш╨╖╨▓╨╗╨╡╤З╤М ╨┤╨░╨╜╨╜╤Л╨╡ ╨┐╤А╨╛╤Д╨╕╨╗╤П ╨║╨░╨╜╨┤╨╕╨┤╨░╤В╨░"[39m
@qbs-autonaim/recruitment-assistant-extension:test:   [33maria-live[39m=[32m"polite"[39m
@qbs-autonaim/recruitment-assistant-extension:test:   [33mstyle[39m=[32m"min-width: 44px; min-height: 44px; padding: 12px 24px; font-size: 16px; font-weight: 500; color: #ffffff; background-color: #2563eb; border: none none; border-radius: 8px; cursor: pointer; touch-action: manipulation; transition: background-color 0.2s ease, transform 0.1s ease, box-shadow 0.2s ease; display: flex; align-items: center; justify-content: center; gap: 8px; box-shadow: 0 1px 3px 0 rgba(0, 0, 0, 0.1), 0 1px 2px -1px rgba(0, 0, 0, 0.1); position: relative; outline-color: none; outline-style: none; outline-width: initial;"[39m
@qbs-autonaim/recruitment-assistant-extension:test:   [33mtype[39m=[32m"button"[39m
@qbs-autonaim/recruitment-assistant-extension:test: [36m>[39m
@qbs-autonaim/recruitment-assistant-extension:test:   [36m<span[39m
@qbs-autonaim/recruitment-assistant-extension:test:     [33mstyle[39m=[32m"white-space: nowrap;"[39m
@qbs-autonaim/recruitment-assistant-extension:test:   [36m>[39m
@qbs-autonaim/recruitment-assistant-extension:test:     [0m╨Ш╨╖╨▓╨╗╨╡╤З╤М ╨┤╨░╨╜╨╜╤Л╨╡[0m
@qbs-autonaim/recruitment-assistant-extension:test:   [36m</span>[39m
@qbs-autonaim/recruitment-assistant-extension:test: [36m</button>[39m
@qbs-autonaim/recruitment-assistant-extension:test: 
@qbs-autonaim/recruitment-assistant-extension:test: Ignored nodes: comments, script, style
@qbs-autonaim/recruitment-assistant-extension:test: [36m<button[39m
@qbs-autonaim/recruitment-assistant-extension:test:   [33maria-busy[39m=[32m"true"[39m
@qbs-autonaim/recruitment-assistant-extension:test:   [33maria-label[39m=[32m"╨Ш╨╖╨▓╨╗╨╡╤З╤М ╨┤╨░╨╜╨╜╤Л╨╡ ╨┐╤А╨╛╤Д╨╕╨╗╤П ╨║╨░╨╜╨┤╨╕╨┤╨░╤В╨░"[39m
@qbs-autonaim/recruitment-assistant-extension:test:   [33maria-live[39m=[32m"polite"[39m
@qbs-autonaim/recruitment-assistant-extension:test:   [33mdisabled[39m=[32m""[39m
@qbs-autonaim/recruitment-assistant-extension:test:   [33mstyle[39m=[32m"min-width: 44px; min-height: 44px; padding: 12px 24px; font-size: 16px; font-weight: 500; color: #ffffff; background-color: #6b7280; border: none none; border-radius: 8px; cursor: not-allowed; touch-action: manipulation; transition: background-color 0.2s ease, transform 0.1s ease, box-shadow 0.2s ease; display: flex; align-items: center; justify-content: center; gap: 8px; box-shadow: 0 1px 3px 0 rgba(0, 0, 0, 0.1), 0 1px 2px -1px rgba(0, 0, 0, 0.1); position: relative; outline-color: none; outline-style: none; outline-width: initial;"[39m
@qbs-autonaim/recruitment-assistant-extension:test:   [33mtype[39m=[32m"button"[39m
@qbs-autonaim/recruitment-assistant-extension:test: [36m>[39m
@qbs-autonaim/recruitment-assistant-extension:test:   [36m<svg[39m
@qbs-autonaim/recruitment-assistant-extension:test:     [33maria-hidden[39m=[32m"true"[39m
@qbs-autonaim/recruitment-assistant-extension:test:     [33mfill[39m=[32m"none"[39m
@qbs-autonaim/recruitment-assistant-extension:test:     [33mrole[39m=[32m"presentation"[39m
@qbs-autonaim/recruitment-assistant-extension:test:     [33mstyle[39m=[32m"width: 16px; height: 16px; animation: spin 1s linear infinite; flex-shrink: 0;"[39m
@qbs-autonaim/recruitment-assistant-extension:test:     [33mviewBox[39m=[32m"0 0 24 24"[39m
@qbs-autonaim/recruitment-assistant-extension:test:   [36m>[39m
@qbs-autonaim/recruitment-assistant-extension:test:     [36m<circle[39m
@qbs-autonaim/recruitment-assistant-extension:test:       [33mcx[39m=[32m"12"[39m
@qbs-autonaim/recruitment-assistant-extension:test:       [33mcy[39m=[32m"12"[39m
@qbs-autonaim/recruitment-assistant-extension:test:       [33mr[39m=[32m"10"[39m
@qbs-autonaim/recruitment-assistant-extension:test:       [33mstroke[39m=[32m"currentColor"[39m
@qbs-autonaim/recruitment-assistant-extension:test:       [33mstroke-opacity[39m=[32m"0.25"[39m
@qbs-autonaim/recruitment-assistant-extension:test:       [33mstroke-width[39m=[32m"4"[39m
@qbs-autonaim/recruitment-assistant-extension:test:     [36m/>[39m
@qbs-autonaim/recruitment-assistant-extension:test:     [36m<path[39m
@qbs-autonaim/recruitment-assistant-extension:test:       [33md[39m=[32m"M4 12a8 8 0 018-8V0C5.373 0 0 5.373 0 12h4zm2 5.291A7.962 7.962 0 014 12H0c0 3.042 1.135 5.824 3 7.938l3-2.647z"[39m
@qbs-autonaim/recruitment-assistant-extension:test:       [33mfill[39m=[32m"currentColor"[39m
@qbs-autonaim/recruitment-assistant-extension:test:       [33mopacity[39m=[32m"0.75"[39m
@qbs-autonaim/recruitment-assistant-extension:test:     [36m/>[39m
@qbs-autonaim/recruitment-assistant-extension:test:   [36m</svg>[39m
@qbs-autonaim/recruitment-assistant-extension:test:   [36m<span[39m
@qbs-autonaim/recruitment-assistant-extension:test:     [33mstyle[39m=[32m"white-space: nowrap;"[39m
@qbs-autonaim/recruitment-assistant-extension:test:   [36m>[39m
@qbs-autonaim/recruitment-assistant-extension:test:     [0m╨Ш╨╖╨▓╨╗╨╡╤З╨╡╨╜╨╕╨╡ ╨┤╨░╨╜╨╜╤Л╤ЕтАж[0m
@qbs-autonaim/recruitment-assistant-extension:test:   [36m</span>[39m
@qbs-autonaim/recruitment-assistant-extension:test: [36m</button>[39m
@qbs-autonaim/recruitment-assistant-extension:test: 
@qbs-autonaim/recruitment-assistant-extension:test: Ignored nodes: comments, script, style
@qbs-autonaim/recruitment-assistant-extension:test: [36m<button[39m
@qbs-autonaim/recruitment-assistant-extension:test:   [33maria-busy[39m=[32m"true"[39m
@qbs-autonaim/recruitment-assistant-extension:test:   [33maria-label[39m=[32m"╨Ш╨╖╨▓╨╗╨╡╤З╤М ╨┤╨░╨╜╨╜╤Л╨╡ ╨┐╤А╨╛╤Д╨╕╨╗╤П ╨║╨░╨╜╨┤╨╕╨┤╨░╤В╨░"[39m
@qbs-autonaim/recruitment-assistant-extension:test:   [33maria-live[39m=[32m"polite"[39m
@qbs-autonaim/recruitment-assistant-extension:test:   [33mdisabled[39m=[32m""[39m
@qbs-autonaim/recruitment-assistant-extension:test:   [33mstyle[39m=[32m"min-width: 44px; min-height: 44px; padding: 12px 24px; font-size: 16px; font-weight: 500; color: #ffffff; background-color: #6b7280; border: none none; border-radius: 8px; cursor: not-allowed; touch-action: manipulation; transition: background-color 0.2s ease, transform 0.1s ease, box-shadow 0.2s ease; display: flex; align-items: center; justify-content: center; gap: 8px; box-shadow: 0 1px 3px 0 rgba(0, 0, 0, 0.1), 0 1px 2px -1px rgba(0, 0, 0, 0.1); position: relative; outline-color: none; outline-style: none; outline-width: initial;"[39m
@qbs-autonaim/recruitment-assistant-extension:test:   [33mtype[39m=[32m"button"[39m
@qbs-autonaim/recruitment-assistant-extension:test: [36m>[39m
@qbs-autonaim/recruitment-assistant-extension:test:   [36m<svg[39m
@qbs-autonaim/recruitment-assistant-extension:test:     [33maria-hidden[39m=[32m"true"[39m
@qbs-autonaim/recruitment-assistant-extension:test:     [33mfill[39m=[32m"none"[39m
@qbs-autonaim/recruitment-assistant-extension:test:     [33mrole[39m=[32m"presentation"[39m
@qbs-autonaim/recruitment-assistant-extension:test:     [33mstyle[39m=[32m"width: 16px; height: 16px; animation: spin 1s linear infinite; flex-shrink: 0;"[39m
@qbs-autonaim/recruitment-assistant-extension:test:     [33mviewBox[39m=[32m"0 0 24 24"[39m
@qbs-autonaim/recruitment-assistant-extension:test:   [36m>[39m
@qbs-autonaim/recruitment-assistant-extension:test:     [36m<circle[39m
@qbs-autonaim/recruitment-assistant-extension:test:       [33mcx[39m=[32m"12"[39m
@qbs-autonaim/recruitment-assistant-extension:test:       [33mcy[39m=[32m"12"[39m
@qbs-autonaim/recruitment-assistant-extension:test:       [33mr[39m=[32m"10"[39m
@qbs-autonaim/recruitment-assistant-extension:test:       [33mstroke[39m=[32m"currentColor"[39m
@qbs-autonaim/recruitment-assistant-extension:test:       [33mstroke-opacity[39m=[32m"0.25"[39m
@qbs-autonaim/recruitment-assistant-extension:test:       [33mstroke-width[39m=[32m"4"[39m
@qbs-autonaim/recruitment-assistant-extension:test:     [36m/>[39m
@qbs-autonaim/recruitment-assistant-extension:test:     [36m<path[39m
@qbs-autonaim/recruitment-assistant-extension:test:       [33md[39m=[32m"M4 12a8 8 0 018-8V0C5.373 0 0 5.373 0 12h4zm2 5.291A7.962 7.962 0 014 12H0c0 3.042 1.135 5.824 3 7.938l3-2.647z"[39m
@qbs-autonaim/recruitment-assistant-extension:test:       [33mfill[39m=[32m"currentColor"[39m
@qbs-autonaim/recruitment-assistant-extension:test:       [33mopacity[39m=[32m"0.75"[39m
@qbs-autonaim/recruitment-assistant-extension:test:     [36m/>[39m
@qbs-autonaim/recruitment-assistant-extension:test:   [36m</svg>[39m
@qbs-autonaim/recruitment-assistant-extension:test:   [36m<span[39m
@qbs-autonaim/recruitment-assistant-extension:test:     [33mstyle[39m=[32m"white-space: nowrap;"[39m
@qbs-autonaim/recruitment-assistant-extension:test:   [36m>[39m
@qbs-autonaim/recruitment-assistant-extension:test:     [0m╨Ш╨╖╨▓╨╗╨╡╤З╨╡╨╜╨╕╨╡ ╨┤╨░╨╜╨╜╤Л╤ЕтАж[0m
@qbs-autonaim/recruitment-assistant-extension:test:   [36m</span>[39m
@qbs-autonaim/recruitment-assistant-extension:test: [36m</button>[39m
@qbs-autonaim/recruitment-assistant-extension:test: 
@qbs-autonaim/recruitment-assistant-extension:test: Ignored nodes: comments, script, style
@qbs-autonaim/recruitment-assistant-extension:test: [36m<button[39m
@qbs-autonaim/recruitment-assistant-extension:test:   [33maria-busy[39m=[32m"false"[39m
@qbs-autonaim/recruitment-assistant-extension:test:   [33maria-label[39m=[32m"╨Ш╨╖╨▓╨╗╨╡╤З╤М ╨┤╨░╨╜╨╜╤Л╨╡ ╨┐╤А╨╛╤Д╨╕╨╗╤П ╨║╨░╨╜╨┤╨╕╨┤╨░╤В╨░"[39m
@qbs-autonaim/recruitment-assistant-extension:test:   [33maria-live[39m=[32m"polite"[39m
@qbs-autonaim/recruitment-assistant-extension:test:   [33mstyle[39m=[32m"min-width: 44px; min-height: 44px; padding: 12px 24px; font-size: 16px; font-weight: 500; color: #ffffff; background-color: #2563eb; border: none none; border-radius: 8px; cursor: pointer; touch-action: manipulation; transition: background-color 0.2s ease, transform 0.1s ease, box-shadow 0.2s ease; display: flex; align-items: center; justify-content: center; gap: 8px; box-shadow: 0 1px 3px 0 rgba(0, 0, 0, 0.1), 0 1px 2px -1px rgba(0, 0, 0, 0.1); position: relative; outline-color: none; outline-style: none; outline-width: initial;"[39m
@qbs-autonaim/recruitment-assistant-extension:test:   [33mtype[39m=[32m"button"[39m
@qbs-autonaim/recruitment-assistant-extension:test: [36m>[39m
@qbs-autonaim/recruitment-assistant-extension:test:   [36m<span[39m
@qbs-autonaim/recruitment-assistant-extension:test:     [33mstyle[39m=[32m"white-space: nowrap;"[39m
@qbs-autonaim/recruitment-assistant-extension:test:   [36m>[39m
@qbs-autonaim/recruitment-assistant-extension:test:     [0m╨Ш╨╖╨▓╨╗╨╡╤З╤М ╨┤╨░╨╜╨╜╤Л╨╡[0m
@qbs-autonaim/recruitment-assistant-extension:test:   [36m</span>[39m
@qbs-autonaim/recruitment-assistant-extension:test: [36m</button>[39m
@qbs-autonaim/recruitment-assistant-extension:test: 
@qbs-autonaim/recruitment-assistant-extension:test: Ignored nodes: comments, script, style
@qbs-autonaim/recruitment-assistant-extension:test: [36m<button[39m
@qbs-autonaim/recruitment-assistant-extension:test:   [33maria-busy[39m=[32m"false"[39m
@qbs-autonaim/recruitment-assistant-extension:test:   [33maria-label[39m=[32m"╨Ш╨╖╨▓╨╗╨╡╤З╤М ╨┤╨░╨╜╨╜╤Л╨╡ ╨┐╤А╨╛╤Д╨╕╨╗╤П ╨║╨░╨╜╨┤╨╕╨┤╨░╤В╨░"[39m
@qbs-autonaim/recruitment-assistant-extension:test:   [33maria-live[39m=[32m"polite"[39m
@qbs-autonaim/recruitment-assistant-extension:test:   [33mstyle[39m=[32m"min-width: 44px; min-height: 44px; padding: 12px 24px; font-size: 16px; font-weight: 500; color: #ffffff; background-color: #2563eb; border: none none; border-radius: 8px; cursor: pointer; touch-action: manipulation; transition: background-color 0.2s ease, transform 0.1s ease, box-shadow 0.2s ease; display: flex; align-items: center; justify-content: center; gap: 8px; box-shadow: 0 1px 3px 0 rgba(0, 0, 0, 0.1), 0 1px 2px -1px rgba(0, 0, 0, 0.1); position: relative; outline-color: none; outline-style: none; outline-width: initial;"[39m
@qbs-autonaim/recruitment-assistant-extension:test:   [33mtype[39m=[32m"button"[39m
@qbs-autonaim/recruitment-assistant-extension:test: [36m>[39m
@qbs-autonaim/recruitment-assistant-extension:test:   [36m<span[39m
@qbs-autonaim/recruitment-assistant-extension:test:     [33mstyle[39m=[32m"white-space: nowrap;"[39m
@qbs-autonaim/recruitment-assistant-extension:test:   [36m>[39m
@qbs-autonaim/recruitment-assistant-extension:test:     [0m╨Ш╨╖╨▓╨╗╨╡╤З╤М ╨┤╨░╨╜╨╜╤Л╨╡[0m
@qbs-autonaim/recruitment-assistant-extension:test:   [36m</span>[39m
@qbs-autonaim/recruitment-assistant-extension:test: [36m</button>[39m
@qbs-autonaim/recruitment-assistant-extension:test: 
@qbs-autonaim/recruitment-assistant-extension:test: Ignored nodes: comments, script, style
@qbs-autonaim/recruitment-assistant-extension:test: [36m<button[39m
@qbs-autonaim/recruitment-assistant-extension:test:   [33maria-busy[39m=[32m"false"[39m
@qbs-autonaim/recruitment-assistant-extension:test:   [33maria-label[39m=[32m"╨Ш╨╖╨▓╨╗╨╡╤З╤М ╨┤╨░╨╜╨╜╤Л╨╡ ╨┐╤А╨╛╤Д╨╕╨╗╤П ╨║╨░╨╜╨┤╨╕╨┤╨░╤В╨░"[39m
@qbs-autonaim/recruitment-assistant-extension:test:   [33maria-live[39m=[32m"polite"[39m
@qbs-autonaim/recruitment-assistant-extension:test:   [33mstyle[39m=[32m"min-width: 44px; min-height: 44px; padding: 12px 24px; font-size: 16px; font-weight: 500; color: #ffffff; background-color: #2563eb; border: none none; border-radius: 8px; cursor: pointer; touch-action: manipulation; transition: background-color 0.2s ease, transform 0.1s ease, box-shadow 0.2s ease; display: flex; align-items: center; justify-content: center; gap: 8px; box-shadow: 0 1px 3px 0 rgba(0, 0, 0, 0.1), 0 1px 2px -1px rgba(0, 0, 0, 0.1); position: relative; outline-color: none; outline-style: none; outline-width: initial;"[39m
@qbs-autonaim/recruitment-assistant-extension:test:   [33mtype[39m=[32m"button"[39m
@qbs-autonaim/recruitment-assistant-extension:test: [36m>[39m
@qbs-autonaim/recruitment-assistant-extension:test:   [36m<span[39m
@qbs-autonaim/recruitment-assistant-extension:test:     [33mstyle[39m=[32m"white-space: nowrap;"[39m
@qbs-autonaim/recruitment-assistant-extension:test:   [36m>[39m
@qbs-autonaim/recruitment-assistant-extension:test:     [0m╨Ш╨╖╨▓╨╗╨╡╤З╤М ╨┤╨░╨╜╨╜╤Л╨╡[0m
@qbs-autonaim/recruitment-assistant-extension:test:   [36m</span>[39m
@qbs-autonaim/recruitment-assistant-extension:test: [36m</button>[39m
@qbs-autonaim/recruitment-assistant-extension:test: 
@qbs-autonaim/recruitment-assistant-extension:test: Ignored nodes: comments, script, style
@qbs-autonaim/recruitment-assistant-extension:test: [36m<button[39m
@qbs-autonaim/recruitment-assistant-extension:test:   [33maria-busy[39m=[32m"true"[39m
@qbs-autonaim/recruitment-assistant-extension:test:   [33maria-label[39m=[32m"╨Ш╨╖╨▓╨╗╨╡╤З╤М ╨┤╨░╨╜╨╜╤Л╨╡ ╨┐╤А╨╛╤Д╨╕╨╗╤П ╨║╨░╨╜╨┤╨╕╨┤╨░╤В╨░"[39m
@qbs-autonaim/recruitment-assistant-extension:test:   [33maria-live[39m=[32m"polite"[39m
@qbs-autonaim/recruitment-assistant-extension:test:   [33mdisabled[39m=[32m""[39m
@qbs-autonaim/recruitment-assistant-extension:test:   [33mstyle[39m=[32m"min-width: 44px; min-height: 44px; padding: 12px 24px; font-size: 16px; font-weight: 500; color: #ffffff; background-color: #6b7280; border: none none; border-radius: 8px; cursor: not-allowed; touch-action: manipulation; transition: background-color 0.2s ease, transform 0.1s ease, box-shadow 0.2s ease; display: flex; align-items: center; justify-content: center; gap: 8px; box-shadow: 0 1px 3px 0 rgba(0, 0, 0, 0.1), 0 1px 2px -1px rgba(0, 0, 0, 0.1); position: relative; outline-color: none; outline-style: none; outline-width: initial;"[39m
@qbs-autonaim/recruitment-assistant-extension:test:   [33mtype[39m=[32m"button"[39m
@qbs-autonaim/recruitment-assistant-extension:test: [36m>[39m
@qbs-autonaim/recruitment-assistant-extension:test:   [36m<svg[39m
@qbs-autonaim/recruitment-assistant-extension:test:     [33maria-hidden[39m=[32m"true"[39m
@qbs-autonaim/recruitment-assistant-extension:test:     [33mfill[39m=[32m"none"[39m
@qbs-autonaim/recruitment-assistant-extension:test:     [33mrole[39m=[32m"presentation"[39m
@qbs-autonaim/recruitment-assistant-extension:test:     [33mstyle[39m=[32m"width: 16px; height: 16px; animation: spin 1s linear infinite; flex-shrink: 0;"[39m
@qbs-autonaim/recruitment-assistant-extension:test:     [33mviewBox[39m=[32m"0 0 24 24"[39m
@qbs-autonaim/recruitment-assistant-extension:test:   [36m>[39m
@qbs-autonaim/recruitment-assistant-extension:test:     [36m<circle[39m
@qbs-autonaim/recruitment-assistant-extension:test:       [33mcx[39m=[32m"12"[39m
@qbs-autonaim/recruitment-assistant-extension:test:       [33mcy[39m=[32m"12"[39m
@qbs-autonaim/recruitment-assistant-extension:test:       [33mr[39m=[32m"10"[39m
@qbs-autonaim/recruitment-assistant-extension:test:       [33mstroke[39m=[32m"currentColor"[39m
@qbs-autonaim/recruitment-assistant-extension:test:       [33mstroke-opacity[39m=[32m"0.25"[39m
@qbs-autonaim/recruitment-assistant-extension:test:       [33mstroke-width[39m=[32m"4"[39m
@qbs-autonaim/recruitment-assistant-extension:test:     [36m/>[39m
@qbs-autonaim/recruitment-assistant-extension:test:     [36m<path[39m
@qbs-autonaim/recruitment-assistant-extension:test:       [33md[39m=[32m"M4 12a8 8 0 018-8V0C5.373 0 0 5.373 0 12h4zm2 5.291A7.962 7.962 0 014 12H0c0 3.042 1.135 5.824 3 7.938l3-2.647z"[39m
@qbs-autonaim/recruitment-assistant-extension:test:       [33mfill[39m=[32m"currentColor"[39m
@qbs-autonaim/recruitment-assistant-extension:test:       [33mopacity[39m=[32m"0.75"[39m
@qbs-autonaim/recruitment-assistant-extension:test:     [36m/>[39m
@qbs-autonaim/recruitment-assistant-extension:test:   [36m</svg>[39m
@qbs-autonaim/recruitment-assistant-extension:test:   [36m<span[39m
@qbs-autonaim/recruitment-assistant-extension:test:     [33mstyle[39m=[32m"white-space: nowrap;"[39m
@qbs-autonaim/recruitment-assistant-extension:test:   [36m>[39m
@qbs-autonaim/recruitment-assistant-extension:test:     [0m╨Ш╨╖╨▓╨╗╨╡╤З╨╡╨╜╨╕╨╡ ╨┤╨░╨╜╨╜╤Л╤ЕтАж[0m
@qbs-autonaim/recruitment-assistant-extension:test:   [36m</span>[39m
@qbs-autonaim/recruitment-assistant-extension:test: [36m</button>[39m
@qbs-autonaim/recruitment-assistant-extension:test: 
@qbs-autonaim/recruitment-assistant-extension:test: Ignored nodes: comments, script, style
@qbs-autonaim/recruitment-assistant-extension:test: [36m<button[39m
@qbs-autonaim/recruitment-assistant-extension:test:   [33maria-busy[39m=[32m"false"[39m
@qbs-autonaim/recruitment-assistant-extension:test:   [33maria-label[39m=[32m"╨Ш╨╖╨▓╨╗╨╡╤З╤М ╨┤╨░╨╜╨╜╤Л╨╡ ╨┐╤А╨╛╤Д╨╕╨╗╤П ╨║╨░╨╜╨┤╨╕╨┤╨░╤В╨░"[39m
@qbs-autonaim/recruitment-assistant-extension:test:   [33maria-live[39m=[32m"polite"[39m
@qbs-autonaim/recruitment-assistant-extension:test:   [33mstyle[39m=[32m"min-width: 44px; min-height: 44px; padding: 12px 24px; font-size: 16px; font-weight: 500; color: #ffffff; background-color: #2563eb; border: none none; border-radius: 8px; cursor: pointer; touch-action: manipulation; transition: background-color 0.2s ease, transform 0.1s ease, box-shadow 0.2s ease; display: flex; align-items: center; justify-content: center; gap: 8px; box-shadow: 0 1px 3px 0 rgba(0, 0, 0, 0.1), 0 1px 2px -1px rgba(0, 0, 0, 0.1); position: relative; outline-color: none; outline-style: none; outline-width: initial;"[39m
@qbs-autonaim/recruitment-assistant-extension:test:   [33mtype[39m=[32m"button"[39m
@qbs-autonaim/recruitment-assistant-extension:test: [36m>[39m
@qbs-autonaim/recruitment-assistant-extension:test:   [36m<span[39m
@qbs-autonaim/recruitment-assistant-extension:test:     [33mstyle[39m=[32m"white-space: nowrap;"[39m
@qbs-autonaim/recruitment-assistant-extension:test:   [36m>[39m
@qbs-autonaim/recruitment-assistant-extension:test:     [0m╨Ш╨╖╨▓╨╗╨╡╤З╤М ╨┤╨░╨╜╨╜╤Л╨╡[0m
@qbs-autonaim/recruitment-assistant-extension:test:   [36m</span>[39m
@qbs-autonaim/recruitment-assistant-extension:test: [36m</button>[39m
@qbs-autonaim/recruitment-assistant-extension:test: 
@qbs-autonaim/recruitment-assistant-extension:test: Ignored nodes: comments, script, style
@qbs-autonaim/recruitment-assistant-extension:test: [36m<button[39m
@qbs-autonaim/recruitment-assistant-extension:test:   [33maria-busy[39m=[32m"true"[39m
@qbs-autonaim/recruitment-assistant-extension:test:   [33maria-label[39m=[32m"╨Ш╨╖╨▓╨╗╨╡╤З╤М ╨┤╨░╨╜╨╜╤Л╨╡ ╨┐╤А╨╛╤Д╨╕╨╗╤П ╨║╨░╨╜╨┤╨╕╨┤╨░╤В╨░"[39m
@qbs-autonaim/recruitment-assistant-extension:test:   [33maria-live[39m=[32m"polite"[39m
@qbs-autonaim/recruitment-assistant-extension:test:   [33mdisabled[39m=[32m""[39m
@qbs-autonaim/recruitment-assistant-extension:test:   [33mstyle[39m=[32m"min-width: 44px; min-height: 44px; padding: 12px 24px; font-size: 16px; font-weight: 500; color: #ffffff; background-color: #6b7280; border: none none; border-radius: 8px; cursor: not-allowed; touch-action: manipulation; transition: background-color 0.2s ease, transform 0.1s ease, box-shadow 0.2s ease; display: flex; align-items: center; justify-content: center; gap: 8px; box-shadow: 0 1px 3px 0 rgba(0, 0, 0, 0.1), 0 1px 2px -1px rgba(0, 0, 0, 0.1); position: relative; outline-color: none; outline-style: none; outline-width: initial;"[39m
@qbs-autonaim/recruitment-assistant-extension:test:   [33mtype[39m=[32m"button"[39m
@qbs-autonaim/recruitment-assistant-extension:test: [36m>[39m
@qbs-autonaim/recruitment-assistant-extension:test:   [36m<svg[39m
@qbs-autonaim/recruitment-assistant-extension:test:     [33maria-hidden[39m=[32m"true"[39m
@qbs-autonaim/recruitment-assistant-extension:test:     [33mfill[39m=[32m"none"[39m
@qbs-autonaim/recruitment-assistant-extension:test:     [33mrole[39m=[32m"presentation"[39m
@qbs-autonaim/recruitment-assistant-extension:test:     [33mstyle[39m=[32m"width: 16px; height: 16px; animation: spin 1s linear infinite; flex-shrink: 0;"[39m
@qbs-autonaim/recruitment-assistant-extension:test:     [33mviewBox[39m=[32m"0 0 24 24"[39m
@qbs-autonaim/recruitment-assistant-extension:test:   [36m>[39m
@qbs-autonaim/recruitment-assistant-extension:test:     [36m<circle[39m
@qbs-autonaim/recruitment-assistant-extension:test:       [33mcx[39m=[32m"12"[39m
@qbs-autonaim/recruitment-assistant-extension:test:       [33mcy[39m=[32m"12"[39m
@qbs-autonaim/recruitment-assistant-extension:test:       [33mr[39m=[32m"10"[39m
@qbs-autonaim/recruitment-assistant-extension:test:       [33mstroke[39m=[32m"currentColor"[39m
@qbs-autonaim/recruitment-assistant-extension:test:       [33mstroke-opacity[39m=[32m"0.25"[39m
@qbs-autonaim/recruitment-assistant-extension:test:       [33mstroke-width[39m=[32m"4"[39m
@qbs-autonaim/recruitment-assistant-extension:test:     [36m/>[39m
@qbs-autonaim/recruitment-assistant-extension:test:     [36m<path[39m
@qbs-autonaim/recruitment-assistant-extension:test:       [33md[39m=[32m"M4 12a8 8 0 018-8V0C5.373 0 0 5.373 0 12h4zm2 5.291A7.962 7.962 0 014 12H0c0 3.042 1.135 5.824 3 7.938l3-2.647z"[39m
@qbs-autonaim/recruitment-assistant-extension:test:       [33mfill[39m=[32m"currentColor"[39m
@qbs-autonaim/recruitment-assistant-extension:test:       [33mopacity[39m=[32m"0.75"[39m
@qbs-autonaim/recruitment-assistant-extension:test:     [36m/>[39m
@qbs-autonaim/recruitment-assistant-extension:test:   [36m</svg>[39m
@qbs-autonaim/recruitment-assistant-extension:test:   [36m<span[39m
@qbs-autonaim/recruitment-assistant-extension:test:     [33mstyle[39m=[32m"white-space: nowrap;"[39m
@qbs-autonaim/recruitment-assistant-extension:test:   [36m>[39m
@qbs-autonaim/recruitment-assistant-extension:test:     [0m╨Ш╨╖╨▓╨╗╨╡╤З╨╡╨╜╨╕╨╡ ╨┤╨░╨╜╨╜╤Л╤ЕтАж[0m
@qbs-autonaim/recruitment-assistant-extension:test:   [36m</span>[39m
@qbs-autonaim/recruitment-assistant-extension:test: [36m</button>[39m
@qbs-autonaim/recruitment-assistant-extension:test: 
@qbs-autonaim/recruitment-assistant-extension:test: Ignored nodes: comments, script, style
@qbs-autonaim/recruitment-assistant-extension:test: [36m<button[39m
@qbs-autonaim/recruitment-assistant-extension:test:   [33maria-busy[39m=[32m"false"[39m
@qbs-autonaim/recruitment-assistant-extension:test:   [33maria-label[39m=[32m"╨Ш╨╖╨▓╨╗╨╡╤З╤М ╨┤╨░╨╜╨╜╤Л╨╡ ╨┐╤А╨╛╤Д╨╕╨╗╤П ╨║╨░╨╜╨┤╨╕╨┤╨░╤В╨░"[39m
@qbs-autonaim/recruitment-assistant-extension:test:   [33maria-live[39m=[32m"polite"[39m
@qbs-autonaim/recruitment-assistant-extension:test:   [33mstyle[39m=[32m"min-width: 44px; min-height: 44px; padding: 12px 24px; font-size: 16px; font-weight: 500; color: #ffffff; background-color: #2563eb; border: none none; border-radius: 8px; cursor: pointer; touch-action: manipulation; transition: background-color 0.2s ease, transform 0.1s ease, box-shadow 0.2s ease; display: flex; align-items: center; justify-content: center; gap: 8px; box-shadow: 0 1px 3px 0 rgba(0, 0, 0, 0.1), 0 1px 2px -1px rgba(0, 0, 0, 0.1); position: relative; outline-color: none; outline-style: none; outline-width: initial;"[39m
@qbs-autonaim/recruitment-assistant-extension:test:   [33mtype[39m=[32m"button"[39m
@qbs-autonaim/recruitment-assistant-extension:test: [36m>[39m
@qbs-autonaim/recruitment-assistant-extension:test:   [36m<span[39m
@qbs-autonaim/recruitment-assistant-extension:test:     [33mstyle[39m=[32m"white-space: nowrap;"[39m
@qbs-autonaim/recruitment-assistant-extension:test:   [36m>[39m
@qbs-autonaim/recruitment-assistant-extension:test:     [0m╨Ш╨╖╨▓╨╗╨╡╤З╤М ╨┤╨░╨╜╨╜╤Л╨╡[0m
@qbs-autonaim/recruitment-assistant-extension:test:   [36m</span>[39m
@qbs-autonaim/recruitment-assistant-extension:test: [36m</button>[39m
@qbs-autonaim/recruitment-assistant-extension:test: 
@qbs-autonaim/recruitment-assistant-extension:test: Ignored nodes: comments, script, style
@qbs-autonaim/recruitment-assistant-extension:test: [36m<button[39m
@qbs-autonaim/recruitment-assistant-extension:test:   [33maria-busy[39m=[32m"true"[39m
@qbs-autonaim/recruitment-assistant-extension:test:   [33maria-label[39m=[32m"╨Ш╨╖╨▓╨╗╨╡╤З╤М ╨┤╨░╨╜╨╜╤Л╨╡ ╨┐╤А╨╛╤Д╨╕╨╗╤П ╨║╨░╨╜╨┤╨╕╨┤╨░╤В╨░"[39m
@qbs-autonaim/recruitment-assistant-extension:test:   [33maria-live[39m=[32m"polite"[39m
@qbs-autonaim/recruitment-assistant-extension:test:   [33mdisabled[39m=[32m""[39m
@qbs-autonaim/recruitment-assistant-extension:test:   [33mstyle[39m=[32m"min-width: 44px; min-height: 44px; padding: 12px 24px; font-size: 16px; font-weight: 500; color: #ffffff; background-color: #6b7280; border: none none; border-radius: 8px; cursor: not-allowed; touch-action: manipulation; transition: background-color 0.2s ease, transform 0.1s ease, box-shadow 0.2s ease; display: flex; align-items: center; justify-content: center; gap: 8px; box-shadow: 0 1px 3px 0 rgba(0, 0, 0, 0.1), 0 1px 2px -1px rgba(0, 0, 0, 0.1); position: relative; outline-color: none; outline-style: none; outline-width: initial;"[39m
@qbs-autonaim/recruitment-assistant-extension:test:   [33mtype[39m=[32m"button"[39m
@qbs-autonaim/recruitment-assistant-extension:test: [36m>[39m
@qbs-autonaim/recruitment-assistant-extension:test:   [36m<svg[39m
@qbs-autonaim/recruitment-assistant-extension:test:     [33maria-hidden[39m=[32m"true"[39m
@qbs-autonaim/recruitment-assistant-extension:test:     [33mfill[39m=[32m"none"[39m
@qbs-autonaim/recruitment-assistant-extension:test:     [33mrole[39m=[32m"presentation"[39m
@qbs-autonaim/recruitment-assistant-extension:test:     [33mstyle[39m=[32m"width: 16px; height: 16px; animation: spin 1s linear infinite; flex-shrink: 0;"[39m
@qbs-autonaim/recruitment-assistant-extension:test:     [33mviewBox[39m=[32m"0 0 24 24"[39m
@qbs-autonaim/recruitment-assistant-extension:test:   [36m>[39m
@qbs-autonaim/recruitment-assistant-extension:test:     [36m<circle[39m
@qbs-autonaim/recruitment-assistant-extension:test:       [33mcx[39m=[32m"12"[39m
@qbs-autonaim/recruitment-assistant-extension:test:       [33mcy[39m=[32m"12"[39m
@qbs-autonaim/recruitment-assistant-extension:test:       [33mr[39m=[32m"10"[39m
@qbs-autonaim/recruitment-assistant-extension:test:       [33mstroke[39m=[32m"currentColor"[39m
@qbs-autonaim/recruitment-assistant-extension:test:       [33mstroke-opacity[39m=[32m"0.25"[39m
@qbs-autonaim/recruitment-assistant-extension:test:       [33mstroke-width[39m=[32m"4"[39m
@qbs-autonaim/recruitment-assistant-extension:test:     [36m/>[39m
@qbs-autonaim/recruitment-assistant-extension:test:     [36m<path[39m
@qbs-autonaim/recruitment-assistant-extension:test:       [33md[39m=[32m"M4 12a8 8 0 018-8V0C5.373 0 0 5.373 0 12h4zm2 5.291A7.962 7.962 0 014 12H0c0 3.042 1.135 5.824 3 7.938l3-2.647z"[39m
@qbs-autonaim/recruitment-assistant-extension:test:       [33mfill[39m=[32m"currentColor"[39m
@qbs-autonaim/recruitment-assistant-extension:test:       [33mopacity[39m=[32m"0.75"[39m
@qbs-autonaim/recruitment-assistant-extension:test:     [36m/>[39m
@qbs-autonaim/recruitment-assistant-extension:test:   [36m</svg>[39m
@qbs-autonaim/recruitment-assistant-extension:test:   [36m<span[39m
@qbs-autonaim/recruitment-assistant-extension:test:     [33mstyle[39m=[32m"white-space: nowrap;"[39m
@qbs-autonaim/recruitment-assistant-extension:test:   [36m>[39m
@qbs-autonaim/recruitment-assistant-extension:test:     [0m╨Ш╨╖╨▓╨╗╨╡╤З╨╡╨╜╨╕╨╡ ╨┤╨░╨╜╨╜╤Л╤ЕтАж[0m
@qbs-autonaim/recruitment-assistant-extension:test:   [36m</span>[39m
@qbs-autonaim/recruitment-assistant-extension:test: [36m</button>[39m
@qbs-autonaim/recruitment-assistant-extension:test: 
@qbs-autonaim/recruitment-assistant-extension:test: Ignored nodes: comments, script, style
@qbs-autonaim/recruitment-assistant-extension:test: [36m<button[39m
@qbs-autonaim/recruitment-assistant-extension:test:   [33maria-busy[39m=[32m"true"[39m
@qbs-autonaim/recruitment-assistant-extension:test:   [33maria-label[39m=[32m"╨Ш╨╖╨▓╨╗╨╡╤З╤М ╨┤╨░╨╜╨╜╤Л╨╡ ╨┐╤А╨╛╤Д╨╕╨╗╤П ╨║╨░╨╜╨┤╨╕╨┤╨░╤В╨░"[39m
@qbs-autonaim/recruitment-assistant-extension:test:   [33maria-live[39m=[32m"polite"[39m
@qbs-autonaim/recruitment-assistant-extension:test:   [33mdisabled[39m=[32m""[39m
@qbs-autonaim/recruitment-assistant-extension:test:   [33mstyle[39m=[32m"min-width: 44px; min-height: 44px; padding: 12px 24px; font-size: 16px; font-weight: 500; color: #ffffff; background-color: #6b7280; border: none none; border-radius: 8px; cursor: not-allowed; touch-action: manipulation; transition: background-color 0.2s ease, transform 0.1s ease, box-shadow 0.2s ease; display: flex; align-items: center; justify-content: center; gap: 8px; box-shadow: 0 1px 3px 0 rgba(0, 0, 0, 0.1), 0 1px 2px -1px rgba(0, 0, 0, 0.1); position: relative; outline-color: none; outline-style: none; outline-width: initial;"[39m
@qbs-autonaim/recruitment-assistant-extension:test:   [33mtype[39m=[32m"button"[39m
@qbs-autonaim/recruitment-assistant-extension:test: [36m>[39m
@qbs-autonaim/recruitment-assistant-extension:test:   [36m<svg[39m
@qbs-autonaim/recruitment-assistant-extension:test:     [33maria-hidden[39m=[32m"true"[39m
@qbs-autonaim/recruitment-assistant-extension:test:     [33mfill[39m=[32m"none"[39m
@qbs-autonaim/recruitment-assistant-extension:test:     [33mrole[39m=[32m"presentation"[39m
@qbs-autonaim/recruitment-assistant-extension:test:     [33mstyle[39m=[32m"width: 16px; height: 16px; animation: spin 1s linear infinite; flex-shrink: 0;"[39m
@qbs-autonaim/recruitment-assistant-extension:test:     [33mviewBox[39m=[32m"0 0 24 24"[39m
@qbs-autonaim/recruitment-assistant-extension:test:   [36m>[39m
@qbs-autonaim/recruitment-assistant-extension:test:     [36m<circle[39m
@qbs-autonaim/recruitment-assistant-extension:test:       [33mcx[39m=[32m"12"[39m
@qbs-autonaim/recruitment-assistant-extension:test:       [33mcy[39m=[32m"12"[39m
@qbs-autonaim/recruitment-assistant-extension:test:       [33mr[39m=[32m"10"[39m
@qbs-autonaim/recruitment-assistant-extension:test:       [33mstroke[39m=[32m"currentColor"[39m
@qbs-autonaim/recruitment-assistant-extension:test:       [33mstroke-opacity[39m=[32m"0.25"[39m
@qbs-autonaim/recruitment-assistant-extension:test:       [33mstroke-width[39m=[32m"4"[39m
@qbs-autonaim/recruitment-assistant-extension:test:     [36m/>[39m
@qbs-autonaim/recruitment-assistant-extension:test:     [36m<path[39m
@qbs-autonaim/recruitment-assistant-extension:test:       [33md[39m=[32m"M4 12a8 8 0 018-8V0C5.373 0 0 5.373 0 12h4zm2 5.291A7.962 7.962 0 014 12H0c0 3.042 1.135 5.824 3 7.938l3-2.647z"[39m
@qbs-autonaim/recruitment-assistant-extension:test:       [33mfill[39m=[32m"currentColor"[39m
@qbs-autonaim/recruitment-assistant-extension:test:       [33mopacity[39m=[32m"0.75"[39m
@qbs-autonaim/recruitment-assistant-extension:test:     [36m/>[39m
@qbs-autonaim/recruitment-assistant-extension:test:   [36m</svg>[39m
@qbs-autonaim/recruitment-assistant-extension:test:   [36m<span[39m
@qbs-autonaim/recruitment-assistant-extension:test:     [33mstyle[39m=[32m"white-space: nowrap;"[39m
@qbs-autonaim/recruitment-assistant-extension:test:   [36m>[39m
@qbs-autonaim/recruitment-assistant-extension:test:     [0m╨Ш╨╖╨▓╨╗╨╡╤З╨╡╨╜╨╕╨╡ ╨┤╨░╨╜╨╜╤Л╤ЕтАж[0m
@qbs-autonaim/recruitment-assistant-extension:test:   [36m</span>[39m
@qbs-autonaim/recruitment-assistant-extension:test: [36m</button>[39m
@qbs-autonaim/recruitment-assistant-extension:test: 
@qbs-autonaim/recruitment-assistant-extension:test: Ignored nodes: comments, script, style
@qbs-autonaim/recruitment-assistant-extension:test: [36m<button[39m
@qbs-autonaim/recruitment-assistant-extension:test:   [33maria-busy[39m=[32m"false"[39m
@qbs-autonaim/recruitment-assistant-extension:test:   [33maria-label[39m=[32m"╨Ш╨╖╨▓╨╗╨╡╤З╤М ╨┤╨░╨╜╨╜╤Л╨╡ ╨┐╤А╨╛╤Д╨╕╨╗╤П ╨║╨░╨╜╨┤╨╕╨┤╨░╤В╨░"[39m
@qbs-autonaim/recruitment-assistant-extension:test:   [33maria-live[39m=[32m"polite"[39m
@qbs-autonaim/recruitment-assistant-extension:test:   [33mstyle[39m=[32m"min-width: 44px; min-height: 44px; padding: 12px 24px; font-size: 16px; font-weight: 500; color: #ffffff; background-color: #2563eb; border: none none; border-radius: 8px; cursor: pointer; touch-action: manipulation; transition: background-color 0.2s ease, transform 0.1s ease, box-shadow 0.2s ease; display: flex; align-items: center; justify-content: center; gap: 8px; box-shadow: 0 1px 3px 0 rgba(0, 0, 0, 0.1), 0 1px 2px -1px rgba(0, 0, 0, 0.1); position: relative; outline-color: none; outline-style: none; outline-width: initial;"[39m
@qbs-autonaim/recruitment-assistant-extension:test:   [33mtype[39m=[32m"button"[39m
@qbs-autonaim/recruitment-assistant-extension:test: [36m>[39m
@qbs-autonaim/recruitment-assistant-extension:test:   [36m<span[39m
@qbs-autonaim/recruitment-assistant-extension:test:     [33mstyle[39m=[32m"white-space: nowrap;"[39m
@qbs-autonaim/recruitment-assistant-extension:test:   [36m>[39m
@qbs-autonaim/recruitment-assistant-extension:test:     [0m╨Ш╨╖╨▓╨╗╨╡╤З╤М ╨┤╨░╨╜╨╜╤Л╨╡[0m
@qbs-autonaim/recruitment-assistant-extension:test:   [36m</span>[39m
@qbs-autonaim/recruitment-assistant-extension:test: [36m</button>[39m
@qbs-autonaim/recruitment-assistant-extension:test: 
@qbs-autonaim/recruitment-assistant-extension:test: (If this is intentional, then use the `*AllBy*` variant of the query (like `queryAllByText`, `getAllByText`, or `findAllByText`)).
@qbs-autonaim/recruitment-assistant-extension:test: 
@qbs-autonaim/recruitment-assistant-extension:test: Ignored nodes: comments, script, style
@qbs-autonaim/recruitment-assistant-extension:test: [36m<body>[39m
@qbs-autonaim/recruitment-assistant-extension:test:   [0m
@qbs-autonaim/recruitment-assistant-extension:test:         [0m
@qbs-autonaim/recruitment-assistant-extension:test:   [36m<h1[39m
@qbs-autonaim/recruitment-assistant-extension:test:     [33mclass[39m=[32m"text-heading-xlarge"[39m
@qbs-autonaim/recruitment-assistant-extension:test:   [36m>[39m
@qbs-autonaim/recruitment-assistant-extension:test:     [0m╨Ш╨▓╨░╨╜ ╨Ш╨▓╨░╨╜╨╛╨▓[0m
@qbs-autonaim/recruitment-assistant-extension:test:   [36m</h1>[39m
@qbs-autonaim/recruitment-assistant-extension:test:   [0m
@qbs-autonaim/recruitment-assistant-extension:test:         [0m
@qbs-autonaim/recruitment-assistant-extension:test:   [36m<div[39m
@qbs-autonaim/recruitment-assistant-extension:test:     [33mclass[39m=[32m"text-body-medium"[39m
@qbs-autonaim/recruitment-assistant-extension:test:   [36m>[39m
@qbs-autonaim/recruitment-assistant-extension:test:     [0mSenior Developer[0m
@qbs-autonaim/recruitment-assistant-extension:test:   [36m</div>[39m
@qbs-autonaim/recruitment-assistant-extension:test:   [0m
@qbs-autonaim/recruitment-assistant-extension:test:         [0m
@qbs-autonaim/recruitment-assistant-extension:test:   [36m<span[39m
@qbs-autonaim/recruitment-assistant-extension:test:     [33mclass[39m=[32m"text-body-small inline"[39m
@qbs-autonaim/recruitment-assistant-extension:test:   [36m>[39m
@qbs-autonaim/recruitment-assistant-extension:test:     [0m╨Ь╨╛╤Б╨║╨▓╨░, ╨а╨╛╤Б╤Б╨╕╤П[0m
@qbs-autonaim/recruitment-assistant-extension:test:   [36m</span>[39m
@qbs-autonaim/recruitment-assistant-extension:test:   [0m
@qbs-autonaim/recruitment-assistant-extension:test:         [0m
@qbs-autonaim/recruitment-assistant-extension:test:   [36m<img[39m
@qbs-autonaim/recruitment-assistant-extension:test:     [33mclass[39m=[32m"pv-top-card-profile-picture__image"[39m
@qbs-autonaim/recruitment-assistant-extension:test:     [33msrc[39m=[32m"https://example.com/photo.jpg"[39m
@qbs-autonaim/recruitment-assistant-extension:test:   [36m/>[39m
@qbs-autonaim/recruitment-assistant-extension:test:   [0m
@qbs-autonaim/recruitment-assistant-extension:test:         
@qbs-autonaim/recruitment-assistant-extension:test:         [0m
@qbs-autonaim/recruitment-assistant-extension:test:   [36m<section[39m
@qbs-autonaim/recruitment-assistant-extension:test:     [33mid[39m=[32m"experience"[39m
@qbs-autonaim/recruitment-assistant-extension:test:   [36m>[39m
@qbs-autonaim/recruitment-assistant-extension:test:     [0m
@qbs-autonaim/recruitment-assistant-extension:test:           [0m
@qbs-autonaim/recruitment-assistant-extension:test:     [36m<ul>[39m
@qbs-autonaim/recruitment-assistant-extension:test:       [0m
@qbs-autonaim/recruitment-assistant-extension:test:             [0m
@qbs-autonaim/recruitment-assistant-extension:test:       [36m<li[39m
@qbs-autonaim/recruitment-assistant-extension:test:         [33mclass[39m=[32m"artdeco-list__item"[39m
@qbs-autonaim/recruitment-assistant-extension:test:       [36m>[39m
@qbs-autonaim/recruitment-assistant-extension:test:         [0m
@qbs-autonaim/recruitment-assistant-extension:test:               [0m
@qbs-autonaim/recruitment-assistant-extension:test:         [36m<div[39m
@qbs-autonaim/recruitment-assistant-extension:test:           [33mclass[39m=[32m"display-flex"[39m
@qbs-autonaim/recruitment-assistant-extension:test:         [36m>[39m
@qbs-autonaim/recruitment-assistant-extension:test:           [0m
@qbs-autonaim/recruitment-assistant-extension:test:                 [0m
@qbs-autonaim/recruitment-assistant-extension:test:           [36m<span[39m
@qbs-autonaim/recruitment-assistant-extension:test:             [33maria-hidden[39m=[32m"true"[39m
@qbs-autonaim/recruitment-assistant-extension:test:           [36m>[39m
@qbs-autonaim/recruitment-assistant-extension:test:             [0mSenior Developer[0m
@qbs-autonaim/recruitment-assistant-extension:test:           [36m</span>[39m
@qbs-autonaim/recruitment-assistant-extension:test:           [0m
@qbs-autonaim/recruitment-assistant-extension:test:               [0m
@qbs-autonaim/recruitment-assistant-extension:test:         [36m</div>[39m
@qbs-autonaim/recruitment-assistant-extension:test:         [0m
@qbs-autonaim/recruitment-assistant-extension:test:               [0m
@qbs-autonaim/recruitment-assistant-extension:test:         [36m<span[39m
@qbs-autonaim/recruitment-assistant-extension:test:           [33mclass[39m=[32m"t-14 t-normal"[39m
@qbs-autonaim/recruitment-assistant-extension:test:         [36m>[39m
@qbs-autonaim/recruitment-assistant-extension:test:           [0m
@qbs-autonaim/recruitment-assistant-extension:test:                 [0m
@qbs-autonaim/recruitment-assistant-extension:test:           [36m<span[39m
@qbs-autonaim/recruitment-assistant-extension:test:             [33maria-hidden[39m=[32m"true"[39m
@qbs-autonaim/recruitment-assistant-extension:test:           [36m>[39m
@qbs-autonaim/recruitment-assistant-extension:test:             [0mTech Company[0m
@qbs-autonaim/recruitment-assistant-extension:test:           [36m</span>[39m
@qbs-autonaim/recruitment-assistant-extension:test:           [0m
@qbs-autonaim/recruitment-assistant-extension:test:               [0m
@qbs-autonaim/recruitment-assistant-extension:test:         [36m</span>[39m
@qbs-autonaim/recruitment-assistant-extension:test:         [0m
@qbs-autonaim/recruitment-assistant-extension:test:               [0m
@qbs-autonaim/recruitment-assistant-extension:test:         [36m<span[39m
@qbs-autonaim/recruitment-assistant-extension:test:           [33mclass[39m=[32m"t-14 t-normal t-black--light"[39m
@qbs-autonaim/recruitment-assistant-extension:test:         [36m>[39m
@qbs-autonaim/recruitment-assistant-extension:test:           [0m
@qbs-autonaim/recruitment-assistant-extension:test:                 [0m
@qbs-autonaim/recruitment-assistant-extension:test:           [36m<span[39m
@qbs-autonaim/recruitment-assistant-extension:test:             [33maria-hidden[39m=[32m"true"[39m
@qbs-autonaim/recruitment-assistant-extension:test:           [36m>[39m
@qbs-autonaim/recruitment-assistant-extension:test:             [0m2020 тАУ ╨┐╨╛ ╨╜╨░╤Б╤В╨╛╤П╤Й╨╡╨╡ ╨▓╤А╨╡╨╝╤П[0m
@qbs-autonaim/recruitment-assistant-extension:test:           [36m</span>[39m
@qbs-autonaim/recruitment-assistant-extension:test:           [0m
@qbs-autonaim/recruitment-assistant-extension:test:               [0m
@qbs-autonaim/recruitment-assistant-extension:test:         [36m</span>[39m
@qbs-autonaim/recruitment-assistant-extension:test:         [0m
@qbs-autonaim/recruitment-assistant-extension:test:               [0m
@qbs-autonaim/recruitment-assistant-extension:test:         [36m<div[39m
@qbs-autonaim/recruitment-assistant-extension:test:           [33mclass[39m=[32m"display-flex full-width"[39m
@qbs-autonaim/recruitment-assistant-extension:test:         [36m>[39m
@qbs-autonaim/recruitment-assistant-extension:test:           [0m
@qbs-autonaim/recruitment-assistant-extension:test:                 [0m
@qbs-autonaim/recruitment-assistant-extension:test:           [36m<span[39m
@qbs-autonaim/recruitment-assistant-extension:test:             [33maria-hidden[39m=[32m"true"[39m
@qbs-autonaim/recruitment-assistant-extension:test:           [36m>[39m
@qbs-autonaim/recruitment-assistant-extension:test:             [0m╨а╨░╨╖╤А╨░╨▒╨╛╤В╨║╨░[0m
@qbs-autonaim/recruitment-assistant-extension:test:           [36m</span>[39m
@qbs-autonaim/recruitment-assistant-extension:test:           [0m
@qbs-autonaim/recruitment-assistant-extension:test:               [0m
@qbs-autonaim/recruitment-assistant-extension:test:         [36m</div>[39m
@qbs-autonaim/recruitment-assistant-extension:test:         [0m
@qbs-autonaim/recruitment-assistant-extension:test:             [0m
@qbs-autonaim/recruitment-assistant-extension:test:       [36m</li>[39m
@qbs-autonaim/recruitment-assistant-extension:test:       [0m
@qbs-autonaim/recruitment-assistant-extension:test:           [0m
@qbs-autonaim/recruitment-assistant-extension:test:     [36m</ul>[39m
@qbs-autonaim/recruitment-assistant-extension:test:     [0m
@qbs-autonaim/recruitment-assistant-extension:test:         [0m
@qbs-autonaim/recruitment-assistant-extension:test:   [36m</section>[39m
@qbs-autonaim/recruitment-assistant-extension:test:   [0m
@qbs-autonaim/recruitment-assistant-extension:test:         
@qbs-autonaim/recruitment-assistant-extension:test:         [0m
@qbs-autonaim/recruitment-assistant-extension:test:   [36m<section[39m
@qbs-autonaim/recruitment-assistant-extension:test:     [33mid[39m=[32m"education"[39m
@qbs-autonaim/recruitment-assistant-extension:test:   [36m>[39m
@qbs-autonaim/recruitment-assistant-extension:test:     [0m
@qbs-autonaim/recruitment-assistant-extension:test:           [0m
@qbs-autonaim/recruitment-assistant-extension:test:     [36m<ul>[39m
@qbs-autonaim/recruitment-assistant-extension:test:       [0m
@qbs-autonaim/recruitment-assistant-extension:test:             [0m
@qbs-autonaim/recruitment-assistant-extension:test:       [36m<li[39m
@qbs-autonaim/recruitment-assistant-extension:test:         [33mclass[39m=[32m"artdeco-list__item"[39m
@qbs-autonaim/recruitment-assistant-extension:test:       [36m>[39m
@qbs-autonaim/recruitment-assistant-extension:test:         [0m
@qbs-autonaim/recruitment-assistant-extension:test:               [0m
@qbs-autonaim/recruitment-assistant-extension:test:         [36m<div[39m
@qbs-autonaim/recruitment-assistant-extension:test:           [33mclass[39m=[32m"display-flex"[39m
@qbs-autonaim/recruitment-assistant-extension:test:         [36m>[39m
@qbs-autonaim/recruitment-assistant-extension:test:           [0m
@qbs-autonaim/recruitment-assistant-extension:test:                 [0m
@qbs-autonaim/recruitment-assistant-extension:test:           [36m<span[39m
@qbs-autonaim/recruitment-assistant-extension:test:             [33maria-hidden[39m=[32m"true"[39m
@qbs-autonaim/recruitment-assistant-extension:test:           [36m>[39m
@qbs-autonaim/recruitment-assistant-extension:test:             [0m╨Ь╨У╨г[0m
@qbs-autonaim/recruitment-assistant-extension:test:           [36m</span>[39m
@qbs-autonaim/recruitment-assistant-extension:test:           [0m
@qbs-autonaim/recruitment-assistant-extension:test:               [0m
@qbs-autonaim/recruitment-assistant-extension:test:         [36m</div>[39m
@qbs-autonaim/recruitment-assistant-extension:test:         [0m
@qbs-autonaim/recruitment-assistant-extension:test:               [0m
@qbs-autonaim/recruitment-assistant-extension:test:         [36m<span[39m
@qbs-autonaim/recruitment-assistant-extension:test:           [33mclass[39m=[32m"t-14 t-normal"[39m
@qbs-autonaim/recruitment-assistant-extension:test:         [36m>[39m
@qbs-autonaim/recruitment-assistant-extension:test:           [0m
@qbs-autonaim/recruitment-assistant-extension:test:                 [0m
@qbs-autonaim/recruitment-assistant-extension:test:           [36m<span[39m
@qbs-autonaim/recruitment-assistant-extension:test:             [33maria-hidden[39m=[32m"true"[39m
@qbs-autonaim/recruitment-assistant-extension:test:           [36m>[39m
@qbs-autonaim/recruitment-assistant-extension:test:             [0m╨С╨░╨║╨░╨╗╨░╨▓╤А[0m
@qbs-autonaim/recruitment-assistant-extension:test:           [36m</span>[39m
@qbs-autonaim/recruitment-assistant-extension:test:           [0m
@qbs-autonaim/recruitment-assistant-extension:test:               [0m
@qbs-autonaim/recruitment-assistant-extension:test:         [36m</span>[39m
@qbs-autonaim/recruitment-assistant-extension:test:         [0m
@qbs-autonaim/recruitment-assistant-extension:test:               [0m
@qbs-autonaim/recruitment-assistant-extension:test:         [36m<span[39m
@qbs-autonaim/recruitment-assistant-extension:test:           [33mclass[39m=[32m"t-14 t-normal t-black--light"[39m
@qbs-autonaim/recruitment-assistant-extension:test:         [36m>[39m
@qbs-autonaim/recruitment-assistant-extension:test:           [0m
@qbs-autonaim/recruitment-assistant-extension:test:                 [0m
@qbs-autonaim/recruitment-assistant-extension:test:           [36m<span[39m
@qbs-autonaim/recruitment-assistant-extension:test:             [33maria-hidden[39m=[32m"true"[39m
@qbs-autonaim/recruitment-assistant-extension:test:           [36m>[39m
@qbs-autonaim/recruitment-assistant-extension:test:             [0m╨Ш╨╜╤Д╨╛╤А╨╝╨░╤В╨╕╨║╨░[0m
@qbs-autonaim/recruitment-assistant-extension:test:           [36m</span>[39m
@qbs-autonaim/recruitment-assistant-extension:test:           [0m
@qbs-autonaim/recruitment-assistant-extension:test:               [0m
@qbs-autonaim/recruitment-assistant-extension:test:         [36m</span>[39m
@qbs-autonaim/recruitment-assistant-extension:test:         [0m
@qbs-autonaim/recruitment-assistant-extension:test:               [0m
@qbs-autonaim/recruitment-assistant-extension:test:         [36m<span[39m
@qbs-autonaim/recruitment-assistant-extension:test:           [33mclass[39m=[32m"t-14 t-normal t-black--light"[39m
@qbs-autonaim/recruitment-assistant-extension:test:         [36m>[39m
@qbs-autonaim/recruitment-assistant-extension:test:           [0m
@qbs-autonaim/recruitment-assistant-extension:test:                 [0m
@qbs-autonaim/recruitment-assistant-extension:test:           [36m<span[39m
@qbs-autonaim/recruitment-assistant-extension:test:             [33maria-hidden[39m=[32m"true"[39m
@qbs-autonaim/recruitment-assistant-extension:test:           [36m>[39m
@qbs-autonaim/recruitment-assistant-extension:test:             [0m2015 тАУ 2019[0m
@qbs-autonaim/recruitment-assistant-extension:test:           [36m</span>[39m
@qbs-autonaim/recruitment-assistant-extension:test:           [0m
@qbs-autonaim/recruitment-assistant-extension:test:               [0m
@qbs-autonaim/recruitment-assistant-extension:test:         [36m</span>[39m
@qbs-autonaim/recruitment-assistant-extension:test:         [0m
@qbs-autonaim/recruitment-assistant-extension:test:             [0m
@qbs-autonaim/recruitment-assistant-extension:test:       [36m</li>[39m
@qbs-autonaim/recruitment-assistant-extension:test:       [0m
@qbs-autonaim/recruitment-assistant-extension:test:           [0m
@qbs-autonaim/recruitment-assistant-extension:test:     [36m</ul>[39m
@qbs-autonaim/recruitment-assistant-extension:test:     [0m
@qbs-autonaim/recruitment-assistant-extension:test:         [0m
@qbs-autonaim/recruitment-assistant-extension:test:   [36m</section>[39m
@qbs-autonaim/recruitment-assistant-extension:test:   [0m
@qbs-autonaim/recruitment-assistant-extension:test:         
@qbs-autonaim/recruitment-assistant-extension:test:         [0m
@qbs-autonaim/recruitment-assistant-extension:test:   [36m<section[39m
@qbs-autonaim/recruitment-assistant-extension:test:     [33mid[39m=[32m"skills"[39m
@qbs-autonaim/recruitment-assistant-extension:test:   [36m>[39m
@qbs-autonaim/recruitment-assistant-extension:test:     [0m
@qbs-autonaim/recruitment-assistant-extension:test:           [0m
@qbs-autonaim/recruitment-assistant-extension:test:     [36m<span[39m
@qbs-autonaim/recruitment-assistant-extension:test:       [33maria-hidden[39m=[32m"true"[39m
@qbs-autonaim/recruitment-assistant-extension:test:     [36m>[39m
@qbs-autonaim/recruitment-assistant-extension:test:       [0mTypeScript[0m
@qbs-autonaim/recruitment-assistant-extension:test:     [36m</span>[39m
@qbs-autonaim/recruitment-assistant-extension:test:     [0m
@qbs-autonaim/recruitment-assistant-extension:test:           [0m
@qbs-autonaim/recruitment-assistant-extension:test:     [36m<span[39m
@qbs-autonaim/recruitment-assistant-extension:test:       [33maria-hidden[39m=[32m"true"[39m
@qbs-autonaim/recruitment-assistant-extension:test:     [36m>[39m
@qbs-autonaim/recruitment-assistant-extension:test:       [0mReact[0m
@qbs-autonaim/recruitment-assistant-extension:test:     [36m</span>[39m
@qbs-autonaim/recruitment-assistant-extension:test:     [0m
@qbs-autonaim/recruitment-assistant-extension:test:         [0m
@qbs-autonaim/recruitment-assistant-extension:test:   [36m</section>[39m
@qbs-autonaim/recruitment-assistant-extension:test:   [0m
@qbs-autonaim/recruitment-assistant-extension:test:         
@qbs-autonaim/recruitment-assistant-extension:test:         [0m
@qbs-autonaim/recruitment-assistant-extension:test:   [36m<section[39m
@qbs-autonaim/recruitment-assistant-extension:test:     [33mclass[39m=[32m"pv-contact-info"[39m
@qbs-autonaim/recruitment-assistant-extension:test:   [36m>[39m
@qbs-autonaim/recruitment-assistant-extension:test:     [0m
@qbs-autonaim/recruitment-assistant-extension:test:           [0m
@qbs-autonaim/recruitment-assistant-extension:test:     [36m<a[39m
@qbs-autonaim/recruitment-assistant-extension:test:       [33mhref[39m=[32m"mailto:ivan@example.com"[39m
@qbs-autonaim/recruitment-assistant-extension:test:     [36m>[39m
@qbs-autonaim/recruitment-assistant-extension:test:       [0mEmail[0m
@qbs-autonaim/recruitment-assistant-extension:test:     [36m</a>[39m
@qbs-autonaim/recruitment-assistant-extension:test:     [0m
@qbs-autonaim/recruitment-assistant-extension:test:           [0m
@qbs-autonaim/recruitment-assistant-extension:test:     [36m<span[39m
@qbs-autonaim/recruitment-assistant-extension:test:       [33mclass[39m=[32m"t-14 t-black t-normal"[39m
@qbs-autonaim/recruitment-assistant-extension:test:     [36m>[39m
@qbs-autonaim/recruitment-assistant-extension:test:       [0m+7 (999) 123-45-67[0m
@qbs-autonaim/recruitment-assistant-extension:test:     [36m</span>[39m
@qbs-autonaim/recruitment-assistant-extension:test:     [0m
@qbs-autonaim/recruitment-assistant-extension:test:         [0m
@qbs-autonaim/recruitment-assistant-extension:test:   [36m</section>[39m
@qbs-autonaim/recruitment-assistant-extension:test:   [0m
@qbs-autonaim/recruitment-assistant-extension:test:       [0m
@qbs-autonaim/recruitment-assistant-extension:test:   [36m<div>[39m
@qbs-autonaim/recruitment-assistant-extension:test:     [36m<button[39m
@qbs-autonaim/recruitment-assistant-extension:test:       [33maria-busy[39m=[32m"false"[39m
@qbs-autonaim/recruitment-assistant-extension:test:       [33maria-label[39m=[32m"╨Ш╨╖╨▓╨╗╨╡╤З╤М ╨┤╨░╨╜╨╜╤Л╨╡ ╨┐╤А╨╛╤Д╨╕╨╗╤П ╨║╨░╨╜╨┤╨╕╨┤╨░╤В╨░"[39m
@qbs-autonaim/recruitment-assistant-extension:test:       [33maria-live[39m=[32m"polite"[39m
@qbs-autonaim/recruitment-assistant-extension:test:       [33mstyle[39m=[32m"min-width: 44px; min-height: 44px; padding: 12px 24px; font-size: 16px; font-weight: 500; color: #ffffff; background-color: #2563eb; border: none none; border-radius: 8px; cursor: pointer; touch-action: manipulation; transition: background-color 0.2s ease, transform 0.1s ease, box-shadow 0.2s ease; display: flex; align-items: center; justify-content: center; gap: 8px; box-shadow: 0 1px 3px 0 rgba(0, 0, 0, 0.1), 0 1px 2px -1px rgba(0, 0, 0, 0.1); position: relative; outline-color: none; outline-style: none; outline-width: initial;"[39m
@qbs-autonaim/recruitment-assistant-extension:test:       [33mtype[39m=[32m"button"[39m
@qbs-autonaim/recruitment-assistant-extension:test:     [36m>[39m
@qbs-autonaim/recruitment-assistant-extension:test:       [36m<span[39m
@qbs-autonaim/recruitment-assistant-extension:test:         [33mstyle[39m=[32m"white-space: nowrap;"[39m
@qbs-autonaim/recruitment-assistant-extension:test:       [36m>[39m
@qbs-autonaim/recruitment-assistant-extension:test:         [0m╨Ш╨╖╨▓╨╗╨╡╤З╤М ╨┤╨░╨╜╨╜╤Л╨╡[0m
@qbs-autonaim/recruitment-assistant-extension:test:       [36m</span>[39m
@qbs-autonaim/recruitment-assistant-extension:test:     [36m</button>[39m
@qbs-autonaim/recruitment-assistant-extension:test:   [36m</div>[39m
@qbs-autonaim/recruitment-assistant-extension:test:   [36m<div>[39m
@qbs-autonaim/recruitment-assistant-extension:test:     [36m<button[39m
@qbs-autonaim/recruitment-assistant-extension:test:       [33maria-busy[39m=[32m"true"[39m
@qbs-autonaim/recruitment-assistant-extension:test:       [33maria-label[39m=[32m"╨Ш╨╖╨▓╨╗╨╡╤З╤М ╨┤╨░╨╜╨╜╤Л╨╡ ╨┐╤А╨╛╤Д╨╕╨╗╤П ╨║╨░╨╜╨┤╨╕╨┤╨░╤В╨░"[39m
@qbs-autonaim/recruitment-assistant-extension:test:       [33maria-live[39m=[32m"polite"[39m
@qbs-autonaim/recruitment-assistant-extension:test:       [33mdisabled[39m=[32m""[39m
@qbs-autonaim/recruitment-assistant-extension:test:       [33mstyle[39m=[32m"min-width: 44px; min-height: 44px; padding: 12px 24px; font-size: 16px; font-weight: 500; color: #ffffff; background-color: #6b7280; border: none none; border-radius: 8px; cursor: not-all...
@qbs-autonaim/recruitment-assistant-extension:test:       at <anonymous> (C:\Projects\kwork\selectio\node_modules\@testing-library\dom\dist\query-helpers.js:59:30)
@qbs-autonaim/recruitment-assistant-extension:test:       at <anonymous> (C:\Projects\kwork\selectio\node_modules\@testing-library\dom\dist\query-helpers.js:95:19)
@qbs-autonaim/recruitment-assistant-extension:test:       at <anonymous> (C:\Projects\kwork\selectio\apps\recruitment-assistant-extension\src\content\ui\action-button.test.tsx:119:29)
@qbs-autonaim/recruitment-assistant-extension:test: (fail) ActionButton > ╨Т╨╖╨░╨╕╨╝╨╛╨┤╨╡╨╣╤Б╤В╨▓╨╕╨╡ > ╨╜╨╡ ╨┤╨╛╨╗╨╢╨╡╨╜ ╨▒╤Л╤В╤М disabled ╨║╨╛╨│╨┤╨░ ╨╜╨╡ ╨╖╨░╨│╤А╤Г╨╢╨░╨╡╤В╤Б╤П [31.00ms]
@qbs-autonaim/recruitment-assistant-extension:test: 54 |       const elementStrings = els.map(element => getElementError(null, element).message).join('\n\n');
@qbs-autonaim/recruitment-assistant-extension:test: 55 |       throw getMultipleElementsFoundError(`${getMultipleError(container, ...args)}
@qbs-autonaim/recruitment-assistant-extension:test: 56 | 
@qbs-autonaim/recruitment-assistant-extension:test: 57 | Here are the matching elements:
@qbs-autonaim/recruitment-assistant-extension:test: 58 | 
@qbs-autonaim/recruitment-assistant-extension:test: 59 | ${elementStrings}`, container);
@qbs-autonaim/recruitment-assistant-extension:test:                                   ^
@qbs-autonaim/recruitment-assistant-extension:test: TestingLibraryElementError: Found multiple elements with the role "button"
@qbs-autonaim/recruitment-assistant-extension:test: 
@qbs-autonaim/recruitment-assistant-extension:test: Here are the matching elements:
@qbs-autonaim/recruitment-assistant-extension:test: 
@qbs-autonaim/recruitment-assistant-extension:test: Ignored nodes: comments, script, style
@qbs-autonaim/recruitment-assistant-extension:test: [36m<button[39m
@qbs-autonaim/recruitment-assistant-extension:test:   [33maria-busy[39m=[32m"false"[39m
@qbs-autonaim/recruitment-assistant-extension:test:   [33maria-label[39m=[32m"╨Ш╨╖╨▓╨╗╨╡╤З╤М ╨┤╨░╨╜╨╜╤Л╨╡ ╨┐╤А╨╛╤Д╨╕╨╗╤П ╨║╨░╨╜╨┤╨╕╨┤╨░╤В╨░"[39m
@qbs-autonaim/recruitment-assistant-extension:test:   [33maria-live[39m=[32m"polite"[39m
@qbs-autonaim/recruitment-assistant-extension:test:   [33mstyle[39m=[32m"min-width: 44px; min-height: 44px; padding: 12px 24px; font-size: 16px; font-weight: 500; color: #ffffff; background-color: #2563eb; border: none none; border-radius: 8px; cursor: pointer; touch-action: manipulation; transition: background-color 0.2s ease, transform 0.1s ease, box-shadow 0.2s ease; display: flex; align-items: center; justify-content: center; gap: 8px; box-shadow: 0 1px 3px 0 rgba(0, 0, 0, 0.1), 0 1px 2px -1px rgba(0, 0, 0, 0.1); position: relative; outline-color: none; outline-style: none; outline-width: initial;"[39m
@qbs-autonaim/recruitment-assistant-extension:test:   [33mtype[39m=[32m"button"[39m
@qbs-autonaim/recruitment-assistant-extension:test: [36m>[39m
@qbs-autonaim/recruitment-assistant-extension:test:   [36m<span[39m
@qbs-autonaim/recruitment-assistant-extension:test:     [33mstyle[39m=[32m"white-space: nowrap;"[39m
@qbs-autonaim/recruitment-assistant-extension:test:   [36m>[39m
@qbs-autonaim/recruitment-assistant-extension:test:     [0m╨Ш╨╖╨▓╨╗╨╡╤З╤М ╨┤╨░╨╜╨╜╤Л╨╡[0m
@qbs-autonaim/recruitment-assistant-extension:test:   [36m</span>[39m
@qbs-autonaim/recruitment-assistant-extension:test: [36m</button>[39m
@qbs-autonaim/recruitment-assistant-extension:test: 
@qbs-autonaim/recruitment-assistant-extension:test: Ignored nodes: comments, script, style
@qbs-autonaim/recruitment-assistant-extension:test: [36m<button[39m
@qbs-autonaim/recruitment-assistant-extension:test:   [33maria-busy[39m=[32m"true"[39m
@qbs-autonaim/recruitment-assistant-extension:test:   [33maria-label[39m=[32m"╨Ш╨╖╨▓╨╗╨╡╤З╤М ╨┤╨░╨╜╨╜╤Л╨╡ ╨┐╤А╨╛╤Д╨╕╨╗╤П ╨║╨░╨╜╨┤╨╕╨┤╨░╤В╨░"[39m
@qbs-autonaim/recruitment-assistant-extension:test:   [33maria-live[39m=[32m"polite"[39m
@qbs-autonaim/recruitment-assistant-extension:test:   [33mdisabled[39m=[32m""[39m
@qbs-autonaim/recruitment-assistant-extension:test:   [33mstyle[39m=[32m"min-width: 44px; min-height: 44px; padding: 12px 24px; font-size: 16px; font-weight: 500; color: #ffffff; background-color: #6b7280; border: none none; border-radius: 8px; cursor: not-allowed; touch-action: manipulation; transition: background-color 0.2s ease, transform 0.1s ease, box-shadow 0.2s ease; display: flex; align-items: center; justify-content: center; gap: 8px; box-shadow: 0 1px 3px 0 rgba(0, 0, 0, 0.1), 0 1px 2px -1px rgba(0, 0, 0, 0.1); position: relative; outline-color: none; outline-style: none; outline-width: initial;"[39m
@qbs-autonaim/recruitment-assistant-extension:test:   [33mtype[39m=[32m"button"[39m
@qbs-autonaim/recruitment-assistant-extension:test: [36m>[39m
@qbs-autonaim/recruitment-assistant-extension:test:   [36m<svg[39m
@qbs-autonaim/recruitment-assistant-extension:test:     [33maria-hidden[39m=[32m"true"[39m
@qbs-autonaim/recruitment-assistant-extension:test:     [33mfill[39m=[32m"none"[39m
@qbs-autonaim/recruitment-assistant-extension:test:     [33mrole[39m=[32m"presentation"[39m
@qbs-autonaim/recruitment-assistant-extension:test:     [33mstyle[39m=[32m"width: 16px; height: 16px; animation: spin 1s linear infinite; flex-shrink: 0;"[39m
@qbs-autonaim/recruitment-assistant-extension:test:     [33mviewBox[39m=[32m"0 0 24 24"[39m
@qbs-autonaim/recruitment-assistant-extension:test:   [36m>[39m
@qbs-autonaim/recruitment-assistant-extension:test:     [36m<circle[39m
@qbs-autonaim/recruitment-assistant-extension:test:       [33mcx[39m=[32m"12"[39m
@qbs-autonaim/recruitment-assistant-extension:test:       [33mcy[39m=[32m"12"[39m
@qbs-autonaim/recruitment-assistant-extension:test:       [33mr[39m=[32m"10"[39m
@qbs-autonaim/recruitment-assistant-extension:test:       [33mstroke[39m=[32m"currentColor"[39m
@qbs-autonaim/recruitment-assistant-extension:test:       [33mstroke-opacity[39m=[32m"0.25"[39m
@qbs-autonaim/recruitment-assistant-extension:test:       [33mstroke-width[39m=[32m"4"[39m
@qbs-autonaim/recruitment-assistant-extension:test:     [36m/>[39m
@qbs-autonaim/recruitment-assistant-extension:test:     [36m<path[39m
@qbs-autonaim/recruitment-assistant-extension:test:       [33md[39m=[32m"M4 12a8 8 0 018-8V0C5.373 0 0 5.373 0 12h4zm2 5.291A7.962 7.962 0 014 12H0c0 3.042 1.135 5.824 3 7.938l3-2.647z"[39m
@qbs-autonaim/recruitment-assistant-extension:test:       [33mfill[39m=[32m"currentColor"[39m
@qbs-autonaim/recruitment-assistant-extension:test:       [33mopacity[39m=[32m"0.75"[39m
@qbs-autonaim/recruitment-assistant-extension:test:     [36m/>[39m
@qbs-autonaim/recruitment-assistant-extension:test:   [36m</svg>[39m
@qbs-autonaim/recruitment-assistant-extension:test:   [36m<span[39m
@qbs-autonaim/recruitment-assistant-extension:test:     [33mstyle[39m=[32m"white-space: nowrap;"[39m
@qbs-autonaim/recruitment-assistant-extension:test:   [36m>[39m
@qbs-autonaim/recruitment-assistant-extension:test:     [0m╨Ш╨╖╨▓╨╗╨╡╤З╨╡╨╜╨╕╨╡ ╨┤╨░╨╜╨╜╤Л╤ЕтАж[0m
@qbs-autonaim/recruitment-assistant-extension:test:   [36m</span>[39m
@qbs-autonaim/recruitment-assistant-extension:test: [36m</button>[39m
@qbs-autonaim/recruitment-assistant-extension:test: 
@qbs-autonaim/recruitment-assistant-extension:test: Ignored nodes: comments, script, style
@qbs-autonaim/recruitment-assistant-extension:test: [36m<button[39m
@qbs-autonaim/recruitment-assistant-extension:test:   [33maria-busy[39m=[32m"true"[39m
@qbs-autonaim/recruitment-assistant-extension:test:   [33maria-label[39m=[32m"╨Ш╨╖╨▓╨╗╨╡╤З╤М ╨┤╨░╨╜╨╜╤Л╨╡ ╨┐╤А╨╛╤Д╨╕╨╗╤П ╨║╨░╨╜╨┤╨╕╨┤╨░╤В╨░"[39m
@qbs-autonaim/recruitment-assistant-extension:test:   [33maria-live[39m=[32m"polite"[39m
@qbs-autonaim/recruitment-assistant-extension:test:   [33mdisabled[39m=[32m""[39m
@qbs-autonaim/recruitment-assistant-extension:test:   [33mstyle[39m=[32m"min-width: 44px; min-height: 44px; padding: 12px 24px; font-size: 16px; font-weight: 500; color: #ffffff; background-color: #6b7280; border: none none; border-radius: 8px; cursor: not-allowed; touch-action: manipulation; transition: background-color 0.2s ease, transform 0.1s ease, box-shadow 0.2s ease; display: flex; align-items: center; justify-content: center; gap: 8px; box-shadow: 0 1px 3px 0 rgba(0, 0, 0, 0.1), 0 1px 2px -1px rgba(0, 0, 0, 0.1); position: relative; outline-color: none; outline-style: none; outline-width: initial;"[39m
@qbs-autonaim/recruitment-assistant-extension:test:   [33mtype[39m=[32m"button"[39m
@qbs-autonaim/recruitment-assistant-extension:test: [36m>[39m
@qbs-autonaim/recruitment-assistant-extension:test:   [36m<svg[39m
@qbs-autonaim/recruitment-assistant-extension:test:     [33maria-hidden[39m=[32m"true"[39m
@qbs-autonaim/recruitment-assistant-extension:test:     [33mfill[39m=[32m"none"[39m
@qbs-autonaim/recruitment-assistant-extension:test:     [33mrole[39m=[32m"presentation"[39m
@qbs-autonaim/recruitment-assistant-extension:test:     [33mstyle[39m=[32m"width: 16px; height: 16px; animation: spin 1s linear infinite; flex-shrink: 0;"[39m
@qbs-autonaim/recruitment-assistant-extension:test:     [33mviewBox[39m=[32m"0 0 24 24"[39m
@qbs-autonaim/recruitment-assistant-extension:test:   [36m>[39m
@qbs-autonaim/recruitment-assistant-extension:test:     [36m<circle[39m
@qbs-autonaim/recruitment-assistant-extension:test:       [33mcx[39m=[32m"12"[39m
@qbs-autonaim/recruitment-assistant-extension:test:       [33mcy[39m=[32m"12"[39m
@qbs-autonaim/recruitment-assistant-extension:test:       [33mr[39m=[32m"10"[39m
@qbs-autonaim/recruitment-assistant-extension:test:       [33mstroke[39m=[32m"currentColor"[39m
@qbs-autonaim/recruitment-assistant-extension:test:       [33mstroke-opacity[39m=[32m"0.25"[39m
@qbs-autonaim/recruitment-assistant-extension:test:       [33mstroke-width[39m=[32m"4"[39m
@qbs-autonaim/recruitment-assistant-extension:test:     [36m/>[39m
@qbs-autonaim/recruitment-assistant-extension:test:     [36m<path[39m
@qbs-autonaim/recruitment-assistant-extension:test:       [33md[39m=[32m"M4 12a8 8 0 018-8V0C5.373 0 0 5.373 0 12h4zm2 5.291A7.962 7.962 0 014 12H0c0 3.042 1.135 5.824 3 7.938l3-2.647z"[39m
@qbs-autonaim/recruitment-assistant-extension:test:       [33mfill[39m=[32m"currentColor"[39m
@qbs-autonaim/recruitment-assistant-extension:test:       [33mopacity[39m=[32m"0.75"[39m
@qbs-autonaim/recruitment-assistant-extension:test:     [36m/>[39m
@qbs-autonaim/recruitment-assistant-extension:test:   [36m</svg>[39m
@qbs-autonaim/recruitment-assistant-extension:test:   [36m<span[39m
@qbs-autonaim/recruitment-assistant-extension:test:     [33mstyle[39m=[32m"white-space: nowrap;"[39m
@qbs-autonaim/recruitment-assistant-extension:test:   [36m>[39m
@qbs-autonaim/recruitment-assistant-extension:test:     [0m╨Ш╨╖╨▓╨╗╨╡╤З╨╡╨╜╨╕╨╡ ╨┤╨░╨╜╨╜╤Л╤ЕтАж[0m
@qbs-autonaim/recruitment-assistant-extension:test:   [36m</span>[39m
@qbs-autonaim/recruitment-assistant-extension:test: [36m</button>[39m
@qbs-autonaim/recruitment-assistant-extension:test: 
@qbs-autonaim/recruitment-assistant-extension:test: Ignored nodes: comments, script, style
@qbs-autonaim/recruitment-assistant-extension:test: [36m<button[39m
@qbs-autonaim/recruitment-assistant-extension:test:   [33maria-busy[39m=[32m"false"[39m
@qbs-autonaim/recruitment-assistant-extension:test:   [33maria-label[39m=[32m"╨Ш╨╖╨▓╨╗╨╡╤З╤М ╨┤╨░╨╜╨╜╤Л╨╡ ╨┐╤А╨╛╤Д╨╕╨╗╤П ╨║╨░╨╜╨┤╨╕╨┤╨░╤В╨░"[39m
@qbs-autonaim/recruitment-assistant-extension:test:   [33maria-live[39m=[32m"polite"[39m
@qbs-autonaim/recruitment-assistant-extension:test:   [33mstyle[39m=[32m"min-width: 44px; min-height: 44px; padding: 12px 24px; font-size: 16px; font-weight: 500; color: #ffffff; background-color: #2563eb; border: none none; border-radius: 8px; cursor: pointer; touch-action: manipulation; transition: background-color 0.2s ease, transform 0.1s ease, box-shadow 0.2s ease; display: flex; align-items: center; justify-content: center; gap: 8px; box-shadow: 0 1px 3px 0 rgba(0, 0, 0, 0.1), 0 1px 2px -1px rgba(0, 0, 0, 0.1); position: relative; outline-color: none; outline-style: none; outline-width: initial;"[39m
@qbs-autonaim/recruitment-assistant-extension:test:   [33mtype[39m=[32m"button"[39m
@qbs-autonaim/recruitment-assistant-extension:test: [36m>[39m
@qbs-autonaim/recruitment-assistant-extension:test:   [36m<span[39m
@qbs-autonaim/recruitment-assistant-extension:test:     [33mstyle[39m=[32m"white-space: nowrap;"[39m
@qbs-autonaim/recruitment-assistant-extension:test:   [36m>[39m
@qbs-autonaim/recruitment-assistant-extension:test:     [0m╨Ш╨╖╨▓╨╗╨╡╤З╤М ╨┤╨░╨╜╨╜╤Л╨╡[0m
@qbs-autonaim/recruitment-assistant-extension:test:   [36m</span>[39m
@qbs-autonaim/recruitment-assistant-extension:test: [36m</button>[39m
@qbs-autonaim/recruitment-assistant-extension:test: 
@qbs-autonaim/recruitment-assistant-extension:test: Ignored nodes: comments, script, style
@qbs-autonaim/recruitment-assistant-extension:test: [36m<button[39m
@qbs-autonaim/recruitment-assistant-extension:test:   [33maria-busy[39m=[32m"false"[39m
@qbs-autonaim/recruitment-assistant-extension:test:   [33maria-label[39m=[32m"╨Ш╨╖╨▓╨╗╨╡╤З╤М ╨┤╨░╨╜╨╜╤Л╨╡ ╨┐╤А╨╛╤Д╨╕╨╗╤П ╨║╨░╨╜╨┤╨╕╨┤╨░╤В╨░"[39m
@qbs-autonaim/recruitment-assistant-extension:test:   [33maria-live[39m=[32m"polite"[39m
@qbs-autonaim/recruitment-assistant-extension:test:   [33mstyle[39m=[32m"min-width: 44px; min-height: 44px; padding: 12px 24px; font-size: 16px; font-weight: 500; color: #ffffff; background-color: #2563eb; border: none none; border-radius: 8px; cursor: pointer; touch-action: manipulation; transition: background-color 0.2s ease, transform 0.1s ease, box-shadow 0.2s ease; display: flex; align-items: center; justify-content: center; gap: 8px; box-shadow: 0 1px 3px 0 rgba(0, 0, 0, 0.1), 0 1px 2px -1px rgba(0, 0, 0, 0.1); position: relative; outline-color: none; outline-style: none; outline-width: initial;"[39m
@qbs-autonaim/recruitment-assistant-extension:test:   [33mtype[39m=[32m"button"[39m
@qbs-autonaim/recruitment-assistant-extension:test: [36m>[39m
@qbs-autonaim/recruitment-assistant-extension:test:   [36m<span[39m
@qbs-autonaim/recruitment-assistant-extension:test:     [33mstyle[39m=[32m"white-space: nowrap;"[39m
@qbs-autonaim/recruitment-assistant-extension:test:   [36m>[39m
@qbs-autonaim/recruitment-assistant-extension:test:     [0m╨Ш╨╖╨▓╨╗╨╡╤З╤М ╨┤╨░╨╜╨╜╤Л╨╡[0m
@qbs-autonaim/recruitment-assistant-extension:test:   [36m</span>[39m
@qbs-autonaim/recruitment-assistant-extension:test: [36m</button>[39m
@qbs-autonaim/recruitment-assistant-extension:test: 
@qbs-autonaim/recruitment-assistant-extension:test: Ignored nodes: comments, script, style
@qbs-autonaim/recruitment-assistant-extension:test: [36m<button[39m
@qbs-autonaim/recruitment-assistant-extension:test:   [33maria-busy[39m=[32m"false"[39m
@qbs-autonaim/recruitment-assistant-extension:test:   [33maria-label[39m=[32m"╨Ш╨╖╨▓╨╗╨╡╤З╤М ╨┤╨░╨╜╨╜╤Л╨╡ ╨┐╤А╨╛╤Д╨╕╨╗╤П ╨║╨░╨╜╨┤╨╕╨┤╨░╤В╨░"[39m
@qbs-autonaim/recruitment-assistant-extension:test:   [33maria-live[39m=[32m"polite"[39m
@qbs-autonaim/recruitment-assistant-extension:test:   [33mstyle[39m=[32m"min-width: 44px; min-height: 44px; padding: 12px 24px; font-size: 16px; font-weight: 500; color: #ffffff; background-color: #2563eb; border: none none; border-radius: 8px; cursor: pointer; touch-action: manipulation; transition: background-color 0.2s ease, transform 0.1s ease, box-shadow 0.2s ease; display: flex; align-items: center; justify-content: center; gap: 8px; box-shadow: 0 1px 3px 0 rgba(0, 0, 0, 0.1), 0 1px 2px -1px rgba(0, 0, 0, 0.1); position: relative; outline-color: none; outline-style: none; outline-width: initial;"[39m
@qbs-autonaim/recruitment-assistant-extension:test:   [33mtype[39m=[32m"button"[39m
@qbs-autonaim/recruitment-assistant-extension:test: [36m>[39m
@qbs-autonaim/recruitment-assistant-extension:test:   [36m<span[39m
@qbs-autonaim/recruitment-assistant-extension:test:     [33mstyle[39m=[32m"white-space: nowrap;"[39m
@qbs-autonaim/recruitment-assistant-extension:test:   [36m>[39m
@qbs-autonaim/recruitment-assistant-extension:test:     [0m╨Ш╨╖╨▓╨╗╨╡╤З╤М ╨┤╨░╨╜╨╜╤Л╨╡[0m
@qbs-autonaim/recruitment-assistant-extension:test:   [36m</span>[39m
@qbs-autonaim/recruitment-assistant-extension:test: [36m</button>[39m
@qbs-autonaim/recruitment-assistant-extension:test: 
@qbs-autonaim/recruitment-assistant-extension:test: Ignored nodes: comments, script, style
@qbs-autonaim/recruitment-assistant-extension:test: [36m<button[39m
@qbs-autonaim/recruitment-assistant-extension:test:   [33maria-busy[39m=[32m"true"[39m
@qbs-autonaim/recruitment-assistant-extension:test:   [33maria-label[39m=[32m"╨Ш╨╖╨▓╨╗╨╡╤З╤М ╨┤╨░╨╜╨╜╤Л╨╡ ╨┐╤А╨╛╤Д╨╕╨╗╤П ╨║╨░╨╜╨┤╨╕╨┤╨░╤В╨░"[39m
@qbs-autonaim/recruitment-assistant-extension:test:   [33maria-live[39m=[32m"polite"[39m
@qbs-autonaim/recruitment-assistant-extension:test:   [33mdisabled[39m=[32m""[39m
@qbs-autonaim/recruitment-assistant-extension:test:   [33mstyle[39m=[32m"min-width: 44px; min-height: 44px; padding: 12px 24px; font-size: 16px; font-weight: 500; color: #ffffff; background-color: #6b7280; border: none none; border-radius: 8px; cursor: not-allowed; touch-action: manipulation; transition: background-color 0.2s ease, transform 0.1s ease, box-shadow 0.2s ease; display: flex; align-items: center; justify-content: center; gap: 8px; box-shadow: 0 1px 3px 0 rgba(0, 0, 0, 0.1), 0 1px 2px -1px rgba(0, 0, 0, 0.1); position: relative; outline-color: none; outline-style: none; outline-width: initial;"[39m
@qbs-autonaim/recruitment-assistant-extension:test:   [33mtype[39m=[32m"button"[39m
@qbs-autonaim/recruitment-assistant-extension:test: [36m>[39m
@qbs-autonaim/recruitment-assistant-extension:test:   [36m<svg[39m
@qbs-autonaim/recruitment-assistant-extension:test:     [33maria-hidden[39m=[32m"true"[39m
@qbs-autonaim/recruitment-assistant-extension:test:     [33mfill[39m=[32m"none"[39m
@qbs-autonaim/recruitment-assistant-extension:test:     [33mrole[39m=[32m"presentation"[39m
@qbs-autonaim/recruitment-assistant-extension:test:     [33mstyle[39m=[32m"width: 16px; height: 16px; animation: spin 1s linear infinite; flex-shrink: 0;"[39m
@qbs-autonaim/recruitment-assistant-extension:test:     [33mviewBox[39m=[32m"0 0 24 24"[39m
@qbs-autonaim/recruitment-assistant-extension:test:   [36m>[39m
@qbs-autonaim/recruitment-assistant-extension:test:     [36m<circle[39m
@qbs-autonaim/recruitment-assistant-extension:test:       [33mcx[39m=[32m"12"[39m
@qbs-autonaim/recruitment-assistant-extension:test:       [33mcy[39m=[32m"12"[39m
@qbs-autonaim/recruitment-assistant-extension:test:       [33mr[39m=[32m"10"[39m
@qbs-autonaim/recruitment-assistant-extension:test:       [33mstroke[39m=[32m"currentColor"[39m
@qbs-autonaim/recruitment-assistant-extension:test:       [33mstroke-opacity[39m=[32m"0.25"[39m
@qbs-autonaim/recruitment-assistant-extension:test:       [33mstroke-width[39m=[32m"4"[39m
@qbs-autonaim/recruitment-assistant-extension:test:     [36m/>[39m
@qbs-autonaim/recruitment-assistant-extension:test:     [36m<path[39m
@qbs-autonaim/recruitment-assistant-extension:test:       [33md[39m=[32m"M4 12a8 8 0 018-8V0C5.373 0 0 5.373 0 12h4zm2 5.291A7.962 7.962 0 014 12H0c0 3.042 1.135 5.824 3 7.938l3-2.647z"[39m
@qbs-autonaim/recruitment-assistant-extension:test:       [33mfill[39m=[32m"currentColor"[39m
@qbs-autonaim/recruitment-assistant-extension:test:       [33mopacity[39m=[32m"0.75"[39m
@qbs-autonaim/recruitment-assistant-extension:test:     [36m/>[39m
@qbs-autonaim/recruitment-assistant-extension:test:   [36m</svg>[39m
@qbs-autonaim/recruitment-assistant-extension:test:   [36m<span[39m
@qbs-autonaim/recruitment-assistant-extension:test:     [33mstyle[39m=[32m"white-space: nowrap;"[39m
@qbs-autonaim/recruitment-assistant-extension:test:   [36m>[39m
@qbs-autonaim/recruitment-assistant-extension:test:     [0m╨Ш╨╖╨▓╨╗╨╡╤З╨╡╨╜╨╕╨╡ ╨┤╨░╨╜╨╜╤Л╤ЕтАж[0m
@qbs-autonaim/recruitment-assistant-extension:test:   [36m</span>[39m
@qbs-autonaim/recruitment-assistant-extension:test: [36m</button>[39m
@qbs-autonaim/recruitment-assistant-extension:test: 
@qbs-autonaim/recruitment-assistant-extension:test: Ignored nodes: comments, script, style
@qbs-autonaim/recruitment-assistant-extension:test: [36m<button[39m
@qbs-autonaim/recruitment-assistant-extension:test:   [33maria-busy[39m=[32m"false"[39m
@qbs-autonaim/recruitment-assistant-extension:test:   [33maria-label[39m=[32m"╨Ш╨╖╨▓╨╗╨╡╤З╤М ╨┤╨░╨╜╨╜╤Л╨╡ ╨┐╤А╨╛╤Д╨╕╨╗╤П ╨║╨░╨╜╨┤╨╕╨┤╨░╤В╨░"[39m
@qbs-autonaim/recruitment-assistant-extension:test:   [33maria-live[39m=[32m"polite"[39m
@qbs-autonaim/recruitment-assistant-extension:test:   [33mstyle[39m=[32m"min-width: 44px; min-height: 44px; padding: 12px 24px; font-size: 16px; font-weight: 500; color: #ffffff; background-color: #2563eb; border: none none; border-radius: 8px; cursor: pointer; touch-action: manipulation; transition: background-color 0.2s ease, transform 0.1s ease, box-shadow 0.2s ease; display: flex; align-items: center; justify-content: center; gap: 8px; box-shadow: 0 1px 3px 0 rgba(0, 0, 0, 0.1), 0 1px 2px -1px rgba(0, 0, 0, 0.1); position: relative; outline-color: none; outline-style: none; outline-width: initial;"[39m
@qbs-autonaim/recruitment-assistant-extension:test:   [33mtype[39m=[32m"button"[39m
@qbs-autonaim/recruitment-assistant-extension:test: [36m>[39m
@qbs-autonaim/recruitment-assistant-extension:test:   [36m<span[39m
@qbs-autonaim/recruitment-assistant-extension:test:     [33mstyle[39m=[32m"white-space: nowrap;"[39m
@qbs-autonaim/recruitment-assistant-extension:test:   [36m>[39m
@qbs-autonaim/recruitment-assistant-extension:test:     [0m╨Ш╨╖╨▓╨╗╨╡╤З╤М ╨┤╨░╨╜╨╜╤Л╨╡[0m
@qbs-autonaim/recruitment-assistant-extension:test:   [36m</span>[39m
@qbs-autonaim/recruitment-assistant-extension:test: [36m</button>[39m
@qbs-autonaim/recruitment-assistant-extension:test: 
@qbs-autonaim/recruitment-assistant-extension:test: Ignored nodes: comments, script, style
@qbs-autonaim/recruitment-assistant-extension:test: [36m<button[39m
@qbs-autonaim/recruitment-assistant-extension:test:   [33maria-busy[39m=[32m"true"[39m
@qbs-autonaim/recruitment-assistant-extension:test:   [33maria-label[39m=[32m"╨Ш╨╖╨▓╨╗╨╡╤З╤М ╨┤╨░╨╜╨╜╤Л╨╡ ╨┐╤А╨╛╤Д╨╕╨╗╤П ╨║╨░╨╜╨┤╨╕╨┤╨░╤В╨░"[39m
@qbs-autonaim/recruitment-assistant-extension:test:   [33maria-live[39m=[32m"polite"[39m
@qbs-autonaim/recruitment-assistant-extension:test:   [33mdisabled[39m=[32m""[39m
@qbs-autonaim/recruitment-assistant-extension:test:   [33mstyle[39m=[32m"min-width: 44px; min-height: 44px; padding: 12px 24px; font-size: 16px; font-weight: 500; color: #ffffff; background-color: #6b7280; border: none none; border-radius: 8px; cursor: not-allowed; touch-action: manipulation; transition: background-color 0.2s ease, transform 0.1s ease, box-shadow 0.2s ease; display: flex; align-items: center; justify-content: center; gap: 8px; box-shadow: 0 1px 3px 0 rgba(0, 0, 0, 0.1), 0 1px 2px -1px rgba(0, 0, 0, 0.1); position: relative; outline-color: none; outline-style: none; outline-width: initial;"[39m
@qbs-autonaim/recruitment-assistant-extension:test:   [33mtype[39m=[32m"button"[39m
@qbs-autonaim/recruitment-assistant-extension:test: [36m>[39m
@qbs-autonaim/recruitment-assistant-extension:test:   [36m<svg[39m
@qbs-autonaim/recruitment-assistant-extension:test:     [33maria-hidden[39m=[32m"true"[39m
@qbs-autonaim/recruitment-assistant-extension:test:     [33mfill[39m=[32m"none"[39m
@qbs-autonaim/recruitment-assistant-extension:test:     [33mrole[39m=[32m"presentation"[39m
@qbs-autonaim/recruitment-assistant-extension:test:     [33mstyle[39m=[32m"width: 16px; height: 16px; animation: spin 1s linear infinite; flex-shrink: 0;"[39m
@qbs-autonaim/recruitment-assistant-extension:test:     [33mviewBox[39m=[32m"0 0 24 24"[39m
@qbs-autonaim/recruitment-assistant-extension:test:   [36m>[39m
@qbs-autonaim/recruitment-assistant-extension:test:     [36m<circle[39m
@qbs-autonaim/recruitment-assistant-extension:test:       [33mcx[39m=[32m"12"[39m
@qbs-autonaim/recruitment-assistant-extension:test:       [33mcy[39m=[32m"12"[39m
@qbs-autonaim/recruitment-assistant-extension:test:       [33mr[39m=[32m"10"[39m
@qbs-autonaim/recruitment-assistant-extension:test:       [33mstroke[39m=[32m"currentColor"[39m
@qbs-autonaim/recruitment-assistant-extension:test:       [33mstroke-opacity[39m=[32m"0.25"[39m
@qbs-autonaim/recruitment-assistant-extension:test:       [33mstroke-width[39m=[32m"4"[39m
@qbs-autonaim/recruitment-assistant-extension:test:     [36m/>[39m
@qbs-autonaim/recruitment-assistant-extension:test:     [36m<path[39m
@qbs-autonaim/recruitment-assistant-extension:test:       [33md[39m=[32m"M4 12a8 8 0 018-8V0C5.373 0 0 5.373 0 12h4zm2 5.291A7.962 7.962 0 014 12H0c0 3.042 1.135 5.824 3 7.938l3-2.647z"[39m
@qbs-autonaim/recruitment-assistant-extension:test:       [33mfill[39m=[32m"currentColor"[39m
@qbs-autonaim/recruitment-assistant-extension:test:       [33mopacity[39m=[32m"0.75"[39m
@qbs-autonaim/recruitment-assistant-extension:test:     [36m/>[39m
@qbs-autonaim/recruitment-assistant-extension:test:   [36m</svg>[39m
@qbs-autonaim/recruitment-assistant-extension:test:   [36m<span[39m
@qbs-autonaim/recruitment-assistant-extension:test:     [33mstyle[39m=[32m"white-space: nowrap;"[39m
@qbs-autonaim/recruitment-assistant-extension:test:   [36m>[39m
@qbs-autonaim/recruitment-assistant-extension:test:     [0m╨Ш╨╖╨▓╨╗╨╡╤З╨╡╨╜╨╕╨╡ ╨┤╨░╨╜╨╜╤Л╤ЕтАж[0m
@qbs-autonaim/recruitment-assistant-extension:test:   [36m</span>[39m
@qbs-autonaim/recruitment-assistant-extension:test: [36m</button>[39m
@qbs-autonaim/recruitment-assistant-extension:test: 
@qbs-autonaim/recruitment-assistant-extension:test: Ignored nodes: comments, script, style
@qbs-autonaim/recruitment-assistant-extension:test: [36m<button[39m
@qbs-autonaim/recruitment-assistant-extension:test:   [33maria-busy[39m=[32m"false"[39m
@qbs-autonaim/recruitment-assistant-extension:test:   [33maria-label[39m=[32m"╨Ш╨╖╨▓╨╗╨╡╤З╤М ╨┤╨░╨╜╨╜╤Л╨╡ ╨┐╤А╨╛╤Д╨╕╨╗╤П ╨║╨░╨╜╨┤╨╕╨┤╨░╤В╨░"[39m
@qbs-autonaim/recruitment-assistant-extension:test:   [33maria-live[39m=[32m"polite"[39m
@qbs-autonaim/recruitment-assistant-extension:test:   [33mstyle[39m=[32m"min-width: 44px; min-height: 44px; padding: 12px 24px; font-size: 16px; font-weight: 500; color: #ffffff; background-color: #2563eb; border: none none; border-radius: 8px; cursor: pointer; touch-action: manipulation; transition: background-color 0.2s ease, transform 0.1s ease, box-shadow 0.2s ease; display: flex; align-items: center; justify-content: center; gap: 8px; box-shadow: 0 1px 3px 0 rgba(0, 0, 0, 0.1), 0 1px 2px -1px rgba(0, 0, 0, 0.1); position: relative; outline-color: none; outline-style: none; outline-width: initial;"[39m
@qbs-autonaim/recruitment-assistant-extension:test:   [33mtype[39m=[32m"button"[39m
@qbs-autonaim/recruitment-assistant-extension:test: [36m>[39m
@qbs-autonaim/recruitment-assistant-extension:test:   [36m<span[39m
@qbs-autonaim/recruitment-assistant-extension:test:     [33mstyle[39m=[32m"white-space: nowrap;"[39m
@qbs-autonaim/recruitment-assistant-extension:test:   [36m>[39m
@qbs-autonaim/recruitment-assistant-extension:test:     [0m╨Ш╨╖╨▓╨╗╨╡╤З╤М ╨┤╨░╨╜╨╜╤Л╨╡[0m
@qbs-autonaim/recruitment-assistant-extension:test:   [36m</span>[39m
@qbs-autonaim/recruitment-assistant-extension:test: [36m</button>[39m
@qbs-autonaim/recruitment-assistant-extension:test: 
@qbs-autonaim/recruitment-assistant-extension:test: Ignored nodes: comments, script, style
@qbs-autonaim/recruitment-assistant-extension:test: [36m<button[39m
@qbs-autonaim/recruitment-assistant-extension:test:   [33maria-busy[39m=[32m"true"[39m
@qbs-autonaim/recruitment-assistant-extension:test:   [33maria-label[39m=[32m"╨Ш╨╖╨▓╨╗╨╡╤З╤М ╨┤╨░╨╜╨╜╤Л╨╡ ╨┐╤А╨╛╤Д╨╕╨╗╤П ╨║╨░╨╜╨┤╨╕╨┤╨░╤В╨░"[39m
@qbs-autonaim/recruitment-assistant-extension:test:   [33maria-live[39m=[32m"polite"[39m
@qbs-autonaim/recruitment-assistant-extension:test:   [33mdisabled[39m=[32m""[39m
@qbs-autonaim/recruitment-assistant-extension:test:   [33mstyle[39m=[32m"min-width: 44px; min-height: 44px; padding: 12px 24px; font-size: 16px; font-weight: 500; color: #ffffff; background-color: #6b7280; border: none none; border-radius: 8px; cursor: not-allowed; touch-action: manipulation; transition: background-color 0.2s ease, transform 0.1s ease, box-shadow 0.2s ease; display: flex; align-items: center; justify-content: center; gap: 8px; box-shadow: 0 1px 3px 0 rgba(0, 0, 0, 0.1), 0 1px 2px -1px rgba(0, 0, 0, 0.1); position: relative; outline-color: none; outline-style: none; outline-width: initial;"[39m
@qbs-autonaim/recruitment-assistant-extension:test:   [33mtype[39m=[32m"button"[39m
@qbs-autonaim/recruitment-assistant-extension:test: [36m>[39m
@qbs-autonaim/recruitment-assistant-extension:test:   [36m<svg[39m
@qbs-autonaim/recruitment-assistant-extension:test:     [33maria-hidden[39m=[32m"true"[39m
@qbs-autonaim/recruitment-assistant-extension:test:     [33mfill[39m=[32m"none"[39m
@qbs-autonaim/recruitment-assistant-extension:test:     [33mrole[39m=[32m"presentation"[39m
@qbs-autonaim/recruitment-assistant-extension:test:     [33mstyle[39m=[32m"width: 16px; height: 16px; animation: spin 1s linear infinite; flex-shrink: 0;"[39m
@qbs-autonaim/recruitment-assistant-extension:test:     [33mviewBox[39m=[32m"0 0 24 24"[39m
@qbs-autonaim/recruitment-assistant-extension:test:   [36m>[39m
@qbs-autonaim/recruitment-assistant-extension:test:     [36m<circle[39m
@qbs-autonaim/recruitment-assistant-extension:test:       [33mcx[39m=[32m"12"[39m
@qbs-autonaim/recruitment-assistant-extension:test:       [33mcy[39m=[32m"12"[39m
@qbs-autonaim/recruitment-assistant-extension:test:       [33mr[39m=[32m"10"[39m
@qbs-autonaim/recruitment-assistant-extension:test:       [33mstroke[39m=[32m"currentColor"[39m
@qbs-autonaim/recruitment-assistant-extension:test:       [33mstroke-opacity[39m=[32m"0.25"[39m
@qbs-autonaim/recruitment-assistant-extension:test:       [33mstroke-width[39m=[32m"4"[39m
@qbs-autonaim/recruitment-assistant-extension:test:     [36m/>[39m
@qbs-autonaim/recruitment-assistant-extension:test:     [36m<path[39m
@qbs-autonaim/recruitment-assistant-extension:test:       [33md[39m=[32m"M4 12a8 8 0 018-8V0C5.373 0 0 5.373 0 12h4zm2 5.291A7.962 7.962 0 014 12H0c0 3.042 1.135 5.824 3 7.938l3-2.647z"[39m
@qbs-autonaim/recruitment-assistant-extension:test:       [33mfill[39m=[32m"currentColor"[39m
@qbs-autonaim/recruitment-assistant-extension:test:       [33mopacity[39m=[32m"0.75"[39m
@qbs-autonaim/recruitment-assistant-extension:test:     [36m/>[39m
@qbs-autonaim/recruitment-assistant-extension:test:   [36m</svg>[39m
@qbs-autonaim/recruitment-assistant-extension:test:   [36m<span[39m
@qbs-autonaim/recruitment-assistant-extension:test:     [33mstyle[39m=[32m"white-space: nowrap;"[39m
@qbs-autonaim/recruitment-assistant-extension:test:   [36m>[39m
@qbs-autonaim/recruitment-assistant-extension:test:     [0m╨Ш╨╖╨▓╨╗╨╡╤З╨╡╨╜╨╕╨╡ ╨┤╨░╨╜╨╜╤Л╤ЕтАж[0m
@qbs-autonaim/recruitment-assistant-extension:test:   [36m</span>[39m
@qbs-autonaim/recruitment-assistant-extension:test: [36m</button>[39m
@qbs-autonaim/recruitment-assistant-extension:test: 
@qbs-autonaim/recruitment-assistant-extension:test: Ignored nodes: comments, script, style
@qbs-autonaim/recruitment-assistant-extension:test: [36m<button[39m
@qbs-autonaim/recruitment-assistant-extension:test:   [33maria-busy[39m=[32m"true"[39m
@qbs-autonaim/recruitment-assistant-extension:test:   [33maria-label[39m=[32m"╨Ш╨╖╨▓╨╗╨╡╤З╤М ╨┤╨░╨╜╨╜╤Л╨╡ ╨┐╤А╨╛╤Д╨╕╨╗╤П ╨║╨░╨╜╨┤╨╕╨┤╨░╤В╨░"[39m
@qbs-autonaim/recruitment-assistant-extension:test:   [33maria-live[39m=[32m"polite"[39m
@qbs-autonaim/recruitment-assistant-extension:test:   [33mdisabled[39m=[32m""[39m
@qbs-autonaim/recruitment-assistant-extension:test:   [33mstyle[39m=[32m"min-width: 44px; min-height: 44px; padding: 12px 24px; font-size: 16px; font-weight: 500; color: #ffffff; background-color: #6b7280; border: none none; border-radius: 8px; cursor: not-allowed; touch-action: manipulation; transition: background-color 0.2s ease, transform 0.1s ease, box-shadow 0.2s ease; display: flex; align-items: center; justify-content: center; gap: 8px; box-shadow: 0 1px 3px 0 rgba(0, 0, 0, 0.1), 0 1px 2px -1px rgba(0, 0, 0, 0.1); position: relative; outline-color: none; outline-style: none; outline-width: initial;"[39m
@qbs-autonaim/recruitment-assistant-extension:test:   [33mtype[39m=[32m"button"[39m
@qbs-autonaim/recruitment-assistant-extension:test: [36m>[39m
@qbs-autonaim/recruitment-assistant-extension:test:   [36m<svg[39m
@qbs-autonaim/recruitment-assistant-extension:test:     [33maria-hidden[39m=[32m"true"[39m
@qbs-autonaim/recruitment-assistant-extension:test:     [33mfill[39m=[32m"none"[39m
@qbs-autonaim/recruitment-assistant-extension:test:     [33mrole[39m=[32m"presentation"[39m
@qbs-autonaim/recruitment-assistant-extension:test:     [33mstyle[39m=[32m"width: 16px; height: 16px; animation: spin 1s linear infinite; flex-shrink: 0;"[39m
@qbs-autonaim/recruitment-assistant-extension:test:     [33mviewBox[39m=[32m"0 0 24 24"[39m
@qbs-autonaim/recruitment-assistant-extension:test:   [36m>[39m
@qbs-autonaim/recruitment-assistant-extension:test:     [36m<circle[39m
@qbs-autonaim/recruitment-assistant-extension:test:       [33mcx[39m=[32m"12"[39m
@qbs-autonaim/recruitment-assistant-extension:test:       [33mcy[39m=[32m"12"[39m
@qbs-autonaim/recruitment-assistant-extension:test:       [33mr[39m=[32m"10"[39m
@qbs-autonaim/recruitment-assistant-extension:test:       [33mstroke[39m=[32m"currentColor"[39m
@qbs-autonaim/recruitment-assistant-extension:test:       [33mstroke-opacity[39m=[32m"0.25"[39m
@qbs-autonaim/recruitment-assistant-extension:test:       [33mstroke-width[39m=[32m"4"[39m
@qbs-autonaim/recruitment-assistant-extension:test:     [36m/>[39m
@qbs-autonaim/recruitment-assistant-extension:test:     [36m<path[39m
@qbs-autonaim/recruitment-assistant-extension:test:       [33md[39m=[32m"M4 12a8 8 0 018-8V0C5.373 0 0 5.373 0 12h4zm2 5.291A7.962 7.962 0 014 12H0c0 3.042 1.135 5.824 3 7.938l3-2.647z"[39m
@qbs-autonaim/recruitment-assistant-extension:test:       [33mfill[39m=[32m"currentColor"[39m
@qbs-autonaim/recruitment-assistant-extension:test:       [33mopacity[39m=[32m"0.75"[39m
@qbs-autonaim/recruitment-assistant-extension:test:     [36m/>[39m
@qbs-autonaim/recruitment-assistant-extension:test:   [36m</svg>[39m
@qbs-autonaim/recruitment-assistant-extension:test:   [36m<span[39m
@qbs-autonaim/recruitment-assistant-extension:test:     [33mstyle[39m=[32m"white-space: nowrap;"[39m
@qbs-autonaim/recruitment-assistant-extension:test:   [36m>[39m
@qbs-autonaim/recruitment-assistant-extension:test:     [0m╨Ш╨╖╨▓╨╗╨╡╤З╨╡╨╜╨╕╨╡ ╨┤╨░╨╜╨╜╤Л╤ЕтАж[0m
@qbs-autonaim/recruitment-assistant-extension:test:   [36m</span>[39m
@qbs-autonaim/recruitment-assistant-extension:test: [36m</button>[39m
@qbs-autonaim/recruitment-assistant-extension:test: 
@qbs-autonaim/recruitment-assistant-extension:test: Ignored nodes: comments, script, style
@qbs-autonaim/recruitment-assistant-extension:test: [36m<button[39m
@qbs-autonaim/recruitment-assistant-extension:test:   [33maria-busy[39m=[32m"false"[39m
@qbs-autonaim/recruitment-assistant-extension:test:   [33maria-label[39m=[32m"╨Ш╨╖╨▓╨╗╨╡╤З╤М ╨┤╨░╨╜╨╜╤Л╨╡ ╨┐╤А╨╛╤Д╨╕╨╗╤П ╨║╨░╨╜╨┤╨╕╨┤╨░╤В╨░"[39m
@qbs-autonaim/recruitment-assistant-extension:test:   [33maria-live[39m=[32m"polite"[39m
@qbs-autonaim/recruitment-assistant-extension:test:   [33mstyle[39m=[32m"min-width: 44px; min-height: 44px; padding: 12px 24px; font-size: 16px; font-weight: 500; color: #ffffff; background-color: #2563eb; border: none none; border-radius: 8px; cursor: pointer; touch-action: manipulation; transition: background-color 0.2s ease, transform 0.1s ease, box-shadow 0.2s ease; display: flex; align-items: center; justify-content: center; gap: 8px; box-shadow: 0 1px 3px 0 rgba(0, 0, 0, 0.1), 0 1px 2px -1px rgba(0, 0, 0, 0.1); position: relative; outline-color: none; outline-style: none; outline-width: initial;"[39m
@qbs-autonaim/recruitment-assistant-extension:test:   [33mtype[39m=[32m"button"[39m
@qbs-autonaim/recruitment-assistant-extension:test: [36m>[39m
@qbs-autonaim/recruitment-assistant-extension:test:   [36m<span[39m
@qbs-autonaim/recruitment-assistant-extension:test:     [33mstyle[39m=[32m"white-space: nowrap;"[39m
@qbs-autonaim/recruitment-assistant-extension:test:   [36m>[39m
@qbs-autonaim/recruitment-assistant-extension:test:     [0m╨Ш╨╖╨▓╨╗╨╡╤З╤М ╨┤╨░╨╜╨╜╤Л╨╡[0m
@qbs-autonaim/recruitment-assistant-extension:test:   [36m</span>[39m
@qbs-autonaim/recruitment-assistant-extension:test: [36m</button>[39m
@qbs-autonaim/recruitment-assistant-extension:test: 
@qbs-autonaim/recruitment-assistant-extension:test: Ignored nodes: comments, script, style
@qbs-autonaim/recruitment-assistant-extension:test: [36m<button[39m
@qbs-autonaim/recruitment-assistant-extension:test:   [33maria-busy[39m=[32m"false"[39m
@qbs-autonaim/recruitment-assistant-extension:test:   [33maria-label[39m=[32m"╨Ш╨╖╨▓╨╗╨╡╤З╤М ╨┤╨░╨╜╨╜╤Л╨╡ ╨┐╤А╨╛╤Д╨╕╨╗╤П ╨║╨░╨╜╨┤╨╕╨┤╨░╤В╨░"[39m
@qbs-autonaim/recruitment-assistant-extension:test:   [33maria-live[39m=[32m"polite"[39m
@qbs-autonaim/recruitment-assistant-extension:test:   [33mstyle[39m=[32m"min-width: 44px; min-height: 44px; padding: 12px 24px; font-size: 16px; font-weight: 500; color: #ffffff; background-color: #2563eb; border: none none; border-radius: 8px; cursor: pointer; touch-action: manipulation; transition: background-color 0.2s ease, transform 0.1s ease, box-shadow 0.2s ease; display: flex; align-items: center; justify-content: center; gap: 8px; box-shadow: 0 1px 3px 0 rgba(0, 0, 0, 0.1), 0 1px 2px -1px rgba(0, 0, 0, 0.1); position: relative; outline-color: none; outline-style: none; outline-width: initial;"[39m
@qbs-autonaim/recruitment-assistant-extension:test:   [33mtype[39m=[32m"button"[39m
@qbs-autonaim/recruitment-assistant-extension:test: [36m>[39m
@qbs-autonaim/recruitment-assistant-extension:test:   [36m<span[39m
@qbs-autonaim/recruitment-assistant-extension:test:     [33mstyle[39m=[32m"white-space: nowrap;"[39m
@qbs-autonaim/recruitment-assistant-extension:test:   [36m>[39m
@qbs-autonaim/recruitment-assistant-extension:test:     [0m╨Ш╨╖╨▓╨╗╨╡╤З╤М ╨┤╨░╨╜╨╜╤Л╨╡[0m
@qbs-autonaim/recruitment-assistant-extension:test:   [36m</span>[39m
@qbs-autonaim/recruitment-assistant-extension:test: [36m</button>[39m
@qbs-autonaim/recruitment-assistant-extension:test: 
@qbs-autonaim/recruitment-assistant-extension:test: (If this is intentional, then use the `*AllBy*` variant of the query (like `queryAllByText`, `getAllByText`, or `findAllByText`)).
@qbs-autonaim/recruitment-assistant-extension:test: 
@qbs-autonaim/recruitment-assistant-extension:test: Ignored nodes: comments, script, style
@qbs-autonaim/recruitment-assistant-extension:test: [36m<body>[39m
@qbs-autonaim/recruitment-assistant-extension:test:   [0m
@qbs-autonaim/recruitment-assistant-extension:test:         [0m
@qbs-autonaim/recruitment-assistant-extension:test:   [36m<h1[39m
@qbs-autonaim/recruitment-assistant-extension:test:     [33mclass[39m=[32m"text-heading-xlarge"[39m
@qbs-autonaim/recruitment-assistant-extension:test:   [36m>[39m
@qbs-autonaim/recruitment-assistant-extension:test:     [0m╨Ш╨▓╨░╨╜ ╨Ш╨▓╨░╨╜╨╛╨▓[0m
@qbs-autonaim/recruitment-assistant-extension:test:   [36m</h1>[39m
@qbs-autonaim/recruitment-assistant-extension:test:   [0m
@qbs-autonaim/recruitment-assistant-extension:test:         [0m
@qbs-autonaim/recruitment-assistant-extension:test:   [36m<div[39m
@qbs-autonaim/recruitment-assistant-extension:test:     [33mclass[39m=[32m"text-body-medium"[39m
@qbs-autonaim/recruitment-assistant-extension:test:   [36m>[39m
@qbs-autonaim/recruitment-assistant-extension:test:     [0mSenior Developer[0m
@qbs-autonaim/recruitment-assistant-extension:test:   [36m</div>[39m
@qbs-autonaim/recruitment-assistant-extension:test:   [0m
@qbs-autonaim/recruitment-assistant-extension:test:         [0m
@qbs-autonaim/recruitment-assistant-extension:test:   [36m<span[39m
@qbs-autonaim/recruitment-assistant-extension:test:     [33mclass[39m=[32m"text-body-small inline"[39m
@qbs-autonaim/recruitment-assistant-extension:test:   [36m>[39m
@qbs-autonaim/recruitment-assistant-extension:test:     [0m╨Ь╨╛╤Б╨║╨▓╨░, ╨а╨╛╤Б╤Б╨╕╤П[0m
@qbs-autonaim/recruitment-assistant-extension:test:   [36m</span>[39m
@qbs-autonaim/recruitment-assistant-extension:test:   [0m
@qbs-autonaim/recruitment-assistant-extension:test:         [0m
@qbs-autonaim/recruitment-assistant-extension:test:   [36m<img[39m
@qbs-autonaim/recruitment-assistant-extension:test:     [33mclass[39m=[32m"pv-top-card-profile-picture__image"[39m
@qbs-autonaim/recruitment-assistant-extension:test:     [33msrc[39m=[32m"https://example.com/photo.jpg"[39m
@qbs-autonaim/recruitment-assistant-extension:test:   [36m/>[39m
@qbs-autonaim/recruitment-assistant-extension:test:   [0m
@qbs-autonaim/recruitment-assistant-extension:test:         
@qbs-autonaim/recruitment-assistant-extension:test:         [0m
@qbs-autonaim/recruitment-assistant-extension:test:   [36m<section[39m
@qbs-autonaim/recruitment-assistant-extension:test:     [33mid[39m=[32m"experience"[39m
@qbs-autonaim/recruitment-assistant-extension:test:   [36m>[39m
@qbs-autonaim/recruitment-assistant-extension:test:     [0m
@qbs-autonaim/recruitment-assistant-extension:test:           [0m
@qbs-autonaim/recruitment-assistant-extension:test:     [36m<ul>[39m
@qbs-autonaim/recruitment-assistant-extension:test:       [0m
@qbs-autonaim/recruitment-assistant-extension:test:             [0m
@qbs-autonaim/recruitment-assistant-extension:test:       [36m<li[39m
@qbs-autonaim/recruitment-assistant-extension:test:         [33mclass[39m=[32m"artdeco-list__item"[39m
@qbs-autonaim/recruitment-assistant-extension:test:       [36m>[39m
@qbs-autonaim/recruitment-assistant-extension:test:         [0m
@qbs-autonaim/recruitment-assistant-extension:test:               [0m
@qbs-autonaim/recruitment-assistant-extension:test:         [36m<div[39m
@qbs-autonaim/recruitment-assistant-extension:test:           [33mclass[39m=[32m"display-flex"[39m
@qbs-autonaim/recruitment-assistant-extension:test:         [36m>[39m
@qbs-autonaim/recruitment-assistant-extension:test:           [0m
@qbs-autonaim/recruitment-assistant-extension:test:                 [0m
@qbs-autonaim/recruitment-assistant-extension:test:           [36m<span[39m
@qbs-autonaim/recruitment-assistant-extension:test:             [33maria-hidden[39m=[32m"true"[39m
@qbs-autonaim/recruitment-assistant-extension:test:           [36m>[39m
@qbs-autonaim/recruitment-assistant-extension:test:             [0mSenior Developer[0m
@qbs-autonaim/recruitment-assistant-extension:test:           [36m</span>[39m
@qbs-autonaim/recruitment-assistant-extension:test:           [0m
@qbs-autonaim/recruitment-assistant-extension:test:               [0m
@qbs-autonaim/recruitment-assistant-extension:test:         [36m</div>[39m
@qbs-autonaim/recruitment-assistant-extension:test:         [0m
@qbs-autonaim/recruitment-assistant-extension:test:               [0m
@qbs-autonaim/recruitment-assistant-extension:test:         [36m<span[39m
@qbs-autonaim/recruitment-assistant-extension:test:           [33mclass[39m=[32m"t-14 t-normal"[39m
@qbs-autonaim/recruitment-assistant-extension:test:         [36m>[39m
@qbs-autonaim/recruitment-assistant-extension:test:           [0m
@qbs-autonaim/recruitment-assistant-extension:test:                 [0m
@qbs-autonaim/recruitment-assistant-extension:test:           [36m<span[39m
@qbs-autonaim/recruitment-assistant-extension:test:             [33maria-hidden[39m=[32m"true"[39m
@qbs-autonaim/recruitment-assistant-extension:test:           [36m>[39m
@qbs-autonaim/recruitment-assistant-extension:test:             [0mTech Company[0m
@qbs-autonaim/recruitment-assistant-extension:test:           [36m</span>[39m
@qbs-autonaim/recruitment-assistant-extension:test:           [0m
@qbs-autonaim/recruitment-assistant-extension:test:               [0m
@qbs-autonaim/recruitment-assistant-extension:test:         [36m</span>[39m
@qbs-autonaim/recruitment-assistant-extension:test:         [0m
@qbs-autonaim/recruitment-assistant-extension:test:               [0m
@qbs-autonaim/recruitment-assistant-extension:test:         [36m<span[39m
@qbs-autonaim/recruitment-assistant-extension:test:           [33mclass[39m=[32m"t-14 t-normal t-black--light"[39m
@qbs-autonaim/recruitment-assistant-extension:test:         [36m>[39m
@qbs-autonaim/recruitment-assistant-extension:test:           [0m
@qbs-autonaim/recruitment-assistant-extension:test:                 [0m
@qbs-autonaim/recruitment-assistant-extension:test:           [36m<span[39m
@qbs-autonaim/recruitment-assistant-extension:test:             [33maria-hidden[39m=[32m"true"[39m
@qbs-autonaim/recruitment-assistant-extension:test:           [36m>[39m
@qbs-autonaim/recruitment-assistant-extension:test:             [0m2020 тАУ ╨┐╨╛ ╨╜╨░╤Б╤В╨╛╤П╤Й╨╡╨╡ ╨▓╤А╨╡╨╝╤П[0m
@qbs-autonaim/recruitment-assistant-extension:test:           [36m</span>[39m
@qbs-autonaim/recruitment-assistant-extension:test:           [0m
@qbs-autonaim/recruitment-assistant-extension:test:               [0m
@qbs-autonaim/recruitment-assistant-extension:test:         [36m</span>[39m
@qbs-autonaim/recruitment-assistant-extension:test:         [0m
@qbs-autonaim/recruitment-assistant-extension:test:               [0m
@qbs-autonaim/recruitment-assistant-extension:test:         [36m<div[39m
@qbs-autonaim/recruitment-assistant-extension:test:           [33mclass[39m=[32m"display-flex full-width"[39m
@qbs-autonaim/recruitment-assistant-extension:test:         [36m>[39m
@qbs-autonaim/recruitment-assistant-extension:test:           [0m
@qbs-autonaim/recruitment-assistant-extension:test:                 [0m
@qbs-autonaim/recruitment-assistant-extension:test:           [36m<span[39m
@qbs-autonaim/recruitment-assistant-extension:test:             [33maria-hidden[39m=[32m"true"[39m
@qbs-autonaim/recruitment-assistant-extension:test:           [36m>[39m
@qbs-autonaim/recruitment-assistant-extension:test:             [0m╨а╨░╨╖╤А╨░╨▒╨╛╤В╨║╨░[0m
@qbs-autonaim/recruitment-assistant-extension:test:           [36m</span>[39m
@qbs-autonaim/recruitment-assistant-extension:test:           [0m
@qbs-autonaim/recruitment-assistant-extension:test:               [0m
@qbs-autonaim/recruitment-assistant-extension:test:         [36m</div>[39m
@qbs-autonaim/recruitment-assistant-extension:test:         [0m
@qbs-autonaim/recruitment-assistant-extension:test:             [0m
@qbs-autonaim/recruitment-assistant-extension:test:       [36m</li>[39m
@qbs-autonaim/recruitment-assistant-extension:test:       [0m
@qbs-autonaim/recruitment-assistant-extension:test:           [0m
@qbs-autonaim/recruitment-assistant-extension:test:     [36m</ul>[39m
@qbs-autonaim/recruitment-assistant-extension:test:     [0m
@qbs-autonaim/recruitment-assistant-extension:test:         [0m
@qbs-autonaim/recruitment-assistant-extension:test:   [36m</section>[39m
@qbs-autonaim/recruitment-assistant-extension:test:   [0m
@qbs-autonaim/recruitment-assistant-extension:test:         
@qbs-autonaim/recruitment-assistant-extension:test:         [0m
@qbs-autonaim/recruitment-assistant-extension:test:   [36m<section[39m
@qbs-autonaim/recruitment-assistant-extension:test:     [33mid[39m=[32m"education"[39m
@qbs-autonaim/recruitment-assistant-extension:test:   [36m>[39m
@qbs-autonaim/recruitment-assistant-extension:test:     [0m
@qbs-autonaim/recruitment-assistant-extension:test:           [0m
@qbs-autonaim/recruitment-assistant-extension:test:     [36m<ul>[39m
@qbs-autonaim/recruitment-assistant-extension:test:       [0m
@qbs-autonaim/recruitment-assistant-extension:test:             [0m
@qbs-autonaim/recruitment-assistant-extension:test:       [36m<li[39m
@qbs-autonaim/recruitment-assistant-extension:test:         [33mclass[39m=[32m"artdeco-list__item"[39m
@qbs-autonaim/recruitment-assistant-extension:test:       [36m>[39m
@qbs-autonaim/recruitment-assistant-extension:test:         [0m
@qbs-autonaim/recruitment-assistant-extension:test:               [0m
@qbs-autonaim/recruitment-assistant-extension:test:         [36m<div[39m
@qbs-autonaim/recruitment-assistant-extension:test:           [33mclass[39m=[32m"display-flex"[39m
@qbs-autonaim/recruitment-assistant-extension:test:         [36m>[39m
@qbs-autonaim/recruitment-assistant-extension:test:           [0m
@qbs-autonaim/recruitment-assistant-extension:test:                 [0m
@qbs-autonaim/recruitment-assistant-extension:test:           [36m<span[39m
@qbs-autonaim/recruitment-assistant-extension:test:             [33maria-hidden[39m=[32m"true"[39m
@qbs-autonaim/recruitment-assistant-extension:test:           [36m>[39m
@qbs-autonaim/recruitment-assistant-extension:test:             [0m╨Ь╨У╨г[0m
@qbs-autonaim/recruitment-assistant-extension:test:           [36m</span>[39m
@qbs-autonaim/recruitment-assistant-extension:test:           [0m
@qbs-autonaim/recruitment-assistant-extension:test:               [0m
@qbs-autonaim/recruitment-assistant-extension:test:         [36m</div>[39m
@qbs-autonaim/recruitment-assistant-extension:test:         [0m
@qbs-autonaim/recruitment-assistant-extension:test:               [0m
@qbs-autonaim/recruitment-assistant-extension:test:         [36m<span[39m
@qbs-autonaim/recruitment-assistant-extension:test:           [33mclass[39m=[32m"t-14 t-normal"[39m
@qbs-autonaim/recruitment-assistant-extension:test:         [36m>[39m
@qbs-autonaim/recruitment-assistant-extension:test:           [0m
@qbs-autonaim/recruitment-assistant-extension:test:                 [0m
@qbs-autonaim/recruitment-assistant-extension:test:           [36m<span[39m
@qbs-autonaim/recruitment-assistant-extension:test:             [33maria-hidden[39m=[32m"true"[39m
@qbs-autonaim/recruitment-assistant-extension:test:           [36m>[39m
@qbs-autonaim/recruitment-assistant-extension:test:             [0m╨С╨░╨║╨░╨╗╨░╨▓╤А[0m
@qbs-autonaim/recruitment-assistant-extension:test:           [36m</span>[39m
@qbs-autonaim/recruitment-assistant-extension:test:           [0m
@qbs-autonaim/recruitment-assistant-extension:test:               [0m
@qbs-autonaim/recruitment-assistant-extension:test:         [36m</span>[39m
@qbs-autonaim/recruitment-assistant-extension:test:         [0m
@qbs-autonaim/recruitment-assistant-extension:test:               [0m
@qbs-autonaim/recruitment-assistant-extension:test:         [36m<span[39m
@qbs-autonaim/recruitment-assistant-extension:test:           [33mclass[39m=[32m"t-14 t-normal t-black--light"[39m
@qbs-autonaim/recruitment-assistant-extension:test:         [36m>[39m
@qbs-autonaim/recruitment-assistant-extension:test:           [0m
@qbs-autonaim/recruitment-assistant-extension:test:                 [0m
@qbs-autonaim/recruitment-assistant-extension:test:           [36m<span[39m
@qbs-autonaim/recruitment-assistant-extension:test:             [33maria-hidden[39m=[32m"true"[39m
@qbs-autonaim/recruitment-assistant-extension:test:           [36m>[39m
@qbs-autonaim/recruitment-assistant-extension:test:             [0m╨Ш╨╜╤Д╨╛╤А╨╝╨░╤В╨╕╨║╨░[0m
@qbs-autonaim/recruitment-assistant-extension:test:           [36m</span>[39m
@qbs-autonaim/recruitment-assistant-extension:test:           [0m
@qbs-autonaim/recruitment-assistant-extension:test:               [0m
@qbs-autonaim/recruitment-assistant-extension:test:         [36m</span>[39m
@qbs-autonaim/recruitment-assistant-extension:test:         [0m
@qbs-autonaim/recruitment-assistant-extension:test:               [0m
@qbs-autonaim/recruitment-assistant-extension:test:         [36m<span[39m
@qbs-autonaim/recruitment-assistant-extension:test:           [33mclass[39m=[32m"t-14 t-normal t-black--light"[39m
@qbs-autonaim/recruitment-assistant-extension:test:         [36m>[39m
@qbs-autonaim/recruitment-assistant-extension:test:           [0m
@qbs-autonaim/recruitment-assistant-extension:test:                 [0m
@qbs-autonaim/recruitment-assistant-extension:test:           [36m<span[39m
@qbs-autonaim/recruitment-assistant-extension:test:             [33maria-hidden[39m=[32m"true"[39m
@qbs-autonaim/recruitment-assistant-extension:test:           [36m>[39m
@qbs-autonaim/recruitment-assistant-extension:test:             [0m2015 тАУ 2019[0m
@qbs-autonaim/recruitment-assistant-extension:test:           [36m</span>[39m
@qbs-autonaim/recruitment-assistant-extension:test:           [0m
@qbs-autonaim/recruitment-assistant-extension:test:               [0m
@qbs-autonaim/recruitment-assistant-extension:test:         [36m</span>[39m
@qbs-autonaim/recruitment-assistant-extension:test:         [0m
@qbs-autonaim/recruitment-assistant-extension:test:             [0m
@qbs-autonaim/recruitment-assistant-extension:test:       [36m</li>[39m
@qbs-autonaim/recruitment-assistant-extension:test:       [0m
@qbs-autonaim/recruitment-assistant-extension:test:           [0m
@qbs-autonaim/recruitment-assistant-extension:test:     [36m</ul>[39m
@qbs-autonaim/recruitment-assistant-extension:test:     [0m
@qbs-autonaim/recruitment-assistant-extension:test:         [0m
@qbs-autonaim/recruitment-assistant-extension:test:   [36m</section>[39m
@qbs-autonaim/recruitment-assistant-extension:test:   [0m
@qbs-autonaim/recruitment-assistant-extension:test:         
@qbs-autonaim/recruitment-assistant-extension:test:         [0m
@qbs-autonaim/recruitment-assistant-extension:test:   [36m<section[39m
@qbs-autonaim/recruitment-assistant-extension:test:     [33mid[39m=[32m"skills"[39m
@qbs-autonaim/recruitment-assistant-extension:test:   [36m>[39m
@qbs-autonaim/recruitment-assistant-extension:test:     [0m
@qbs-autonaim/recruitment-assistant-extension:test:           [0m
@qbs-autonaim/recruitment-assistant-extension:test:     [36m<span[39m
@qbs-autonaim/recruitment-assistant-extension:test:       [33maria-hidden[39m=[32m"true"[39m
@qbs-autonaim/recruitment-assistant-extension:test:     [36m>[39m
@qbs-autonaim/recruitment-assistant-extension:test:       [0mTypeScript[0m
@qbs-autonaim/recruitment-assistant-extension:test:     [36m</span>[39m
@qbs-autonaim/recruitment-assistant-extension:test:     [0m
@qbs-autonaim/recruitment-assistant-extension:test:           [0m
@qbs-autonaim/recruitment-assistant-extension:test:     [36m<span[39m
@qbs-autonaim/recruitment-assistant-extension:test:       [33maria-hidden[39m=[32m"true"[39m
@qbs-autonaim/recruitment-assistant-extension:test:     [36m>[39m
@qbs-autonaim/recruitment-assistant-extension:test:       [0mReact[0m
@qbs-autonaim/recruitment-assistant-extension:test:     [36m</span>[39m
@qbs-autonaim/recruitment-assistant-extension:test:     [0m
@qbs-autonaim/recruitment-assistant-extension:test:         [0m
@qbs-autonaim/recruitment-assistant-extension:test:   [36m</section>[39m
@qbs-autonaim/recruitment-assistant-extension:test:   [0m
@qbs-autonaim/recruitment-assistant-extension:test:         
@qbs-autonaim/recruitment-assistant-extension:test:         [0m
@qbs-autonaim/recruitment-assistant-extension:test:   [36m<section[39m
@qbs-autonaim/recruitment-assistant-extension:test:     [33mclass[39m=[32m"pv-contact-info"[39m
@qbs-autonaim/recruitment-assistant-extension:test:   [36m>[39m
@qbs-autonaim/recruitment-assistant-extension:test:     [0m
@qbs-autonaim/recruitment-assistant-extension:test:           [0m
@qbs-autonaim/recruitment-assistant-extension:test:     [36m<a[39m
@qbs-autonaim/recruitment-assistant-extension:test:       [33mhref[39m=[32m"mailto:ivan@example.com"[39m
@qbs-autonaim/recruitment-assistant-extension:test:     [36m>[39m
@qbs-autonaim/recruitment-assistant-extension:test:       [0mEmail[0m
@qbs-autonaim/recruitment-assistant-extension:test:     [36m</a>[39m
@qbs-autonaim/recruitment-assistant-extension:test:     [0m
@qbs-autonaim/recruitment-assistant-extension:test:           [0m
@qbs-autonaim/recruitment-assistant-extension:test:     [36m<span[39m
@qbs-autonaim/recruitment-assistant-extension:test:       [33mclass[39m=[32m"t-14 t-black t-normal"[39m
@qbs-autonaim/recruitment-assistant-extension:test:     [36m>[39m
@qbs-autonaim/recruitment-assistant-extension:test:       [0m+7 (999) 123-45-67[0m
@qbs-autonaim/recruitment-assistant-extension:test:     [36m</span>[39m
@qbs-autonaim/recruitment-assistant-extension:test:     [0m
@qbs-autonaim/recruitment-assistant-extension:test:         [0m
@qbs-autonaim/recruitment-assistant-extension:test:   [36m</section>[39m
@qbs-autonaim/recruitment-assistant-extension:test:   [0m
@qbs-autonaim/recruitment-assistant-extension:test:       [0m
@qbs-autonaim/recruitment-assistant-extension:test:   [36m<div>[39m
@qbs-autonaim/recruitment-assistant-extension:test:     [36m<button[39m
@qbs-autonaim/recruitment-assistant-extension:test:       [33maria-busy[39m=[32m"false"[39m
@qbs-autonaim/recruitment-assistant-extension:test:       [33maria-label[39m=[32m"╨Ш╨╖╨▓╨╗╨╡╤З╤М ╨┤╨░╨╜╨╜╤Л╨╡ ╨┐╤А╨╛╤Д╨╕╨╗╤П ╨║╨░╨╜╨┤╨╕╨┤╨░╤В╨░"[39m
@qbs-autonaim/recruitment-assistant-extension:test:       [33maria-live[39m=[32m"polite"[39m
@qbs-autonaim/recruitment-assistant-extension:test:       [33mstyle[39m=[32m"min-width: 44px; min-height: 44px; padding: 12px 24px; font-size: 16px; font-weight: 500; color: #ffffff; background-color: #2563eb; border: none none; border-radius: 8px; cursor: pointer; touch-action: manipulation; transition: background-color 0.2s ease, transform 0.1s ease, box-shadow 0.2s ease; display: flex; align-items: center; justify-content: center; gap: 8px; box-shadow: 0 1px 3px 0 rgba(0, 0, 0, 0.1), 0 1px 2px -1px rgba(0, 0, 0, 0.1); position: relative; outline-color: none; outline-style: none; outline-width: initial;"[39m
@qbs-autonaim/recruitment-assistant-extension:test:       [33mtype[39m=[32m"button"[39m
@qbs-autonaim/recruitment-assistant-extension:test:     [36m>[39m
@qbs-autonaim/recruitment-assistant-extension:test:       [36m<span[39m
@qbs-autonaim/recruitment-assistant-extension:test:         [33mstyle[39m=[32m"white-space: nowrap;"[39m
@qbs-autonaim/recruitment-assistant-extension:test:       [36m>[39m
@qbs-autonaim/recruitment-assistant-extension:test:         [0m╨Ш╨╖╨▓╨╗╨╡╤З╤М ╨┤╨░╨╜╨╜╤Л╨╡[0m
@qbs-autonaim/recruitment-assistant-extension:test:       [36m</span>[39m
@qbs-autonaim/recruitment-assistant-extension:test:     [36m</button>[39m
@qbs-autonaim/recruitment-assistant-extension:test:   [36m</div>[39m
@qbs-autonaim/recruitment-assistant-extension:test:   [36m<div>[39m
@qbs-autonaim/recruitment-assistant-extension:test:     [36m<button[39m
@qbs-autonaim/recruitment-assistant-extension:test:       [33maria-busy[39m=[32m"true"[39m
@qbs-autonaim/recruitment-assistant-extension:test:       [33maria-label[39m=[32m"╨Ш╨╖╨▓╨╗╨╡╤З╤М ╨┤╨░╨╜╨╜╤Л╨╡ ╨┐╤А╨╛╤Д╨╕╨╗╤П ╨║╨░╨╜╨┤╨╕╨┤╨░╤В╨░"[39m
@qbs-autonaim/recruitment-assistant-extension:test:       [33maria-live[39m=[32m"polite"[39m
@qbs-autonaim/recruitment-assistant-extension:test:       [33mdisabled[39m=[32m""[39m
@qbs-autonaim/recruitment-assistant-extension:test:       [33mstyle[39m=[32m"min-width: 44px; min-height: 44px; padding: 12px 24px; font-size: 16px; font-weight: 500; color: #ffffff; background-color: #6b7280; border: none none; border-radius: 8px; cursor: not-all...
@qbs-autonaim/recruitment-assistant-extension:test:       at <anonymous> (C:\Projects\kwork\selectio\node_modules\@testing-library\dom\dist\query-helpers.js:59:30)
@qbs-autonaim/recruitment-assistant-extension:test:       at <anonymous> (C:\Projects\kwork\selectio\node_modules\@testing-library\dom\dist\query-helpers.js:95:19)
@qbs-autonaim/recruitment-assistant-extension:test:       at <anonymous> (C:\Projects\kwork\selectio\apps\recruitment-assistant-extension\src\content\ui\action-button.test.tsx:128:29)
@qbs-autonaim/recruitment-assistant-extension:test: (fail) ActionButton > ╨б╤В╨╕╨╗╨╕ ╨╕ ╤А╨░╨╖╨╝╨╡╤А╤Л > ╨┤╨╛╨╗╨╢╨╡╨╜ ╨╕╨╝╨╡╤В╤М ╨╝╨╕╨╜╨╕╨╝╨░╨╗╤М╨╜╤Л╨╣ ╤А╨░╨╖╨╝╨╡╤А 44x44px [31.00ms]
@qbs-autonaim/recruitment-assistant-extension:test: 54 |       const elementStrings = els.map(element => getElementError(null, element).message).join('\n\n');
@qbs-autonaim/recruitment-assistant-extension:test: 55 |       throw getMultipleElementsFoundError(`${getMultipleError(container, ...args)}
@qbs-autonaim/recruitment-assistant-extension:test: 56 | 
@qbs-autonaim/recruitment-assistant-extension:test: 57 | Here are the matching elements:
@qbs-autonaim/recruitment-assistant-extension:test: 58 | 
@qbs-autonaim/recruitment-assistant-extension:test: 59 | ${elementStrings}`, container);
@qbs-autonaim/recruitment-assistant-extension:test:                                   ^
@qbs-autonaim/recruitment-assistant-extension:test: TestingLibraryElementError: Found multiple elements with the role "button"
@qbs-autonaim/recruitment-assistant-extension:test: 
@qbs-autonaim/recruitment-assistant-extension:test: Here are the matching elements:
@qbs-autonaim/recruitment-assistant-extension:test: 
@qbs-autonaim/recruitment-assistant-extension:test: Ignored nodes: comments, script, style
@qbs-autonaim/recruitment-assistant-extension:test: [36m<button[39m
@qbs-autonaim/recruitment-assistant-extension:test:   [33maria-busy[39m=[32m"false"[39m
@qbs-autonaim/recruitment-assistant-extension:test:   [33maria-label[39m=[32m"╨Ш╨╖╨▓╨╗╨╡╤З╤М ╨┤╨░╨╜╨╜╤Л╨╡ ╨┐╤А╨╛╤Д╨╕╨╗╤П ╨║╨░╨╜╨┤╨╕╨┤╨░╤В╨░"[39m
@qbs-autonaim/recruitment-assistant-extension:test:   [33maria-live[39m=[32m"polite"[39m
@qbs-autonaim/recruitment-assistant-extension:test:   [33mstyle[39m=[32m"min-width: 44px; min-height: 44px; padding: 12px 24px; font-size: 16px; font-weight: 500; color: #ffffff; background-color: #2563eb; border: none none; border-radius: 8px; cursor: pointer; touch-action: manipulation; transition: background-color 0.2s ease, transform 0.1s ease, box-shadow 0.2s ease; display: flex; align-items: center; justify-content: center; gap: 8px; box-shadow: 0 1px 3px 0 rgba(0, 0, 0, 0.1), 0 1px 2px -1px rgba(0, 0, 0, 0.1); position: relative; outline-color: none; outline-style: none; outline-width: initial;"[39m
@qbs-autonaim/recruitment-assistant-extension:test:   [33mtype[39m=[32m"button"[39m
@qbs-autonaim/recruitment-assistant-extension:test: [36m>[39m
@qbs-autonaim/recruitment-assistant-extension:test:   [36m<span[39m
@qbs-autonaim/recruitment-assistant-extension:test:     [33mstyle[39m=[32m"white-space: nowrap;"[39m
@qbs-autonaim/recruitment-assistant-extension:test:   [36m>[39m
@qbs-autonaim/recruitment-assistant-extension:test:     [0m╨Ш╨╖╨▓╨╗╨╡╤З╤М ╨┤╨░╨╜╨╜╤Л╨╡[0m
@qbs-autonaim/recruitment-assistant-extension:test:   [36m</span>[39m
@qbs-autonaim/recruitment-assistant-extension:test: [36m</button>[39m
@qbs-autonaim/recruitment-assistant-extension:test: 
@qbs-autonaim/recruitment-assistant-extension:test: Ignored nodes: comments, script, style
@qbs-autonaim/recruitment-assistant-extension:test: [36m<button[39m
@qbs-autonaim/recruitment-assistant-extension:test:   [33maria-busy[39m=[32m"true"[39m
@qbs-autonaim/recruitment-assistant-extension:test:   [33maria-label[39m=[32m"╨Ш╨╖╨▓╨╗╨╡╤З╤М ╨┤╨░╨╜╨╜╤Л╨╡ ╨┐╤А╨╛╤Д╨╕╨╗╤П ╨║╨░╨╜╨┤╨╕╨┤╨░╤В╨░"[39m
@qbs-autonaim/recruitment-assistant-extension:test:   [33maria-live[39m=[32m"polite"[39m
@qbs-autonaim/recruitment-assistant-extension:test:   [33mdisabled[39m=[32m""[39m
@qbs-autonaim/recruitment-assistant-extension:test:   [33mstyle[39m=[32m"min-width: 44px; min-height: 44px; padding: 12px 24px; font-size: 16px; font-weight: 500; color: #ffffff; background-color: #6b7280; border: none none; border-radius: 8px; cursor: not-allowed; touch-action: manipulation; transition: background-color 0.2s ease, transform 0.1s ease, box-shadow 0.2s ease; display: flex; align-items: center; justify-content: center; gap: 8px; box-shadow: 0 1px 3px 0 rgba(0, 0, 0, 0.1), 0 1px 2px -1px rgba(0, 0, 0, 0.1); position: relative; outline-color: none; outline-style: none; outline-width: initial;"[39m
@qbs-autonaim/recruitment-assistant-extension:test:   [33mtype[39m=[32m"button"[39m
@qbs-autonaim/recruitment-assistant-extension:test: [36m>[39m
@qbs-autonaim/recruitment-assistant-extension:test:   [36m<svg[39m
@qbs-autonaim/recruitment-assistant-extension:test:     [33maria-hidden[39m=[32m"true"[39m
@qbs-autonaim/recruitment-assistant-extension:test:     [33mfill[39m=[32m"none"[39m
@qbs-autonaim/recruitment-assistant-extension:test:     [33mrole[39m=[32m"presentation"[39m
@qbs-autonaim/recruitment-assistant-extension:test:     [33mstyle[39m=[32m"width: 16px; height: 16px; animation: spin 1s linear infinite; flex-shrink: 0;"[39m
@qbs-autonaim/recruitment-assistant-extension:test:     [33mviewBox[39m=[32m"0 0 24 24"[39m
@qbs-autonaim/recruitment-assistant-extension:test:   [36m>[39m
@qbs-autonaim/recruitment-assistant-extension:test:     [36m<circle[39m
@qbs-autonaim/recruitment-assistant-extension:test:       [33mcx[39m=[32m"12"[39m
@qbs-autonaim/recruitment-assistant-extension:test:       [33mcy[39m=[32m"12"[39m
@qbs-autonaim/recruitment-assistant-extension:test:       [33mr[39m=[32m"10"[39m
@qbs-autonaim/recruitment-assistant-extension:test:       [33mstroke[39m=[32m"currentColor"[39m
@qbs-autonaim/recruitment-assistant-extension:test:       [33mstroke-opacity[39m=[32m"0.25"[39m
@qbs-autonaim/recruitment-assistant-extension:test:       [33mstroke-width[39m=[32m"4"[39m
@qbs-autonaim/recruitment-assistant-extension:test:     [36m/>[39m
@qbs-autonaim/recruitment-assistant-extension:test:     [36m<path[39m
@qbs-autonaim/recruitment-assistant-extension:test:       [33md[39m=[32m"M4 12a8 8 0 018-8V0C5.373 0 0 5.373 0 12h4zm2 5.291A7.962 7.962 0 014 12H0c0 3.042 1.135 5.824 3 7.938l3-2.647z"[39m
@qbs-autonaim/recruitment-assistant-extension:test:       [33mfill[39m=[32m"currentColor"[39m
@qbs-autonaim/recruitment-assistant-extension:test:       [33mopacity[39m=[32m"0.75"[39m
@qbs-autonaim/recruitment-assistant-extension:test:     [36m/>[39m
@qbs-autonaim/recruitment-assistant-extension:test:   [36m</svg>[39m
@qbs-autonaim/recruitment-assistant-extension:test:   [36m<span[39m
@qbs-autonaim/recruitment-assistant-extension:test:     [33mstyle[39m=[32m"white-space: nowrap;"[39m
@qbs-autonaim/recruitment-assistant-extension:test:   [36m>[39m
@qbs-autonaim/recruitment-assistant-extension:test:     [0m╨Ш╨╖╨▓╨╗╨╡╤З╨╡╨╜╨╕╨╡ ╨┤╨░╨╜╨╜╤Л╤ЕтАж[0m
@qbs-autonaim/recruitment-assistant-extension:test:   [36m</span>[39m
@qbs-autonaim/recruitment-assistant-extension:test: [36m</button>[39m
@qbs-autonaim/recruitment-assistant-extension:test: 
@qbs-autonaim/recruitment-assistant-extension:test: Ignored nodes: comments, script, style
@qbs-autonaim/recruitment-assistant-extension:test: [36m<button[39m
@qbs-autonaim/recruitment-assistant-extension:test:   [33maria-busy[39m=[32m"true"[39m
@qbs-autonaim/recruitment-assistant-extension:test:   [33maria-label[39m=[32m"╨Ш╨╖╨▓╨╗╨╡╤З╤М ╨┤╨░╨╜╨╜╤Л╨╡ ╨┐╤А╨╛╤Д╨╕╨╗╤П ╨║╨░╨╜╨┤╨╕╨┤╨░╤В╨░"[39m
@qbs-autonaim/recruitment-assistant-extension:test:   [33maria-live[39m=[32m"polite"[39m
@qbs-autonaim/recruitment-assistant-extension:test:   [33mdisabled[39m=[32m""[39m
@qbs-autonaim/recruitment-assistant-extension:test:   [33mstyle[39m=[32m"min-width: 44px; min-height: 44px; padding: 12px 24px; font-size: 16px; font-weight: 500; color: #ffffff; background-color: #6b7280; border: none none; border-radius: 8px; cursor: not-allowed; touch-action: manipulation; transition: background-color 0.2s ease, transform 0.1s ease, box-shadow 0.2s ease; display: flex; align-items: center; justify-content: center; gap: 8px; box-shadow: 0 1px 3px 0 rgba(0, 0, 0, 0.1), 0 1px 2px -1px rgba(0, 0, 0, 0.1); position: relative; outline-color: none; outline-style: none; outline-width: initial;"[39m
@qbs-autonaim/recruitment-assistant-extension:test:   [33mtype[39m=[32m"button"[39m
@qbs-autonaim/recruitment-assistant-extension:test: [36m>[39m
@qbs-autonaim/recruitment-assistant-extension:test:   [36m<svg[39m
@qbs-autonaim/recruitment-assistant-extension:test:     [33maria-hidden[39m=[32m"true"[39m
@qbs-autonaim/recruitment-assistant-extension:test:     [33mfill[39m=[32m"none"[39m
@qbs-autonaim/recruitment-assistant-extension:test:     [33mrole[39m=[32m"presentation"[39m
@qbs-autonaim/recruitment-assistant-extension:test:     [33mstyle[39m=[32m"width: 16px; height: 16px; animation: spin 1s linear infinite; flex-shrink: 0;"[39m
@qbs-autonaim/recruitment-assistant-extension:test:     [33mviewBox[39m=[32m"0 0 24 24"[39m
@qbs-autonaim/recruitment-assistant-extension:test:   [36m>[39m
@qbs-autonaim/recruitment-assistant-extension:test:     [36m<circle[39m
@qbs-autonaim/recruitment-assistant-extension:test:       [33mcx[39m=[32m"12"[39m
@qbs-autonaim/recruitment-assistant-extension:test:       [33mcy[39m=[32m"12"[39m
@qbs-autonaim/recruitment-assistant-extension:test:       [33mr[39m=[32m"10"[39m
@qbs-autonaim/recruitment-assistant-extension:test:       [33mstroke[39m=[32m"currentColor"[39m
@qbs-autonaim/recruitment-assistant-extension:test:       [33mstroke-opacity[39m=[32m"0.25"[39m
@qbs-autonaim/recruitment-assistant-extension:test:       [33mstroke-width[39m=[32m"4"[39m
@qbs-autonaim/recruitment-assistant-extension:test:     [36m/>[39m
@qbs-autonaim/recruitment-assistant-extension:test:     [36m<path[39m
@qbs-autonaim/recruitment-assistant-extension:test:       [33md[39m=[32m"M4 12a8 8 0 018-8V0C5.373 0 0 5.373 0 12h4zm2 5.291A7.962 7.962 0 014 12H0c0 3.042 1.135 5.824 3 7.938l3-2.647z"[39m
@qbs-autonaim/recruitment-assistant-extension:test:       [33mfill[39m=[32m"currentColor"[39m
@qbs-autonaim/recruitment-assistant-extension:test:       [33mopacity[39m=[32m"0.75"[39m
@qbs-autonaim/recruitment-assistant-extension:test:     [36m/>[39m
@qbs-autonaim/recruitment-assistant-extension:test:   [36m</svg>[39m
@qbs-autonaim/recruitment-assistant-extension:test:   [36m<span[39m
@qbs-autonaim/recruitment-assistant-extension:test:     [33mstyle[39m=[32m"white-space: nowrap;"[39m
@qbs-autonaim/recruitment-assistant-extension:test:   [36m>[39m
@qbs-autonaim/recruitment-assistant-extension:test:     [0m╨Ш╨╖╨▓╨╗╨╡╤З╨╡╨╜╨╕╨╡ ╨┤╨░╨╜╨╜╤Л╤ЕтАж[0m
@qbs-autonaim/recruitment-assistant-extension:test:   [36m</span>[39m
@qbs-autonaim/recruitment-assistant-extension:test: [36m</button>[39m
@qbs-autonaim/recruitment-assistant-extension:test: 
@qbs-autonaim/recruitment-assistant-extension:test: Ignored nodes: comments, script, style
@qbs-autonaim/recruitment-assistant-extension:test: [36m<button[39m
@qbs-autonaim/recruitment-assistant-extension:test:   [33maria-busy[39m=[32m"false"[39m
@qbs-autonaim/recruitment-assistant-extension:test:   [33maria-label[39m=[32m"╨Ш╨╖╨▓╨╗╨╡╤З╤М ╨┤╨░╨╜╨╜╤Л╨╡ ╨┐╤А╨╛╤Д╨╕╨╗╤П ╨║╨░╨╜╨┤╨╕╨┤╨░╤В╨░"[39m
@qbs-autonaim/recruitment-assistant-extension:test:   [33maria-live[39m=[32m"polite"[39m
@qbs-autonaim/recruitment-assistant-extension:test:   [33mstyle[39m=[32m"min-width: 44px; min-height: 44px; padding: 12px 24px; font-size: 16px; font-weight: 500; color: #ffffff; background-color: #2563eb; border: none none; border-radius: 8px; cursor: pointer; touch-action: manipulation; transition: background-color 0.2s ease, transform 0.1s ease, box-shadow 0.2s ease; display: flex; align-items: center; justify-content: center; gap: 8px; box-shadow: 0 1px 3px 0 rgba(0, 0, 0, 0.1), 0 1px 2px -1px rgba(0, 0, 0, 0.1); position: relative; outline-color: none; outline-style: none; outline-width: initial;"[39m
@qbs-autonaim/recruitment-assistant-extension:test:   [33mtype[39m=[32m"button"[39m
@qbs-autonaim/recruitment-assistant-extension:test: [36m>[39m
@qbs-autonaim/recruitment-assistant-extension:test:   [36m<span[39m
@qbs-autonaim/recruitment-assistant-extension:test:     [33mstyle[39m=[32m"white-space: nowrap;"[39m
@qbs-autonaim/recruitment-assistant-extension:test:   [36m>[39m
@qbs-autonaim/recruitment-assistant-extension:test:     [0m╨Ш╨╖╨▓╨╗╨╡╤З╤М ╨┤╨░╨╜╨╜╤Л╨╡[0m
@qbs-autonaim/recruitment-assistant-extension:test:   [36m</span>[39m
@qbs-autonaim/recruitment-assistant-extension:test: [36m</button>[39m
@qbs-autonaim/recruitment-assistant-extension:test: 
@qbs-autonaim/recruitment-assistant-extension:test: Ignored nodes: comments, script, style
@qbs-autonaim/recruitment-assistant-extension:test: [36m<button[39m
@qbs-autonaim/recruitment-assistant-extension:test:   [33maria-busy[39m=[32m"false"[39m
@qbs-autonaim/recruitment-assistant-extension:test:   [33maria-label[39m=[32m"╨Ш╨╖╨▓╨╗╨╡╤З╤М ╨┤╨░╨╜╨╜╤Л╨╡ ╨┐╤А╨╛╤Д╨╕╨╗╤П ╨║╨░╨╜╨┤╨╕╨┤╨░╤В╨░"[39m
@qbs-autonaim/recruitment-assistant-extension:test:   [33maria-live[39m=[32m"polite"[39m
@qbs-autonaim/recruitment-assistant-extension:test:   [33mstyle[39m=[32m"min-width: 44px; min-height: 44px; padding: 12px 24px; font-size: 16px; font-weight: 500; color: #ffffff; background-color: #2563eb; border: none none; border-radius: 8px; cursor: pointer; touch-action: manipulation; transition: background-color 0.2s ease, transform 0.1s ease, box-shadow 0.2s ease; display: flex; align-items: center; justify-content: center; gap: 8px; box-shadow: 0 1px 3px 0 rgba(0, 0, 0, 0.1), 0 1px 2px -1px rgba(0, 0, 0, 0.1); position: relative; outline-color: none; outline-style: none; outline-width: initial;"[39m
@qbs-autonaim/recruitment-assistant-extension:test:   [33mtype[39m=[32m"button"[39m
@qbs-autonaim/recruitment-assistant-extension:test: [36m>[39m
@qbs-autonaim/recruitment-assistant-extension:test:   [36m<span[39m
@qbs-autonaim/recruitment-assistant-extension:test:     [33mstyle[39m=[32m"white-space: nowrap;"[39m
@qbs-autonaim/recruitment-assistant-extension:test:   [36m>[39m
@qbs-autonaim/recruitment-assistant-extension:test:     [0m╨Ш╨╖╨▓╨╗╨╡╤З╤М ╨┤╨░╨╜╨╜╤Л╨╡[0m
@qbs-autonaim/recruitment-assistant-extension:test:   [36m</span>[39m
@qbs-autonaim/recruitment-assistant-extension:test: [36m</button>[39m
@qbs-autonaim/recruitment-assistant-extension:test: 
@qbs-autonaim/recruitment-assistant-extension:test: Ignored nodes: comments, script, style
@qbs-autonaim/recruitment-assistant-extension:test: [36m<button[39m
@qbs-autonaim/recruitment-assistant-extension:test:   [33maria-busy[39m=[32m"false"[39m
@qbs-autonaim/recruitment-assistant-extension:test:   [33maria-label[39m=[32m"╨Ш╨╖╨▓╨╗╨╡╤З╤М ╨┤╨░╨╜╨╜╤Л╨╡ ╨┐╤А╨╛╤Д╨╕╨╗╤П ╨║╨░╨╜╨┤╨╕╨┤╨░╤В╨░"[39m
@qbs-autonaim/recruitment-assistant-extension:test:   [33maria-live[39m=[32m"polite"[39m
@qbs-autonaim/recruitment-assistant-extension:test:   [33mstyle[39m=[32m"min-width: 44px; min-height: 44px; padding: 12px 24px; font-size: 16px; font-weight: 500; color: #ffffff; background-color: #2563eb; border: none none; border-radius: 8px; cursor: pointer; touch-action: manipulation; transition: background-color 0.2s ease, transform 0.1s ease, box-shadow 0.2s ease; display: flex; align-items: center; justify-content: center; gap: 8px; box-shadow: 0 1px 3px 0 rgba(0, 0, 0, 0.1), 0 1px 2px -1px rgba(0, 0, 0, 0.1); position: relative; outline-color: none; outline-style: none; outline-width: initial;"[39m
@qbs-autonaim/recruitment-assistant-extension:test:   [33mtype[39m=[32m"button"[39m
@qbs-autonaim/recruitment-assistant-extension:test: [36m>[39m
@qbs-autonaim/recruitment-assistant-extension:test:   [36m<span[39m
@qbs-autonaim/recruitment-assistant-extension:test:     [33mstyle[39m=[32m"white-space: nowrap;"[39m
@qbs-autonaim/recruitment-assistant-extension:test:   [36m>[39m
@qbs-autonaim/recruitment-assistant-extension:test:     [0m╨Ш╨╖╨▓╨╗╨╡╤З╤М ╨┤╨░╨╜╨╜╤Л╨╡[0m
@qbs-autonaim/recruitment-assistant-extension:test:   [36m</span>[39m
@qbs-autonaim/recruitment-assistant-extension:test: [36m</button>[39m
@qbs-autonaim/recruitment-assistant-extension:test: 
@qbs-autonaim/recruitment-assistant-extension:test: Ignored nodes: comments, script, style
@qbs-autonaim/recruitment-assistant-extension:test: [36m<button[39m
@qbs-autonaim/recruitment-assistant-extension:test:   [33maria-busy[39m=[32m"true"[39m
@qbs-autonaim/recruitment-assistant-extension:test:   [33maria-label[39m=[32m"╨Ш╨╖╨▓╨╗╨╡╤З╤М ╨┤╨░╨╜╨╜╤Л╨╡ ╨┐╤А╨╛╤Д╨╕╨╗╤П ╨║╨░╨╜╨┤╨╕╨┤╨░╤В╨░"[39m
@qbs-autonaim/recruitment-assistant-extension:test:   [33maria-live[39m=[32m"polite"[39m
@qbs-autonaim/recruitment-assistant-extension:test:   [33mdisabled[39m=[32m""[39m
@qbs-autonaim/recruitment-assistant-extension:test:   [33mstyle[39m=[32m"min-width: 44px; min-height: 44px; padding: 12px 24px; font-size: 16px; font-weight: 500; color: #ffffff; background-color: #6b7280; border: none none; border-radius: 8px; cursor: not-allowed; touch-action: manipulation; transition: background-color 0.2s ease, transform 0.1s ease, box-shadow 0.2s ease; display: flex; align-items: center; justify-content: center; gap: 8px; box-shadow: 0 1px 3px 0 rgba(0, 0, 0, 0.1), 0 1px 2px -1px rgba(0, 0, 0, 0.1); position: relative; outline-color: none; outline-style: none; outline-width: initial;"[39m
@qbs-autonaim/recruitment-assistant-extension:test:   [33mtype[39m=[32m"button"[39m
@qbs-autonaim/recruitment-assistant-extension:test: [36m>[39m
@qbs-autonaim/recruitment-assistant-extension:test:   [36m<svg[39m
@qbs-autonaim/recruitment-assistant-extension:test:     [33maria-hidden[39m=[32m"true"[39m
@qbs-autonaim/recruitment-assistant-extension:test:     [33mfill[39m=[32m"none"[39m
@qbs-autonaim/recruitment-assistant-extension:test:     [33mrole[39m=[32m"presentation"[39m
@qbs-autonaim/recruitment-assistant-extension:test:     [33mstyle[39m=[32m"width: 16px; height: 16px; animation: spin 1s linear infinite; flex-shrink: 0;"[39m
@qbs-autonaim/recruitment-assistant-extension:test:     [33mviewBox[39m=[32m"0 0 24 24"[39m
@qbs-autonaim/recruitment-assistant-extension:test:   [36m>[39m
@qbs-autonaim/recruitment-assistant-extension:test:     [36m<circle[39m
@qbs-autonaim/recruitment-assistant-extension:test:       [33mcx[39m=[32m"12"[39m
@qbs-autonaim/recruitment-assistant-extension:test:       [33mcy[39m=[32m"12"[39m
@qbs-autonaim/recruitment-assistant-extension:test:       [33mr[39m=[32m"10"[39m
@qbs-autonaim/recruitment-assistant-extension:test:       [33mstroke[39m=[32m"currentColor"[39m
@qbs-autonaim/recruitment-assistant-extension:test:       [33mstroke-opacity[39m=[32m"0.25"[39m
@qbs-autonaim/recruitment-assistant-extension:test:       [33mstroke-width[39m=[32m"4"[39m
@qbs-autonaim/recruitment-assistant-extension:test:     [36m/>[39m
@qbs-autonaim/recruitment-assistant-extension:test:     [36m<path[39m
@qbs-autonaim/recruitment-assistant-extension:test:       [33md[39m=[32m"M4 12a8 8 0 018-8V0C5.373 0 0 5.373 0 12h4zm2 5.291A7.962 7.962 0 014 12H0c0 3.042 1.135 5.824 3 7.938l3-2.647z"[39m
@qbs-autonaim/recruitment-assistant-extension:test:       [33mfill[39m=[32m"currentColor"[39m
@qbs-autonaim/recruitment-assistant-extension:test:       [33mopacity[39m=[32m"0.75"[39m
@qbs-autonaim/recruitment-assistant-extension:test:     [36m/>[39m
@qbs-autonaim/recruitment-assistant-extension:test:   [36m</svg>[39m
@qbs-autonaim/recruitment-assistant-extension:test:   [36m<span[39m
@qbs-autonaim/recruitment-assistant-extension:test:     [33mstyle[39m=[32m"white-space: nowrap;"[39m
@qbs-autonaim/recruitment-assistant-extension:test:   [36m>[39m
@qbs-autonaim/recruitment-assistant-extension:test:     [0m╨Ш╨╖╨▓╨╗╨╡╤З╨╡╨╜╨╕╨╡ ╨┤╨░╨╜╨╜╤Л╤ЕтАж[0m
@qbs-autonaim/recruitment-assistant-extension:test:   [36m</span>[39m
@qbs-autonaim/recruitment-assistant-extension:test: [36m</button>[39m
@qbs-autonaim/recruitment-assistant-extension:test: 
@qbs-autonaim/recruitment-assistant-extension:test: Ignored nodes: comments, script, style
@qbs-autonaim/recruitment-assistant-extension:test: [36m<button[39m
@qbs-autonaim/recruitment-assistant-extension:test:   [33maria-busy[39m=[32m"false"[39m
@qbs-autonaim/recruitment-assistant-extension:test:   [33maria-label[39m=[32m"╨Ш╨╖╨▓╨╗╨╡╤З╤М ╨┤╨░╨╜╨╜╤Л╨╡ ╨┐╤А╨╛╤Д╨╕╨╗╤П ╨║╨░╨╜╨┤╨╕╨┤╨░╤В╨░"[39m
@qbs-autonaim/recruitment-assistant-extension:test:   [33maria-live[39m=[32m"polite"[39m
@qbs-autonaim/recruitment-assistant-extension:test:   [33mstyle[39m=[32m"min-width: 44px; min-height: 44px; padding: 12px 24px; font-size: 16px; font-weight: 500; color: #ffffff; background-color: #2563eb; border: none none; border-radius: 8px; cursor: pointer; touch-action: manipulation; transition: background-color 0.2s ease, transform 0.1s ease, box-shadow 0.2s ease; display: flex; align-items: center; justify-content: center; gap: 8px; box-shadow: 0 1px 3px 0 rgba(0, 0, 0, 0.1), 0 1px 2px -1px rgba(0, 0, 0, 0.1); position: relative; outline-color: none; outline-style: none; outline-width: initial;"[39m
@qbs-autonaim/recruitment-assistant-extension:test:   [33mtype[39m=[32m"button"[39m
@qbs-autonaim/recruitment-assistant-extension:test: [36m>[39m
@qbs-autonaim/recruitment-assistant-extension:test:   [36m<span[39m
@qbs-autonaim/recruitment-assistant-extension:test:     [33mstyle[39m=[32m"white-space: nowrap;"[39m
@qbs-autonaim/recruitment-assistant-extension:test:   [36m>[39m
@qbs-autonaim/recruitment-assistant-extension:test:     [0m╨Ш╨╖╨▓╨╗╨╡╤З╤М ╨┤╨░╨╜╨╜╤Л╨╡[0m
@qbs-autonaim/recruitment-assistant-extension:test:   [36m</span>[39m
@qbs-autonaim/recruitment-assistant-extension:test: [36m</button>[39m
@qbs-autonaim/recruitment-assistant-extension:test: 
@qbs-autonaim/recruitment-assistant-extension:test: Ignored nodes: comments, script, style
@qbs-autonaim/recruitment-assistant-extension:test: [36m<button[39m
@qbs-autonaim/recruitment-assistant-extension:test:   [33maria-busy[39m=[32m"true"[39m
@qbs-autonaim/recruitment-assistant-extension:test:   [33maria-label[39m=[32m"╨Ш╨╖╨▓╨╗╨╡╤З╤М ╨┤╨░╨╜╨╜╤Л╨╡ ╨┐╤А╨╛╤Д╨╕╨╗╤П ╨║╨░╨╜╨┤╨╕╨┤╨░╤В╨░"[39m
@qbs-autonaim/recruitment-assistant-extension:test:   [33maria-live[39m=[32m"polite"[39m
@qbs-autonaim/recruitment-assistant-extension:test:   [33mdisabled[39m=[32m""[39m
@qbs-autonaim/recruitment-assistant-extension:test:   [33mstyle[39m=[32m"min-width: 44px; min-height: 44px; padding: 12px 24px; font-size: 16px; font-weight: 500; color: #ffffff; background-color: #6b7280; border: none none; border-radius: 8px; cursor: not-allowed; touch-action: manipulation; transition: background-color 0.2s ease, transform 0.1s ease, box-shadow 0.2s ease; display: flex; align-items: center; justify-content: center; gap: 8px; box-shadow: 0 1px 3px 0 rgba(0, 0, 0, 0.1), 0 1px 2px -1px rgba(0, 0, 0, 0.1); position: relative; outline-color: none; outline-style: none; outline-width: initial;"[39m
@qbs-autonaim/recruitment-assistant-extension:test:   [33mtype[39m=[32m"button"[39m
@qbs-autonaim/recruitment-assistant-extension:test: [36m>[39m
@qbs-autonaim/recruitment-assistant-extension:test:   [36m<svg[39m
@qbs-autonaim/recruitment-assistant-extension:test:     [33maria-hidden[39m=[32m"true"[39m
@qbs-autonaim/recruitment-assistant-extension:test:     [33mfill[39m=[32m"none"[39m
@qbs-autonaim/recruitment-assistant-extension:test:     [33mrole[39m=[32m"presentation"[39m
@qbs-autonaim/recruitment-assistant-extension:test:     [33mstyle[39m=[32m"width: 16px; height: 16px; animation: spin 1s linear infinite; flex-shrink: 0;"[39m
@qbs-autonaim/recruitment-assistant-extension:test:     [33mviewBox[39m=[32m"0 0 24 24"[39m
@qbs-autonaim/recruitment-assistant-extension:test:   [36m>[39m
@qbs-autonaim/recruitment-assistant-extension:test:     [36m<circle[39m
@qbs-autonaim/recruitment-assistant-extension:test:       [33mcx[39m=[32m"12"[39m
@qbs-autonaim/recruitment-assistant-extension:test:       [33mcy[39m=[32m"12"[39m
@qbs-autonaim/recruitment-assistant-extension:test:       [33mr[39m=[32m"10"[39m
@qbs-autonaim/recruitment-assistant-extension:test:       [33mstroke[39m=[32m"currentColor"[39m
@qbs-autonaim/recruitment-assistant-extension:test:       [33mstroke-opacity[39m=[32m"0.25"[39m
@qbs-autonaim/recruitment-assistant-extension:test:       [33mstroke-width[39m=[32m"4"[39m
@qbs-autonaim/recruitment-assistant-extension:test:     [36m/>[39m
@qbs-autonaim/recruitment-assistant-extension:test:     [36m<path[39m
@qbs-autonaim/recruitment-assistant-extension:test:       [33md[39m=[32m"M4 12a8 8 0 018-8V0C5.373 0 0 5.373 0 12h4zm2 5.291A7.962 7.962 0 014 12H0c0 3.042 1.135 5.824 3 7.938l3-2.647z"[39m
@qbs-autonaim/recruitment-assistant-extension:test:       [33mfill[39m=[32m"currentColor"[39m
@qbs-autonaim/recruitment-assistant-extension:test:       [33mopacity[39m=[32m"0.75"[39m
@qbs-autonaim/recruitment-assistant-extension:test:     [36m/>[39m
@qbs-autonaim/recruitment-assistant-extension:test:   [36m</svg>[39m
@qbs-autonaim/recruitment-assistant-extension:test:   [36m<span[39m
@qbs-autonaim/recruitment-assistant-extension:test:     [33mstyle[39m=[32m"white-space: nowrap;"[39m
@qbs-autonaim/recruitment-assistant-extension:test:   [36m>[39m
@qbs-autonaim/recruitment-assistant-extension:test:     [0m╨Ш╨╖╨▓╨╗╨╡╤З╨╡╨╜╨╕╨╡ ╨┤╨░╨╜╨╜╤Л╤ЕтАж[0m
@qbs-autonaim/recruitment-assistant-extension:test:   [36m</span>[39m
@qbs-autonaim/recruitment-assistant-extension:test: [36m</button>[39m
@qbs-autonaim/recruitment-assistant-extension:test: 
@qbs-autonaim/recruitment-assistant-extension:test: Ignored nodes: comments, script, style
@qbs-autonaim/recruitment-assistant-extension:test: [36m<button[39m
@qbs-autonaim/recruitment-assistant-extension:test:   [33maria-busy[39m=[32m"false"[39m
@qbs-autonaim/recruitment-assistant-extension:test:   [33maria-label[39m=[32m"╨Ш╨╖╨▓╨╗╨╡╤З╤М ╨┤╨░╨╜╨╜╤Л╨╡ ╨┐╤А╨╛╤Д╨╕╨╗╤П ╨║╨░╨╜╨┤╨╕╨┤╨░╤В╨░"[39m
@qbs-autonaim/recruitment-assistant-extension:test:   [33maria-live[39m=[32m"polite"[39m
@qbs-autonaim/recruitment-assistant-extension:test:   [33mstyle[39m=[32m"min-width: 44px; min-height: 44px; padding: 12px 24px; font-size: 16px; font-weight: 500; color: #ffffff; background-color: #2563eb; border: none none; border-radius: 8px; cursor: pointer; touch-action: manipulation; transition: background-color 0.2s ease, transform 0.1s ease, box-shadow 0.2s ease; display: flex; align-items: center; justify-content: center; gap: 8px; box-shadow: 0 1px 3px 0 rgba(0, 0, 0, 0.1), 0 1px 2px -1px rgba(0, 0, 0, 0.1); position: relative; outline-color: none; outline-style: none; outline-width: initial;"[39m
@qbs-autonaim/recruitment-assistant-extension:test:   [33mtype[39m=[32m"button"[39m
@qbs-autonaim/recruitment-assistant-extension:test: [36m>[39m
@qbs-autonaim/recruitment-assistant-extension:test:   [36m<span[39m
@qbs-autonaim/recruitment-assistant-extension:test:     [33mstyle[39m=[32m"white-space: nowrap;"[39m
@qbs-autonaim/recruitment-assistant-extension:test:   [36m>[39m
@qbs-autonaim/recruitment-assistant-extension:test:     [0m╨Ш╨╖╨▓╨╗╨╡╤З╤М ╨┤╨░╨╜╨╜╤Л╨╡[0m
@qbs-autonaim/recruitment-assistant-extension:test:   [36m</span>[39m
@qbs-autonaim/recruitment-assistant-extension:test: [36m</button>[39m
@qbs-autonaim/recruitment-assistant-extension:test: 
@qbs-autonaim/recruitment-assistant-extension:test: Ignored nodes: comments, script, style
@qbs-autonaim/recruitment-assistant-extension:test: [36m<button[39m
@qbs-autonaim/recruitment-assistant-extension:test:   [33maria-busy[39m=[32m"true"[39m
@qbs-autonaim/recruitment-assistant-extension:test:   [33maria-label[39m=[32m"╨Ш╨╖╨▓╨╗╨╡╤З╤М ╨┤╨░╨╜╨╜╤Л╨╡ ╨┐╤А╨╛╤Д╨╕╨╗╤П ╨║╨░╨╜╨┤╨╕╨┤╨░╤В╨░"[39m
@qbs-autonaim/recruitment-assistant-extension:test:   [33maria-live[39m=[32m"polite"[39m
@qbs-autonaim/recruitment-assistant-extension:test:   [33mdisabled[39m=[32m""[39m
@qbs-autonaim/recruitment-assistant-extension:test:   [33mstyle[39m=[32m"min-width: 44px; min-height: 44px; padding: 12px 24px; font-size: 16px; font-weight: 500; color: #ffffff; background-color: #6b7280; border: none none; border-radius: 8px; cursor: not-allowed; touch-action: manipulation; transition: background-color 0.2s ease, transform 0.1s ease, box-shadow 0.2s ease; display: flex; align-items: center; justify-content: center; gap: 8px; box-shadow: 0 1px 3px 0 rgba(0, 0, 0, 0.1), 0 1px 2px -1px rgba(0, 0, 0, 0.1); position: relative; outline-color: none; outline-style: none; outline-width: initial;"[39m
@qbs-autonaim/recruitment-assistant-extension:test:   [33mtype[39m=[32m"button"[39m
@qbs-autonaim/recruitment-assistant-extension:test: [36m>[39m
@qbs-autonaim/recruitment-assistant-extension:test:   [36m<svg[39m
@qbs-autonaim/recruitment-assistant-extension:test:     [33maria-hidden[39m=[32m"true"[39m
@qbs-autonaim/recruitment-assistant-extension:test:     [33mfill[39m=[32m"none"[39m
@qbs-autonaim/recruitment-assistant-extension:test:     [33mrole[39m=[32m"presentation"[39m
@qbs-autonaim/recruitment-assistant-extension:test:     [33mstyle[39m=[32m"width: 16px; height: 16px; animation: spin 1s linear infinite; flex-shrink: 0;"[39m
@qbs-autonaim/recruitment-assistant-extension:test:     [33mviewBox[39m=[32m"0 0 24 24"[39m
@qbs-autonaim/recruitment-assistant-extension:test:   [36m>[39m
@qbs-autonaim/recruitment-assistant-extension:test:     [36m<circle[39m
@qbs-autonaim/recruitment-assistant-extension:test:       [33mcx[39m=[32m"12"[39m
@qbs-autonaim/recruitment-assistant-extension:test:       [33mcy[39m=[32m"12"[39m
@qbs-autonaim/recruitment-assistant-extension:test:       [33mr[39m=[32m"10"[39m
@qbs-autonaim/recruitment-assistant-extension:test:       [33mstroke[39m=[32m"currentColor"[39m
@qbs-autonaim/recruitment-assistant-extension:test:       [33mstroke-opacity[39m=[32m"0.25"[39m
@qbs-autonaim/recruitment-assistant-extension:test:       [33mstroke-width[39m=[32m"4"[39m
@qbs-autonaim/recruitment-assistant-extension:test:     [36m/>[39m
@qbs-autonaim/recruitment-assistant-extension:test:     [36m<path[39m
@qbs-autonaim/recruitment-assistant-extension:test:       [33md[39m=[32m"M4 12a8 8 0 018-8V0C5.373 0 0 5.373 0 12h4zm2 5.291A7.962 7.962 0 014 12H0c0 3.042 1.135 5.824 3 7.938l3-2.647z"[39m
@qbs-autonaim/recruitment-assistant-extension:test:       [33mfill[39m=[32m"currentColor"[39m
@qbs-autonaim/recruitment-assistant-extension:test:       [33mopacity[39m=[32m"0.75"[39m
@qbs-autonaim/recruitment-assistant-extension:test:     [36m/>[39m
@qbs-autonaim/recruitment-assistant-extension:test:   [36m</svg>[39m
@qbs-autonaim/recruitment-assistant-extension:test:   [36m<span[39m
@qbs-autonaim/recruitment-assistant-extension:test:     [33mstyle[39m=[32m"white-space: nowrap;"[39m
@qbs-autonaim/recruitment-assistant-extension:test:   [36m>[39m
@qbs-autonaim/recruitment-assistant-extension:test:     [0m╨Ш╨╖╨▓╨╗╨╡╤З╨╡╨╜╨╕╨╡ ╨┤╨░╨╜╨╜╤Л╤ЕтАж[0m
@qbs-autonaim/recruitment-assistant-extension:test:   [36m</span>[39m
@qbs-autonaim/recruitment-assistant-extension:test: [36m</button>[39m
@qbs-autonaim/recruitment-assistant-extension:test: 
@qbs-autonaim/recruitment-assistant-extension:test: Ignored nodes: comments, script, style
@qbs-autonaim/recruitment-assistant-extension:test: [36m<button[39m
@qbs-autonaim/recruitment-assistant-extension:test:   [33maria-busy[39m=[32m"true"[39m
@qbs-autonaim/recruitment-assistant-extension:test:   [33maria-label[39m=[32m"╨Ш╨╖╨▓╨╗╨╡╤З╤М ╨┤╨░╨╜╨╜╤Л╨╡ ╨┐╤А╨╛╤Д╨╕╨╗╤П ╨║╨░╨╜╨┤╨╕╨┤╨░╤В╨░"[39m
@qbs-autonaim/recruitment-assistant-extension:test:   [33maria-live[39m=[32m"polite"[39m
@qbs-autonaim/recruitment-assistant-extension:test:   [33mdisabled[39m=[32m""[39m
@qbs-autonaim/recruitment-assistant-extension:test:   [33mstyle[39m=[32m"min-width: 44px; min-height: 44px; padding: 12px 24px; font-size: 16px; font-weight: 500; color: #ffffff; background-color: #6b7280; border: none none; border-radius: 8px; cursor: not-allowed; touch-action: manipulation; transition: background-color 0.2s ease, transform 0.1s ease, box-shadow 0.2s ease; display: flex; align-items: center; justify-content: center; gap: 8px; box-shadow: 0 1px 3px 0 rgba(0, 0, 0, 0.1), 0 1px 2px -1px rgba(0, 0, 0, 0.1); position: relative; outline-color: none; outline-style: none; outline-width: initial;"[39m
@qbs-autonaim/recruitment-assistant-extension:test:   [33mtype[39m=[32m"button"[39m
@qbs-autonaim/recruitment-assistant-extension:test: [36m>[39m
@qbs-autonaim/recruitment-assistant-extension:test:   [36m<svg[39m
@qbs-autonaim/recruitment-assistant-extension:test:     [33maria-hidden[39m=[32m"true"[39m
@qbs-autonaim/recruitment-assistant-extension:test:     [33mfill[39m=[32m"none"[39m
@qbs-autonaim/recruitment-assistant-extension:test:     [33mrole[39m=[32m"presentation"[39m
@qbs-autonaim/recruitment-assistant-extension:test:     [33mstyle[39m=[32m"width: 16px; height: 16px; animation: spin 1s linear infinite; flex-shrink: 0;"[39m
@qbs-autonaim/recruitment-assistant-extension:test:     [33mviewBox[39m=[32m"0 0 24 24"[39m
@qbs-autonaim/recruitment-assistant-extension:test:   [36m>[39m
@qbs-autonaim/recruitment-assistant-extension:test:     [36m<circle[39m
@qbs-autonaim/recruitment-assistant-extension:test:       [33mcx[39m=[32m"12"[39m
@qbs-autonaim/recruitment-assistant-extension:test:       [33mcy[39m=[32m"12"[39m
@qbs-autonaim/recruitment-assistant-extension:test:       [33mr[39m=[32m"10"[39m
@qbs-autonaim/recruitment-assistant-extension:test:       [33mstroke[39m=[32m"currentColor"[39m
@qbs-autonaim/recruitment-assistant-extension:test:       [33mstroke-opacity[39m=[32m"0.25"[39m
@qbs-autonaim/recruitment-assistant-extension:test:       [33mstroke-width[39m=[32m"4"[39m
@qbs-autonaim/recruitment-assistant-extension:test:     [36m/>[39m
@qbs-autonaim/recruitment-assistant-extension:test:     [36m<path[39m
@qbs-autonaim/recruitment-assistant-extension:test:       [33md[39m=[32m"M4 12a8 8 0 018-8V0C5.373 0 0 5.373 0 12h4zm2 5.291A7.962 7.962 0 014 12H0c0 3.042 1.135 5.824 3 7.938l3-2.647z"[39m
@qbs-autonaim/recruitment-assistant-extension:test:       [33mfill[39m=[32m"currentColor"[39m
@qbs-autonaim/recruitment-assistant-extension:test:       [33mopacity[39m=[32m"0.75"[39m
@qbs-autonaim/recruitment-assistant-extension:test:     [36m/>[39m
@qbs-autonaim/recruitment-assistant-extension:test:   [36m</svg>[39m
@qbs-autonaim/recruitment-assistant-extension:test:   [36m<span[39m
@qbs-autonaim/recruitment-assistant-extension:test:     [33mstyle[39m=[32m"white-space: nowrap;"[39m
@qbs-autonaim/recruitment-assistant-extension:test:   [36m>[39m
@qbs-autonaim/recruitment-assistant-extension:test:     [0m╨Ш╨╖╨▓╨╗╨╡╤З╨╡╨╜╨╕╨╡ ╨┤╨░╨╜╨╜╤Л╤ЕтАж[0m
@qbs-autonaim/recruitment-assistant-extension:test:   [36m</span>[39m
@qbs-autonaim/recruitment-assistant-extension:test: [36m</button>[39m
@qbs-autonaim/recruitment-assistant-extension:test: 
@qbs-autonaim/recruitment-assistant-extension:test: Ignored nodes: comments, script, style
@qbs-autonaim/recruitment-assistant-extension:test: [36m<button[39m
@qbs-autonaim/recruitment-assistant-extension:test:   [33maria-busy[39m=[32m"false"[39m
@qbs-autonaim/recruitment-assistant-extension:test:   [33maria-label[39m=[32m"╨Ш╨╖╨▓╨╗╨╡╤З╤М ╨┤╨░╨╜╨╜╤Л╨╡ ╨┐╤А╨╛╤Д╨╕╨╗╤П ╨║╨░╨╜╨┤╨╕╨┤╨░╤В╨░"[39m
@qbs-autonaim/recruitment-assistant-extension:test:   [33maria-live[39m=[32m"polite"[39m
@qbs-autonaim/recruitment-assistant-extension:test:   [33mstyle[39m=[32m"min-width: 44px; min-height: 44px; padding: 12px 24px; font-size: 16px; font-weight: 500; color: #ffffff; background-color: #2563eb; border: none none; border-radius: 8px; cursor: pointer; touch-action: manipulation; transition: background-color 0.2s ease, transform 0.1s ease, box-shadow 0.2s ease; display: flex; align-items: center; justify-content: center; gap: 8px; box-shadow: 0 1px 3px 0 rgba(0, 0, 0, 0.1), 0 1px 2px -1px rgba(0, 0, 0, 0.1); position: relative; outline-color: none; outline-style: none; outline-width: initial;"[39m
@qbs-autonaim/recruitment-assistant-extension:test:   [33mtype[39m=[32m"button"[39m
@qbs-autonaim/recruitment-assistant-extension:test: [36m>[39m
@qbs-autonaim/recruitment-assistant-extension:test:   [36m<span[39m
@qbs-autonaim/recruitment-assistant-extension:test:     [33mstyle[39m=[32m"white-space: nowrap;"[39m
@qbs-autonaim/recruitment-assistant-extension:test:   [36m>[39m
@qbs-autonaim/recruitment-assistant-extension:test:     [0m╨Ш╨╖╨▓╨╗╨╡╤З╤М ╨┤╨░╨╜╨╜╤Л╨╡[0m
@qbs-autonaim/recruitment-assistant-extension:test:   [36m</span>[39m
@qbs-autonaim/recruitment-assistant-extension:test: [36m</button>[39m
@qbs-autonaim/recruitment-assistant-extension:test: 
@qbs-autonaim/recruitment-assistant-extension:test: Ignored nodes: comments, script, style
@qbs-autonaim/recruitment-assistant-extension:test: [36m<button[39m
@qbs-autonaim/recruitment-assistant-extension:test:   [33maria-busy[39m=[32m"false"[39m
@qbs-autonaim/recruitment-assistant-extension:test:   [33maria-label[39m=[32m"╨Ш╨╖╨▓╨╗╨╡╤З╤М ╨┤╨░╨╜╨╜╤Л╨╡ ╨┐╤А╨╛╤Д╨╕╨╗╤П ╨║╨░╨╜╨┤╨╕╨┤╨░╤В╨░"[39m
@qbs-autonaim/recruitment-assistant-extension:test:   [33maria-live[39m=[32m"polite"[39m
@qbs-autonaim/recruitment-assistant-extension:test:   [33mstyle[39m=[32m"min-width: 44px; min-height: 44px; padding: 12px 24px; font-size: 16px; font-weight: 500; color: #ffffff; background-color: #2563eb; border: none none; border-radius: 8px; cursor: pointer; touch-action: manipulation; transition: background-color 0.2s ease, transform 0.1s ease, box-shadow 0.2s ease; display: flex; align-items: center; justify-content: center; gap: 8px; box-shadow: 0 1px 3px 0 rgba(0, 0, 0, 0.1), 0 1px 2px -1px rgba(0, 0, 0, 0.1); position: relative; outline-color: none; outline-style: none; outline-width: initial;"[39m
@qbs-autonaim/recruitment-assistant-extension:test:   [33mtype[39m=[32m"button"[39m
@qbs-autonaim/recruitment-assistant-extension:test: [36m>[39m
@qbs-autonaim/recruitment-assistant-extension:test:   [36m<span[39m
@qbs-autonaim/recruitment-assistant-extension:test:     [33mstyle[39m=[32m"white-space: nowrap;"[39m
@qbs-autonaim/recruitment-assistant-extension:test:   [36m>[39m
@qbs-autonaim/recruitment-assistant-extension:test:     [0m╨Ш╨╖╨▓╨╗╨╡╤З╤М ╨┤╨░╨╜╨╜╤Л╨╡[0m
@qbs-autonaim/recruitment-assistant-extension:test:   [36m</span>[39m
@qbs-autonaim/recruitment-assistant-extension:test: [36m</button>[39m
@qbs-autonaim/recruitment-assistant-extension:test: 
@qbs-autonaim/recruitment-assistant-extension:test: Ignored nodes: comments, script, style
@qbs-autonaim/recruitment-assistant-extension:test: [36m<button[39m
@qbs-autonaim/recruitment-assistant-extension:test:   [33maria-busy[39m=[32m"false"[39m
@qbs-autonaim/recruitment-assistant-extension:test:   [33maria-label[39m=[32m"╨Ш╨╖╨▓╨╗╨╡╤З╤М ╨┤╨░╨╜╨╜╤Л╨╡ ╨┐╤А╨╛╤Д╨╕╨╗╤П ╨║╨░╨╜╨┤╨╕╨┤╨░╤В╨░"[39m
@qbs-autonaim/recruitment-assistant-extension:test:   [33maria-live[39m=[32m"polite"[39m
@qbs-autonaim/recruitment-assistant-extension:test:   [33mstyle[39m=[32m"min-width: 44px; min-height: 44px; padding: 12px 24px; font-size: 16px; font-weight: 500; color: #ffffff; background-color: #2563eb; border: none none; border-radius: 8px; cursor: pointer; touch-action: manipulation; transition: background-color 0.2s ease, transform 0.1s ease, box-shadow 0.2s ease; display: flex; align-items: center; justify-content: center; gap: 8px; box-shadow: 0 1px 3px 0 rgba(0, 0, 0, 0.1), 0 1px 2px -1px rgba(0, 0, 0, 0.1); position: relative; outline-color: none; outline-style: none; outline-width: initial;"[39m
@qbs-autonaim/recruitment-assistant-extension:test:   [33mtype[39m=[32m"button"[39m
@qbs-autonaim/recruitment-assistant-extension:test: [36m>[39m
@qbs-autonaim/recruitment-assistant-extension:test:   [36m<span[39m
@qbs-autonaim/recruitment-assistant-extension:test:     [33mstyle[39m=[32m"white-space: nowrap;"[39m
@qbs-autonaim/recruitment-assistant-extension:test:   [36m>[39m
@qbs-autonaim/recruitment-assistant-extension:test:     [0m╨Ш╨╖╨▓╨╗╨╡╤З╤М ╨┤╨░╨╜╨╜╤Л╨╡[0m
@qbs-autonaim/recruitment-assistant-extension:test:   [36m</span>[39m
@qbs-autonaim/recruitment-assistant-extension:test: [36m</button>[39m
@qbs-autonaim/recruitment-assistant-extension:test: 
@qbs-autonaim/recruitment-assistant-extension:test: (If this is intentional, then use the `*AllBy*` variant of the query (like `queryAllByText`, `getAllByText`, or `findAllByText`)).
@qbs-autonaim/recruitment-assistant-extension:test: 
@qbs-autonaim/recruitment-assistant-extension:test: Ignored nodes: comments, script, style
@qbs-autonaim/recruitment-assistant-extension:test: [36m<body>[39m
@qbs-autonaim/recruitment-assistant-extension:test:   [0m
@qbs-autonaim/recruitment-assistant-extension:test:         [0m
@qbs-autonaim/recruitment-assistant-extension:test:   [36m<h1[39m
@qbs-autonaim/recruitment-assistant-extension:test:     [33mclass[39m=[32m"text-heading-xlarge"[39m
@qbs-autonaim/recruitment-assistant-extension:test:   [36m>[39m
@qbs-autonaim/recruitment-assistant-extension:test:     [0m╨Ш╨▓╨░╨╜ ╨Ш╨▓╨░╨╜╨╛╨▓[0m
@qbs-autonaim/recruitment-assistant-extension:test:   [36m</h1>[39m
@qbs-autonaim/recruitment-assistant-extension:test:   [0m
@qbs-autonaim/recruitment-assistant-extension:test:         [0m
@qbs-autonaim/recruitment-assistant-extension:test:   [36m<div[39m
@qbs-autonaim/recruitment-assistant-extension:test:     [33mclass[39m=[32m"text-body-medium"[39m
@qbs-autonaim/recruitment-assistant-extension:test:   [36m>[39m
@qbs-autonaim/recruitment-assistant-extension:test:     [0mSenior Developer[0m
@qbs-autonaim/recruitment-assistant-extension:test:   [36m</div>[39m
@qbs-autonaim/recruitment-assistant-extension:test:   [0m
@qbs-autonaim/recruitment-assistant-extension:test:         [0m
@qbs-autonaim/recruitment-assistant-extension:test:   [36m<span[39m
@qbs-autonaim/recruitment-assistant-extension:test:     [33mclass[39m=[32m"text-body-small inline"[39m
@qbs-autonaim/recruitment-assistant-extension:test:   [36m>[39m
@qbs-autonaim/recruitment-assistant-extension:test:     [0m╨Ь╨╛╤Б╨║╨▓╨░, ╨а╨╛╤Б╤Б╨╕╤П[0m
@qbs-autonaim/recruitment-assistant-extension:test:   [36m</span>[39m
@qbs-autonaim/recruitment-assistant-extension:test:   [0m
@qbs-autonaim/recruitment-assistant-extension:test:         [0m
@qbs-autonaim/recruitment-assistant-extension:test:   [36m<img[39m
@qbs-autonaim/recruitment-assistant-extension:test:     [33mclass[39m=[32m"pv-top-card-profile-picture__image"[39m
@qbs-autonaim/recruitment-assistant-extension:test:     [33msrc[39m=[32m"https://example.com/photo.jpg"[39m
@qbs-autonaim/recruitment-assistant-extension:test:   [36m/>[39m
@qbs-autonaim/recruitment-assistant-extension:test:   [0m
@qbs-autonaim/recruitment-assistant-extension:test:         
@qbs-autonaim/recruitment-assistant-extension:test:         [0m
@qbs-autonaim/recruitment-assistant-extension:test:   [36m<section[39m
@qbs-autonaim/recruitment-assistant-extension:test:     [33mid[39m=[32m"experience"[39m
@qbs-autonaim/recruitment-assistant-extension:test:   [36m>[39m
@qbs-autonaim/recruitment-assistant-extension:test:     [0m
@qbs-autonaim/recruitment-assistant-extension:test:           [0m
@qbs-autonaim/recruitment-assistant-extension:test:     [36m<ul>[39m
@qbs-autonaim/recruitment-assistant-extension:test:       [0m
@qbs-autonaim/recruitment-assistant-extension:test:             [0m
@qbs-autonaim/recruitment-assistant-extension:test:       [36m<li[39m
@qbs-autonaim/recruitment-assistant-extension:test:         [33mclass[39m=[32m"artdeco-list__item"[39m
@qbs-autonaim/recruitment-assistant-extension:test:       [36m>[39m
@qbs-autonaim/recruitment-assistant-extension:test:         [0m
@qbs-autonaim/recruitment-assistant-extension:test:               [0m
@qbs-autonaim/recruitment-assistant-extension:test:         [36m<div[39m
@qbs-autonaim/recruitment-assistant-extension:test:           [33mclass[39m=[32m"display-flex"[39m
@qbs-autonaim/recruitment-assistant-extension:test:         [36m>[39m
@qbs-autonaim/recruitment-assistant-extension:test:           [0m
@qbs-autonaim/recruitment-assistant-extension:test:                 [0m
@qbs-autonaim/recruitment-assistant-extension:test:           [36m<span[39m
@qbs-autonaim/recruitment-assistant-extension:test:             [33maria-hidden[39m=[32m"true"[39m
@qbs-autonaim/recruitment-assistant-extension:test:           [36m>[39m
@qbs-autonaim/recruitment-assistant-extension:test:             [0mSenior Developer[0m
@qbs-autonaim/recruitment-assistant-extension:test:           [36m</span>[39m
@qbs-autonaim/recruitment-assistant-extension:test:           [0m
@qbs-autonaim/recruitment-assistant-extension:test:               [0m
@qbs-autonaim/recruitment-assistant-extension:test:         [36m</div>[39m
@qbs-autonaim/recruitment-assistant-extension:test:         [0m
@qbs-autonaim/recruitment-assistant-extension:test:               [0m
@qbs-autonaim/recruitment-assistant-extension:test:         [36m<span[39m
@qbs-autonaim/recruitment-assistant-extension:test:           [33mclass[39m=[32m"t-14 t-normal"[39m
@qbs-autonaim/recruitment-assistant-extension:test:         [36m>[39m
@qbs-autonaim/recruitment-assistant-extension:test:           [0m
@qbs-autonaim/recruitment-assistant-extension:test:                 [0m
@qbs-autonaim/recruitment-assistant-extension:test:           [36m<span[39m
@qbs-autonaim/recruitment-assistant-extension:test:             [33maria-hidden[39m=[32m"true"[39m
@qbs-autonaim/recruitment-assistant-extension:test:           [36m>[39m
@qbs-autonaim/recruitment-assistant-extension:test:             [0mTech Company[0m
@qbs-autonaim/recruitment-assistant-extension:test:           [36m</span>[39m
@qbs-autonaim/recruitment-assistant-extension:test:           [0m
@qbs-autonaim/recruitment-assistant-extension:test:               [0m
@qbs-autonaim/recruitment-assistant-extension:test:         [36m</span>[39m
@qbs-autonaim/recruitment-assistant-extension:test:         [0m
@qbs-autonaim/recruitment-assistant-extension:test:               [0m
@qbs-autonaim/recruitment-assistant-extension:test:         [36m<span[39m
@qbs-autonaim/recruitment-assistant-extension:test:           [33mclass[39m=[32m"t-14 t-normal t-black--light"[39m
@qbs-autonaim/recruitment-assistant-extension:test:         [36m>[39m
@qbs-autonaim/recruitment-assistant-extension:test:           [0m
@qbs-autonaim/recruitment-assistant-extension:test:                 [0m
@qbs-autonaim/recruitment-assistant-extension:test:           [36m<span[39m
@qbs-autonaim/recruitment-assistant-extension:test:             [33maria-hidden[39m=[32m"true"[39m
@qbs-autonaim/recruitment-assistant-extension:test:           [36m>[39m
@qbs-autonaim/recruitment-assistant-extension:test:             [0m2020 тАУ ╨┐╨╛ ╨╜╨░╤Б╤В╨╛╤П╤Й╨╡╨╡ ╨▓╤А╨╡╨╝╤П[0m
@qbs-autonaim/recruitment-assistant-extension:test:           [36m</span>[39m
@qbs-autonaim/recruitment-assistant-extension:test:           [0m
@qbs-autonaim/recruitment-assistant-extension:test:               [0m
@qbs-autonaim/recruitment-assistant-extension:test:         [36m</span>[39m
@qbs-autonaim/recruitment-assistant-extension:test:         [0m
@qbs-autonaim/recruitment-assistant-extension:test:               [0m
@qbs-autonaim/recruitment-assistant-extension:test:         [36m<div[39m
@qbs-autonaim/recruitment-assistant-extension:test:           [33mclass[39m=[32m"display-flex full-width"[39m
@qbs-autonaim/recruitment-assistant-extension:test:         [36m>[39m
@qbs-autonaim/recruitment-assistant-extension:test:           [0m
@qbs-autonaim/recruitment-assistant-extension:test:                 [0m
@qbs-autonaim/recruitment-assistant-extension:test:           [36m<span[39m
@qbs-autonaim/recruitment-assistant-extension:test:             [33maria-hidden[39m=[32m"true"[39m
@qbs-autonaim/recruitment-assistant-extension:test:           [36m>[39m
@qbs-autonaim/recruitment-assistant-extension:test:             [0m╨а╨░╨╖╤А╨░╨▒╨╛╤В╨║╨░[0m
@qbs-autonaim/recruitment-assistant-extension:test:           [36m</span>[39m
@qbs-autonaim/recruitment-assistant-extension:test:           [0m
@qbs-autonaim/recruitment-assistant-extension:test:               [0m
@qbs-autonaim/recruitment-assistant-extension:test:         [36m</div>[39m
@qbs-autonaim/recruitment-assistant-extension:test:         [0m
@qbs-autonaim/recruitment-assistant-extension:test:             [0m
@qbs-autonaim/recruitment-assistant-extension:test:       [36m</li>[39m
@qbs-autonaim/recruitment-assistant-extension:test:       [0m
@qbs-autonaim/recruitment-assistant-extension:test:           [0m
@qbs-autonaim/recruitment-assistant-extension:test:     [36m</ul>[39m
@qbs-autonaim/recruitment-assistant-extension:test:     [0m
@qbs-autonaim/recruitment-assistant-extension:test:         [0m
@qbs-autonaim/recruitment-assistant-extension:test:   [36m</section>[39m
@qbs-autonaim/recruitment-assistant-extension:test:   [0m
@qbs-autonaim/recruitment-assistant-extension:test:         
@qbs-autonaim/recruitment-assistant-extension:test:         [0m
@qbs-autonaim/recruitment-assistant-extension:test:   [36m<section[39m
@qbs-autonaim/recruitment-assistant-extension:test:     [33mid[39m=[32m"education"[39m
@qbs-autonaim/recruitment-assistant-extension:test:   [36m>[39m
@qbs-autonaim/recruitment-assistant-extension:test:     [0m
@qbs-autonaim/recruitment-assistant-extension:test:           [0m
@qbs-autonaim/recruitment-assistant-extension:test:     [36m<ul>[39m
@qbs-autonaim/recruitment-assistant-extension:test:       [0m
@qbs-autonaim/recruitment-assistant-extension:test:             [0m
@qbs-autonaim/recruitment-assistant-extension:test:       [36m<li[39m
@qbs-autonaim/recruitment-assistant-extension:test:         [33mclass[39m=[32m"artdeco-list__item"[39m
@qbs-autonaim/recruitment-assistant-extension:test:       [36m>[39m
@qbs-autonaim/recruitment-assistant-extension:test:         [0m
@qbs-autonaim/recruitment-assistant-extension:test:               [0m
@qbs-autonaim/recruitment-assistant-extension:test:         [36m<div[39m
@qbs-autonaim/recruitment-assistant-extension:test:           [33mclass[39m=[32m"display-flex"[39m
@qbs-autonaim/recruitment-assistant-extension:test:         [36m>[39m
@qbs-autonaim/recruitment-assistant-extension:test:           [0m
@qbs-autonaim/recruitment-assistant-extension:test:                 [0m
@qbs-autonaim/recruitment-assistant-extension:test:           [36m<span[39m
@qbs-autonaim/recruitment-assistant-extension:test:             [33maria-hidden[39m=[32m"true"[39m
@qbs-autonaim/recruitment-assistant-extension:test:           [36m>[39m
@qbs-autonaim/recruitment-assistant-extension:test:             [0m╨Ь╨У╨г[0m
@qbs-autonaim/recruitment-assistant-extension:test:           [36m</span>[39m
@qbs-autonaim/recruitment-assistant-extension:test:           [0m
@qbs-autonaim/recruitment-assistant-extension:test:               [0m
@qbs-autonaim/recruitment-assistant-extension:test:         [36m</div>[39m
@qbs-autonaim/recruitment-assistant-extension:test:         [0m
@qbs-autonaim/recruitment-assistant-extension:test:               [0m
@qbs-autonaim/recruitment-assistant-extension:test:         [36m<span[39m
@qbs-autonaim/recruitment-assistant-extension:test:           [33mclass[39m=[32m"t-14 t-normal"[39m
@qbs-autonaim/recruitment-assistant-extension:test:         [36m>[39m
@qbs-autonaim/recruitment-assistant-extension:test:           [0m
@qbs-autonaim/recruitment-assistant-extension:test:                 [0m
@qbs-autonaim/recruitment-assistant-extension:test:           [36m<span[39m
@qbs-autonaim/recruitment-assistant-extension:test:             [33maria-hidden[39m=[32m"true"[39m
@qbs-autonaim/recruitment-assistant-extension:test:           [36m>[39m
@qbs-autonaim/recruitment-assistant-extension:test:             [0m╨С╨░╨║╨░╨╗╨░╨▓╤А[0m
@qbs-autonaim/recruitment-assistant-extension:test:           [36m</span>[39m
@qbs-autonaim/recruitment-assistant-extension:test:           [0m
@qbs-autonaim/recruitment-assistant-extension:test:               [0m
@qbs-autonaim/recruitment-assistant-extension:test:         [36m</span>[39m
@qbs-autonaim/recruitment-assistant-extension:test:         [0m
@qbs-autonaim/recruitment-assistant-extension:test:               [0m
@qbs-autonaim/recruitment-assistant-extension:test:         [36m<span[39m
@qbs-autonaim/recruitment-assistant-extension:test:           [33mclass[39m=[32m"t-14 t-normal t-black--light"[39m
@qbs-autonaim/recruitment-assistant-extension:test:         [36m>[39m
@qbs-autonaim/recruitment-assistant-extension:test:           [0m
@qbs-autonaim/recruitment-assistant-extension:test:                 [0m
@qbs-autonaim/recruitment-assistant-extension:test:           [36m<span[39m
@qbs-autonaim/recruitment-assistant-extension:test:             [33maria-hidden[39m=[32m"true"[39m
@qbs-autonaim/recruitment-assistant-extension:test:           [36m>[39m
@qbs-autonaim/recruitment-assistant-extension:test:             [0m╨Ш╨╜╤Д╨╛╤А╨╝╨░╤В╨╕╨║╨░[0m
@qbs-autonaim/recruitment-assistant-extension:test:           [36m</span>[39m
@qbs-autonaim/recruitment-assistant-extension:test:           [0m
@qbs-autonaim/recruitment-assistant-extension:test:               [0m
@qbs-autonaim/recruitment-assistant-extension:test:         [36m</span>[39m
@qbs-autonaim/recruitment-assistant-extension:test:         [0m
@qbs-autonaim/recruitment-assistant-extension:test:               [0m
@qbs-autonaim/recruitment-assistant-extension:test:         [36m<span[39m
@qbs-autonaim/recruitment-assistant-extension:test:           [33mclass[39m=[32m"t-14 t-normal t-black--light"[39m
@qbs-autonaim/recruitment-assistant-extension:test:         [36m>[39m
@qbs-autonaim/recruitment-assistant-extension:test:           [0m
@qbs-autonaim/recruitment-assistant-extension:test:                 [0m
@qbs-autonaim/recruitment-assistant-extension:test:           [36m<span[39m
@qbs-autonaim/recruitment-assistant-extension:test:             [33maria-hidden[39m=[32m"true"[39m
@qbs-autonaim/recruitment-assistant-extension:test:           [36m>[39m
@qbs-autonaim/recruitment-assistant-extension:test:             [0m2015 тАУ 2019[0m
@qbs-autonaim/recruitment-assistant-extension:test:           [36m</span>[39m
@qbs-autonaim/recruitment-assistant-extension:test:           [0m
@qbs-autonaim/recruitment-assistant-extension:test:               [0m
@qbs-autonaim/recruitment-assistant-extension:test:         [36m</span>[39m
@qbs-autonaim/recruitment-assistant-extension:test:         [0m
@qbs-autonaim/recruitment-assistant-extension:test:             [0m
@qbs-autonaim/recruitment-assistant-extension:test:       [36m</li>[39m
@qbs-autonaim/recruitment-assistant-extension:test:       [0m
@qbs-autonaim/recruitment-assistant-extension:test:           [0m
@qbs-autonaim/recruitment-assistant-extension:test:     [36m</ul>[39m
@qbs-autonaim/recruitment-assistant-extension:test:     [0m
@qbs-autonaim/recruitment-assistant-extension:test:         [0m
@qbs-autonaim/recruitment-assistant-extension:test:   [36m</section>[39m
@qbs-autonaim/recruitment-assistant-extension:test:   [0m
@qbs-autonaim/recruitment-assistant-extension:test:         
@qbs-autonaim/recruitment-assistant-extension:test:         [0m
@qbs-autonaim/recruitment-assistant-extension:test:   [36m<section[39m
@qbs-autonaim/recruitment-assistant-extension:test:     [33mid[39m=[32m"skills"[39m
@qbs-autonaim/recruitment-assistant-extension:test:   [36m>[39m
@qbs-autonaim/recruitment-assistant-extension:test:     [0m
@qbs-autonaim/recruitment-assistant-extension:test:           [0m
@qbs-autonaim/recruitment-assistant-extension:test:     [36m<span[39m
@qbs-autonaim/recruitment-assistant-extension:test:       [33maria-hidden[39m=[32m"true"[39m
@qbs-autonaim/recruitment-assistant-extension:test:     [36m>[39m
@qbs-autonaim/recruitment-assistant-extension:test:       [0mTypeScript[0m
@qbs-autonaim/recruitment-assistant-extension:test:     [36m</span>[39m
@qbs-autonaim/recruitment-assistant-extension:test:     [0m
@qbs-autonaim/recruitment-assistant-extension:test:           [0m
@qbs-autonaim/recruitment-assistant-extension:test:     [36m<span[39m
@qbs-autonaim/recruitment-assistant-extension:test:       [33maria-hidden[39m=[32m"true"[39m
@qbs-autonaim/recruitment-assistant-extension:test:     [36m>[39m
@qbs-autonaim/recruitment-assistant-extension:test:       [0mReact[0m
@qbs-autonaim/recruitment-assistant-extension:test:     [36m</span>[39m
@qbs-autonaim/recruitment-assistant-extension:test:     [0m
@qbs-autonaim/recruitment-assistant-extension:test:         [0m
@qbs-autonaim/recruitment-assistant-extension:test:   [36m</section>[39m
@qbs-autonaim/recruitment-assistant-extension:test:   [0m
@qbs-autonaim/recruitment-assistant-extension:test:         
@qbs-autonaim/recruitment-assistant-extension:test:         [0m
@qbs-autonaim/recruitment-assistant-extension:test:   [36m<section[39m
@qbs-autonaim/recruitment-assistant-extension:test:     [33mclass[39m=[32m"pv-contact-info"[39m
@qbs-autonaim/recruitment-assistant-extension:test:   [36m>[39m
@qbs-autonaim/recruitment-assistant-extension:test:     [0m
@qbs-autonaim/recruitment-assistant-extension:test:           [0m
@qbs-autonaim/recruitment-assistant-extension:test:     [36m<a[39m
@qbs-autonaim/recruitment-assistant-extension:test:       [33mhref[39m=[32m"mailto:ivan@example.com"[39m
@qbs-autonaim/recruitment-assistant-extension:test:     [36m>[39m
@qbs-autonaim/recruitment-assistant-extension:test:       [0mEmail[0m
@qbs-autonaim/recruitment-assistant-extension:test:     [36m</a>[39m
@qbs-autonaim/recruitment-assistant-extension:test:     [0m
@qbs-autonaim/recruitment-assistant-extension:test:           [0m
@qbs-autonaim/recruitment-assistant-extension:test:     [36m<span[39m
@qbs-autonaim/recruitment-assistant-extension:test:       [33mclass[39m=[32m"t-14 t-black t-normal"[39m
@qbs-autonaim/recruitment-assistant-extension:test:     [36m>[39m
@qbs-autonaim/recruitment-assistant-extension:test:       [0m+7 (999) 123-45-67[0m
@qbs-autonaim/recruitment-assistant-extension:test:     [36m</span>[39m
@qbs-autonaim/recruitment-assistant-extension:test:     [0m
@qbs-autonaim/recruitment-assistant-extension:test:         [0m
@qbs-autonaim/recruitment-assistant-extension:test:   [36m</section>[39m
@qbs-autonaim/recruitment-assistant-extension:test:   [0m
@qbs-autonaim/recruitment-assistant-extension:test:       [0m
@qbs-autonaim/recruitment-assistant-extension:test:   [36m<div>[39m
@qbs-autonaim/recruitment-assistant-extension:test:     [36m<button[39m
@qbs-autonaim/recruitment-assistant-extension:test:       [33maria-busy[39m=[32m"false"[39m
@qbs-autonaim/recruitment-assistant-extension:test:       [33maria-label[39m=[32m"╨Ш╨╖╨▓╨╗╨╡╤З╤М ╨┤╨░╨╜╨╜╤Л╨╡ ╨┐╤А╨╛╤Д╨╕╨╗╤П ╨║╨░╨╜╨┤╨╕╨┤╨░╤В╨░"[39m
@qbs-autonaim/recruitment-assistant-extension:test:       [33maria-live[39m=[32m"polite"[39m
@qbs-autonaim/recruitment-assistant-extension:test:       [33mstyle[39m=[32m"min-width: 44px; min-height: 44px; padding: 12px 24px; font-size: 16px; font-weight: 500; color: #ffffff; background-color: #2563eb; border: none none; border-radius: 8px; cursor: pointer; touch-action: manipulation; transition: background-color 0.2s ease, transform 0.1s ease, box-shadow 0.2s ease; display: flex; align-items: center; justify-content: center; gap: 8px; box-shadow: 0 1px 3px 0 rgba(0, 0, 0, 0.1), 0 1px 2px -1px rgba(0, 0, 0, 0.1); position: relative; outline-color: none; outline-style: none; outline-width: initial;"[39m
@qbs-autonaim/recruitment-assistant-extension:test:       [33mtype[39m=[32m"button"[39m
@qbs-autonaim/recruitment-assistant-extension:test:     [36m>[39m
@qbs-autonaim/recruitment-assistant-extension:test:       [36m<span[39m
@qbs-autonaim/recruitment-assistant-extension:test:         [33mstyle[39m=[32m"white-space: nowrap;"[39m
@qbs-autonaim/recruitment-assistant-extension:test:       [36m>[39m
@qbs-autonaim/recruitment-assistant-extension:test:         [0m╨Ш╨╖╨▓╨╗╨╡╤З╤М ╨┤╨░╨╜╨╜╤Л╨╡[0m
@qbs-autonaim/recruitment-assistant-extension:test:       [36m</span>[39m
@qbs-autonaim/recruitment-assistant-extension:test:     [36m</button>[39m
@qbs-autonaim/recruitment-assistant-extension:test:   [36m</div>[39m
@qbs-autonaim/recruitment-assistant-extension:test:   [36m<div>[39m
@qbs-autonaim/recruitment-assistant-extension:test:     [36m<button[39m
@qbs-autonaim/recruitment-assistant-extension:test:       [33maria-busy[39m=[32m"true"[39m
@qbs-autonaim/recruitment-assistant-extension:test:       [33maria-label[39m=[32m"╨Ш╨╖╨▓╨╗╨╡╤З╤М ╨┤╨░╨╜╨╜╤Л╨╡ ╨┐╤А╨╛╤Д╨╕╨╗╤П ╨║╨░╨╜╨┤╨╕╨┤╨░╤В╨░"[39m
@qbs-autonaim/recruitment-assistant-extension:test:       [33maria-live[39m=[32m"polite"[39m
@qbs-autonaim/recruitment-assistant-extension:test:       [33mdisabled[39m=[32m""[39m
@qbs-autonaim/recruitment-assistant-extension:test:       [33mstyle[39m=[32m"min-width: 44px; min-height: 44px; padding: 12px 24px; font-size: 16px; font-weight: 500; color: #ffffff; background-color: #6b7280; border: none none; border-radius: 8px; cursor: not-all...
@qbs-autonaim/recruitment-assistant-extension:test:       at <anonymous> (C:\Projects\kwork\selectio\node_modules\@testing-library\dom\dist\query-helpers.js:59:30)
@qbs-autonaim/recruitment-assistant-extension:test:       at <anonymous> (C:\Projects\kwork\selectio\node_modules\@testing-library\dom\dist\query-helpers.js:95:19)
@qbs-autonaim/recruitment-assistant-extension:test:       at <anonymous> (C:\Projects\kwork\selectio\apps\recruitment-assistant-extension\src\content\ui\action-button.test.tsx:138:29)
@qbs-autonaim/recruitment-assistant-extension:test: (fail) ActionButton > ╨б╤В╨╕╨╗╨╕ ╨╕ ╤А╨░╨╖╨╝╨╡╤А╤Л > ╨┤╨╛╨╗╨╢╨╡╨╜ ╨╕╨╝╨╡╤В╤М touch-action: manipulation [31.00ms]
@qbs-autonaim/recruitment-assistant-extension:test: 54 |       const elementStrings = els.map(element => getElementError(null, element).message).join('\n\n');
@qbs-autonaim/recruitment-assistant-extension:test: 55 |       throw getMultipleElementsFoundError(`${getMultipleError(container, ...args)}
@qbs-autonaim/recruitment-assistant-extension:test: 56 | 
@qbs-autonaim/recruitment-assistant-extension:test: 57 | Here are the matching elements:
@qbs-autonaim/recruitment-assistant-extension:test: 58 | 
@qbs-autonaim/recruitment-assistant-extension:test: 59 | ${elementStrings}`, container);
@qbs-autonaim/recruitment-assistant-extension:test:                                   ^
@qbs-autonaim/recruitment-assistant-extension:test: TestingLibraryElementError: Found multiple elements with the role "button"
@qbs-autonaim/recruitment-assistant-extension:test: 
@qbs-autonaim/recruitment-assistant-extension:test: Here are the matching elements:
@qbs-autonaim/recruitment-assistant-extension:test: 
@qbs-autonaim/recruitment-assistant-extension:test: Ignored nodes: comments, script, style
@qbs-autonaim/recruitment-assistant-extension:test: [36m<button[39m
@qbs-autonaim/recruitment-assistant-extension:test:   [33maria-busy[39m=[32m"false"[39m
@qbs-autonaim/recruitment-assistant-extension:test:   [33maria-label[39m=[32m"╨Ш╨╖╨▓╨╗╨╡╤З╤М ╨┤╨░╨╜╨╜╤Л╨╡ ╨┐╤А╨╛╤Д╨╕╨╗╤П ╨║╨░╨╜╨┤╨╕╨┤╨░╤В╨░"[39m
@qbs-autonaim/recruitment-assistant-extension:test:   [33maria-live[39m=[32m"polite"[39m
@qbs-autonaim/recruitment-assistant-extension:test:   [33mstyle[39m=[32m"min-width: 44px; min-height: 44px; padding: 12px 24px; font-size: 16px; font-weight: 500; color: #ffffff; background-color: #2563eb; border: none none; border-radius: 8px; cursor: pointer; touch-action: manipulation; transition: background-color 0.2s ease, transform 0.1s ease, box-shadow 0.2s ease; display: flex; align-items: center; justify-content: center; gap: 8px; box-shadow: 0 1px 3px 0 rgba(0, 0, 0, 0.1), 0 1px 2px -1px rgba(0, 0, 0, 0.1); position: relative; outline-color: none; outline-style: none; outline-width: initial;"[39m
@qbs-autonaim/recruitment-assistant-extension:test:   [33mtype[39m=[32m"button"[39m
@qbs-autonaim/recruitment-assistant-extension:test: [36m>[39m
@qbs-autonaim/recruitment-assistant-extension:test:   [36m<span[39m
@qbs-autonaim/recruitment-assistant-extension:test:     [33mstyle[39m=[32m"white-space: nowrap;"[39m
@qbs-autonaim/recruitment-assistant-extension:test:   [36m>[39m
@qbs-autonaim/recruitment-assistant-extension:test:     [0m╨Ш╨╖╨▓╨╗╨╡╤З╤М ╨┤╨░╨╜╨╜╤Л╨╡[0m
@qbs-autonaim/recruitment-assistant-extension:test:   [36m</span>[39m
@qbs-autonaim/recruitment-assistant-extension:test: [36m</button>[39m
@qbs-autonaim/recruitment-assistant-extension:test: 
@qbs-autonaim/recruitment-assistant-extension:test: Ignored nodes: comments, script, style
@qbs-autonaim/recruitment-assistant-extension:test: [36m<button[39m
@qbs-autonaim/recruitment-assistant-extension:test:   [33maria-busy[39m=[32m"true"[39m
@qbs-autonaim/recruitment-assistant-extension:test:   [33maria-label[39m=[32m"╨Ш╨╖╨▓╨╗╨╡╤З╤М ╨┤╨░╨╜╨╜╤Л╨╡ ╨┐╤А╨╛╤Д╨╕╨╗╤П ╨║╨░╨╜╨┤╨╕╨┤╨░╤В╨░"[39m
@qbs-autonaim/recruitment-assistant-extension:test:   [33maria-live[39m=[32m"polite"[39m
@qbs-autonaim/recruitment-assistant-extension:test:   [33mdisabled[39m=[32m""[39m
@qbs-autonaim/recruitment-assistant-extension:test:   [33mstyle[39m=[32m"min-width: 44px; min-height: 44px; padding: 12px 24px; font-size: 16px; font-weight: 500; color: #ffffff; background-color: #6b7280; border: none none; border-radius: 8px; cursor: not-allowed; touch-action: manipulation; transition: background-color 0.2s ease, transform 0.1s ease, box-shadow 0.2s ease; display: flex; align-items: center; justify-content: center; gap: 8px; box-shadow: 0 1px 3px 0 rgba(0, 0, 0, 0.1), 0 1px 2px -1px rgba(0, 0, 0, 0.1); position: relative; outline-color: none; outline-style: none; outline-width: initial;"[39m
@qbs-autonaim/recruitment-assistant-extension:test:   [33mtype[39m=[32m"button"[39m
@qbs-autonaim/recruitment-assistant-extension:test: [36m>[39m
@qbs-autonaim/recruitment-assistant-extension:test:   [36m<svg[39m
@qbs-autonaim/recruitment-assistant-extension:test:     [33maria-hidden[39m=[32m"true"[39m
@qbs-autonaim/recruitment-assistant-extension:test:     [33mfill[39m=[32m"none"[39m
@qbs-autonaim/recruitment-assistant-extension:test:     [33mrole[39m=[32m"presentation"[39m
@qbs-autonaim/recruitment-assistant-extension:test:     [33mstyle[39m=[32m"width: 16px; height: 16px; animation: spin 1s linear infinite; flex-shrink: 0;"[39m
@qbs-autonaim/recruitment-assistant-extension:test:     [33mviewBox[39m=[32m"0 0 24 24"[39m
@qbs-autonaim/recruitment-assistant-extension:test:   [36m>[39m
@qbs-autonaim/recruitment-assistant-extension:test:     [36m<circle[39m
@qbs-autonaim/recruitment-assistant-extension:test:       [33mcx[39m=[32m"12"[39m
@qbs-autonaim/recruitment-assistant-extension:test:       [33mcy[39m=[32m"12"[39m
@qbs-autonaim/recruitment-assistant-extension:test:       [33mr[39m=[32m"10"[39m
@qbs-autonaim/recruitment-assistant-extension:test:       [33mstroke[39m=[32m"currentColor"[39m
@qbs-autonaim/recruitment-assistant-extension:test:       [33mstroke-opacity[39m=[32m"0.25"[39m
@qbs-autonaim/recruitment-assistant-extension:test:       [33mstroke-width[39m=[32m"4"[39m
@qbs-autonaim/recruitment-assistant-extension:test:     [36m/>[39m
@qbs-autonaim/recruitment-assistant-extension:test:     [36m<path[39m
@qbs-autonaim/recruitment-assistant-extension:test:       [33md[39m=[32m"M4 12a8 8 0 018-8V0C5.373 0 0 5.373 0 12h4zm2 5.291A7.962 7.962 0 014 12H0c0 3.042 1.135 5.824 3 7.938l3-2.647z"[39m
@qbs-autonaim/recruitment-assistant-extension:test:       [33mfill[39m=[32m"currentColor"[39m
@qbs-autonaim/recruitment-assistant-extension:test:       [33mopacity[39m=[32m"0.75"[39m
@qbs-autonaim/recruitment-assistant-extension:test:     [36m/>[39m
@qbs-autonaim/recruitment-assistant-extension:test:   [36m</svg>[39m
@qbs-autonaim/recruitment-assistant-extension:test:   [36m<span[39m
@qbs-autonaim/recruitment-assistant-extension:test:     [33mstyle[39m=[32m"white-space: nowrap;"[39m
@qbs-autonaim/recruitment-assistant-extension:test:   [36m>[39m
@qbs-autonaim/recruitment-assistant-extension:test:     [0m╨Ш╨╖╨▓╨╗╨╡╤З╨╡╨╜╨╕╨╡ ╨┤╨░╨╜╨╜╤Л╤ЕтАж[0m
@qbs-autonaim/recruitment-assistant-extension:test:   [36m</span>[39m
@qbs-autonaim/recruitment-assistant-extension:test: [36m</button>[39m
@qbs-autonaim/recruitment-assistant-extension:test: 
@qbs-autonaim/recruitment-assistant-extension:test: Ignored nodes: comments, script, style
@qbs-autonaim/recruitment-assistant-extension:test: [36m<button[39m
@qbs-autonaim/recruitment-assistant-extension:test:   [33maria-busy[39m=[32m"true"[39m
@qbs-autonaim/recruitment-assistant-extension:test:   [33maria-label[39m=[32m"╨Ш╨╖╨▓╨╗╨╡╤З╤М ╨┤╨░╨╜╨╜╤Л╨╡ ╨┐╤А╨╛╤Д╨╕╨╗╤П ╨║╨░╨╜╨┤╨╕╨┤╨░╤В╨░"[39m
@qbs-autonaim/recruitment-assistant-extension:test:   [33maria-live[39m=[32m"polite"[39m
@qbs-autonaim/recruitment-assistant-extension:test:   [33mdisabled[39m=[32m""[39m
@qbs-autonaim/recruitment-assistant-extension:test:   [33mstyle[39m=[32m"min-width: 44px; min-height: 44px; padding: 12px 24px; font-size: 16px; font-weight: 500; color: #ffffff; background-color: #6b7280; border: none none; border-radius: 8px; cursor: not-allowed; touch-action: manipulation; transition: background-color 0.2s ease, transform 0.1s ease, box-shadow 0.2s ease; display: flex; align-items: center; justify-content: center; gap: 8px; box-shadow: 0 1px 3px 0 rgba(0, 0, 0, 0.1), 0 1px 2px -1px rgba(0, 0, 0, 0.1); position: relative; outline-color: none; outline-style: none; outline-width: initial;"[39m
@qbs-autonaim/recruitment-assistant-extension:test:   [33mtype[39m=[32m"button"[39m
@qbs-autonaim/recruitment-assistant-extension:test: [36m>[39m
@qbs-autonaim/recruitment-assistant-extension:test:   [36m<svg[39m
@qbs-autonaim/recruitment-assistant-extension:test:     [33maria-hidden[39m=[32m"true"[39m
@qbs-autonaim/recruitment-assistant-extension:test:     [33mfill[39m=[32m"none"[39m
@qbs-autonaim/recruitment-assistant-extension:test:     [33mrole[39m=[32m"presentation"[39m
@qbs-autonaim/recruitment-assistant-extension:test:     [33mstyle[39m=[32m"width: 16px; height: 16px; animation: spin 1s linear infinite; flex-shrink: 0;"[39m
@qbs-autonaim/recruitment-assistant-extension:test:     [33mviewBox[39m=[32m"0 0 24 24"[39m
@qbs-autonaim/recruitment-assistant-extension:test:   [36m>[39m
@qbs-autonaim/recruitment-assistant-extension:test:     [36m<circle[39m
@qbs-autonaim/recruitment-assistant-extension:test:       [33mcx[39m=[32m"12"[39m
@qbs-autonaim/recruitment-assistant-extension:test:       [33mcy[39m=[32m"12"[39m
@qbs-autonaim/recruitment-assistant-extension:test:       [33mr[39m=[32m"10"[39m
@qbs-autonaim/recruitment-assistant-extension:test:       [33mstroke[39m=[32m"currentColor"[39m
@qbs-autonaim/recruitment-assistant-extension:test:       [33mstroke-opacity[39m=[32m"0.25"[39m
@qbs-autonaim/recruitment-assistant-extension:test:       [33mstroke-width[39m=[32m"4"[39m
@qbs-autonaim/recruitment-assistant-extension:test:     [36m/>[39m
@qbs-autonaim/recruitment-assistant-extension:test:     [36m<path[39m
@qbs-autonaim/recruitment-assistant-extension:test:       [33md[39m=[32m"M4 12a8 8 0 018-8V0C5.373 0 0 5.373 0 12h4zm2 5.291A7.962 7.962 0 014 12H0c0 3.042 1.135 5.824 3 7.938l3-2.647z"[39m
@qbs-autonaim/recruitment-assistant-extension:test:       [33mfill[39m=[32m"currentColor"[39m
@qbs-autonaim/recruitment-assistant-extension:test:       [33mopacity[39m=[32m"0.75"[39m
@qbs-autonaim/recruitment-assistant-extension:test:     [36m/>[39m
@qbs-autonaim/recruitment-assistant-extension:test:   [36m</svg>[39m
@qbs-autonaim/recruitment-assistant-extension:test:   [36m<span[39m
@qbs-autonaim/recruitment-assistant-extension:test:     [33mstyle[39m=[32m"white-space: nowrap;"[39m
@qbs-autonaim/recruitment-assistant-extension:test:   [36m>[39m
@qbs-autonaim/recruitment-assistant-extension:test:     [0m╨Ш╨╖╨▓╨╗╨╡╤З╨╡╨╜╨╕╨╡ ╨┤╨░╨╜╨╜╤Л╤ЕтАж[0m
@qbs-autonaim/recruitment-assistant-extension:test:   [36m</span>[39m
@qbs-autonaim/recruitment-assistant-extension:test: [36m</button>[39m
@qbs-autonaim/recruitment-assistant-extension:test: 
@qbs-autonaim/recruitment-assistant-extension:test: Ignored nodes: comments, script, style
@qbs-autonaim/recruitment-assistant-extension:test: [36m<button[39m
@qbs-autonaim/recruitment-assistant-extension:test:   [33maria-busy[39m=[32m"false"[39m
@qbs-autonaim/recruitment-assistant-extension:test:   [33maria-label[39m=[32m"╨Ш╨╖╨▓╨╗╨╡╤З╤М ╨┤╨░╨╜╨╜╤Л╨╡ ╨┐╤А╨╛╤Д╨╕╨╗╤П ╨║╨░╨╜╨┤╨╕╨┤╨░╤В╨░"[39m
@qbs-autonaim/recruitment-assistant-extension:test:   [33maria-live[39m=[32m"polite"[39m
@qbs-autonaim/recruitment-assistant-extension:test:   [33mstyle[39m=[32m"min-width: 44px; min-height: 44px; padding: 12px 24px; font-size: 16px; font-weight: 500; color: #ffffff; background-color: #2563eb; border: none none; border-radius: 8px; cursor: pointer; touch-action: manipulation; transition: background-color 0.2s ease, transform 0.1s ease, box-shadow 0.2s ease; display: flex; align-items: center; justify-content: center; gap: 8px; box-shadow: 0 1px 3px 0 rgba(0, 0, 0, 0.1), 0 1px 2px -1px rgba(0, 0, 0, 0.1); position: relative; outline-color: none; outline-style: none; outline-width: initial;"[39m
@qbs-autonaim/recruitment-assistant-extension:test:   [33mtype[39m=[32m"button"[39m
@qbs-autonaim/recruitment-assistant-extension:test: [36m>[39m
@qbs-autonaim/recruitment-assistant-extension:test:   [36m<span[39m
@qbs-autonaim/recruitment-assistant-extension:test:     [33mstyle[39m=[32m"white-space: nowrap;"[39m
@qbs-autonaim/recruitment-assistant-extension:test:   [36m>[39m
@qbs-autonaim/recruitment-assistant-extension:test:     [0m╨Ш╨╖╨▓╨╗╨╡╤З╤М ╨┤╨░╨╜╨╜╤Л╨╡[0m
@qbs-autonaim/recruitment-assistant-extension:test:   [36m</span>[39m
@qbs-autonaim/recruitment-assistant-extension:test: [36m</button>[39m
@qbs-autonaim/recruitment-assistant-extension:test: 
@qbs-autonaim/recruitment-assistant-extension:test: Ignored nodes: comments, script, style
@qbs-autonaim/recruitment-assistant-extension:test: [36m<button[39m
@qbs-autonaim/recruitment-assistant-extension:test:   [33maria-busy[39m=[32m"false"[39m
@qbs-autonaim/recruitment-assistant-extension:test:   [33maria-label[39m=[32m"╨Ш╨╖╨▓╨╗╨╡╤З╤М ╨┤╨░╨╜╨╜╤Л╨╡ ╨┐╤А╨╛╤Д╨╕╨╗╤П ╨║╨░╨╜╨┤╨╕╨┤╨░╤В╨░"[39m
@qbs-autonaim/recruitment-assistant-extension:test:   [33maria-live[39m=[32m"polite"[39m
@qbs-autonaim/recruitment-assistant-extension:test:   [33mstyle[39m=[32m"min-width: 44px; min-height: 44px; padding: 12px 24px; font-size: 16px; font-weight: 500; color: #ffffff; background-color: #2563eb; border: none none; border-radius: 8px; cursor: pointer; touch-action: manipulation; transition: background-color 0.2s ease, transform 0.1s ease, box-shadow 0.2s ease; display: flex; align-items: center; justify-content: center; gap: 8px; box-shadow: 0 1px 3px 0 rgba(0, 0, 0, 0.1), 0 1px 2px -1px rgba(0, 0, 0, 0.1); position: relative; outline-color: none; outline-style: none; outline-width: initial;"[39m
@qbs-autonaim/recruitment-assistant-extension:test:   [33mtype[39m=[32m"button"[39m
@qbs-autonaim/recruitment-assistant-extension:test: [36m>[39m
@qbs-autonaim/recruitment-assistant-extension:test:   [36m<span[39m
@qbs-autonaim/recruitment-assistant-extension:test:     [33mstyle[39m=[32m"white-space: nowrap;"[39m
@qbs-autonaim/recruitment-assistant-extension:test:   [36m>[39m
@qbs-autonaim/recruitment-assistant-extension:test:     [0m╨Ш╨╖╨▓╨╗╨╡╤З╤М ╨┤╨░╨╜╨╜╤Л╨╡[0m
@qbs-autonaim/recruitment-assistant-extension:test:   [36m</span>[39m
@qbs-autonaim/recruitment-assistant-extension:test: [36m</button>[39m
@qbs-autonaim/recruitment-assistant-extension:test: 
@qbs-autonaim/recruitment-assistant-extension:test: Ignored nodes: comments, script, style
@qbs-autonaim/recruitment-assistant-extension:test: [36m<button[39m
@qbs-autonaim/recruitment-assistant-extension:test:   [33maria-busy[39m=[32m"false"[39m
@qbs-autonaim/recruitment-assistant-extension:test:   [33maria-label[39m=[32m"╨Ш╨╖╨▓╨╗╨╡╤З╤М ╨┤╨░╨╜╨╜╤Л╨╡ ╨┐╤А╨╛╤Д╨╕╨╗╤П ╨║╨░╨╜╨┤╨╕╨┤╨░╤В╨░"[39m
@qbs-autonaim/recruitment-assistant-extension:test:   [33maria-live[39m=[32m"polite"[39m
@qbs-autonaim/recruitment-assistant-extension:test:   [33mstyle[39m=[32m"min-width: 44px; min-height: 44px; padding: 12px 24px; font-size: 16px; font-weight: 500; color: #ffffff; background-color: #2563eb; border: none none; border-radius: 8px; cursor: pointer; touch-action: manipulation; transition: background-color 0.2s ease, transform 0.1s ease, box-shadow 0.2s ease; display: flex; align-items: center; justify-content: center; gap: 8px; box-shadow: 0 1px 3px 0 rgba(0, 0, 0, 0.1), 0 1px 2px -1px rgba(0, 0, 0, 0.1); position: relative; outline-color: none; outline-style: none; outline-width: initial;"[39m
@qbs-autonaim/recruitment-assistant-extension:test:   [33mtype[39m=[32m"button"[39m
@qbs-autonaim/recruitment-assistant-extension:test: [36m>[39m
@qbs-autonaim/recruitment-assistant-extension:test:   [36m<span[39m
@qbs-autonaim/recruitment-assistant-extension:test:     [33mstyle[39m=[32m"white-space: nowrap;"[39m
@qbs-autonaim/recruitment-assistant-extension:test:   [36m>[39m
@qbs-autonaim/recruitment-assistant-extension:test:     [0m╨Ш╨╖╨▓╨╗╨╡╤З╤М ╨┤╨░╨╜╨╜╤Л╨╡[0m
@qbs-autonaim/recruitment-assistant-extension:test:   [36m</span>[39m
@qbs-autonaim/recruitment-assistant-extension:test: [36m</button>[39m
@qbs-autonaim/recruitment-assistant-extension:test: 
@qbs-autonaim/recruitment-assistant-extension:test: Ignored nodes: comments, script, style
@qbs-autonaim/recruitment-assistant-extension:test: [36m<button[39m
@qbs-autonaim/recruitment-assistant-extension:test:   [33maria-busy[39m=[32m"true"[39m
@qbs-autonaim/recruitment-assistant-extension:test:   [33maria-label[39m=[32m"╨Ш╨╖╨▓╨╗╨╡╤З╤М ╨┤╨░╨╜╨╜╤Л╨╡ ╨┐╤А╨╛╤Д╨╕╨╗╤П ╨║╨░╨╜╨┤╨╕╨┤╨░╤В╨░"[39m
@qbs-autonaim/recruitment-assistant-extension:test:   [33maria-live[39m=[32m"polite"[39m
@qbs-autonaim/recruitment-assistant-extension:test:   [33mdisabled[39m=[32m""[39m
@qbs-autonaim/recruitment-assistant-extension:test:   [33mstyle[39m=[32m"min-width: 44px; min-height: 44px; padding: 12px 24px; font-size: 16px; font-weight: 500; color: #ffffff; background-color: #6b7280; border: none none; border-radius: 8px; cursor: not-allowed; touch-action: manipulation; transition: background-color 0.2s ease, transform 0.1s ease, box-shadow 0.2s ease; display: flex; align-items: center; justify-content: center; gap: 8px; box-shadow: 0 1px 3px 0 rgba(0, 0, 0, 0.1), 0 1px 2px -1px rgba(0, 0, 0, 0.1); position: relative; outline-color: none; outline-style: none; outline-width: initial;"[39m
@qbs-autonaim/recruitment-assistant-extension:test:   [33mtype[39m=[32m"button"[39m
@qbs-autonaim/recruitment-assistant-extension:test: [36m>[39m
@qbs-autonaim/recruitment-assistant-extension:test:   [36m<svg[39m
@qbs-autonaim/recruitment-assistant-extension:test:     [33maria-hidden[39m=[32m"true"[39m
@qbs-autonaim/recruitment-assistant-extension:test:     [33mfill[39m=[32m"none"[39m
@qbs-autonaim/recruitment-assistant-extension:test:     [33mrole[39m=[32m"presentation"[39m
@qbs-autonaim/recruitment-assistant-extension:test:     [33mstyle[39m=[32m"width: 16px; height: 16px; animation: spin 1s linear infinite; flex-shrink: 0;"[39m
@qbs-autonaim/recruitment-assistant-extension:test:     [33mviewBox[39m=[32m"0 0 24 24"[39m
@qbs-autonaim/recruitment-assistant-extension:test:   [36m>[39m
@qbs-autonaim/recruitment-assistant-extension:test:     [36m<circle[39m
@qbs-autonaim/recruitment-assistant-extension:test:       [33mcx[39m=[32m"12"[39m
@qbs-autonaim/recruitment-assistant-extension:test:       [33mcy[39m=[32m"12"[39m
@qbs-autonaim/recruitment-assistant-extension:test:       [33mr[39m=[32m"10"[39m
@qbs-autonaim/recruitment-assistant-extension:test:       [33mstroke[39m=[32m"currentColor"[39m
@qbs-autonaim/recruitment-assistant-extension:test:       [33mstroke-opacity[39m=[32m"0.25"[39m
@qbs-autonaim/recruitment-assistant-extension:test:       [33mstroke-width[39m=[32m"4"[39m
@qbs-autonaim/recruitment-assistant-extension:test:     [36m/>[39m
@qbs-autonaim/recruitment-assistant-extension:test:     [36m<path[39m
@qbs-autonaim/recruitment-assistant-extension:test:       [33md[39m=[32m"M4 12a8 8 0 018-8V0C5.373 0 0 5.373 0 12h4zm2 5.291A7.962 7.962 0 014 12H0c0 3.042 1.135 5.824 3 7.938l3-2.647z"[39m
@qbs-autonaim/recruitment-assistant-extension:test:       [33mfill[39m=[32m"currentColor"[39m
@qbs-autonaim/recruitment-assistant-extension:test:       [33mopacity[39m=[32m"0.75"[39m
@qbs-autonaim/recruitment-assistant-extension:test:     [36m/>[39m
@qbs-autonaim/recruitment-assistant-extension:test:   [36m</svg>[39m
@qbs-autonaim/recruitment-assistant-extension:test:   [36m<span[39m
@qbs-autonaim/recruitment-assistant-extension:test:     [33mstyle[39m=[32m"white-space: nowrap;"[39m
@qbs-autonaim/recruitment-assistant-extension:test:   [36m>[39m
@qbs-autonaim/recruitment-assistant-extension:test:     [0m╨Ш╨╖╨▓╨╗╨╡╤З╨╡╨╜╨╕╨╡ ╨┤╨░╨╜╨╜╤Л╤ЕтАж[0m
@qbs-autonaim/recruitment-assistant-extension:test:   [36m</span>[39m
@qbs-autonaim/recruitment-assistant-extension:test: [36m</button>[39m
@qbs-autonaim/recruitment-assistant-extension:test: 
@qbs-autonaim/recruitment-assistant-extension:test: Ignored nodes: comments, script, style
@qbs-autonaim/recruitment-assistant-extension:test: [36m<button[39m
@qbs-autonaim/recruitment-assistant-extension:test:   [33maria-busy[39m=[32m"false"[39m
@qbs-autonaim/recruitment-assistant-extension:test:   [33maria-label[39m=[32m"╨Ш╨╖╨▓╨╗╨╡╤З╤М ╨┤╨░╨╜╨╜╤Л╨╡ ╨┐╤А╨╛╤Д╨╕╨╗╤П ╨║╨░╨╜╨┤╨╕╨┤╨░╤В╨░"[39m
@qbs-autonaim/recruitment-assistant-extension:test:   [33maria-live[39m=[32m"polite"[39m
@qbs-autonaim/recruitment-assistant-extension:test:   [33mstyle[39m=[32m"min-width: 44px; min-height: 44px; padding: 12px 24px; font-size: 16px; font-weight: 500; color: #ffffff; background-color: #2563eb; border: none none; border-radius: 8px; cursor: pointer; touch-action: manipulation; transition: background-color 0.2s ease, transform 0.1s ease, box-shadow 0.2s ease; display: flex; align-items: center; justify-content: center; gap: 8px; box-shadow: 0 1px 3px 0 rgba(0, 0, 0, 0.1), 0 1px 2px -1px rgba(0, 0, 0, 0.1); position: relative; outline-color: none; outline-style: none; outline-width: initial;"[39m
@qbs-autonaim/recruitment-assistant-extension:test:   [33mtype[39m=[32m"button"[39m
@qbs-autonaim/recruitment-assistant-extension:test: [36m>[39m
@qbs-autonaim/recruitment-assistant-extension:test:   [36m<span[39m
@qbs-autonaim/recruitment-assistant-extension:test:     [33mstyle[39m=[32m"white-space: nowrap;"[39m
@qbs-autonaim/recruitment-assistant-extension:test:   [36m>[39m
@qbs-autonaim/recruitment-assistant-extension:test:     [0m╨Ш╨╖╨▓╨╗╨╡╤З╤М ╨┤╨░╨╜╨╜╤Л╨╡[0m
@qbs-autonaim/recruitment-assistant-extension:test:   [36m</span>[39m
@qbs-autonaim/recruitment-assistant-extension:test: [36m</button>[39m
@qbs-autonaim/recruitment-assistant-extension:test: 
@qbs-autonaim/recruitment-assistant-extension:test: Ignored nodes: comments, script, style
@qbs-autonaim/recruitment-assistant-extension:test: [36m<button[39m
@qbs-autonaim/recruitment-assistant-extension:test:   [33maria-busy[39m=[32m"true"[39m
@qbs-autonaim/recruitment-assistant-extension:test:   [33maria-label[39m=[32m"╨Ш╨╖╨▓╨╗╨╡╤З╤М ╨┤╨░╨╜╨╜╤Л╨╡ ╨┐╤А╨╛╤Д╨╕╨╗╤П ╨║╨░╨╜╨┤╨╕╨┤╨░╤В╨░"[39m
@qbs-autonaim/recruitment-assistant-extension:test:   [33maria-live[39m=[32m"polite"[39m
@qbs-autonaim/recruitment-assistant-extension:test:   [33mdisabled[39m=[32m""[39m
@qbs-autonaim/recruitment-assistant-extension:test:   [33mstyle[39m=[32m"min-width: 44px; min-height: 44px; padding: 12px 24px; font-size: 16px; font-weight: 500; color: #ffffff; background-color: #6b7280; border: none none; border-radius: 8px; cursor: not-allowed; touch-action: manipulation; transition: background-color 0.2s ease, transform 0.1s ease, box-shadow 0.2s ease; display: flex; align-items: center; justify-content: center; gap: 8px; box-shadow: 0 1px 3px 0 rgba(0, 0, 0, 0.1), 0 1px 2px -1px rgba(0, 0, 0, 0.1); position: relative; outline-color: none; outline-style: none; outline-width: initial;"[39m
@qbs-autonaim/recruitment-assistant-extension:test:   [33mtype[39m=[32m"button"[39m
@qbs-autonaim/recruitment-assistant-extension:test: [36m>[39m
@qbs-autonaim/recruitment-assistant-extension:test:   [36m<svg[39m
@qbs-autonaim/recruitment-assistant-extension:test:     [33maria-hidden[39m=[32m"true"[39m
@qbs-autonaim/recruitment-assistant-extension:test:     [33mfill[39m=[32m"none"[39m
@qbs-autonaim/recruitment-assistant-extension:test:     [33mrole[39m=[32m"presentation"[39m
@qbs-autonaim/recruitment-assistant-extension:test:     [33mstyle[39m=[32m"width: 16px; height: 16px; animation: spin 1s linear infinite; flex-shrink: 0;"[39m
@qbs-autonaim/recruitment-assistant-extension:test:     [33mviewBox[39m=[32m"0 0 24 24"[39m
@qbs-autonaim/recruitment-assistant-extension:test:   [36m>[39m
@qbs-autonaim/recruitment-assistant-extension:test:     [36m<circle[39m
@qbs-autonaim/recruitment-assistant-extension:test:       [33mcx[39m=[32m"12"[39m
@qbs-autonaim/recruitment-assistant-extension:test:       [33mcy[39m=[32m"12"[39m
@qbs-autonaim/recruitment-assistant-extension:test:       [33mr[39m=[32m"10"[39m
@qbs-autonaim/recruitment-assistant-extension:test:       [33mstroke[39m=[32m"currentColor"[39m
@qbs-autonaim/recruitment-assistant-extension:test:       [33mstroke-opacity[39m=[32m"0.25"[39m
@qbs-autonaim/recruitment-assistant-extension:test:       [33mstroke-width[39m=[32m"4"[39m
@qbs-autonaim/recruitment-assistant-extension:test:     [36m/>[39m
@qbs-autonaim/recruitment-assistant-extension:test:     [36m<path[39m
@qbs-autonaim/recruitment-assistant-extension:test:       [33md[39m=[32m"M4 12a8 8 0 018-8V0C5.373 0 0 5.373 0 12h4zm2 5.291A7.962 7.962 0 014 12H0c0 3.042 1.135 5.824 3 7.938l3-2.647z"[39m
@qbs-autonaim/recruitment-assistant-extension:test:       [33mfill[39m=[32m"currentColor"[39m
@qbs-autonaim/recruitment-assistant-extension:test:       [33mopacity[39m=[32m"0.75"[39m
@qbs-autonaim/recruitment-assistant-extension:test:     [36m/>[39m
@qbs-autonaim/recruitment-assistant-extension:test:   [36m</svg>[39m
@qbs-autonaim/recruitment-assistant-extension:test:   [36m<span[39m
@qbs-autonaim/recruitment-assistant-extension:test:     [33mstyle[39m=[32m"white-space: nowrap;"[39m
@qbs-autonaim/recruitment-assistant-extension:test:   [36m>[39m
@qbs-autonaim/recruitment-assistant-extension:test:     [0m╨Ш╨╖╨▓╨╗╨╡╤З╨╡╨╜╨╕╨╡ ╨┤╨░╨╜╨╜╤Л╤ЕтАж[0m
@qbs-autonaim/recruitment-assistant-extension:test:   [36m</span>[39m
@qbs-autonaim/recruitment-assistant-extension:test: [36m</button>[39m
@qbs-autonaim/recruitment-assistant-extension:test: 
@qbs-autonaim/recruitment-assistant-extension:test: Ignored nodes: comments, script, style
@qbs-autonaim/recruitment-assistant-extension:test: [36m<button[39m
@qbs-autonaim/recruitment-assistant-extension:test:   [33maria-busy[39m=[32m"false"[39m
@qbs-autonaim/recruitment-assistant-extension:test:   [33maria-label[39m=[32m"╨Ш╨╖╨▓╨╗╨╡╤З╤М ╨┤╨░╨╜╨╜╤Л╨╡ ╨┐╤А╨╛╤Д╨╕╨╗╤П ╨║╨░╨╜╨┤╨╕╨┤╨░╤В╨░"[39m
@qbs-autonaim/recruitment-assistant-extension:test:   [33maria-live[39m=[32m"polite"[39m
@qbs-autonaim/recruitment-assistant-extension:test:   [33mstyle[39m=[32m"min-width: 44px; min-height: 44px; padding: 12px 24px; font-size: 16px; font-weight: 500; color: #ffffff; background-color: #2563eb; border: none none; border-radius: 8px; cursor: pointer; touch-action: manipulation; transition: background-color 0.2s ease, transform 0.1s ease, box-shadow 0.2s ease; display: flex; align-items: center; justify-content: center; gap: 8px; box-shadow: 0 1px 3px 0 rgba(0, 0, 0, 0.1), 0 1px 2px -1px rgba(0, 0, 0, 0.1); position: relative; outline-color: none; outline-style: none; outline-width: initial;"[39m
@qbs-autonaim/recruitment-assistant-extension:test:   [33mtype[39m=[32m"button"[39m
@qbs-autonaim/recruitment-assistant-extension:test: [36m>[39m
@qbs-autonaim/recruitment-assistant-extension:test:   [36m<span[39m
@qbs-autonaim/recruitment-assistant-extension:test:     [33mstyle[39m=[32m"white-space: nowrap;"[39m
@qbs-autonaim/recruitment-assistant-extension:test:   [36m>[39m
@qbs-autonaim/recruitment-assistant-extension:test:     [0m╨Ш╨╖╨▓╨╗╨╡╤З╤М ╨┤╨░╨╜╨╜╤Л╨╡[0m
@qbs-autonaim/recruitment-assistant-extension:test:   [36m</span>[39m
@qbs-autonaim/recruitment-assistant-extension:test: [36m</button>[39m
@qbs-autonaim/recruitment-assistant-extension:test: 
@qbs-autonaim/recruitment-assistant-extension:test: Ignored nodes: comments, script, style
@qbs-autonaim/recruitment-assistant-extension:test: [36m<button[39m
@qbs-autonaim/recruitment-assistant-extension:test:   [33maria-busy[39m=[32m"true"[39m
@qbs-autonaim/recruitment-assistant-extension:test:   [33maria-label[39m=[32m"╨Ш╨╖╨▓╨╗╨╡╤З╤М ╨┤╨░╨╜╨╜╤Л╨╡ ╨┐╤А╨╛╤Д╨╕╨╗╤П ╨║╨░╨╜╨┤╨╕╨┤╨░╤В╨░"[39m
@qbs-autonaim/recruitment-assistant-extension:test:   [33maria-live[39m=[32m"polite"[39m
@qbs-autonaim/recruitment-assistant-extension:test:   [33mdisabled[39m=[32m""[39m
@qbs-autonaim/recruitment-assistant-extension:test:   [33mstyle[39m=[32m"min-width: 44px; min-height: 44px; padding: 12px 24px; font-size: 16px; font-weight: 500; color: #ffffff; background-color: #6b7280; border: none none; border-radius: 8px; cursor: not-allowed; touch-action: manipulation; transition: background-color 0.2s ease, transform 0.1s ease, box-shadow 0.2s ease; display: flex; align-items: center; justify-content: center; gap: 8px; box-shadow: 0 1px 3px 0 rgba(0, 0, 0, 0.1), 0 1px 2px -1px rgba(0, 0, 0, 0.1); position: relative; outline-color: none; outline-style: none; outline-width: initial;"[39m
@qbs-autonaim/recruitment-assistant-extension:test:   [33mtype[39m=[32m"button"[39m
@qbs-autonaim/recruitment-assistant-extension:test: [36m>[39m
@qbs-autonaim/recruitment-assistant-extension:test:   [36m<svg[39m
@qbs-autonaim/recruitment-assistant-extension:test:     [33maria-hidden[39m=[32m"true"[39m
@qbs-autonaim/recruitment-assistant-extension:test:     [33mfill[39m=[32m"none"[39m
@qbs-autonaim/recruitment-assistant-extension:test:     [33mrole[39m=[32m"presentation"[39m
@qbs-autonaim/recruitment-assistant-extension:test:     [33mstyle[39m=[32m"width: 16px; height: 16px; animation: spin 1s linear infinite; flex-shrink: 0;"[39m
@qbs-autonaim/recruitment-assistant-extension:test:     [33mviewBox[39m=[32m"0 0 24 24"[39m
@qbs-autonaim/recruitment-assistant-extension:test:   [36m>[39m
@qbs-autonaim/recruitment-assistant-extension:test:     [36m<circle[39m
@qbs-autonaim/recruitment-assistant-extension:test:       [33mcx[39m=[32m"12"[39m
@qbs-autonaim/recruitment-assistant-extension:test:       [33mcy[39m=[32m"12"[39m
@qbs-autonaim/recruitment-assistant-extension:test:       [33mr[39m=[32m"10"[39m
@qbs-autonaim/recruitment-assistant-extension:test:       [33mstroke[39m=[32m"currentColor"[39m
@qbs-autonaim/recruitment-assistant-extension:test:       [33mstroke-opacity[39m=[32m"0.25"[39m
@qbs-autonaim/recruitment-assistant-extension:test:       [33mstroke-width[39m=[32m"4"[39m
@qbs-autonaim/recruitment-assistant-extension:test:     [36m/>[39m
@qbs-autonaim/recruitment-assistant-extension:test:     [36m<path[39m
@qbs-autonaim/recruitment-assistant-extension:test:       [33md[39m=[32m"M4 12a8 8 0 018-8V0C5.373 0 0 5.373 0 12h4zm2 5.291A7.962 7.962 0 014 12H0c0 3.042 1.135 5.824 3 7.938l3-2.647z"[39m
@qbs-autonaim/recruitment-assistant-extension:test:       [33mfill[39m=[32m"currentColor"[39m
@qbs-autonaim/recruitment-assistant-extension:test:       [33mopacity[39m=[32m"0.75"[39m
@qbs-autonaim/recruitment-assistant-extension:test:     [36m/>[39m
@qbs-autonaim/recruitment-assistant-extension:test:   [36m</svg>[39m
@qbs-autonaim/recruitment-assistant-extension:test:   [36m<span[39m
@qbs-autonaim/recruitment-assistant-extension:test:     [33mstyle[39m=[32m"white-space: nowrap;"[39m
@qbs-autonaim/recruitment-assistant-extension:test:   [36m>[39m
@qbs-autonaim/recruitment-assistant-extension:test:     [0m╨Ш╨╖╨▓╨╗╨╡╤З╨╡╨╜╨╕╨╡ ╨┤╨░╨╜╨╜╤Л╤ЕтАж[0m
@qbs-autonaim/recruitment-assistant-extension:test:   [36m</span>[39m
@qbs-autonaim/recruitment-assistant-extension:test: [36m</button>[39m
@qbs-autonaim/recruitment-assistant-extension:test: 
@qbs-autonaim/recruitment-assistant-extension:test: Ignored nodes: comments, script, style
@qbs-autonaim/recruitment-assistant-extension:test: [36m<button[39m
@qbs-autonaim/recruitment-assistant-extension:test:   [33maria-busy[39m=[32m"true"[39m
@qbs-autonaim/recruitment-assistant-extension:test:   [33maria-label[39m=[32m"╨Ш╨╖╨▓╨╗╨╡╤З╤М ╨┤╨░╨╜╨╜╤Л╨╡ ╨┐╤А╨╛╤Д╨╕╨╗╤П ╨║╨░╨╜╨┤╨╕╨┤╨░╤В╨░"[39m
@qbs-autonaim/recruitment-assistant-extension:test:   [33maria-live[39m=[32m"polite"[39m
@qbs-autonaim/recruitment-assistant-extension:test:   [33mdisabled[39m=[32m""[39m
@qbs-autonaim/recruitment-assistant-extension:test:   [33mstyle[39m=[32m"min-width: 44px; min-height: 44px; padding: 12px 24px; font-size: 16px; font-weight: 500; color: #ffffff; background-color: #6b7280; border: none none; border-radius: 8px; cursor: not-allowed; touch-action: manipulation; transition: background-color 0.2s ease, transform 0.1s ease, box-shadow 0.2s ease; display: flex; align-items: center; justify-content: center; gap: 8px; box-shadow: 0 1px 3px 0 rgba(0, 0, 0, 0.1), 0 1px 2px -1px rgba(0, 0, 0, 0.1); position: relative; outline-color: none; outline-style: none; outline-width: initial;"[39m
@qbs-autonaim/recruitment-assistant-extension:test:   [33mtype[39m=[32m"button"[39m
@qbs-autonaim/recruitment-assistant-extension:test: [36m>[39m
@qbs-autonaim/recruitment-assistant-extension:test:   [36m<svg[39m
@qbs-autonaim/recruitment-assistant-extension:test:     [33maria-hidden[39m=[32m"true"[39m
@qbs-autonaim/recruitment-assistant-extension:test:     [33mfill[39m=[32m"none"[39m
@qbs-autonaim/recruitment-assistant-extension:test:     [33mrole[39m=[32m"presentation"[39m
@qbs-autonaim/recruitment-assistant-extension:test:     [33mstyle[39m=[32m"width: 16px; height: 16px; animation: spin 1s linear infinite; flex-shrink: 0;"[39m
@qbs-autonaim/recruitment-assistant-extension:test:     [33mviewBox[39m=[32m"0 0 24 24"[39m
@qbs-autonaim/recruitment-assistant-extension:test:   [36m>[39m
@qbs-autonaim/recruitment-assistant-extension:test:     [36m<circle[39m
@qbs-autonaim/recruitment-assistant-extension:test:       [33mcx[39m=[32m"12"[39m
@qbs-autonaim/recruitment-assistant-extension:test:       [33mcy[39m=[32m"12"[39m
@qbs-autonaim/recruitment-assistant-extension:test:       [33mr[39m=[32m"10"[39m
@qbs-autonaim/recruitment-assistant-extension:test:       [33mstroke[39m=[32m"currentColor"[39m
@qbs-autonaim/recruitment-assistant-extension:test:       [33mstroke-opacity[39m=[32m"0.25"[39m
@qbs-autonaim/recruitment-assistant-extension:test:       [33mstroke-width[39m=[32m"4"[39m
@qbs-autonaim/recruitment-assistant-extension:test:     [36m/>[39m
@qbs-autonaim/recruitment-assistant-extension:test:     [36m<path[39m
@qbs-autonaim/recruitment-assistant-extension:test:       [33md[39m=[32m"M4 12a8 8 0 018-8V0C5.373 0 0 5.373 0 12h4zm2 5.291A7.962 7.962 0 014 12H0c0 3.042 1.135 5.824 3 7.938l3-2.647z"[39m
@qbs-autonaim/recruitment-assistant-extension:test:       [33mfill[39m=[32m"currentColor"[39m
@qbs-autonaim/recruitment-assistant-extension:test:       [33mopacity[39m=[32m"0.75"[39m
@qbs-autonaim/recruitment-assistant-extension:test:     [36m/>[39m
@qbs-autonaim/recruitment-assistant-extension:test:   [36m</svg>[39m
@qbs-autonaim/recruitment-assistant-extension:test:   [36m<span[39m
@qbs-autonaim/recruitment-assistant-extension:test:     [33mstyle[39m=[32m"white-space: nowrap;"[39m
@qbs-autonaim/recruitment-assistant-extension:test:   [36m>[39m
@qbs-autonaim/recruitment-assistant-extension:test:     [0m╨Ш╨╖╨▓╨╗╨╡╤З╨╡╨╜╨╕╨╡ ╨┤╨░╨╜╨╜╤Л╤ЕтАж[0m
@qbs-autonaim/recruitment-assistant-extension:test:   [36m</span>[39m
@qbs-autonaim/recruitment-assistant-extension:test: [36m</button>[39m
@qbs-autonaim/recruitment-assistant-extension:test: 
@qbs-autonaim/recruitment-assistant-extension:test: Ignored nodes: comments, script, style
@qbs-autonaim/recruitment-assistant-extension:test: [36m<button[39m
@qbs-autonaim/recruitment-assistant-extension:test:   [33maria-busy[39m=[32m"false"[39m
@qbs-autonaim/recruitment-assistant-extension:test:   [33maria-label[39m=[32m"╨Ш╨╖╨▓╨╗╨╡╤З╤М ╨┤╨░╨╜╨╜╤Л╨╡ ╨┐╤А╨╛╤Д╨╕╨╗╤П ╨║╨░╨╜╨┤╨╕╨┤╨░╤В╨░"[39m
@qbs-autonaim/recruitment-assistant-extension:test:   [33maria-live[39m=[32m"polite"[39m
@qbs-autonaim/recruitment-assistant-extension:test:   [33mstyle[39m=[32m"min-width: 44px; min-height: 44px; padding: 12px 24px; font-size: 16px; font-weight: 500; color: #ffffff; background-color: #2563eb; border: none none; border-radius: 8px; cursor: pointer; touch-action: manipulation; transition: background-color 0.2s ease, transform 0.1s ease, box-shadow 0.2s ease; display: flex; align-items: center; justify-content: center; gap: 8px; box-shadow: 0 1px 3px 0 rgba(0, 0, 0, 0.1), 0 1px 2px -1px rgba(0, 0, 0, 0.1); position: relative; outline-color: none; outline-style: none; outline-width: initial;"[39m
@qbs-autonaim/recruitment-assistant-extension:test:   [33mtype[39m=[32m"button"[39m
@qbs-autonaim/recruitment-assistant-extension:test: [36m>[39m
@qbs-autonaim/recruitment-assistant-extension:test:   [36m<span[39m
@qbs-autonaim/recruitment-assistant-extension:test:     [33mstyle[39m=[32m"white-space: nowrap;"[39m
@qbs-autonaim/recruitment-assistant-extension:test:   [36m>[39m
@qbs-autonaim/recruitment-assistant-extension:test:     [0m╨Ш╨╖╨▓╨╗╨╡╤З╤М ╨┤╨░╨╜╨╜╤Л╨╡[0m
@qbs-autonaim/recruitment-assistant-extension:test:   [36m</span>[39m
@qbs-autonaim/recruitment-assistant-extension:test: [36m</button>[39m
@qbs-autonaim/recruitment-assistant-extension:test: 
@qbs-autonaim/recruitment-assistant-extension:test: Ignored nodes: comments, script, style
@qbs-autonaim/recruitment-assistant-extension:test: [36m<button[39m
@qbs-autonaim/recruitment-assistant-extension:test:   [33maria-busy[39m=[32m"false"[39m
@qbs-autonaim/recruitment-assistant-extension:test:   [33maria-label[39m=[32m"╨Ш╨╖╨▓╨╗╨╡╤З╤М ╨┤╨░╨╜╨╜╤Л╨╡ ╨┐╤А╨╛╤Д╨╕╨╗╤П ╨║╨░╨╜╨┤╨╕╨┤╨░╤В╨░"[39m
@qbs-autonaim/recruitment-assistant-extension:test:   [33maria-live[39m=[32m"polite"[39m
@qbs-autonaim/recruitment-assistant-extension:test:   [33mstyle[39m=[32m"min-width: 44px; min-height: 44px; padding: 12px 24px; font-size: 16px; font-weight: 500; color: #ffffff; background-color: #2563eb; border: none none; border-radius: 8px; cursor: pointer; touch-action: manipulation; transition: background-color 0.2s ease, transform 0.1s ease, box-shadow 0.2s ease; display: flex; align-items: center; justify-content: center; gap: 8px; box-shadow: 0 1px 3px 0 rgba(0, 0, 0, 0.1), 0 1px 2px -1px rgba(0, 0, 0, 0.1); position: relative; outline-color: none; outline-style: none; outline-width: initial;"[39m
@qbs-autonaim/recruitment-assistant-extension:test:   [33mtype[39m=[32m"button"[39m
@qbs-autonaim/recruitment-assistant-extension:test: [36m>[39m
@qbs-autonaim/recruitment-assistant-extension:test:   [36m<span[39m
@qbs-autonaim/recruitment-assistant-extension:test:     [33mstyle[39m=[32m"white-space: nowrap;"[39m
@qbs-autonaim/recruitment-assistant-extension:test:   [36m>[39m
@qbs-autonaim/recruitment-assistant-extension:test:     [0m╨Ш╨╖╨▓╨╗╨╡╤З╤М ╨┤╨░╨╜╨╜╤Л╨╡[0m
@qbs-autonaim/recruitment-assistant-extension:test:   [36m</span>[39m
@qbs-autonaim/recruitment-assistant-extension:test: [36m</button>[39m
@qbs-autonaim/recruitment-assistant-extension:test: 
@qbs-autonaim/recruitment-assistant-extension:test: Ignored nodes: comments, script, style
@qbs-autonaim/recruitment-assistant-extension:test: [36m<button[39m
@qbs-autonaim/recruitment-assistant-extension:test:   [33maria-busy[39m=[32m"false"[39m
@qbs-autonaim/recruitment-assistant-extension:test:   [33maria-label[39m=[32m"╨Ш╨╖╨▓╨╗╨╡╤З╤М ╨┤╨░╨╜╨╜╤Л╨╡ ╨┐╤А╨╛╤Д╨╕╨╗╤П ╨║╨░╨╜╨┤╨╕╨┤╨░╤В╨░"[39m
@qbs-autonaim/recruitment-assistant-extension:test:   [33maria-live[39m=[32m"polite"[39m
@qbs-autonaim/recruitment-assistant-extension:test:   [33mstyle[39m=[32m"min-width: 44px; min-height: 44px; padding: 12px 24px; font-size: 16px; font-weight: 500; color: #ffffff; background-color: #2563eb; border: none none; border-radius: 8px; cursor: pointer; touch-action: manipulation; transition: background-color 0.2s ease, transform 0.1s ease, box-shadow 0.2s ease; display: flex; align-items: center; justify-content: center; gap: 8px; box-shadow: 0 1px 3px 0 rgba(0, 0, 0, 0.1), 0 1px 2px -1px rgba(0, 0, 0, 0.1); position: relative; outline-color: none; outline-style: none; outline-width: initial;"[39m
@qbs-autonaim/recruitment-assistant-extension:test:   [33mtype[39m=[32m"button"[39m
@qbs-autonaim/recruitment-assistant-extension:test: [36m>[39m
@qbs-autonaim/recruitment-assistant-extension:test:   [36m<span[39m
@qbs-autonaim/recruitment-assistant-extension:test:     [33mstyle[39m=[32m"white-space: nowrap;"[39m
@qbs-autonaim/recruitment-assistant-extension:test:   [36m>[39m
@qbs-autonaim/recruitment-assistant-extension:test:     [0m╨Ш╨╖╨▓╨╗╨╡╤З╤М ╨┤╨░╨╜╨╜╤Л╨╡[0m
@qbs-autonaim/recruitment-assistant-extension:test:   [36m</span>[39m
@qbs-autonaim/recruitment-assistant-extension:test: [36m</button>[39m
@qbs-autonaim/recruitment-assistant-extension:test: 
@qbs-autonaim/recruitment-assistant-extension:test: Ignored nodes: comments, script, style
@qbs-autonaim/recruitment-assistant-extension:test: [36m<button[39m
@qbs-autonaim/recruitment-assistant-extension:test:   [33maria-busy[39m=[32m"false"[39m
@qbs-autonaim/recruitment-assistant-extension:test:   [33maria-label[39m=[32m"╨Ш╨╖╨▓╨╗╨╡╤З╤М ╨┤╨░╨╜╨╜╤Л╨╡ ╨┐╤А╨╛╤Д╨╕╨╗╤П ╨║╨░╨╜╨┤╨╕╨┤╨░╤В╨░"[39m
@qbs-autonaim/recruitment-assistant-extension:test:   [33maria-live[39m=[32m"polite"[39m
@qbs-autonaim/recruitment-assistant-extension:test:   [33mstyle[39m=[32m"min-width: 44px; min-height: 44px; padding: 12px 24px; font-size: 16px; font-weight: 500; color: #ffffff; background-color: #2563eb; border: none none; border-radius: 8px; cursor: pointer; touch-action: manipulation; transition: background-color 0.2s ease, transform 0.1s ease, box-shadow 0.2s ease; display: flex; align-items: center; justify-content: center; gap: 8px; box-shadow: 0 1px 3px 0 rgba(0, 0, 0, 0.1), 0 1px 2px -1px rgba(0, 0, 0, 0.1); position: relative; outline-color: none; outline-style: none; outline-width: initial;"[39m
@qbs-autonaim/recruitment-assistant-extension:test:   [33mtype[39m=[32m"button"[39m
@qbs-autonaim/recruitment-assistant-extension:test: [36m>[39m
@qbs-autonaim/recruitment-assistant-extension:test:   [36m<span[39m
@qbs-autonaim/recruitment-assistant-extension:test:     [33mstyle[39m=[32m"white-space: nowrap;"[39m
@qbs-autonaim/recruitment-assistant-extension:test:   [36m>[39m
@qbs-autonaim/recruitment-assistant-extension:test:     [0m╨Ш╨╖╨▓╨╗╨╡╤З╤М ╨┤╨░╨╜╨╜╤Л╨╡[0m
@qbs-autonaim/recruitment-assistant-extension:test:   [36m</span>[39m
@qbs-autonaim/recruitment-assistant-extension:test: [36m</button>[39m
@qbs-autonaim/recruitment-assistant-extension:test: 
@qbs-autonaim/recruitment-assistant-extension:test: (If this is intentional, then use the `*AllBy*` variant of the query (like `queryAllByText`, `getAllByText`, or `findAllByText`)).
@qbs-autonaim/recruitment-assistant-extension:test: 
@qbs-autonaim/recruitment-assistant-extension:test: Ignored nodes: comments, script, style
@qbs-autonaim/recruitment-assistant-extension:test: [36m<body>[39m
@qbs-autonaim/recruitment-assistant-extension:test:   [0m
@qbs-autonaim/recruitment-assistant-extension:test:         [0m
@qbs-autonaim/recruitment-assistant-extension:test:   [36m<h1[39m
@qbs-autonaim/recruitment-assistant-extension:test:     [33mclass[39m=[32m"text-heading-xlarge"[39m
@qbs-autonaim/recruitment-assistant-extension:test:   [36m>[39m
@qbs-autonaim/recruitment-assistant-extension:test:     [0m╨Ш╨▓╨░╨╜ ╨Ш╨▓╨░╨╜╨╛╨▓[0m
@qbs-autonaim/recruitment-assistant-extension:test:   [36m</h1>[39m
@qbs-autonaim/recruitment-assistant-extension:test:   [0m
@qbs-autonaim/recruitment-assistant-extension:test:         [0m
@qbs-autonaim/recruitment-assistant-extension:test:   [36m<div[39m
@qbs-autonaim/recruitment-assistant-extension:test:     [33mclass[39m=[32m"text-body-medium"[39m
@qbs-autonaim/recruitment-assistant-extension:test:   [36m>[39m
@qbs-autonaim/recruitment-assistant-extension:test:     [0mSenior Developer[0m
@qbs-autonaim/recruitment-assistant-extension:test:   [36m</div>[39m
@qbs-autonaim/recruitment-assistant-extension:test:   [0m
@qbs-autonaim/recruitment-assistant-extension:test:         [0m
@qbs-autonaim/recruitment-assistant-extension:test:   [36m<span[39m
@qbs-autonaim/recruitment-assistant-extension:test:     [33mclass[39m=[32m"text-body-small inline"[39m
@qbs-autonaim/recruitment-assistant-extension:test:   [36m>[39m
@qbs-autonaim/recruitment-assistant-extension:test:     [0m╨Ь╨╛╤Б╨║╨▓╨░, ╨а╨╛╤Б╤Б╨╕╤П[0m
@qbs-autonaim/recruitment-assistant-extension:test:   [36m</span>[39m
@qbs-autonaim/recruitment-assistant-extension:test:   [0m
@qbs-autonaim/recruitment-assistant-extension:test:         [0m
@qbs-autonaim/recruitment-assistant-extension:test:   [36m<img[39m
@qbs-autonaim/recruitment-assistant-extension:test:     [33mclass[39m=[32m"pv-top-card-profile-picture__image"[39m
@qbs-autonaim/recruitment-assistant-extension:test:     [33msrc[39m=[32m"https://example.com/photo.jpg"[39m
@qbs-autonaim/recruitment-assistant-extension:test:   [36m/>[39m
@qbs-autonaim/recruitment-assistant-extension:test:   [0m
@qbs-autonaim/recruitment-assistant-extension:test:         
@qbs-autonaim/recruitment-assistant-extension:test:         [0m
@qbs-autonaim/recruitment-assistant-extension:test:   [36m<section[39m
@qbs-autonaim/recruitment-assistant-extension:test:     [33mid[39m=[32m"experience"[39m
@qbs-autonaim/recruitment-assistant-extension:test:   [36m>[39m
@qbs-autonaim/recruitment-assistant-extension:test:     [0m
@qbs-autonaim/recruitment-assistant-extension:test:           [0m
@qbs-autonaim/recruitment-assistant-extension:test:     [36m<ul>[39m
@qbs-autonaim/recruitment-assistant-extension:test:       [0m
@qbs-autonaim/recruitment-assistant-extension:test:             [0m
@qbs-autonaim/recruitment-assistant-extension:test:       [36m<li[39m
@qbs-autonaim/recruitment-assistant-extension:test:         [33mclass[39m=[32m"artdeco-list__item"[39m
@qbs-autonaim/recruitment-assistant-extension:test:       [36m>[39m
@qbs-autonaim/recruitment-assistant-extension:test:         [0m
@qbs-autonaim/recruitment-assistant-extension:test:               [0m
@qbs-autonaim/recruitment-assistant-extension:test:         [36m<div[39m
@qbs-autonaim/recruitment-assistant-extension:test:           [33mclass[39m=[32m"display-flex"[39m
@qbs-autonaim/recruitment-assistant-extension:test:         [36m>[39m
@qbs-autonaim/recruitment-assistant-extension:test:           [0m
@qbs-autonaim/recruitment-assistant-extension:test:                 [0m
@qbs-autonaim/recruitment-assistant-extension:test:           [36m<span[39m
@qbs-autonaim/recruitment-assistant-extension:test:             [33maria-hidden[39m=[32m"true"[39m
@qbs-autonaim/recruitment-assistant-extension:test:           [36m>[39m
@qbs-autonaim/recruitment-assistant-extension:test:             [0mSenior Developer[0m
@qbs-autonaim/recruitment-assistant-extension:test:           [36m</span>[39m
@qbs-autonaim/recruitment-assistant-extension:test:           [0m
@qbs-autonaim/recruitment-assistant-extension:test:               [0m
@qbs-autonaim/recruitment-assistant-extension:test:         [36m</div>[39m
@qbs-autonaim/recruitment-assistant-extension:test:         [0m
@qbs-autonaim/recruitment-assistant-extension:test:               [0m
@qbs-autonaim/recruitment-assistant-extension:test:         [36m<span[39m
@qbs-autonaim/recruitment-assistant-extension:test:           [33mclass[39m=[32m"t-14 t-normal"[39m
@qbs-autonaim/recruitment-assistant-extension:test:         [36m>[39m
@qbs-autonaim/recruitment-assistant-extension:test:           [0m
@qbs-autonaim/recruitment-assistant-extension:test:                 [0m
@qbs-autonaim/recruitment-assistant-extension:test:           [36m<span[39m
@qbs-autonaim/recruitment-assistant-extension:test:             [33maria-hidden[39m=[32m"true"[39m
@qbs-autonaim/recruitment-assistant-extension:test:           [36m>[39m
@qbs-autonaim/recruitment-assistant-extension:test:             [0mTech Company[0m
@qbs-autonaim/recruitment-assistant-extension:test:           [36m</span>[39m
@qbs-autonaim/recruitment-assistant-extension:test:           [0m
@qbs-autonaim/recruitment-assistant-extension:test:               [0m
@qbs-autonaim/recruitment-assistant-extension:test:         [36m</span>[39m
@qbs-autonaim/recruitment-assistant-extension:test:         [0m
@qbs-autonaim/recruitment-assistant-extension:test:               [0m
@qbs-autonaim/recruitment-assistant-extension:test:         [36m<span[39m
@qbs-autonaim/recruitment-assistant-extension:test:           [33mclass[39m=[32m"t-14 t-normal t-black--light"[39m
@qbs-autonaim/recruitment-assistant-extension:test:         [36m>[39m
@qbs-autonaim/recruitment-assistant-extension:test:           [0m
@qbs-autonaim/recruitment-assistant-extension:test:                 [0m
@qbs-autonaim/recruitment-assistant-extension:test:           [36m<span[39m
@qbs-autonaim/recruitment-assistant-extension:test:             [33maria-hidden[39m=[32m"true"[39m
@qbs-autonaim/recruitment-assistant-extension:test:           [36m>[39m
@qbs-autonaim/recruitment-assistant-extension:test:             [0m2020 тАУ ╨┐╨╛ ╨╜╨░╤Б╤В╨╛╤П╤Й╨╡╨╡ ╨▓╤А╨╡╨╝╤П[0m
@qbs-autonaim/recruitment-assistant-extension:test:           [36m</span>[39m
@qbs-autonaim/recruitment-assistant-extension:test:           [0m
@qbs-autonaim/recruitment-assistant-extension:test:               [0m
@qbs-autonaim/recruitment-assistant-extension:test:         [36m</span>[39m
@qbs-autonaim/recruitment-assistant-extension:test:         [0m
@qbs-autonaim/recruitment-assistant-extension:test:               [0m
@qbs-autonaim/recruitment-assistant-extension:test:         [36m<div[39m
@qbs-autonaim/recruitment-assistant-extension:test:           [33mclass[39m=[32m"display-flex full-width"[39m
@qbs-autonaim/recruitment-assistant-extension:test:         [36m>[39m
@qbs-autonaim/recruitment-assistant-extension:test:           [0m
@qbs-autonaim/recruitment-assistant-extension:test:                 [0m
@qbs-autonaim/recruitment-assistant-extension:test:           [36m<span[39m
@qbs-autonaim/recruitment-assistant-extension:test:             [33maria-hidden[39m=[32m"true"[39m
@qbs-autonaim/recruitment-assistant-extension:test:           [36m>[39m
@qbs-autonaim/recruitment-assistant-extension:test:             [0m╨а╨░╨╖╤А╨░╨▒╨╛╤В╨║╨░[0m
@qbs-autonaim/recruitment-assistant-extension:test:           [36m</span>[39m
@qbs-autonaim/recruitment-assistant-extension:test:           [0m
@qbs-autonaim/recruitment-assistant-extension:test:               [0m
@qbs-autonaim/recruitment-assistant-extension:test:         [36m</div>[39m
@qbs-autonaim/recruitment-assistant-extension:test:         [0m
@qbs-autonaim/recruitment-assistant-extension:test:             [0m
@qbs-autonaim/recruitment-assistant-extension:test:       [36m</li>[39m
@qbs-autonaim/recruitment-assistant-extension:test:       [0m
@qbs-autonaim/recruitment-assistant-extension:test:           [0m
@qbs-autonaim/recruitment-assistant-extension:test:     [36m</ul>[39m
@qbs-autonaim/recruitment-assistant-extension:test:     [0m
@qbs-autonaim/recruitment-assistant-extension:test:         [0m
@qbs-autonaim/recruitment-assistant-extension:test:   [36m</section>[39m
@qbs-autonaim/recruitment-assistant-extension:test:   [0m
@qbs-autonaim/recruitment-assistant-extension:test:         
@qbs-autonaim/recruitment-assistant-extension:test:         [0m
@qbs-autonaim/recruitment-assistant-extension:test:   [36m<section[39m
@qbs-autonaim/recruitment-assistant-extension:test:     [33mid[39m=[32m"education"[39m
@qbs-autonaim/recruitment-assistant-extension:test:   [36m>[39m
@qbs-autonaim/recruitment-assistant-extension:test:     [0m
@qbs-autonaim/recruitment-assistant-extension:test:           [0m
@qbs-autonaim/recruitment-assistant-extension:test:     [36m<ul>[39m
@qbs-autonaim/recruitment-assistant-extension:test:       [0m
@qbs-autonaim/recruitment-assistant-extension:test:             [0m
@qbs-autonaim/recruitment-assistant-extension:test:       [36m<li[39m
@qbs-autonaim/recruitment-assistant-extension:test:         [33mclass[39m=[32m"artdeco-list__item"[39m
@qbs-autonaim/recruitment-assistant-extension:test:       [36m>[39m
@qbs-autonaim/recruitment-assistant-extension:test:         [0m
@qbs-autonaim/recruitment-assistant-extension:test:               [0m
@qbs-autonaim/recruitment-assistant-extension:test:         [36m<div[39m
@qbs-autonaim/recruitment-assistant-extension:test:           [33mclass[39m=[32m"display-flex"[39m
@qbs-autonaim/recruitment-assistant-extension:test:         [36m>[39m
@qbs-autonaim/recruitment-assistant-extension:test:           [0m
@qbs-autonaim/recruitment-assistant-extension:test:                 [0m
@qbs-autonaim/recruitment-assistant-extension:test:           [36m<span[39m
@qbs-autonaim/recruitment-assistant-extension:test:             [33maria-hidden[39m=[32m"true"[39m
@qbs-autonaim/recruitment-assistant-extension:test:           [36m>[39m
@qbs-autonaim/recruitment-assistant-extension:test:             [0m╨Ь╨У╨г[0m
@qbs-autonaim/recruitment-assistant-extension:test:           [36m</span>[39m
@qbs-autonaim/recruitment-assistant-extension:test:           [0m
@qbs-autonaim/recruitment-assistant-extension:test:               [0m
@qbs-autonaim/recruitment-assistant-extension:test:         [36m</div>[39m
@qbs-autonaim/recruitment-assistant-extension:test:         [0m
@qbs-autonaim/recruitment-assistant-extension:test:               [0m
@qbs-autonaim/recruitment-assistant-extension:test:         [36m<span[39m
@qbs-autonaim/recruitment-assistant-extension:test:           [33mclass[39m=[32m"t-14 t-normal"[39m
@qbs-autonaim/recruitment-assistant-extension:test:         [36m>[39m
@qbs-autonaim/recruitment-assistant-extension:test:           [0m
@qbs-autonaim/recruitment-assistant-extension:test:                 [0m
@qbs-autonaim/recruitment-assistant-extension:test:           [36m<span[39m
@qbs-autonaim/recruitment-assistant-extension:test:             [33maria-hidden[39m=[32m"true"[39m
@qbs-autonaim/recruitment-assistant-extension:test:           [36m>[39m
@qbs-autonaim/recruitment-assistant-extension:test:             [0m╨С╨░╨║╨░╨╗╨░╨▓╤А[0m
@qbs-autonaim/recruitment-assistant-extension:test:           [36m</span>[39m
@qbs-autonaim/recruitment-assistant-extension:test:           [0m
@qbs-autonaim/recruitment-assistant-extension:test:               [0m
@qbs-autonaim/recruitment-assistant-extension:test:         [36m</span>[39m
@qbs-autonaim/recruitment-assistant-extension:test:         [0m
@qbs-autonaim/recruitment-assistant-extension:test:               [0m
@qbs-autonaim/recruitment-assistant-extension:test:         [36m<span[39m
@qbs-autonaim/recruitment-assistant-extension:test:           [33mclass[39m=[32m"t-14 t-normal t-black--light"[39m
@qbs-autonaim/recruitment-assistant-extension:test:         [36m>[39m
@qbs-autonaim/recruitment-assistant-extension:test:           [0m
@qbs-autonaim/recruitment-assistant-extension:test:                 [0m
@qbs-autonaim/recruitment-assistant-extension:test:           [36m<span[39m
@qbs-autonaim/recruitment-assistant-extension:test:             [33maria-hidden[39m=[32m"true"[39m
@qbs-autonaim/recruitment-assistant-extension:test:           [36m>[39m
@qbs-autonaim/recruitment-assistant-extension:test:             [0m╨Ш╨╜╤Д╨╛╤А╨╝╨░╤В╨╕╨║╨░[0m
@qbs-autonaim/recruitment-assistant-extension:test:           [36m</span>[39m
@qbs-autonaim/recruitment-assistant-extension:test:           [0m
@qbs-autonaim/recruitment-assistant-extension:test:               [0m
@qbs-autonaim/recruitment-assistant-extension:test:         [36m</span>[39m
@qbs-autonaim/recruitment-assistant-extension:test:         [0m
@qbs-autonaim/recruitment-assistant-extension:test:               [0m
@qbs-autonaim/recruitment-assistant-extension:test:         [36m<span[39m
@qbs-autonaim/recruitment-assistant-extension:test:           [33mclass[39m=[32m"t-14 t-normal t-black--light"[39m
@qbs-autonaim/recruitment-assistant-extension:test:         [36m>[39m
@qbs-autonaim/recruitment-assistant-extension:test:           [0m
@qbs-autonaim/recruitment-assistant-extension:test:                 [0m
@qbs-autonaim/recruitment-assistant-extension:test:           [36m<span[39m
@qbs-autonaim/recruitment-assistant-extension:test:             [33maria-hidden[39m=[32m"true"[39m
@qbs-autonaim/recruitment-assistant-extension:test:           [36m>[39m
@qbs-autonaim/recruitment-assistant-extension:test:             [0m2015 тАУ 2019[0m
@qbs-autonaim/recruitment-assistant-extension:test:           [36m</span>[39m
@qbs-autonaim/recruitment-assistant-extension:test:           [0m
@qbs-autonaim/recruitment-assistant-extension:test:               [0m
@qbs-autonaim/recruitment-assistant-extension:test:         [36m</span>[39m
@qbs-autonaim/recruitment-assistant-extension:test:         [0m
@qbs-autonaim/recruitment-assistant-extension:test:             [0m
@qbs-autonaim/recruitment-assistant-extension:test:       [36m</li>[39m
@qbs-autonaim/recruitment-assistant-extension:test:       [0m
@qbs-autonaim/recruitment-assistant-extension:test:           [0m
@qbs-autonaim/recruitment-assistant-extension:test:     [36m</ul>[39m
@qbs-autonaim/recruitment-assistant-extension:test:     [0m
@qbs-autonaim/recruitment-assistant-extension:test:         [0m
@qbs-autonaim/recruitment-assistant-extension:test:   [36m</section>[39m
@qbs-autonaim/recruitment-assistant-extension:test:   [0m
@qbs-autonaim/recruitment-assistant-extension:test:         
@qbs-autonaim/recruitment-assistant-extension:test:         [0m
@qbs-autonaim/recruitment-assistant-extension:test:   [36m<section[39m
@qbs-autonaim/recruitment-assistant-extension:test:     [33mid[39m=[32m"skills"[39m
@qbs-autonaim/recruitment-assistant-extension:test:   [36m>[39m
@qbs-autonaim/recruitment-assistant-extension:test:     [0m
@qbs-autonaim/recruitment-assistant-extension:test:           [0m
@qbs-autonaim/recruitment-assistant-extension:test:     [36m<span[39m
@qbs-autonaim/recruitment-assistant-extension:test:       [33maria-hidden[39m=[32m"true"[39m
@qbs-autonaim/recruitment-assistant-extension:test:     [36m>[39m
@qbs-autonaim/recruitment-assistant-extension:test:       [0mTypeScript[0m
@qbs-autonaim/recruitment-assistant-extension:test:     [36m</span>[39m
@qbs-autonaim/recruitment-assistant-extension:test:     [0m
@qbs-autonaim/recruitment-assistant-extension:test:           [0m
@qbs-autonaim/recruitment-assistant-extension:test:     [36m<span[39m
@qbs-autonaim/recruitment-assistant-extension:test:       [33maria-hidden[39m=[32m"true"[39m
@qbs-autonaim/recruitment-assistant-extension:test:     [36m>[39m
@qbs-autonaim/recruitment-assistant-extension:test:       [0mReact[0m
@qbs-autonaim/recruitment-assistant-extension:test:     [36m</span>[39m
@qbs-autonaim/recruitment-assistant-extension:test:     [0m
@qbs-autonaim/recruitment-assistant-extension:test:         [0m
@qbs-autonaim/recruitment-assistant-extension:test:   [36m</section>[39m
@qbs-autonaim/recruitment-assistant-extension:test:   [0m
@qbs-autonaim/recruitment-assistant-extension:test:         
@qbs-autonaim/recruitment-assistant-extension:test:         [0m
@qbs-autonaim/recruitment-assistant-extension:test:   [36m<section[39m
@qbs-autonaim/recruitment-assistant-extension:test:     [33mclass[39m=[32m"pv-contact-info"[39m
@qbs-autonaim/recruitment-assistant-extension:test:   [36m>[39m
@qbs-autonaim/recruitment-assistant-extension:test:     [0m
@qbs-autonaim/recruitment-assistant-extension:test:           [0m
@qbs-autonaim/recruitment-assistant-extension:test:     [36m<a[39m
@qbs-autonaim/recruitment-assistant-extension:test:       [33mhref[39m=[32m"mailto:ivan@example.com"[39m
@qbs-autonaim/recruitment-assistant-extension:test:     [36m>[39m
@qbs-autonaim/recruitment-assistant-extension:test:       [0mEmail[0m
@qbs-autonaim/recruitment-assistant-extension:test:     [36m</a>[39m
@qbs-autonaim/recruitment-assistant-extension:test:     [0m
@qbs-autonaim/recruitment-assistant-extension:test:           [0m
@qbs-autonaim/recruitment-assistant-extension:test:     [36m<span[39m
@qbs-autonaim/recruitment-assistant-extension:test:       [33mclass[39m=[32m"t-14 t-black t-normal"[39m
@qbs-autonaim/recruitment-assistant-extension:test:     [36m>[39m
@qbs-autonaim/recruitment-assistant-extension:test:       [0m+7 (999) 123-45-67[0m
@qbs-autonaim/recruitment-assistant-extension:test:     [36m</span>[39m
@qbs-autonaim/recruitment-assistant-extension:test:     [0m
@qbs-autonaim/recruitment-assistant-extension:test:         [0m
@qbs-autonaim/recruitment-assistant-extension:test:   [36m</section>[39m
@qbs-autonaim/recruitment-assistant-extension:test:   [0m
@qbs-autonaim/recruitment-assistant-extension:test:       [0m
@qbs-autonaim/recruitment-assistant-extension:test:   [36m<div>[39m
@qbs-autonaim/recruitment-assistant-extension:test:     [36m<button[39m
@qbs-autonaim/recruitment-assistant-extension:test:       [33maria-busy[39m=[32m"false"[39m
@qbs-autonaim/recruitment-assistant-extension:test:       [33maria-label[39m=[32m"╨Ш╨╖╨▓╨╗╨╡╤З╤М ╨┤╨░╨╜╨╜╤Л╨╡ ╨┐╤А╨╛╤Д╨╕╨╗╤П ╨║╨░╨╜╨┤╨╕╨┤╨░╤В╨░"[39m
@qbs-autonaim/recruitment-assistant-extension:test:       [33maria-live[39m=[32m"polite"[39m
@qbs-autonaim/recruitment-assistant-extension:test:       [33mstyle[39m=[32m"min-width: 44px; min-height: 44px; padding: 12px 24px; font-size: 16px; font-weight: 500; color: #ffffff; background-color: #2563eb; border: none none; border-radius: 8px; cursor: pointer; touch-action: manipulation; transition: background-color 0.2s ease, transform 0.1s ease, box-shadow 0.2s ease; display: flex; align-items: center; justify-content: center; gap: 8px; box-shadow: 0 1px 3px 0 rgba(0, 0, 0, 0.1), 0 1px 2px -1px rgba(0, 0, 0, 0.1); position: relative; outline-color: none; outline-style: none; outline-width: initial;"[39m
@qbs-autonaim/recruitment-assistant-extension:test:       [33mtype[39m=[32m"button"[39m
@qbs-autonaim/recruitment-assistant-extension:test:     [36m>[39m
@qbs-autonaim/recruitment-assistant-extension:test:       [36m<span[39m
@qbs-autonaim/recruitment-assistant-extension:test:         [33mstyle[39m=[32m"white-space: nowrap;"[39m
@qbs-autonaim/recruitment-assistant-extension:test:       [36m>[39m
@qbs-autonaim/recruitment-assistant-extension:test:         [0m╨Ш╨╖╨▓╨╗╨╡╤З╤М ╨┤╨░╨╜╨╜╤Л╨╡[0m
@qbs-autonaim/recruitment-assistant-extension:test:       [36m</span>[39m
@qbs-autonaim/recruitment-assistant-extension:test:     [36m</button>[39m
@qbs-autonaim/recruitment-assistant-extension:test:   [36m</div>[39m
@qbs-autonaim/recruitment-assistant-extension:test:   [36m<div>[39m
@qbs-autonaim/recruitment-assistant-extension:test:     [36m<button[39m
@qbs-autonaim/recruitment-assistant-extension:test:       [33maria-busy[39m=[32m"true"[39m
@qbs-autonaim/recruitment-assistant-extension:test:       [33maria-label[39m=[32m"╨Ш╨╖╨▓╨╗╨╡╤З╤М ╨┤╨░╨╜╨╜╤Л╨╡ ╨┐╤А╨╛╤Д╨╕╨╗╤П ╨║╨░╨╜╨┤╨╕╨┤╨░╤В╨░"[39m
@qbs-autonaim/recruitment-assistant-extension:test:       [33maria-live[39m=[32m"polite"[39m
@qbs-autonaim/recruitment-assistant-extension:test:       [33mdisabled[39m=[32m""[39m
@qbs-autonaim/recruitment-assistant-extension:test:       [33mstyle[39m=[32m"min-width: 44px; min-height: 44px; padding: 12px 24px; font-size: 16px; font-weight: 500; color: #ffffff; background-color: #6b7280; border: none none; border-radius: 8px; cursor: not-all...
@qbs-autonaim/recruitment-assistant-extension:test:       at <anonymous> (C:\Projects\kwork\selectio\node_modules\@testing-library\dom\dist\query-helpers.js:59:30)
@qbs-autonaim/recruitment-assistant-extension:test:       at <anonymous> (C:\Projects\kwork\selectio\node_modules\@testing-library\dom\dist\query-helpers.js:95:19)
@qbs-autonaim/recruitment-assistant-extension:test:       at <anonymous> (C:\Projects\kwork\selectio\apps\recruitment-assistant-extension\src\content\ui\action-button.test.tsx:147:29)
@qbs-autonaim/recruitment-assistant-extension:test: (fail) ActionButton > ╨б╤В╨╕╨╗╨╕ ╨╕ ╤А╨░╨╖╨╝╨╡╤А╤Л > ╨┤╨╛╨╗╨╢╨╡╨╜ ╨╕╨╝╨╡╤В╤М fontSize 16px ╨┤╨╗╤П ╨╝╨╛╨▒╨╕╨╗╤М╨╜╤Л╤Е ╤Г╤Б╤В╤А╨╛╨╣╤Б╤В╨▓ [62.00ms]
@qbs-autonaim/recruitment-assistant-extension:test: 54 |       const elementStrings = els.map(element => getElementError(null, element).message).join('\n\n');
@qbs-autonaim/recruitment-assistant-extension:test: 55 |       throw getMultipleElementsFoundError(`${getMultipleError(container, ...args)}
@qbs-autonaim/recruitment-assistant-extension:test: 56 | 
@qbs-autonaim/recruitment-assistant-extension:test: 57 | Here are the matching elements:
@qbs-autonaim/recruitment-assistant-extension:test: 58 | 
@qbs-autonaim/recruitment-assistant-extension:test: 59 | ${elementStrings}`, container);
@qbs-autonaim/recruitment-assistant-extension:test:                                   ^
@qbs-autonaim/recruitment-assistant-extension:test: TestingLibraryElementError: Found multiple elements with the role "button"
@qbs-autonaim/recruitment-assistant-extension:test: 
@qbs-autonaim/recruitment-assistant-extension:test: Here are the matching elements:
@qbs-autonaim/recruitment-assistant-extension:test: 
@qbs-autonaim/recruitment-assistant-extension:test: Ignored nodes: comments, script, style
@qbs-autonaim/recruitment-assistant-extension:test: [36m<button[39m
@qbs-autonaim/recruitment-assistant-extension:test:   [33maria-busy[39m=[32m"false"[39m
@qbs-autonaim/recruitment-assistant-extension:test:   [33maria-label[39m=[32m"╨Ш╨╖╨▓╨╗╨╡╤З╤М ╨┤╨░╨╜╨╜╤Л╨╡ ╨┐╤А╨╛╤Д╨╕╨╗╤П ╨║╨░╨╜╨┤╨╕╨┤╨░╤В╨░"[39m
@qbs-autonaim/recruitment-assistant-extension:test:   [33maria-live[39m=[32m"polite"[39m
@qbs-autonaim/recruitment-assistant-extension:test:   [33mstyle[39m=[32m"min-width: 44px; min-height: 44px; padding: 12px 24px; font-size: 16px; font-weight: 500; color: #ffffff; background-color: #2563eb; border: none none; border-radius: 8px; cursor: pointer; touch-action: manipulation; transition: background-color 0.2s ease, transform 0.1s ease, box-shadow 0.2s ease; display: flex; align-items: center; justify-content: center; gap: 8px; box-shadow: 0 1px 3px 0 rgba(0, 0, 0, 0.1), 0 1px 2px -1px rgba(0, 0, 0, 0.1); position: relative; outline-color: none; outline-style: none; outline-width: initial;"[39m
@qbs-autonaim/recruitment-assistant-extension:test:   [33mtype[39m=[32m"button"[39m
@qbs-autonaim/recruitment-assistant-extension:test: [36m>[39m
@qbs-autonaim/recruitment-assistant-extension:test:   [36m<span[39m
@qbs-autonaim/recruitment-assistant-extension:test:     [33mstyle[39m=[32m"white-space: nowrap;"[39m
@qbs-autonaim/recruitment-assistant-extension:test:   [36m>[39m
@qbs-autonaim/recruitment-assistant-extension:test:     [0m╨Ш╨╖╨▓╨╗╨╡╤З╤М ╨┤╨░╨╜╨╜╤Л╨╡[0m
@qbs-autonaim/recruitment-assistant-extension:test:   [36m</span>[39m
@qbs-autonaim/recruitment-assistant-extension:test: [36m</button>[39m
@qbs-autonaim/recruitment-assistant-extension:test: 
@qbs-autonaim/recruitment-assistant-extension:test: Ignored nodes: comments, script, style
@qbs-autonaim/recruitment-assistant-extension:test: [36m<button[39m
@qbs-autonaim/recruitment-assistant-extension:test:   [33maria-busy[39m=[32m"true"[39m
@qbs-autonaim/recruitment-assistant-extension:test:   [33maria-label[39m=[32m"╨Ш╨╖╨▓╨╗╨╡╤З╤М ╨┤╨░╨╜╨╜╤Л╨╡ ╨┐╤А╨╛╤Д╨╕╨╗╤П ╨║╨░╨╜╨┤╨╕╨┤╨░╤В╨░"[39m
@qbs-autonaim/recruitment-assistant-extension:test:   [33maria-live[39m=[32m"polite"[39m
@qbs-autonaim/recruitment-assistant-extension:test:   [33mdisabled[39m=[32m""[39m
@qbs-autonaim/recruitment-assistant-extension:test:   [33mstyle[39m=[32m"min-width: 44px; min-height: 44px; padding: 12px 24px; font-size: 16px; font-weight: 500; color: #ffffff; background-color: #6b7280; border: none none; border-radius: 8px; cursor: not-allowed; touch-action: manipulation; transition: background-color 0.2s ease, transform 0.1s ease, box-shadow 0.2s ease; display: flex; align-items: center; justify-content: center; gap: 8px; box-shadow: 0 1px 3px 0 rgba(0, 0, 0, 0.1), 0 1px 2px -1px rgba(0, 0, 0, 0.1); position: relative; outline-color: none; outline-style: none; outline-width: initial;"[39m
@qbs-autonaim/recruitment-assistant-extension:test:   [33mtype[39m=[32m"button"[39m
@qbs-autonaim/recruitment-assistant-extension:test: [36m>[39m
@qbs-autonaim/recruitment-assistant-extension:test:   [36m<svg[39m
@qbs-autonaim/recruitment-assistant-extension:test:     [33maria-hidden[39m=[32m"true"[39m
@qbs-autonaim/recruitment-assistant-extension:test:     [33mfill[39m=[32m"none"[39m
@qbs-autonaim/recruitment-assistant-extension:test:     [33mrole[39m=[32m"presentation"[39m
@qbs-autonaim/recruitment-assistant-extension:test:     [33mstyle[39m=[32m"width: 16px; height: 16px; animation: spin 1s linear infinite; flex-shrink: 0;"[39m
@qbs-autonaim/recruitment-assistant-extension:test:     [33mviewBox[39m=[32m"0 0 24 24"[39m
@qbs-autonaim/recruitment-assistant-extension:test:   [36m>[39m
@qbs-autonaim/recruitment-assistant-extension:test:     [36m<circle[39m
@qbs-autonaim/recruitment-assistant-extension:test:       [33mcx[39m=[32m"12"[39m
@qbs-autonaim/recruitment-assistant-extension:test:       [33mcy[39m=[32m"12"[39m
@qbs-autonaim/recruitment-assistant-extension:test:       [33mr[39m=[32m"10"[39m
@qbs-autonaim/recruitment-assistant-extension:test:       [33mstroke[39m=[32m"currentColor"[39m
@qbs-autonaim/recruitment-assistant-extension:test:       [33mstroke-opacity[39m=[32m"0.25"[39m
@qbs-autonaim/recruitment-assistant-extension:test:       [33mstroke-width[39m=[32m"4"[39m
@qbs-autonaim/recruitment-assistant-extension:test:     [36m/>[39m
@qbs-autonaim/recruitment-assistant-extension:test:     [36m<path[39m
@qbs-autonaim/recruitment-assistant-extension:test:       [33md[39m=[32m"M4 12a8 8 0 018-8V0C5.373 0 0 5.373 0 12h4zm2 5.291A7.962 7.962 0 014 12H0c0 3.042 1.135 5.824 3 7.938l3-2.647z"[39m
@qbs-autonaim/recruitment-assistant-extension:test:       [33mfill[39m=[32m"currentColor"[39m
@qbs-autonaim/recruitment-assistant-extension:test:       [33mopacity[39m=[32m"0.75"[39m
@qbs-autonaim/recruitment-assistant-extension:test:     [36m/>[39m
@qbs-autonaim/recruitment-assistant-extension:test:   [36m</svg>[39m
@qbs-autonaim/recruitment-assistant-extension:test:   [36m<span[39m
@qbs-autonaim/recruitment-assistant-extension:test:     [33mstyle[39m=[32m"white-space: nowrap;"[39m
@qbs-autonaim/recruitment-assistant-extension:test:   [36m>[39m
@qbs-autonaim/recruitment-assistant-extension:test:     [0m╨Ш╨╖╨▓╨╗╨╡╤З╨╡╨╜╨╕╨╡ ╨┤╨░╨╜╨╜╤Л╤ЕтАж[0m
@qbs-autonaim/recruitment-assistant-extension:test:   [36m</span>[39m
@qbs-autonaim/recruitment-assistant-extension:test: [36m</button>[39m
@qbs-autonaim/recruitment-assistant-extension:test: 
@qbs-autonaim/recruitment-assistant-extension:test: Ignored nodes: comments, script, style
@qbs-autonaim/recruitment-assistant-extension:test: [36m<button[39m
@qbs-autonaim/recruitment-assistant-extension:test:   [33maria-busy[39m=[32m"true"[39m
@qbs-autonaim/recruitment-assistant-extension:test:   [33maria-label[39m=[32m"╨Ш╨╖╨▓╨╗╨╡╤З╤М ╨┤╨░╨╜╨╜╤Л╨╡ ╨┐╤А╨╛╤Д╨╕╨╗╤П ╨║╨░╨╜╨┤╨╕╨┤╨░╤В╨░"[39m
@qbs-autonaim/recruitment-assistant-extension:test:   [33maria-live[39m=[32m"polite"[39m
@qbs-autonaim/recruitment-assistant-extension:test:   [33mdisabled[39m=[32m""[39m
@qbs-autonaim/recruitment-assistant-extension:test:   [33mstyle[39m=[32m"min-width: 44px; min-height: 44px; padding: 12px 24px; font-size: 16px; font-weight: 500; color: #ffffff; background-color: #6b7280; border: none none; border-radius: 8px; cursor: not-allowed; touch-action: manipulation; transition: background-color 0.2s ease, transform 0.1s ease, box-shadow 0.2s ease; display: flex; align-items: center; justify-content: center; gap: 8px; box-shadow: 0 1px 3px 0 rgba(0, 0, 0, 0.1), 0 1px 2px -1px rgba(0, 0, 0, 0.1); position: relative; outline-color: none; outline-style: none; outline-width: initial;"[39m
@qbs-autonaim/recruitment-assistant-extension:test:   [33mtype[39m=[32m"button"[39m
@qbs-autonaim/recruitment-assistant-extension:test: [36m>[39m
@qbs-autonaim/recruitment-assistant-extension:test:   [36m<svg[39m
@qbs-autonaim/recruitment-assistant-extension:test:     [33maria-hidden[39m=[32m"true"[39m
@qbs-autonaim/recruitment-assistant-extension:test:     [33mfill[39m=[32m"none"[39m
@qbs-autonaim/recruitment-assistant-extension:test:     [33mrole[39m=[32m"presentation"[39m
@qbs-autonaim/recruitment-assistant-extension:test:     [33mstyle[39m=[32m"width: 16px; height: 16px; animation: spin 1s linear infinite; flex-shrink: 0;"[39m
@qbs-autonaim/recruitment-assistant-extension:test:     [33mviewBox[39m=[32m"0 0 24 24"[39m
@qbs-autonaim/recruitment-assistant-extension:test:   [36m>[39m
@qbs-autonaim/recruitment-assistant-extension:test:     [36m<circle[39m
@qbs-autonaim/recruitment-assistant-extension:test:       [33mcx[39m=[32m"12"[39m
@qbs-autonaim/recruitment-assistant-extension:test:       [33mcy[39m=[32m"12"[39m
@qbs-autonaim/recruitment-assistant-extension:test:       [33mr[39m=[32m"10"[39m
@qbs-autonaim/recruitment-assistant-extension:test:       [33mstroke[39m=[32m"currentColor"[39m
@qbs-autonaim/recruitment-assistant-extension:test:       [33mstroke-opacity[39m=[32m"0.25"[39m
@qbs-autonaim/recruitment-assistant-extension:test:       [33mstroke-width[39m=[32m"4"[39m
@qbs-autonaim/recruitment-assistant-extension:test:     [36m/>[39m
@qbs-autonaim/recruitment-assistant-extension:test:     [36m<path[39m
@qbs-autonaim/recruitment-assistant-extension:test:       [33md[39m=[32m"M4 12a8 8 0 018-8V0C5.373 0 0 5.373 0 12h4zm2 5.291A7.962 7.962 0 014 12H0c0 3.042 1.135 5.824 3 7.938l3-2.647z"[39m
@qbs-autonaim/recruitment-assistant-extension:test:       [33mfill[39m=[32m"currentColor"[39m
@qbs-autonaim/recruitment-assistant-extension:test:       [33mopacity[39m=[32m"0.75"[39m
@qbs-autonaim/recruitment-assistant-extension:test:     [36m/>[39m
@qbs-autonaim/recruitment-assistant-extension:test:   [36m</svg>[39m
@qbs-autonaim/recruitment-assistant-extension:test:   [36m<span[39m
@qbs-autonaim/recruitment-assistant-extension:test:     [33mstyle[39m=[32m"white-space: nowrap;"[39m
@qbs-autonaim/recruitment-assistant-extension:test:   [36m>[39m
@qbs-autonaim/recruitment-assistant-extension:test:     [0m╨Ш╨╖╨▓╨╗╨╡╤З╨╡╨╜╨╕╨╡ ╨┤╨░╨╜╨╜╤Л╤ЕтАж[0m
@qbs-autonaim/recruitment-assistant-extension:test:   [36m</span>[39m
@qbs-autonaim/recruitment-assistant-extension:test: [36m</button>[39m
@qbs-autonaim/recruitment-assistant-extension:test: 
@qbs-autonaim/recruitment-assistant-extension:test: Ignored nodes: comments, script, style
@qbs-autonaim/recruitment-assistant-extension:test: [36m<button[39m
@qbs-autonaim/recruitment-assistant-extension:test:   [33maria-busy[39m=[32m"false"[39m
@qbs-autonaim/recruitment-assistant-extension:test:   [33maria-label[39m=[32m"╨Ш╨╖╨▓╨╗╨╡╤З╤М ╨┤╨░╨╜╨╜╤Л╨╡ ╨┐╤А╨╛╤Д╨╕╨╗╤П ╨║╨░╨╜╨┤╨╕╨┤╨░╤В╨░"[39m
@qbs-autonaim/recruitment-assistant-extension:test:   [33maria-live[39m=[32m"polite"[39m
@qbs-autonaim/recruitment-assistant-extension:test:   [33mstyle[39m=[32m"min-width: 44px; min-height: 44px; padding: 12px 24px; font-size: 16px; font-weight: 500; color: #ffffff; background-color: #2563eb; border: none none; border-radius: 8px; cursor: pointer; touch-action: manipulation; transition: background-color 0.2s ease, transform 0.1s ease, box-shadow 0.2s ease; display: flex; align-items: center; justify-content: center; gap: 8px; box-shadow: 0 1px 3px 0 rgba(0, 0, 0, 0.1), 0 1px 2px -1px rgba(0, 0, 0, 0.1); position: relative; outline-color: none; outline-style: none; outline-width: initial;"[39m
@qbs-autonaim/recruitment-assistant-extension:test:   [33mtype[39m=[32m"button"[39m
@qbs-autonaim/recruitment-assistant-extension:test: [36m>[39m
@qbs-autonaim/recruitment-assistant-extension:test:   [36m<span[39m
@qbs-autonaim/recruitment-assistant-extension:test:     [33mstyle[39m=[32m"white-space: nowrap;"[39m
@qbs-autonaim/recruitment-assistant-extension:test:   [36m>[39m
@qbs-autonaim/recruitment-assistant-extension:test:     [0m╨Ш╨╖╨▓╨╗╨╡╤З╤М ╨┤╨░╨╜╨╜╤Л╨╡[0m
@qbs-autonaim/recruitment-assistant-extension:test:   [36m</span>[39m
@qbs-autonaim/recruitment-assistant-extension:test: [36m</button>[39m
@qbs-autonaim/recruitment-assistant-extension:test: 
@qbs-autonaim/recruitment-assistant-extension:test: Ignored nodes: comments, script, style
@qbs-autonaim/recruitment-assistant-extension:test: [36m<button[39m
@qbs-autonaim/recruitment-assistant-extension:test:   [33maria-busy[39m=[32m"false"[39m
@qbs-autonaim/recruitment-assistant-extension:test:   [33maria-label[39m=[32m"╨Ш╨╖╨▓╨╗╨╡╤З╤М ╨┤╨░╨╜╨╜╤Л╨╡ ╨┐╤А╨╛╤Д╨╕╨╗╤П ╨║╨░╨╜╨┤╨╕╨┤╨░╤В╨░"[39m
@qbs-autonaim/recruitment-assistant-extension:test:   [33maria-live[39m=[32m"polite"[39m
@qbs-autonaim/recruitment-assistant-extension:test:   [33mstyle[39m=[32m"min-width: 44px; min-height: 44px; padding: 12px 24px; font-size: 16px; font-weight: 500; color: #ffffff; background-color: #2563eb; border: none none; border-radius: 8px; cursor: pointer; touch-action: manipulation; transition: background-color 0.2s ease, transform 0.1s ease, box-shadow 0.2s ease; display: flex; align-items: center; justify-content: center; gap: 8px; box-shadow: 0 1px 3px 0 rgba(0, 0, 0, 0.1), 0 1px 2px -1px rgba(0, 0, 0, 0.1); position: relative; outline-color: none; outline-style: none; outline-width: initial;"[39m
@qbs-autonaim/recruitment-assistant-extension:test:   [33mtype[39m=[32m"button"[39m
@qbs-autonaim/recruitment-assistant-extension:test: [36m>[39m
@qbs-autonaim/recruitment-assistant-extension:test:   [36m<span[39m
@qbs-autonaim/recruitment-assistant-extension:test:     [33mstyle[39m=[32m"white-space: nowrap;"[39m
@qbs-autonaim/recruitment-assistant-extension:test:   [36m>[39m
@qbs-autonaim/recruitment-assistant-extension:test:     [0m╨Ш╨╖╨▓╨╗╨╡╤З╤М ╨┤╨░╨╜╨╜╤Л╨╡[0m
@qbs-autonaim/recruitment-assistant-extension:test:   [36m</span>[39m
@qbs-autonaim/recruitment-assistant-extension:test: [36m</button>[39m
@qbs-autonaim/recruitment-assistant-extension:test: 
@qbs-autonaim/recruitment-assistant-extension:test: Ignored nodes: comments, script, style
@qbs-autonaim/recruitment-assistant-extension:test: [36m<button[39m
@qbs-autonaim/recruitment-assistant-extension:test:   [33maria-busy[39m=[32m"false"[39m
@qbs-autonaim/recruitment-assistant-extension:test:   [33maria-label[39m=[32m"╨Ш╨╖╨▓╨╗╨╡╤З╤М ╨┤╨░╨╜╨╜╤Л╨╡ ╨┐╤А╨╛╤Д╨╕╨╗╤П ╨║╨░╨╜╨┤╨╕╨┤╨░╤В╨░"[39m
@qbs-autonaim/recruitment-assistant-extension:test:   [33maria-live[39m=[32m"polite"[39m
@qbs-autonaim/recruitment-assistant-extension:test:   [33mstyle[39m=[32m"min-width: 44px; min-height: 44px; padding: 12px 24px; font-size: 16px; font-weight: 500; color: #ffffff; background-color: #2563eb; border: none none; border-radius: 8px; cursor: pointer; touch-action: manipulation; transition: background-color 0.2s ease, transform 0.1s ease, box-shadow 0.2s ease; display: flex; align-items: center; justify-content: center; gap: 8px; box-shadow: 0 1px 3px 0 rgba(0, 0, 0, 0.1), 0 1px 2px -1px rgba(0, 0, 0, 0.1); position: relative; outline-color: none; outline-style: none; outline-width: initial;"[39m
@qbs-autonaim/recruitment-assistant-extension:test:   [33mtype[39m=[32m"button"[39m
@qbs-autonaim/recruitment-assistant-extension:test: [36m>[39m
@qbs-autonaim/recruitment-assistant-extension:test:   [36m<span[39m
@qbs-autonaim/recruitment-assistant-extension:test:     [33mstyle[39m=[32m"white-space: nowrap;"[39m
@qbs-autonaim/recruitment-assistant-extension:test:   [36m>[39m
@qbs-autonaim/recruitment-assistant-extension:test:     [0m╨Ш╨╖╨▓╨╗╨╡╤З╤М ╨┤╨░╨╜╨╜╤Л╨╡[0m
@qbs-autonaim/recruitment-assistant-extension:test:   [36m</span>[39m
@qbs-autonaim/recruitment-assistant-extension:test: [36m</button>[39m
@qbs-autonaim/recruitment-assistant-extension:test: 
@qbs-autonaim/recruitment-assistant-extension:test: Ignored nodes: comments, script, style
@qbs-autonaim/recruitment-assistant-extension:test: [36m<button[39m
@qbs-autonaim/recruitment-assistant-extension:test:   [33maria-busy[39m=[32m"true"[39m
@qbs-autonaim/recruitment-assistant-extension:test:   [33maria-label[39m=[32m"╨Ш╨╖╨▓╨╗╨╡╤З╤М ╨┤╨░╨╜╨╜╤Л╨╡ ╨┐╤А╨╛╤Д╨╕╨╗╤П ╨║╨░╨╜╨┤╨╕╨┤╨░╤В╨░"[39m
@qbs-autonaim/recruitment-assistant-extension:test:   [33maria-live[39m=[32m"polite"[39m
@qbs-autonaim/recruitment-assistant-extension:test:   [33mdisabled[39m=[32m""[39m
@qbs-autonaim/recruitment-assistant-extension:test:   [33mstyle[39m=[32m"min-width: 44px; min-height: 44px; padding: 12px 24px; font-size: 16px; font-weight: 500; color: #ffffff; background-color: #6b7280; border: none none; border-radius: 8px; cursor: not-allowed; touch-action: manipulation; transition: background-color 0.2s ease, transform 0.1s ease, box-shadow 0.2s ease; display: flex; align-items: center; justify-content: center; gap: 8px; box-shadow: 0 1px 3px 0 rgba(0, 0, 0, 0.1), 0 1px 2px -1px rgba(0, 0, 0, 0.1); position: relative; outline-color: none; outline-style: none; outline-width: initial;"[39m
@qbs-autonaim/recruitment-assistant-extension:test:   [33mtype[39m=[32m"button"[39m
@qbs-autonaim/recruitment-assistant-extension:test: [36m>[39m
@qbs-autonaim/recruitment-assistant-extension:test:   [36m<svg[39m
@qbs-autonaim/recruitment-assistant-extension:test:     [33maria-hidden[39m=[32m"true"[39m
@qbs-autonaim/recruitment-assistant-extension:test:     [33mfill[39m=[32m"none"[39m
@qbs-autonaim/recruitment-assistant-extension:test:     [33mrole[39m=[32m"presentation"[39m
@qbs-autonaim/recruitment-assistant-extension:test:     [33mstyle[39m=[32m"width: 16px; height: 16px; animation: spin 1s linear infinite; flex-shrink: 0;"[39m
@qbs-autonaim/recruitment-assistant-extension:test:     [33mviewBox[39m=[32m"0 0 24 24"[39m
@qbs-autonaim/recruitment-assistant-extension:test:   [36m>[39m
@qbs-autonaim/recruitment-assistant-extension:test:     [36m<circle[39m
@qbs-autonaim/recruitment-assistant-extension:test:       [33mcx[39m=[32m"12"[39m
@qbs-autonaim/recruitment-assistant-extension:test:       [33mcy[39m=[32m"12"[39m
@qbs-autonaim/recruitment-assistant-extension:test:       [33mr[39m=[32m"10"[39m
@qbs-autonaim/recruitment-assistant-extension:test:       [33mstroke[39m=[32m"currentColor"[39m
@qbs-autonaim/recruitment-assistant-extension:test:       [33mstroke-opacity[39m=[32m"0.25"[39m
@qbs-autonaim/recruitment-assistant-extension:test:       [33mstroke-width[39m=[32m"4"[39m
@qbs-autonaim/recruitment-assistant-extension:test:     [36m/>[39m
@qbs-autonaim/recruitment-assistant-extension:test:     [36m<path[39m
@qbs-autonaim/recruitment-assistant-extension:test:       [33md[39m=[32m"M4 12a8 8 0 018-8V0C5.373 0 0 5.373 0 12h4zm2 5.291A7.962 7.962 0 014 12H0c0 3.042 1.135 5.824 3 7.938l3-2.647z"[39m
@qbs-autonaim/recruitment-assistant-extension:test:       [33mfill[39m=[32m"currentColor"[39m
@qbs-autonaim/recruitment-assistant-extension:test:       [33mopacity[39m=[32m"0.75"[39m
@qbs-autonaim/recruitment-assistant-extension:test:     [36m/>[39m
@qbs-autonaim/recruitment-assistant-extension:test:   [36m</svg>[39m
@qbs-autonaim/recruitment-assistant-extension:test:   [36m<span[39m
@qbs-autonaim/recruitment-assistant-extension:test:     [33mstyle[39m=[32m"white-space: nowrap;"[39m
@qbs-autonaim/recruitment-assistant-extension:test:   [36m>[39m
@qbs-autonaim/recruitment-assistant-extension:test:     [0m╨Ш╨╖╨▓╨╗╨╡╤З╨╡╨╜╨╕╨╡ ╨┤╨░╨╜╨╜╤Л╤ЕтАж[0m
@qbs-autonaim/recruitment-assistant-extension:test:   [36m</span>[39m
@qbs-autonaim/recruitment-assistant-extension:test: [36m</button>[39m
@qbs-autonaim/recruitment-assistant-extension:test: 
@qbs-autonaim/recruitment-assistant-extension:test: Ignored nodes: comments, script, style
@qbs-autonaim/recruitment-assistant-extension:test: [36m<button[39m
@qbs-autonaim/recruitment-assistant-extension:test:   [33maria-busy[39m=[32m"false"[39m
@qbs-autonaim/recruitment-assistant-extension:test:   [33maria-label[39m=[32m"╨Ш╨╖╨▓╨╗╨╡╤З╤М ╨┤╨░╨╜╨╜╤Л╨╡ ╨┐╤А╨╛╤Д╨╕╨╗╤П ╨║╨░╨╜╨┤╨╕╨┤╨░╤В╨░"[39m
@qbs-autonaim/recruitment-assistant-extension:test:   [33maria-live[39m=[32m"polite"[39m
@qbs-autonaim/recruitment-assistant-extension:test:   [33mstyle[39m=[32m"min-width: 44px; min-height: 44px; padding: 12px 24px; font-size: 16px; font-weight: 500; color: #ffffff; background-color: #2563eb; border: none none; border-radius: 8px; cursor: pointer; touch-action: manipulation; transition: background-color 0.2s ease, transform 0.1s ease, box-shadow 0.2s ease; display: flex; align-items: center; justify-content: center; gap: 8px; box-shadow: 0 1px 3px 0 rgba(0, 0, 0, 0.1), 0 1px 2px -1px rgba(0, 0, 0, 0.1); position: relative; outline-color: none; outline-style: none; outline-width: initial;"[39m
@qbs-autonaim/recruitment-assistant-extension:test:   [33mtype[39m=[32m"button"[39m
@qbs-autonaim/recruitment-assistant-extension:test: [36m>[39m
@qbs-autonaim/recruitment-assistant-extension:test:   [36m<span[39m
@qbs-autonaim/recruitment-assistant-extension:test:     [33mstyle[39m=[32m"white-space: nowrap;"[39m
@qbs-autonaim/recruitment-assistant-extension:test:   [36m>[39m
@qbs-autonaim/recruitment-assistant-extension:test:     [0m╨Ш╨╖╨▓╨╗╨╡╤З╤М ╨┤╨░╨╜╨╜╤Л╨╡[0m
@qbs-autonaim/recruitment-assistant-extension:test:   [36m</span>[39m
@qbs-autonaim/recruitment-assistant-extension:test: [36m</button>[39m
@qbs-autonaim/recruitment-assistant-extension:test: 
@qbs-autonaim/recruitment-assistant-extension:test: Ignored nodes: comments, script, style
@qbs-autonaim/recruitment-assistant-extension:test: [36m<button[39m
@qbs-autonaim/recruitment-assistant-extension:test:   [33maria-busy[39m=[32m"true"[39m
@qbs-autonaim/recruitment-assistant-extension:test:   [33maria-label[39m=[32m"╨Ш╨╖╨▓╨╗╨╡╤З╤М ╨┤╨░╨╜╨╜╤Л╨╡ ╨┐╤А╨╛╤Д╨╕╨╗╤П ╨║╨░╨╜╨┤╨╕╨┤╨░╤В╨░"[39m
@qbs-autonaim/recruitment-assistant-extension:test:   [33maria-live[39m=[32m"polite"[39m
@qbs-autonaim/recruitment-assistant-extension:test:   [33mdisabled[39m=[32m""[39m
@qbs-autonaim/recruitment-assistant-extension:test:   [33mstyle[39m=[32m"min-width: 44px; min-height: 44px; padding: 12px 24px; font-size: 16px; font-weight: 500; color: #ffffff; background-color: #6b7280; border: none none; border-radius: 8px; cursor: not-allowed; touch-action: manipulation; transition: background-color 0.2s ease, transform 0.1s ease, box-shadow 0.2s ease; display: flex; align-items: center; justify-content: center; gap: 8px; box-shadow: 0 1px 3px 0 rgba(0, 0, 0, 0.1), 0 1px 2px -1px rgba(0, 0, 0, 0.1); position: relative; outline-color: none; outline-style: none; outline-width: initial;"[39m
@qbs-autonaim/recruitment-assistant-extension:test:   [33mtype[39m=[32m"button"[39m
@qbs-autonaim/recruitment-assistant-extension:test: [36m>[39m
@qbs-autonaim/recruitment-assistant-extension:test:   [36m<svg[39m
@qbs-autonaim/recruitment-assistant-extension:test:     [33maria-hidden[39m=[32m"true"[39m
@qbs-autonaim/recruitment-assistant-extension:test:     [33mfill[39m=[32m"none"[39m
@qbs-autonaim/recruitment-assistant-extension:test:     [33mrole[39m=[32m"presentation"[39m
@qbs-autonaim/recruitment-assistant-extension:test:     [33mstyle[39m=[32m"width: 16px; height: 16px; animation: spin 1s linear infinite; flex-shrink: 0;"[39m
@qbs-autonaim/recruitment-assistant-extension:test:     [33mviewBox[39m=[32m"0 0 24 24"[39m
@qbs-autonaim/recruitment-assistant-extension:test:   [36m>[39m
@qbs-autonaim/recruitment-assistant-extension:test:     [36m<circle[39m
@qbs-autonaim/recruitment-assistant-extension:test:       [33mcx[39m=[32m"12"[39m
@qbs-autonaim/recruitment-assistant-extension:test:       [33mcy[39m=[32m"12"[39m
@qbs-autonaim/recruitment-assistant-extension:test:       [33mr[39m=[32m"10"[39m
@qbs-autonaim/recruitment-assistant-extension:test:       [33mstroke[39m=[32m"currentColor"[39m
@qbs-autonaim/recruitment-assistant-extension:test:       [33mstroke-opacity[39m=[32m"0.25"[39m
@qbs-autonaim/recruitment-assistant-extension:test:       [33mstroke-width[39m=[32m"4"[39m
@qbs-autonaim/recruitment-assistant-extension:test:     [36m/>[39m
@qbs-autonaim/recruitment-assistant-extension:test:     [36m<path[39m
@qbs-autonaim/recruitment-assistant-extension:test:       [33md[39m=[32m"M4 12a8 8 0 018-8V0C5.373 0 0 5.373 0 12h4zm2 5.291A7.962 7.962 0 014 12H0c0 3.042 1.135 5.824 3 7.938l3-2.647z"[39m
@qbs-autonaim/recruitment-assistant-extension:test:       [33mfill[39m=[32m"currentColor"[39m
@qbs-autonaim/recruitment-assistant-extension:test:       [33mopacity[39m=[32m"0.75"[39m
@qbs-autonaim/recruitment-assistant-extension:test:     [36m/>[39m
@qbs-autonaim/recruitment-assistant-extension:test:   [36m</svg>[39m
@qbs-autonaim/recruitment-assistant-extension:test:   [36m<span[39m
@qbs-autonaim/recruitment-assistant-extension:test:     [33mstyle[39m=[32m"white-space: nowrap;"[39m
@qbs-autonaim/recruitment-assistant-extension:test:   [36m>[39m
@qbs-autonaim/recruitment-assistant-extension:test:     [0m╨Ш╨╖╨▓╨╗╨╡╤З╨╡╨╜╨╕╨╡ ╨┤╨░╨╜╨╜╤Л╤ЕтАж[0m
@qbs-autonaim/recruitment-assistant-extension:test:   [36m</span>[39m
@qbs-autonaim/recruitment-assistant-extension:test: [36m</button>[39m
@qbs-autonaim/recruitment-assistant-extension:test: 
@qbs-autonaim/recruitment-assistant-extension:test: Ignored nodes: comments, script, style
@qbs-autonaim/recruitment-assistant-extension:test: [36m<button[39m
@qbs-autonaim/recruitment-assistant-extension:test:   [33maria-busy[39m=[32m"false"[39m
@qbs-autonaim/recruitment-assistant-extension:test:   [33maria-label[39m=[32m"╨Ш╨╖╨▓╨╗╨╡╤З╤М ╨┤╨░╨╜╨╜╤Л╨╡ ╨┐╤А╨╛╤Д╨╕╨╗╤П ╨║╨░╨╜╨┤╨╕╨┤╨░╤В╨░"[39m
@qbs-autonaim/recruitment-assistant-extension:test:   [33maria-live[39m=[32m"polite"[39m
@qbs-autonaim/recruitment-assistant-extension:test:   [33mstyle[39m=[32m"min-width: 44px; min-height: 44px; padding: 12px 24px; font-size: 16px; font-weight: 500; color: #ffffff; background-color: #2563eb; border: none none; border-radius: 8px; cursor: pointer; touch-action: manipulation; transition: background-color 0.2s ease, transform 0.1s ease, box-shadow 0.2s ease; display: flex; align-items: center; justify-content: center; gap: 8px; box-shadow: 0 1px 3px 0 rgba(0, 0, 0, 0.1), 0 1px 2px -1px rgba(0, 0, 0, 0.1); position: relative; outline-color: none; outline-style: none; outline-width: initial;"[39m
@qbs-autonaim/recruitment-assistant-extension:test:   [33mtype[39m=[32m"button"[39m
@qbs-autonaim/recruitment-assistant-extension:test: [36m>[39m
@qbs-autonaim/recruitment-assistant-extension:test:   [36m<span[39m
@qbs-autonaim/recruitment-assistant-extension:test:     [33mstyle[39m=[32m"white-space: nowrap;"[39m
@qbs-autonaim/recruitment-assistant-extension:test:   [36m>[39m
@qbs-autonaim/recruitment-assistant-extension:test:     [0m╨Ш╨╖╨▓╨╗╨╡╤З╤М ╨┤╨░╨╜╨╜╤Л╨╡[0m
@qbs-autonaim/recruitment-assistant-extension:test:   [36m</span>[39m
@qbs-autonaim/recruitment-assistant-extension:test: [36m</button>[39m
@qbs-autonaim/recruitment-assistant-extension:test: 
@qbs-autonaim/recruitment-assistant-extension:test: Ignored nodes: comments, script, style
@qbs-autonaim/recruitment-assistant-extension:test: [36m<button[39m
@qbs-autonaim/recruitment-assistant-extension:test:   [33maria-busy[39m=[32m"true"[39m
@qbs-autonaim/recruitment-assistant-extension:test:   [33maria-label[39m=[32m"╨Ш╨╖╨▓╨╗╨╡╤З╤М ╨┤╨░╨╜╨╜╤Л╨╡ ╨┐╤А╨╛╤Д╨╕╨╗╤П ╨║╨░╨╜╨┤╨╕╨┤╨░╤В╨░"[39m
@qbs-autonaim/recruitment-assistant-extension:test:   [33maria-live[39m=[32m"polite"[39m
@qbs-autonaim/recruitment-assistant-extension:test:   [33mdisabled[39m=[32m""[39m
@qbs-autonaim/recruitment-assistant-extension:test:   [33mstyle[39m=[32m"min-width: 44px; min-height: 44px; padding: 12px 24px; font-size: 16px; font-weight: 500; color: #ffffff; background-color: #6b7280; border: none none; border-radius: 8px; cursor: not-allowed; touch-action: manipulation; transition: background-color 0.2s ease, transform 0.1s ease, box-shadow 0.2s ease; display: flex; align-items: center; justify-content: center; gap: 8px; box-shadow: 0 1px 3px 0 rgba(0, 0, 0, 0.1), 0 1px 2px -1px rgba(0, 0, 0, 0.1); position: relative; outline-color: none; outline-style: none; outline-width: initial;"[39m
@qbs-autonaim/recruitment-assistant-extension:test:   [33mtype[39m=[32m"button"[39m
@qbs-autonaim/recruitment-assistant-extension:test: [36m>[39m
@qbs-autonaim/recruitment-assistant-extension:test:   [36m<svg[39m
@qbs-autonaim/recruitment-assistant-extension:test:     [33maria-hidden[39m=[32m"true"[39m
@qbs-autonaim/recruitment-assistant-extension:test:     [33mfill[39m=[32m"none"[39m
@qbs-autonaim/recruitment-assistant-extension:test:     [33mrole[39m=[32m"presentation"[39m
@qbs-autonaim/recruitment-assistant-extension:test:     [33mstyle[39m=[32m"width: 16px; height: 16px; animation: spin 1s linear infinite; flex-shrink: 0;"[39m
@qbs-autonaim/recruitment-assistant-extension:test:     [33mviewBox[39m=[32m"0 0 24 24"[39m
@qbs-autonaim/recruitment-assistant-extension:test:   [36m>[39m
@qbs-autonaim/recruitment-assistant-extension:test:     [36m<circle[39m
@qbs-autonaim/recruitment-assistant-extension:test:       [33mcx[39m=[32m"12"[39m
@qbs-autonaim/recruitment-assistant-extension:test:       [33mcy[39m=[32m"12"[39m
@qbs-autonaim/recruitment-assistant-extension:test:       [33mr[39m=[32m"10"[39m
@qbs-autonaim/recruitment-assistant-extension:test:       [33mstroke[39m=[32m"currentColor"[39m
@qbs-autonaim/recruitment-assistant-extension:test:       [33mstroke-opacity[39m=[32m"0.25"[39m
@qbs-autonaim/recruitment-assistant-extension:test:       [33mstroke-width[39m=[32m"4"[39m
@qbs-autonaim/recruitment-assistant-extension:test:     [36m/>[39m
@qbs-autonaim/recruitment-assistant-extension:test:     [36m<path[39m
@qbs-autonaim/recruitment-assistant-extension:test:       [33md[39m=[32m"M4 12a8 8 0 018-8V0C5.373 0 0 5.373 0 12h4zm2 5.291A7.962 7.962 0 014 12H0c0 3.042 1.135 5.824 3 7.938l3-2.647z"[39m
@qbs-autonaim/recruitment-assistant-extension:test:       [33mfill[39m=[32m"currentColor"[39m
@qbs-autonaim/recruitment-assistant-extension:test:       [33mopacity[39m=[32m"0.75"[39m
@qbs-autonaim/recruitment-assistant-extension:test:     [36m/>[39m
@qbs-autonaim/recruitment-assistant-extension:test:   [36m</svg>[39m
@qbs-autonaim/recruitment-assistant-extension:test:   [36m<span[39m
@qbs-autonaim/recruitment-assistant-extension:test:     [33mstyle[39m=[32m"white-space: nowrap;"[39m
@qbs-autonaim/recruitment-assistant-extension:test:   [36m>[39m
@qbs-autonaim/recruitment-assistant-extension:test:     [0m╨Ш╨╖╨▓╨╗╨╡╤З╨╡╨╜╨╕╨╡ ╨┤╨░╨╜╨╜╤Л╤ЕтАж[0m
@qbs-autonaim/recruitment-assistant-extension:test:   [36m</span>[39m
@qbs-autonaim/recruitment-assistant-extension:test: [36m</button>[39m
@qbs-autonaim/recruitment-assistant-extension:test: 
@qbs-autonaim/recruitment-assistant-extension:test: Ignored nodes: comments, script, style
@qbs-autonaim/recruitment-assistant-extension:test: [36m<button[39m
@qbs-autonaim/recruitment-assistant-extension:test:   [33maria-busy[39m=[32m"true"[39m
@qbs-autonaim/recruitment-assistant-extension:test:   [33maria-label[39m=[32m"╨Ш╨╖╨▓╨╗╨╡╤З╤М ╨┤╨░╨╜╨╜╤Л╨╡ ╨┐╤А╨╛╤Д╨╕╨╗╤П ╨║╨░╨╜╨┤╨╕╨┤╨░╤В╨░"[39m
@qbs-autonaim/recruitment-assistant-extension:test:   [33maria-live[39m=[32m"polite"[39m
@qbs-autonaim/recruitment-assistant-extension:test:   [33mdisabled[39m=[32m""[39m
@qbs-autonaim/recruitment-assistant-extension:test:   [33mstyle[39m=[32m"min-width: 44px; min-height: 44px; padding: 12px 24px; font-size: 16px; font-weight: 500; color: #ffffff; background-color: #6b7280; border: none none; border-radius: 8px; cursor: not-allowed; touch-action: manipulation; transition: background-color 0.2s ease, transform 0.1s ease, box-shadow 0.2s ease; display: flex; align-items: center; justify-content: center; gap: 8px; box-shadow: 0 1px 3px 0 rgba(0, 0, 0, 0.1), 0 1px 2px -1px rgba(0, 0, 0, 0.1); position: relative; outline-color: none; outline-style: none; outline-width: initial;"[39m
@qbs-autonaim/recruitment-assistant-extension:test:   [33mtype[39m=[32m"button"[39m
@qbs-autonaim/recruitment-assistant-extension:test: [36m>[39m
@qbs-autonaim/recruitment-assistant-extension:test:   [36m<svg[39m
@qbs-autonaim/recruitment-assistant-extension:test:     [33maria-hidden[39m=[32m"true"[39m
@qbs-autonaim/recruitment-assistant-extension:test:     [33mfill[39m=[32m"none"[39m
@qbs-autonaim/recruitment-assistant-extension:test:     [33mrole[39m=[32m"presentation"[39m
@qbs-autonaim/recruitment-assistant-extension:test:     [33mstyle[39m=[32m"width: 16px; height: 16px; animation: spin 1s linear infinite; flex-shrink: 0;"[39m
@qbs-autonaim/recruitment-assistant-extension:test:     [33mviewBox[39m=[32m"0 0 24 24"[39m
@qbs-autonaim/recruitment-assistant-extension:test:   [36m>[39m
@qbs-autonaim/recruitment-assistant-extension:test:     [36m<circle[39m
@qbs-autonaim/recruitment-assistant-extension:test:       [33mcx[39m=[32m"12"[39m
@qbs-autonaim/recruitment-assistant-extension:test:       [33mcy[39m=[32m"12"[39m
@qbs-autonaim/recruitment-assistant-extension:test:       [33mr[39m=[32m"10"[39m
@qbs-autonaim/recruitment-assistant-extension:test:       [33mstroke[39m=[32m"currentColor"[39m
@qbs-autonaim/recruitment-assistant-extension:test:       [33mstroke-opacity[39m=[32m"0.25"[39m
@qbs-autonaim/recruitment-assistant-extension:test:       [33mstroke-width[39m=[32m"4"[39m
@qbs-autonaim/recruitment-assistant-extension:test:     [36m/>[39m
@qbs-autonaim/recruitment-assistant-extension:test:     [36m<path[39m
@qbs-autonaim/recruitment-assistant-extension:test:       [33md[39m=[32m"M4 12a8 8 0 018-8V0C5.373 0 0 5.373 0 12h4zm2 5.291A7.962 7.962 0 014 12H0c0 3.042 1.135 5.824 3 7.938l3-2.647z"[39m
@qbs-autonaim/recruitment-assistant-extension:test:       [33mfill[39m=[32m"currentColor"[39m
@qbs-autonaim/recruitment-assistant-extension:test:       [33mopacity[39m=[32m"0.75"[39m
@qbs-autonaim/recruitment-assistant-extension:test:     [36m/>[39m
@qbs-autonaim/recruitment-assistant-extension:test:   [36m</svg>[39m
@qbs-autonaim/recruitment-assistant-extension:test:   [36m<span[39m
@qbs-autonaim/recruitment-assistant-extension:test:     [33mstyle[39m=[32m"white-space: nowrap;"[39m
@qbs-autonaim/recruitment-assistant-extension:test:   [36m>[39m
@qbs-autonaim/recruitment-assistant-extension:test:     [0m╨Ш╨╖╨▓╨╗╨╡╤З╨╡╨╜╨╕╨╡ ╨┤╨░╨╜╨╜╤Л╤ЕтАж[0m
@qbs-autonaim/recruitment-assistant-extension:test:   [36m</span>[39m
@qbs-autonaim/recruitment-assistant-extension:test: [36m</button>[39m
@qbs-autonaim/recruitment-assistant-extension:test: 
@qbs-autonaim/recruitment-assistant-extension:test: Ignored nodes: comments, script, style
@qbs-autonaim/recruitment-assistant-extension:test: [36m<button[39m
@qbs-autonaim/recruitment-assistant-extension:test:   [33maria-busy[39m=[32m"false"[39m
@qbs-autonaim/recruitment-assistant-extension:test:   [33maria-label[39m=[32m"╨Ш╨╖╨▓╨╗╨╡╤З╤М ╨┤╨░╨╜╨╜╤Л╨╡ ╨┐╤А╨╛╤Д╨╕╨╗╤П ╨║╨░╨╜╨┤╨╕╨┤╨░╤В╨░"[39m
@qbs-autonaim/recruitment-assistant-extension:test:   [33maria-live[39m=[32m"polite"[39m
@qbs-autonaim/recruitment-assistant-extension:test:   [33mstyle[39m=[32m"min-width: 44px; min-height: 44px; padding: 12px 24px; font-size: 16px; font-weight: 500; color: #ffffff; background-color: #2563eb; border: none none; border-radius: 8px; cursor: pointer; touch-action: manipulation; transition: background-color 0.2s ease, transform 0.1s ease, box-shadow 0.2s ease; display: flex; align-items: center; justify-content: center; gap: 8px; box-shadow: 0 1px 3px 0 rgba(0, 0, 0, 0.1), 0 1px 2px -1px rgba(0, 0, 0, 0.1); position: relative; outline-color: none; outline-style: none; outline-width: initial;"[39m
@qbs-autonaim/recruitment-assistant-extension:test:   [33mtype[39m=[32m"button"[39m
@qbs-autonaim/recruitment-assistant-extension:test: [36m>[39m
@qbs-autonaim/recruitment-assistant-extension:test:   [36m<span[39m
@qbs-autonaim/recruitment-assistant-extension:test:     [33mstyle[39m=[32m"white-space: nowrap;"[39m
@qbs-autonaim/recruitment-assistant-extension:test:   [36m>[39m
@qbs-autonaim/recruitment-assistant-extension:test:     [0m╨Ш╨╖╨▓╨╗╨╡╤З╤М ╨┤╨░╨╜╨╜╤Л╨╡[0m
@qbs-autonaim/recruitment-assistant-extension:test:   [36m</span>[39m
@qbs-autonaim/recruitment-assistant-extension:test: [36m</button>[39m
@qbs-autonaim/recruitment-assistant-extension:test: 
@qbs-autonaim/recruitment-assistant-extension:test: Ignored nodes: comments, script, style
@qbs-autonaim/recruitment-assistant-extension:test: [36m<button[39m
@qbs-autonaim/recruitment-assistant-extension:test:   [33maria-busy[39m=[32m"false"[39m
@qbs-autonaim/recruitment-assistant-extension:test:   [33maria-label[39m=[32m"╨Ш╨╖╨▓╨╗╨╡╤З╤М ╨┤╨░╨╜╨╜╤Л╨╡ ╨┐╤А╨╛╤Д╨╕╨╗╤П ╨║╨░╨╜╨┤╨╕╨┤╨░╤В╨░"[39m
@qbs-autonaim/recruitment-assistant-extension:test:   [33maria-live[39m=[32m"polite"[39m
@qbs-autonaim/recruitment-assistant-extension:test:   [33mstyle[39m=[32m"min-width: 44px; min-height: 44px; padding: 12px 24px; font-size: 16px; font-weight: 500; color: #ffffff; background-color: #2563eb; border: none none; border-radius: 8px; cursor: pointer; touch-action: manipulation; transition: background-color 0.2s ease, transform 0.1s ease, box-shadow 0.2s ease; display: flex; align-items: center; justify-content: center; gap: 8px; box-shadow: 0 1px 3px 0 rgba(0, 0, 0, 0.1), 0 1px 2px -1px rgba(0, 0, 0, 0.1); position: relative; outline-color: none; outline-style: none; outline-width: initial;"[39m
@qbs-autonaim/recruitment-assistant-extension:test:   [33mtype[39m=[32m"button"[39m
@qbs-autonaim/recruitment-assistant-extension:test: [36m>[39m
@qbs-autonaim/recruitment-assistant-extension:test:   [36m<span[39m
@qbs-autonaim/recruitment-assistant-extension:test:     [33mstyle[39m=[32m"white-space: nowrap;"[39m
@qbs-autonaim/recruitment-assistant-extension:test:   [36m>[39m
@qbs-autonaim/recruitment-assistant-extension:test:     [0m╨Ш╨╖╨▓╨╗╨╡╤З╤М ╨┤╨░╨╜╨╜╤Л╨╡[0m
@qbs-autonaim/recruitment-assistant-extension:test:   [36m</span>[39m
@qbs-autonaim/recruitment-assistant-extension:test: [36m</button>[39m
@qbs-autonaim/recruitment-assistant-extension:test: 
@qbs-autonaim/recruitment-assistant-extension:test: Ignored nodes: comments, script, style
@qbs-autonaim/recruitment-assistant-extension:test: [36m<button[39m
@qbs-autonaim/recruitment-assistant-extension:test:   [33maria-busy[39m=[32m"false"[39m
@qbs-autonaim/recruitment-assistant-extension:test:   [33maria-label[39m=[32m"╨Ш╨╖╨▓╨╗╨╡╤З╤М ╨┤╨░╨╜╨╜╤Л╨╡ ╨┐╤А╨╛╤Д╨╕╨╗╤П ╨║╨░╨╜╨┤╨╕╨┤╨░╤В╨░"[39m
@qbs-autonaim/recruitment-assistant-extension:test:   [33maria-live[39m=[32m"polite"[39m
@qbs-autonaim/recruitment-assistant-extension:test:   [33mstyle[39m=[32m"min-width: 44px; min-height: 44px; padding: 12px 24px; font-size: 16px; font-weight: 500; color: #ffffff; background-color: #2563eb; border: none none; border-radius: 8px; cursor: pointer; touch-action: manipulation; transition: background-color 0.2s ease, transform 0.1s ease, box-shadow 0.2s ease; display: flex; align-items: center; justify-content: center; gap: 8px; box-shadow: 0 1px 3px 0 rgba(0, 0, 0, 0.1), 0 1px 2px -1px rgba(0, 0, 0, 0.1); position: relative; outline-color: none; outline-style: none; outline-width: initial;"[39m
@qbs-autonaim/recruitment-assistant-extension:test:   [33mtype[39m=[32m"button"[39m
@qbs-autonaim/recruitment-assistant-extension:test: [36m>[39m
@qbs-autonaim/recruitment-assistant-extension:test:   [36m<span[39m
@qbs-autonaim/recruitment-assistant-extension:test:     [33mstyle[39m=[32m"white-space: nowrap;"[39m
@qbs-autonaim/recruitment-assistant-extension:test:   [36m>[39m
@qbs-autonaim/recruitment-assistant-extension:test:     [0m╨Ш╨╖╨▓╨╗╨╡╤З╤М ╨┤╨░╨╜╨╜╤Л╨╡[0m
@qbs-autonaim/recruitment-assistant-extension:test:   [36m</span>[39m
@qbs-autonaim/recruitment-assistant-extension:test: [36m</button>[39m
@qbs-autonaim/recruitment-assistant-extension:test: 
@qbs-autonaim/recruitment-assistant-extension:test: Ignored nodes: comments, script, style
@qbs-autonaim/recruitment-assistant-extension:test: [36m<button[39m
@qbs-autonaim/recruitment-assistant-extension:test:   [33maria-busy[39m=[32m"false"[39m
@qbs-autonaim/recruitment-assistant-extension:test:   [33maria-label[39m=[32m"╨Ш╨╖╨▓╨╗╨╡╤З╤М ╨┤╨░╨╜╨╜╤Л╨╡ ╨┐╤А╨╛╤Д╨╕╨╗╤П ╨║╨░╨╜╨┤╨╕╨┤╨░╤В╨░"[39m
@qbs-autonaim/recruitment-assistant-extension:test:   [33maria-live[39m=[32m"polite"[39m
@qbs-autonaim/recruitment-assistant-extension:test:   [33mstyle[39m=[32m"min-width: 44px; min-height: 44px; padding: 12px 24px; font-size: 16px; font-weight: 500; color: #ffffff; background-color: #2563eb; border: none none; border-radius: 8px; cursor: pointer; touch-action: manipulation; transition: background-color 0.2s ease, transform 0.1s ease, box-shadow 0.2s ease; display: flex; align-items: center; justify-content: center; gap: 8px; box-shadow: 0 1px 3px 0 rgba(0, 0, 0, 0.1), 0 1px 2px -1px rgba(0, 0, 0, 0.1); position: relative; outline-color: none; outline-style: none; outline-width: initial;"[39m
@qbs-autonaim/recruitment-assistant-extension:test:   [33mtype[39m=[32m"button"[39m
@qbs-autonaim/recruitment-assistant-extension:test: [36m>[39m
@qbs-autonaim/recruitment-assistant-extension:test:   [36m<span[39m
@qbs-autonaim/recruitment-assistant-extension:test:     [33mstyle[39m=[32m"white-space: nowrap;"[39m
@qbs-autonaim/recruitment-assistant-extension:test:   [36m>[39m
@qbs-autonaim/recruitment-assistant-extension:test:     [0m╨Ш╨╖╨▓╨╗╨╡╤З╤М ╨┤╨░╨╜╨╜╤Л╨╡[0m
@qbs-autonaim/recruitment-assistant-extension:test:   [36m</span>[39m
@qbs-autonaim/recruitment-assistant-extension:test: [36m</button>[39m
@qbs-autonaim/recruitment-assistant-extension:test: 
@qbs-autonaim/recruitment-assistant-extension:test: Ignored nodes: comments, script, style
@qbs-autonaim/recruitment-assistant-extension:test: [36m<button[39m
@qbs-autonaim/recruitment-assistant-extension:test:   [33maria-busy[39m=[32m"false"[39m
@qbs-autonaim/recruitment-assistant-extension:test:   [33maria-label[39m=[32m"╨Ш╨╖╨▓╨╗╨╡╤З╤М ╨┤╨░╨╜╨╜╤Л╨╡ ╨┐╤А╨╛╤Д╨╕╨╗╤П ╨║╨░╨╜╨┤╨╕╨┤╨░╤В╨░"[39m
@qbs-autonaim/recruitment-assistant-extension:test:   [33maria-live[39m=[32m"polite"[39m
@qbs-autonaim/recruitment-assistant-extension:test:   [33mstyle[39m=[32m"min-width: 44px; min-height: 44px; padding: 12px 24px; font-size: 16px; font-weight: 500; color: #ffffff; background-color: #2563eb; border: none none; border-radius: 8px; cursor: pointer; touch-action: manipulation; transition: background-color 0.2s ease, transform 0.1s ease, box-shadow 0.2s ease; display: flex; align-items: center; justify-content: center; gap: 8px; box-shadow: 0 1px 3px 0 rgba(0, 0, 0, 0.1), 0 1px 2px -1px rgba(0, 0, 0, 0.1); position: relative; outline-color: none; outline-style: none; outline-width: initial;"[39m
@qbs-autonaim/recruitment-assistant-extension:test:   [33mtype[39m=[32m"button"[39m
@qbs-autonaim/recruitment-assistant-extension:test: [36m>[39m
@qbs-autonaim/recruitment-assistant-extension:test:   [36m<span[39m
@qbs-autonaim/recruitment-assistant-extension:test:     [33mstyle[39m=[32m"white-space: nowrap;"[39m
@qbs-autonaim/recruitment-assistant-extension:test:   [36m>[39m
@qbs-autonaim/recruitment-assistant-extension:test:     [0m╨Ш╨╖╨▓╨╗╨╡╤З╤М ╨┤╨░╨╜╨╜╤Л╨╡[0m
@qbs-autonaim/recruitment-assistant-extension:test:   [36m</span>[39m
@qbs-autonaim/recruitment-assistant-extension:test: [36m</button>[39m
@qbs-autonaim/recruitment-assistant-extension:test: 
@qbs-autonaim/recruitment-assistant-extension:test: (If this is intentional, then use the `*AllBy*` variant of the query (like `queryAllByText`, `getAllByText`, or `findAllByText`)).
@qbs-autonaim/recruitment-assistant-extension:test: 
@qbs-autonaim/recruitment-assistant-extension:test: Ignored nodes: comments, script, style
@qbs-autonaim/recruitment-assistant-extension:test: [36m<body>[39m
@qbs-autonaim/recruitment-assistant-extension:test:   [0m
@qbs-autonaim/recruitment-assistant-extension:test:         [0m
@qbs-autonaim/recruitment-assistant-extension:test:   [36m<h1[39m
@qbs-autonaim/recruitment-assistant-extension:test:     [33mclass[39m=[32m"text-heading-xlarge"[39m
@qbs-autonaim/recruitment-assistant-extension:test:   [36m>[39m
@qbs-autonaim/recruitment-assistant-extension:test:     [0m╨Ш╨▓╨░╨╜ ╨Ш╨▓╨░╨╜╨╛╨▓[0m
@qbs-autonaim/recruitment-assistant-extension:test:   [36m</h1>[39m
@qbs-autonaim/recruitment-assistant-extension:test:   [0m
@qbs-autonaim/recruitment-assistant-extension:test:         [0m
@qbs-autonaim/recruitment-assistant-extension:test:   [36m<div[39m
@qbs-autonaim/recruitment-assistant-extension:test:     [33mclass[39m=[32m"text-body-medium"[39m
@qbs-autonaim/recruitment-assistant-extension:test:   [36m>[39m
@qbs-autonaim/recruitment-assistant-extension:test:     [0mSenior Developer[0m
@qbs-autonaim/recruitment-assistant-extension:test:   [36m</div>[39m
@qbs-autonaim/recruitment-assistant-extension:test:   [0m
@qbs-autonaim/recruitment-assistant-extension:test:         [0m
@qbs-autonaim/recruitment-assistant-extension:test:   [36m<span[39m
@qbs-autonaim/recruitment-assistant-extension:test:     [33mclass[39m=[32m"text-body-small inline"[39m
@qbs-autonaim/recruitment-assistant-extension:test:   [36m>[39m
@qbs-autonaim/recruitment-assistant-extension:test:     [0m╨Ь╨╛╤Б╨║╨▓╨░, ╨а╨╛╤Б╤Б╨╕╤П[0m
@qbs-autonaim/recruitment-assistant-extension:test:   [36m</span>[39m
@qbs-autonaim/recruitment-assistant-extension:test:   [0m
@qbs-autonaim/recruitment-assistant-extension:test:         [0m
@qbs-autonaim/recruitment-assistant-extension:test:   [36m<img[39m
@qbs-autonaim/recruitment-assistant-extension:test:     [33mclass[39m=[32m"pv-top-card-profile-picture__image"[39m
@qbs-autonaim/recruitment-assistant-extension:test:     [33msrc[39m=[32m"https://example.com/photo.jpg"[39m
@qbs-autonaim/recruitment-assistant-extension:test:   [36m/>[39m
@qbs-autonaim/recruitment-assistant-extension:test:   [0m
@qbs-autonaim/recruitment-assistant-extension:test:         
@qbs-autonaim/recruitment-assistant-extension:test:         [0m
@qbs-autonaim/recruitment-assistant-extension:test:   [36m<section[39m
@qbs-autonaim/recruitment-assistant-extension:test:     [33mid[39m=[32m"experience"[39m
@qbs-autonaim/recruitment-assistant-extension:test:   [36m>[39m
@qbs-autonaim/recruitment-assistant-extension:test:     [0m
@qbs-autonaim/recruitment-assistant-extension:test:           [0m
@qbs-autonaim/recruitment-assistant-extension:test:     [36m<ul>[39m
@qbs-autonaim/recruitment-assistant-extension:test:       [0m
@qbs-autonaim/recruitment-assistant-extension:test:             [0m
@qbs-autonaim/recruitment-assistant-extension:test:       [36m<li[39m
@qbs-autonaim/recruitment-assistant-extension:test:         [33mclass[39m=[32m"artdeco-list__item"[39m
@qbs-autonaim/app:test: 344 |             spacing: config.spacingInner
@qbs-autonaim/app:test: 345 |           },
@qbs-autonaim/recruitment-assistant-extension:test:       [36m>[39m
@qbs-autonaim/recruitment-assistant-extension:test:         [0m
@qbs-autonaim/recruitment-assistant-extension:test:               [0m
@qbs-autonaim/recruitment-assistant-extension:test:         [36m<div[39m
@qbs-autonaim/app:test: 346 |           config.colors
@qbs-autonaim/app:test: 347 |         );
@qbs-autonaim/app:test: 348 |   } catch (error) {
@qbs-autonaim/app:test: 349 |     throw new PrettyFormatPluginError(error.message, error.stack);
@qbs-autonaim/recruitment-assistant-extension:test:           [33mclass[39m=[32m"display-flex"[39m
@qbs-autonaim/recruitment-assistant-extension:test:         [36m>[39m
@qbs-autonaim/recruitment-assistant-extension:test:           [0m
@qbs-autonaim/recruitment-assistant-extension:test:                 [0m
@qbs-autonaim/app:test:                                                                       ^
@qbs-autonaim/app:test: PrettyFormatPluginError: undefined is not a constructor (evaluating 'new this.window.SyntaxError(`Failed to execute 'querySelectorAll' on '${name}': '${selector}' is not a valid selector.`)')
@qbs-autonaim/app:test:       at printPlugin (C:\Projects\kwork\selectio\node_modules\pretty-format\build\index.js:349:65)
@qbs-autonaim/app:test:       at prettyDOM (C:\Projects\kwork\selectio\node_modules\@testing-library\dom\dist\pretty-dom.js:80:37)
@qbs-autonaim/recruitment-assistant-extension:test:           [36m<span[39m
@qbs-autonaim/recruitment-assistant-extension:test:             [33maria-hidden[39m=[32m"true"[39m
@qbs-autonaim/recruitment-assistant-extension:test:           [36m>[39m
@qbs-autonaim/app:test:       at getElementError (C:\Projects\kwork\selectio\node_modules\@testing-library\dom\dist\config.js:36:42)
@qbs-autonaim/app:test:       at onTimeout (C:\Projects\kwork\selectio\node_modules\@testing-library\dom\dist\wait-for.js:22:39)
@qbs-autonaim/app:test:       at handleTimeout (C:\Projects\kwork\selectio\node_modules\@testing-library\dom\dist\wait-for.js:156:14)
@qbs-autonaim/recruitment-assistant-extension:test:             [0mSenior Developer[0m
@qbs-autonaim/recruitment-assistant-extension:test:           [36m</span>[39m
@qbs-autonaim/recruitment-assistant-extension:test:           [0m
@qbs-autonaim/recruitment-assistant-extension:test:               [0m
@qbs-autonaim/recruitment-assistant-extension:test:         [36m</div>[39m
@qbs-autonaim/recruitment-assistant-extension:test:         [0m
@qbs-autonaim/recruitment-assistant-extension:test:               [0m
@qbs-autonaim/recruitment-assistant-extension:test:         [36m<span[39m
@qbs-autonaim/recruitment-assistant-extension:test:           [33mclass[39m=[32m"t-14 t-normal"[39m
@qbs-autonaim/recruitment-assistant-extension:test:         [36m>[39m
@qbs-autonaim/recruitment-assistant-extension:test:           [0m
@qbs-autonaim/recruitment-assistant-extension:test:                 [0m
@qbs-autonaim/recruitment-assistant-extension:test:           [36m<span[39m
@qbs-autonaim/recruitment-assistant-extension:test:             [33maria-hidden[39m=[32m"true"[39m
@qbs-autonaim/recruitment-assistant-extension:test:           [36m>[39m
@qbs-autonaim/recruitment-assistant-extension:test:             [0mTech Company[0m
@qbs-autonaim/recruitment-assistant-extension:test:           [36m</span>[39m
@qbs-autonaim/recruitment-assistant-extension:test:           [0m
@qbs-autonaim/recruitment-assistant-extension:test:               [0m
@qbs-autonaim/recruitment-assistant-extension:test:         [36m</span>[39m
@qbs-autonaim/recruitment-assistant-extension:test:         [0m
@qbs-autonaim/recruitment-assistant-extension:test:               [0m
@qbs-autonaim/recruitment-assistant-extension:test:         [36m<span[39m
@qbs-autonaim/app:test: (fail) ArchivedVacanciesSelector > ╨┤╨╛╨╗╨╢╨╡╨╜ ╨╛╤В╨╛╨▒╤А╨░╨╢╨░╤В╤М ╤Б╨╛╨╛╨▒╤Й╨╡╨╜╨╕╨╡ ╨╛╨▒ ╨╛╤И╨╕╨▒╨║╨╡ [1015.00ms]
@qbs-autonaim/recruitment-assistant-extension:test:           [33mclass[39m=[32m"t-14 t-normal t-black--light"[39m
@qbs-autonaim/recruitment-assistant-extension:test:         [36m>[39m
@qbs-autonaim/recruitment-assistant-extension:test:           [0m
@qbs-autonaim/recruitment-assistant-extension:test:                 [0m
@qbs-autonaim/recruitment-assistant-extension:test:           [36m<span[39m
@qbs-autonaim/recruitment-assistant-extension:test:             [33maria-hidden[39m=[32m"true"[39m
@qbs-autonaim/recruitment-assistant-extension:test:           [36m>[39m
@qbs-autonaim/recruitment-assistant-extension:test:             [0m2020 тАУ ╨┐╨╛ ╨╜╨░╤Б╤В╨╛╤П╤Й╨╡╨╡ ╨▓╤А╨╡╨╝╤П[0m
@qbs-autonaim/recruitment-assistant-extension:test:           [36m</span>[39m
@qbs-autonaim/recruitment-assistant-extension:test:           [0m
@qbs-autonaim/recruitment-assistant-extension:test:               [0m
@qbs-autonaim/recruitment-assistant-extension:test:         [36m</span>[39m
@qbs-autonaim/recruitment-assistant-extension:test:         [0m
@qbs-autonaim/recruitment-assistant-extension:test:               [0m
@qbs-autonaim/recruitment-assistant-extension:test:         [36m<div[39m
@qbs-autonaim/recruitment-assistant-extension:test:           [33mclass[39m=[32m"display-flex full-width"[39m
@qbs-autonaim/recruitment-assistant-extension:test:         [36m>[39m
@qbs-autonaim/recruitment-assistant-extension:test:           [0m
@qbs-autonaim/recruitment-assistant-extension:test:                 [0m
@qbs-autonaim/recruitment-assistant-extension:test:           [36m<span[39m
@qbs-autonaim/recruitment-assistant-extension:test:             [33maria-hidden[39m=[32m"true"[39m
@qbs-autonaim/recruitment-assistant-extension:test:           [36m>[39m
@qbs-autonaim/recruitment-assistant-extension:test:             [0m╨а╨░╨╖╤А╨░╨▒╨╛╤В╨║╨░[0m
@qbs-autonaim/recruitment-assistant-extension:test:           [36m</span>[39m
@qbs-autonaim/recruitment-assistant-extension:test:           [0m
@qbs-autonaim/recruitment-assistant-extension:test:               [0m
@qbs-autonaim/recruitment-assistant-extension:test:         [36m</div>[39m
@qbs-autonaim/recruitment-assistant-extension:test:         [0m
@qbs-autonaim/recruitment-assistant-extension:test:             [0m
@qbs-autonaim/recruitment-assistant-extension:test:       [36m</li>[39m
@qbs-autonaim/recruitment-assistant-extension:test:       [0m
@qbs-autonaim/recruitment-assistant-extension:test:           [0m
@qbs-autonaim/recruitment-assistant-extension:test:     [36m</ul>[39m
@qbs-autonaim/recruitment-assistant-extension:test:     [0m
@qbs-autonaim/recruitment-assistant-extension:test:         [0m
@qbs-autonaim/recruitment-assistant-extension:test:   [36m</section>[39m
@qbs-autonaim/recruitment-assistant-extension:test:   [0m
@qbs-autonaim/recruitment-assistant-extension:test:         
@qbs-autonaim/recruitment-assistant-extension:test:         [0m
@qbs-autonaim/recruitment-assistant-extension:test:   [36m<section[39m
@qbs-autonaim/recruitment-assistant-extension:test:     [33mid[39m=[32m"education"[39m
@qbs-autonaim/recruitment-assistant-extension:test:   [36m>[39m
@qbs-autonaim/recruitment-assistant-extension:test:     [0m
@qbs-autonaim/recruitment-assistant-extension:test:           [0m
@qbs-autonaim/recruitment-assistant-extension:test:     [36m<ul>[39m
@qbs-autonaim/recruitment-assistant-extension:test:       [0m
@qbs-autonaim/recruitment-assistant-extension:test:             [0m
@qbs-autonaim/recruitment-assistant-extension:test:       [36m<li[39m
@qbs-autonaim/recruitment-assistant-extension:test:         [33mclass[39m=[32m"artdeco-list__item"[39m
@qbs-autonaim/recruitment-assistant-extension:test:       [36m>[39m
@qbs-autonaim/recruitment-assistant-extension:test:         [0m
@qbs-autonaim/recruitment-assistant-extension:test:               [0m
@qbs-autonaim/recruitment-assistant-extension:test:         [36m<div[39m
@qbs-autonaim/recruitment-assistant-extension:test:           [33mclass[39m=[32m"display-flex"[39m
@qbs-autonaim/recruitment-assistant-extension:test:         [36m>[39m
@qbs-autonaim/recruitment-assistant-extension:test:           [0m
@qbs-autonaim/recruitment-assistant-extension:test:                 [0m
@qbs-autonaim/recruitment-assistant-extension:test:           [36m<span[39m
@qbs-autonaim/recruitment-assistant-extension:test:             [33maria-hidden[39m=[32m"true"[39m
@qbs-autonaim/recruitment-assistant-extension:test:           [36m>[39m
@qbs-autonaim/recruitment-assistant-extension:test:             [0m╨Ь╨У╨г[0m
@qbs-autonaim/recruitment-assistant-extension:test:           [36m</span>[39m
@qbs-autonaim/recruitment-assistant-extension:test:           [0m
@qbs-autonaim/recruitment-assistant-extension:test:               [0m
@qbs-autonaim/recruitment-assistant-extension:test:         [36m</div>[39m
@qbs-autonaim/recruitment-assistant-extension:test:         [0m
@qbs-autonaim/recruitment-assistant-extension:test:               [0m
@qbs-autonaim/recruitment-assistant-extension:test:         [36m<span[39m
@qbs-autonaim/recruitment-assistant-extension:test:           [33mclass[39m=[32m"t-14 t-normal"[39m
@qbs-autonaim/recruitment-assistant-extension:test:         [36m>[39m
@qbs-autonaim/recruitment-assistant-extension:test:           [0m
@qbs-autonaim/recruitment-assistant-extension:test:                 [0m
@qbs-autonaim/recruitment-assistant-extension:test:           [36m<span[39m
@qbs-autonaim/recruitment-assistant-extension:test:             [33maria-hidden[39m=[32m"true"[39m
@qbs-autonaim/recruitment-assistant-extension:test:           [36m>[39m
@qbs-autonaim/recruitment-assistant-extension:test:             [0m╨С╨░╨║╨░╨╗╨░╨▓╤А[0m
@qbs-autonaim/recruitment-assistant-extension:test:           [36m</span>[39m
@qbs-autonaim/recruitment-assistant-extension:test:           [0m
@qbs-autonaim/recruitment-assistant-extension:test:               [0m
@qbs-autonaim/recruitment-assistant-extension:test:         [36m</span>[39m
@qbs-autonaim/recruitment-assistant-extension:test:         [0m
@qbs-autonaim/recruitment-assistant-extension:test:               [0m
@qbs-autonaim/recruitment-assistant-extension:test:         [36m<span[39m
@qbs-autonaim/recruitment-assistant-extension:test:           [33mclass[39m=[32m"t-14 t-normal t-black--light"[39m
@qbs-autonaim/recruitment-assistant-extension:test:         [36m>[39m
@qbs-autonaim/recruitment-assistant-extension:test:           [0m
@qbs-autonaim/recruitment-assistant-extension:test:                 [0m
@qbs-autonaim/recruitment-assistant-extension:test:           [36m<span[39m
@qbs-autonaim/recruitment-assistant-extension:test:             [33maria-hidden[39m=[32m"true"[39m
@qbs-autonaim/recruitment-assistant-extension:test:           [36m>[39m
@qbs-autonaim/recruitment-assistant-extension:test:             [0m╨Ш╨╜╤Д╨╛╤А╨╝╨░╤В╨╕╨║╨░[0m
@qbs-autonaim/recruitment-assistant-extension:test:           [36m</span>[39m
@qbs-autonaim/recruitment-assistant-extension:test:           [0m
@qbs-autonaim/recruitment-assistant-extension:test:               [0m
@qbs-autonaim/recruitment-assistant-extension:test:         [36m</span>[39m
@qbs-autonaim/recruitment-assistant-extension:test:         [0m
@qbs-autonaim/recruitment-assistant-extension:test:               [0m
@qbs-autonaim/recruitment-assistant-extension:test:         [36m<span[39m
@qbs-autonaim/recruitment-assistant-extension:test:           [33mclass[39m=[32m"t-14 t-normal t-black--light"[39m
@qbs-autonaim/recruitment-assistant-extension:test:         [36m>[39m
@qbs-autonaim/recruitment-assistant-extension:test:           [0m
@qbs-autonaim/recruitment-assistant-extension:test:                 [0m
@qbs-autonaim/recruitment-assistant-extension:test:           [36m<span[39m
@qbs-autonaim/recruitment-assistant-extension:test:             [33maria-hidden[39m=[32m"true"[39m
@qbs-autonaim/recruitment-assistant-extension:test:           [36m>[39m
@qbs-autonaim/recruitment-assistant-extension:test:             [0m2015 тАУ 2019[0m
@qbs-autonaim/recruitment-assistant-extension:test:           [36m</span>[39m
@qbs-autonaim/recruitment-assistant-extension:test:           [0m
@qbs-autonaim/recruitment-assistant-extension:test:               [0m
@qbs-autonaim/recruitment-assistant-extension:test:         [36m</span>[39m
@qbs-autonaim/recruitment-assistant-extension:test:         [0m
@qbs-autonaim/recruitment-assistant-extension:test:             [0m
@qbs-autonaim/recruitment-assistant-extension:test:       [36m</li>[39m
@qbs-autonaim/recruitment-assistant-extension:test:       [0m
@qbs-autonaim/recruitment-assistant-extension:test:           [0m
@qbs-autonaim/recruitment-assistant-extension:test:     [36m</ul>[39m
@qbs-autonaim/recruitment-assistant-extension:test:     [0m
@qbs-autonaim/recruitment-assistant-extension:test:         [0m
@qbs-autonaim/recruitment-assistant-extension:test:   [36m</section>[39m
@qbs-autonaim/recruitment-assistant-extension:test:   [0m
@qbs-autonaim/recruitment-assistant-extension:test:         
@qbs-autonaim/recruitment-assistant-extension:test:         [0m
@qbs-autonaim/recruitment-assistant-extension:test:   [36m<section[39m
@qbs-autonaim/recruitment-assistant-extension:test:     [33mid[39m=[32m"skills"[39m
@qbs-autonaim/recruitment-assistant-extension:test:   [36m>[39m
@qbs-autonaim/recruitment-assistant-extension:test:     [0m
@qbs-autonaim/recruitment-assistant-extension:test:           [0m
@qbs-autonaim/recruitment-assistant-extension:test:     [36m<span[39m
@qbs-autonaim/recruitment-assistant-extension:test:       [33maria-hidden[39m=[32m"true"[39m
@qbs-autonaim/recruitment-assistant-extension:test:     [36m>[39m
@qbs-autonaim/recruitment-assistant-extension:test:       [0mTypeScript[0m
@qbs-autonaim/recruitment-assistant-extension:test:     [36m</span>[39m
@qbs-autonaim/recruitment-assistant-extension:test:     [0m
@qbs-autonaim/recruitment-assistant-extension:test:           [0m
@qbs-autonaim/recruitment-assistant-extension:test:     [36m<span[39m
@qbs-autonaim/recruitment-assistant-extension:test:       [33maria-hidden[39m=[32m"true"[39m
@qbs-autonaim/recruitment-assistant-extension:test:     [36m>[39m
@qbs-autonaim/recruitment-assistant-extension:test:       [0mReact[0m
@qbs-autonaim/recruitment-assistant-extension:test:     [36m</span>[39m
@qbs-autonaim/recruitment-assistant-extension:test:     [0m
@qbs-autonaim/recruitment-assistant-extension:test:         [0m
@qbs-autonaim/recruitment-assistant-extension:test:   [36m</section>[39m
@qbs-autonaim/recruitment-assistant-extension:test:   [0m
@qbs-autonaim/recruitment-assistant-extension:test:         
@qbs-autonaim/recruitment-assistant-extension:test:         [0m
@qbs-autonaim/recruitment-assistant-extension:test:   [36m<section[39m
@qbs-autonaim/recruitment-assistant-extension:test:     [33mclass[39m=[32m"pv-contact-info"[39m
@qbs-autonaim/recruitment-assistant-extension:test:   [36m>[39m
@qbs-autonaim/recruitment-assistant-extension:test:     [0m
@qbs-autonaim/recruitment-assistant-extension:test:           [0m
@qbs-autonaim/recruitment-assistant-extension:test:     [36m<a[39m
@qbs-autonaim/recruitment-assistant-extension:test:       [33mhref[39m=[32m"mailto:ivan@example.com"[39m
@qbs-autonaim/recruitment-assistant-extension:test:     [36m>[39m
@qbs-autonaim/recruitment-assistant-extension:test:       [0mEmail[0m
@qbs-autonaim/recruitment-assistant-extension:test:     [36m</a>[39m
@qbs-autonaim/recruitment-assistant-extension:test:     [0m
@qbs-autonaim/recruitment-assistant-extension:test:           [0m
@qbs-autonaim/recruitment-assistant-extension:test:     [36m<span[39m
@qbs-autonaim/recruitment-assistant-extension:test:       [33mclass[39m=[32m"t-14 t-black t-normal"[39m
@qbs-autonaim/recruitment-assistant-extension:test:     [36m>[39m
@qbs-autonaim/recruitment-assistant-extension:test:       [0m+7 (999) 123-45-67[0m
@qbs-autonaim/recruitment-assistant-extension:test:     [36m</span>[39m
@qbs-autonaim/recruitment-assistant-extension:test:     [0m
@qbs-autonaim/recruitment-assistant-extension:test:         [0m
@qbs-autonaim/recruitment-assistant-extension:test:   [36m</section>[39m
@qbs-autonaim/recruitment-assistant-extension:test:   [0m
@qbs-autonaim/recruitment-assistant-extension:test:       [0m
@qbs-autonaim/recruitment-assistant-extension:test:   [36m<div>[39m
@qbs-autonaim/recruitment-assistant-extension:test:     [36m<button[39m
@qbs-autonaim/recruitment-assistant-extension:test:       [33maria-busy[39m=[32m"false"[39m
@qbs-autonaim/recruitment-assistant-extension:test:       [33maria-label[39m=[32m"╨Ш╨╖╨▓╨╗╨╡╤З╤М ╨┤╨░╨╜╨╜╤Л╨╡ ╨┐╤А╨╛╤Д╨╕╨╗╤П ╨║╨░╨╜╨┤╨╕╨┤╨░╤В╨░"[39m
@qbs-autonaim/recruitment-assistant-extension:test:       [33maria-live[39m=[32m"polite"[39m
@qbs-autonaim/recruitment-assistant-extension:test:       [33mstyle[39m=[32m"min-width: 44px; min-height: 44px; padding: 12px 24px; font-size: 16px; font-weight: 500; color: #ffffff; background-color: #2563eb; border: none none; border-radius: 8px; cursor: pointer; touch-action: manipulation; transition: background-color 0.2s ease, transform 0.1s ease, box-shadow 0.2s ease; display: flex; align-items: center; justify-content: center; gap: 8px; box-shadow: 0 1px 3px 0 rgba(0, 0, 0, 0.1), 0 1px 2px -1px rgba(0, 0, 0, 0.1); position: relative; outline-color: none; outline-style: none; outline-width: initial;"[39m
@qbs-autonaim/recruitment-assistant-extension:test:       [33mtype[39m=[32m"button"[39m
@qbs-autonaim/recruitment-assistant-extension:test:     [36m>[39m
@qbs-autonaim/recruitment-assistant-extension:test:       [36m<span[39m
@qbs-autonaim/recruitment-assistant-extension:test:         [33mstyle[39m=[32m"white-space: nowrap;"[39m
@qbs-autonaim/recruitment-assistant-extension:test:       [36m>[39m
@qbs-autonaim/recruitment-assistant-extension:test:         [0m╨Ш╨╖╨▓╨╗╨╡╤З╤М ╨┤╨░╨╜╨╜╤Л╨╡[0m
@qbs-autonaim/recruitment-assistant-extension:test:       [36m</span>[39m
@qbs-autonaim/recruitment-assistant-extension:test:     [36m</button>[39m
@qbs-autonaim/recruitment-assistant-extension:test:   [36m</div>[39m
@qbs-autonaim/recruitment-assistant-extension:test:   [36m<div>[39m
@qbs-autonaim/recruitment-assistant-extension:test:     [36m<button[39m
@qbs-autonaim/recruitment-assistant-extension:test:       [33maria-busy[39m=[32m"true"[39m
@qbs-autonaim/recruitment-assistant-extension:test:       [33maria-label[39m=[32m"╨Ш╨╖╨▓╨╗╨╡╤З╤М ╨┤╨░╨╜╨╜╤Л╨╡ ╨┐╤А╨╛╤Д╨╕╨╗╤П ╨║╨░╨╜╨┤╨╕╨┤╨░╤В╨░"[39m
@qbs-autonaim/recruitment-assistant-extension:test:       [33maria-live[39m=[32m"polite"[39m
@qbs-autonaim/recruitment-assistant-extension:test:       [33mdisabled[39m=[32m""[39m
@qbs-autonaim/recruitment-assistant-extension:test:       [33mstyle[39m=[32m"min-width: 44px; min-height: 44px; padding: 12px 24px; font-size: 16px; font-weight: 500; color: #ffffff; background-color: #6b7280; border: none none; border-radius: 8px; cursor: not-all...
@qbs-autonaim/recruitment-assistant-extension:test:       at <anonymous> (C:\Projects\kwork\selectio\node_modules\@testing-library\dom\dist\query-helpers.js:59:30)
@qbs-autonaim/recruitment-assistant-extension:test:       at <anonymous> (C:\Projects\kwork\selectio\node_modules\@testing-library\dom\dist\query-helpers.js:95:19)
@qbs-autonaim/recruitment-assistant-extension:test:       at <anonymous> (C:\Projects\kwork\selectio\apps\recruitment-assistant-extension\src\content\ui\action-button.test.tsx:156:29)
@qbs-autonaim/recruitment-assistant-extension:test: (fail) ActionButton > ╨б╤В╨╕╨╗╨╕ ╨╕ ╤А╨░╨╖╨╝╨╡╤А╤Л > ╨┤╨╛╨╗╨╢╨╡╨╜ ╨╕╨╝╨╡╤В╤М cursor: pointer ╨║╨╛╨│╨┤╨░ ╨╜╨╡ ╨╖╨░╨│╤А╤Г╨╢╨░╨╡╤В╤Б╤П [32.00ms]
@qbs-autonaim/recruitment-assistant-extension:test: 54 |       const elementStrings = els.map(element => getElementError(null, element).message).join('\n\n');
@qbs-autonaim/recruitment-assistant-extension:test: 55 |       throw getMultipleElementsFoundError(`${getMultipleError(container, ...args)}
@qbs-autonaim/recruitment-assistant-extension:test: 56 | 
@qbs-autonaim/recruitment-assistant-extension:test: 57 | Here are the matching elements:
@qbs-autonaim/recruitment-assistant-extension:test: 58 | 
@qbs-autonaim/recruitment-assistant-extension:test: 59 | ${elementStrings}`, container);
@qbs-autonaim/recruitment-assistant-extension:test:                                   ^
@qbs-autonaim/recruitment-assistant-extension:test: TestingLibraryElementError: Found multiple elements with the role "button"
@qbs-autonaim/recruitment-assistant-extension:test: 
@qbs-autonaim/recruitment-assistant-extension:test: Here are the matching elements:
@qbs-autonaim/recruitment-assistant-extension:test: 
@qbs-autonaim/recruitment-assistant-extension:test: Ignored nodes: comments, script, style
@qbs-autonaim/recruitment-assistant-extension:test: [36m<button[39m
@qbs-autonaim/recruitment-assistant-extension:test:   [33maria-busy[39m=[32m"false"[39m
@qbs-autonaim/recruitment-assistant-extension:test:   [33maria-label[39m=[32m"╨Ш╨╖╨▓╨╗╨╡╤З╤М ╨┤╨░╨╜╨╜╤Л╨╡ ╨┐╤А╨╛╤Д╨╕╨╗╤П ╨║╨░╨╜╨┤╨╕╨┤╨░╤В╨░"[39m
@qbs-autonaim/recruitment-assistant-extension:test:   [33maria-live[39m=[32m"polite"[39m
@qbs-autonaim/recruitment-assistant-extension:test:   [33mstyle[39m=[32m"min-width: 44px; min-height: 44px; padding: 12px 24px; font-size: 16px; font-weight: 500; color: #ffffff; background-color: #2563eb; border: none none; border-radius: 8px; cursor: pointer; touch-action: manipulation; transition: background-color 0.2s ease, transform 0.1s ease, box-shadow 0.2s ease; display: flex; align-items: center; justify-content: center; gap: 8px; box-shadow: 0 1px 3px 0 rgba(0, 0, 0, 0.1), 0 1px 2px -1px rgba(0, 0, 0, 0.1); position: relative; outline-color: none; outline-style: none; outline-width: initial;"[39m
@qbs-autonaim/recruitment-assistant-extension:test:   [33mtype[39m=[32m"button"[39m
@qbs-autonaim/recruitment-assistant-extension:test: [36m>[39m
@qbs-autonaim/recruitment-assistant-extension:test:   [36m<span[39m
@qbs-autonaim/recruitment-assistant-extension:test:     [33mstyle[39m=[32m"white-space: nowrap;"[39m
@qbs-autonaim/recruitment-assistant-extension:test:   [36m>[39m
@qbs-autonaim/recruitment-assistant-extension:test:     [0m╨Ш╨╖╨▓╨╗╨╡╤З╤М ╨┤╨░╨╜╨╜╤Л╨╡[0m
@qbs-autonaim/recruitment-assistant-extension:test:   [36m</span>[39m
@qbs-autonaim/recruitment-assistant-extension:test: [36m</button>[39m
@qbs-autonaim/recruitment-assistant-extension:test: 
@qbs-autonaim/recruitment-assistant-extension:test: Ignored nodes: comments, script, style
@qbs-autonaim/recruitment-assistant-extension:test: [36m<button[39m
@qbs-autonaim/recruitment-assistant-extension:test:   [33maria-busy[39m=[32m"true"[39m
@qbs-autonaim/recruitment-assistant-extension:test:   [33maria-label[39m=[32m"╨Ш╨╖╨▓╨╗╨╡╤З╤М ╨┤╨░╨╜╨╜╤Л╨╡ ╨┐╤А╨╛╤Д╨╕╨╗╤П ╨║╨░╨╜╨┤╨╕╨┤╨░╤В╨░"[39m
@qbs-autonaim/recruitment-assistant-extension:test:   [33maria-live[39m=[32m"polite"[39m
@qbs-autonaim/recruitment-assistant-extension:test:   [33mdisabled[39m=[32m""[39m
@qbs-autonaim/recruitment-assistant-extension:test:   [33mstyle[39m=[32m"min-width: 44px; min-height: 44px; padding: 12px 24px; font-size: 16px; font-weight: 500; color: #ffffff; background-color: #6b7280; border: none none; border-radius: 8px; cursor: not-allowed; touch-action: manipulation; transition: background-color 0.2s ease, transform 0.1s ease, box-shadow 0.2s ease; display: flex; align-items: center; justify-content: center; gap: 8px; box-shadow: 0 1px 3px 0 rgba(0, 0, 0, 0.1), 0 1px 2px -1px rgba(0, 0, 0, 0.1); position: relative; outline-color: none; outline-style: none; outline-width: initial;"[39m
@qbs-autonaim/recruitment-assistant-extension:test:   [33mtype[39m=[32m"button"[39m
@qbs-autonaim/recruitment-assistant-extension:test: [36m>[39m
@qbs-autonaim/recruitment-assistant-extension:test:   [36m<svg[39m
@qbs-autonaim/recruitment-assistant-extension:test:     [33maria-hidden[39m=[32m"true"[39m
@qbs-autonaim/recruitment-assistant-extension:test:     [33mfill[39m=[32m"none"[39m
@qbs-autonaim/recruitment-assistant-extension:test:     [33mrole[39m=[32m"presentation"[39m
@qbs-autonaim/recruitment-assistant-extension:test:     [33mstyle[39m=[32m"width: 16px; height: 16px; animation: spin 1s linear infinite; flex-shrink: 0;"[39m
@qbs-autonaim/recruitment-assistant-extension:test:     [33mviewBox[39m=[32m"0 0 24 24"[39m
@qbs-autonaim/recruitment-assistant-extension:test:   [36m>[39m
@qbs-autonaim/recruitment-assistant-extension:test:     [36m<circle[39m
@qbs-autonaim/recruitment-assistant-extension:test:       [33mcx[39m=[32m"12"[39m
@qbs-autonaim/recruitment-assistant-extension:test:       [33mcy[39m=[32m"12"[39m
@qbs-autonaim/recruitment-assistant-extension:test:       [33mr[39m=[32m"10"[39m
@qbs-autonaim/recruitment-assistant-extension:test:       [33mstroke[39m=[32m"currentColor"[39m
@qbs-autonaim/recruitment-assistant-extension:test:       [33mstroke-opacity[39m=[32m"0.25"[39m
@qbs-autonaim/recruitment-assistant-extension:test:       [33mstroke-width[39m=[32m"4"[39m
@qbs-autonaim/recruitment-assistant-extension:test:     [36m/>[39m
@qbs-autonaim/recruitment-assistant-extension:test:     [36m<path[39m
@qbs-autonaim/recruitment-assistant-extension:test:       [33md[39m=[32m"M4 12a8 8 0 018-8V0C5.373 0 0 5.373 0 12h4zm2 5.291A7.962 7.962 0 014 12H0c0 3.042 1.135 5.824 3 7.938l3-2.647z"[39m
@qbs-autonaim/recruitment-assistant-extension:test:       [33mfill[39m=[32m"currentColor"[39m
@qbs-autonaim/recruitment-assistant-extension:test:       [33mopacity[39m=[32m"0.75"[39m
@qbs-autonaim/recruitment-assistant-extension:test:     [36m/>[39m
@qbs-autonaim/recruitment-assistant-extension:test:   [36m</svg>[39m
@qbs-autonaim/recruitment-assistant-extension:test:   [36m<span[39m
@qbs-autonaim/recruitment-assistant-extension:test:     [33mstyle[39m=[32m"white-space: nowrap;"[39m
@qbs-autonaim/recruitment-assistant-extension:test:   [36m>[39m
@qbs-autonaim/recruitment-assistant-extension:test:     [0m╨Ш╨╖╨▓╨╗╨╡╤З╨╡╨╜╨╕╨╡ ╨┤╨░╨╜╨╜╤Л╤ЕтАж[0m
@qbs-autonaim/recruitment-assistant-extension:test:   [36m</span>[39m
@qbs-autonaim/recruitment-assistant-extension:test: [36m</button>[39m
@qbs-autonaim/recruitment-assistant-extension:test: 
@qbs-autonaim/recruitment-assistant-extension:test: Ignored nodes: comments, script, style
@qbs-autonaim/recruitment-assistant-extension:test: [36m<button[39m
@qbs-autonaim/recruitment-assistant-extension:test:   [33maria-busy[39m=[32m"true"[39m
@qbs-autonaim/recruitment-assistant-extension:test:   [33maria-label[39m=[32m"╨Ш╨╖╨▓╨╗╨╡╤З╤М ╨┤╨░╨╜╨╜╤Л╨╡ ╨┐╤А╨╛╤Д╨╕╨╗╤П ╨║╨░╨╜╨┤╨╕╨┤╨░╤В╨░"[39m
@qbs-autonaim/recruitment-assistant-extension:test:   [33maria-live[39m=[32m"polite"[39m
@qbs-autonaim/recruitment-assistant-extension:test:   [33mdisabled[39m=[32m""[39m
@qbs-autonaim/recruitment-assistant-extension:test:   [33mstyle[39m=[32m"min-width: 44px; min-height: 44px; padding: 12px 24px; font-size: 16px; font-weight: 500; color: #ffffff; background-color: #6b7280; border: none none; border-radius: 8px; cursor: not-allowed; touch-action: manipulation; transition: background-color 0.2s ease, transform 0.1s ease, box-shadow 0.2s ease; display: flex; align-items: center; justify-content: center; gap: 8px; box-shadow: 0 1px 3px 0 rgba(0, 0, 0, 0.1), 0 1px 2px -1px rgba(0, 0, 0, 0.1); position: relative; outline-color: none; outline-style: none; outline-width: initial;"[39m
@qbs-autonaim/recruitment-assistant-extension:test:   [33mtype[39m=[32m"button"[39m
@qbs-autonaim/recruitment-assistant-extension:test: [36m>[39m
@qbs-autonaim/recruitment-assistant-extension:test:   [36m<svg[39m
@qbs-autonaim/recruitment-assistant-extension:test:     [33maria-hidden[39m=[32m"true"[39m
@qbs-autonaim/recruitment-assistant-extension:test:     [33mfill[39m=[32m"none"[39m
@qbs-autonaim/recruitment-assistant-extension:test:     [33mrole[39m=[32m"presentation"[39m
@qbs-autonaim/recruitment-assistant-extension:test:     [33mstyle[39m=[32m"width: 16px; height: 16px; animation: spin 1s linear infinite; flex-shrink: 0;"[39m
@qbs-autonaim/recruitment-assistant-extension:test:     [33mviewBox[39m=[32m"0 0 24 24"[39m
@qbs-autonaim/recruitment-assistant-extension:test:   [36m>[39m
@qbs-autonaim/recruitment-assistant-extension:test:     [36m<circle[39m
@qbs-autonaim/recruitment-assistant-extension:test:       [33mcx[39m=[32m"12"[39m
@qbs-autonaim/recruitment-assistant-extension:test:       [33mcy[39m=[32m"12"[39m
@qbs-autonaim/recruitment-assistant-extension:test:       [33mr[39m=[32m"10"[39m
@qbs-autonaim/recruitment-assistant-extension:test:       [33mstroke[39m=[32m"currentColor"[39m
@qbs-autonaim/recruitment-assistant-extension:test:       [33mstroke-opacity[39m=[32m"0.25"[39m
@qbs-autonaim/recruitment-assistant-extension:test:       [33mstroke-width[39m=[32m"4"[39m
@qbs-autonaim/recruitment-assistant-extension:test:     [36m/>[39m
@qbs-autonaim/recruitment-assistant-extension:test:     [36m<path[39m
@qbs-autonaim/recruitment-assistant-extension:test:       [33md[39m=[32m"M4 12a8 8 0 018-8V0C5.373 0 0 5.373 0 12h4zm2 5.291A7.962 7.962 0 014 12H0c0 3.042 1.135 5.824 3 7.938l3-2.647z"[39m
@qbs-autonaim/recruitment-assistant-extension:test:       [33mfill[39m=[32m"currentColor"[39m
@qbs-autonaim/recruitment-assistant-extension:test:       [33mopacity[39m=[32m"0.75"[39m
@qbs-autonaim/recruitment-assistant-extension:test:     [36m/>[39m
@qbs-autonaim/recruitment-assistant-extension:test:   [36m</svg>[39m
@qbs-autonaim/recruitment-assistant-extension:test:   [36m<span[39m
@qbs-autonaim/recruitment-assistant-extension:test:     [33mstyle[39m=[32m"white-space: nowrap;"[39m
@qbs-autonaim/recruitment-assistant-extension:test:   [36m>[39m
@qbs-autonaim/recruitment-assistant-extension:test:     [0m╨Ш╨╖╨▓╨╗╨╡╤З╨╡╨╜╨╕╨╡ ╨┤╨░╨╜╨╜╤Л╤ЕтАж[0m
@qbs-autonaim/recruitment-assistant-extension:test:   [36m</span>[39m
@qbs-autonaim/recruitment-assistant-extension:test: [36m</button>[39m
@qbs-autonaim/recruitment-assistant-extension:test: 
@qbs-autonaim/recruitment-assistant-extension:test: Ignored nodes: comments, script, style
@qbs-autonaim/recruitment-assistant-extension:test: [36m<button[39m
@qbs-autonaim/recruitment-assistant-extension:test:   [33maria-busy[39m=[32m"false"[39m
@qbs-autonaim/recruitment-assistant-extension:test:   [33maria-label[39m=[32m"╨Ш╨╖╨▓╨╗╨╡╤З╤М ╨┤╨░╨╜╨╜╤Л╨╡ ╨┐╤А╨╛╤Д╨╕╨╗╤П ╨║╨░╨╜╨┤╨╕╨┤╨░╤В╨░"[39m
@qbs-autonaim/recruitment-assistant-extension:test:   [33maria-live[39m=[32m"polite"[39m
@qbs-autonaim/recruitment-assistant-extension:test:   [33mstyle[39m=[32m"min-width: 44px; min-height: 44px; padding: 12px 24px; font-size: 16px; font-weight: 500; color: #ffffff; background-color: #2563eb; border: none none; border-radius: 8px; cursor: pointer; touch-action: manipulation; transition: background-color 0.2s ease, transform 0.1s ease, box-shadow 0.2s ease; display: flex; align-items: center; justify-content: center; gap: 8px; box-shadow: 0 1px 3px 0 rgba(0, 0, 0, 0.1), 0 1px 2px -1px rgba(0, 0, 0, 0.1); position: relative; outline-color: none; outline-style: none; outline-width: initial;"[39m
@qbs-autonaim/recruitment-assistant-extension:test:   [33mtype[39m=[32m"button"[39m
@qbs-autonaim/recruitment-assistant-extension:test: [36m>[39m
@qbs-autonaim/recruitment-assistant-extension:test:   [36m<span[39m
@qbs-autonaim/recruitment-assistant-extension:test:     [33mstyle[39m=[32m"white-space: nowrap;"[39m
@qbs-autonaim/recruitment-assistant-extension:test:   [36m>[39m
@qbs-autonaim/recruitment-assistant-extension:test:     [0m╨Ш╨╖╨▓╨╗╨╡╤З╤М ╨┤╨░╨╜╨╜╤Л╨╡[0m
@qbs-autonaim/recruitment-assistant-extension:test:   [36m</span>[39m
@qbs-autonaim/recruitment-assistant-extension:test: [36m</button>[39m
@qbs-autonaim/recruitment-assistant-extension:test: 
@qbs-autonaim/recruitment-assistant-extension:test: Ignored nodes: comments, script, style
@qbs-autonaim/recruitment-assistant-extension:test: [36m<button[39m
@qbs-autonaim/recruitment-assistant-extension:test:   [33maria-busy[39m=[32m"false"[39m
@qbs-autonaim/recruitment-assistant-extension:test:   [33maria-label[39m=[32m"╨Ш╨╖╨▓╨╗╨╡╤З╤М ╨┤╨░╨╜╨╜╤Л╨╡ ╨┐╤А╨╛╤Д╨╕╨╗╤П ╨║╨░╨╜╨┤╨╕╨┤╨░╤В╨░"[39m
@qbs-autonaim/recruitment-assistant-extension:test:   [33maria-live[39m=[32m"polite"[39m
@qbs-autonaim/recruitment-assistant-extension:test:   [33mstyle[39m=[32m"min-width: 44px; min-height: 44px; padding: 12px 24px; font-size: 16px; font-weight: 500; color: #ffffff; background-color: #2563eb; border: none none; border-radius: 8px; cursor: pointer; touch-action: manipulation; transition: background-color 0.2s ease, transform 0.1s ease, box-shadow 0.2s ease; display: flex; align-items: center; justify-content: center; gap: 8px; box-shadow: 0 1px 3px 0 rgba(0, 0, 0, 0.1), 0 1px 2px -1px rgba(0, 0, 0, 0.1); position: relative; outline-color: none; outline-style: none; outline-width: initial;"[39m
@qbs-autonaim/recruitment-assistant-extension:test:   [33mtype[39m=[32m"button"[39m
@qbs-autonaim/recruitment-assistant-extension:test: [36m>[39m
@qbs-autonaim/recruitment-assistant-extension:test:   [36m<span[39m
@qbs-autonaim/recruitment-assistant-extension:test:     [33mstyle[39m=[32m"white-space: nowrap;"[39m
@qbs-autonaim/recruitment-assistant-extension:test:   [36m>[39m
@qbs-autonaim/recruitment-assistant-extension:test:     [0m╨Ш╨╖╨▓╨╗╨╡╤З╤М ╨┤╨░╨╜╨╜╤Л╨╡[0m
@qbs-autonaim/recruitment-assistant-extension:test:   [36m</span>[39m
@qbs-autonaim/recruitment-assistant-extension:test: [36m</button>[39m
@qbs-autonaim/recruitment-assistant-extension:test: 
@qbs-autonaim/recruitment-assistant-extension:test: Ignored nodes: comments, script, style
@qbs-autonaim/recruitment-assistant-extension:test: [36m<button[39m
@qbs-autonaim/recruitment-assistant-extension:test:   [33maria-busy[39m=[32m"false"[39m
@qbs-autonaim/recruitment-assistant-extension:test:   [33maria-label[39m=[32m"╨Ш╨╖╨▓╨╗╨╡╤З╤М ╨┤╨░╨╜╨╜╤Л╨╡ ╨┐╤А╨╛╤Д╨╕╨╗╤П ╨║╨░╨╜╨┤╨╕╨┤╨░╤В╨░"[39m
@qbs-autonaim/recruitment-assistant-extension:test:   [33maria-live[39m=[32m"polite"[39m
@qbs-autonaim/recruitment-assistant-extension:test:   [33mstyle[39m=[32m"min-width: 44px; min-height: 44px; padding: 12px 24px; font-size: 16px; font-weight: 500; color: #ffffff; background-color: #2563eb; border: none none; border-radius: 8px; cursor: pointer; touch-action: manipulation; transition: background-color 0.2s ease, transform 0.1s ease, box-shadow 0.2s ease; display: flex; align-items: center; justify-content: center; gap: 8px; box-shadow: 0 1px 3px 0 rgba(0, 0, 0, 0.1), 0 1px 2px -1px rgba(0, 0, 0, 0.1); position: relative; outline-color: none; outline-style: none; outline-width: initial;"[39m
@qbs-autonaim/recruitment-assistant-extension:test:   [33mtype[39m=[32m"button"[39m
@qbs-autonaim/recruitment-assistant-extension:test: [36m>[39m
@qbs-autonaim/recruitment-assistant-extension:test:   [36m<span[39m
@qbs-autonaim/recruitment-assistant-extension:test:     [33mstyle[39m=[32m"white-space: nowrap;"[39m
@qbs-autonaim/recruitment-assistant-extension:test:   [36m>[39m
@qbs-autonaim/recruitment-assistant-extension:test:     [0m╨Ш╨╖╨▓╨╗╨╡╤З╤М ╨┤╨░╨╜╨╜╤Л╨╡[0m
@qbs-autonaim/recruitment-assistant-extension:test:   [36m</span>[39m
@qbs-autonaim/recruitment-assistant-extension:test: [36m</button>[39m
@qbs-autonaim/recruitment-assistant-extension:test: 
@qbs-autonaim/recruitment-assistant-extension:test: Ignored nodes: comments, script, style
@qbs-autonaim/recruitment-assistant-extension:test: [36m<button[39m
@qbs-autonaim/recruitment-assistant-extension:test:   [33maria-busy[39m=[32m"true"[39m
@qbs-autonaim/recruitment-assistant-extension:test:   [33maria-label[39m=[32m"╨Ш╨╖╨▓╨╗╨╡╤З╤М ╨┤╨░╨╜╨╜╤Л╨╡ ╨┐╤А╨╛╤Д╨╕╨╗╤П ╨║╨░╨╜╨┤╨╕╨┤╨░╤В╨░"[39m
@qbs-autonaim/recruitment-assistant-extension:test:   [33maria-live[39m=[32m"polite"[39m
@qbs-autonaim/recruitment-assistant-extension:test:   [33mdisabled[39m=[32m""[39m
@qbs-autonaim/recruitment-assistant-extension:test:   [33mstyle[39m=[32m"min-width: 44px; min-height: 44px; padding: 12px 24px; font-size: 16px; font-weight: 500; color: #ffffff; background-color: #6b7280; border: none none; border-radius: 8px; cursor: not-allowed; touch-action: manipulation; transition: background-color 0.2s ease, transform 0.1s ease, box-shadow 0.2s ease; display: flex; align-items: center; justify-content: center; gap: 8px; box-shadow: 0 1px 3px 0 rgba(0, 0, 0, 0.1), 0 1px 2px -1px rgba(0, 0, 0, 0.1); position: relative; outline-color: none; outline-style: none; outline-width: initial;"[39m
@qbs-autonaim/recruitment-assistant-extension:test:   [33mtype[39m=[32m"button"[39m
@qbs-autonaim/recruitment-assistant-extension:test: [36m>[39m
@qbs-autonaim/recruitment-assistant-extension:test:   [36m<svg[39m
@qbs-autonaim/recruitment-assistant-extension:test:     [33maria-hidden[39m=[32m"true"[39m
@qbs-autonaim/recruitment-assistant-extension:test:     [33mfill[39m=[32m"none"[39m
@qbs-autonaim/recruitment-assistant-extension:test:     [33mrole[39m=[32m"presentation"[39m
@qbs-autonaim/recruitment-assistant-extension:test:     [33mstyle[39m=[32m"width: 16px; height: 16px; animation: spin 1s linear infinite; flex-shrink: 0;"[39m
@qbs-autonaim/recruitment-assistant-extension:test:     [33mviewBox[39m=[32m"0 0 24 24"[39m
@qbs-autonaim/recruitment-assistant-extension:test:   [36m>[39m
@qbs-autonaim/recruitment-assistant-extension:test:     [36m<circle[39m
@qbs-autonaim/recruitment-assistant-extension:test:       [33mcx[39m=[32m"12"[39m
@qbs-autonaim/recruitment-assistant-extension:test:       [33mcy[39m=[32m"12"[39m
@qbs-autonaim/recruitment-assistant-extension:test:       [33mr[39m=[32m"10"[39m
@qbs-autonaim/recruitment-assistant-extension:test:       [33mstroke[39m=[32m"currentColor"[39m
@qbs-autonaim/recruitment-assistant-extension:test:       [33mstroke-opacity[39m=[32m"0.25"[39m
@qbs-autonaim/recruitment-assistant-extension:test:       [33mstroke-width[39m=[32m"4"[39m
@qbs-autonaim/recruitment-assistant-extension:test:     [36m/>[39m
@qbs-autonaim/recruitment-assistant-extension:test:     [36m<path[39m
@qbs-autonaim/recruitment-assistant-extension:test:       [33md[39m=[32m"M4 12a8 8 0 018-8V0C5.373 0 0 5.373 0 12h4zm2 5.291A7.962 7.962 0 014 12H0c0 3.042 1.135 5.824 3 7.938l3-2.647z"[39m
@qbs-autonaim/recruitment-assistant-extension:test:       [33mfill[39m=[32m"currentColor"[39m
@qbs-autonaim/recruitment-assistant-extension:test:       [33mopacity[39m=[32m"0.75"[39m
@qbs-autonaim/recruitment-assistant-extension:test:     [36m/>[39m
@qbs-autonaim/recruitment-assistant-extension:test:   [36m</svg>[39m
@qbs-autonaim/recruitment-assistant-extension:test:   [36m<span[39m
@qbs-autonaim/recruitment-assistant-extension:test:     [33mstyle[39m=[32m"white-space: nowrap;"[39m
@qbs-autonaim/recruitment-assistant-extension:test:   [36m>[39m
@qbs-autonaim/recruitment-assistant-extension:test:     [0m╨Ш╨╖╨▓╨╗╨╡╤З╨╡╨╜╨╕╨╡ ╨┤╨░╨╜╨╜╤Л╤ЕтАж[0m
@qbs-autonaim/recruitment-assistant-extension:test:   [36m</span>[39m
@qbs-autonaim/recruitment-assistant-extension:test: [36m</button>[39m
@qbs-autonaim/recruitment-assistant-extension:test: 
@qbs-autonaim/recruitment-assistant-extension:test: Ignored nodes: comments, script, style
@qbs-autonaim/recruitment-assistant-extension:test: [36m<button[39m
@qbs-autonaim/recruitment-assistant-extension:test:   [33maria-busy[39m=[32m"false"[39m
@qbs-autonaim/recruitment-assistant-extension:test:   [33maria-label[39m=[32m"╨Ш╨╖╨▓╨╗╨╡╤З╤М ╨┤╨░╨╜╨╜╤Л╨╡ ╨┐╤А╨╛╤Д╨╕╨╗╤П ╨║╨░╨╜╨┤╨╕╨┤╨░╤В╨░"[39m
@qbs-autonaim/recruitment-assistant-extension:test:   [33maria-live[39m=[32m"polite"[39m
@qbs-autonaim/recruitment-assistant-extension:test:   [33mstyle[39m=[32m"min-width: 44px; min-height: 44px; padding: 12px 24px; font-size: 16px; font-weight: 500; color: #ffffff; background-color: #2563eb; border: none none; border-radius: 8px; cursor: pointer; touch-action: manipulation; transition: background-color 0.2s ease, transform 0.1s ease, box-shadow 0.2s ease; display: flex; align-items: center; justify-content: center; gap: 8px; box-shadow: 0 1px 3px 0 rgba(0, 0, 0, 0.1), 0 1px 2px -1px rgba(0, 0, 0, 0.1); position: relative; outline-color: none; outline-style: none; outline-width: initial;"[39m
@qbs-autonaim/recruitment-assistant-extension:test:   [33mtype[39m=[32m"button"[39m
@qbs-autonaim/recruitment-assistant-extension:test: [36m>[39m
@qbs-autonaim/recruitment-assistant-extension:test:   [36m<span[39m
@qbs-autonaim/recruitment-assistant-extension:test:     [33mstyle[39m=[32m"white-space: nowrap;"[39m
@qbs-autonaim/recruitment-assistant-extension:test:   [36m>[39m
@qbs-autonaim/recruitment-assistant-extension:test:     [0m╨Ш╨╖╨▓╨╗╨╡╤З╤М ╨┤╨░╨╜╨╜╤Л╨╡[0m
@qbs-autonaim/recruitment-assistant-extension:test:   [36m</span>[39m
@qbs-autonaim/recruitment-assistant-extension:test: [36m</button>[39m
@qbs-autonaim/recruitment-assistant-extension:test: 
@qbs-autonaim/recruitment-assistant-extension:test: Ignored nodes: comments, script, style
@qbs-autonaim/recruitment-assistant-extension:test: [36m<button[39m
@qbs-autonaim/recruitment-assistant-extension:test:   [33maria-busy[39m=[32m"true"[39m
@qbs-autonaim/recruitment-assistant-extension:test:   [33maria-label[39m=[32m"╨Ш╨╖╨▓╨╗╨╡╤З╤М ╨┤╨░╨╜╨╜╤Л╨╡ ╨┐╤А╨╛╤Д╨╕╨╗╤П ╨║╨░╨╜╨┤╨╕╨┤╨░╤В╨░"[39m
@qbs-autonaim/recruitment-assistant-extension:test:   [33maria-live[39m=[32m"polite"[39m
@qbs-autonaim/recruitment-assistant-extension:test:   [33mdisabled[39m=[32m""[39m
@qbs-autonaim/recruitment-assistant-extension:test:   [33mstyle[39m=[32m"min-width: 44px; min-height: 44px; padding: 12px 24px; font-size: 16px; font-weight: 500; color: #ffffff; background-color: #6b7280; border: none none; border-radius: 8px; cursor: not-allowed; touch-action: manipulation; transition: background-color 0.2s ease, transform 0.1s ease, box-shadow 0.2s ease; display: flex; align-items: center; justify-content: center; gap: 8px; box-shadow: 0 1px 3px 0 rgba(0, 0, 0, 0.1), 0 1px 2px -1px rgba(0, 0, 0, 0.1); position: relative; outline-color: none; outline-style: none; outline-width: initial;"[39m
@qbs-autonaim/recruitment-assistant-extension:test:   [33mtype[39m=[32m"button"[39m
@qbs-autonaim/recruitment-assistant-extension:test: [36m>[39m
@qbs-autonaim/recruitment-assistant-extension:test:   [36m<svg[39m
@qbs-autonaim/recruitment-assistant-extension:test:     [33maria-hidden[39m=[32m"true"[39m
@qbs-autonaim/recruitment-assistant-extension:test:     [33mfill[39m=[32m"none"[39m
@qbs-autonaim/recruitment-assistant-extension:test:     [33mrole[39m=[32m"presentation"[39m
@qbs-autonaim/recruitment-assistant-extension:test:     [33mstyle[39m=[32m"width: 16px; height: 16px; animation: spin 1s linear infinite; flex-shrink: 0;"[39m
@qbs-autonaim/recruitment-assistant-extension:test:     [33mviewBox[39m=[32m"0 0 24 24"[39m
@qbs-autonaim/recruitment-assistant-extension:test:   [36m>[39m
@qbs-autonaim/recruitment-assistant-extension:test:     [36m<circle[39m
@qbs-autonaim/recruitment-assistant-extension:test:       [33mcx[39m=[32m"12"[39m
@qbs-autonaim/recruitment-assistant-extension:test:       [33mcy[39m=[32m"12"[39m
@qbs-autonaim/recruitment-assistant-extension:test:       [33mr[39m=[32m"10"[39m
@qbs-autonaim/recruitment-assistant-extension:test:       [33mstroke[39m=[32m"currentColor"[39m
@qbs-autonaim/recruitment-assistant-extension:test:       [33mstroke-opacity[39m=[32m"0.25"[39m
@qbs-autonaim/recruitment-assistant-extension:test:       [33mstroke-width[39m=[32m"4"[39m
@qbs-autonaim/recruitment-assistant-extension:test:     [36m/>[39m
@qbs-autonaim/recruitment-assistant-extension:test:     [36m<path[39m
@qbs-autonaim/recruitment-assistant-extension:test:       [33md[39m=[32m"M4 12a8 8 0 018-8V0C5.373 0 0 5.373 0 12h4zm2 5.291A7.962 7.962 0 014 12H0c0 3.042 1.135 5.824 3 7.938l3-2.647z"[39m
@qbs-autonaim/recruitment-assistant-extension:test:       [33mfill[39m=[32m"currentColor"[39m
@qbs-autonaim/recruitment-assistant-extension:test:       [33mopacity[39m=[32m"0.75"[39m
@qbs-autonaim/recruitment-assistant-extension:test:     [36m/>[39m
@qbs-autonaim/recruitment-assistant-extension:test:   [36m</svg>[39m
@qbs-autonaim/recruitment-assistant-extension:test:   [36m<span[39m
@qbs-autonaim/recruitment-assistant-extension:test:     [33mstyle[39m=[32m"white-space: nowrap;"[39m
@qbs-autonaim/recruitment-assistant-extension:test:   [36m>[39m
@qbs-autonaim/recruitment-assistant-extension:test:     [0m╨Ш╨╖╨▓╨╗╨╡╤З╨╡╨╜╨╕╨╡ ╨┤╨░╨╜╨╜╤Л╤ЕтАж[0m
@qbs-autonaim/recruitment-assistant-extension:test:   [36m</span>[39m
@qbs-autonaim/recruitment-assistant-extension:test: [36m</button>[39m
@qbs-autonaim/recruitment-assistant-extension:test: 
@qbs-autonaim/recruitment-assistant-extension:test: Ignored nodes: comments, script, style
@qbs-autonaim/recruitment-assistant-extension:test: [36m<button[39m
@qbs-autonaim/recruitment-assistant-extension:test:   [33maria-busy[39m=[32m"false"[39m
@qbs-autonaim/recruitment-assistant-extension:test:   [33maria-label[39m=[32m"╨Ш╨╖╨▓╨╗╨╡╤З╤М ╨┤╨░╨╜╨╜╤Л╨╡ ╨┐╤А╨╛╤Д╨╕╨╗╤П ╨║╨░╨╜╨┤╨╕╨┤╨░╤В╨░"[39m
@qbs-autonaim/recruitment-assistant-extension:test:   [33maria-live[39m=[32m"polite"[39m
@qbs-autonaim/recruitment-assistant-extension:test:   [33mstyle[39m=[32m"min-width: 44px; min-height: 44px; padding: 12px 24px; font-size: 16px; font-weight: 500; color: #ffffff; background-color: #2563eb; border: none none; border-radius: 8px; cursor: pointer; touch-action: manipulation; transition: background-color 0.2s ease, transform 0.1s ease, box-shadow 0.2s ease; display: flex; align-items: center; justify-content: center; gap: 8px; box-shadow: 0 1px 3px 0 rgba(0, 0, 0, 0.1), 0 1px 2px -1px rgba(0, 0, 0, 0.1); position: relative; outline-color: none; outline-style: none; outline-width: initial;"[39m
@qbs-autonaim/recruitment-assistant-extension:test:   [33mtype[39m=[32m"button"[39m
@qbs-autonaim/recruitment-assistant-extension:test: [36m>[39m
@qbs-autonaim/recruitment-assistant-extension:test:   [36m<span[39m
@qbs-autonaim/recruitment-assistant-extension:test:     [33mstyle[39m=[32m"white-space: nowrap;"[39m
@qbs-autonaim/recruitment-assistant-extension:test:   [36m>[39m
@qbs-autonaim/recruitment-assistant-extension:test:     [0m╨Ш╨╖╨▓╨╗╨╡╤З╤М ╨┤╨░╨╜╨╜╤Л╨╡[0m
@qbs-autonaim/recruitment-assistant-extension:test:   [36m</span>[39m
@qbs-autonaim/recruitment-assistant-extension:test: [36m</button>[39m
@qbs-autonaim/recruitment-assistant-extension:test: 
@qbs-autonaim/recruitment-assistant-extension:test: Ignored nodes: comments, script, style
@qbs-autonaim/recruitment-assistant-extension:test: [36m<button[39m
@qbs-autonaim/recruitment-assistant-extension:test:   [33maria-busy[39m=[32m"true"[39m
@qbs-autonaim/recruitment-assistant-extension:test:   [33maria-label[39m=[32m"╨Ш╨╖╨▓╨╗╨╡╤З╤М ╨┤╨░╨╜╨╜╤Л╨╡ ╨┐╤А╨╛╤Д╨╕╨╗╤П ╨║╨░╨╜╨┤╨╕╨┤╨░╤В╨░"[39m
@qbs-autonaim/recruitment-assistant-extension:test:   [33maria-live[39m=[32m"polite"[39m
@qbs-autonaim/recruitment-assistant-extension:test:   [33mdisabled[39m=[32m""[39m
@qbs-autonaim/recruitment-assistant-extension:test:   [33mstyle[39m=[32m"min-width: 44px; min-height: 44px; padding: 12px 24px; font-size: 16px; font-weight: 500; color: #ffffff; background-color: #6b7280; border: none none; border-radius: 8px; cursor: not-allowed; touch-action: manipulation; transition: background-color 0.2s ease, transform 0.1s ease, box-shadow 0.2s ease; display: flex; align-items: center; justify-content: center; gap: 8px; box-shadow: 0 1px 3px 0 rgba(0, 0, 0, 0.1), 0 1px 2px -1px rgba(0, 0, 0, 0.1); position: relative; outline-color: none; outline-style: none; outline-width: initial;"[39m
@qbs-autonaim/recruitment-assistant-extension:test:   [33mtype[39m=[32m"button"[39m
@qbs-autonaim/recruitment-assistant-extension:test: [36m>[39m
@qbs-autonaim/recruitment-assistant-extension:test:   [36m<svg[39m
@qbs-autonaim/recruitment-assistant-extension:test:     [33maria-hidden[39m=[32m"true"[39m
@qbs-autonaim/recruitment-assistant-extension:test:     [33mfill[39m=[32m"none"[39m
@qbs-autonaim/recruitment-assistant-extension:test:     [33mrole[39m=[32m"presentation"[39m
@qbs-autonaim/recruitment-assistant-extension:test:     [33mstyle[39m=[32m"width: 16px; height: 16px; animation: spin 1s linear infinite; flex-shrink: 0;"[39m
@qbs-autonaim/recruitment-assistant-extension:test:     [33mviewBox[39m=[32m"0 0 24 24"[39m
@qbs-autonaim/recruitment-assistant-extension:test:   [36m>[39m
@qbs-autonaim/recruitment-assistant-extension:test:     [36m<circle[39m
@qbs-autonaim/recruitment-assistant-extension:test:       [33mcx[39m=[32m"12"[39m
@qbs-autonaim/recruitment-assistant-extension:test:       [33mcy[39m=[32m"12"[39m
@qbs-autonaim/recruitment-assistant-extension:test:       [33mr[39m=[32m"10"[39m
@qbs-autonaim/recruitment-assistant-extension:test:       [33mstroke[39m=[32m"currentColor"[39m
@qbs-autonaim/recruitment-assistant-extension:test:       [33mstroke-opacity[39m=[32m"0.25"[39m
@qbs-autonaim/recruitment-assistant-extension:test:       [33mstroke-width[39m=[32m"4"[39m
@qbs-autonaim/recruitment-assistant-extension:test:     [36m/>[39m
@qbs-autonaim/recruitment-assistant-extension:test:     [36m<path[39m
@qbs-autonaim/recruitment-assistant-extension:test:       [33md[39m=[32m"M4 12a8 8 0 018-8V0C5.373 0 0 5.373 0 12h4zm2 5.291A7.962 7.962 0 014 12H0c0 3.042 1.135 5.824 3 7.938l3-2.647z"[39m
@qbs-autonaim/recruitment-assistant-extension:test:       [33mfill[39m=[32m"currentColor"[39m
@qbs-autonaim/recruitment-assistant-extension:test:       [33mopacity[39m=[32m"0.75"[39m
@qbs-autonaim/recruitment-assistant-extension:test:     [36m/>[39m
@qbs-autonaim/recruitment-assistant-extension:test:   [36m</svg>[39m
@qbs-autonaim/recruitment-assistant-extension:test:   [36m<span[39m
@qbs-autonaim/recruitment-assistant-extension:test:     [33mstyle[39m=[32m"white-space: nowrap;"[39m
@qbs-autonaim/recruitment-assistant-extension:test:   [36m>[39m
@qbs-autonaim/recruitment-assistant-extension:test:     [0m╨Ш╨╖╨▓╨╗╨╡╤З╨╡╨╜╨╕╨╡ ╨┤╨░╨╜╨╜╤Л╤ЕтАж[0m
@qbs-autonaim/recruitment-assistant-extension:test:   [36m</span>[39m
@qbs-autonaim/recruitment-assistant-extension:test: [36m</button>[39m
@qbs-autonaim/recruitment-assistant-extension:test: 
@qbs-autonaim/recruitment-assistant-extension:test: Ignored nodes: comments, script, style
@qbs-autonaim/recruitment-assistant-extension:test: [36m<button[39m
@qbs-autonaim/recruitment-assistant-extension:test:   [33maria-busy[39m=[32m"true"[39m
@qbs-autonaim/recruitment-assistant-extension:test:   [33maria-label[39m=[32m"╨Ш╨╖╨▓╨╗╨╡╤З╤М ╨┤╨░╨╜╨╜╤Л╨╡ ╨┐╤А╨╛╤Д╨╕╨╗╤П ╨║╨░╨╜╨┤╨╕╨┤╨░╤В╨░"[39m
@qbs-autonaim/recruitment-assistant-extension:test:   [33maria-live[39m=[32m"polite"[39m
@qbs-autonaim/recruitment-assistant-extension:test:   [33mdisabled[39m=[32m""[39m
@qbs-autonaim/recruitment-assistant-extension:test:   [33mstyle[39m=[32m"min-width: 44px; min-height: 44px; padding: 12px 24px; font-size: 16px; font-weight: 500; color: #ffffff; background-color: #6b7280; border: none none; border-radius: 8px; cursor: not-allowed; touch-action: manipulation; transition: background-color 0.2s ease, transform 0.1s ease, box-shadow 0.2s ease; display: flex; align-items: center; justify-content: center; gap: 8px; box-shadow: 0 1px 3px 0 rgba(0, 0, 0, 0.1), 0 1px 2px -1px rgba(0, 0, 0, 0.1); position: relative; outline-color: none; outline-style: none; outline-width: initial;"[39m
@qbs-autonaim/recruitment-assistant-extension:test:   [33mtype[39m=[32m"button"[39m
@qbs-autonaim/recruitment-assistant-extension:test: [36m>[39m
@qbs-autonaim/recruitment-assistant-extension:test:   [36m<svg[39m
@qbs-autonaim/recruitment-assistant-extension:test:     [33maria-hidden[39m=[32m"true"[39m
@qbs-autonaim/recruitment-assistant-extension:test:     [33mfill[39m=[32m"none"[39m
@qbs-autonaim/recruitment-assistant-extension:test:     [33mrole[39m=[32m"presentation"[39m
@qbs-autonaim/recruitment-assistant-extension:test:     [33mstyle[39m=[32m"width: 16px; height: 16px; animation: spin 1s linear infinite; flex-shrink: 0;"[39m
@qbs-autonaim/recruitment-assistant-extension:test:     [33mviewBox[39m=[32m"0 0 24 24"[39m
@qbs-autonaim/recruitment-assistant-extension:test:   [36m>[39m
@qbs-autonaim/recruitment-assistant-extension:test:     [36m<circle[39m
@qbs-autonaim/recruitment-assistant-extension:test:       [33mcx[39m=[32m"12"[39m
@qbs-autonaim/recruitment-assistant-extension:test:       [33mcy[39m=[32m"12"[39m
@qbs-autonaim/recruitment-assistant-extension:test:       [33mr[39m=[32m"10"[39m
@qbs-autonaim/recruitment-assistant-extension:test:       [33mstroke[39m=[32m"currentColor"[39m
@qbs-autonaim/recruitment-assistant-extension:test:       [33mstroke-opacity[39m=[32m"0.25"[39m
@qbs-autonaim/recruitment-assistant-extension:test:       [33mstroke-width[39m=[32m"4"[39m
@qbs-autonaim/recruitment-assistant-extension:test:     [36m/>[39m
@qbs-autonaim/recruitment-assistant-extension:test:     [36m<path[39m
@qbs-autonaim/recruitment-assistant-extension:test:       [33md[39m=[32m"M4 12a8 8 0 018-8V0C5.373 0 0 5.373 0 12h4zm2 5.291A7.962 7.962 0 014 12H0c0 3.042 1.135 5.824 3 7.938l3-2.647z"[39m
@qbs-autonaim/recruitment-assistant-extension:test:       [33mfill[39m=[32m"currentColor"[39m
@qbs-autonaim/recruitment-assistant-extension:test:       [33mopacity[39m=[32m"0.75"[39m
@qbs-autonaim/recruitment-assistant-extension:test:     [36m/>[39m
@qbs-autonaim/recruitment-assistant-extension:test:   [36m</svg>[39m
@qbs-autonaim/recruitment-assistant-extension:test:   [36m<span[39m
@qbs-autonaim/recruitment-assistant-extension:test:     [33mstyle[39m=[32m"white-space: nowrap;"[39m
@qbs-autonaim/recruitment-assistant-extension:test:   [36m>[39m
@qbs-autonaim/recruitment-assistant-extension:test:     [0m╨Ш╨╖╨▓╨╗╨╡╤З╨╡╨╜╨╕╨╡ ╨┤╨░╨╜╨╜╤Л╤ЕтАж[0m
@qbs-autonaim/recruitment-assistant-extension:test:   [36m</span>[39m
@qbs-autonaim/recruitment-assistant-extension:test: [36m</button>[39m
@qbs-autonaim/recruitment-assistant-extension:test: 
@qbs-autonaim/recruitment-assistant-extension:test: Ignored nodes: comments, script, style
@qbs-autonaim/recruitment-assistant-extension:test: [36m<button[39m
@qbs-autonaim/recruitment-assistant-extension:test:   [33maria-busy[39m=[32m"false"[39m
@qbs-autonaim/recruitment-assistant-extension:test:   [33maria-label[39m=[32m"╨Ш╨╖╨▓╨╗╨╡╤З╤М ╨┤╨░╨╜╨╜╤Л╨╡ ╨┐╤А╨╛╤Д╨╕╨╗╤П ╨║╨░╨╜╨┤╨╕╨┤╨░╤В╨░"[39m
@qbs-autonaim/recruitment-assistant-extension:test:   [33maria-live[39m=[32m"polite"[39m
@qbs-autonaim/recruitment-assistant-extension:test:   [33mstyle[39m=[32m"min-width: 44px; min-height: 44px; padding: 12px 24px; font-size: 16px; font-weight: 500; color: #ffffff; background-color: #2563eb; border: none none; border-radius: 8px; cursor: pointer; touch-action: manipulation; transition: background-color 0.2s ease, transform 0.1s ease, box-shadow 0.2s ease; display: flex; align-items: center; justify-content: center; gap: 8px; box-shadow: 0 1px 3px 0 rgba(0, 0, 0, 0.1), 0 1px 2px -1px rgba(0, 0, 0, 0.1); position: relative; outline-color: none; outline-style: none; outline-width: initial;"[39m
@qbs-autonaim/recruitment-assistant-extension:test:   [33mtype[39m=[32m"button"[39m
@qbs-autonaim/recruitment-assistant-extension:test: [36m>[39m
@qbs-autonaim/recruitment-assistant-extension:test:   [36m<span[39m
@qbs-autonaim/recruitment-assistant-extension:test:     [33mstyle[39m=[32m"white-space: nowrap;"[39m
@qbs-autonaim/recruitment-assistant-extension:test:   [36m>[39m
@qbs-autonaim/recruitment-assistant-extension:test:     [0m╨Ш╨╖╨▓╨╗╨╡╤З╤М ╨┤╨░╨╜╨╜╤Л╨╡[0m
@qbs-autonaim/recruitment-assistant-extension:test:   [36m</span>[39m
@qbs-autonaim/recruitment-assistant-extension:test: [36m</button>[39m
@qbs-autonaim/recruitment-assistant-extension:test: 
@qbs-autonaim/recruitment-assistant-extension:test: Ignored nodes: comments, script, style
@qbs-autonaim/recruitment-assistant-extension:test: [36m<button[39m
@qbs-autonaim/recruitment-assistant-extension:test:   [33maria-busy[39m=[32m"false"[39m
@qbs-autonaim/recruitment-assistant-extension:test:   [33maria-label[39m=[32m"╨Ш╨╖╨▓╨╗╨╡╤З╤М ╨┤╨░╨╜╨╜╤Л╨╡ ╨┐╤А╨╛╤Д╨╕╨╗╤П ╨║╨░╨╜╨┤╨╕╨┤╨░╤В╨░"[39m
@qbs-autonaim/recruitment-assistant-extension:test:   [33maria-live[39m=[32m"polite"[39m
@qbs-autonaim/recruitment-assistant-extension:test:   [33mstyle[39m=[32m"min-width: 44px; min-height: 44px; padding: 12px 24px; font-size: 16px; font-weight: 500; color: #ffffff; background-color: #2563eb; border: none none; border-radius: 8px; cursor: pointer; touch-action: manipulation; transition: background-color 0.2s ease, transform 0.1s ease, box-shadow 0.2s ease; display: flex; align-items: center; justify-content: center; gap: 8px; box-shadow: 0 1px 3px 0 rgba(0, 0, 0, 0.1), 0 1px 2px -1px rgba(0, 0, 0, 0.1); position: relative; outline-color: none; outline-style: none; outline-width: initial;"[39m
@qbs-autonaim/recruitment-assistant-extension:test:   [33mtype[39m=[32m"button"[39m
@qbs-autonaim/recruitment-assistant-extension:test: [36m>[39m
@qbs-autonaim/recruitment-assistant-extension:test:   [36m<span[39m
@qbs-autonaim/recruitment-assistant-extension:test:     [33mstyle[39m=[32m"white-space: nowrap;"[39m
@qbs-autonaim/recruitment-assistant-extension:test:   [36m>[39m
@qbs-autonaim/recruitment-assistant-extension:test:     [0m╨Ш╨╖╨▓╨╗╨╡╤З╤М ╨┤╨░╨╜╨╜╤Л╨╡[0m
@qbs-autonaim/recruitment-assistant-extension:test:   [36m</span>[39m
@qbs-autonaim/recruitment-assistant-extension:test: [36m</button>[39m
@qbs-autonaim/recruitment-assistant-extension:test: 
@qbs-autonaim/recruitment-assistant-extension:test: Ignored nodes: comments, script, style
@qbs-autonaim/recruitment-assistant-extension:test: [36m<button[39m
@qbs-autonaim/recruitment-assistant-extension:test:   [33maria-busy[39m=[32m"false"[39m
@qbs-autonaim/recruitment-assistant-extension:test:   [33maria-label[39m=[32m"╨Ш╨╖╨▓╨╗╨╡╤З╤М ╨┤╨░╨╜╨╜╤Л╨╡ ╨┐╤А╨╛╤Д╨╕╨╗╤П ╨║╨░╨╜╨┤╨╕╨┤╨░╤В╨░"[39m
@qbs-autonaim/recruitment-assistant-extension:test:   [33maria-live[39m=[32m"polite"[39m
@qbs-autonaim/recruitment-assistant-extension:test:   [33mstyle[39m=[32m"min-width: 44px; min-height: 44px; padding: 12px 24px; font-size: 16px; font-weight: 500; color: #ffffff; background-color: #2563eb; border: none none; border-radius: 8px; cursor: pointer; touch-action: manipulation; transition: background-color 0.2s ease, transform 0.1s ease, box-shadow 0.2s ease; display: flex; align-items: center; justify-content: center; gap: 8px; box-shadow: 0 1px 3px 0 rgba(0, 0, 0, 0.1), 0 1px 2px -1px rgba(0, 0, 0, 0.1); position: relative; outline-color: none; outline-style: none; outline-width: initial;"[39m
@qbs-autonaim/recruitment-assistant-extension:test:   [33mtype[39m=[32m"button"[39m
@qbs-autonaim/recruitment-assistant-extension:test: [36m>[39m
@qbs-autonaim/recruitment-assistant-extension:test:   [36m<span[39m
@qbs-autonaim/recruitment-assistant-extension:test:     [33mstyle[39m=[32m"white-space: nowrap;"[39m
@qbs-autonaim/recruitment-assistant-extension:test:   [36m>[39m
@qbs-autonaim/recruitment-assistant-extension:test:     [0m╨Ш╨╖╨▓╨╗╨╡╤З╤М ╨┤╨░╨╜╨╜╤Л╨╡[0m
@qbs-autonaim/recruitment-assistant-extension:test:   [36m</span>[39m
@qbs-autonaim/recruitment-assistant-extension:test: [36m</button>[39m
@qbs-autonaim/recruitment-assistant-extension:test: 
@qbs-autonaim/recruitment-assistant-extension:test: Ignored nodes: comments, script, style
@qbs-autonaim/recruitment-assistant-extension:test: [36m<button[39m
@qbs-autonaim/recruitment-assistant-extension:test:   [33maria-busy[39m=[32m"false"[39m
@qbs-autonaim/recruitment-assistant-extension:test:   [33maria-label[39m=[32m"╨Ш╨╖╨▓╨╗╨╡╤З╤М ╨┤╨░╨╜╨╜╤Л╨╡ ╨┐╤А╨╛╤Д╨╕╨╗╤П ╨║╨░╨╜╨┤╨╕╨┤╨░╤В╨░"[39m
@qbs-autonaim/recruitment-assistant-extension:test:   [33maria-live[39m=[32m"polite"[39m
@qbs-autonaim/recruitment-assistant-extension:test:   [33mstyle[39m=[32m"min-width: 44px; min-height: 44px; padding: 12px 24px; font-size: 16px; font-weight: 500; color: #ffffff; background-color: #2563eb; border: none none; border-radius: 8px; cursor: pointer; touch-action: manipulation; transition: background-color 0.2s ease, transform 0.1s ease, box-shadow 0.2s ease; display: flex; align-items: center; justify-content: center; gap: 8px; box-shadow: 0 1px 3px 0 rgba(0, 0, 0, 0.1), 0 1px 2px -1px rgba(0, 0, 0, 0.1); position: relative; outline-color: none; outline-style: none; outline-width: initial;"[39m
@qbs-autonaim/recruitment-assistant-extension:test:   [33mtype[39m=[32m"button"[39m
@qbs-autonaim/recruitment-assistant-extension:test: [36m>[39m
@qbs-autonaim/recruitment-assistant-extension:test:   [36m<span[39m
@qbs-autonaim/recruitment-assistant-extension:test:     [33mstyle[39m=[32m"white-space: nowrap;"[39m
@qbs-autonaim/recruitment-assistant-extension:test:   [36m>[39m
@qbs-autonaim/recruitment-assistant-extension:test:     [0m╨Ш╨╖╨▓╨╗╨╡╤З╤М ╨┤╨░╨╜╨╜╤Л╨╡[0m
@qbs-autonaim/recruitment-assistant-extension:test:   [36m</span>[39m
@qbs-autonaim/recruitment-assistant-extension:test: [36m</button>[39m
@qbs-autonaim/recruitment-assistant-extension:test: 
@qbs-autonaim/recruitment-assistant-extension:test: Ignored nodes: comments, script, style
@qbs-autonaim/recruitment-assistant-extension:test: [36m<button[39m
@qbs-autonaim/recruitment-assistant-extension:test:   [33maria-busy[39m=[32m"false"[39m
@qbs-autonaim/recruitment-assistant-extension:test:   [33maria-label[39m=[32m"╨Ш╨╖╨▓╨╗╨╡╤З╤М ╨┤╨░╨╜╨╜╤Л╨╡ ╨┐╤А╨╛╤Д╨╕╨╗╤П ╨║╨░╨╜╨┤╨╕╨┤╨░╤В╨░"[39m
@qbs-autonaim/recruitment-assistant-extension:test:   [33maria-live[39m=[32m"polite"[39m
@qbs-autonaim/recruitment-assistant-extension:test:   [33mstyle[39m=[32m"min-width: 44px; min-height: 44px; padding: 12px 24px; font-size: 16px; font-weight: 500; color: #ffffff; background-color: #2563eb; border: none none; border-radius: 8px; cursor: pointer; touch-action: manipulation; transition: background-color 0.2s ease, transform 0.1s ease, box-shadow 0.2s ease; display: flex; align-items: center; justify-content: center; gap: 8px; box-shadow: 0 1px 3px 0 rgba(0, 0, 0, 0.1), 0 1px 2px -1px rgba(0, 0, 0, 0.1); position: relative; outline-color: none; outline-style: none; outline-width: initial;"[39m
@qbs-autonaim/recruitment-assistant-extension:test:   [33mtype[39m=[32m"button"[39m
@qbs-autonaim/recruitment-assistant-extension:test: [36m>[39m
@qbs-autonaim/recruitment-assistant-extension:test:   [36m<span[39m
@qbs-autonaim/recruitment-assistant-extension:test:     [33mstyle[39m=[32m"white-space: nowrap;"[39m
@qbs-autonaim/recruitment-assistant-extension:test:   [36m>[39m
@qbs-autonaim/recruitment-assistant-extension:test:     [0m╨Ш╨╖╨▓╨╗╨╡╤З╤М ╨┤╨░╨╜╨╜╤Л╨╡[0m
@qbs-autonaim/recruitment-assistant-extension:test:   [36m</span>[39m
@qbs-autonaim/recruitment-assistant-extension:test: [36m</button>[39m
@qbs-autonaim/recruitment-assistant-extension:test: 
@qbs-autonaim/recruitment-assistant-extension:test: Ignored nodes: comments, script, style
@qbs-autonaim/recruitment-assistant-extension:test: [36m<button[39m
@qbs-autonaim/recruitment-assistant-extension:test:   [33maria-busy[39m=[32m"true"[39m
@qbs-autonaim/recruitment-assistant-extension:test:   [33maria-label[39m=[32m"╨Ш╨╖╨▓╨╗╨╡╤З╤М ╨┤╨░╨╜╨╜╤Л╨╡ ╨┐╤А╨╛╤Д╨╕╨╗╤П ╨║╨░╨╜╨┤╨╕╨┤╨░╤В╨░"[39m
@qbs-autonaim/recruitment-assistant-extension:test:   [33maria-live[39m=[32m"polite"[39m
@qbs-autonaim/recruitment-assistant-extension:test:   [33mdisabled[39m=[32m""[39m
@qbs-autonaim/recruitment-assistant-extension:test:   [33mstyle[39m=[32m"min-width: 44px; min-height: 44px; padding: 12px 24px; font-size: 16px; font-weight: 500; color: #ffffff; background-color: #6b7280; border: none none; border-radius: 8px; cursor: not-allowed; touch-action: manipulation; transition: background-color 0.2s ease, transform 0.1s ease, box-shadow 0.2s ease; display: flex; align-items: center; justify-content: center; gap: 8px; box-shadow: 0 1px 3px 0 rgba(0, 0, 0, 0.1), 0 1px 2px -1px rgba(0, 0, 0, 0.1); position: relative; outline-color: none; outline-style: none; outline-width: initial;"[39m
@qbs-autonaim/recruitment-assistant-extension:test:   [33mtype[39m=[32m"button"[39m
@qbs-autonaim/recruitment-assistant-extension:test: [36m>[39m
@qbs-autonaim/recruitment-assistant-extension:test:   [36m<svg[39m
@qbs-autonaim/recruitment-assistant-extension:test:     [33maria-hidden[39m=[32m"true"[39m
@qbs-autonaim/recruitment-assistant-extension:test:     [33mfill[39m=[32m"none"[39m
@qbs-autonaim/recruitment-assistant-extension:test:     [33mrole[39m=[32m"presentation"[39m
@qbs-autonaim/recruitment-assistant-extension:test:     [33mstyle[39m=[32m"width: 16px; height: 16px; animation: spin 1s linear infinite; flex-shrink: 0;"[39m
@qbs-autonaim/recruitment-assistant-extension:test:     [33mviewBox[39m=[32m"0 0 24 24"[39m
@qbs-autonaim/recruitment-assistant-extension:test:   [36m>[39m
@qbs-autonaim/recruitment-assistant-extension:test:     [36m<circle[39m
@qbs-autonaim/recruitment-assistant-extension:test:       [33mcx[39m=[32m"12"[39m
@qbs-autonaim/recruitment-assistant-extension:test:       [33mcy[39m=[32m"12"[39m
@qbs-autonaim/recruitment-assistant-extension:test:       [33mr[39m=[32m"10"[39m
@qbs-autonaim/recruitment-assistant-extension:test:       [33mstroke[39m=[32m"currentColor"[39m
@qbs-autonaim/recruitment-assistant-extension:test:       [33mstroke-opacity[39m=[32m"0.25"[39m
@qbs-autonaim/recruitment-assistant-extension:test:       [33mstroke-width[39m=[32m"4"[39m
@qbs-autonaim/recruitment-assistant-extension:test:     [36m/>[39m
@qbs-autonaim/recruitment-assistant-extension:test:     [36m<path[39m
@qbs-autonaim/recruitment-assistant-extension:test:       [33md[39m=[32m"M4 12a8 8 0 018-8V0C5.373 0 0 5.373 0 12h4zm2 5.291A7.962 7.962 0 014 12H0c0 3.042 1.135 5.824 3 7.938l3-2.647z"[39m
@qbs-autonaim/recruitment-assistant-extension:test:       [33mfill[39m=[32m"currentColor"[39m
@qbs-autonaim/recruitment-assistant-extension:test:       [33mopacity[39m=[32m"0.75"[39m
@qbs-autonaim/recruitment-assistant-extension:test:     [36m/>[39m
@qbs-autonaim/recruitment-assistant-extension:test:   [36m</svg>[39m
@qbs-autonaim/recruitment-assistant-extension:test:   [36m<span[39m
@qbs-autonaim/recruitment-assistant-extension:test:     [33mstyle[39m=[32m"white-space: nowrap;"[39m
@qbs-autonaim/recruitment-assistant-extension:test:   [36m>[39m
@qbs-autonaim/recruitment-assistant-extension:test:     [0m╨Ш╨╖╨▓╨╗╨╡╤З╨╡╨╜╨╕╨╡ ╨┤╨░╨╜╨╜╤Л╤ЕтАж[0m
@qbs-autonaim/recruitment-assistant-extension:test:   [36m</span>[39m
@qbs-autonaim/recruitment-assistant-extension:test: [36m</button>[39m
@qbs-autonaim/recruitment-assistant-extension:test: 
@qbs-autonaim/recruitment-assistant-extension:test: (If this is intentional, then use the `*AllBy*` variant of the query (like `queryAllByText`, `getAllByText`, or `findAllByText`)).
@qbs-autonaim/recruitment-assistant-extension:test: 
@qbs-autonaim/recruitment-assistant-extension:test: Ignored nodes: comments, script, style
@qbs-autonaim/recruitment-assistant-extension:test: [36m<body>[39m
@qbs-autonaim/recruitment-assistant-extension:test:   [0m
@qbs-autonaim/recruitment-assistant-extension:test:         [0m
@qbs-autonaim/recruitment-assistant-extension:test:   [36m<h1[39m
@qbs-autonaim/recruitment-assistant-extension:test:     [33mclass[39m=[32m"text-heading-xlarge"[39m
@qbs-autonaim/recruitment-assistant-extension:test:   [36m>[39m
@qbs-autonaim/recruitment-assistant-extension:test:     [0m╨Ш╨▓╨░╨╜ ╨Ш╨▓╨░╨╜╨╛╨▓[0m
@qbs-autonaim/recruitment-assistant-extension:test:   [36m</h1>[39m
@qbs-autonaim/recruitment-assistant-extension:test:   [0m
@qbs-autonaim/recruitment-assistant-extension:test:         [0m
@qbs-autonaim/recruitment-assistant-extension:test:   [36m<div[39m
@qbs-autonaim/recruitment-assistant-extension:test:     [33mclass[39m=[32m"text-body-medium"[39m
@qbs-autonaim/recruitment-assistant-extension:test:   [36m>[39m
@qbs-autonaim/recruitment-assistant-extension:test:     [0mSenior Developer[0m
@qbs-autonaim/recruitment-assistant-extension:test:   [36m</div>[39m
@qbs-autonaim/recruitment-assistant-extension:test:   [0m
@qbs-autonaim/recruitment-assistant-extension:test:         [0m
@qbs-autonaim/recruitment-assistant-extension:test:   [36m<span[39m
@qbs-autonaim/recruitment-assistant-extension:test:     [33mclass[39m=[32m"text-body-small inline"[39m
@qbs-autonaim/recruitment-assistant-extension:test:   [36m>[39m
@qbs-autonaim/recruitment-assistant-extension:test:     [0m╨Ь╨╛╤Б╨║╨▓╨░, ╨а╨╛╤Б╤Б╨╕╤П[0m
@qbs-autonaim/recruitment-assistant-extension:test:   [36m</span>[39m
@qbs-autonaim/recruitment-assistant-extension:test:   [0m
@qbs-autonaim/recruitment-assistant-extension:test:         [0m
@qbs-autonaim/recruitment-assistant-extension:test:   [36m<img[39m
@qbs-autonaim/recruitment-assistant-extension:test:     [33mclass[39m=[32m"pv-top-card-profile-picture__image"[39m
@qbs-autonaim/recruitment-assistant-extension:test:     [33msrc[39m=[32m"https://example.com/photo.jpg"[39m
@qbs-autonaim/recruitment-assistant-extension:test:   [36m/>[39m
@qbs-autonaim/recruitment-assistant-extension:test:   [0m
@qbs-autonaim/recruitment-assistant-extension:test:         
@qbs-autonaim/recruitment-assistant-extension:test:         [0m
@qbs-autonaim/recruitment-assistant-extension:test:   [36m<section[39m
@qbs-autonaim/recruitment-assistant-extension:test:     [33mid[39m=[32m"experience"[39m
@qbs-autonaim/recruitment-assistant-extension:test:   [36m>[39m
@qbs-autonaim/recruitment-assistant-extension:test:     [0m
@qbs-autonaim/recruitment-assistant-extension:test:           [0m
@qbs-autonaim/recruitment-assistant-extension:test:     [36m<ul>[39m
@qbs-autonaim/recruitment-assistant-extension:test:       [0m
@qbs-autonaim/recruitment-assistant-extension:test:             [0m
@qbs-autonaim/recruitment-assistant-extension:test:       [36m<li[39m
@qbs-autonaim/recruitment-assistant-extension:test:         [33mclass[39m=[32m"artdeco-list__item"[39m
@qbs-autonaim/recruitment-assistant-extension:test:       [36m>[39m
@qbs-autonaim/recruitment-assistant-extension:test:         [0m
@qbs-autonaim/recruitment-assistant-extension:test:               [0m
@qbs-autonaim/recruitment-assistant-extension:test:         [36m<div[39m
@qbs-autonaim/recruitment-assistant-extension:test:           [33mclass[39m=[32m"display-flex"[39m
@qbs-autonaim/recruitment-assistant-extension:test:         [36m>[39m
@qbs-autonaim/recruitment-assistant-extension:test:           [0m
@qbs-autonaim/recruitment-assistant-extension:test:                 [0m
@qbs-autonaim/recruitment-assistant-extension:test:           [36m<span[39m
@qbs-autonaim/recruitment-assistant-extension:test:             [33maria-hidden[39m=[32m"true"[39m
@qbs-autonaim/recruitment-assistant-extension:test:           [36m>[39m
@qbs-autonaim/recruitment-assistant-extension:test:             [0mSenior Developer[0m
@qbs-autonaim/recruitment-assistant-extension:test:           [36m</span>[39m
@qbs-autonaim/recruitment-assistant-extension:test:           [0m
@qbs-autonaim/recruitment-assistant-extension:test:               [0m
@qbs-autonaim/recruitment-assistant-extension:test:         [36m</div>[39m
@qbs-autonaim/recruitment-assistant-extension:test:         [0m
@qbs-autonaim/recruitment-assistant-extension:test:               [0m
@qbs-autonaim/recruitment-assistant-extension:test:         [36m<span[39m
@qbs-autonaim/recruitment-assistant-extension:test:           [33mclass[39m=[32m"t-14 t-normal"[39m
@qbs-autonaim/recruitment-assistant-extension:test:         [36m>[39m
@qbs-autonaim/recruitment-assistant-extension:test:           [0m
@qbs-autonaim/recruitment-assistant-extension:test:                 [0m
@qbs-autonaim/recruitment-assistant-extension:test:           [36m<span[39m
@qbs-autonaim/recruitment-assistant-extension:test:             [33maria-hidden[39m=[32m"true"[39m
@qbs-autonaim/recruitment-assistant-extension:test:           [36m>[39m
@qbs-autonaim/recruitment-assistant-extension:test:             [0mTech Company[0m
@qbs-autonaim/recruitment-assistant-extension:test:           [36m</span>[39m
@qbs-autonaim/recruitment-assistant-extension:test:           [0m
@qbs-autonaim/recruitment-assistant-extension:test:               [0m
@qbs-autonaim/recruitment-assistant-extension:test:         [36m</span>[39m
@qbs-autonaim/recruitment-assistant-extension:test:         [0m
@qbs-autonaim/recruitment-assistant-extension:test:               [0m
@qbs-autonaim/recruitment-assistant-extension:test:         [36m<span[39m
@qbs-autonaim/recruitment-assistant-extension:test:           [33mclass[39m=[32m"t-14 t-normal t-black--light"[39m
@qbs-autonaim/recruitment-assistant-extension:test:         [36m>[39m
@qbs-autonaim/recruitment-assistant-extension:test:           [0m
@qbs-autonaim/recruitment-assistant-extension:test:                 [0m
@qbs-autonaim/recruitment-assistant-extension:test:           [36m<span[39m
@qbs-autonaim/recruitment-assistant-extension:test:             [33maria-hidden[39m=[32m"true"[39m
@qbs-autonaim/recruitment-assistant-extension:test:           [36m>[39m
@qbs-autonaim/recruitment-assistant-extension:test:             [0m2020 тАУ ╨┐╨╛ ╨╜╨░╤Б╤В╨╛╤П╤Й╨╡╨╡ ╨▓╤А╨╡╨╝╤П[0m
@qbs-autonaim/recruitment-assistant-extension:test:           [36m</span>[39m
@qbs-autonaim/recruitment-assistant-extension:test:           [0m
@qbs-autonaim/recruitment-assistant-extension:test:               [0m
@qbs-autonaim/recruitment-assistant-extension:test:         [36m</span>[39m
@qbs-autonaim/recruitment-assistant-extension:test:         [0m
@qbs-autonaim/recruitment-assistant-extension:test:               [0m
@qbs-autonaim/recruitment-assistant-extension:test:         [36m<div[39m
@qbs-autonaim/recruitment-assistant-extension:test:           [33mclass[39m=[32m"display-flex full-width"[39m
@qbs-autonaim/recruitment-assistant-extension:test:         [36m>[39m
@qbs-autonaim/recruitment-assistant-extension:test:           [0m
@qbs-autonaim/recruitment-assistant-extension:test:                 [0m
@qbs-autonaim/recruitment-assistant-extension:test:           [36m<span[39m
@qbs-autonaim/recruitment-assistant-extension:test:             [33maria-hidden[39m=[32m"true"[39m
@qbs-autonaim/recruitment-assistant-extension:test:           [36m>[39m
@qbs-autonaim/recruitment-assistant-extension:test:             [0m╨а╨░╨╖╤А╨░╨▒╨╛╤В╨║╨░[0m
@qbs-autonaim/recruitment-assistant-extension:test:           [36m</span>[39m
@qbs-autonaim/recruitment-assistant-extension:test:           [0m
@qbs-autonaim/recruitment-assistant-extension:test:               [0m
@qbs-autonaim/recruitment-assistant-extension:test:         [36m</div>[39m
@qbs-autonaim/recruitment-assistant-extension:test:         [0m
@qbs-autonaim/recruitment-assistant-extension:test:             [0m
@qbs-autonaim/recruitment-assistant-extension:test:       [36m</li>[39m
@qbs-autonaim/recruitment-assistant-extension:test:       [0m
@qbs-autonaim/recruitment-assistant-extension:test:           [0m
@qbs-autonaim/recruitment-assistant-extension:test:     [36m</ul>[39m
@qbs-autonaim/recruitment-assistant-extension:test:     [0m
@qbs-autonaim/recruitment-assistant-extension:test:         [0m
@qbs-autonaim/recruitment-assistant-extension:test:   [36m</section>[39m
@qbs-autonaim/recruitment-assistant-extension:test:   [0m
@qbs-autonaim/recruitment-assistant-extension:test:         
@qbs-autonaim/recruitment-assistant-extension:test:         [0m
@qbs-autonaim/recruitment-assistant-extension:test:   [36m<section[39m
@qbs-autonaim/recruitment-assistant-extension:test:     [33mid[39m=[32m"education"[39m
@qbs-autonaim/recruitment-assistant-extension:test:   [36m>[39m
@qbs-autonaim/recruitment-assistant-extension:test:     [0m
@qbs-autonaim/recruitment-assistant-extension:test:           [0m
@qbs-autonaim/recruitment-assistant-extension:test:     [36m<ul>[39m
@qbs-autonaim/recruitment-assistant-extension:test:       [0m
@qbs-autonaim/recruitment-assistant-extension:test:             [0m
@qbs-autonaim/recruitment-assistant-extension:test:       [36m<li[39m
@qbs-autonaim/recruitment-assistant-extension:test:         [33mclass[39m=[32m"artdeco-list__item"[39m
@qbs-autonaim/recruitment-assistant-extension:test:       [36m>[39m
@qbs-autonaim/recruitment-assistant-extension:test:         [0m
@qbs-autonaim/recruitment-assistant-extension:test:               [0m
@qbs-autonaim/recruitment-assistant-extension:test:         [36m<div[39m
@qbs-autonaim/recruitment-assistant-extension:test:           [33mclass[39m=[32m"display-flex"[39m
@qbs-autonaim/recruitment-assistant-extension:test:         [36m>[39m
@qbs-autonaim/recruitment-assistant-extension:test:           [0m
@qbs-autonaim/recruitment-assistant-extension:test:                 [0m
@qbs-autonaim/recruitment-assistant-extension:test:           [36m<span[39m
@qbs-autonaim/recruitment-assistant-extension:test:             [33maria-hidden[39m=[32m"true"[39m
@qbs-autonaim/recruitment-assistant-extension:test:           [36m>[39m
@qbs-autonaim/recruitment-assistant-extension:test:             [0m╨Ь╨У╨г[0m
@qbs-autonaim/recruitment-assistant-extension:test:           [36m</span>[39m
@qbs-autonaim/recruitment-assistant-extension:test:           [0m
@qbs-autonaim/recruitment-assistant-extension:test:               [0m
@qbs-autonaim/recruitment-assistant-extension:test:         [36m</div>[39m
@qbs-autonaim/recruitment-assistant-extension:test:         [0m
@qbs-autonaim/recruitment-assistant-extension:test:               [0m
@qbs-autonaim/recruitment-assistant-extension:test:         [36m<span[39m
@qbs-autonaim/recruitment-assistant-extension:test:           [33mclass[39m=[32m"t-14 t-normal"[39m
@qbs-autonaim/recruitment-assistant-extension:test:         [36m>[39m
@qbs-autonaim/recruitment-assistant-extension:test:           [0m
@qbs-autonaim/recruitment-assistant-extension:test:                 [0m
@qbs-autonaim/recruitment-assistant-extension:test:           [36m<span[39m
@qbs-autonaim/recruitment-assistant-extension:test:             [33maria-hidden[39m=[32m"true"[39m
@qbs-autonaim/recruitment-assistant-extension:test:           [36m>[39m
@qbs-autonaim/recruitment-assistant-extension:test:             [0m╨С╨░╨║╨░╨╗╨░╨▓╤А[0m
@qbs-autonaim/recruitment-assistant-extension:test:           [36m</span>[39m
@qbs-autonaim/recruitment-assistant-extension:test:           [0m
@qbs-autonaim/recruitment-assistant-extension:test:               [0m
@qbs-autonaim/recruitment-assistant-extension:test:         [36m</span>[39m
@qbs-autonaim/recruitment-assistant-extension:test:         [0m
@qbs-autonaim/recruitment-assistant-extension:test:               [0m
@qbs-autonaim/recruitment-assistant-extension:test:         [36m<span[39m
@qbs-autonaim/recruitment-assistant-extension:test:           [33mclass[39m=[32m"t-14 t-normal t-black--light"[39m
@qbs-autonaim/recruitment-assistant-extension:test:         [36m>[39m
@qbs-autonaim/recruitment-assistant-extension:test:           [0m
@qbs-autonaim/recruitment-assistant-extension:test:                 [0m
@qbs-autonaim/recruitment-assistant-extension:test:           [36m<span[39m
@qbs-autonaim/recruitment-assistant-extension:test:             [33maria-hidden[39m=[32m"true"[39m
@qbs-autonaim/recruitment-assistant-extension:test:           [36m>[39m
@qbs-autonaim/recruitment-assistant-extension:test:             [0m╨Ш╨╜╤Д╨╛╤А╨╝╨░╤В╨╕╨║╨░[0m
@qbs-autonaim/recruitment-assistant-extension:test:           [36m</span>[39m
@qbs-autonaim/recruitment-assistant-extension:test:           [0m
@qbs-autonaim/recruitment-assistant-extension:test:               [0m
@qbs-autonaim/recruitment-assistant-extension:test:         [36m</span>[39m
@qbs-autonaim/recruitment-assistant-extension:test:         [0m
@qbs-autonaim/recruitment-assistant-extension:test:               [0m
@qbs-autonaim/recruitment-assistant-extension:test:         [36m<span[39m
@qbs-autonaim/recruitment-assistant-extension:test:           [33mclass[39m=[32m"t-14 t-normal t-black--light"[39m
@qbs-autonaim/recruitment-assistant-extension:test:         [36m>[39m
@qbs-autonaim/recruitment-assistant-extension:test:           [0m
@qbs-autonaim/recruitment-assistant-extension:test:                 [0m
@qbs-autonaim/recruitment-assistant-extension:test:           [36m<span[39m
@qbs-autonaim/recruitment-assistant-extension:test:             [33maria-hidden[39m=[32m"true"[39m
@qbs-autonaim/recruitment-assistant-extension:test:           [36m>[39m
@qbs-autonaim/recruitment-assistant-extension:test:             [0m2015 тАУ 2019[0m
@qbs-autonaim/recruitment-assistant-extension:test:           [36m</span>[39m
@qbs-autonaim/recruitment-assistant-extension:test:           [0m
@qbs-autonaim/recruitment-assistant-extension:test:               [0m
@qbs-autonaim/recruitment-assistant-extension:test:         [36m</span>[39m
@qbs-autonaim/recruitment-assistant-extension:test:         [0m
@qbs-autonaim/recruitment-assistant-extension:test:             [0m
@qbs-autonaim/recruitment-assistant-extension:test:       [36m</li>[39m
@qbs-autonaim/recruitment-assistant-extension:test:       [0m
@qbs-autonaim/recruitment-assistant-extension:test:           [0m
@qbs-autonaim/recruitment-assistant-extension:test:     [36m</ul>[39m
@qbs-autonaim/recruitment-assistant-extension:test:     [0m
@qbs-autonaim/recruitment-assistant-extension:test:         [0m
@qbs-autonaim/recruitment-assistant-extension:test:   [36m</section>[39m
@qbs-autonaim/recruitment-assistant-extension:test:   [0m
@qbs-autonaim/recruitment-assistant-extension:test:         
@qbs-autonaim/recruitment-assistant-extension:test:         [0m
@qbs-autonaim/recruitment-assistant-extension:test:   [36m<section[39m
@qbs-autonaim/recruitment-assistant-extension:test:     [33mid[39m=[32m"skills"[39m
@qbs-autonaim/recruitment-assistant-extension:test:   [36m>[39m
@qbs-autonaim/recruitment-assistant-extension:test:     [0m
@qbs-autonaim/recruitment-assistant-extension:test:           [0m
@qbs-autonaim/recruitment-assistant-extension:test:     [36m<span[39m
@qbs-autonaim/recruitment-assistant-extension:test:       [33maria-hidden[39m=[32m"true"[39m
@qbs-autonaim/recruitment-assistant-extension:test:     [36m>[39m
@qbs-autonaim/recruitment-assistant-extension:test:       [0mTypeScript[0m
@qbs-autonaim/recruitment-assistant-extension:test:     [36m</span>[39m
@qbs-autonaim/recruitment-assistant-extension:test:     [0m
@qbs-autonaim/recruitment-assistant-extension:test:           [0m
@qbs-autonaim/recruitment-assistant-extension:test:     [36m<span[39m
@qbs-autonaim/recruitment-assistant-extension:test:       [33maria-hidden[39m=[32m"true"[39m
@qbs-autonaim/recruitment-assistant-extension:test:     [36m>[39m
@qbs-autonaim/recruitment-assistant-extension:test:       [0mReact[0m
@qbs-autonaim/recruitment-assistant-extension:test:     [36m</span>[39m
@qbs-autonaim/recruitment-assistant-extension:test:     [0m
@qbs-autonaim/recruitment-assistant-extension:test:         [0m
@qbs-autonaim/recruitment-assistant-extension:test:   [36m</section>[39m
@qbs-autonaim/recruitment-assistant-extension:test:   [0m
@qbs-autonaim/recruitment-assistant-extension:test:         
@qbs-autonaim/recruitment-assistant-extension:test:         [0m
@qbs-autonaim/recruitment-assistant-extension:test:   [36m<section[39m
@qbs-autonaim/recruitment-assistant-extension:test:     [33mclass[39m=[32m"pv-contact-info"[39m
@qbs-autonaim/recruitment-assistant-extension:test:   [36m>[39m
@qbs-autonaim/recruitment-assistant-extension:test:     [0m
@qbs-autonaim/recruitment-assistant-extension:test:           [0m
@qbs-autonaim/recruitment-assistant-extension:test:     [36m<a[39m
@qbs-autonaim/recruitment-assistant-extension:test:       [33mhref[39m=[32m"mailto:ivan@example.com"[39m
@qbs-autonaim/recruitment-assistant-extension:test:     [36m>[39m
@qbs-autonaim/recruitment-assistant-extension:test:       [0mEmail[0m
@qbs-autonaim/recruitment-assistant-extension:test:     [36m</a>[39m
@qbs-autonaim/recruitment-assistant-extension:test:     [0m
@qbs-autonaim/recruitment-assistant-extension:test:           [0m
@qbs-autonaim/recruitment-assistant-extension:test:     [36m<span[39m
@qbs-autonaim/recruitment-assistant-extension:test:       [33mclass[39m=[32m"t-14 t-black t-normal"[39m
@qbs-autonaim/recruitment-assistant-extension:test:     [36m>[39m
@qbs-autonaim/recruitment-assistant-extension:test:       [0m+7 (999) 123-45-67[0m
@qbs-autonaim/recruitment-assistant-extension:test:     [36m</span>[39m
@qbs-autonaim/recruitment-assistant-extension:test:     [0m
@qbs-autonaim/recruitment-assistant-extension:test:         [0m
@qbs-autonaim/recruitment-assistant-extension:test:   [36m</section>[39m
@qbs-autonaim/recruitment-assistant-extension:test:   [0m
@qbs-autonaim/recruitment-assistant-extension:test:       [0m
@qbs-autonaim/recruitment-assistant-extension:test:   [36m<div>[39m
@qbs-autonaim/recruitment-assistant-extension:test:     [36m<button[39m
@qbs-autonaim/recruitment-assistant-extension:test:       [33maria-busy[39m=[32m"false"[39m
@qbs-autonaim/recruitment-assistant-extension:test:       [33maria-label[39m=[32m"╨Ш╨╖╨▓╨╗╨╡╤З╤М ╨┤╨░╨╜╨╜╤Л╨╡ ╨┐╤А╨╛╤Д╨╕╨╗╤П ╨║╨░╨╜╨┤╨╕╨┤╨░╤В╨░"[39m
@qbs-autonaim/recruitment-assistant-extension:test:       [33maria-live[39m=[32m"polite"[39m
@qbs-autonaim/recruitment-assistant-extension:test:       [33mstyle[39m=[32m"min-width: 44px; min-height: 44px; padding: 12px 24px; font-size: 16px; font-weight: 500; color: #ffffff; background-color: #2563eb; border: none none; border-radius: 8px; cursor: pointer; touch-action: manipulation; transition: background-color 0.2s ease, transform 0.1s ease, box-shadow 0.2s ease; display: flex; align-items: center; justify-content: center; gap: 8px; box-shadow: 0 1px 3px 0 rgba(0, 0, 0, 0.1), 0 1px 2px -1px rgba(0, 0, 0, 0.1); position: relative; outline-color: none; outline-style: none; outline-width: initial;"[39m
@qbs-autonaim/recruitment-assistant-extension:test:       [33mtype[39m=[32m"button"[39m
@qbs-autonaim/recruitment-assistant-extension:test:     [36m>[39m
@qbs-autonaim/recruitment-assistant-extension:test:       [36m<span[39m
@qbs-autonaim/recruitment-assistant-extension:test:         [33mstyle[39m=[32m"white-space: nowrap;"[39m
@qbs-autonaim/recruitment-assistant-extension:test:       [36m>[39m
@qbs-autonaim/recruitment-assistant-extension:test:         [0m╨Ш╨╖╨▓╨╗╨╡╤З╤М ╨┤╨░╨╜╨╜╤Л╨╡[0m
@qbs-autonaim/recruitment-assistant-extension:test:       [36m</span>[39m
@qbs-autonaim/recruitment-assistant-extension:test:     [36m</button>[39m
@qbs-autonaim/recruitment-assistant-extension:test:   [36m</div>[39m
@qbs-autonaim/recruitment-assistant-extension:test:   [36m<div>[39m
@qbs-autonaim/recruitment-assistant-extension:test:     [36m<button[39m
@qbs-autonaim/recruitment-assistant-extension:test:       [33maria-busy[39m=[32m"true"[39m
@qbs-autonaim/recruitment-assistant-extension:test:       [33maria-label[39m=[32m"╨Ш╨╖╨▓╨╗╨╡╤З╤М ╨┤╨░╨╜╨╜╤Л╨╡ ╨┐╤А╨╛╤Д╨╕╨╗╤П ╨║╨░╨╜╨┤╨╕╨┤╨░╤В╨░"[39m
@qbs-autonaim/recruitment-assistant-extension:test:       [33maria-live[39m=[32m"polite"[39m
@qbs-autonaim/recruitment-assistant-extension:test:       [33mdisabled[39m=[32m""[39m
@qbs-autonaim/recruitment-assistant-extension:test:       [33mstyle[39m=[32m"min-width: 44px; min-height: 44px; padding: 12px 24px; font-size: 16px; font-weight: 500; color: #ffffff; background-color: #6b7280; border: none none; border-radius: 8px; cursor: not-all...
@qbs-autonaim/recruitment-assistant-extension:test:       at <anonymous> (C:\Projects\kwork\selectio\node_modules\@testing-library\dom\dist\query-helpers.js:59:30)
@qbs-autonaim/recruitment-assistant-extension:test:       at <anonymous> (C:\Projects\kwork\selectio\node_modules\@testing-library\dom\dist\query-helpers.js:95:19)
@qbs-autonaim/recruitment-assistant-extension:test:       at <anonymous> (C:\Projects\kwork\selectio\apps\recruitment-assistant-extension\src\content\ui\action-button.test.tsx:165:29)
@qbs-autonaim/recruitment-assistant-extension:test: (fail) ActionButton > ╨б╤В╨╕╨╗╨╕ ╨╕ ╤А╨░╨╖╨╝╨╡╤А╤Л > ╨┤╨╛╨╗╨╢╨╡╨╜ ╨╕╨╝╨╡╤В╤М cursor: not-allowed ╨┐╤А╨╕ ╨╖╨░╨│╤А╤Г╨╖╨║╨╡ [62.00ms]
@qbs-autonaim/recruitment-assistant-extension:test: 54 |       const elementStrings = els.map(element => getElementError(null, element).message).join('\n\n');
@qbs-autonaim/recruitment-assistant-extension:test: 55 |       throw getMultipleElementsFoundError(`${getMultipleError(container, ...args)}
@qbs-autonaim/recruitment-assistant-extension:test: 56 | 
@qbs-autonaim/recruitment-assistant-extension:test: 57 | Here are the matching elements:
@qbs-autonaim/recruitment-assistant-extension:test: 58 | 
@qbs-autonaim/recruitment-assistant-extension:test: 59 | ${elementStrings}`, container);
@qbs-autonaim/recruitment-assistant-extension:test:                                   ^
@qbs-autonaim/recruitment-assistant-extension:test: TestingLibraryElementError: Found multiple elements with the role "button"
@qbs-autonaim/recruitment-assistant-extension:test: 
@qbs-autonaim/recruitment-assistant-extension:test: Here are the matching elements:
@qbs-autonaim/recruitment-assistant-extension:test: 
@qbs-autonaim/recruitment-assistant-extension:test: Ignored nodes: comments, script, style
@qbs-autonaim/recruitment-assistant-extension:test: [36m<button[39m
@qbs-autonaim/recruitment-assistant-extension:test:   [33maria-busy[39m=[32m"false"[39m
@qbs-autonaim/recruitment-assistant-extension:test:   [33maria-label[39m=[32m"╨Ш╨╖╨▓╨╗╨╡╤З╤М ╨┤╨░╨╜╨╜╤Л╨╡ ╨┐╤А╨╛╤Д╨╕╨╗╤П ╨║╨░╨╜╨┤╨╕╨┤╨░╤В╨░"[39m
@qbs-autonaim/recruitment-assistant-extension:test:   [33maria-live[39m=[32m"polite"[39m
@qbs-autonaim/recruitment-assistant-extension:test:   [33mstyle[39m=[32m"min-width: 44px; min-height: 44px; padding: 12px 24px; font-size: 16px; font-weight: 500; color: #ffffff; background-color: #2563eb; border: none none; border-radius: 8px; cursor: pointer; touch-action: manipulation; transition: background-color 0.2s ease, transform 0.1s ease, box-shadow 0.2s ease; display: flex; align-items: center; justify-content: center; gap: 8px; box-shadow: 0 1px 3px 0 rgba(0, 0, 0, 0.1), 0 1px 2px -1px rgba(0, 0, 0, 0.1); position: relative; outline-color: none; outline-style: none; outline-width: initial;"[39m
@qbs-autonaim/recruitment-assistant-extension:test:   [33mtype[39m=[32m"button"[39m
@qbs-autonaim/recruitment-assistant-extension:test: [36m>[39m
@qbs-autonaim/recruitment-assistant-extension:test:   [36m<span[39m
@qbs-autonaim/recruitment-assistant-extension:test:     [33mstyle[39m=[32m"white-space: nowrap;"[39m
@qbs-autonaim/recruitment-assistant-extension:test:   [36m>[39m
@qbs-autonaim/recruitment-assistant-extension:test:     [0m╨Ш╨╖╨▓╨╗╨╡╤З╤М ╨┤╨░╨╜╨╜╤Л╨╡[0m
@qbs-autonaim/recruitment-assistant-extension:test:   [36m</span>[39m
@qbs-autonaim/recruitment-assistant-extension:test: [36m</button>[39m
@qbs-autonaim/recruitment-assistant-extension:test: 
@qbs-autonaim/recruitment-assistant-extension:test: Ignored nodes: comments, script, style
@qbs-autonaim/recruitment-assistant-extension:test: [36m<button[39m
@qbs-autonaim/recruitment-assistant-extension:test:   [33maria-busy[39m=[32m"true"[39m
@qbs-autonaim/recruitment-assistant-extension:test:   [33maria-label[39m=[32m"╨Ш╨╖╨▓╨╗╨╡╤З╤М ╨┤╨░╨╜╨╜╤Л╨╡ ╨┐╤А╨╛╤Д╨╕╨╗╤П ╨║╨░╨╜╨┤╨╕╨┤╨░╤В╨░"[39m
@qbs-autonaim/recruitment-assistant-extension:test:   [33maria-live[39m=[32m"polite"[39m
@qbs-autonaim/recruitment-assistant-extension:test:   [33mdisabled[39m=[32m""[39m
@qbs-autonaim/recruitment-assistant-extension:test:   [33mstyle[39m=[32m"min-width: 44px; min-height: 44px; padding: 12px 24px; font-size: 16px; font-weight: 500; color: #ffffff; background-color: #6b7280; border: none none; border-radius: 8px; cursor: not-allowed; touch-action: manipulation; transition: background-color 0.2s ease, transform 0.1s ease, box-shadow 0.2s ease; display: flex; align-items: center; justify-content: center; gap: 8px; box-shadow: 0 1px 3px 0 rgba(0, 0, 0, 0.1), 0 1px 2px -1px rgba(0, 0, 0, 0.1); position: relative; outline-color: none; outline-style: none; outline-width: initial;"[39m
@qbs-autonaim/recruitment-assistant-extension:test:   [33mtype[39m=[32m"button"[39m
@qbs-autonaim/recruitment-assistant-extension:test: [36m>[39m
@qbs-autonaim/recruitment-assistant-extension:test:   [36m<svg[39m
@qbs-autonaim/recruitment-assistant-extension:test:     [33maria-hidden[39m=[32m"true"[39m
@qbs-autonaim/recruitment-assistant-extension:test:     [33mfill[39m=[32m"none"[39m
@qbs-autonaim/recruitment-assistant-extension:test:     [33mrole[39m=[32m"presentation"[39m
@qbs-autonaim/recruitment-assistant-extension:test:     [33mstyle[39m=[32m"width: 16px; height: 16px; animation: spin 1s linear infinite; flex-shrink: 0;"[39m
@qbs-autonaim/recruitment-assistant-extension:test:     [33mviewBox[39m=[32m"0 0 24 24"[39m
@qbs-autonaim/recruitment-assistant-extension:test:   [36m>[39m
@qbs-autonaim/recruitment-assistant-extension:test:     [36m<circle[39m
@qbs-autonaim/recruitment-assistant-extension:test:       [33mcx[39m=[32m"12"[39m
@qbs-autonaim/recruitment-assistant-extension:test:       [33mcy[39m=[32m"12"[39m
@qbs-autonaim/recruitment-assistant-extension:test:       [33mr[39m=[32m"10"[39m
@qbs-autonaim/recruitment-assistant-extension:test:       [33mstroke[39m=[32m"currentColor"[39m
@qbs-autonaim/recruitment-assistant-extension:test:       [33mstroke-opacity[39m=[32m"0.25"[39m
@qbs-autonaim/recruitment-assistant-extension:test:       [33mstroke-width[39m=[32m"4"[39m
@qbs-autonaim/recruitment-assistant-extension:test:     [36m/>[39m
@qbs-autonaim/recruitment-assistant-extension:test:     [36m<path[39m
@qbs-autonaim/recruitment-assistant-extension:test:       [33md[39m=[32m"M4 12a8 8 0 018-8V0C5.373 0 0 5.373 0 12h4zm2 5.291A7.962 7.962 0 014 12H0c0 3.042 1.135 5.824 3 7.938l3-2.647z"[39m
@qbs-autonaim/recruitment-assistant-extension:test:       [33mfill[39m=[32m"currentColor"[39m
@qbs-autonaim/recruitment-assistant-extension:test:       [33mopacity[39m=[32m"0.75"[39m
@qbs-autonaim/recruitment-assistant-extension:test:     [36m/>[39m
@qbs-autonaim/recruitment-assistant-extension:test:   [36m</svg>[39m
@qbs-autonaim/recruitment-assistant-extension:test:   [36m<span[39m
@qbs-autonaim/recruitment-assistant-extension:test:     [33mstyle[39m=[32m"white-space: nowrap;"[39m
@qbs-autonaim/recruitment-assistant-extension:test:   [36m>[39m
@qbs-autonaim/recruitment-assistant-extension:test:     [0m╨Ш╨╖╨▓╨╗╨╡╤З╨╡╨╜╨╕╨╡ ╨┤╨░╨╜╨╜╤Л╤ЕтАж[0m
@qbs-autonaim/recruitment-assistant-extension:test:   [36m</span>[39m
@qbs-autonaim/recruitment-assistant-extension:test: [36m</button>[39m
@qbs-autonaim/recruitment-assistant-extension:test: 
@qbs-autonaim/recruitment-assistant-extension:test: Ignored nodes: comments, script, style
@qbs-autonaim/recruitment-assistant-extension:test: [36m<button[39m
@qbs-autonaim/recruitment-assistant-extension:test:   [33maria-busy[39m=[32m"true"[39m
@qbs-autonaim/recruitment-assistant-extension:test:   [33maria-label[39m=[32m"╨Ш╨╖╨▓╨╗╨╡╤З╤М ╨┤╨░╨╜╨╜╤Л╨╡ ╨┐╤А╨╛╤Д╨╕╨╗╤П ╨║╨░╨╜╨┤╨╕╨┤╨░╤В╨░"[39m
@qbs-autonaim/recruitment-assistant-extension:test:   [33maria-live[39m=[32m"polite"[39m
@qbs-autonaim/recruitment-assistant-extension:test:   [33mdisabled[39m=[32m""[39m
@qbs-autonaim/recruitment-assistant-extension:test:   [33mstyle[39m=[32m"min-width: 44px; min-height: 44px; padding: 12px 24px; font-size: 16px; font-weight: 500; color: #ffffff; background-color: #6b7280; border: none none; border-radius: 8px; cursor: not-allowed; touch-action: manipulation; transition: background-color 0.2s ease, transform 0.1s ease, box-shadow 0.2s ease; display: flex; align-items: center; justify-content: center; gap: 8px; box-shadow: 0 1px 3px 0 rgba(0, 0, 0, 0.1), 0 1px 2px -1px rgba(0, 0, 0, 0.1); position: relative; outline-color: none; outline-style: none; outline-width: initial;"[39m
@qbs-autonaim/recruitment-assistant-extension:test:   [33mtype[39m=[32m"button"[39m
@qbs-autonaim/recruitment-assistant-extension:test: [36m>[39m
@qbs-autonaim/recruitment-assistant-extension:test:   [36m<svg[39m
@qbs-autonaim/recruitment-assistant-extension:test:     [33maria-hidden[39m=[32m"true"[39m
@qbs-autonaim/recruitment-assistant-extension:test:     [33mfill[39m=[32m"none"[39m
@qbs-autonaim/recruitment-assistant-extension:test:     [33mrole[39m=[32m"presentation"[39m
@qbs-autonaim/recruitment-assistant-extension:test:     [33mstyle[39m=[32m"width: 16px; height: 16px; animation: spin 1s linear infinite; flex-shrink: 0;"[39m
@qbs-autonaim/recruitment-assistant-extension:test:     [33mviewBox[39m=[32m"0 0 24 24"[39m
@qbs-autonaim/recruitment-assistant-extension:test:   [36m>[39m
@qbs-autonaim/recruitment-assistant-extension:test:     [36m<circle[39m
@qbs-autonaim/recruitment-assistant-extension:test:       [33mcx[39m=[32m"12"[39m
@qbs-autonaim/recruitment-assistant-extension:test:       [33mcy[39m=[32m"12"[39m
@qbs-autonaim/recruitment-assistant-extension:test:       [33mr[39m=[32m"10"[39m
@qbs-autonaim/recruitment-assistant-extension:test:       [33mstroke[39m=[32m"currentColor"[39m
@qbs-autonaim/recruitment-assistant-extension:test:       [33mstroke-opacity[39m=[32m"0.25"[39m
@qbs-autonaim/recruitment-assistant-extension:test:       [33mstroke-width[39m=[32m"4"[39m
@qbs-autonaim/recruitment-assistant-extension:test:     [36m/>[39m
@qbs-autonaim/recruitment-assistant-extension:test:     [36m<path[39m
@qbs-autonaim/recruitment-assistant-extension:test:       [33md[39m=[32m"M4 12a8 8 0 018-8V0C5.373 0 0 5.373 0 12h4zm2 5.291A7.962 7.962 0 014 12H0c0 3.042 1.135 5.824 3 7.938l3-2.647z"[39m
@qbs-autonaim/recruitment-assistant-extension:test:       [33mfill[39m=[32m"currentColor"[39m
@qbs-autonaim/recruitment-assistant-extension:test:       [33mopacity[39m=[32m"0.75"[39m
@qbs-autonaim/recruitment-assistant-extension:test:     [36m/>[39m
@qbs-autonaim/recruitment-assistant-extension:test:   [36m</svg>[39m
@qbs-autonaim/recruitment-assistant-extension:test:   [36m<span[39m
@qbs-autonaim/recruitment-assistant-extension:test:     [33mstyle[39m=[32m"white-space: nowrap;"[39m
@qbs-autonaim/recruitment-assistant-extension:test:   [36m>[39m
@qbs-autonaim/recruitment-assistant-extension:test:     [0m╨Ш╨╖╨▓╨╗╨╡╤З╨╡╨╜╨╕╨╡ ╨┤╨░╨╜╨╜╤Л╤ЕтАж[0m
@qbs-autonaim/recruitment-assistant-extension:test:   [36m</span>[39m
@qbs-autonaim/recruitment-assistant-extension:test: [36m</button>[39m
@qbs-autonaim/recruitment-assistant-extension:test: 
@qbs-autonaim/recruitment-assistant-extension:test: Ignored nodes: comments, script, style
@qbs-autonaim/recruitment-assistant-extension:test: [36m<button[39m
@qbs-autonaim/recruitment-assistant-extension:test:   [33maria-busy[39m=[32m"false"[39m
@qbs-autonaim/recruitment-assistant-extension:test:   [33maria-label[39m=[32m"╨Ш╨╖╨▓╨╗╨╡╤З╤М ╨┤╨░╨╜╨╜╤Л╨╡ ╨┐╤А╨╛╤Д╨╕╨╗╤П ╨║╨░╨╜╨┤╨╕╨┤╨░╤В╨░"[39m
@qbs-autonaim/recruitment-assistant-extension:test:   [33maria-live[39m=[32m"polite"[39m
@qbs-autonaim/recruitment-assistant-extension:test:   [33mstyle[39m=[32m"min-width: 44px; min-height: 44px; padding: 12px 24px; font-size: 16px; font-weight: 500; color: #ffffff; background-color: #2563eb; border: none none; border-radius: 8px; cursor: pointer; touch-action: manipulation; transition: background-color 0.2s ease, transform 0.1s ease, box-shadow 0.2s ease; display: flex; align-items: center; justify-content: center; gap: 8px; box-shadow: 0 1px 3px 0 rgba(0, 0, 0, 0.1), 0 1px 2px -1px rgba(0, 0, 0, 0.1); position: relative; outline-color: none; outline-style: none; outline-width: initial;"[39m
@qbs-autonaim/recruitment-assistant-extension:test:   [33mtype[39m=[32m"button"[39m
@qbs-autonaim/recruitment-assistant-extension:test: [36m>[39m
@qbs-autonaim/recruitment-assistant-extension:test:   [36m<span[39m
@qbs-autonaim/recruitment-assistant-extension:test:     [33mstyle[39m=[32m"white-space: nowrap;"[39m
@qbs-autonaim/recruitment-assistant-extension:test:   [36m>[39m
@qbs-autonaim/recruitment-assistant-extension:test:     [0m╨Ш╨╖╨▓╨╗╨╡╤З╤М ╨┤╨░╨╜╨╜╤Л╨╡[0m
@qbs-autonaim/recruitment-assistant-extension:test:   [36m</span>[39m
@qbs-autonaim/recruitment-assistant-extension:test: [36m</button>[39m
@qbs-autonaim/recruitment-assistant-extension:test: 
@qbs-autonaim/recruitment-assistant-extension:test: Ignored nodes: comments, script, style
@qbs-autonaim/recruitment-assistant-extension:test: [36m<button[39m
@qbs-autonaim/recruitment-assistant-extension:test:   [33maria-busy[39m=[32m"false"[39m
@qbs-autonaim/recruitment-assistant-extension:test:   [33maria-label[39m=[32m"╨Ш╨╖╨▓╨╗╨╡╤З╤М ╨┤╨░╨╜╨╜╤Л╨╡ ╨┐╤А╨╛╤Д╨╕╨╗╤П ╨║╨░╨╜╨┤╨╕╨┤╨░╤В╨░"[39m
@qbs-autonaim/recruitment-assistant-extension:test:   [33maria-live[39m=[32m"polite"[39m
@qbs-autonaim/recruitment-assistant-extension:test:   [33mstyle[39m=[32m"min-width: 44px; min-height: 44px; padding: 12px 24px; font-size: 16px; font-weight: 500; color: #ffffff; background-color: #2563eb; border: none none; border-radius: 8px; cursor: pointer; touch-action: manipulation; transition: background-color 0.2s ease, transform 0.1s ease, box-shadow 0.2s ease; display: flex; align-items: center; justify-content: center; gap: 8px; box-shadow: 0 1px 3px 0 rgba(0, 0, 0, 0.1), 0 1px 2px -1px rgba(0, 0, 0, 0.1); position: relative; outline-color: none; outline-style: none; outline-width: initial;"[39m
@qbs-autonaim/recruitment-assistant-extension:test:   [33mtype[39m=[32m"button"[39m
@qbs-autonaim/recruitment-assistant-extension:test: [36m>[39m
@qbs-autonaim/recruitment-assistant-extension:test:   [36m<span[39m
@qbs-autonaim/recruitment-assistant-extension:test:     [33mstyle[39m=[32m"white-space: nowrap;"[39m
@qbs-autonaim/recruitment-assistant-extension:test:   [36m>[39m
@qbs-autonaim/recruitment-assistant-extension:test:     [0m╨Ш╨╖╨▓╨╗╨╡╤З╤М ╨┤╨░╨╜╨╜╤Л╨╡[0m
@qbs-autonaim/recruitment-assistant-extension:test:   [36m</span>[39m
@qbs-autonaim/recruitment-assistant-extension:test: [36m</button>[39m
@qbs-autonaim/recruitment-assistant-extension:test: 
@qbs-autonaim/recruitment-assistant-extension:test: Ignored nodes: comments, script, style
@qbs-autonaim/recruitment-assistant-extension:test: [36m<button[39m
@qbs-autonaim/recruitment-assistant-extension:test:   [33maria-busy[39m=[32m"false"[39m
@qbs-autonaim/recruitment-assistant-extension:test:   [33maria-label[39m=[32m"╨Ш╨╖╨▓╨╗╨╡╤З╤М ╨┤╨░╨╜╨╜╤Л╨╡ ╨┐╤А╨╛╤Д╨╕╨╗╤П ╨║╨░╨╜╨┤╨╕╨┤╨░╤В╨░"[39m
@qbs-autonaim/recruitment-assistant-extension:test:   [33maria-live[39m=[32m"polite"[39m
@qbs-autonaim/recruitment-assistant-extension:test:   [33mstyle[39m=[32m"min-width: 44px; min-height: 44px; padding: 12px 24px; font-size: 16px; font-weight: 500; color: #ffffff; background-color: #2563eb; border: none none; border-radius: 8px; cursor: pointer; touch-action: manipulation; transition: background-color 0.2s ease, transform 0.1s ease, box-shadow 0.2s ease; display: flex; align-items: center; justify-content: center; gap: 8px; box-shadow: 0 1px 3px 0 rgba(0, 0, 0, 0.1), 0 1px 2px -1px rgba(0, 0, 0, 0.1); position: relative; outline-color: none; outline-style: none; outline-width: initial;"[39m
@qbs-autonaim/recruitment-assistant-extension:test:   [33mtype[39m=[32m"button"[39m
@qbs-autonaim/recruitment-assistant-extension:test: [36m>[39m
@qbs-autonaim/recruitment-assistant-extension:test:   [36m<span[39m
@qbs-autonaim/recruitment-assistant-extension:test:     [33mstyle[39m=[32m"white-space: nowrap;"[39m
@qbs-autonaim/recruitment-assistant-extension:test:   [36m>[39m
@qbs-autonaim/recruitment-assistant-extension:test:     [0m╨Ш╨╖╨▓╨╗╨╡╤З╤М ╨┤╨░╨╜╨╜╤Л╨╡[0m
@qbs-autonaim/recruitment-assistant-extension:test:   [36m</span>[39m
@qbs-autonaim/recruitment-assistant-extension:test: [36m</button>[39m
@qbs-autonaim/recruitment-assistant-extension:test: 
@qbs-autonaim/recruitment-assistant-extension:test: Ignored nodes: comments, script, style
@qbs-autonaim/recruitment-assistant-extension:test: [36m<button[39m
@qbs-autonaim/recruitment-assistant-extension:test:   [33maria-busy[39m=[32m"true"[39m
@qbs-autonaim/recruitment-assistant-extension:test:   [33maria-label[39m=[32m"╨Ш╨╖╨▓╨╗╨╡╤З╤М ╨┤╨░╨╜╨╜╤Л╨╡ ╨┐╤А╨╛╤Д╨╕╨╗╤П ╨║╨░╨╜╨┤╨╕╨┤╨░╤В╨░"[39m
@qbs-autonaim/recruitment-assistant-extension:test:   [33maria-live[39m=[32m"polite"[39m
@qbs-autonaim/recruitment-assistant-extension:test:   [33mdisabled[39m=[32m""[39m
@qbs-autonaim/recruitment-assistant-extension:test:   [33mstyle[39m=[32m"min-width: 44px; min-height: 44px; padding: 12px 24px; font-size: 16px; font-weight: 500; color: #ffffff; background-color: #6b7280; border: none none; border-radius: 8px; cursor: not-allowed; touch-action: manipulation; transition: background-color 0.2s ease, transform 0.1s ease, box-shadow 0.2s ease; display: flex; align-items: center; justify-content: center; gap: 8px; box-shadow: 0 1px 3px 0 rgba(0, 0, 0, 0.1), 0 1px 2px -1px rgba(0, 0, 0, 0.1); position: relative; outline-color: none; outline-style: none; outline-width: initial;"[39m
@qbs-autonaim/recruitment-assistant-extension:test:   [33mtype[39m=[32m"button"[39m
@qbs-autonaim/recruitment-assistant-extension:test: [36m>[39m
@qbs-autonaim/recruitment-assistant-extension:test:   [36m<svg[39m
@qbs-autonaim/recruitment-assistant-extension:test:     [33maria-hidden[39m=[32m"true"[39m
@qbs-autonaim/recruitment-assistant-extension:test:     [33mfill[39m=[32m"none"[39m
@qbs-autonaim/recruitment-assistant-extension:test:     [33mrole[39m=[32m"presentation"[39m
@qbs-autonaim/recruitment-assistant-extension:test:     [33mstyle[39m=[32m"width: 16px; height: 16px; animation: spin 1s linear infinite; flex-shrink: 0;"[39m
@qbs-autonaim/recruitment-assistant-extension:test:     [33mviewBox[39m=[32m"0 0 24 24"[39m
@qbs-autonaim/recruitment-assistant-extension:test:   [36m>[39m
@qbs-autonaim/recruitment-assistant-extension:test:     [36m<circle[39m
@qbs-autonaim/recruitment-assistant-extension:test:       [33mcx[39m=[32m"12"[39m
@qbs-autonaim/recruitment-assistant-extension:test:       [33mcy[39m=[32m"12"[39m
@qbs-autonaim/recruitment-assistant-extension:test:       [33mr[39m=[32m"10"[39m
@qbs-autonaim/recruitment-assistant-extension:test:       [33mstroke[39m=[32m"currentColor"[39m
@qbs-autonaim/recruitment-assistant-extension:test:       [33mstroke-opacity[39m=[32m"0.25"[39m
@qbs-autonaim/recruitment-assistant-extension:test:       [33mstroke-width[39m=[32m"4"[39m
@qbs-autonaim/recruitment-assistant-extension:test:     [36m/>[39m
@qbs-autonaim/recruitment-assistant-extension:test:     [36m<path[39m
@qbs-autonaim/recruitment-assistant-extension:test:       [33md[39m=[32m"M4 12a8 8 0 018-8V0C5.373 0 0 5.373 0 12h4zm2 5.291A7.962 7.962 0 014 12H0c0 3.042 1.135 5.824 3 7.938l3-2.647z"[39m
@qbs-autonaim/recruitment-assistant-extension:test:       [33mfill[39m=[32m"currentColor"[39m
@qbs-autonaim/recruitment-assistant-extension:test:       [33mopacity[39m=[32m"0.75"[39m
@qbs-autonaim/recruitment-assistant-extension:test:     [36m/>[39m
@qbs-autonaim/recruitment-assistant-extension:test:   [36m</svg>[39m
@qbs-autonaim/recruitment-assistant-extension:test:   [36m<span[39m
@qbs-autonaim/recruitment-assistant-extension:test:     [33mstyle[39m=[32m"white-space: nowrap;"[39m
@qbs-autonaim/recruitment-assistant-extension:test:   [36m>[39m
@qbs-autonaim/recruitment-assistant-extension:test:     [0m╨Ш╨╖╨▓╨╗╨╡╤З╨╡╨╜╨╕╨╡ ╨┤╨░╨╜╨╜╤Л╤ЕтАж[0m
@qbs-autonaim/recruitment-assistant-extension:test:   [36m</span>[39m
@qbs-autonaim/recruitment-assistant-extension:test: [36m</button>[39m
@qbs-autonaim/recruitment-assistant-extension:test: 
@qbs-autonaim/recruitment-assistant-extension:test: Ignored nodes: comments, script, style
@qbs-autonaim/recruitment-assistant-extension:test: [36m<button[39m
@qbs-autonaim/recruitment-assistant-extension:test:   [33maria-busy[39m=[32m"false"[39m
@qbs-autonaim/recruitment-assistant-extension:test:   [33maria-label[39m=[32m"╨Ш╨╖╨▓╨╗╨╡╤З╤М ╨┤╨░╨╜╨╜╤Л╨╡ ╨┐╤А╨╛╤Д╨╕╨╗╤П ╨║╨░╨╜╨┤╨╕╨┤╨░╤В╨░"[39m
@qbs-autonaim/recruitment-assistant-extension:test:   [33maria-live[39m=[32m"polite"[39m
@qbs-autonaim/recruitment-assistant-extension:test:   [33mstyle[39m=[32m"min-width: 44px; min-height: 44px; padding: 12px 24px; font-size: 16px; font-weight: 500; color: #ffffff; background-color: #2563eb; border: none none; border-radius: 8px; cursor: pointer; touch-action: manipulation; transition: background-color 0.2s ease, transform 0.1s ease, box-shadow 0.2s ease; display: flex; align-items: center; justify-content: center; gap: 8px; box-shadow: 0 1px 3px 0 rgba(0, 0, 0, 0.1), 0 1px 2px -1px rgba(0, 0, 0, 0.1); position: relative; outline-color: none; outline-style: none; outline-width: initial;"[39m
@qbs-autonaim/recruitment-assistant-extension:test:   [33mtype[39m=[32m"button"[39m
@qbs-autonaim/recruitment-assistant-extension:test: [36m>[39m
@qbs-autonaim/recruitment-assistant-extension:test:   [36m<span[39m
@qbs-autonaim/recruitment-assistant-extension:test:     [33mstyle[39m=[32m"white-space: nowrap;"[39m
@qbs-autonaim/recruitment-assistant-extension:test:   [36m>[39m
@qbs-autonaim/recruitment-assistant-extension:test:     [0m╨Ш╨╖╨▓╨╗╨╡╤З╤М ╨┤╨░╨╜╨╜╤Л╨╡[0m
@qbs-autonaim/recruitment-assistant-extension:test:   [36m</span>[39m
@qbs-autonaim/recruitment-assistant-extension:test: [36m</button>[39m
@qbs-autonaim/recruitment-assistant-extension:test: 
@qbs-autonaim/recruitment-assistant-extension:test: Ignored nodes: comments, script, style
@qbs-autonaim/recruitment-assistant-extension:test: [36m<button[39m
@qbs-autonaim/recruitment-assistant-extension:test:   [33maria-busy[39m=[32m"true"[39m
@qbs-autonaim/recruitment-assistant-extension:test:   [33maria-label[39m=[32m"╨Ш╨╖╨▓╨╗╨╡╤З╤М ╨┤╨░╨╜╨╜╤Л╨╡ ╨┐╤А╨╛╤Д╨╕╨╗╤П ╨║╨░╨╜╨┤╨╕╨┤╨░╤В╨░"[39m
@qbs-autonaim/recruitment-assistant-extension:test:   [33maria-live[39m=[32m"polite"[39m
@qbs-autonaim/recruitment-assistant-extension:test:   [33mdisabled[39m=[32m""[39m
@qbs-autonaim/recruitment-assistant-extension:test:   [33mstyle[39m=[32m"min-width: 44px; min-height: 44px; padding: 12px 24px; font-size: 16px; font-weight: 500; color: #ffffff; background-color: #6b7280; border: none none; border-radius: 8px; cursor: not-allowed; touch-action: manipulation; transition: background-color 0.2s ease, transform 0.1s ease, box-shadow 0.2s ease; display: flex; align-items: center; justify-content: center; gap: 8px; box-shadow: 0 1px 3px 0 rgba(0, 0, 0, 0.1), 0 1px 2px -1px rgba(0, 0, 0, 0.1); position: relative; outline-color: none; outline-style: none; outline-width: initial;"[39m
@qbs-autonaim/recruitment-assistant-extension:test:   [33mtype[39m=[32m"button"[39m
@qbs-autonaim/recruitment-assistant-extension:test: [36m>[39m
@qbs-autonaim/recruitment-assistant-extension:test:   [36m<svg[39m
@qbs-autonaim/recruitment-assistant-extension:test:     [33maria-hidden[39m=[32m"true"[39m
@qbs-autonaim/recruitment-assistant-extension:test:     [33mfill[39m=[32m"none"[39m
@qbs-autonaim/recruitment-assistant-extension:test:     [33mrole[39m=[32m"presentation"[39m
@qbs-autonaim/recruitment-assistant-extension:test:     [33mstyle[39m=[32m"width: 16px; height: 16px; animation: spin 1s linear infinite; flex-shrink: 0;"[39m
@qbs-autonaim/recruitment-assistant-extension:test:     [33mviewBox[39m=[32m"0 0 24 24"[39m
@qbs-autonaim/recruitment-assistant-extension:test:   [36m>[39m
@qbs-autonaim/recruitment-assistant-extension:test:     [36m<circle[39m
@qbs-autonaim/recruitment-assistant-extension:test:       [33mcx[39m=[32m"12"[39m
@qbs-autonaim/recruitment-assistant-extension:test:       [33mcy[39m=[32m"12"[39m
@qbs-autonaim/recruitment-assistant-extension:test:       [33mr[39m=[32m"10"[39m
@qbs-autonaim/recruitment-assistant-extension:test:       [33mstroke[39m=[32m"currentColor"[39m
@qbs-autonaim/recruitment-assistant-extension:test:       [33mstroke-opacity[39m=[32m"0.25"[39m
@qbs-autonaim/recruitment-assistant-extension:test:       [33mstroke-width[39m=[32m"4"[39m
@qbs-autonaim/recruitment-assistant-extension:test:     [36m/>[39m
@qbs-autonaim/recruitment-assistant-extension:test:     [36m<path[39m
@qbs-autonaim/recruitment-assistant-extension:test:       [33md[39m=[32m"M4 12a8 8 0 018-8V0C5.373 0 0 5.373 0 12h4zm2 5.291A7.962 7.962 0 014 12H0c0 3.042 1.135 5.824 3 7.938l3-2.647z"[39m
@qbs-autonaim/recruitment-assistant-extension:test:       [33mfill[39m=[32m"currentColor"[39m
@qbs-autonaim/recruitment-assistant-extension:test:       [33mopacity[39m=[32m"0.75"[39m
@qbs-autonaim/recruitment-assistant-extension:test:     [36m/>[39m
@qbs-autonaim/recruitment-assistant-extension:test:   [36m</svg>[39m
@qbs-autonaim/recruitment-assistant-extension:test:   [36m<span[39m
@qbs-autonaim/recruitment-assistant-extension:test:     [33mstyle[39m=[32m"white-space: nowrap;"[39m
@qbs-autonaim/recruitment-assistant-extension:test:   [36m>[39m
@qbs-autonaim/recruitment-assistant-extension:test:     [0m╨Ш╨╖╨▓╨╗╨╡╤З╨╡╨╜╨╕╨╡ ╨┤╨░╨╜╨╜╤Л╤ЕтАж[0m
@qbs-autonaim/recruitment-assistant-extension:test:   [36m</span>[39m
@qbs-autonaim/recruitment-assistant-extension:test: [36m</button>[39m
@qbs-autonaim/recruitment-assistant-extension:test: 
@qbs-autonaim/recruitment-assistant-extension:test: Ignored nodes: comments, script, style
@qbs-autonaim/recruitment-assistant-extension:test: [36m<button[39m
@qbs-autonaim/recruitment-assistant-extension:test:   [33maria-busy[39m=[32m"false"[39m
@qbs-autonaim/recruitment-assistant-extension:test:   [33maria-label[39m=[32m"╨Ш╨╖╨▓╨╗╨╡╤З╤М ╨┤╨░╨╜╨╜╤Л╨╡ ╨┐╤А╨╛╤Д╨╕╨╗╤П ╨║╨░╨╜╨┤╨╕╨┤╨░╤В╨░"[39m
@qbs-autonaim/recruitment-assistant-extension:test:   [33maria-live[39m=[32m"polite"[39m
@qbs-autonaim/recruitment-assistant-extension:test:   [33mstyle[39m=[32m"min-width: 44px; min-height: 44px; padding: 12px 24px; font-size: 16px; font-weight: 500; color: #ffffff; background-color: #2563eb; border: none none; border-radius: 8px; cursor: pointer; touch-action: manipulation; transition: background-color 0.2s ease, transform 0.1s ease, box-shadow 0.2s ease; display: flex; align-items: center; justify-content: center; gap: 8px; box-shadow: 0 1px 3px 0 rgba(0, 0, 0, 0.1), 0 1px 2px -1px rgba(0, 0, 0, 0.1); position: relative; outline-color: none; outline-style: none; outline-width: initial;"[39m
@qbs-autonaim/recruitment-assistant-extension:test:   [33mtype[39m=[32m"button"[39m
@qbs-autonaim/recruitment-assistant-extension:test: [36m>[39m
@qbs-autonaim/recruitment-assistant-extension:test:   [36m<span[39m
@qbs-autonaim/recruitment-assistant-extension:test:     [33mstyle[39m=[32m"white-space: nowrap;"[39m
@qbs-autonaim/recruitment-assistant-extension:test:   [36m>[39m
@qbs-autonaim/recruitment-assistant-extension:test:     [0m╨Ш╨╖╨▓╨╗╨╡╤З╤М ╨┤╨░╨╜╨╜╤Л╨╡[0m
@qbs-autonaim/recruitment-assistant-extension:test:   [36m</span>[39m
@qbs-autonaim/recruitment-assistant-extension:test: [36m</button>[39m
@qbs-autonaim/recruitment-assistant-extension:test: 
@qbs-autonaim/recruitment-assistant-extension:test: Ignored nodes: comments, script, style
@qbs-autonaim/recruitment-assistant-extension:test: [36m<button[39m
@qbs-autonaim/recruitment-assistant-extension:test:   [33maria-busy[39m=[32m"true"[39m
@qbs-autonaim/recruitment-assistant-extension:test:   [33maria-label[39m=[32m"╨Ш╨╖╨▓╨╗╨╡╤З╤М ╨┤╨░╨╜╨╜╤Л╨╡ ╨┐╤А╨╛╤Д╨╕╨╗╤П ╨║╨░╨╜╨┤╨╕╨┤╨░╤В╨░"[39m
@qbs-autonaim/recruitment-assistant-extension:test:   [33maria-live[39m=[32m"polite"[39m
@qbs-autonaim/recruitment-assistant-extension:test:   [33mdisabled[39m=[32m""[39m
@qbs-autonaim/recruitment-assistant-extension:test:   [33mstyle[39m=[32m"min-width: 44px; min-height: 44px; padding: 12px 24px; font-size: 16px; font-weight: 500; color: #ffffff; background-color: #6b7280; border: none none; border-radius: 8px; cursor: not-allowed; touch-action: manipulation; transition: background-color 0.2s ease, transform 0.1s ease, box-shadow 0.2s ease; display: flex; align-items: center; justify-content: center; gap: 8px; box-shadow: 0 1px 3px 0 rgba(0, 0, 0, 0.1), 0 1px 2px -1px rgba(0, 0, 0, 0.1); position: relative; outline-color: none; outline-style: none; outline-width: initial;"[39m
@qbs-autonaim/recruitment-assistant-extension:test:   [33mtype[39m=[32m"button"[39m
@qbs-autonaim/recruitment-assistant-extension:test: [36m>[39m
@qbs-autonaim/recruitment-assistant-extension:test:   [36m<svg[39m
@qbs-autonaim/recruitment-assistant-extension:test:     [33maria-hidden[39m=[32m"true"[39m
@qbs-autonaim/recruitment-assistant-extension:test:     [33mfill[39m=[32m"none"[39m
@qbs-autonaim/recruitment-assistant-extension:test:     [33mrole[39m=[32m"presentation"[39m
@qbs-autonaim/recruitment-assistant-extension:test:     [33mstyle[39m=[32m"width: 16px; height: 16px; animation: spin 1s linear infinite; flex-shrink: 0;"[39m
@qbs-autonaim/recruitment-assistant-extension:test:     [33mviewBox[39m=[32m"0 0 24 24"[39m
@qbs-autonaim/recruitment-assistant-extension:test:   [36m>[39m
@qbs-autonaim/recruitment-assistant-extension:test:     [36m<circle[39m
@qbs-autonaim/recruitment-assistant-extension:test:       [33mcx[39m=[32m"12"[39m
@qbs-autonaim/recruitment-assistant-extension:test:       [33mcy[39m=[32m"12"[39m
@qbs-autonaim/recruitment-assistant-extension:test:       [33mr[39m=[32m"10"[39m
@qbs-autonaim/recruitment-assistant-extension:test:       [33mstroke[39m=[32m"currentColor"[39m
@qbs-autonaim/recruitment-assistant-extension:test:       [33mstroke-opacity[39m=[32m"0.25"[39m
@qbs-autonaim/recruitment-assistant-extension:test:       [33mstroke-width[39m=[32m"4"[39m
@qbs-autonaim/recruitment-assistant-extension:test:     [36m/>[39m
@qbs-autonaim/recruitment-assistant-extension:test:     [36m<path[39m
@qbs-autonaim/recruitment-assistant-extension:test:       [33md[39m=[32m"M4 12a8 8 0 018-8V0C5.373 0 0 5.373 0 12h4zm2 5.291A7.962 7.962 0 014 12H0c0 3.042 1.135 5.824 3 7.938l3-2.647z"[39m
@qbs-autonaim/recruitment-assistant-extension:test:       [33mfill[39m=[32m"currentColor"[39m
@qbs-autonaim/recruitment-assistant-extension:test:       [33mopacity[39m=[32m"0.75"[39m
@qbs-autonaim/recruitment-assistant-extension:test:     [36m/>[39m
@qbs-autonaim/recruitment-assistant-extension:test:   [36m</svg>[39m
@qbs-autonaim/recruitment-assistant-extension:test:   [36m<span[39m
@qbs-autonaim/recruitment-assistant-extension:test:     [33mstyle[39m=[32m"white-space: nowrap;"[39m
@qbs-autonaim/recruitment-assistant-extension:test:   [36m>[39m
@qbs-autonaim/recruitment-assistant-extension:test:     [0m╨Ш╨╖╨▓╨╗╨╡╤З╨╡╨╜╨╕╨╡ ╨┤╨░╨╜╨╜╤Л╤ЕтАж[0m
@qbs-autonaim/recruitment-assistant-extension:test:   [36m</span>[39m
@qbs-autonaim/recruitment-assistant-extension:test: [36m</button>[39m
@qbs-autonaim/recruitment-assistant-extension:test: 
@qbs-autonaim/recruitment-assistant-extension:test: Ignored nodes: comments, script, style
@qbs-autonaim/recruitment-assistant-extension:test: [36m<button[39m
@qbs-autonaim/recruitment-assistant-extension:test:   [33maria-busy[39m=[32m"true"[39m
@qbs-autonaim/recruitment-assistant-extension:test:   [33maria-label[39m=[32m"╨Ш╨╖╨▓╨╗╨╡╤З╤М ╨┤╨░╨╜╨╜╤Л╨╡ ╨┐╤А╨╛╤Д╨╕╨╗╤П ╨║╨░╨╜╨┤╨╕╨┤╨░╤В╨░"[39m
@qbs-autonaim/recruitment-assistant-extension:test:   [33maria-live[39m=[32m"polite"[39m
@qbs-autonaim/recruitment-assistant-extension:test:   [33mdisabled[39m=[32m""[39m
@qbs-autonaim/recruitment-assistant-extension:test:   [33mstyle[39m=[32m"min-width: 44px; min-height: 44px; padding: 12px 24px; font-size: 16px; font-weight: 500; color: #ffffff; background-color: #6b7280; border: none none; border-radius: 8px; cursor: not-allowed; touch-action: manipulation; transition: background-color 0.2s ease, transform 0.1s ease, box-shadow 0.2s ease; display: flex; align-items: center; justify-content: center; gap: 8px; box-shadow: 0 1px 3px 0 rgba(0, 0, 0, 0.1), 0 1px 2px -1px rgba(0, 0, 0, 0.1); position: relative; outline-color: none; outline-style: none; outline-width: initial;"[39m
@qbs-autonaim/recruitment-assistant-extension:test:   [33mtype[39m=[32m"button"[39m
@qbs-autonaim/recruitment-assistant-extension:test: [36m>[39m
@qbs-autonaim/recruitment-assistant-extension:test:   [36m<svg[39m
@qbs-autonaim/recruitment-assistant-extension:test:     [33maria-hidden[39m=[32m"true"[39m
@qbs-autonaim/recruitment-assistant-extension:test:     [33mfill[39m=[32m"none"[39m
@qbs-autonaim/recruitment-assistant-extension:test:     [33mrole[39m=[32m"presentation"[39m
@qbs-autonaim/recruitment-assistant-extension:test:     [33mstyle[39m=[32m"width: 16px; height: 16px; animation: spin 1s linear infinite; flex-shrink: 0;"[39m
@qbs-autonaim/recruitment-assistant-extension:test:     [33mviewBox[39m=[32m"0 0 24 24"[39m
@qbs-autonaim/recruitment-assistant-extension:test:   [36m>[39m
@qbs-autonaim/recruitment-assistant-extension:test:     [36m<circle[39m
@qbs-autonaim/recruitment-assistant-extension:test:       [33mcx[39m=[32m"12"[39m
@qbs-autonaim/recruitment-assistant-extension:test:       [33mcy[39m=[32m"12"[39m
@qbs-autonaim/recruitment-assistant-extension:test:       [33mr[39m=[32m"10"[39m
@qbs-autonaim/recruitment-assistant-extension:test:       [33mstroke[39m=[32m"currentColor"[39m
@qbs-autonaim/recruitment-assistant-extension:test:       [33mstroke-opacity[39m=[32m"0.25"[39m
@qbs-autonaim/recruitment-assistant-extension:test:       [33mstroke-width[39m=[32m"4"[39m
@qbs-autonaim/recruitment-assistant-extension:test:     [36m/>[39m
@qbs-autonaim/recruitment-assistant-extension:test:     [36m<path[39m
@qbs-autonaim/recruitment-assistant-extension:test:       [33md[39m=[32m"M4 12a8 8 0 018-8V0C5.373 0 0 5.373 0 12h4zm2 5.291A7.962 7.962 0 014 12H0c0 3.042 1.135 5.824 3 7.938l3-2.647z"[39m
@qbs-autonaim/recruitment-assistant-extension:test:       [33mfill[39m=[32m"currentColor"[39m
@qbs-autonaim/recruitment-assistant-extension:test:       [33mopacity[39m=[32m"0.75"[39m
@qbs-autonaim/recruitment-assistant-extension:test:     [36m/>[39m
@qbs-autonaim/recruitment-assistant-extension:test:   [36m</svg>[39m
@qbs-autonaim/recruitment-assistant-extension:test:   [36m<span[39m
@qbs-autonaim/recruitment-assistant-extension:test:     [33mstyle[39m=[32m"white-space: nowrap;"[39m
@qbs-autonaim/recruitment-assistant-extension:test:   [36m>[39m
@qbs-autonaim/recruitment-assistant-extension:test:     [0m╨Ш╨╖╨▓╨╗╨╡╤З╨╡╨╜╨╕╨╡ ╨┤╨░╨╜╨╜╤Л╤ЕтАж[0m
@qbs-autonaim/recruitment-assistant-extension:test:   [36m</span>[39m
@qbs-autonaim/recruitment-assistant-extension:test: [36m</button>[39m
@qbs-autonaim/recruitment-assistant-extension:test: 
@qbs-autonaim/recruitment-assistant-extension:test: Ignored nodes: comments, script, style
@qbs-autonaim/recruitment-assistant-extension:test: [36m<button[39m
@qbs-autonaim/recruitment-assistant-extension:test:   [33maria-busy[39m=[32m"false"[39m
@qbs-autonaim/recruitment-assistant-extension:test:   [33maria-label[39m=[32m"╨Ш╨╖╨▓╨╗╨╡╤З╤М ╨┤╨░╨╜╨╜╤Л╨╡ ╨┐╤А╨╛╤Д╨╕╨╗╤П ╨║╨░╨╜╨┤╨╕╨┤╨░╤В╨░"[39m
@qbs-autonaim/recruitment-assistant-extension:test:   [33maria-live[39m=[32m"polite"[39m
@qbs-autonaim/recruitment-assistant-extension:test:   [33mstyle[39m=[32m"min-width: 44px; min-height: 44px; padding: 12px 24px; font-size: 16px; font-weight: 500; color: #ffffff; background-color: #2563eb; border: none none; border-radius: 8px; cursor: pointer; touch-action: manipulation; transition: background-color 0.2s ease, transform 0.1s ease, box-shadow 0.2s ease; display: flex; align-items: center; justify-content: center; gap: 8px; box-shadow: 0 1px 3px 0 rgba(0, 0, 0, 0.1), 0 1px 2px -1px rgba(0, 0, 0, 0.1); position: relative; outline-color: none; outline-style: none; outline-width: initial;"[39m
@qbs-autonaim/recruitment-assistant-extension:test:   [33mtype[39m=[32m"button"[39m
@qbs-autonaim/recruitment-assistant-extension:test: [36m>[39m
@qbs-autonaim/recruitment-assistant-extension:test:   [36m<span[39m
@qbs-autonaim/recruitment-assistant-extension:test:     [33mstyle[39m=[32m"white-space: nowrap;"[39m
@qbs-autonaim/recruitment-assistant-extension:test:   [36m>[39m
@qbs-autonaim/recruitment-assistant-extension:test:     [0m╨Ш╨╖╨▓╨╗╨╡╤З╤М ╨┤╨░╨╜╨╜╤Л╨╡[0m
@qbs-autonaim/recruitment-assistant-extension:test:   [36m</span>[39m
@qbs-autonaim/recruitment-assistant-extension:test: [36m</button>[39m
@qbs-autonaim/recruitment-assistant-extension:test: 
@qbs-autonaim/recruitment-assistant-extension:test: Ignored nodes: comments, script, style
@qbs-autonaim/recruitment-assistant-extension:test: [36m<button[39m
@qbs-autonaim/recruitment-assistant-extension:test:   [33maria-busy[39m=[32m"false"[39m
@qbs-autonaim/recruitment-assistant-extension:test:   [33maria-label[39m=[32m"╨Ш╨╖╨▓╨╗╨╡╤З╤М ╨┤╨░╨╜╨╜╤Л╨╡ ╨┐╤А╨╛╤Д╨╕╨╗╤П ╨║╨░╨╜╨┤╨╕╨┤╨░╤В╨░"[39m
@qbs-autonaim/recruitment-assistant-extension:test:   [33maria-live[39m=[32m"polite"[39m
@qbs-autonaim/recruitment-assistant-extension:test:   [33mstyle[39m=[32m"min-width: 44px; min-height: 44px; padding: 12px 24px; font-size: 16px; font-weight: 500; color: #ffffff; background-color: #2563eb; border: none none; border-radius: 8px; cursor: pointer; touch-action: manipulation; transition: background-color 0.2s ease, transform 0.1s ease, box-shadow 0.2s ease; display: flex; align-items: center; justify-content: center; gap: 8px; box-shadow: 0 1px 3px 0 rgba(0, 0, 0, 0.1), 0 1px 2px -1px rgba(0, 0, 0, 0.1); position: relative; outline-color: none; outline-style: none; outline-width: initial;"[39m
@qbs-autonaim/recruitment-assistant-extension:test:   [33mtype[39m=[32m"button"[39m
@qbs-autonaim/recruitment-assistant-extension:test: [36m>[39m
@qbs-autonaim/recruitment-assistant-extension:test:   [36m<span[39m
@qbs-autonaim/recruitment-assistant-extension:test:     [33mstyle[39m=[32m"white-space: nowrap;"[39m
@qbs-autonaim/recruitment-assistant-extension:test:   [36m>[39m
@qbs-autonaim/recruitment-assistant-extension:test:     [0m╨Ш╨╖╨▓╨╗╨╡╤З╤М ╨┤╨░╨╜╨╜╤Л╨╡[0m
@qbs-autonaim/recruitment-assistant-extension:test:   [36m</span>[39m
@qbs-autonaim/recruitment-assistant-extension:test: [36m</button>[39m
@qbs-autonaim/recruitment-assistant-extension:test: 
@qbs-autonaim/recruitment-assistant-extension:test: Ignored nodes: comments, script, style
@qbs-autonaim/recruitment-assistant-extension:test: [36m<button[39m
@qbs-autonaim/recruitment-assistant-extension:test:   [33maria-busy[39m=[32m"false"[39m
@qbs-autonaim/recruitment-assistant-extension:test:   [33maria-label[39m=[32m"╨Ш╨╖╨▓╨╗╨╡╤З╤М ╨┤╨░╨╜╨╜╤Л╨╡ ╨┐╤А╨╛╤Д╨╕╨╗╤П ╨║╨░╨╜╨┤╨╕╨┤╨░╤В╨░"[39m
@qbs-autonaim/recruitment-assistant-extension:test:   [33maria-live[39m=[32m"polite"[39m
@qbs-autonaim/recruitment-assistant-extension:test:   [33mstyle[39m=[32m"min-width: 44px; min-height: 44px; padding: 12px 24px; font-size: 16px; font-weight: 500; color: #ffffff; background-color: #2563eb; border: none none; border-radius: 8px; cursor: pointer; touch-action: manipulation; transition: background-color 0.2s ease, transform 0.1s ease, box-shadow 0.2s ease; display: flex; align-items: center; justify-content: center; gap: 8px; box-shadow: 0 1px 3px 0 rgba(0, 0, 0, 0.1), 0 1px 2px -1px rgba(0, 0, 0, 0.1); position: relative; outline-color: none; outline-style: none; outline-width: initial;"[39m
@qbs-autonaim/recruitment-assistant-extension:test:   [33mtype[39m=[32m"button"[39m
@qbs-autonaim/recruitment-assistant-extension:test: [36m>[39m
@qbs-autonaim/recruitment-assistant-extension:test:   [36m<span[39m
@qbs-autonaim/recruitment-assistant-extension:test:     [33mstyle[39m=[32m"white-space: nowrap;"[39m
@qbs-autonaim/recruitment-assistant-extension:test:   [36m>[39m
@qbs-autonaim/recruitment-assistant-extension:test:     [0m╨Ш╨╖╨▓╨╗╨╡╤З╤М ╨┤╨░╨╜╨╜╤Л╨╡[0m
@qbs-autonaim/recruitment-assistant-extension:test:   [36m</span>[39m
@qbs-autonaim/recruitment-assistant-extension:test: [36m</button>[39m
@qbs-autonaim/recruitment-assistant-extension:test: 
@qbs-autonaim/recruitment-assistant-extension:test: Ignored nodes: comments, script, style
@qbs-autonaim/recruitment-assistant-extension:test: [36m<button[39m
@qbs-autonaim/recruitment-assistant-extension:test:   [33maria-busy[39m=[32m"false"[39m
@qbs-autonaim/recruitment-assistant-extension:test:   [33maria-label[39m=[32m"╨Ш╨╖╨▓╨╗╨╡╤З╤М ╨┤╨░╨╜╨╜╤Л╨╡ ╨┐╤А╨╛╤Д╨╕╨╗╤П ╨║╨░╨╜╨┤╨╕╨┤╨░╤В╨░"[39m
@qbs-autonaim/recruitment-assistant-extension:test:   [33maria-live[39m=[32m"polite"[39m
@qbs-autonaim/recruitment-assistant-extension:test:   [33mstyle[39m=[32m"min-width: 44px; min-height: 44px; padding: 12px 24px; font-size: 16px; font-weight: 500; color: #ffffff; background-color: #2563eb; border: none none; border-radius: 8px; cursor: pointer; touch-action: manipulation; transition: background-color 0.2s ease, transform 0.1s ease, box-shadow 0.2s ease; display: flex; align-items: center; justify-content: center; gap: 8px; box-shadow: 0 1px 3px 0 rgba(0, 0, 0, 0.1), 0 1px 2px -1px rgba(0, 0, 0, 0.1); position: relative; outline-color: none; outline-style: none; outline-width: initial;"[39m
@qbs-autonaim/recruitment-assistant-extension:test:   [33mtype[39m=[32m"button"[39m
@qbs-autonaim/recruitment-assistant-extension:test: [36m>[39m
@qbs-autonaim/recruitment-assistant-extension:test:   [36m<span[39m
@qbs-autonaim/recruitment-assistant-extension:test:     [33mstyle[39m=[32m"white-space: nowrap;"[39m
@qbs-autonaim/recruitment-assistant-extension:test:   [36m>[39m
@qbs-autonaim/recruitment-assistant-extension:test:     [0m╨Ш╨╖╨▓╨╗╨╡╤З╤М ╨┤╨░╨╜╨╜╤Л╨╡[0m
@qbs-autonaim/recruitment-assistant-extension:test:   [36m</span>[39m
@qbs-autonaim/recruitment-assistant-extension:test: [36m</button>[39m
@qbs-autonaim/recruitment-assistant-extension:test: 
@qbs-autonaim/recruitment-assistant-extension:test: Ignored nodes: comments, script, style
@qbs-autonaim/recruitment-assistant-extension:test: [36m<button[39m
@qbs-autonaim/recruitment-assistant-extension:test:   [33maria-busy[39m=[32m"false"[39m
@qbs-autonaim/recruitment-assistant-extension:test:   [33maria-label[39m=[32m"╨Ш╨╖╨▓╨╗╨╡╤З╤М ╨┤╨░╨╜╨╜╤Л╨╡ ╨┐╤А╨╛╤Д╨╕╨╗╤П ╨║╨░╨╜╨┤╨╕╨┤╨░╤В╨░"[39m
@qbs-autonaim/recruitment-assistant-extension:test:   [33maria-live[39m=[32m"polite"[39m
@qbs-autonaim/recruitment-assistant-extension:test:   [33mstyle[39m=[32m"min-width: 44px; min-height: 44px; padding: 12px 24px; font-size: 16px; font-weight: 500; color: #ffffff; background-color: #2563eb; border: none none; border-radius: 8px; cursor: pointer; touch-action: manipulation; transition: background-color 0.2s ease, transform 0.1s ease, box-shadow 0.2s ease; display: flex; align-items: center; justify-content: center; gap: 8px; box-shadow: 0 1px 3px 0 rgba(0, 0, 0, 0.1), 0 1px 2px -1px rgba(0, 0, 0, 0.1); position: relative; outline-color: none; outline-style: none; outline-width: initial;"[39m
@qbs-autonaim/recruitment-assistant-extension:test:   [33mtype[39m=[32m"button"[39m
@qbs-autonaim/recruitment-assistant-extension:test: [36m>[39m
@qbs-autonaim/recruitment-assistant-extension:test:   [36m<span[39m
@qbs-autonaim/recruitment-assistant-extension:test:     [33mstyle[39m=[32m"white-space: nowrap;"[39m
@qbs-autonaim/recruitment-assistant-extension:test:   [36m>[39m
@qbs-autonaim/recruitment-assistant-extension:test:     [0m╨Ш╨╖╨▓╨╗╨╡╤З╤М ╨┤╨░╨╜╨╜╤Л╨╡[0m
@qbs-autonaim/recruitment-assistant-extension:test:   [36m</span>[39m
@qbs-autonaim/recruitment-assistant-extension:test: [36m</button>[39m
@qbs-autonaim/recruitment-assistant-extension:test: 
@qbs-autonaim/recruitment-assistant-extension:test: Ignored nodes: comments, script, style
@qbs-autonaim/recruitment-assistant-extension:test: [36m<button[39m
@qbs-autonaim/recruitment-assistant-extension:test:   [33maria-busy[39m=[32m"true"[39m
@qbs-autonaim/recruitment-assistant-extension:test:   [33maria-label[39m=[32m"╨Ш╨╖╨▓╨╗╨╡╤З╤М ╨┤╨░╨╜╨╜╤Л╨╡ ╨┐╤А╨╛╤Д╨╕╨╗╤П ╨║╨░╨╜╨┤╨╕╨┤╨░╤В╨░"[39m
@qbs-autonaim/recruitment-assistant-extension:test:   [33maria-live[39m=[32m"polite"[39m
@qbs-autonaim/recruitment-assistant-extension:test:   [33mdisabled[39m=[32m""[39m
@qbs-autonaim/recruitment-assistant-extension:test:   [33mstyle[39m=[32m"min-width: 44px; min-height: 44px; padding: 12px 24px; font-size: 16px; font-weight: 500; color: #ffffff; background-color: #6b7280; border: none none; border-radius: 8px; cursor: not-allowed; touch-action: manipulation; transition: background-color 0.2s ease, transform 0.1s ease, box-shadow 0.2s ease; display: flex; align-items: center; justify-content: center; gap: 8px; box-shadow: 0 1px 3px 0 rgba(0, 0, 0, 0.1), 0 1px 2px -1px rgba(0, 0, 0, 0.1); position: relative; outline-color: none; outline-style: none; outline-width: initial;"[39m
@qbs-autonaim/recruitment-assistant-extension:test:   [33mtype[39m=[32m"button"[39m
@qbs-autonaim/recruitment-assistant-extension:test: [36m>[39m
@qbs-autonaim/recruitment-assistant-extension:test:   [36m<svg[39m
@qbs-autonaim/recruitment-assistant-extension:test:     [33maria-hidden[39m=[32m"true"[39m
@qbs-autonaim/recruitment-assistant-extension:test:     [33mfill[39m=[32m"none"[39m
@qbs-autonaim/recruitment-assistant-extension:test:     [33mrole[39m=[32m"presentation"[39m
@qbs-autonaim/recruitment-assistant-extension:test:     [33mstyle[39m=[32m"width: 16px; height: 16px; animation: spin 1s linear infinite; flex-shrink: 0;"[39m
@qbs-autonaim/recruitment-assistant-extension:test:     [33mviewBox[39m=[32m"0 0 24 24"[39m
@qbs-autonaim/recruitment-assistant-extension:test:   [36m>[39m
@qbs-autonaim/recruitment-assistant-extension:test:     [36m<circle[39m
@qbs-autonaim/recruitment-assistant-extension:test:       [33mcx[39m=[32m"12"[39m
@qbs-autonaim/recruitment-assistant-extension:test:       [33mcy[39m=[32m"12"[39m
@qbs-autonaim/recruitment-assistant-extension:test:       [33mr[39m=[32m"10"[39m
@qbs-autonaim/recruitment-assistant-extension:test:       [33mstroke[39m=[32m"currentColor"[39m
@qbs-autonaim/recruitment-assistant-extension:test:       [33mstroke-opacity[39m=[32m"0.25"[39m
@qbs-autonaim/recruitment-assistant-extension:test:       [33mstroke-width[39m=[32m"4"[39m
@qbs-autonaim/recruitment-assistant-extension:test:     [36m/>[39m
@qbs-autonaim/recruitment-assistant-extension:test:     [36m<path[39m
@qbs-autonaim/recruitment-assistant-extension:test:       [33md[39m=[32m"M4 12a8 8 0 018-8V0C5.373 0 0 5.373 0 12h4zm2 5.291A7.962 7.962 0 014 12H0c0 3.042 1.135 5.824 3 7.938l3-2.647z"[39m
@qbs-autonaim/recruitment-assistant-extension:test:       [33mfill[39m=[32m"currentColor"[39m
@qbs-autonaim/recruitment-assistant-extension:test:       [33mopacity[39m=[32m"0.75"[39m
@qbs-autonaim/recruitment-assistant-extension:test:     [36m/>[39m
@qbs-autonaim/recruitment-assistant-extension:test:   [36m</svg>[39m
@qbs-autonaim/recruitment-assistant-extension:test:   [36m<span[39m
@qbs-autonaim/recruitment-assistant-extension:test:     [33mstyle[39m=[32m"white-space: nowrap;"[39m
@qbs-autonaim/recruitment-assistant-extension:test:   [36m>[39m
@qbs-autonaim/recruitment-assistant-extension:test:     [0m╨Ш╨╖╨▓╨╗╨╡╤З╨╡╨╜╨╕╨╡ ╨┤╨░╨╜╨╜╤Л╤ЕтАж[0m
@qbs-autonaim/recruitment-assistant-extension:test:   [36m</span>[39m
@qbs-autonaim/recruitment-assistant-extension:test: [36m</button>[39m
@qbs-autonaim/recruitment-assistant-extension:test: 
@qbs-autonaim/recruitment-assistant-extension:test: Ignored nodes: comments, script, style
@qbs-autonaim/recruitment-assistant-extension:test: [36m<button[39m
@qbs-autonaim/recruitment-assistant-extension:test:   [33maria-busy[39m=[32m"false"[39m
@qbs-autonaim/recruitment-assistant-extension:test:   [33maria-label[39m=[32m"╨Ш╨╖╨▓╨╗╨╡╤З╤М ╨┤╨░╨╜╨╜╤Л╨╡ ╨┐╤А╨╛╤Д╨╕╨╗╤П ╨║╨░╨╜╨┤╨╕╨┤╨░╤В╨░"[39m
@qbs-autonaim/recruitment-assistant-extension:test:   [33maria-live[39m=[32m"polite"[39m
@qbs-autonaim/recruitment-assistant-extension:test:   [33mstyle[39m=[32m"min-width: 44px; min-height: 44px; padding: 12px 24px; font-size: 16px; font-weight: 500; color: #ffffff; background-color: #2563eb; border: none none; border-radius: 8px; cursor: pointer; touch-action: manipulation; transition: background-color 0.2s ease, transform 0.1s ease, box-shadow 0.2s ease; display: flex; align-items: center; justify-content: center; gap: 8px; box-shadow: 0 1px 3px 0 rgba(0, 0, 0, 0.1), 0 1px 2px -1px rgba(0, 0, 0, 0.1); position: relative; outline-color: none; outline-style: none; outline-width: initial;"[39m
@qbs-autonaim/recruitment-assistant-extension:test:   [33mtype[39m=[32m"button"[39m
@qbs-autonaim/recruitment-assistant-extension:test: [36m>[39m
@qbs-autonaim/recruitment-assistant-extension:test:   [36m<span[39m
@qbs-autonaim/recruitment-assistant-extension:test:     [33mstyle[39m=[32m"white-space: nowrap;"[39m
@qbs-autonaim/recruitment-assistant-extension:test:   [36m>[39m
@qbs-autonaim/recruitment-assistant-extension:test:     [0m╨Ш╨╖╨▓╨╗╨╡╤З╤М ╨┤╨░╨╜╨╜╤Л╨╡[0m
@qbs-autonaim/recruitment-assistant-extension:test:   [36m</span>[39m
@qbs-autonaim/recruitment-assistant-extension:test: [36m</button>[39m
@qbs-autonaim/recruitment-assistant-extension:test: 
@qbs-autonaim/recruitment-assistant-extension:test: (If this is intentional, then use the `*AllBy*` variant of the query (like `queryAllByText`, `getAllByText`, or `findAllByText`)).
@qbs-autonaim/recruitment-assistant-extension:test: 
@qbs-autonaim/recruitment-assistant-extension:test: Ignored nodes: comments, script, style
@qbs-autonaim/recruitment-assistant-extension:test: [36m<body>[39m
@qbs-autonaim/recruitment-assistant-extension:test:   [0m
@qbs-autonaim/recruitment-assistant-extension:test:         [0m
@qbs-autonaim/recruitment-assistant-extension:test:   [36m<h1[39m
@qbs-autonaim/recruitment-assistant-extension:test:     [33mclass[39m=[32m"text-heading-xlarge"[39m
@qbs-autonaim/recruitment-assistant-extension:test:   [36m>[39m
@qbs-autonaim/recruitment-assistant-extension:test:     [0m╨Ш╨▓╨░╨╜ ╨Ш╨▓╨░╨╜╨╛╨▓[0m
@qbs-autonaim/recruitment-assistant-extension:test:   [36m</h1>[39m
@qbs-autonaim/recruitment-assistant-extension:test:   [0m
@qbs-autonaim/recruitment-assistant-extension:test:         [0m
@qbs-autonaim/recruitment-assistant-extension:test:   [36m<div[39m
@qbs-autonaim/recruitment-assistant-extension:test:     [33mclass[39m=[32m"text-body-medium"[39m
@qbs-autonaim/recruitment-assistant-extension:test:   [36m>[39m
@qbs-autonaim/recruitment-assistant-extension:test:     [0mSenior Developer[0m
@qbs-autonaim/recruitment-assistant-extension:test:   [36m</div>[39m
@qbs-autonaim/recruitment-assistant-extension:test:   [0m
@qbs-autonaim/recruitment-assistant-extension:test:         [0m
@qbs-autonaim/recruitment-assistant-extension:test:   [36m<span[39m
@qbs-autonaim/recruitment-assistant-extension:test:     [33mclass[39m=[32m"text-body-small inline"[39m
@qbs-autonaim/recruitment-assistant-extension:test:   [36m>[39m
@qbs-autonaim/recruitment-assistant-extension:test:     [0m╨Ь╨╛╤Б╨║╨▓╨░, ╨а╨╛╤Б╤Б╨╕╤П[0m
@qbs-autonaim/recruitment-assistant-extension:test:   [36m</span>[39m
@qbs-autonaim/recruitment-assistant-extension:test:   [0m
@qbs-autonaim/recruitment-assistant-extension:test:         [0m
@qbs-autonaim/recruitment-assistant-extension:test:   [36m<img[39m
@qbs-autonaim/recruitment-assistant-extension:test:     [33mclass[39m=[32m"pv-top-card-profile-picture__image"[39m
@qbs-autonaim/recruitment-assistant-extension:test:     [33msrc[39m=[32m"https://example.com/photo.jpg"[39m
@qbs-autonaim/recruitment-assistant-extension:test:   [36m/>[39m
@qbs-autonaim/recruitment-assistant-extension:test:   [0m
@qbs-autonaim/recruitment-assistant-extension:test:         
@qbs-autonaim/recruitment-assistant-extension:test:         [0m
@qbs-autonaim/recruitment-assistant-extension:test:   [36m<section[39m
@qbs-autonaim/recruitment-assistant-extension:test:     [33mid[39m=[32m"experience"[39m
@qbs-autonaim/recruitment-assistant-extension:test:   [36m>[39m
@qbs-autonaim/recruitment-assistant-extension:test:     [0m
@qbs-autonaim/recruitment-assistant-extension:test:           [0m
@qbs-autonaim/recruitment-assistant-extension:test:     [36m<ul>[39m
@qbs-autonaim/recruitment-assistant-extension:test:       [0m
@qbs-autonaim/recruitment-assistant-extension:test:             [0m
@qbs-autonaim/recruitment-assistant-extension:test:       [36m<li[39m
@qbs-autonaim/recruitment-assistant-extension:test:         [33mclass[39m=[32m"artdeco-list__item"[39m
@qbs-autonaim/recruitment-assistant-extension:test:       [36m>[39m
@qbs-autonaim/recruitment-assistant-extension:test:         [0m
@qbs-autonaim/recruitment-assistant-extension:test:               [0m
@qbs-autonaim/recruitment-assistant-extension:test:         [36m<div[39m
@qbs-autonaim/recruitment-assistant-extension:test:           [33mclass[39m=[32m"display-flex"[39m
@qbs-autonaim/recruitment-assistant-extension:test:         [36m>[39m
@qbs-autonaim/recruitment-assistant-extension:test:           [0m
@qbs-autonaim/recruitment-assistant-extension:test:                 [0m
@qbs-autonaim/recruitment-assistant-extension:test:           [36m<span[39m
@qbs-autonaim/recruitment-assistant-extension:test:             [33maria-hidden[39m=[32m"true"[39m
@qbs-autonaim/recruitment-assistant-extension:test:           [36m>[39m
@qbs-autonaim/recruitment-assistant-extension:test:             [0mSenior Developer[0m
@qbs-autonaim/recruitment-assistant-extension:test:           [36m</span>[39m
@qbs-autonaim/recruitment-assistant-extension:test:           [0m
@qbs-autonaim/recruitment-assistant-extension:test:               [0m
@qbs-autonaim/recruitment-assistant-extension:test:         [36m</div>[39m
@qbs-autonaim/recruitment-assistant-extension:test:         [0m
@qbs-autonaim/recruitment-assistant-extension:test:               [0m
@qbs-autonaim/recruitment-assistant-extension:test:         [36m<span[39m
@qbs-autonaim/recruitment-assistant-extension:test:           [33mclass[39m=[32m"t-14 t-normal"[39m
@qbs-autonaim/recruitment-assistant-extension:test:         [36m>[39m
@qbs-autonaim/recruitment-assistant-extension:test:           [0m
@qbs-autonaim/recruitment-assistant-extension:test:                 [0m
@qbs-autonaim/recruitment-assistant-extension:test:           [36m<span[39m
@qbs-autonaim/recruitment-assistant-extension:test:             [33maria-hidden[39m=[32m"true"[39m
@qbs-autonaim/recruitment-assistant-extension:test:           [36m>[39m
@qbs-autonaim/recruitment-assistant-extension:test:             [0mTech Company[0m
@qbs-autonaim/recruitment-assistant-extension:test:           [36m</span>[39m
@qbs-autonaim/recruitment-assistant-extension:test:           [0m
@qbs-autonaim/recruitment-assistant-extension:test:               [0m
@qbs-autonaim/recruitment-assistant-extension:test:         [36m</span>[39m
@qbs-autonaim/recruitment-assistant-extension:test:         [0m
@qbs-autonaim/recruitment-assistant-extension:test:               [0m
@qbs-autonaim/recruitment-assistant-extension:test:         [36m<span[39m
@qbs-autonaim/recruitment-assistant-extension:test:           [33mclass[39m=[32m"t-14 t-normal t-black--light"[39m
@qbs-autonaim/recruitment-assistant-extension:test:         [36m>[39m
@qbs-autonaim/recruitment-assistant-extension:test:           [0m
@qbs-autonaim/recruitment-assistant-extension:test:                 [0m
@qbs-autonaim/recruitment-assistant-extension:test:           [36m<span[39m
@qbs-autonaim/recruitment-assistant-extension:test:             [33maria-hidden[39m=[32m"true"[39m
@qbs-autonaim/recruitment-assistant-extension:test:           [36m>[39m
@qbs-autonaim/recruitment-assistant-extension:test:             [0m2020 тАУ ╨┐╨╛ ╨╜╨░╤Б╤В╨╛╤П╤Й╨╡╨╡ ╨▓╤А╨╡╨╝╤П[0m
@qbs-autonaim/recruitment-assistant-extension:test:           [36m</span>[39m
@qbs-autonaim/recruitment-assistant-extension:test:           [0m
@qbs-autonaim/recruitment-assistant-extension:test:               [0m
@qbs-autonaim/recruitment-assistant-extension:test:         [36m</span>[39m
@qbs-autonaim/recruitment-assistant-extension:test:         [0m
@qbs-autonaim/recruitment-assistant-extension:test:               [0m
@qbs-autonaim/recruitment-assistant-extension:test:         [36m<div[39m
@qbs-autonaim/recruitment-assistant-extension:test:           [33mclass[39m=[32m"display-flex full-width"[39m
@qbs-autonaim/recruitment-assistant-extension:test:         [36m>[39m
@qbs-autonaim/recruitment-assistant-extension:test:           [0m
@qbs-autonaim/recruitment-assistant-extension:test:                 [0m
@qbs-autonaim/recruitment-assistant-extension:test:           [36m<span[39m
@qbs-autonaim/recruitment-assistant-extension:test:             [33maria-hidden[39m=[32m"true"[39m
@qbs-autonaim/recruitment-assistant-extension:test:           [36m>[39m
@qbs-autonaim/recruitment-assistant-extension:test:             [0m╨а╨░╨╖╤А╨░╨▒╨╛╤В╨║╨░[0m
@qbs-autonaim/recruitment-assistant-extension:test:           [36m</span>[39m
@qbs-autonaim/recruitment-assistant-extension:test:           [0m
@qbs-autonaim/recruitment-assistant-extension:test:               [0m
@qbs-autonaim/recruitment-assistant-extension:test:         [36m</div>[39m
@qbs-autonaim/recruitment-assistant-extension:test:         [0m
@qbs-autonaim/recruitment-assistant-extension:test:             [0m
@qbs-autonaim/recruitment-assistant-extension:test:       [36m</li>[39m
@qbs-autonaim/recruitment-assistant-extension:test:       [0m
@qbs-autonaim/recruitment-assistant-extension:test:           [0m
@qbs-autonaim/recruitment-assistant-extension:test:     [36m</ul>[39m
@qbs-autonaim/recruitment-assistant-extension:test:     [0m
@qbs-autonaim/recruitment-assistant-extension:test:         [0m
@qbs-autonaim/recruitment-assistant-extension:test:   [36m</section>[39m
@qbs-autonaim/recruitment-assistant-extension:test:   [0m
@qbs-autonaim/recruitment-assistant-extension:test:         
@qbs-autonaim/recruitment-assistant-extension:test:         [0m
@qbs-autonaim/recruitment-assistant-extension:test:   [36m<section[39m
@qbs-autonaim/recruitment-assistant-extension:test:     [33mid[39m=[32m"education"[39m
@qbs-autonaim/recruitment-assistant-extension:test:   [36m>[39m
@qbs-autonaim/recruitment-assistant-extension:test:     [0m
@qbs-autonaim/recruitment-assistant-extension:test:           [0m
@qbs-autonaim/recruitment-assistant-extension:test:     [36m<ul>[39m
@qbs-autonaim/recruitment-assistant-extension:test:       [0m
@qbs-autonaim/recruitment-assistant-extension:test:             [0m
@qbs-autonaim/recruitment-assistant-extension:test:       [36m<li[39m
@qbs-autonaim/recruitment-assistant-extension:test:         [33mclass[39m=[32m"artdeco-list__item"[39m
@qbs-autonaim/recruitment-assistant-extension:test:       [36m>[39m
@qbs-autonaim/recruitment-assistant-extension:test:         [0m
@qbs-autonaim/recruitment-assistant-extension:test:               [0m
@qbs-autonaim/recruitment-assistant-extension:test:         [36m<div[39m
@qbs-autonaim/recruitment-assistant-extension:test:           [33mclass[39m=[32m"display-flex"[39m
@qbs-autonaim/recruitment-assistant-extension:test:         [36m>[39m
@qbs-autonaim/recruitment-assistant-extension:test:           [0m
@qbs-autonaim/recruitment-assistant-extension:test:                 [0m
@qbs-autonaim/recruitment-assistant-extension:test:           [36m<span[39m
@qbs-autonaim/recruitment-assistant-extension:test:             [33maria-hidden[39m=[32m"true"[39m
@qbs-autonaim/recruitment-assistant-extension:test:           [36m>[39m
@qbs-autonaim/recruitment-assistant-extension:test:             [0m╨Ь╨У╨г[0m
@qbs-autonaim/recruitment-assistant-extension:test:           [36m</span>[39m
@qbs-autonaim/recruitment-assistant-extension:test:           [0m
@qbs-autonaim/recruitment-assistant-extension:test:               [0m
@qbs-autonaim/recruitment-assistant-extension:test:         [36m</div>[39m
@qbs-autonaim/recruitment-assistant-extension:test:         [0m
@qbs-autonaim/recruitment-assistant-extension:test:               [0m
@qbs-autonaim/recruitment-assistant-extension:test:         [36m<span[39m
@qbs-autonaim/recruitment-assistant-extension:test:           [33mclass[39m=[32m"t-14 t-normal"[39m
@qbs-autonaim/recruitment-assistant-extension:test:         [36m>[39m
@qbs-autonaim/recruitment-assistant-extension:test:           [0m
@qbs-autonaim/recruitment-assistant-extension:test:                 [0m
@qbs-autonaim/recruitment-assistant-extension:test:           [36m<span[39m
@qbs-autonaim/recruitment-assistant-extension:test:             [33maria-hidden[39m=[32m"true"[39m
@qbs-autonaim/recruitment-assistant-extension:test:           [36m>[39m
@qbs-autonaim/recruitment-assistant-extension:test:             [0m╨С╨░╨║╨░╨╗╨░╨▓╤А[0m
@qbs-autonaim/recruitment-assistant-extension:test:           [36m</span>[39m
@qbs-autonaim/recruitment-assistant-extension:test:           [0m
@qbs-autonaim/recruitment-assistant-extension:test:               [0m
@qbs-autonaim/recruitment-assistant-extension:test:         [36m</span>[39m
@qbs-autonaim/recruitment-assistant-extension:test:         [0m
@qbs-autonaim/recruitment-assistant-extension:test:               [0m
@qbs-autonaim/recruitment-assistant-extension:test:         [36m<span[39m
@qbs-autonaim/recruitment-assistant-extension:test:           [33mclass[39m=[32m"t-14 t-normal t-black--light"[39m
@qbs-autonaim/recruitment-assistant-extension:test:         [36m>[39m
@qbs-autonaim/recruitment-assistant-extension:test:           [0m
@qbs-autonaim/recruitment-assistant-extension:test:                 [0m
@qbs-autonaim/recruitment-assistant-extension:test:           [36m<span[39m
@qbs-autonaim/recruitment-assistant-extension:test:             [33maria-hidden[39m=[32m"true"[39m
@qbs-autonaim/recruitment-assistant-extension:test:           [36m>[39m
@qbs-autonaim/recruitment-assistant-extension:test:             [0m╨Ш╨╜╤Д╨╛╤А╨╝╨░╤В╨╕╨║╨░[0m
@qbs-autonaim/recruitment-assistant-extension:test:           [36m</span>[39m
@qbs-autonaim/recruitment-assistant-extension:test:           [0m
@qbs-autonaim/recruitment-assistant-extension:test:               [0m
@qbs-autonaim/recruitment-assistant-extension:test:         [36m</span>[39m
@qbs-autonaim/recruitment-assistant-extension:test:         [0m
@qbs-autonaim/recruitment-assistant-extension:test:               [0m
@qbs-autonaim/recruitment-assistant-extension:test:         [36m<span[39m
@qbs-autonaim/recruitment-assistant-extension:test:           [33mclass[39m=[32m"t-14 t-normal t-black--light"[39m
@qbs-autonaim/recruitment-assistant-extension:test:         [36m>[39m
@qbs-autonaim/recruitment-assistant-extension:test:           [0m
@qbs-autonaim/recruitment-assistant-extension:test:                 [0m
@qbs-autonaim/recruitment-assistant-extension:test:           [36m<span[39m
@qbs-autonaim/recruitment-assistant-extension:test:             [33maria-hidden[39m=[32m"true"[39m
@qbs-autonaim/recruitment-assistant-extension:test:           [36m>[39m
@qbs-autonaim/recruitment-assistant-extension:test:             [0m2015 тАУ 2019[0m
@qbs-autonaim/recruitment-assistant-extension:test:           [36m</span>[39m
@qbs-autonaim/recruitment-assistant-extension:test:           [0m
@qbs-autonaim/recruitment-assistant-extension:test:               [0m
@qbs-autonaim/recruitment-assistant-extension:test:         [36m</span>[39m
@qbs-autonaim/recruitment-assistant-extension:test:         [0m
@qbs-autonaim/recruitment-assistant-extension:test:             [0m
@qbs-autonaim/recruitment-assistant-extension:test:       [36m</li>[39m
@qbs-autonaim/recruitment-assistant-extension:test:       [0m
@qbs-autonaim/recruitment-assistant-extension:test:           [0m
@qbs-autonaim/recruitment-assistant-extension:test:     [36m</ul>[39m
@qbs-autonaim/recruitment-assistant-extension:test:     [0m
@qbs-autonaim/recruitment-assistant-extension:test:         [0m
@qbs-autonaim/recruitment-assistant-extension:test:   [36m</section>[39m
@qbs-autonaim/recruitment-assistant-extension:test:   [0m
@qbs-autonaim/recruitment-assistant-extension:test:         
@qbs-autonaim/recruitment-assistant-extension:test:         [0m
@qbs-autonaim/recruitment-assistant-extension:test:   [36m<section[39m
@qbs-autonaim/recruitment-assistant-extension:test:     [33mid[39m=[32m"skills"[39m
@qbs-autonaim/recruitment-assistant-extension:test:   [36m>[39m
@qbs-autonaim/recruitment-assistant-extension:test:     [0m
@qbs-autonaim/recruitment-assistant-extension:test:           [0m
@qbs-autonaim/recruitment-assistant-extension:test:     [36m<span[39m
@qbs-autonaim/recruitment-assistant-extension:test:       [33maria-hidden[39m=[32m"true"[39m
@qbs-autonaim/recruitment-assistant-extension:test:     [36m>[39m
@qbs-autonaim/recruitment-assistant-extension:test:       [0mTypeScript[0m
@qbs-autonaim/recruitment-assistant-extension:test:     [36m</span>[39m
@qbs-autonaim/recruitment-assistant-extension:test:     [0m
@qbs-autonaim/recruitment-assistant-extension:test:           [0m
@qbs-autonaim/recruitment-assistant-extension:test:     [36m<span[39m
@qbs-autonaim/recruitment-assistant-extension:test:       [33maria-hidden[39m=[32m"true"[39m
@qbs-autonaim/recruitment-assistant-extension:test:     [36m>[39m
@qbs-autonaim/recruitment-assistant-extension:test:       [0mReact[0m
@qbs-autonaim/recruitment-assistant-extension:test:     [36m</span>[39m
@qbs-autonaim/recruitment-assistant-extension:test:     [0m
@qbs-autonaim/recruitment-assistant-extension:test:         [0m
@qbs-autonaim/recruitment-assistant-extension:test:   [36m</section>[39m
@qbs-autonaim/recruitment-assistant-extension:test:   [0m
@qbs-autonaim/recruitment-assistant-extension:test:         
@qbs-autonaim/recruitment-assistant-extension:test:         [0m
@qbs-autonaim/recruitment-assistant-extension:test:   [36m<section[39m
@qbs-autonaim/recruitment-assistant-extension:test:     [33mclass[39m=[32m"pv-contact-info"[39m
@qbs-autonaim/recruitment-assistant-extension:test:   [36m>[39m
@qbs-autonaim/recruitment-assistant-extension:test:     [0m
@qbs-autonaim/recruitment-assistant-extension:test:           [0m
@qbs-autonaim/recruitment-assistant-extension:test:     [36m<a[39m
@qbs-autonaim/recruitment-assistant-extension:test:       [33mhref[39m=[32m"mailto:ivan@example.com"[39m
@qbs-autonaim/recruitment-assistant-extension:test:     [36m>[39m
@qbs-autonaim/recruitment-assistant-extension:test:       [0mEmail[0m
@qbs-autonaim/recruitment-assistant-extension:test:     [36m</a>[39m
@qbs-autonaim/recruitment-assistant-extension:test:     [0m
@qbs-autonaim/recruitment-assistant-extension:test:           [0m
@qbs-autonaim/recruitment-assistant-extension:test:     [36m<span[39m
@qbs-autonaim/recruitment-assistant-extension:test:       [33mclass[39m=[32m"t-14 t-black t-normal"[39m
@qbs-autonaim/recruitment-assistant-extension:test:     [36m>[39m
@qbs-autonaim/recruitment-assistant-extension:test:       [0m+7 (999) 123-45-67[0m
@qbs-autonaim/recruitment-assistant-extension:test:     [36m</span>[39m
@qbs-autonaim/recruitment-assistant-extension:test:     [0m
@qbs-autonaim/recruitment-assistant-extension:test:         [0m
@qbs-autonaim/recruitment-assistant-extension:test:   [36m</section>[39m
@qbs-autonaim/recruitment-assistant-extension:test:   [0m
@qbs-autonaim/recruitment-assistant-extension:test:       [0m
@qbs-autonaim/recruitment-assistant-extension:test:   [36m<div>[39m
@qbs-autonaim/recruitment-assistant-extension:test:     [36m<button[39m
@qbs-autonaim/recruitment-assistant-extension:test:       [33maria-busy[39m=[32m"false"[39m
@qbs-autonaim/recruitment-assistant-extension:test:       [33maria-label[39m=[32m"╨Ш╨╖╨▓╨╗╨╡╤З╤М ╨┤╨░╨╜╨╜╤Л╨╡ ╨┐╤А╨╛╤Д╨╕╨╗╤П ╨║╨░╨╜╨┤╨╕╨┤╨░╤В╨░"[39m
@qbs-autonaim/recruitment-assistant-extension:test:       [33maria-live[39m=[32m"polite"[39m
@qbs-autonaim/recruitment-assistant-extension:test:       [33mstyle[39m=[32m"min-width: 44px; min-height: 44px; padding: 12px 24px; font-size: 16px; font-weight: 500; color: #ffffff; background-color: #2563eb; border: none none; border-radius: 8px; cursor: pointer; touch-action: manipulation; transition: background-color 0.2s ease, transform 0.1s ease, box-shadow 0.2s ease; display: flex; align-items: center; justify-content: center; gap: 8px; box-shadow: 0 1px 3px 0 rgba(0, 0, 0, 0.1), 0 1px 2px -1px rgba(0, 0, 0, 0.1); position: relative; outline-color: none; outline-style: none; outline-width: initial;"[39m
@qbs-autonaim/recruitment-assistant-extension:test:       [33mtype[39m=[32m"button"[39m
@qbs-autonaim/recruitment-assistant-extension:test:     [36m>[39m
@qbs-autonaim/recruitment-assistant-extension:test:       [36m<span[39m
@qbs-autonaim/recruitment-assistant-extension:test:         [33mstyle[39m=[32m"white-space: nowrap;"[39m
@qbs-autonaim/recruitment-assistant-extension:test:       [36m>[39m
@qbs-autonaim/recruitment-assistant-extension:test:         [0m╨Ш╨╖╨▓╨╗╨╡╤З╤М ╨┤╨░╨╜╨╜╤Л╨╡[0m
@qbs-autonaim/recruitment-assistant-extension:test:       [36m</span>[39m
@qbs-autonaim/recruitment-assistant-extension:test:     [36m</button>[39m
@qbs-autonaim/recruitment-assistant-extension:test:   [36m</div>[39m
@qbs-autonaim/recruitment-assistant-extension:test:   [36m<div>[39m
@qbs-autonaim/recruitment-assistant-extension:test:     [36m<button[39m
@qbs-autonaim/recruitment-assistant-extension:test:       [33maria-busy[39m=[32m"true"[39m
@qbs-autonaim/recruitment-assistant-extension:test:       [33maria-label[39m=[32m"╨Ш╨╖╨▓╨╗╨╡╤З╤М ╨┤╨░╨╜╨╜╤Л╨╡ ╨┐╤А╨╛╤Д╨╕╨╗╤П ╨║╨░╨╜╨┤╨╕╨┤╨░╤В╨░"[39m
@qbs-autonaim/recruitment-assistant-extension:test:       [33maria-live[39m=[32m"polite"[39m
@qbs-autonaim/recruitment-assistant-extension:test:       [33mdisabled[39m=[32m""[39m
@qbs-autonaim/recruitment-assistant-extension:test:       [33mstyle[39m=[32m"min-width: 44px; min-height: 44px; padding: 12px 24px; font-size: 16px; font-weight: 500; color: #ffffff; background-color: #6b7280; border: none none; border-radius: 8px; cursor: not-all...
@qbs-autonaim/recruitment-assistant-extension:test:       at <anonymous> (C:\Projects\kwork\selectio\node_modules\@testing-library\dom\dist\query-helpers.js:59:30)
@qbs-autonaim/recruitment-assistant-extension:test:       at <anonymous> (C:\Projects\kwork\selectio\node_modules\@testing-library\dom\dist\query-helpers.js:95:19)
@qbs-autonaim/recruitment-assistant-extension:test:       at <anonymous> (C:\Projects\kwork\selectio\apps\recruitment-assistant-extension\src\content\ui\action-button.test.tsx:176:29)
@qbs-autonaim/recruitment-assistant-extension:test: (fail) ActionButton > ╨Ъ╨╗╨░╨▓╨╕╨░╤В╤Г╤А╨╜╨░╤П ╨╜╨░╨▓╨╕╨│╨░╤Ж╨╕╤П > ╨┤╨╛╨╗╨╢╨╡╨╜ ╨▒╤Л╤В╤М ╨┤╨╛╤Б╤В╤Г╨┐╨╡╨╜ ╤З╨╡╤А╨╡╨╖ Tab [47.00ms]
@qbs-autonaim/recruitment-assistant-extension:test: 54 |       const elementStrings = els.map(element => getElementError(null, element).message).join('\n\n');
@qbs-autonaim/recruitment-assistant-extension:test: 55 |       throw getMultipleElementsFoundError(`${getMultipleError(container, ...args)}
@qbs-autonaim/recruitment-assistant-extension:test: 56 | 
@qbs-autonaim/recruitment-assistant-extension:test: 57 | Here are the matching elements:
@qbs-autonaim/recruitment-assistant-extension:test: 58 | 
@qbs-autonaim/recruitment-assistant-extension:test: 59 | ${elementStrings}`, container);
@qbs-autonaim/recruitment-assistant-extension:test:                                   ^
@qbs-autonaim/recruitment-assistant-extension:test: TestingLibraryElementError: Found multiple elements with the role "button"
@qbs-autonaim/recruitment-assistant-extension:test: 
@qbs-autonaim/recruitment-assistant-extension:test: Here are the matching elements:
@qbs-autonaim/recruitment-assistant-extension:test: 
@qbs-autonaim/recruitment-assistant-extension:test: Ignored nodes: comments, script, style
@qbs-autonaim/recruitment-assistant-extension:test: [36m<button[39m
@qbs-autonaim/recruitment-assistant-extension:test:   [33maria-busy[39m=[32m"false"[39m
@qbs-autonaim/recruitment-assistant-extension:test:   [33maria-label[39m=[32m"╨Ш╨╖╨▓╨╗╨╡╤З╤М ╨┤╨░╨╜╨╜╤Л╨╡ ╨┐╤А╨╛╤Д╨╕╨╗╤П ╨║╨░╨╜╨┤╨╕╨┤╨░╤В╨░"[39m
@qbs-autonaim/recruitment-assistant-extension:test:   [33maria-live[39m=[32m"polite"[39m
@qbs-autonaim/recruitment-assistant-extension:test:   [33mstyle[39m=[32m"min-width: 44px; min-height: 44px; padding: 12px 24px; font-size: 16px; font-weight: 500; color: #ffffff; background-color: #2563eb; border: none none; border-radius: 8px; cursor: pointer; touch-action: manipulation; transition: background-color 0.2s ease, transform 0.1s ease, box-shadow 0.2s ease; display: flex; align-items: center; justify-content: center; gap: 8px; box-shadow: 0 1px 3px 0 rgba(0, 0, 0, 0.1), 0 1px 2px -1px rgba(0, 0, 0, 0.1); position: relative; outline-color: none; outline-style: none; outline-width: initial;"[39m
@qbs-autonaim/recruitment-assistant-extension:test:   [33mtype[39m=[32m"button"[39m
@qbs-autonaim/recruitment-assistant-extension:test: [36m>[39m
@qbs-autonaim/recruitment-assistant-extension:test:   [36m<span[39m
@qbs-autonaim/recruitment-assistant-extension:test:     [33mstyle[39m=[32m"white-space: nowrap;"[39m
@qbs-autonaim/recruitment-assistant-extension:test:   [36m>[39m
@qbs-autonaim/recruitment-assistant-extension:test:     [0m╨Ш╨╖╨▓╨╗╨╡╤З╤М ╨┤╨░╨╜╨╜╤Л╨╡[0m
@qbs-autonaim/recruitment-assistant-extension:test:   [36m</span>[39m
@qbs-autonaim/recruitment-assistant-extension:test: [36m</button>[39m
@qbs-autonaim/recruitment-assistant-extension:test: 
@qbs-autonaim/recruitment-assistant-extension:test: Ignored nodes: comments, script, style
@qbs-autonaim/recruitment-assistant-extension:test: [36m<button[39m
@qbs-autonaim/recruitment-assistant-extension:test:   [33maria-busy[39m=[32m"true"[39m
@qbs-autonaim/recruitment-assistant-extension:test:   [33maria-label[39m=[32m"╨Ш╨╖╨▓╨╗╨╡╤З╤М ╨┤╨░╨╜╨╜╤Л╨╡ ╨┐╤А╨╛╤Д╨╕╨╗╤П ╨║╨░╨╜╨┤╨╕╨┤╨░╤В╨░"[39m
@qbs-autonaim/recruitment-assistant-extension:test:   [33maria-live[39m=[32m"polite"[39m
@qbs-autonaim/recruitment-assistant-extension:test:   [33mdisabled[39m=[32m""[39m
@qbs-autonaim/recruitment-assistant-extension:test:   [33mstyle[39m=[32m"min-width: 44px; min-height: 44px; padding: 12px 24px; font-size: 16px; font-weight: 500; color: #ffffff; background-color: #6b7280; border: none none; border-radius: 8px; cursor: not-allowed; touch-action: manipulation; transition: background-color 0.2s ease, transform 0.1s ease, box-shadow 0.2s ease; display: flex; align-items: center; justify-content: center; gap: 8px; box-shadow: 0 1px 3px 0 rgba(0, 0, 0, 0.1), 0 1px 2px -1px rgba(0, 0, 0, 0.1); position: relative; outline-color: none; outline-style: none; outline-width: initial;"[39m
@qbs-autonaim/recruitment-assistant-extension:test:   [33mtype[39m=[32m"button"[39m
@qbs-autonaim/recruitment-assistant-extension:test: [36m>[39m
@qbs-autonaim/recruitment-assistant-extension:test:   [36m<svg[39m
@qbs-autonaim/recruitment-assistant-extension:test:     [33maria-hidden[39m=[32m"true"[39m
@qbs-autonaim/recruitment-assistant-extension:test:     [33mfill[39m=[32m"none"[39m
@qbs-autonaim/recruitment-assistant-extension:test:     [33mrole[39m=[32m"presentation"[39m
@qbs-autonaim/recruitment-assistant-extension:test:     [33mstyle[39m=[32m"width: 16px; height: 16px; animation: spin 1s linear infinite; flex-shrink: 0;"[39m
@qbs-autonaim/recruitment-assistant-extension:test:     [33mviewBox[39m=[32m"0 0 24 24"[39m
@qbs-autonaim/recruitment-assistant-extension:test:   [36m>[39m
@qbs-autonaim/recruitment-assistant-extension:test:     [36m<circle[39m
@qbs-autonaim/recruitment-assistant-extension:test:       [33mcx[39m=[32m"12"[39m
@qbs-autonaim/recruitment-assistant-extension:test:       [33mcy[39m=[32m"12"[39m
@qbs-autonaim/recruitment-assistant-extension:test:       [33mr[39m=[32m"10"[39m
@qbs-autonaim/recruitment-assistant-extension:test:       [33mstroke[39m=[32m"currentColor"[39m
@qbs-autonaim/recruitment-assistant-extension:test:       [33mstroke-opacity[39m=[32m"0.25"[39m
@qbs-autonaim/recruitment-assistant-extension:test:       [33mstroke-width[39m=[32m"4"[39m
@qbs-autonaim/recruitment-assistant-extension:test:     [36m/>[39m
@qbs-autonaim/recruitment-assistant-extension:test:     [36m<path[39m
@qbs-autonaim/recruitment-assistant-extension:test:       [33md[39m=[32m"M4 12a8 8 0 018-8V0C5.373 0 0 5.373 0 12h4zm2 5.291A7.962 7.962 0 014 12H0c0 3.042 1.135 5.824 3 7.938l3-2.647z"[39m
@qbs-autonaim/recruitment-assistant-extension:test:       [33mfill[39m=[32m"currentColor"[39m
@qbs-autonaim/recruitment-assistant-extension:test:       [33mopacity[39m=[32m"0.75"[39m
@qbs-autonaim/recruitment-assistant-extension:test:     [36m/>[39m
@qbs-autonaim/recruitment-assistant-extension:test:   [36m</svg>[39m
@qbs-autonaim/recruitment-assistant-extension:test:   [36m<span[39m
@qbs-autonaim/recruitment-assistant-extension:test:     [33mstyle[39m=[32m"white-space: nowrap;"[39m
@qbs-autonaim/recruitment-assistant-extension:test:   [36m>[39m
@qbs-autonaim/recruitment-assistant-extension:test:     [0m╨Ш╨╖╨▓╨╗╨╡╤З╨╡╨╜╨╕╨╡ ╨┤╨░╨╜╨╜╤Л╤ЕтАж[0m
@qbs-autonaim/recruitment-assistant-extension:test:   [36m</span>[39m
@qbs-autonaim/recruitment-assistant-extension:test: [36m</button>[39m
@qbs-autonaim/recruitment-assistant-extension:test: 
@qbs-autonaim/recruitment-assistant-extension:test: Ignored nodes: comments, script, style
@qbs-autonaim/recruitment-assistant-extension:test: [36m<button[39m
@qbs-autonaim/recruitment-assistant-extension:test:   [33maria-busy[39m=[32m"true"[39m
@qbs-autonaim/recruitment-assistant-extension:test:   [33maria-label[39m=[32m"╨Ш╨╖╨▓╨╗╨╡╤З╤М ╨┤╨░╨╜╨╜╤Л╨╡ ╨┐╤А╨╛╤Д╨╕╨╗╤П ╨║╨░╨╜╨┤╨╕╨┤╨░╤В╨░"[39m
@qbs-autonaim/recruitment-assistant-extension:test:   [33maria-live[39m=[32m"polite"[39m
@qbs-autonaim/recruitment-assistant-extension:test:   [33mdisabled[39m=[32m""[39m
@qbs-autonaim/recruitment-assistant-extension:test:   [33mstyle[39m=[32m"min-width: 44px; min-height: 44px; padding: 12px 24px; font-size: 16px; font-weight: 500; color: #ffffff; background-color: #6b7280; border: none none; border-radius: 8px; cursor: not-allowed; touch-action: manipulation; transition: background-color 0.2s ease, transform 0.1s ease, box-shadow 0.2s ease; display: flex; align-items: center; justify-content: center; gap: 8px; box-shadow: 0 1px 3px 0 rgba(0, 0, 0, 0.1), 0 1px 2px -1px rgba(0, 0, 0, 0.1); position: relative; outline-color: none; outline-style: none; outline-width: initial;"[39m
@qbs-autonaim/recruitment-assistant-extension:test:   [33mtype[39m=[32m"button"[39m
@qbs-autonaim/recruitment-assistant-extension:test: [36m>[39m
@qbs-autonaim/recruitment-assistant-extension:test:   [36m<svg[39m
@qbs-autonaim/recruitment-assistant-extension:test:     [33maria-hidden[39m=[32m"true"[39m
@qbs-autonaim/recruitment-assistant-extension:test:     [33mfill[39m=[32m"none"[39m
@qbs-autonaim/recruitment-assistant-extension:test:     [33mrole[39m=[32m"presentation"[39m
@qbs-autonaim/recruitment-assistant-extension:test:     [33mstyle[39m=[32m"width: 16px; height: 16px; animation: spin 1s linear infinite; flex-shrink: 0;"[39m
@qbs-autonaim/recruitment-assistant-extension:test:     [33mviewBox[39m=[32m"0 0 24 24"[39m
@qbs-autonaim/recruitment-assistant-extension:test:   [36m>[39m
@qbs-autonaim/recruitment-assistant-extension:test:     [36m<circle[39m
@qbs-autonaim/recruitment-assistant-extension:test:       [33mcx[39m=[32m"12"[39m
@qbs-autonaim/recruitment-assistant-extension:test:       [33mcy[39m=[32m"12"[39m
@qbs-autonaim/recruitment-assistant-extension:test:       [33mr[39m=[32m"10"[39m
@qbs-autonaim/recruitment-assistant-extension:test:       [33mstroke[39m=[32m"currentColor"[39m
@qbs-autonaim/recruitment-assistant-extension:test:       [33mstroke-opacity[39m=[32m"0.25"[39m
@qbs-autonaim/recruitment-assistant-extension:test:       [33mstroke-width[39m=[32m"4"[39m
@qbs-autonaim/recruitment-assistant-extension:test:     [36m/>[39m
@qbs-autonaim/recruitment-assistant-extension:test:     [36m<path[39m
@qbs-autonaim/recruitment-assistant-extension:test:       [33md[39m=[32m"M4 12a8 8 0 018-8V0C5.373 0 0 5.373 0 12h4zm2 5.291A7.962 7.962 0 014 12H0c0 3.042 1.135 5.824 3 7.938l3-2.647z"[39m
@qbs-autonaim/recruitment-assistant-extension:test:       [33mfill[39m=[32m"currentColor"[39m
@qbs-autonaim/recruitment-assistant-extension:test:       [33mopacity[39m=[32m"0.75"[39m
@qbs-autonaim/recruitment-assistant-extension:test:     [36m/>[39m
@qbs-autonaim/recruitment-assistant-extension:test:   [36m</svg>[39m
@qbs-autonaim/recruitment-assistant-extension:test:   [36m<span[39m
@qbs-autonaim/recruitment-assistant-extension:test:     [33mstyle[39m=[32m"white-space: nowrap;"[39m
@qbs-autonaim/recruitment-assistant-extension:test:   [36m>[39m
@qbs-autonaim/recruitment-assistant-extension:test:     [0m╨Ш╨╖╨▓╨╗╨╡╤З╨╡╨╜╨╕╨╡ ╨┤╨░╨╜╨╜╤Л╤ЕтАж[0m
@qbs-autonaim/recruitment-assistant-extension:test:   [36m</span>[39m
@qbs-autonaim/recruitment-assistant-extension:test: [36m</button>[39m
@qbs-autonaim/recruitment-assistant-extension:test: 
@qbs-autonaim/recruitment-assistant-extension:test: Ignored nodes: comments, script, style
@qbs-autonaim/recruitment-assistant-extension:test: [36m<button[39m
@qbs-autonaim/recruitment-assistant-extension:test:   [33maria-busy[39m=[32m"false"[39m
@qbs-autonaim/recruitment-assistant-extension:test:   [33maria-label[39m=[32m"╨Ш╨╖╨▓╨╗╨╡╤З╤М ╨┤╨░╨╜╨╜╤Л╨╡ ╨┐╤А╨╛╤Д╨╕╨╗╤П ╨║╨░╨╜╨┤╨╕╨┤╨░╤В╨░"[39m
@qbs-autonaim/recruitment-assistant-extension:test:   [33maria-live[39m=[32m"polite"[39m
@qbs-autonaim/recruitment-assistant-extension:test:   [33mstyle[39m=[32m"min-width: 44px; min-height: 44px; padding: 12px 24px; font-size: 16px; font-weight: 500; color: #ffffff; background-color: #2563eb; border: none none; border-radius: 8px; cursor: pointer; touch-action: manipulation; transition: background-color 0.2s ease, transform 0.1s ease, box-shadow 0.2s ease; display: flex; align-items: center; justify-content: center; gap: 8px; box-shadow: 0 1px 3px 0 rgba(0, 0, 0, 0.1), 0 1px 2px -1px rgba(0, 0, 0, 0.1); position: relative; outline-color: none; outline-style: none; outline-width: initial;"[39m
@qbs-autonaim/recruitment-assistant-extension:test:   [33mtype[39m=[32m"button"[39m
@qbs-autonaim/recruitment-assistant-extension:test: [36m>[39m
@qbs-autonaim/recruitment-assistant-extension:test:   [36m<span[39m
@qbs-autonaim/recruitment-assistant-extension:test:     [33mstyle[39m=[32m"white-space: nowrap;"[39m
@qbs-autonaim/recruitment-assistant-extension:test:   [36m>[39m
@qbs-autonaim/recruitment-assistant-extension:test:     [0m╨Ш╨╖╨▓╨╗╨╡╤З╤М ╨┤╨░╨╜╨╜╤Л╨╡[0m
@qbs-autonaim/recruitment-assistant-extension:test:   [36m</span>[39m
@qbs-autonaim/recruitment-assistant-extension:test: [36m</button>[39m
@qbs-autonaim/recruitment-assistant-extension:test: 
@qbs-autonaim/recruitment-assistant-extension:test: Ignored nodes: comments, script, style
@qbs-autonaim/recruitment-assistant-extension:test: [36m<button[39m
@qbs-autonaim/recruitment-assistant-extension:test:   [33maria-busy[39m=[32m"false"[39m
@qbs-autonaim/recruitment-assistant-extension:test:   [33maria-label[39m=[32m"╨Ш╨╖╨▓╨╗╨╡╤З╤М ╨┤╨░╨╜╨╜╤Л╨╡ ╨┐╤А╨╛╤Д╨╕╨╗╤П ╨║╨░╨╜╨┤╨╕╨┤╨░╤В╨░"[39m
@qbs-autonaim/recruitment-assistant-extension:test:   [33maria-live[39m=[32m"polite"[39m
@qbs-autonaim/recruitment-assistant-extension:test:   [33mstyle[39m=[32m"min-width: 44px; min-height: 44px; padding: 12px 24px; font-size: 16px; font-weight: 500; color: #ffffff; background-color: #2563eb; border: none none; border-radius: 8px; cursor: pointer; touch-action: manipulation; transition: background-color 0.2s ease, transform 0.1s ease, box-shadow 0.2s ease; display: flex; align-items: center; justify-content: center; gap: 8px; box-shadow: 0 1px 3px 0 rgba(0, 0, 0, 0.1), 0 1px 2px -1px rgba(0, 0, 0, 0.1); position: relative; outline-color: none; outline-style: none; outline-width: initial;"[39m
@qbs-autonaim/recruitment-assistant-extension:test:   [33mtype[39m=[32m"button"[39m
@qbs-autonaim/recruitment-assistant-extension:test: [36m>[39m
@qbs-autonaim/recruitment-assistant-extension:test:   [36m<span[39m
@qbs-autonaim/recruitment-assistant-extension:test:     [33mstyle[39m=[32m"white-space: nowrap;"[39m
@qbs-autonaim/recruitment-assistant-extension:test:   [36m>[39m
@qbs-autonaim/recruitment-assistant-extension:test:     [0m╨Ш╨╖╨▓╨╗╨╡╤З╤М ╨┤╨░╨╜╨╜╤Л╨╡[0m
@qbs-autonaim/recruitment-assistant-extension:test:   [36m</span>[39m
@qbs-autonaim/recruitment-assistant-extension:test: [36m</button>[39m
@qbs-autonaim/recruitment-assistant-extension:test: 
@qbs-autonaim/recruitment-assistant-extension:test: Ignored nodes: comments, script, style
@qbs-autonaim/recruitment-assistant-extension:test: [36m<button[39m
@qbs-autonaim/recruitment-assistant-extension:test:   [33maria-busy[39m=[32m"false"[39m
@qbs-autonaim/recruitment-assistant-extension:test:   [33maria-label[39m=[32m"╨Ш╨╖╨▓╨╗╨╡╤З╤М ╨┤╨░╨╜╨╜╤Л╨╡ ╨┐╤А╨╛╤Д╨╕╨╗╤П ╨║╨░╨╜╨┤╨╕╨┤╨░╤В╨░"[39m
@qbs-autonaim/recruitment-assistant-extension:test:   [33maria-live[39m=[32m"polite"[39m
@qbs-autonaim/recruitment-assistant-extension:test:   [33mstyle[39m=[32m"min-width: 44px; min-height: 44px; padding: 12px 24px; font-size: 16px; font-weight: 500; color: #ffffff; background-color: #2563eb; border: none none; border-radius: 8px; cursor: pointer; touch-action: manipulation; transition: background-color 0.2s ease, transform 0.1s ease, box-shadow 0.2s ease; display: flex; align-items: center; justify-content: center; gap: 8px; box-shadow: 0 1px 3px 0 rgba(0, 0, 0, 0.1), 0 1px 2px -1px rgba(0, 0, 0, 0.1); position: relative; outline-color: none; outline-style: none; outline-width: initial;"[39m
@qbs-autonaim/recruitment-assistant-extension:test:   [33mtype[39m=[32m"button"[39m
@qbs-autonaim/recruitment-assistant-extension:test: [36m>[39m
@qbs-autonaim/recruitment-assistant-extension:test:   [36m<span[39m
@qbs-autonaim/recruitment-assistant-extension:test:     [33mstyle[39m=[32m"white-space: nowrap;"[39m
@qbs-autonaim/recruitment-assistant-extension:test:   [36m>[39m
@qbs-autonaim/recruitment-assistant-extension:test:     [0m╨Ш╨╖╨▓╨╗╨╡╤З╤М ╨┤╨░╨╜╨╜╤Л╨╡[0m
@qbs-autonaim/recruitment-assistant-extension:test:   [36m</span>[39m
@qbs-autonaim/recruitment-assistant-extension:test: [36m</button>[39m
@qbs-autonaim/recruitment-assistant-extension:test: 
@qbs-autonaim/recruitment-assistant-extension:test: Ignored nodes: comments, script, style
@qbs-autonaim/recruitment-assistant-extension:test: [36m<button[39m
@qbs-autonaim/recruitment-assistant-extension:test:   [33maria-busy[39m=[32m"true"[39m
@qbs-autonaim/recruitment-assistant-extension:test:   [33maria-label[39m=[32m"╨Ш╨╖╨▓╨╗╨╡╤З╤М ╨┤╨░╨╜╨╜╤Л╨╡ ╨┐╤А╨╛╤Д╨╕╨╗╤П ╨║╨░╨╜╨┤╨╕╨┤╨░╤В╨░"[39m
@qbs-autonaim/recruitment-assistant-extension:test:   [33maria-live[39m=[32m"polite"[39m
@qbs-autonaim/recruitment-assistant-extension:test:   [33mdisabled[39m=[32m""[39m
@qbs-autonaim/recruitment-assistant-extension:test:   [33mstyle[39m=[32m"min-width: 44px; min-height: 44px; padding: 12px 24px; font-size: 16px; font-weight: 500; color: #ffffff; background-color: #6b7280; border: none none; border-radius: 8px; cursor: not-allowed; touch-action: manipulation; transition: background-color 0.2s ease, transform 0.1s ease, box-shadow 0.2s ease; display: flex; align-items: center; justify-content: center; gap: 8px; box-shadow: 0 1px 3px 0 rgba(0, 0, 0, 0.1), 0 1px 2px -1px rgba(0, 0, 0, 0.1); position: relative; outline-color: none; outline-style: none; outline-width: initial;"[39m
@qbs-autonaim/recruitment-assistant-extension:test:   [33mtype[39m=[32m"button"[39m
@qbs-autonaim/recruitment-assistant-extension:test: [36m>[39m
@qbs-autonaim/recruitment-assistant-extension:test:   [36m<svg[39m
@qbs-autonaim/recruitment-assistant-extension:test:     [33maria-hidden[39m=[32m"true"[39m
@qbs-autonaim/recruitment-assistant-extension:test:     [33mfill[39m=[32m"none"[39m
@qbs-autonaim/recruitment-assistant-extension:test:     [33mrole[39m=[32m"presentation"[39m
@qbs-autonaim/recruitment-assistant-extension:test:     [33mstyle[39m=[32m"width: 16px; height: 16px; animation: spin 1s linear infinite; flex-shrink: 0;"[39m
@qbs-autonaim/recruitment-assistant-extension:test:     [33mviewBox[39m=[32m"0 0 24 24"[39m
@qbs-autonaim/recruitment-assistant-extension:test:   [36m>[39m
@qbs-autonaim/recruitment-assistant-extension:test:     [36m<circle[39m
@qbs-autonaim/recruitment-assistant-extension:test:       [33mcx[39m=[32m"12"[39m
@qbs-autonaim/recruitment-assistant-extension:test:       [33mcy[39m=[32m"12"[39m
@qbs-autonaim/recruitment-assistant-extension:test:       [33mr[39m=[32m"10"[39m
@qbs-autonaim/recruitment-assistant-extension:test:       [33mstroke[39m=[32m"currentColor"[39m
@qbs-autonaim/recruitment-assistant-extension:test:       [33mstroke-opacity[39m=[32m"0.25"[39m
@qbs-autonaim/recruitment-assistant-extension:test:       [33mstroke-width[39m=[32m"4"[39m
@qbs-autonaim/recruitment-assistant-extension:test:     [36m/>[39m
@qbs-autonaim/recruitment-assistant-extension:test:     [36m<path[39m
@qbs-autonaim/recruitment-assistant-extension:test:       [33md[39m=[32m"M4 12a8 8 0 018-8V0C5.373 0 0 5.373 0 12h4zm2 5.291A7.962 7.962 0 014 12H0c0 3.042 1.135 5.824 3 7.938l3-2.647z"[39m
@qbs-autonaim/recruitment-assistant-extension:test:       [33mfill[39m=[32m"currentColor"[39m
@qbs-autonaim/recruitment-assistant-extension:test:       [33mopacity[39m=[32m"0.75"[39m
@qbs-autonaim/recruitment-assistant-extension:test:     [36m/>[39m
@qbs-autonaim/recruitment-assistant-extension:test:   [36m</svg>[39m
@qbs-autonaim/recruitment-assistant-extension:test:   [36m<span[39m
@qbs-autonaim/recruitment-assistant-extension:test:     [33mstyle[39m=[32m"white-space: nowrap;"[39m
@qbs-autonaim/recruitment-assistant-extension:test:   [36m>[39m
@qbs-autonaim/recruitment-assistant-extension:test:     [0m╨Ш╨╖╨▓╨╗╨╡╤З╨╡╨╜╨╕╨╡ ╨┤╨░╨╜╨╜╤Л╤ЕтАж[0m
@qbs-autonaim/recruitment-assistant-extension:test:   [36m</span>[39m
@qbs-autonaim/recruitment-assistant-extension:test: [36m</button>[39m
@qbs-autonaim/recruitment-assistant-extension:test: 
@qbs-autonaim/recruitment-assistant-extension:test: Ignored nodes: comments, script, style
@qbs-autonaim/recruitment-assistant-extension:test: [36m<button[39m
@qbs-autonaim/recruitment-assistant-extension:test:   [33maria-busy[39m=[32m"false"[39m
@qbs-autonaim/recruitment-assistant-extension:test:   [33maria-label[39m=[32m"╨Ш╨╖╨▓╨╗╨╡╤З╤М ╨┤╨░╨╜╨╜╤Л╨╡ ╨┐╤А╨╛╤Д╨╕╨╗╤П ╨║╨░╨╜╨┤╨╕╨┤╨░╤В╨░"[39m
@qbs-autonaim/recruitment-assistant-extension:test:   [33maria-live[39m=[32m"polite"[39m
@qbs-autonaim/recruitment-assistant-extension:test:   [33mstyle[39m=[32m"min-width: 44px; min-height: 44px; padding: 12px 24px; font-size: 16px; font-weight: 500; color: #ffffff; background-color: #2563eb; border: none none; border-radius: 8px; cursor: pointer; touch-action: manipulation; transition: background-color 0.2s ease, transform 0.1s ease, box-shadow 0.2s ease; display: flex; align-items: center; justify-content: center; gap: 8px; box-shadow: 0 1px 3px 0 rgba(0, 0, 0, 0.1), 0 1px 2px -1px rgba(0, 0, 0, 0.1); position: relative; outline-color: none; outline-style: none; outline-width: initial;"[39m
@qbs-autonaim/recruitment-assistant-extension:test:   [33mtype[39m=[32m"button"[39m
@qbs-autonaim/recruitment-assistant-extension:test: [36m>[39m
@qbs-autonaim/recruitment-assistant-extension:test:   [36m<span[39m
@qbs-autonaim/recruitment-assistant-extension:test:     [33mstyle[39m=[32m"white-space: nowrap;"[39m
@qbs-autonaim/recruitment-assistant-extension:test:   [36m>[39m
@qbs-autonaim/recruitment-assistant-extension:test:     [0m╨Ш╨╖╨▓╨╗╨╡╤З╤М ╨┤╨░╨╜╨╜╤Л╨╡[0m
@qbs-autonaim/recruitment-assistant-extension:test:   [36m</span>[39m
@qbs-autonaim/recruitment-assistant-extension:test: [36m</button>[39m
@qbs-autonaim/recruitment-assistant-extension:test: 
@qbs-autonaim/recruitment-assistant-extension:test: Ignored nodes: comments, script, style
@qbs-autonaim/recruitment-assistant-extension:test: [36m<button[39m
@qbs-autonaim/recruitment-assistant-extension:test:   [33maria-busy[39m=[32m"true"[39m
@qbs-autonaim/recruitment-assistant-extension:test:   [33maria-label[39m=[32m"╨Ш╨╖╨▓╨╗╨╡╤З╤М ╨┤╨░╨╜╨╜╤Л╨╡ ╨┐╤А╨╛╤Д╨╕╨╗╤П ╨║╨░╨╜╨┤╨╕╨┤╨░╤В╨░"[39m
@qbs-autonaim/recruitment-assistant-extension:test:   [33maria-live[39m=[32m"polite"[39m
@qbs-autonaim/recruitment-assistant-extension:test:   [33mdisabled[39m=[32m""[39m
@qbs-autonaim/recruitment-assistant-extension:test:   [33mstyle[39m=[32m"min-width: 44px; min-height: 44px; padding: 12px 24px; font-size: 16px; font-weight: 500; color: #ffffff; background-color: #6b7280; border: none none; border-radius: 8px; cursor: not-allowed; touch-action: manipulation; transition: background-color 0.2s ease, transform 0.1s ease, box-shadow 0.2s ease; display: flex; align-items: center; justify-content: center; gap: 8px; box-shadow: 0 1px 3px 0 rgba(0, 0, 0, 0.1), 0 1px 2px -1px rgba(0, 0, 0, 0.1); position: relative; outline-color: none; outline-style: none; outline-width: initial;"[39m
@qbs-autonaim/recruitment-assistant-extension:test:   [33mtype[39m=[32m"button"[39m
@qbs-autonaim/recruitment-assistant-extension:test: [36m>[39m
@qbs-autonaim/recruitment-assistant-extension:test:   [36m<svg[39m
@qbs-autonaim/recruitment-assistant-extension:test:     [33maria-hidden[39m=[32m"true"[39m
@qbs-autonaim/recruitment-assistant-extension:test:     [33mfill[39m=[32m"none"[39m
@qbs-autonaim/recruitment-assistant-extension:test:     [33mrole[39m=[32m"presentation"[39m
@qbs-autonaim/recruitment-assistant-extension:test:     [33mstyle[39m=[32m"width: 16px; height: 16px; animation: spin 1s linear infinite; flex-shrink: 0;"[39m
@qbs-autonaim/recruitment-assistant-extension:test:     [33mviewBox[39m=[32m"0 0 24 24"[39m
@qbs-autonaim/recruitment-assistant-extension:test:   [36m>[39m
@qbs-autonaim/recruitment-assistant-extension:test:     [36m<circle[39m
@qbs-autonaim/recruitment-assistant-extension:test:       [33mcx[39m=[32m"12"[39m
@qbs-autonaim/recruitment-assistant-extension:test:       [33mcy[39m=[32m"12"[39m
@qbs-autonaim/recruitment-assistant-extension:test:       [33mr[39m=[32m"10"[39m
@qbs-autonaim/recruitment-assistant-extension:test:       [33mstroke[39m=[32m"currentColor"[39m
@qbs-autonaim/recruitment-assistant-extension:test:       [33mstroke-opacity[39m=[32m"0.25"[39m
@qbs-autonaim/recruitment-assistant-extension:test:       [33mstroke-width[39m=[32m"4"[39m
@qbs-autonaim/recruitment-assistant-extension:test:     [36m/>[39m
@qbs-autonaim/recruitment-assistant-extension:test:     [36m<path[39m
@qbs-autonaim/recruitment-assistant-extension:test:       [33md[39m=[32m"M4 12a8 8 0 018-8V0C5.373 0 0 5.373 0 12h4zm2 5.291A7.962 7.962 0 014 12H0c0 3.042 1.135 5.824 3 7.938l3-2.647z"[39m
@qbs-autonaim/recruitment-assistant-extension:test:       [33mfill[39m=[32m"currentColor"[39m
@qbs-autonaim/recruitment-assistant-extension:test:       [33mopacity[39m=[32m"0.75"[39m
@qbs-autonaim/recruitment-assistant-extension:test:     [36m/>[39m
@qbs-autonaim/recruitment-assistant-extension:test:   [36m</svg>[39m
@qbs-autonaim/recruitment-assistant-extension:test:   [36m<span[39m
@qbs-autonaim/recruitment-assistant-extension:test:     [33mstyle[39m=[32m"white-space: nowrap;"[39m
@qbs-autonaim/recruitment-assistant-extension:test:   [36m>[39m
@qbs-autonaim/recruitment-assistant-extension:test:     [0m╨Ш╨╖╨▓╨╗╨╡╤З╨╡╨╜╨╕╨╡ ╨┤╨░╨╜╨╜╤Л╤ЕтАж[0m
@qbs-autonaim/recruitment-assistant-extension:test:   [36m</span>[39m
@qbs-autonaim/recruitment-assistant-extension:test: [36m</button>[39m
@qbs-autonaim/recruitment-assistant-extension:test: 
@qbs-autonaim/recruitment-assistant-extension:test: Ignored nodes: comments, script, style
@qbs-autonaim/recruitment-assistant-extension:test: [36m<button[39m
@qbs-autonaim/recruitment-assistant-extension:test:   [33maria-busy[39m=[32m"false"[39m
@qbs-autonaim/recruitment-assistant-extension:test:   [33maria-label[39m=[32m"╨Ш╨╖╨▓╨╗╨╡╤З╤М ╨┤╨░╨╜╨╜╤Л╨╡ ╨┐╤А╨╛╤Д╨╕╨╗╤П ╨║╨░╨╜╨┤╨╕╨┤╨░╤В╨░"[39m
@qbs-autonaim/recruitment-assistant-extension:test:   [33maria-live[39m=[32m"polite"[39m
@qbs-autonaim/recruitment-assistant-extension:test:   [33mstyle[39m=[32m"min-width: 44px; min-height: 44px; padding: 12px 24px; font-size: 16px; font-weight: 500; color: #ffffff; background-color: #2563eb; border: none none; border-radius: 8px; cursor: pointer; touch-action: manipulation; transition: background-color 0.2s ease, transform 0.1s ease, box-shadow 0.2s ease; display: flex; align-items: center; justify-content: center; gap: 8px; box-shadow: 0 1px 3px 0 rgba(0, 0, 0, 0.1), 0 1px 2px -1px rgba(0, 0, 0, 0.1); position: relative; outline-color: none; outline-style: none; outline-width: initial;"[39m
@qbs-autonaim/recruitment-assistant-extension:test:   [33mtype[39m=[32m"button"[39m
@qbs-autonaim/recruitment-assistant-extension:test: [36m>[39m
@qbs-autonaim/recruitment-assistant-extension:test:   [36m<span[39m
@qbs-autonaim/recruitment-assistant-extension:test:     [33mstyle[39m=[32m"white-space: nowrap;"[39m
@qbs-autonaim/recruitment-assistant-extension:test:   [36m>[39m
@qbs-autonaim/recruitment-assistant-extension:test:     [0m╨Ш╨╖╨▓╨╗╨╡╤З╤М ╨┤╨░╨╜╨╜╤Л╨╡[0m
@qbs-autonaim/recruitment-assistant-extension:test:   [36m</span>[39m
@qbs-autonaim/recruitment-assistant-extension:test: [36m</button>[39m
@qbs-autonaim/recruitment-assistant-extension:test: 
@qbs-autonaim/recruitment-assistant-extension:test: Ignored nodes: comments, script, style
@qbs-autonaim/recruitment-assistant-extension:test: [36m<button[39m
@qbs-autonaim/recruitment-assistant-extension:test:   [33maria-busy[39m=[32m"true"[39m
@qbs-autonaim/recruitment-assistant-extension:test:   [33maria-label[39m=[32m"╨Ш╨╖╨▓╨╗╨╡╤З╤М ╨┤╨░╨╜╨╜╤Л╨╡ ╨┐╤А╨╛╤Д╨╕╨╗╤П ╨║╨░╨╜╨┤╨╕╨┤╨░╤В╨░"[39m
@qbs-autonaim/recruitment-assistant-extension:test:   [33maria-live[39m=[32m"polite"[39m
@qbs-autonaim/recruitment-assistant-extension:test:   [33mdisabled[39m=[32m""[39m
@qbs-autonaim/recruitment-assistant-extension:test:   [33mstyle[39m=[32m"min-width: 44px; min-height: 44px; padding: 12px 24px; font-size: 16px; font-weight: 500; color: #ffffff; background-color: #6b7280; border: none none; border-radius: 8px; cursor: not-allowed; touch-action: manipulation; transition: background-color 0.2s ease, transform 0.1s ease, box-shadow 0.2s ease; display: flex; align-items: center; justify-content: center; gap: 8px; box-shadow: 0 1px 3px 0 rgba(0, 0, 0, 0.1), 0 1px 2px -1px rgba(0, 0, 0, 0.1); position: relative; outline-color: none; outline-style: none; outline-width: initial;"[39m
@qbs-autonaim/recruitment-assistant-extension:test:   [33mtype[39m=[32m"button"[39m
@qbs-autonaim/recruitment-assistant-extension:test: [36m>[39m
@qbs-autonaim/recruitment-assistant-extension:test:   [36m<svg[39m
@qbs-autonaim/recruitment-assistant-extension:test:     [33maria-hidden[39m=[32m"true"[39m
@qbs-autonaim/recruitment-assistant-extension:test:     [33mfill[39m=[32m"none"[39m
@qbs-autonaim/recruitment-assistant-extension:test:     [33mrole[39m=[32m"presentation"[39m
@qbs-autonaim/recruitment-assistant-extension:test:     [33mstyle[39m=[32m"width: 16px; height: 16px; animation: spin 1s linear infinite; flex-shrink: 0;"[39m
@qbs-autonaim/recruitment-assistant-extension:test:     [33mviewBox[39m=[32m"0 0 24 24"[39m
@qbs-autonaim/recruitment-assistant-extension:test:   [36m>[39m
@qbs-autonaim/recruitment-assistant-extension:test:     [36m<circle[39m
@qbs-autonaim/recruitment-assistant-extension:test:       [33mcx[39m=[32m"12"[39m
@qbs-autonaim/recruitment-assistant-extension:test:       [33mcy[39m=[32m"12"[39m
@qbs-autonaim/recruitment-assistant-extension:test:       [33mr[39m=[32m"10"[39m
@qbs-autonaim/recruitment-assistant-extension:test:       [33mstroke[39m=[32m"currentColor"[39m
@qbs-autonaim/recruitment-assistant-extension:test:       [33mstroke-opacity[39m=[32m"0.25"[39m
@qbs-autonaim/recruitment-assistant-extension:test:       [33mstroke-width[39m=[32m"4"[39m
@qbs-autonaim/recruitment-assistant-extension:test:     [36m/>[39m
@qbs-autonaim/recruitment-assistant-extension:test:     [36m<path[39m
@qbs-autonaim/recruitment-assistant-extension:test:       [33md[39m=[32m"M4 12a8 8 0 018-8V0C5.373 0 0 5.373 0 12h4zm2 5.291A7.962 7.962 0 014 12H0c0 3.042 1.135 5.824 3 7.938l3-2.647z"[39m
@qbs-autonaim/recruitment-assistant-extension:test:       [33mfill[39m=[32m"currentColor"[39m
@qbs-autonaim/recruitment-assistant-extension:test:       [33mopacity[39m=[32m"0.75"[39m
@qbs-autonaim/recruitment-assistant-extension:test:     [36m/>[39m
@qbs-autonaim/recruitment-assistant-extension:test:   [36m</svg>[39m
@qbs-autonaim/recruitment-assistant-extension:test:   [36m<span[39m
@qbs-autonaim/recruitment-assistant-extension:test:     [33mstyle[39m=[32m"white-space: nowrap;"[39m
@qbs-autonaim/recruitment-assistant-extension:test:   [36m>[39m
@qbs-autonaim/recruitment-assistant-extension:test:     [0m╨Ш╨╖╨▓╨╗╨╡╤З╨╡╨╜╨╕╨╡ ╨┤╨░╨╜╨╜╤Л╤ЕтАж[0m
@qbs-autonaim/recruitment-assistant-extension:test:   [36m</span>[39m
@qbs-autonaim/recruitment-assistant-extension:test: [36m</button>[39m
@qbs-autonaim/recruitment-assistant-extension:test: 
@qbs-autonaim/recruitment-assistant-extension:test: Ignored nodes: comments, script, style
@qbs-autonaim/recruitment-assistant-extension:test: [36m<button[39m
@qbs-autonaim/recruitment-assistant-extension:test:   [33maria-busy[39m=[32m"true"[39m
@qbs-autonaim/recruitment-assistant-extension:test:   [33maria-label[39m=[32m"╨Ш╨╖╨▓╨╗╨╡╤З╤М ╨┤╨░╨╜╨╜╤Л╨╡ ╨┐╤А╨╛╤Д╨╕╨╗╤П ╨║╨░╨╜╨┤╨╕╨┤╨░╤В╨░"[39m
@qbs-autonaim/recruitment-assistant-extension:test:   [33maria-live[39m=[32m"polite"[39m
@qbs-autonaim/recruitment-assistant-extension:test:   [33mdisabled[39m=[32m""[39m
@qbs-autonaim/recruitment-assistant-extension:test:   [33mstyle[39m=[32m"min-width: 44px; min-height: 44px; padding: 12px 24px; font-size: 16px; font-weight: 500; color: #ffffff; background-color: #6b7280; border: none none; border-radius: 8px; cursor: not-allowed; touch-action: manipulation; transition: background-color 0.2s ease, transform 0.1s ease, box-shadow 0.2s ease; display: flex; align-items: center; justify-content: center; gap: 8px; box-shadow: 0 1px 3px 0 rgba(0, 0, 0, 0.1), 0 1px 2px -1px rgba(0, 0, 0, 0.1); position: relative; outline-color: none; outline-style: none; outline-width: initial;"[39m
@qbs-autonaim/recruitment-assistant-extension:test:   [33mtype[39m=[32m"button"[39m
@qbs-autonaim/recruitment-assistant-extension:test: [36m>[39m
@qbs-autonaim/recruitment-assistant-extension:test:   [36m<svg[39m
@qbs-autonaim/recruitment-assistant-extension:test:     [33maria-hidden[39m=[32m"true"[39m
@qbs-autonaim/recruitment-assistant-extension:test:     [33mfill[39m=[32m"none"[39m
@qbs-autonaim/recruitment-assistant-extension:test:     [33mrole[39m=[32m"presentation"[39m
@qbs-autonaim/recruitment-assistant-extension:test:     [33mstyle[39m=[32m"width: 16px; height: 16px; animation: spin 1s linear infinite; flex-shrink: 0;"[39m
@qbs-autonaim/recruitment-assistant-extension:test:     [33mviewBox[39m=[32m"0 0 24 24"[39m
@qbs-autonaim/recruitment-assistant-extension:test:   [36m>[39m
@qbs-autonaim/recruitment-assistant-extension:test:     [36m<circle[39m
@qbs-autonaim/recruitment-assistant-extension:test:       [33mcx[39m=[32m"12"[39m
@qbs-autonaim/recruitment-assistant-extension:test:       [33mcy[39m=[32m"12"[39m
@qbs-autonaim/recruitment-assistant-extension:test:       [33mr[39m=[32m"10"[39m
@qbs-autonaim/recruitment-assistant-extension:test:       [33mstroke[39m=[32m"currentColor"[39m
@qbs-autonaim/recruitment-assistant-extension:test:       [33mstroke-opacity[39m=[32m"0.25"[39m
@qbs-autonaim/recruitment-assistant-extension:test:       [33mstroke-width[39m=[32m"4"[39m
@qbs-autonaim/recruitment-assistant-extension:test:     [36m/>[39m
@qbs-autonaim/recruitment-assistant-extension:test:     [36m<path[39m
@qbs-autonaim/recruitment-assistant-extension:test:       [33md[39m=[32m"M4 12a8 8 0 018-8V0C5.373 0 0 5.373 0 12h4zm2 5.291A7.962 7.962 0 014 12H0c0 3.042 1.135 5.824 3 7.938l3-2.647z"[39m
@qbs-autonaim/recruitment-assistant-extension:test:       [33mfill[39m=[32m"currentColor"[39m
@qbs-autonaim/recruitment-assistant-extension:test:       [33mopacity[39m=[32m"0.75"[39m
@qbs-autonaim/recruitment-assistant-extension:test:     [36m/>[39m
@qbs-autonaim/recruitment-assistant-extension:test:   [36m</svg>[39m
@qbs-autonaim/recruitment-assistant-extension:test:   [36m<span[39m
@qbs-autonaim/recruitment-assistant-extension:test:     [33mstyle[39m=[32m"white-space: nowrap;"[39m
@qbs-autonaim/recruitment-assistant-extension:test:   [36m>[39m
@qbs-autonaim/recruitment-assistant-extension:test:     [0m╨Ш╨╖╨▓╨╗╨╡╤З╨╡╨╜╨╕╨╡ ╨┤╨░╨╜╨╜╤Л╤ЕтАж[0m
@qbs-autonaim/recruitment-assistant-extension:test:   [36m</span>[39m
@qbs-autonaim/recruitment-assistant-extension:test: [36m</button>[39m
@qbs-autonaim/recruitment-assistant-extension:test: 
@qbs-autonaim/recruitment-assistant-extension:test: Ignored nodes: comments, script, style
@qbs-autonaim/recruitment-assistant-extension:test: [36m<button[39m
@qbs-autonaim/recruitment-assistant-extension:test:   [33maria-busy[39m=[32m"false"[39m
@qbs-autonaim/recruitment-assistant-extension:test:   [33maria-label[39m=[32m"╨Ш╨╖╨▓╨╗╨╡╤З╤М ╨┤╨░╨╜╨╜╤Л╨╡ ╨┐╤А╨╛╤Д╨╕╨╗╤П ╨║╨░╨╜╨┤╨╕╨┤╨░╤В╨░"[39m
@qbs-autonaim/recruitment-assistant-extension:test:   [33maria-live[39m=[32m"polite"[39m
@qbs-autonaim/recruitment-assistant-extension:test:   [33mstyle[39m=[32m"min-width: 44px; min-height: 44px; padding: 12px 24px; font-size: 16px; font-weight: 500; color: #ffffff; background-color: #2563eb; border: none none; border-radius: 8px; cursor: pointer; touch-action: manipulation; transition: background-color 0.2s ease, transform 0.1s ease, box-shadow 0.2s ease; display: flex; align-items: center; justify-content: center; gap: 8px; box-shadow: 0 1px 3px 0 rgba(0, 0, 0, 0.1), 0 1px 2px -1px rgba(0, 0, 0, 0.1); position: relative; outline-color: none; outline-style: none; outline-width: initial;"[39m
@qbs-autonaim/recruitment-assistant-extension:test:   [33mtype[39m=[32m"button"[39m
@qbs-autonaim/recruitment-assistant-extension:test: [36m>[39m
@qbs-autonaim/recruitment-assistant-extension:test:   [36m<span[39m
@qbs-autonaim/recruitment-assistant-extension:test:     [33mstyle[39m=[32m"white-space: nowrap;"[39m
@qbs-autonaim/recruitment-assistant-extension:test:   [36m>[39m
@qbs-autonaim/recruitment-assistant-extension:test:     [0m╨Ш╨╖╨▓╨╗╨╡╤З╤М ╨┤╨░╨╜╨╜╤Л╨╡[0m
@qbs-autonaim/recruitment-assistant-extension:test:   [36m</span>[39m
@qbs-autonaim/recruitment-assistant-extension:test: [36m</button>[39m
@qbs-autonaim/recruitment-assistant-extension:test: 
@qbs-autonaim/recruitment-assistant-extension:test: Ignored nodes: comments, script, style
@qbs-autonaim/recruitment-assistant-extension:test: [36m<button[39m
@qbs-autonaim/recruitment-assistant-extension:test:   [33maria-busy[39m=[32m"false"[39m
@qbs-autonaim/recruitment-assistant-extension:test:   [33maria-label[39m=[32m"╨Ш╨╖╨▓╨╗╨╡╤З╤М ╨┤╨░╨╜╨╜╤Л╨╡ ╨┐╤А╨╛╤Д╨╕╨╗╤П ╨║╨░╨╜╨┤╨╕╨┤╨░╤В╨░"[39m
@qbs-autonaim/recruitment-assistant-extension:test:   [33maria-live[39m=[32m"polite"[39m
@qbs-autonaim/recruitment-assistant-extension:test:   [33mstyle[39m=[32m"min-width: 44px; min-height: 44px; padding: 12px 24px; font-size: 16px; font-weight: 500; color: #ffffff; background-color: #2563eb; border: none none; border-radius: 8px; cursor: pointer; touch-action: manipulation; transition: background-color 0.2s ease, transform 0.1s ease, box-shadow 0.2s ease; display: flex; align-items: center; justify-content: center; gap: 8px; box-shadow: 0 1px 3px 0 rgba(0, 0, 0, 0.1), 0 1px 2px -1px rgba(0, 0, 0, 0.1); position: relative; outline-color: none; outline-style: none; outline-width: initial;"[39m
@qbs-autonaim/recruitment-assistant-extension:test:   [33mtype[39m=[32m"button"[39m
@qbs-autonaim/recruitment-assistant-extension:test: [36m>[39m
@qbs-autonaim/recruitment-assistant-extension:test:   [36m<span[39m
@qbs-autonaim/recruitment-assistant-extension:test:     [33mstyle[39m=[32m"white-space: nowrap;"[39m
@qbs-autonaim/recruitment-assistant-extension:test:   [36m>[39m
@qbs-autonaim/recruitment-assistant-extension:test:     [0m╨Ш╨╖╨▓╨╗╨╡╤З╤М ╨┤╨░╨╜╨╜╤Л╨╡[0m
@qbs-autonaim/recruitment-assistant-extension:test:   [36m</span>[39m
@qbs-autonaim/recruitment-assistant-extension:test: [36m</button>[39m
@qbs-autonaim/recruitment-assistant-extension:test: 
@qbs-autonaim/recruitment-assistant-extension:test: Ignored nodes: comments, script, style
@qbs-autonaim/recruitment-assistant-extension:test: [36m<button[39m
@qbs-autonaim/recruitment-assistant-extension:test:   [33maria-busy[39m=[32m"false"[39m
@qbs-autonaim/recruitment-assistant-extension:test:   [33maria-label[39m=[32m"╨Ш╨╖╨▓╨╗╨╡╤З╤М ╨┤╨░╨╜╨╜╤Л╨╡ ╨┐╤А╨╛╤Д╨╕╨╗╤П ╨║╨░╨╜╨┤╨╕╨┤╨░╤В╨░"[39m
@qbs-autonaim/recruitment-assistant-extension:test:   [33maria-live[39m=[32m"polite"[39m
@qbs-autonaim/recruitment-assistant-extension:test:   [33mstyle[39m=[32m"min-width: 44px; min-height: 44px; padding: 12px 24px; font-size: 16px; font-weight: 500; color: #ffffff; background-color: #2563eb; border: none none; border-radius: 8px; cursor: pointer; touch-action: manipulation; transition: background-color 0.2s ease, transform 0.1s ease, box-shadow 0.2s ease; display: flex; align-items: center; justify-content: center; gap: 8px; box-shadow: 0 1px 3px 0 rgba(0, 0, 0, 0.1), 0 1px 2px -1px rgba(0, 0, 0, 0.1); position: relative; outline-color: none; outline-style: none; outline-width: initial;"[39m
@qbs-autonaim/recruitment-assistant-extension:test:   [33mtype[39m=[32m"button"[39m
@qbs-autonaim/recruitment-assistant-extension:test: [36m>[39m
@qbs-autonaim/recruitment-assistant-extension:test:   [36m<span[39m
@qbs-autonaim/recruitment-assistant-extension:test:     [33mstyle[39m=[32m"white-space: nowrap;"[39m
@qbs-autonaim/recruitment-assistant-extension:test:   [36m>[39m
@qbs-autonaim/recruitment-assistant-extension:test:     [0m╨Ш╨╖╨▓╨╗╨╡╤З╤М ╨┤╨░╨╜╨╜╤Л╨╡[0m
@qbs-autonaim/recruitment-assistant-extension:test:   [36m</span>[39m
@qbs-autonaim/recruitment-assistant-extension:test: [36m</button>[39m
@qbs-autonaim/recruitment-assistant-extension:test: 
@qbs-autonaim/recruitment-assistant-extension:test: Ignored nodes: comments, script, style
@qbs-autonaim/recruitment-assistant-extension:test: [36m<button[39m
@qbs-autonaim/recruitment-assistant-extension:test:   [33maria-busy[39m=[32m"false"[39m
@qbs-autonaim/recruitment-assistant-extension:test:   [33maria-label[39m=[32m"╨Ш╨╖╨▓╨╗╨╡╤З╤М ╨┤╨░╨╜╨╜╤Л╨╡ ╨┐╤А╨╛╤Д╨╕╨╗╤П ╨║╨░╨╜╨┤╨╕╨┤╨░╤В╨░"[39m
@qbs-autonaim/recruitment-assistant-extension:test:   [33maria-live[39m=[32m"polite"[39m
@qbs-autonaim/recruitment-assistant-extension:test:   [33mstyle[39m=[32m"min-width: 44px; min-height: 44px; padding: 12px 24px; font-size: 16px; font-weight: 500; color: #ffffff; background-color: #2563eb; border: none none; border-radius: 8px; cursor: pointer; touch-action: manipulation; transition: background-color 0.2s ease, transform 0.1s ease, box-shadow 0.2s ease; display: flex; align-items: center; justify-content: center; gap: 8px; box-shadow: 0 1px 3px 0 rgba(0, 0, 0, 0.1), 0 1px 2px -1px rgba(0, 0, 0, 0.1); position: relative; outline-color: none; outline-style: none; outline-width: initial;"[39m
@qbs-autonaim/recruitment-assistant-extension:test:   [33mtype[39m=[32m"button"[39m
@qbs-autonaim/recruitment-assistant-extension:test: [36m>[39m
@qbs-autonaim/recruitment-assistant-extension:test:   [36m<span[39m
@qbs-autonaim/recruitment-assistant-extension:test:     [33mstyle[39m=[32m"white-space: nowrap;"[39m
@qbs-autonaim/recruitment-assistant-extension:test:   [36m>[39m
@qbs-autonaim/recruitment-assistant-extension:test:     [0m╨Ш╨╖╨▓╨╗╨╡╤З╤М ╨┤╨░╨╜╨╜╤Л╨╡[0m
@qbs-autonaim/recruitment-assistant-extension:test:   [36m</span>[39m
@qbs-autonaim/recruitment-assistant-extension:test: [36m</button>[39m
@qbs-autonaim/recruitment-assistant-extension:test: 
@qbs-autonaim/recruitment-assistant-extension:test: Ignored nodes: comments, script, style
@qbs-autonaim/recruitment-assistant-extension:test: [36m<button[39m
@qbs-autonaim/recruitment-assistant-extension:test:   [33maria-busy[39m=[32m"false"[39m
@qbs-autonaim/recruitment-assistant-extension:test:   [33maria-label[39m=[32m"╨Ш╨╖╨▓╨╗╨╡╤З╤М ╨┤╨░╨╜╨╜╤Л╨╡ ╨┐╤А╨╛╤Д╨╕╨╗╤П ╨║╨░╨╜╨┤╨╕╨┤╨░╤В╨░"[39m
@qbs-autonaim/recruitment-assistant-extension:test:   [33maria-live[39m=[32m"polite"[39m
@qbs-autonaim/recruitment-assistant-extension:test:   [33mstyle[39m=[32m"min-width: 44px; min-height: 44px; padding: 12px 24px; font-size: 16px; font-weight: 500; color: #ffffff; background-color: #2563eb; border: none none; border-radius: 8px; cursor: pointer; touch-action: manipulation; transition: background-color 0.2s ease, transform 0.1s ease, box-shadow 0.2s ease; display: flex; align-items: center; justify-content: center; gap: 8px; box-shadow: 0 1px 3px 0 rgba(0, 0, 0, 0.1), 0 1px 2px -1px rgba(0, 0, 0, 0.1); position: relative; outline-color: none; outline-style: none; outline-width: initial;"[39m
@qbs-autonaim/recruitment-assistant-extension:test:   [33mtype[39m=[32m"button"[39m
@qbs-autonaim/recruitment-assistant-extension:test: [36m>[39m
@qbs-autonaim/recruitment-assistant-extension:test:   [36m<span[39m
@qbs-autonaim/recruitment-assistant-extension:test:     [33mstyle[39m=[32m"white-space: nowrap;"[39m
@qbs-autonaim/recruitment-assistant-extension:test:   [36m>[39m
@qbs-autonaim/recruitment-assistant-extension:test:     [0m╨Ш╨╖╨▓╨╗╨╡╤З╤М ╨┤╨░╨╜╨╜╤Л╨╡[0m
@qbs-autonaim/recruitment-assistant-extension:test:   [36m</span>[39m
@qbs-autonaim/recruitment-assistant-extension:test: [36m</button>[39m
@qbs-autonaim/recruitment-assistant-extension:test: 
@qbs-autonaim/recruitment-assistant-extension:test: Ignored nodes: comments, script, style
@qbs-autonaim/recruitment-assistant-extension:test: [36m<button[39m
@qbs-autonaim/recruitment-assistant-extension:test:   [33maria-busy[39m=[32m"true"[39m
@qbs-autonaim/recruitment-assistant-extension:test:   [33maria-label[39m=[32m"╨Ш╨╖╨▓╨╗╨╡╤З╤М ╨┤╨░╨╜╨╜╤Л╨╡ ╨┐╤А╨╛╤Д╨╕╨╗╤П ╨║╨░╨╜╨┤╨╕╨┤╨░╤В╨░"[39m
@qbs-autonaim/recruitment-assistant-extension:test:   [33maria-live[39m=[32m"polite"[39m
@qbs-autonaim/recruitment-assistant-extension:test:   [33mdisabled[39m=[32m""[39m
@qbs-autonaim/recruitment-assistant-extension:test:   [33mstyle[39m=[32m"min-width: 44px; min-height: 44px; padding: 12px 24px; font-size: 16px; font-weight: 500; color: #ffffff; background-color: #6b7280; border: none none; border-radius: 8px; cursor: not-allowed; touch-action: manipulation; transition: background-color 0.2s ease, transform 0.1s ease, box-shadow 0.2s ease; display: flex; align-items: center; justify-content: center; gap: 8px; box-shadow: 0 1px 3px 0 rgba(0, 0, 0, 0.1), 0 1px 2px -1px rgba(0, 0, 0, 0.1); position: relative; outline-color: none; outline-style: none; outline-width: initial;"[39m
@qbs-autonaim/recruitment-assistant-extension:test:   [33mtype[39m=[32m"button"[39m
@qbs-autonaim/recruitment-assistant-extension:test: [36m>[39m
@qbs-autonaim/recruitment-assistant-extension:test:   [36m<svg[39m
@qbs-autonaim/recruitment-assistant-extension:test:     [33maria-hidden[39m=[32m"true"[39m
@qbs-autonaim/recruitment-assistant-extension:test:     [33mfill[39m=[32m"none"[39m
@qbs-autonaim/recruitment-assistant-extension:test:     [33mrole[39m=[32m"presentation"[39m
@qbs-autonaim/recruitment-assistant-extension:test:     [33mstyle[39m=[32m"width: 16px; height: 16px; animation: spin 1s linear infinite; flex-shrink: 0;"[39m
@qbs-autonaim/recruitment-assistant-extension:test:     [33mviewBox[39m=[32m"0 0 24 24"[39m
@qbs-autonaim/recruitment-assistant-extension:test:   [36m>[39m
@qbs-autonaim/recruitment-assistant-extension:test:     [36m<circle[39m
@qbs-autonaim/recruitment-assistant-extension:test:       [33mcx[39m=[32m"12"[39m
@qbs-autonaim/recruitment-assistant-extension:test:       [33mcy[39m=[32m"12"[39m
@qbs-autonaim/recruitment-assistant-extension:test:       [33mr[39m=[32m"10"[39m
@qbs-autonaim/recruitment-assistant-extension:test:       [33mstroke[39m=[32m"currentColor"[39m
@qbs-autonaim/recruitment-assistant-extension:test:       [33mstroke-opacity[39m=[32m"0.25"[39m
@qbs-autonaim/recruitment-assistant-extension:test:       [33mstroke-width[39m=[32m"4"[39m
@qbs-autonaim/recruitment-assistant-extension:test:     [36m/>[39m
@qbs-autonaim/recruitment-assistant-extension:test:     [36m<path[39m
@qbs-autonaim/recruitment-assistant-extension:test:       [33md[39m=[32m"M4 12a8 8 0 018-8V0C5.373 0 0 5.373 0 12h4zm2 5.291A7.962 7.962 0 014 12H0c0 3.042 1.135 5.824 3 7.938l3-2.647z"[39m
@qbs-autonaim/recruitment-assistant-extension:test:       [33mfill[39m=[32m"currentColor"[39m
@qbs-autonaim/recruitment-assistant-extension:test:       [33mopacity[39m=[32m"0.75"[39m
@qbs-autonaim/recruitment-assistant-extension:test:     [36m/>[39m
@qbs-autonaim/recruitment-assistant-extension:test:   [36m</svg>[39m
@qbs-autonaim/recruitment-assistant-extension:test:   [36m<span[39m
@qbs-autonaim/recruitment-assistant-extension:test:     [33mstyle[39m=[32m"white-space: nowrap;"[39m
@qbs-autonaim/recruitment-assistant-extension:test:   [36m>[39m
@qbs-autonaim/recruitment-assistant-extension:test:     [0m╨Ш╨╖╨▓╨╗╨╡╤З╨╡╨╜╨╕╨╡ ╨┤╨░╨╜╨╜╤Л╤ЕтАж[0m
@qbs-autonaim/recruitment-assistant-extension:test:   [36m</span>[39m
@qbs-autonaim/recruitment-assistant-extension:test: [36m</button>[39m
@qbs-autonaim/recruitment-assistant-extension:test: 
@qbs-autonaim/recruitment-assistant-extension:test: Ignored nodes: comments, script, style
@qbs-autonaim/recruitment-assistant-extension:test: [36m<button[39m
@qbs-autonaim/recruitment-assistant-extension:test:   [33maria-busy[39m=[32m"false"[39m
@qbs-autonaim/recruitment-assistant-extension:test:   [33maria-label[39m=[32m"╨Ш╨╖╨▓╨╗╨╡╤З╤М ╨┤╨░╨╜╨╜╤Л╨╡ ╨┐╤А╨╛╤Д╨╕╨╗╤П ╨║╨░╨╜╨┤╨╕╨┤╨░╤В╨░"[39m
@qbs-autonaim/recruitment-assistant-extension:test:   [33maria-live[39m=[32m"polite"[39m
@qbs-autonaim/recruitment-assistant-extension:test:   [33mstyle[39m=[32m"min-width: 44px; min-height: 44px; padding: 12px 24px; font-size: 16px; font-weight: 500; color: #ffffff; background-color: #2563eb; border: none none; border-radius: 8px; cursor: pointer; touch-action: manipulation; transition: background-color 0.2s ease, transform 0.1s ease, box-shadow 0.2s ease; display: flex; align-items: center; justify-content: center; gap: 8px; box-shadow: 0 1px 3px 0 rgba(0, 0, 0, 0.1), 0 1px 2px -1px rgba(0, 0, 0, 0.1); position: relative; outline-color: none; outline-style: none; outline-width: initial;"[39m
@qbs-autonaim/recruitment-assistant-extension:test:   [33mtype[39m=[32m"button"[39m
@qbs-autonaim/recruitment-assistant-extension:test: [36m>[39m
@qbs-autonaim/recruitment-assistant-extension:test:   [36m<span[39m
@qbs-autonaim/recruitment-assistant-extension:test:     [33mstyle[39m=[32m"white-space: nowrap;"[39m
@qbs-autonaim/recruitment-assistant-extension:test:   [36m>[39m
@qbs-autonaim/recruitment-assistant-extension:test:     [0m╨Ш╨╖╨▓╨╗╨╡╤З╤М ╨┤╨░╨╜╨╜╤Л╨╡[0m
@qbs-autonaim/recruitment-assistant-extension:test:   [36m</span>[39m
@qbs-autonaim/recruitment-assistant-extension:test: [36m</button>[39m
@qbs-autonaim/recruitment-assistant-extension:test: 
@qbs-autonaim/recruitment-assistant-extension:test: Ignored nodes: comments, script, style
@qbs-autonaim/recruitment-assistant-extension:test: [36m<button[39m
@qbs-autonaim/recruitment-assistant-extension:test:   [33maria-busy[39m=[32m"false"[39m
@qbs-autonaim/recruitment-assistant-extension:test:   [33maria-label[39m=[32m"╨Ш╨╖╨▓╨╗╨╡╤З╤М ╨┤╨░╨╜╨╜╤Л╨╡ ╨┐╤А╨╛╤Д╨╕╨╗╤П ╨║╨░╨╜╨┤╨╕╨┤╨░╤В╨░"[39m
@qbs-autonaim/recruitment-assistant-extension:test:   [33maria-live[39m=[32m"polite"[39m
@qbs-autonaim/recruitment-assistant-extension:test:   [33mstyle[39m=[32m"min-width: 44px; min-height: 44px; padding: 12px 24px; font-size: 16px; font-weight: 500; color: #ffffff; background-color: #2563eb; border: none none; border-radius: 8px; cursor: pointer; touch-action: manipulation; transition: background-color 0.2s ease, transform 0.1s ease, box-shadow 0.2s ease; display: flex; align-items: center; justify-content: center; gap: 8px; box-shadow: 0 1px 3px 0 rgba(0, 0, 0, 0.1), 0 1px 2px -1px rgba(0, 0, 0, 0.1); position: relative; outline-color: none; outline-style: none; outline-width: initial;"[39m
@qbs-autonaim/recruitment-assistant-extension:test:   [33mtype[39m=[32m"button"[39m
@qbs-autonaim/recruitment-assistant-extension:test: [36m>[39m
@qbs-autonaim/recruitment-assistant-extension:test:   [36m<span[39m
@qbs-autonaim/recruitment-assistant-extension:test:     [33mstyle[39m=[32m"white-space: nowrap;"[39m
@qbs-autonaim/recruitment-assistant-extension:test:   [36m>[39m
@qbs-autonaim/recruitment-assistant-extension:test:     [0m╨Ш╨╖╨▓╨╗╨╡╤З╤М ╨┤╨░╨╜╨╜╤Л╨╡[0m
@qbs-autonaim/recruitment-assistant-extension:test:   [36m</span>[39m
@qbs-autonaim/recruitment-assistant-extension:test: [36m</button>[39m
@qbs-autonaim/recruitment-assistant-extension:test: 
@qbs-autonaim/recruitment-assistant-extension:test: (If this is intentional, then use the `*AllBy*` variant of the query (like `queryAllByText`, `getAllByText`, or `findAllByText`)).
@qbs-autonaim/recruitment-assistant-extension:test: 
@qbs-autonaim/recruitment-assistant-extension:test: Ignored nodes: comments, script, style
@qbs-autonaim/recruitment-assistant-extension:test: [36m<body>[39m
@qbs-autonaim/recruitment-assistant-extension:test:   [0m
@qbs-autonaim/recruitment-assistant-extension:test:         [0m
@qbs-autonaim/recruitment-assistant-extension:test:   [36m<h1[39m
@qbs-autonaim/recruitment-assistant-extension:test:     [33mclass[39m=[32m"text-heading-xlarge"[39m
@qbs-autonaim/recruitment-assistant-extension:test:   [36m>[39m
@qbs-autonaim/recruitment-assistant-extension:test:     [0m╨Ш╨▓╨░╨╜ ╨Ш╨▓╨░╨╜╨╛╨▓[0m
@qbs-autonaim/recruitment-assistant-extension:test:   [36m</h1>[39m
@qbs-autonaim/recruitment-assistant-extension:test:   [0m
@qbs-autonaim/recruitment-assistant-extension:test:         [0m
@qbs-autonaim/recruitment-assistant-extension:test:   [36m<div[39m
@qbs-autonaim/recruitment-assistant-extension:test:     [33mclass[39m=[32m"text-body-medium"[39m
@qbs-autonaim/recruitment-assistant-extension:test:   [36m>[39m
@qbs-autonaim/recruitment-assistant-extension:test:     [0mSenior Developer[0m
@qbs-autonaim/recruitment-assistant-extension:test:   [36m</div>[39m
@qbs-autonaim/recruitment-assistant-extension:test:   [0m
@qbs-autonaim/recruitment-assistant-extension:test:         [0m
@qbs-autonaim/recruitment-assistant-extension:test:   [36m<span[39m
@qbs-autonaim/recruitment-assistant-extension:test:     [33mclass[39m=[32m"text-body-small inline"[39m
@qbs-autonaim/recruitment-assistant-extension:test:   [36m>[39m
@qbs-autonaim/recruitment-assistant-extension:test:     [0m╨Ь╨╛╤Б╨║╨▓╨░, ╨а╨╛╤Б╤Б╨╕╤П[0m
@qbs-autonaim/recruitment-assistant-extension:test:   [36m</span>[39m
@qbs-autonaim/recruitment-assistant-extension:test:   [0m
@qbs-autonaim/recruitment-assistant-extension:test:         [0m
@qbs-autonaim/recruitment-assistant-extension:test:   [36m<img[39m
@qbs-autonaim/recruitment-assistant-extension:test:     [33mclass[39m=[32m"pv-top-card-profile-picture__image"[39m
@qbs-autonaim/recruitment-assistant-extension:test:     [33msrc[39m=[32m"https://example.com/photo.jpg"[39m
@qbs-autonaim/recruitment-assistant-extension:test:   [36m/>[39m
@qbs-autonaim/recruitment-assistant-extension:test:   [0m
@qbs-autonaim/recruitment-assistant-extension:test:         
@qbs-autonaim/recruitment-assistant-extension:test:         [0m
@qbs-autonaim/recruitment-assistant-extension:test:   [36m<section[39m
@qbs-autonaim/recruitment-assistant-extension:test:     [33mid[39m=[32m"experience"[39m
@qbs-autonaim/recruitment-assistant-extension:test:   [36m>[39m
@qbs-autonaim/recruitment-assistant-extension:test:     [0m
@qbs-autonaim/recruitment-assistant-extension:test:           [0m
@qbs-autonaim/recruitment-assistant-extension:test:     [36m<ul>[39m
@qbs-autonaim/recruitment-assistant-extension:test:       [0m
@qbs-autonaim/recruitment-assistant-extension:test:             [0m
@qbs-autonaim/recruitment-assistant-extension:test:       [36m<li[39m
@qbs-autonaim/recruitment-assistant-extension:test:         [33mclass[39m=[32m"artdeco-list__item"[39m
@qbs-autonaim/recruitment-assistant-extension:test:       [36m>[39m
@qbs-autonaim/recruitment-assistant-extension:test:         [0m
@qbs-autonaim/recruitment-assistant-extension:test:               [0m
@qbs-autonaim/recruitment-assistant-extension:test:         [36m<div[39m
@qbs-autonaim/recruitment-assistant-extension:test:           [33mclass[39m=[32m"display-flex"[39m
@qbs-autonaim/recruitment-assistant-extension:test:         [36m>[39m
@qbs-autonaim/recruitment-assistant-extension:test:           [0m
@qbs-autonaim/recruitment-assistant-extension:test:                 [0m
@qbs-autonaim/recruitment-assistant-extension:test:           [36m<span[39m
@qbs-autonaim/recruitment-assistant-extension:test:             [33maria-hidden[39m=[32m"true"[39m
@qbs-autonaim/recruitment-assistant-extension:test:           [36m>[39m
@qbs-autonaim/recruitment-assistant-extension:test:             [0mSenior Developer[0m
@qbs-autonaim/recruitment-assistant-extension:test:           [36m</span>[39m
@qbs-autonaim/recruitment-assistant-extension:test:           [0m
@qbs-autonaim/recruitment-assistant-extension:test:               [0m
@qbs-autonaim/recruitment-assistant-extension:test:         [36m</div>[39m
@qbs-autonaim/recruitment-assistant-extension:test:         [0m
@qbs-autonaim/recruitment-assistant-extension:test:               [0m
@qbs-autonaim/recruitment-assistant-extension:test:         [36m<span[39m
@qbs-autonaim/recruitment-assistant-extension:test:           [33mclass[39m=[32m"t-14 t-normal"[39m
@qbs-autonaim/recruitment-assistant-extension:test:         [36m>[39m
@qbs-autonaim/recruitment-assistant-extension:test:           [0m
@qbs-autonaim/recruitment-assistant-extension:test:                 [0m
@qbs-autonaim/recruitment-assistant-extension:test:           [36m<span[39m
@qbs-autonaim/recruitment-assistant-extension:test:             [33maria-hidden[39m=[32m"true"[39m
@qbs-autonaim/recruitment-assistant-extension:test:           [36m>[39m
@qbs-autonaim/recruitment-assistant-extension:test:             [0mTech Company[0m
@qbs-autonaim/recruitment-assistant-extension:test:           [36m</span>[39m
@qbs-autonaim/recruitment-assistant-extension:test:           [0m
@qbs-autonaim/recruitment-assistant-extension:test:               [0m
@qbs-autonaim/recruitment-assistant-extension:test:         [36m</span>[39m
@qbs-autonaim/recruitment-assistant-extension:test:         [0m
@qbs-autonaim/recruitment-assistant-extension:test:               [0m
@qbs-autonaim/recruitment-assistant-extension:test:         [36m<span[39m
@qbs-autonaim/recruitment-assistant-extension:test:           [33mclass[39m=[32m"t-14 t-normal t-black--light"[39m
@qbs-autonaim/recruitment-assistant-extension:test:         [36m>[39m
@qbs-autonaim/recruitment-assistant-extension:test:           [0m
@qbs-autonaim/recruitment-assistant-extension:test:                 [0m
@qbs-autonaim/recruitment-assistant-extension:test:           [36m<span[39m
@qbs-autonaim/recruitment-assistant-extension:test:             [33maria-hidden[39m=[32m"true"[39m
@qbs-autonaim/recruitment-assistant-extension:test:           [36m>[39m
@qbs-autonaim/recruitment-assistant-extension:test:             [0m2020 тАУ ╨┐╨╛ ╨╜╨░╤Б╤В╨╛╤П╤Й╨╡╨╡ ╨▓╤А╨╡╨╝╤П[0m
@qbs-autonaim/recruitment-assistant-extension:test:           [36m</span>[39m
@qbs-autonaim/recruitment-assistant-extension:test:           [0m
@qbs-autonaim/recruitment-assistant-extension:test:               [0m
@qbs-autonaim/recruitment-assistant-extension:test:         [36m</span>[39m
@qbs-autonaim/recruitment-assistant-extension:test:         [0m
@qbs-autonaim/recruitment-assistant-extension:test:               [0m
@qbs-autonaim/recruitment-assistant-extension:test:         [36m<div[39m
@qbs-autonaim/recruitment-assistant-extension:test:           [33mclass[39m=[32m"display-flex full-width"[39m
@qbs-autonaim/recruitment-assistant-extension:test:         [36m>[39m
@qbs-autonaim/recruitment-assistant-extension:test:           [0m
@qbs-autonaim/recruitment-assistant-extension:test:                 [0m
@qbs-autonaim/recruitment-assistant-extension:test:           [36m<span[39m
@qbs-autonaim/recruitment-assistant-extension:test:             [33maria-hidden[39m=[32m"true"[39m
@qbs-autonaim/recruitment-assistant-extension:test:           [36m>[39m
@qbs-autonaim/recruitment-assistant-extension:test:             [0m╨а╨░╨╖╤А╨░╨▒╨╛╤В╨║╨░[0m
@qbs-autonaim/recruitment-assistant-extension:test:           [36m</span>[39m
@qbs-autonaim/recruitment-assistant-extension:test:           [0m
@qbs-autonaim/recruitment-assistant-extension:test:               [0m
@qbs-autonaim/recruitment-assistant-extension:test:         [36m</div>[39m
@qbs-autonaim/recruitment-assistant-extension:test:         [0m
@qbs-autonaim/recruitment-assistant-extension:test:             [0m
@qbs-autonaim/recruitment-assistant-extension:test:       [36m</li>[39m
@qbs-autonaim/recruitment-assistant-extension:test:       [0m
@qbs-autonaim/recruitment-assistant-extension:test:           [0m
@qbs-autonaim/recruitment-assistant-extension:test:     [36m</ul>[39m
@qbs-autonaim/recruitment-assistant-extension:test:     [0m
@qbs-autonaim/recruitment-assistant-extension:test:         [0m
@qbs-autonaim/recruitment-assistant-extension:test:   [36m</section>[39m
@qbs-autonaim/recruitment-assistant-extension:test:   [0m
@qbs-autonaim/recruitment-assistant-extension:test:         
@qbs-autonaim/recruitment-assistant-extension:test:         [0m
@qbs-autonaim/recruitment-assistant-extension:test:   [36m<section[39m
@qbs-autonaim/recruitment-assistant-extension:test:     [33mid[39m=[32m"education"[39m
@qbs-autonaim/recruitment-assistant-extension:test:   [36m>[39m
@qbs-autonaim/recruitment-assistant-extension:test:     [0m
@qbs-autonaim/recruitment-assistant-extension:test:           [0m
@qbs-autonaim/recruitment-assistant-extension:test:     [36m<ul>[39m
@qbs-autonaim/recruitment-assistant-extension:test:       [0m
@qbs-autonaim/recruitment-assistant-extension:test:             [0m
@qbs-autonaim/recruitment-assistant-extension:test:       [36m<li[39m
@qbs-autonaim/recruitment-assistant-extension:test:         [33mclass[39m=[32m"artdeco-list__item"[39m
@qbs-autonaim/recruitment-assistant-extension:test:       [36m>[39m
@qbs-autonaim/recruitment-assistant-extension:test:         [0m
@qbs-autonaim/recruitment-assistant-extension:test:               [0m
@qbs-autonaim/recruitment-assistant-extension:test:         [36m<div[39m
@qbs-autonaim/recruitment-assistant-extension:test:           [33mclass[39m=[32m"display-flex"[39m
@qbs-autonaim/recruitment-assistant-extension:test:         [36m>[39m
@qbs-autonaim/recruitment-assistant-extension:test:           [0m
@qbs-autonaim/recruitment-assistant-extension:test:                 [0m
@qbs-autonaim/recruitment-assistant-extension:test:           [36m<span[39m
@qbs-autonaim/recruitment-assistant-extension:test:             [33maria-hidden[39m=[32m"true"[39m
@qbs-autonaim/recruitment-assistant-extension:test:           [36m>[39m
@qbs-autonaim/recruitment-assistant-extension:test:             [0m╨Ь╨У╨г[0m
@qbs-autonaim/recruitment-assistant-extension:test:           [36m</span>[39m
@qbs-autonaim/recruitment-assistant-extension:test:           [0m
@qbs-autonaim/recruitment-assistant-extension:test:               [0m
@qbs-autonaim/recruitment-assistant-extension:test:         [36m</div>[39m
@qbs-autonaim/recruitment-assistant-extension:test:         [0m
@qbs-autonaim/recruitment-assistant-extension:test:               [0m
@qbs-autonaim/recruitment-assistant-extension:test:         [36m<span[39m
@qbs-autonaim/recruitment-assistant-extension:test:           [33mclass[39m=[32m"t-14 t-normal"[39m
@qbs-autonaim/recruitment-assistant-extension:test:         [36m>[39m
@qbs-autonaim/recruitment-assistant-extension:test:           [0m
@qbs-autonaim/recruitment-assistant-extension:test:                 [0m
@qbs-autonaim/recruitment-assistant-extension:test:           [36m<span[39m
@qbs-autonaim/recruitment-assistant-extension:test:             [33maria-hidden[39m=[32m"true"[39m
@qbs-autonaim/recruitment-assistant-extension:test:           [36m>[39m
@qbs-autonaim/recruitment-assistant-extension:test:             [0m╨С╨░╨║╨░╨╗╨░╨▓╤А[0m
@qbs-autonaim/recruitment-assistant-extension:test:           [36m</span>[39m
@qbs-autonaim/recruitment-assistant-extension:test:           [0m
@qbs-autonaim/recruitment-assistant-extension:test:               [0m
@qbs-autonaim/recruitment-assistant-extension:test:         [36m</span>[39m
@qbs-autonaim/recruitment-assistant-extension:test:         [0m
@qbs-autonaim/recruitment-assistant-extension:test:               [0m
@qbs-autonaim/recruitment-assistant-extension:test:         [36m<span[39m
@qbs-autonaim/recruitment-assistant-extension:test:           [33mclass[39m=[32m"t-14 t-normal t-black--light"[39m
@qbs-autonaim/recruitment-assistant-extension:test:         [36m>[39m
@qbs-autonaim/recruitment-assistant-extension:test:           [0m
@qbs-autonaim/recruitment-assistant-extension:test:                 [0m
@qbs-autonaim/recruitment-assistant-extension:test:           [36m<span[39m
@qbs-autonaim/recruitment-assistant-extension:test:             [33maria-hidden[39m=[32m"true"[39m
@qbs-autonaim/recruitment-assistant-extension:test:           [36m>[39m
@qbs-autonaim/recruitment-assistant-extension:test:             [0m╨Ш╨╜╤Д╨╛╤А╨╝╨░╤В╨╕╨║╨░[0m
@qbs-autonaim/recruitment-assistant-extension:test:           [36m</span>[39m
@qbs-autonaim/recruitment-assistant-extension:test:           [0m
@qbs-autonaim/recruitment-assistant-extension:test:               [0m
@qbs-autonaim/recruitment-assistant-extension:test:         [36m</span>[39m
@qbs-autonaim/recruitment-assistant-extension:test:         [0m
@qbs-autonaim/recruitment-assistant-extension:test:               [0m
@qbs-autonaim/recruitment-assistant-extension:test:         [36m<span[39m
@qbs-autonaim/recruitment-assistant-extension:test:           [33mclass[39m=[32m"t-14 t-normal t-black--light"[39m
@qbs-autonaim/recruitment-assistant-extension:test:         [36m>[39m
@qbs-autonaim/recruitment-assistant-extension:test:           [0m
@qbs-autonaim/recruitment-assistant-extension:test:                 [0m
@qbs-autonaim/recruitment-assistant-extension:test:           [36m<span[39m
@qbs-autonaim/recruitment-assistant-extension:test:             [33maria-hidden[39m=[32m"true"[39m
@qbs-autonaim/recruitment-assistant-extension:test:           [36m>[39m
@qbs-autonaim/recruitment-assistant-extension:test:             [0m2015 тАУ 2019[0m
@qbs-autonaim/recruitment-assistant-extension:test:           [36m</span>[39m
@qbs-autonaim/recruitment-assistant-extension:test:           [0m
@qbs-autonaim/recruitment-assistant-extension:test:               [0m
@qbs-autonaim/recruitment-assistant-extension:test:         [36m</span>[39m
@qbs-autonaim/recruitment-assistant-extension:test:         [0m
@qbs-autonaim/recruitment-assistant-extension:test:             [0m
@qbs-autonaim/recruitment-assistant-extension:test:       [36m</li>[39m
@qbs-autonaim/recruitment-assistant-extension:test:       [0m
@qbs-autonaim/recruitment-assistant-extension:test:           [0m
@qbs-autonaim/recruitment-assistant-extension:test:     [36m</ul>[39m
@qbs-autonaim/recruitment-assistant-extension:test:     [0m
@qbs-autonaim/recruitment-assistant-extension:test:         [0m
@qbs-autonaim/recruitment-assistant-extension:test:   [36m</section>[39m
@qbs-autonaim/recruitment-assistant-extension:test:   [0m
@qbs-autonaim/recruitment-assistant-extension:test:         
@qbs-autonaim/recruitment-assistant-extension:test:         [0m
@qbs-autonaim/recruitment-assistant-extension:test:   [36m<section[39m
@qbs-autonaim/recruitment-assistant-extension:test:     [33mid[39m=[32m"skills"[39m
@qbs-autonaim/recruitment-assistant-extension:test:   [36m>[39m
@qbs-autonaim/recruitment-assistant-extension:test:     [0m
@qbs-autonaim/recruitment-assistant-extension:test:           [0m
@qbs-autonaim/recruitment-assistant-extension:test:     [36m<span[39m
@qbs-autonaim/recruitment-assistant-extension:test:       [33maria-hidden[39m=[32m"true"[39m
@qbs-autonaim/recruitment-assistant-extension:test:     [36m>[39m
@qbs-autonaim/recruitment-assistant-extension:test:       [0mTypeScript[0m
@qbs-autonaim/recruitment-assistant-extension:test:     [36m</span>[39m
@qbs-autonaim/recruitment-assistant-extension:test:     [0m
@qbs-autonaim/recruitment-assistant-extension:test:           [0m
@qbs-autonaim/recruitment-assistant-extension:test:     [36m<span[39m
@qbs-autonaim/recruitment-assistant-extension:test:       [33maria-hidden[39m=[32m"true"[39m
@qbs-autonaim/recruitment-assistant-extension:test:     [36m>[39m
@qbs-autonaim/recruitment-assistant-extension:test:       [0mReact[0m
@qbs-autonaim/recruitment-assistant-extension:test:     [36m</span>[39m
@qbs-autonaim/recruitment-assistant-extension:test:     [0m
@qbs-autonaim/recruitment-assistant-extension:test:         [0m
@qbs-autonaim/recruitment-assistant-extension:test:   [36m</section>[39m
@qbs-autonaim/recruitment-assistant-extension:test:   [0m
@qbs-autonaim/recruitment-assistant-extension:test:         
@qbs-autonaim/recruitment-assistant-extension:test:         [0m
@qbs-autonaim/recruitment-assistant-extension:test:   [36m<section[39m
@qbs-autonaim/recruitment-assistant-extension:test:     [33mclass[39m=[32m"pv-contact-info"[39m
@qbs-autonaim/recruitment-assistant-extension:test:   [36m>[39m
@qbs-autonaim/recruitment-assistant-extension:test:     [0m
@qbs-autonaim/recruitment-assistant-extension:test:           [0m
@qbs-autonaim/recruitment-assistant-extension:test:     [36m<a[39m
@qbs-autonaim/recruitment-assistant-extension:test:       [33mhref[39m=[32m"mailto:ivan@example.com"[39m
@qbs-autonaim/recruitment-assistant-extension:test:     [36m>[39m
@qbs-autonaim/recruitment-assistant-extension:test:       [0mEmail[0m
@qbs-autonaim/recruitment-assistant-extension:test:     [36m</a>[39m
@qbs-autonaim/recruitment-assistant-extension:test:     [0m
@qbs-autonaim/recruitment-assistant-extension:test:           [0m
@qbs-autonaim/recruitment-assistant-extension:test:     [36m<span[39m
@qbs-autonaim/recruitment-assistant-extension:test:       [33mclass[39m=[32m"t-14 t-black t-normal"[39m
@qbs-autonaim/recruitment-assistant-extension:test:     [36m>[39m
@qbs-autonaim/recruitment-assistant-extension:test:       [0m+7 (999) 123-45-67[0m
@qbs-autonaim/recruitment-assistant-extension:test:     [36m</span>[39m
@qbs-autonaim/recruitment-assistant-extension:test:     [0m
@qbs-autonaim/recruitment-assistant-extension:test:         [0m
@qbs-autonaim/recruitment-assistant-extension:test:   [36m</section>[39m
@qbs-autonaim/recruitment-assistant-extension:test:   [0m
@qbs-autonaim/recruitment-assistant-extension:test:       [0m
@qbs-autonaim/recruitment-assistant-extension:test:   [36m<div>[39m
@qbs-autonaim/recruitment-assistant-extension:test:     [36m<button[39m
@qbs-autonaim/recruitment-assistant-extension:test:       [33maria-busy[39m=[32m"false"[39m
@qbs-autonaim/recruitment-assistant-extension:test:       [33maria-label[39m=[32m"╨Ш╨╖╨▓╨╗╨╡╤З╤М ╨┤╨░╨╜╨╜╤Л╨╡ ╨┐╤А╨╛╤Д╨╕╨╗╤П ╨║╨░╨╜╨┤╨╕╨┤╨░╤В╨░"[39m
@qbs-autonaim/recruitment-assistant-extension:test:       [33maria-live[39m=[32m"polite"[39m
@qbs-autonaim/recruitment-assistant-extension:test:       [33mstyle[39m=[32m"min-width: 44px; min-height: 44px; padding: 12px 24px; font-size: 16px; font-weight: 500; color: #ffffff; background-color: #2563eb; border: none none; border-radius: 8px; cursor: pointer; touch-action: manipulation; transition: background-color 0.2s ease, transform 0.1s ease, box-shadow 0.2s ease; display: flex; align-items: center; justify-content: center; gap: 8px; box-shadow: 0 1px 3px 0 rgba(0, 0, 0, 0.1), 0 1px 2px -1px rgba(0, 0, 0, 0.1); position: relative; outline-color: none; outline-style: none; outline-width: initial;"[39m
@qbs-autonaim/recruitment-assistant-extension:test:       [33mtype[39m=[32m"button"[39m
@qbs-autonaim/recruitment-assistant-extension:test:     [36m>[39m
@qbs-autonaim/recruitment-assistant-extension:test:       [36m<span[39m
@qbs-autonaim/recruitment-assistant-extension:test:         [33mstyle[39m=[32m"white-space: nowrap;"[39m
@qbs-autonaim/recruitment-assistant-extension:test:       [36m>[39m
@qbs-autonaim/recruitment-assistant-extension:test:         [0m╨Ш╨╖╨▓╨╗╨╡╤З╤М ╨┤╨░╨╜╨╜╤Л╨╡[0m
@qbs-autonaim/recruitment-assistant-extension:test:       [36m</span>[39m
@qbs-autonaim/recruitment-assistant-extension:test:     [36m</button>[39m
@qbs-autonaim/recruitment-assistant-extension:test:   [36m</div>[39m
@qbs-autonaim/recruitment-assistant-extension:test:   [36m<div>[39m
@qbs-autonaim/recruitment-assistant-extension:test:     [36m<button[39m
@qbs-autonaim/recruitment-assistant-extension:test:       [33maria-busy[39m=[32m"true"[39m
@qbs-autonaim/recruitment-assistant-extension:test:       [33maria-label[39m=[32m"╨Ш╨╖╨▓╨╗╨╡╤З╤М ╨┤╨░╨╜╨╜╤Л╨╡ ╨┐╤А╨╛╤Д╨╕╨╗╤П ╨║╨░╨╜╨┤╨╕╨┤╨░╤В╨░"[39m
@qbs-autonaim/recruitment-assistant-extension:test:       [33maria-live[39m=[32m"polite"[39m
@qbs-autonaim/recruitment-assistant-extension:test:       [33mdisabled[39m=[32m""[39m
@qbs-autonaim/recruitment-assistant-extension:test:       [33mstyle[39m=[32m"min-width: 44px; min-height: 44px; padding: 12px 24px; font-size: 16px; font-weight: 500; color: #ffffff; background-color: #6b7280; border: none none; border-radius: 8px; cursor: not-all...
@qbs-autonaim/recruitment-assistant-extension:test:       at <anonymous> (C:\Projects\kwork\selectio\node_modules\@testing-library\dom\dist\query-helpers.js:59:30)
@qbs-autonaim/recruitment-assistant-extension:test:       at <anonymous> (C:\Projects\kwork\selectio\node_modules\@testing-library\dom\dist\query-helpers.js:95:19)
@qbs-autonaim/recruitment-assistant-extension:test:       at <anonymous> (C:\Projects\kwork\selectio\apps\recruitment-assistant-extension\src\content\ui\action-button.test.tsx:185:29)
@qbs-autonaim/recruitment-assistant-extension:test: (fail) ActionButton > ╨Ъ╨╗╨░╨▓╨╕╨░╤В╤Г╤А╨╜╨░╤П ╨╜╨░╨▓╨╕╨│╨░╤Ж╨╕╤П > ╨┤╨╛╨╗╨╢╨╡╨╜ ╨╕╨╝╨╡╤В╤М type='button' ╨┤╨╗╤П ╨║╨╛╤А╤А╨╡╨║╤В╨╜╨╛╨╣ ╤А╨░╨▒╨╛╤В╤Л ╨║╨╗╨░╨▓╨╕╨░╤В╤Г╤А╤Л [47.00ms]
@qbs-autonaim/recruitment-assistant-extension:test: 54 |       const elementStrings = els.map(element => getElementError(null, element).message).join('\n\n');
@qbs-autonaim/recruitment-assistant-extension:test: 55 |       throw getMultipleElementsFoundError(`${getMultipleError(container, ...args)}
@qbs-autonaim/recruitment-assistant-extension:test: 56 | 
@qbs-autonaim/recruitment-assistant-extension:test: 57 | Here are the matching elements:
@qbs-autonaim/recruitment-assistant-extension:test: 58 | 
@qbs-autonaim/recruitment-assistant-extension:test: 59 | ${elementStrings}`, container);
@qbs-autonaim/recruitment-assistant-extension:test:                                   ^
@qbs-autonaim/recruitment-assistant-extension:test: TestingLibraryElementError: Found multiple elements with the role "button"
@qbs-autonaim/recruitment-assistant-extension:test: 
@qbs-autonaim/recruitment-assistant-extension:test: Here are the matching elements:
@qbs-autonaim/recruitment-assistant-extension:test: 
@qbs-autonaim/recruitment-assistant-extension:test: Ignored nodes: comments, script, style
@qbs-autonaim/recruitment-assistant-extension:test: [36m<button[39m
@qbs-autonaim/recruitment-assistant-extension:test:   [33maria-busy[39m=[32m"false"[39m
@qbs-autonaim/recruitment-assistant-extension:test:   [33maria-label[39m=[32m"╨Ш╨╖╨▓╨╗╨╡╤З╤М ╨┤╨░╨╜╨╜╤Л╨╡ ╨┐╤А╨╛╤Д╨╕╨╗╤П ╨║╨░╨╜╨┤╨╕╨┤╨░╤В╨░"[39m
@qbs-autonaim/recruitment-assistant-extension:test:   [33maria-live[39m=[32m"polite"[39m
@qbs-autonaim/recruitment-assistant-extension:test:   [33mstyle[39m=[32m"min-width: 44px; min-height: 44px; padding: 12px 24px; font-size: 16px; font-weight: 500; color: #ffffff; background-color: #2563eb; border: none none; border-radius: 8px; cursor: pointer; touch-action: manipulation; transition: background-color 0.2s ease, transform 0.1s ease, box-shadow 0.2s ease; display: flex; align-items: center; justify-content: center; gap: 8px; box-shadow: 0 1px 3px 0 rgba(0, 0, 0, 0.1), 0 1px 2px -1px rgba(0, 0, 0, 0.1); position: relative; outline-color: none; outline-style: none; outline-width: initial;"[39m
@qbs-autonaim/recruitment-assistant-extension:test:   [33mtype[39m=[32m"button"[39m
@qbs-autonaim/recruitment-assistant-extension:test: [36m>[39m
@qbs-autonaim/recruitment-assistant-extension:test:   [36m<span[39m
@qbs-autonaim/recruitment-assistant-extension:test:     [33mstyle[39m=[32m"white-space: nowrap;"[39m
@qbs-autonaim/recruitment-assistant-extension:test:   [36m>[39m
@qbs-autonaim/recruitment-assistant-extension:test:     [0m╨Ш╨╖╨▓╨╗╨╡╤З╤М ╨┤╨░╨╜╨╜╤Л╨╡[0m
@qbs-autonaim/recruitment-assistant-extension:test:   [36m</span>[39m
@qbs-autonaim/recruitment-assistant-extension:test: [36m</button>[39m
@qbs-autonaim/recruitment-assistant-extension:test: 
@qbs-autonaim/recruitment-assistant-extension:test: Ignored nodes: comments, script, style
@qbs-autonaim/recruitment-assistant-extension:test: [36m<button[39m
@qbs-autonaim/recruitment-assistant-extension:test:   [33maria-busy[39m=[32m"true"[39m
@qbs-autonaim/recruitment-assistant-extension:test:   [33maria-label[39m=[32m"╨Ш╨╖╨▓╨╗╨╡╤З╤М ╨┤╨░╨╜╨╜╤Л╨╡ ╨┐╤А╨╛╤Д╨╕╨╗╤П ╨║╨░╨╜╨┤╨╕╨┤╨░╤В╨░"[39m
@qbs-autonaim/recruitment-assistant-extension:test:   [33maria-live[39m=[32m"polite"[39m
@qbs-autonaim/recruitment-assistant-extension:test:   [33mdisabled[39m=[32m""[39m
@qbs-autonaim/recruitment-assistant-extension:test:   [33mstyle[39m=[32m"min-width: 44px; min-height: 44px; padding: 12px 24px; font-size: 16px; font-weight: 500; color: #ffffff; background-color: #6b7280; border: none none; border-radius: 8px; cursor: not-allowed; touch-action: manipulation; transition: background-color 0.2s ease, transform 0.1s ease, box-shadow 0.2s ease; display: flex; align-items: center; justify-content: center; gap: 8px; box-shadow: 0 1px 3px 0 rgba(0, 0, 0, 0.1), 0 1px 2px -1px rgba(0, 0, 0, 0.1); position: relative; outline-color: none; outline-style: none; outline-width: initial;"[39m
@qbs-autonaim/recruitment-assistant-extension:test:   [33mtype[39m=[32m"button"[39m
@qbs-autonaim/recruitment-assistant-extension:test: [36m>[39m
@qbs-autonaim/recruitment-assistant-extension:test:   [36m<svg[39m
@qbs-autonaim/recruitment-assistant-extension:test:     [33maria-hidden[39m=[32m"true"[39m
@qbs-autonaim/recruitment-assistant-extension:test:     [33mfill[39m=[32m"none"[39m
@qbs-autonaim/recruitment-assistant-extension:test:     [33mrole[39m=[32m"presentation"[39m
@qbs-autonaim/recruitment-assistant-extension:test:     [33mstyle[39m=[32m"width: 16px; height: 16px; animation: spin 1s linear infinite; flex-shrink: 0;"[39m
@qbs-autonaim/recruitment-assistant-extension:test:     [33mviewBox[39m=[32m"0 0 24 24"[39m
@qbs-autonaim/recruitment-assistant-extension:test:   [36m>[39m
@qbs-autonaim/recruitment-assistant-extension:test:     [36m<circle[39m
@qbs-autonaim/recruitment-assistant-extension:test:       [33mcx[39m=[32m"12"[39m
@qbs-autonaim/recruitment-assistant-extension:test:       [33mcy[39m=[32m"12"[39m
@qbs-autonaim/recruitment-assistant-extension:test:       [33mr[39m=[32m"10"[39m
@qbs-autonaim/recruitment-assistant-extension:test:       [33mstroke[39m=[32m"currentColor"[39m
@qbs-autonaim/recruitment-assistant-extension:test:       [33mstroke-opacity[39m=[32m"0.25"[39m
@qbs-autonaim/recruitment-assistant-extension:test:       [33mstroke-width[39m=[32m"4"[39m
@qbs-autonaim/recruitment-assistant-extension:test:     [36m/>[39m
@qbs-autonaim/recruitment-assistant-extension:test:     [36m<path[39m
@qbs-autonaim/recruitment-assistant-extension:test:       [33md[39m=[32m"M4 12a8 8 0 018-8V0C5.373 0 0 5.373 0 12h4zm2 5.291A7.962 7.962 0 014 12H0c0 3.042 1.135 5.824 3 7.938l3-2.647z"[39m
@qbs-autonaim/recruitment-assistant-extension:test:       [33mfill[39m=[32m"currentColor"[39m
@qbs-autonaim/recruitment-assistant-extension:test:       [33mopacity[39m=[32m"0.75"[39m
@qbs-autonaim/recruitment-assistant-extension:test:     [36m/>[39m
@qbs-autonaim/recruitment-assistant-extension:test:   [36m</svg>[39m
@qbs-autonaim/recruitment-assistant-extension:test:   [36m<span[39m
@qbs-autonaim/recruitment-assistant-extension:test:     [33mstyle[39m=[32m"white-space: nowrap;"[39m
@qbs-autonaim/recruitment-assistant-extension:test:   [36m>[39m
@qbs-autonaim/recruitment-assistant-extension:test:     [0m╨Ш╨╖╨▓╨╗╨╡╤З╨╡╨╜╨╕╨╡ ╨┤╨░╨╜╨╜╤Л╤ЕтАж[0m
@qbs-autonaim/recruitment-assistant-extension:test:   [36m</span>[39m
@qbs-autonaim/recruitment-assistant-extension:test: [36m</button>[39m
@qbs-autonaim/recruitment-assistant-extension:test: 
@qbs-autonaim/recruitment-assistant-extension:test: Ignored nodes: comments, script, style
@qbs-autonaim/recruitment-assistant-extension:test: [36m<button[39m
@qbs-autonaim/recruitment-assistant-extension:test:   [33maria-busy[39m=[32m"true"[39m
@qbs-autonaim/recruitment-assistant-extension:test:   [33maria-label[39m=[32m"╨Ш╨╖╨▓╨╗╨╡╤З╤М ╨┤╨░╨╜╨╜╤Л╨╡ ╨┐╤А╨╛╤Д╨╕╨╗╤П ╨║╨░╨╜╨┤╨╕╨┤╨░╤В╨░"[39m
@qbs-autonaim/recruitment-assistant-extension:test:   [33maria-live[39m=[32m"polite"[39m
@qbs-autonaim/recruitment-assistant-extension:test:   [33mdisabled[39m=[32m""[39m
@qbs-autonaim/recruitment-assistant-extension:test:   [33mstyle[39m=[32m"min-width: 44px; min-height: 44px; padding: 12px 24px; font-size: 16px; font-weight: 500; color: #ffffff; background-color: #6b7280; border: none none; border-radius: 8px; cursor: not-allowed; touch-action: manipulation; transition: background-color 0.2s ease, transform 0.1s ease, box-shadow 0.2s ease; display: flex; align-items: center; justify-content: center; gap: 8px; box-shadow: 0 1px 3px 0 rgba(0, 0, 0, 0.1), 0 1px 2px -1px rgba(0, 0, 0, 0.1); position: relative; outline-color: none; outline-style: none; outline-width: initial;"[39m
@qbs-autonaim/recruitment-assistant-extension:test:   [33mtype[39m=[32m"button"[39m
@qbs-autonaim/recruitment-assistant-extension:test: [36m>[39m
@qbs-autonaim/recruitment-assistant-extension:test:   [36m<svg[39m
@qbs-autonaim/recruitment-assistant-extension:test:     [33maria-hidden[39m=[32m"true"[39m
@qbs-autonaim/recruitment-assistant-extension:test:     [33mfill[39m=[32m"none"[39m
@qbs-autonaim/recruitment-assistant-extension:test:     [33mrole[39m=[32m"presentation"[39m
@qbs-autonaim/recruitment-assistant-extension:test:     [33mstyle[39m=[32m"width: 16px; height: 16px; animation: spin 1s linear infinite; flex-shrink: 0;"[39m
@qbs-autonaim/recruitment-assistant-extension:test:     [33mviewBox[39m=[32m"0 0 24 24"[39m
@qbs-autonaim/recruitment-assistant-extension:test:   [36m>[39m
@qbs-autonaim/recruitment-assistant-extension:test:     [36m<circle[39m
@qbs-autonaim/recruitment-assistant-extension:test:       [33mcx[39m=[32m"12"[39m
@qbs-autonaim/recruitment-assistant-extension:test:       [33mcy[39m=[32m"12"[39m
@qbs-autonaim/recruitment-assistant-extension:test:       [33mr[39m=[32m"10"[39m
@qbs-autonaim/recruitment-assistant-extension:test:       [33mstroke[39m=[32m"currentColor"[39m
@qbs-autonaim/recruitment-assistant-extension:test:       [33mstroke-opacity[39m=[32m"0.25"[39m
@qbs-autonaim/recruitment-assistant-extension:test:       [33mstroke-width[39m=[32m"4"[39m
@qbs-autonaim/recruitment-assistant-extension:test:     [36m/>[39m
@qbs-autonaim/recruitment-assistant-extension:test:     [36m<path[39m
@qbs-autonaim/recruitment-assistant-extension:test:       [33md[39m=[32m"M4 12a8 8 0 018-8V0C5.373 0 0 5.373 0 12h4zm2 5.291A7.962 7.962 0 014 12H0c0 3.042 1.135 5.824 3 7.938l3-2.647z"[39m
@qbs-autonaim/recruitment-assistant-extension:test:       [33mfill[39m=[32m"currentColor"[39m
@qbs-autonaim/recruitment-assistant-extension:test:       [33mopacity[39m=[32m"0.75"[39m
@qbs-autonaim/recruitment-assistant-extension:test:     [36m/>[39m
@qbs-autonaim/recruitment-assistant-extension:test:   [36m</svg>[39m
@qbs-autonaim/recruitment-assistant-extension:test:   [36m<span[39m
@qbs-autonaim/recruitment-assistant-extension:test:     [33mstyle[39m=[32m"white-space: nowrap;"[39m
@qbs-autonaim/recruitment-assistant-extension:test:   [36m>[39m
@qbs-autonaim/recruitment-assistant-extension:test:     [0m╨Ш╨╖╨▓╨╗╨╡╤З╨╡╨╜╨╕╨╡ ╨┤╨░╨╜╨╜╤Л╤ЕтАж[0m
@qbs-autonaim/recruitment-assistant-extension:test:   [36m</span>[39m
@qbs-autonaim/recruitment-assistant-extension:test: [36m</button>[39m
@qbs-autonaim/recruitment-assistant-extension:test: 
@qbs-autonaim/recruitment-assistant-extension:test: Ignored nodes: comments, script, style
@qbs-autonaim/recruitment-assistant-extension:test: [36m<button[39m
@qbs-autonaim/recruitment-assistant-extension:test:   [33maria-busy[39m=[32m"false"[39m
@qbs-autonaim/recruitment-assistant-extension:test:   [33maria-label[39m=[32m"╨Ш╨╖╨▓╨╗╨╡╤З╤М ╨┤╨░╨╜╨╜╤Л╨╡ ╨┐╤А╨╛╤Д╨╕╨╗╤П ╨║╨░╨╜╨┤╨╕╨┤╨░╤В╨░"[39m
@qbs-autonaim/recruitment-assistant-extension:test:   [33maria-live[39m=[32m"polite"[39m
@qbs-autonaim/recruitment-assistant-extension:test:   [33mstyle[39m=[32m"min-width: 44px; min-height: 44px; padding: 12px 24px; font-size: 16px; font-weight: 500; color: #ffffff; background-color: #2563eb; border: none none; border-radius: 8px; cursor: pointer; touch-action: manipulation; transition: background-color 0.2s ease, transform 0.1s ease, box-shadow 0.2s ease; display: flex; align-items: center; justify-content: center; gap: 8px; box-shadow: 0 1px 3px 0 rgba(0, 0, 0, 0.1), 0 1px 2px -1px rgba(0, 0, 0, 0.1); position: relative; outline-color: none; outline-style: none; outline-width: initial;"[39m
@qbs-autonaim/recruitment-assistant-extension:test:   [33mtype[39m=[32m"button"[39m
@qbs-autonaim/recruitment-assistant-extension:test: [36m>[39m
@qbs-autonaim/recruitment-assistant-extension:test:   [36m<span[39m
@qbs-autonaim/recruitment-assistant-extension:test:     [33mstyle[39m=[32m"white-space: nowrap;"[39m
@qbs-autonaim/recruitment-assistant-extension:test:   [36m>[39m
@qbs-autonaim/recruitment-assistant-extension:test:     [0m╨Ш╨╖╨▓╨╗╨╡╤З╤М ╨┤╨░╨╜╨╜╤Л╨╡[0m
@qbs-autonaim/recruitment-assistant-extension:test:   [36m</span>[39m
@qbs-autonaim/recruitment-assistant-extension:test: [36m</button>[39m
@qbs-autonaim/recruitment-assistant-extension:test: 
@qbs-autonaim/recruitment-assistant-extension:test: Ignored nodes: comments, script, style
@qbs-autonaim/recruitment-assistant-extension:test: [36m<button[39m
@qbs-autonaim/recruitment-assistant-extension:test:   [33maria-busy[39m=[32m"false"[39m
@qbs-autonaim/recruitment-assistant-extension:test:   [33maria-label[39m=[32m"╨Ш╨╖╨▓╨╗╨╡╤З╤М ╨┤╨░╨╜╨╜╤Л╨╡ ╨┐╤А╨╛╤Д╨╕╨╗╤П ╨║╨░╨╜╨┤╨╕╨┤╨░╤В╨░"[39m
@qbs-autonaim/recruitment-assistant-extension:test:   [33maria-live[39m=[32m"polite"[39m
@qbs-autonaim/recruitment-assistant-extension:test:   [33mstyle[39m=[32m"min-width: 44px; min-height: 44px; padding: 12px 24px; font-size: 16px; font-weight: 500; color: #ffffff; background-color: #2563eb; border: none none; border-radius: 8px; cursor: pointer; touch-action: manipulation; transition: background-color 0.2s ease, transform 0.1s ease, box-shadow 0.2s ease; display: flex; align-items: center; justify-content: center; gap: 8px; box-shadow: 0 1px 3px 0 rgba(0, 0, 0, 0.1), 0 1px 2px -1px rgba(0, 0, 0, 0.1); position: relative; outline-color: none; outline-style: none; outline-width: initial;"[39m
@qbs-autonaim/recruitment-assistant-extension:test:   [33mtype[39m=[32m"button"[39m
@qbs-autonaim/recruitment-assistant-extension:test: [36m>[39m
@qbs-autonaim/recruitment-assistant-extension:test:   [36m<span[39m
@qbs-autonaim/recruitment-assistant-extension:test:     [33mstyle[39m=[32m"white-space: nowrap;"[39m
@qbs-autonaim/recruitment-assistant-extension:test:   [36m>[39m
@qbs-autonaim/recruitment-assistant-extension:test:     [0m╨Ш╨╖╨▓╨╗╨╡╤З╤М ╨┤╨░╨╜╨╜╤Л╨╡[0m
@qbs-autonaim/recruitment-assistant-extension:test:   [36m</span>[39m
@qbs-autonaim/recruitment-assistant-extension:test: [36m</button>[39m
@qbs-autonaim/recruitment-assistant-extension:test: 
@qbs-autonaim/recruitment-assistant-extension:test: Ignored nodes: comments, script, style
@qbs-autonaim/recruitment-assistant-extension:test: [36m<button[39m
@qbs-autonaim/recruitment-assistant-extension:test:   [33maria-busy[39m=[32m"false"[39m
@qbs-autonaim/recruitment-assistant-extension:test:   [33maria-label[39m=[32m"╨Ш╨╖╨▓╨╗╨╡╤З╤М ╨┤╨░╨╜╨╜╤Л╨╡ ╨┐╤А╨╛╤Д╨╕╨╗╤П ╨║╨░╨╜╨┤╨╕╨┤╨░╤В╨░"[39m
@qbs-autonaim/recruitment-assistant-extension:test:   [33maria-live[39m=[32m"polite"[39m
@qbs-autonaim/recruitment-assistant-extension:test:   [33mstyle[39m=[32m"min-width: 44px; min-height: 44px; padding: 12px 24px; font-size: 16px; font-weight: 500; color: #ffffff; background-color: #2563eb; border: none none; border-radius: 8px; cursor: pointer; touch-action: manipulation; transition: background-color 0.2s ease, transform 0.1s ease, box-shadow 0.2s ease; display: flex; align-items: center; justify-content: center; gap: 8px; box-shadow: 0 1px 3px 0 rgba(0, 0, 0, 0.1), 0 1px 2px -1px rgba(0, 0, 0, 0.1); position: relative; outline-color: none; outline-style: none; outline-width: initial;"[39m
@qbs-autonaim/recruitment-assistant-extension:test:   [33mtype[39m=[32m"button"[39m
@qbs-autonaim/recruitment-assistant-extension:test: [36m>[39m
@qbs-autonaim/recruitment-assistant-extension:test:   [36m<span[39m
@qbs-autonaim/recruitment-assistant-extension:test:     [33mstyle[39m=[32m"white-space: nowrap;"[39m
@qbs-autonaim/recruitment-assistant-extension:test:   [36m>[39m
@qbs-autonaim/recruitment-assistant-extension:test:     [0m╨Ш╨╖╨▓╨╗╨╡╤З╤М ╨┤╨░╨╜╨╜╤Л╨╡[0m
@qbs-autonaim/recruitment-assistant-extension:test:   [36m</span>[39m
@qbs-autonaim/recruitment-assistant-extension:test: [36m</button>[39m
@qbs-autonaim/recruitment-assistant-extension:test: 
@qbs-autonaim/recruitment-assistant-extension:test: Ignored nodes: comments, script, style
@qbs-autonaim/recruitment-assistant-extension:test: [36m<button[39m
@qbs-autonaim/recruitment-assistant-extension:test:   [33maria-busy[39m=[32m"true"[39m
@qbs-autonaim/recruitment-assistant-extension:test:   [33maria-label[39m=[32m"╨Ш╨╖╨▓╨╗╨╡╤З╤М ╨┤╨░╨╜╨╜╤Л╨╡ ╨┐╤А╨╛╤Д╨╕╨╗╤П ╨║╨░╨╜╨┤╨╕╨┤╨░╤В╨░"[39m
@qbs-autonaim/recruitment-assistant-extension:test:   [33maria-live[39m=[32m"polite"[39m
@qbs-autonaim/recruitment-assistant-extension:test:   [33mdisabled[39m=[32m""[39m
@qbs-autonaim/recruitment-assistant-extension:test:   [33mstyle[39m=[32m"min-width: 44px; min-height: 44px; padding: 12px 24px; font-size: 16px; font-weight: 500; color: #ffffff; background-color: #6b7280; border: none none; border-radius: 8px; cursor: not-allowed; touch-action: manipulation; transition: background-color 0.2s ease, transform 0.1s ease, box-shadow 0.2s ease; display: flex; align-items: center; justify-content: center; gap: 8px; box-shadow: 0 1px 3px 0 rgba(0, 0, 0, 0.1), 0 1px 2px -1px rgba(0, 0, 0, 0.1); position: relative; outline-color: none; outline-style: none; outline-width: initial;"[39m
@qbs-autonaim/recruitment-assistant-extension:test:   [33mtype[39m=[32m"button"[39m
@qbs-autonaim/recruitment-assistant-extension:test: [36m>[39m
@qbs-autonaim/recruitment-assistant-extension:test:   [36m<svg[39m
@qbs-autonaim/recruitment-assistant-extension:test:     [33maria-hidden[39m=[32m"true"[39m
@qbs-autonaim/recruitment-assistant-extension:test:     [33mfill[39m=[32m"none"[39m
@qbs-autonaim/recruitment-assistant-extension:test:     [33mrole[39m=[32m"presentation"[39m
@qbs-autonaim/recruitment-assistant-extension:test:     [33mstyle[39m=[32m"width: 16px; height: 16px; animation: spin 1s linear infinite; flex-shrink: 0;"[39m
@qbs-autonaim/recruitment-assistant-extension:test:     [33mviewBox[39m=[32m"0 0 24 24"[39m
@qbs-autonaim/recruitment-assistant-extension:test:   [36m>[39m
@qbs-autonaim/recruitment-assistant-extension:test:     [36m<circle[39m
@qbs-autonaim/recruitment-assistant-extension:test:       [33mcx[39m=[32m"12"[39m
@qbs-autonaim/recruitment-assistant-extension:test:       [33mcy[39m=[32m"12"[39m
@qbs-autonaim/recruitment-assistant-extension:test:       [33mr[39m=[32m"10"[39m
@qbs-autonaim/recruitment-assistant-extension:test:       [33mstroke[39m=[32m"currentColor"[39m
@qbs-autonaim/recruitment-assistant-extension:test:       [33mstroke-opacity[39m=[32m"0.25"[39m
@qbs-autonaim/recruitment-assistant-extension:test:       [33mstroke-width[39m=[32m"4"[39m
@qbs-autonaim/recruitment-assistant-extension:test:     [36m/>[39m
@qbs-autonaim/recruitment-assistant-extension:test:     [36m<path[39m
@qbs-autonaim/recruitment-assistant-extension:test:       [33md[39m=[32m"M4 12a8 8 0 018-8V0C5.373 0 0 5.373 0 12h4zm2 5.291A7.962 7.962 0 014 12H0c0 3.042 1.135 5.824 3 7.938l3-2.647z"[39m
@qbs-autonaim/recruitment-assistant-extension:test:       [33mfill[39m=[32m"currentColor"[39m
@qbs-autonaim/recruitment-assistant-extension:test:       [33mopacity[39m=[32m"0.75"[39m
@qbs-autonaim/recruitment-assistant-extension:test:     [36m/>[39m
@qbs-autonaim/recruitment-assistant-extension:test:   [36m</svg>[39m
@qbs-autonaim/recruitment-assistant-extension:test:   [36m<span[39m
@qbs-autonaim/recruitment-assistant-extension:test:     [33mstyle[39m=[32m"white-space: nowrap;"[39m
@qbs-autonaim/recruitment-assistant-extension:test:   [36m>[39m
@qbs-autonaim/recruitment-assistant-extension:test:     [0m╨Ш╨╖╨▓╨╗╨╡╤З╨╡╨╜╨╕╨╡ ╨┤╨░╨╜╨╜╤Л╤ЕтАж[0m
@qbs-autonaim/recruitment-assistant-extension:test:   [36m</span>[39m
@qbs-autonaim/recruitment-assistant-extension:test: [36m</button>[39m
@qbs-autonaim/recruitment-assistant-extension:test: 
@qbs-autonaim/recruitment-assistant-extension:test: Ignored nodes: comments, script, style
@qbs-autonaim/recruitment-assistant-extension:test: [36m<button[39m
@qbs-autonaim/recruitment-assistant-extension:test:   [33maria-busy[39m=[32m"false"[39m
@qbs-autonaim/recruitment-assistant-extension:test:   [33maria-label[39m=[32m"╨Ш╨╖╨▓╨╗╨╡╤З╤М ╨┤╨░╨╜╨╜╤Л╨╡ ╨┐╤А╨╛╤Д╨╕╨╗╤П ╨║╨░╨╜╨┤╨╕╨┤╨░╤В╨░"[39m
@qbs-autonaim/recruitment-assistant-extension:test:   [33maria-live[39m=[32m"polite"[39m
@qbs-autonaim/recruitment-assistant-extension:test:   [33mstyle[39m=[32m"min-width: 44px; min-height: 44px; padding: 12px 24px; font-size: 16px; font-weight: 500; color: #ffffff; background-color: #2563eb; border: none none; border-radius: 8px; cursor: pointer; touch-action: manipulation; transition: background-color 0.2s ease, transform 0.1s ease, box-shadow 0.2s ease; display: flex; align-items: center; justify-content: center; gap: 8px; box-shadow: 0 1px 3px 0 rgba(0, 0, 0, 0.1), 0 1px 2px -1px rgba(0, 0, 0, 0.1); position: relative; outline-color: none; outline-style: none; outline-width: initial;"[39m
@qbs-autonaim/recruitment-assistant-extension:test:   [33mtype[39m=[32m"button"[39m
@qbs-autonaim/recruitment-assistant-extension:test: [36m>[39m
@qbs-autonaim/recruitment-assistant-extension:test:   [36m<span[39m
@qbs-autonaim/recruitment-assistant-extension:test:     [33mstyle[39m=[32m"white-space: nowrap;"[39m
@qbs-autonaim/recruitment-assistant-extension:test:   [36m>[39m
@qbs-autonaim/recruitment-assistant-extension:test:     [0m╨Ш╨╖╨▓╨╗╨╡╤З╤М ╨┤╨░╨╜╨╜╤Л╨╡[0m
@qbs-autonaim/recruitment-assistant-extension:test:   [36m</span>[39m
@qbs-autonaim/recruitment-assistant-extension:test: [36m</button>[39m
@qbs-autonaim/recruitment-assistant-extension:test: 
@qbs-autonaim/recruitment-assistant-extension:test: Ignored nodes: comments, script, style
@qbs-autonaim/recruitment-assistant-extension:test: [36m<button[39m
@qbs-autonaim/recruitment-assistant-extension:test:   [33maria-busy[39m=[32m"true"[39m
@qbs-autonaim/recruitment-assistant-extension:test:   [33maria-label[39m=[32m"╨Ш╨╖╨▓╨╗╨╡╤З╤М ╨┤╨░╨╜╨╜╤Л╨╡ ╨┐╤А╨╛╤Д╨╕╨╗╤П ╨║╨░╨╜╨┤╨╕╨┤╨░╤В╨░"[39m
@qbs-autonaim/recruitment-assistant-extension:test:   [33maria-live[39m=[32m"polite"[39m
@qbs-autonaim/recruitment-assistant-extension:test:   [33mdisabled[39m=[32m""[39m
@qbs-autonaim/recruitment-assistant-extension:test:   [33mstyle[39m=[32m"min-width: 44px; min-height: 44px; padding: 12px 24px; font-size: 16px; font-weight: 500; color: #ffffff; background-color: #6b7280; border: none none; border-radius: 8px; cursor: not-allowed; touch-action: manipulation; transition: background-color 0.2s ease, transform 0.1s ease, box-shadow 0.2s ease; display: flex; align-items: center; justify-content: center; gap: 8px; box-shadow: 0 1px 3px 0 rgba(0, 0, 0, 0.1), 0 1px 2px -1px rgba(0, 0, 0, 0.1); position: relative; outline-color: none; outline-style: none; outline-width: initial;"[39m
@qbs-autonaim/recruitment-assistant-extension:test:   [33mtype[39m=[32m"button"[39m
@qbs-autonaim/recruitment-assistant-extension:test: [36m>[39m
@qbs-autonaim/recruitment-assistant-extension:test:   [36m<svg[39m
@qbs-autonaim/recruitment-assistant-extension:test:     [33maria-hidden[39m=[32m"true"[39m
@qbs-autonaim/recruitment-assistant-extension:test:     [33mfill[39m=[32m"none"[39m
@qbs-autonaim/recruitment-assistant-extension:test:     [33mrole[39m=[32m"presentation"[39m
@qbs-autonaim/recruitment-assistant-extension:test:     [33mstyle[39m=[32m"width: 16px; height: 16px; animation: spin 1s linear infinite; flex-shrink: 0;"[39m
@qbs-autonaim/recruitment-assistant-extension:test:     [33mviewBox[39m=[32m"0 0 24 24"[39m
@qbs-autonaim/recruitment-assistant-extension:test:   [36m>[39m
@qbs-autonaim/recruitment-assistant-extension:test:     [36m<circle[39m
@qbs-autonaim/recruitment-assistant-extension:test:       [33mcx[39m=[32m"12"[39m
@qbs-autonaim/recruitment-assistant-extension:test:       [33mcy[39m=[32m"12"[39m
@qbs-autonaim/recruitment-assistant-extension:test:       [33mr[39m=[32m"10"[39m
@qbs-autonaim/recruitment-assistant-extension:test:       [33mstroke[39m=[32m"currentColor"[39m
@qbs-autonaim/recruitment-assistant-extension:test:       [33mstroke-opacity[39m=[32m"0.25"[39m
@qbs-autonaim/recruitment-assistant-extension:test:       [33mstroke-width[39m=[32m"4"[39m
@qbs-autonaim/recruitment-assistant-extension:test:     [36m/>[39m
@qbs-autonaim/recruitment-assistant-extension:test:     [36m<path[39m
@qbs-autonaim/recruitment-assistant-extension:test:       [33md[39m=[32m"M4 12a8 8 0 018-8V0C5.373 0 0 5.373 0 12h4zm2 5.291A7.962 7.962 0 014 12H0c0 3.042 1.135 5.824 3 7.938l3-2.647z"[39m
@qbs-autonaim/recruitment-assistant-extension:test:       [33mfill[39m=[32m"currentColor"[39m
@qbs-autonaim/recruitment-assistant-extension:test:       [33mopacity[39m=[32m"0.75"[39m
@qbs-autonaim/recruitment-assistant-extension:test:     [36m/>[39m
@qbs-autonaim/recruitment-assistant-extension:test:   [36m</svg>[39m
@qbs-autonaim/recruitment-assistant-extension:test:   [36m<span[39m
@qbs-autonaim/recruitment-assistant-extension:test:     [33mstyle[39m=[32m"white-space: nowrap;"[39m
@qbs-autonaim/recruitment-assistant-extension:test:   [36m>[39m
@qbs-autonaim/recruitment-assistant-extension:test:     [0m╨Ш╨╖╨▓╨╗╨╡╤З╨╡╨╜╨╕╨╡ ╨┤╨░╨╜╨╜╤Л╤ЕтАж[0m
@qbs-autonaim/recruitment-assistant-extension:test:   [36m</span>[39m
@qbs-autonaim/recruitment-assistant-extension:test: [36m</button>[39m
@qbs-autonaim/recruitment-assistant-extension:test: 
@qbs-autonaim/recruitment-assistant-extension:test: Ignored nodes: comments, script, style
@qbs-autonaim/recruitment-assistant-extension:test: [36m<button[39m
@qbs-autonaim/recruitment-assistant-extension:test:   [33maria-busy[39m=[32m"false"[39m
@qbs-autonaim/recruitment-assistant-extension:test:   [33maria-label[39m=[32m"╨Ш╨╖╨▓╨╗╨╡╤З╤М ╨┤╨░╨╜╨╜╤Л╨╡ ╨┐╤А╨╛╤Д╨╕╨╗╤П ╨║╨░╨╜╨┤╨╕╨┤╨░╤В╨░"[39m
@qbs-autonaim/recruitment-assistant-extension:test:   [33maria-live[39m=[32m"polite"[39m
@qbs-autonaim/recruitment-assistant-extension:test:   [33mstyle[39m=[32m"min-width: 44px; min-height: 44px; padding: 12px 24px; font-size: 16px; font-weight: 500; color: #ffffff; background-color: #2563eb; border: none none; border-radius: 8px; cursor: pointer; touch-action: manipulation; transition: background-color 0.2s ease, transform 0.1s ease, box-shadow 0.2s ease; display: flex; align-items: center; justify-content: center; gap: 8px; box-shadow: 0 1px 3px 0 rgba(0, 0, 0, 0.1), 0 1px 2px -1px rgba(0, 0, 0, 0.1); position: relative; outline-color: none; outline-style: none; outline-width: initial;"[39m
@qbs-autonaim/recruitment-assistant-extension:test:   [33mtype[39m=[32m"button"[39m
@qbs-autonaim/recruitment-assistant-extension:test: [36m>[39m
@qbs-autonaim/recruitment-assistant-extension:test:   [36m<span[39m
@qbs-autonaim/recruitment-assistant-extension:test:     [33mstyle[39m=[32m"white-space: nowrap;"[39m
@qbs-autonaim/recruitment-assistant-extension:test:   [36m>[39m
@qbs-autonaim/recruitment-assistant-extension:test:     [0m╨Ш╨╖╨▓╨╗╨╡╤З╤М ╨┤╨░╨╜╨╜╤Л╨╡[0m
@qbs-autonaim/recruitment-assistant-extension:test:   [36m</span>[39m
@qbs-autonaim/recruitment-assistant-extension:test: [36m</button>[39m
@qbs-autonaim/recruitment-assistant-extension:test: 
@qbs-autonaim/recruitment-assistant-extension:test: Ignored nodes: comments, script, style
@qbs-autonaim/recruitment-assistant-extension:test: [36m<button[39m
@qbs-autonaim/recruitment-assistant-extension:test:   [33maria-busy[39m=[32m"true"[39m
@qbs-autonaim/recruitment-assistant-extension:test:   [33maria-label[39m=[32m"╨Ш╨╖╨▓╨╗╨╡╤З╤М ╨┤╨░╨╜╨╜╤Л╨╡ ╨┐╤А╨╛╤Д╨╕╨╗╤П ╨║╨░╨╜╨┤╨╕╨┤╨░╤В╨░"[39m
@qbs-autonaim/recruitment-assistant-extension:test:   [33maria-live[39m=[32m"polite"[39m
@qbs-autonaim/recruitment-assistant-extension:test:   [33mdisabled[39m=[32m""[39m
@qbs-autonaim/recruitment-assistant-extension:test:   [33mstyle[39m=[32m"min-width: 44px; min-height: 44px; padding: 12px 24px; font-size: 16px; font-weight: 500; color: #ffffff; background-color: #6b7280; border: none none; border-radius: 8px; cursor: not-allowed; touch-action: manipulation; transition: background-color 0.2s ease, transform 0.1s ease, box-shadow 0.2s ease; display: flex; align-items: center; justify-content: center; gap: 8px; box-shadow: 0 1px 3px 0 rgba(0, 0, 0, 0.1), 0 1px 2px -1px rgba(0, 0, 0, 0.1); position: relative; outline-color: none; outline-style: none; outline-width: initial;"[39m
@qbs-autonaim/recruitment-assistant-extension:test:   [33mtype[39m=[32m"button"[39m
@qbs-autonaim/recruitment-assistant-extension:test: [36m>[39m
@qbs-autonaim/recruitment-assistant-extension:test:   [36m<svg[39m
@qbs-autonaim/recruitment-assistant-extension:test:     [33maria-hidden[39m=[32m"true"[39m
@qbs-autonaim/recruitment-assistant-extension:test:     [33mfill[39m=[32m"none"[39m
@qbs-autonaim/recruitment-assistant-extension:test:     [33mrole[39m=[32m"presentation"[39m
@qbs-autonaim/recruitment-assistant-extension:test:     [33mstyle[39m=[32m"width: 16px; height: 16px; animation: spin 1s linear infinite; flex-shrink: 0;"[39m
@qbs-autonaim/recruitment-assistant-extension:test:     [33mviewBox[39m=[32m"0 0 24 24"[39m
@qbs-autonaim/recruitment-assistant-extension:test:   [36m>[39m
@qbs-autonaim/recruitment-assistant-extension:test:     [36m<circle[39m
@qbs-autonaim/recruitment-assistant-extension:test:       [33mcx[39m=[32m"12"[39m
@qbs-autonaim/recruitment-assistant-extension:test:       [33mcy[39m=[32m"12"[39m
@qbs-autonaim/recruitment-assistant-extension:test:       [33mr[39m=[32m"10"[39m
@qbs-autonaim/recruitment-assistant-extension:test:       [33mstroke[39m=[32m"currentColor"[39m
@qbs-autonaim/recruitment-assistant-extension:test:       [33mstroke-opacity[39m=[32m"0.25"[39m
@qbs-autonaim/recruitment-assistant-extension:test:       [33mstroke-width[39m=[32m"4"[39m
@qbs-autonaim/recruitment-assistant-extension:test:     [36m/>[39m
@qbs-autonaim/recruitment-assistant-extension:test:     [36m<path[39m
@qbs-autonaim/recruitment-assistant-extension:test:       [33md[39m=[32m"M4 12a8 8 0 018-8V0C5.373 0 0 5.373 0 12h4zm2 5.291A7.962 7.962 0 014 12H0c0 3.042 1.135 5.824 3 7.938l3-2.647z"[39m
@qbs-autonaim/recruitment-assistant-extension:test:       [33mfill[39m=[32m"currentColor"[39m
@qbs-autonaim/recruitment-assistant-extension:test:       [33mopacity[39m=[32m"0.75"[39m
@qbs-autonaim/recruitment-assistant-extension:test:     [36m/>[39m
@qbs-autonaim/recruitment-assistant-extension:test:   [36m</svg>[39m
@qbs-autonaim/recruitment-assistant-extension:test:   [36m<span[39m
@qbs-autonaim/recruitment-assistant-extension:test:     [33mstyle[39m=[32m"white-space: nowrap;"[39m
@qbs-autonaim/recruitment-assistant-extension:test:   [36m>[39m
@qbs-autonaim/recruitment-assistant-extension:test:     [0m╨Ш╨╖╨▓╨╗╨╡╤З╨╡╨╜╨╕╨╡ ╨┤╨░╨╜╨╜╤Л╤ЕтАж[0m
@qbs-autonaim/recruitment-assistant-extension:test:   [36m</span>[39m
@qbs-autonaim/recruitment-assistant-extension:test: [36m</button>[39m
@qbs-autonaim/recruitment-assistant-extension:test: 
@qbs-autonaim/recruitment-assistant-extension:test: Ignored nodes: comments, script, style
@qbs-autonaim/recruitment-assistant-extension:test: [36m<button[39m
@qbs-autonaim/recruitment-assistant-extension:test:   [33maria-busy[39m=[32m"true"[39m
@qbs-autonaim/recruitment-assistant-extension:test:   [33maria-label[39m=[32m"╨Ш╨╖╨▓╨╗╨╡╤З╤М ╨┤╨░╨╜╨╜╤Л╨╡ ╨┐╤А╨╛╤Д╨╕╨╗╤П ╨║╨░╨╜╨┤╨╕╨┤╨░╤В╨░"[39m
@qbs-autonaim/recruitment-assistant-extension:test:   [33maria-live[39m=[32m"polite"[39m
@qbs-autonaim/recruitment-assistant-extension:test:   [33mdisabled[39m=[32m""[39m
@qbs-autonaim/recruitment-assistant-extension:test:   [33mstyle[39m=[32m"min-width: 44px; min-height: 44px; padding: 12px 24px; font-size: 16px; font-weight: 500; color: #ffffff; background-color: #6b7280; border: none none; border-radius: 8px; cursor: not-allowed; touch-action: manipulation; transition: background-color 0.2s ease, transform 0.1s ease, box-shadow 0.2s ease; display: flex; align-items: center; justify-content: center; gap: 8px; box-shadow: 0 1px 3px 0 rgba(0, 0, 0, 0.1), 0 1px 2px -1px rgba(0, 0, 0, 0.1); position: relative; outline-color: none; outline-style: none; outline-width: initial;"[39m
@qbs-autonaim/recruitment-assistant-extension:test:   [33mtype[39m=[32m"button"[39m
@qbs-autonaim/recruitment-assistant-extension:test: [36m>[39m
@qbs-autonaim/recruitment-assistant-extension:test:   [36m<svg[39m
@qbs-autonaim/recruitment-assistant-extension:test:     [33maria-hidden[39m=[32m"true"[39m
@qbs-autonaim/recruitment-assistant-extension:test:     [33mfill[39m=[32m"none"[39m
@qbs-autonaim/recruitment-assistant-extension:test:     [33mrole[39m=[32m"presentation"[39m
@qbs-autonaim/recruitment-assistant-extension:test:     [33mstyle[39m=[32m"width: 16px; height: 16px; animation: spin 1s linear infinite; flex-shrink: 0;"[39m
@qbs-autonaim/recruitment-assistant-extension:test:     [33mviewBox[39m=[32m"0 0 24 24"[39m
@qbs-autonaim/recruitment-assistant-extension:test:   [36m>[39m
@qbs-autonaim/recruitment-assistant-extension:test:     [36m<circle[39m
@qbs-autonaim/recruitment-assistant-extension:test:       [33mcx[39m=[32m"12"[39m
@qbs-autonaim/recruitment-assistant-extension:test:       [33mcy[39m=[32m"12"[39m
@qbs-autonaim/recruitment-assistant-extension:test:       [33mr[39m=[32m"10"[39m
@qbs-autonaim/recruitment-assistant-extension:test:       [33mstroke[39m=[32m"currentColor"[39m
@qbs-autonaim/recruitment-assistant-extension:test:       [33mstroke-opacity[39m=[32m"0.25"[39m
@qbs-autonaim/recruitment-assistant-extension:test:       [33mstroke-width[39m=[32m"4"[39m
@qbs-autonaim/recruitment-assistant-extension:test:     [36m/>[39m
@qbs-autonaim/recruitment-assistant-extension:test:     [36m<path[39m
@qbs-autonaim/recruitment-assistant-extension:test:       [33md[39m=[32m"M4 12a8 8 0 018-8V0C5.373 0 0 5.373 0 12h4zm2 5.291A7.962 7.962 0 014 12H0c0 3.042 1.135 5.824 3 7.938l3-2.647z"[39m
@qbs-autonaim/recruitment-assistant-extension:test:       [33mfill[39m=[32m"currentColor"[39m
@qbs-autonaim/recruitment-assistant-extension:test:       [33mopacity[39m=[32m"0.75"[39m
@qbs-autonaim/recruitment-assistant-extension:test:     [36m/>[39m
@qbs-autonaim/recruitment-assistant-extension:test:   [36m</svg>[39m
@qbs-autonaim/recruitment-assistant-extension:test:   [36m<span[39m
@qbs-autonaim/recruitment-assistant-extension:test:     [33mstyle[39m=[32m"white-space: nowrap;"[39m
@qbs-autonaim/recruitment-assistant-extension:test:   [36m>[39m
@qbs-autonaim/recruitment-assistant-extension:test:     [0m╨Ш╨╖╨▓╨╗╨╡╤З╨╡╨╜╨╕╨╡ ╨┤╨░╨╜╨╜╤Л╤ЕтАж[0m
@qbs-autonaim/recruitment-assistant-extension:test:   [36m</span>[39m
@qbs-autonaim/recruitment-assistant-extension:test: [36m</button>[39m
@qbs-autonaim/recruitment-assistant-extension:test: 
@qbs-autonaim/recruitment-assistant-extension:test: Ignored nodes: comments, script, style
@qbs-autonaim/recruitment-assistant-extension:test: [36m<button[39m
@qbs-autonaim/recruitment-assistant-extension:test:   [33maria-busy[39m=[32m"false"[39m
@qbs-autonaim/recruitment-assistant-extension:test:   [33maria-label[39m=[32m"╨Ш╨╖╨▓╨╗╨╡╤З╤М ╨┤╨░╨╜╨╜╤Л╨╡ ╨┐╤А╨╛╤Д╨╕╨╗╤П ╨║╨░╨╜╨┤╨╕╨┤╨░╤В╨░"[39m
@qbs-autonaim/recruitment-assistant-extension:test:   [33maria-live[39m=[32m"polite"[39m
@qbs-autonaim/recruitment-assistant-extension:test:   [33mstyle[39m=[32m"min-width: 44px; min-height: 44px; padding: 12px 24px; font-size: 16px; font-weight: 500; color: #ffffff; background-color: #2563eb; border: none none; border-radius: 8px; cursor: pointer; touch-action: manipulation; transition: background-color 0.2s ease, transform 0.1s ease, box-shadow 0.2s ease; display: flex; align-items: center; justify-content: center; gap: 8px; box-shadow: 0 1px 3px 0 rgba(0, 0, 0, 0.1), 0 1px 2px -1px rgba(0, 0, 0, 0.1); position: relative; outline-color: none; outline-style: none; outline-width: initial;"[39m
@qbs-autonaim/recruitment-assistant-extension:test:   [33mtype[39m=[32m"button"[39m
@qbs-autonaim/recruitment-assistant-extension:test: [36m>[39m
@qbs-autonaim/recruitment-assistant-extension:test:   [36m<span[39m
@qbs-autonaim/recruitment-assistant-extension:test:     [33mstyle[39m=[32m"white-space: nowrap;"[39m
@qbs-autonaim/recruitment-assistant-extension:test:   [36m>[39m
@qbs-autonaim/recruitment-assistant-extension:test:     [0m╨Ш╨╖╨▓╨╗╨╡╤З╤М ╨┤╨░╨╜╨╜╤Л╨╡[0m
@qbs-autonaim/recruitment-assistant-extension:test:   [36m</span>[39m
@qbs-autonaim/recruitment-assistant-extension:test: [36m</button>[39m
@qbs-autonaim/recruitment-assistant-extension:test: 
@qbs-autonaim/recruitment-assistant-extension:test: Ignored nodes: comments, script, style
@qbs-autonaim/recruitment-assistant-extension:test: [36m<button[39m
@qbs-autonaim/recruitment-assistant-extension:test:   [33maria-busy[39m=[32m"false"[39m
@qbs-autonaim/recruitment-assistant-extension:test:   [33maria-label[39m=[32m"╨Ш╨╖╨▓╨╗╨╡╤З╤М ╨┤╨░╨╜╨╜╤Л╨╡ ╨┐╤А╨╛╤Д╨╕╨╗╤П ╨║╨░╨╜╨┤╨╕╨┤╨░╤В╨░"[39m
@qbs-autonaim/recruitment-assistant-extension:test:   [33maria-live[39m=[32m"polite"[39m
@qbs-autonaim/recruitment-assistant-extension:test:   [33mstyle[39m=[32m"min-width: 44px; min-height: 44px; padding: 12px 24px; font-size: 16px; font-weight: 500; color: #ffffff; background-color: #2563eb; border: none none; border-radius: 8px; cursor: pointer; touch-action: manipulation; transition: background-color 0.2s ease, transform 0.1s ease, box-shadow 0.2s ease; display: flex; align-items: center; justify-content: center; gap: 8px; box-shadow: 0 1px 3px 0 rgba(0, 0, 0, 0.1), 0 1px 2px -1px rgba(0, 0, 0, 0.1); position: relative; outline-color: none; outline-style: none; outline-width: initial;"[39m
@qbs-autonaim/recruitment-assistant-extension:test:   [33mtype[39m=[32m"button"[39m
@qbs-autonaim/recruitment-assistant-extension:test: [36m>[39m
@qbs-autonaim/recruitment-assistant-extension:test:   [36m<span[39m
@qbs-autonaim/recruitment-assistant-extension:test:     [33mstyle[39m=[32m"white-space: nowrap;"[39m
@qbs-autonaim/recruitment-assistant-extension:test:   [36m>[39m
@qbs-autonaim/recruitment-assistant-extension:test:     [0m╨Ш╨╖╨▓╨╗╨╡╤З╤М ╨┤╨░╨╜╨╜╤Л╨╡[0m
@qbs-autonaim/recruitment-assistant-extension:test:   [36m</span>[39m
@qbs-autonaim/recruitment-assistant-extension:test: [36m</button>[39m
@qbs-autonaim/recruitment-assistant-extension:test: 
@qbs-autonaim/recruitment-assistant-extension:test: Ignored nodes: comments, script, style
@qbs-autonaim/recruitment-assistant-extension:test: [36m<button[39m
@qbs-autonaim/recruitment-assistant-extension:test:   [33maria-busy[39m=[32m"false"[39m
@qbs-autonaim/recruitment-assistant-extension:test:   [33maria-label[39m=[32m"╨Ш╨╖╨▓╨╗╨╡╤З╤М ╨┤╨░╨╜╨╜╤Л╨╡ ╨┐╤А╨╛╤Д╨╕╨╗╤П ╨║╨░╨╜╨┤╨╕╨┤╨░╤В╨░"[39m
@qbs-autonaim/recruitment-assistant-extension:test:   [33maria-live[39m=[32m"polite"[39m
@qbs-autonaim/recruitment-assistant-extension:test:   [33mstyle[39m=[32m"min-width: 44px; min-height: 44px; padding: 12px 24px; font-size: 16px; font-weight: 500; color: #ffffff; background-color: #2563eb; border: none none; border-radius: 8px; cursor: pointer; touch-action: manipulation; transition: background-color 0.2s ease, transform 0.1s ease, box-shadow 0.2s ease; display: flex; align-items: center; justify-content: center; gap: 8px; box-shadow: 0 1px 3px 0 rgba(0, 0, 0, 0.1), 0 1px 2px -1px rgba(0, 0, 0, 0.1); position: relative; outline-color: none; outline-style: none; outline-width: initial;"[39m
@qbs-autonaim/recruitment-assistant-extension:test:   [33mtype[39m=[32m"button"[39m
@qbs-autonaim/recruitment-assistant-extension:test: [36m>[39m
@qbs-autonaim/recruitment-assistant-extension:test:   [36m<span[39m
@qbs-autonaim/recruitment-assistant-extension:test:     [33mstyle[39m=[32m"white-space: nowrap;"[39m
@qbs-autonaim/recruitment-assistant-extension:test:   [36m>[39m
@qbs-autonaim/recruitment-assistant-extension:test:     [0m╨Ш╨╖╨▓╨╗╨╡╤З╤М ╨┤╨░╨╜╨╜╤Л╨╡[0m
@qbs-autonaim/recruitment-assistant-extension:test:   [36m</span>[39m
@qbs-autonaim/recruitment-assistant-extension:test: [36m</button>[39m
@qbs-autonaim/recruitment-assistant-extension:test: 
@qbs-autonaim/recruitment-assistant-extension:test: Ignored nodes: comments, script, style
@qbs-autonaim/recruitment-assistant-extension:test: [36m<button[39m
@qbs-autonaim/recruitment-assistant-extension:test:   [33maria-busy[39m=[32m"false"[39m
@qbs-autonaim/recruitment-assistant-extension:test:   [33maria-label[39m=[32m"╨Ш╨╖╨▓╨╗╨╡╤З╤М ╨┤╨░╨╜╨╜╤Л╨╡ ╨┐╤А╨╛╤Д╨╕╨╗╤П ╨║╨░╨╜╨┤╨╕╨┤╨░╤В╨░"[39m
@qbs-autonaim/recruitment-assistant-extension:test:   [33maria-live[39m=[32m"polite"[39m
@qbs-autonaim/recruitment-assistant-extension:test:   [33mstyle[39m=[32m"min-width: 44px; min-height: 44px; padding: 12px 24px; font-size: 16px; font-weight: 500; color: #ffffff; background-color: #2563eb; border: none none; border-radius: 8px; cursor: pointer; touch-action: manipulation; transition: background-color 0.2s ease, transform 0.1s ease, box-shadow 0.2s ease; display: flex; align-items: center; justify-content: center; gap: 8px; box-shadow: 0 1px 3px 0 rgba(0, 0, 0, 0.1), 0 1px 2px -1px rgba(0, 0, 0, 0.1); position: relative; outline-color: none; outline-style: none; outline-width: initial;"[39m
@qbs-autonaim/recruitment-assistant-extension:test:   [33mtype[39m=[32m"button"[39m
@qbs-autonaim/recruitment-assistant-extension:test: [36m>[39m
@qbs-autonaim/recruitment-assistant-extension:test:   [36m<span[39m
@qbs-autonaim/recruitment-assistant-extension:test:     [33mstyle[39m=[32m"white-space: nowrap;"[39m
@qbs-autonaim/recruitment-assistant-extension:test:   [36m>[39m
@qbs-autonaim/recruitment-assistant-extension:test:     [0m╨Ш╨╖╨▓╨╗╨╡╤З╤М ╨┤╨░╨╜╨╜╤Л╨╡[0m
@qbs-autonaim/recruitment-assistant-extension:test:   [36m</span>[39m
@qbs-autonaim/recruitment-assistant-extension:test: [36m</button>[39m
@qbs-autonaim/recruitment-assistant-extension:test: 
@qbs-autonaim/recruitment-assistant-extension:test: Ignored nodes: comments, script, style
@qbs-autonaim/recruitment-assistant-extension:test: [36m<button[39m
@qbs-autonaim/recruitment-assistant-extension:test:   [33maria-busy[39m=[32m"false"[39m
@qbs-autonaim/recruitment-assistant-extension:test:   [33maria-label[39m=[32m"╨Ш╨╖╨▓╨╗╨╡╤З╤М ╨┤╨░╨╜╨╜╤Л╨╡ ╨┐╤А╨╛╤Д╨╕╨╗╤П ╨║╨░╨╜╨┤╨╕╨┤╨░╤В╨░"[39m
@qbs-autonaim/recruitment-assistant-extension:test:   [33maria-live[39m=[32m"polite"[39m
@qbs-autonaim/recruitment-assistant-extension:test:   [33mstyle[39m=[32m"min-width: 44px; min-height: 44px; padding: 12px 24px; font-size: 16px; font-weight: 500; color: #ffffff; background-color: #2563eb; border: none none; border-radius: 8px; cursor: pointer; touch-action: manipulation; transition: background-color 0.2s ease, transform 0.1s ease, box-shadow 0.2s ease; display: flex; align-items: center; justify-content: center; gap: 8px; box-shadow: 0 1px 3px 0 rgba(0, 0, 0, 0.1), 0 1px 2px -1px rgba(0, 0, 0, 0.1); position: relative; outline-color: none; outline-style: none; outline-width: initial;"[39m
@qbs-autonaim/recruitment-assistant-extension:test:   [33mtype[39m=[32m"button"[39m
@qbs-autonaim/recruitment-assistant-extension:test: [36m>[39m
@qbs-autonaim/recruitment-assistant-extension:test:   [36m<span[39m
@qbs-autonaim/recruitment-assistant-extension:test:     [33mstyle[39m=[32m"white-space: nowrap;"[39m
@qbs-autonaim/recruitment-assistant-extension:test:   [36m>[39m
@qbs-autonaim/recruitment-assistant-extension:test:     [0m╨Ш╨╖╨▓╨╗╨╡╤З╤М ╨┤╨░╨╜╨╜╤Л╨╡[0m
@qbs-autonaim/recruitment-assistant-extension:test:   [36m</span>[39m
@qbs-autonaim/recruitment-assistant-extension:test: [36m</button>[39m
@qbs-autonaim/recruitment-assistant-extension:test: 
@qbs-autonaim/recruitment-assistant-extension:test: Ignored nodes: comments, script, style
@qbs-autonaim/recruitment-assistant-extension:test: [36m<button[39m
@qbs-autonaim/recruitment-assistant-extension:test:   [33maria-busy[39m=[32m"true"[39m
@qbs-autonaim/recruitment-assistant-extension:test:   [33maria-label[39m=[32m"╨Ш╨╖╨▓╨╗╨╡╤З╤М ╨┤╨░╨╜╨╜╤Л╨╡ ╨┐╤А╨╛╤Д╨╕╨╗╤П ╨║╨░╨╜╨┤╨╕╨┤╨░╤В╨░"[39m
@qbs-autonaim/recruitment-assistant-extension:test:   [33maria-live[39m=[32m"polite"[39m
@qbs-autonaim/recruitment-assistant-extension:test:   [33mdisabled[39m=[32m""[39m
@qbs-autonaim/recruitment-assistant-extension:test:   [33mstyle[39m=[32m"min-width: 44px; min-height: 44px; padding: 12px 24px; font-size: 16px; font-weight: 500; color: #ffffff; background-color: #6b7280; border: none none; border-radius: 8px; cursor: not-allowed; touch-action: manipulation; transition: background-color 0.2s ease, transform 0.1s ease, box-shadow 0.2s ease; display: flex; align-items: center; justify-content: center; gap: 8px; box-shadow: 0 1px 3px 0 rgba(0, 0, 0, 0.1), 0 1px 2px -1px rgba(0, 0, 0, 0.1); position: relative; outline-color: none; outline-style: none; outline-width: initial;"[39m
@qbs-autonaim/recruitment-assistant-extension:test:   [33mtype[39m=[32m"button"[39m
@qbs-autonaim/recruitment-assistant-extension:test: [36m>[39m
@qbs-autonaim/recruitment-assistant-extension:test:   [36m<svg[39m
@qbs-autonaim/recruitment-assistant-extension:test:     [33maria-hidden[39m=[32m"true"[39m
@qbs-autonaim/recruitment-assistant-extension:test:     [33mfill[39m=[32m"none"[39m
@qbs-autonaim/recruitment-assistant-extension:test:     [33mrole[39m=[32m"presentation"[39m
@qbs-autonaim/recruitment-assistant-extension:test:     [33mstyle[39m=[32m"width: 16px; height: 16px; animation: spin 1s linear infinite; flex-shrink: 0;"[39m
@qbs-autonaim/recruitment-assistant-extension:test:     [33mviewBox[39m=[32m"0 0 24 24"[39m
@qbs-autonaim/recruitment-assistant-extension:test:   [36m>[39m
@qbs-autonaim/recruitment-assistant-extension:test:     [36m<circle[39m
@qbs-autonaim/recruitment-assistant-extension:test:       [33mcx[39m=[32m"12"[39m
@qbs-autonaim/recruitment-assistant-extension:test:       [33mcy[39m=[32m"12"[39m
@qbs-autonaim/recruitment-assistant-extension:test:       [33mr[39m=[32m"10"[39m
@qbs-autonaim/recruitment-assistant-extension:test:       [33mstroke[39m=[32m"currentColor"[39m
@qbs-autonaim/recruitment-assistant-extension:test:       [33mstroke-opacity[39m=[32m"0.25"[39m
@qbs-autonaim/recruitment-assistant-extension:test:       [33mstroke-width[39m=[32m"4"[39m
@qbs-autonaim/recruitment-assistant-extension:test:     [36m/>[39m
@qbs-autonaim/recruitment-assistant-extension:test:     [36m<path[39m
@qbs-autonaim/recruitment-assistant-extension:test:       [33md[39m=[32m"M4 12a8 8 0 018-8V0C5.373 0 0 5.373 0 12h4zm2 5.291A7.962 7.962 0 014 12H0c0 3.042 1.135 5.824 3 7.938l3-2.647z"[39m
@qbs-autonaim/recruitment-assistant-extension:test:       [33mfill[39m=[32m"currentColor"[39m
@qbs-autonaim/recruitment-assistant-extension:test:       [33mopacity[39m=[32m"0.75"[39m
@qbs-autonaim/recruitment-assistant-extension:test:     [36m/>[39m
@qbs-autonaim/recruitment-assistant-extension:test:   [36m</svg>[39m
@qbs-autonaim/recruitment-assistant-extension:test:   [36m<span[39m
@qbs-autonaim/recruitment-assistant-extension:test:     [33mstyle[39m=[32m"white-space: nowrap;"[39m
@qbs-autonaim/recruitment-assistant-extension:test:   [36m>[39m
@qbs-autonaim/recruitment-assistant-extension:test:     [0m╨Ш╨╖╨▓╨╗╨╡╤З╨╡╨╜╨╕╨╡ ╨┤╨░╨╜╨╜╤Л╤ЕтАж[0m
@qbs-autonaim/recruitment-assistant-extension:test:   [36m</span>[39m
@qbs-autonaim/recruitment-assistant-extension:test: [36m</button>[39m
@qbs-autonaim/recruitment-assistant-extension:test: 
@qbs-autonaim/recruitment-assistant-extension:test: Ignored nodes: comments, script, style
@qbs-autonaim/recruitment-assistant-extension:test: [36m<button[39m
@qbs-autonaim/recruitment-assistant-extension:test:   [33maria-busy[39m=[32m"false"[39m
@qbs-autonaim/recruitment-assistant-extension:test:   [33maria-label[39m=[32m"╨Ш╨╖╨▓╨╗╨╡╤З╤М ╨┤╨░╨╜╨╜╤Л╨╡ ╨┐╤А╨╛╤Д╨╕╨╗╤П ╨║╨░╨╜╨┤╨╕╨┤╨░╤В╨░"[39m
@qbs-autonaim/recruitment-assistant-extension:test:   [33maria-live[39m=[32m"polite"[39m
@qbs-autonaim/recruitment-assistant-extension:test:   [33mstyle[39m=[32m"min-width: 44px; min-height: 44px; padding: 12px 24px; font-size: 16px; font-weight: 500; color: #ffffff; background-color: #2563eb; border: none none; border-radius: 8px; cursor: pointer; touch-action: manipulation; transition: background-color 0.2s ease, transform 0.1s ease, box-shadow 0.2s ease; display: flex; align-items: center; justify-content: center; gap: 8px; box-shadow: 0 1px 3px 0 rgba(0, 0, 0, 0.1), 0 1px 2px -1px rgba(0, 0, 0, 0.1); position: relative; outline-color: none; outline-style: none; outline-width: initial;"[39m
@qbs-autonaim/recruitment-assistant-extension:test:   [33mtype[39m=[32m"button"[39m
@qbs-autonaim/recruitment-assistant-extension:test: [36m>[39m
@qbs-autonaim/recruitment-assistant-extension:test:   [36m<span[39m
@qbs-autonaim/recruitment-assistant-extension:test:     [33mstyle[39m=[32m"white-space: nowrap;"[39m
@qbs-autonaim/recruitment-assistant-extension:test:   [36m>[39m
@qbs-autonaim/recruitment-assistant-extension:test:     [0m╨Ш╨╖╨▓╨╗╨╡╤З╤М ╨┤╨░╨╜╨╜╤Л╨╡[0m
@qbs-autonaim/recruitment-assistant-extension:test:   [36m</span>[39m
@qbs-autonaim/recruitment-assistant-extension:test: [36m</button>[39m
@qbs-autonaim/recruitment-assistant-extension:test: 
@qbs-autonaim/recruitment-assistant-extension:test: Ignored nodes: comments, script, style
@qbs-autonaim/recruitment-assistant-extension:test: [36m<button[39m
@qbs-autonaim/recruitment-assistant-extension:test:   [33maria-busy[39m=[32m"false"[39m
@qbs-autonaim/recruitment-assistant-extension:test:   [33maria-label[39m=[32m"╨Ш╨╖╨▓╨╗╨╡╤З╤М ╨┤╨░╨╜╨╜╤Л╨╡ ╨┐╤А╨╛╤Д╨╕╨╗╤П ╨║╨░╨╜╨┤╨╕╨┤╨░╤В╨░"[39m
@qbs-autonaim/recruitment-assistant-extension:test:   [33maria-live[39m=[32m"polite"[39m
@qbs-autonaim/recruitment-assistant-extension:test:   [33mstyle[39m=[32m"min-width: 44px; min-height: 44px; padding: 12px 24px; font-size: 16px; font-weight: 500; color: #ffffff; background-color: #2563eb; border: none none; border-radius: 8px; cursor: pointer; touch-action: manipulation; transition: background-color 0.2s ease, transform 0.1s ease, box-shadow 0.2s ease; display: flex; align-items: center; justify-content: center; gap: 8px; box-shadow: 0 1px 3px 0 rgba(0, 0, 0, 0.1), 0 1px 2px -1px rgba(0, 0, 0, 0.1); position: relative; outline-color: none; outline-style: none; outline-width: initial;"[39m
@qbs-autonaim/recruitment-assistant-extension:test:   [33mtype[39m=[32m"button"[39m
@qbs-autonaim/recruitment-assistant-extension:test: [36m>[39m
@qbs-autonaim/recruitment-assistant-extension:test:   [36m<span[39m
@qbs-autonaim/recruitment-assistant-extension:test:     [33mstyle[39m=[32m"white-space: nowrap;"[39m
@qbs-autonaim/recruitment-assistant-extension:test:   [36m>[39m
@qbs-autonaim/recruitment-assistant-extension:test:     [0m╨Ш╨╖╨▓╨╗╨╡╤З╤М ╨┤╨░╨╜╨╜╤Л╨╡[0m
@qbs-autonaim/recruitment-assistant-extension:test:   [36m</span>[39m
@qbs-autonaim/recruitment-assistant-extension:test: [36m</button>[39m
@qbs-autonaim/recruitment-assistant-extension:test: 
@qbs-autonaim/recruitment-assistant-extension:test: Ignored nodes: comments, script, style
@qbs-autonaim/recruitment-assistant-extension:test: [36m<button[39m
@qbs-autonaim/recruitment-assistant-extension:test:   [33maria-busy[39m=[32m"false"[39m
@qbs-autonaim/recruitment-assistant-extension:test:   [33maria-label[39m=[32m"╨Ш╨╖╨▓╨╗╨╡╤З╤М ╨┤╨░╨╜╨╜╤Л╨╡ ╨┐╤А╨╛╤Д╨╕╨╗╤П ╨║╨░╨╜╨┤╨╕╨┤╨░╤В╨░"[39m
@qbs-autonaim/recruitment-assistant-extension:test:   [33maria-live[39m=[32m"polite"[39m
@qbs-autonaim/recruitment-assistant-extension:test:   [33mstyle[39m=[32m"min-width: 44px; min-height: 44px; padding: 12px 24px; font-size: 16px; font-weight: 500; color: #ffffff; background-color: #2563eb; border: none none; border-radius: 8px; cursor: pointer; touch-action: manipulation; transition: background-color 0.2s ease, transform 0.1s ease, box-shadow 0.2s ease; display: flex; align-items: center; justify-content: center; gap: 8px; box-shadow: 0 1px 3px 0 rgba(0, 0, 0, 0.1), 0 1px 2px -1px rgba(0, 0, 0, 0.1); position: relative; outline-color: none; outline-style: none; outline-width: initial;"[39m
@qbs-autonaim/recruitment-assistant-extension:test:   [33mtype[39m=[32m"button"[39m
@qbs-autonaim/recruitment-assistant-extension:test: [36m>[39m
@qbs-autonaim/recruitment-assistant-extension:test:   [36m<span[39m
@qbs-autonaim/recruitment-assistant-extension:test:     [33mstyle[39m=[32m"white-space: nowrap;"[39m
@qbs-autonaim/recruitment-assistant-extension:test:   [36m>[39m
@qbs-autonaim/recruitment-assistant-extension:test:     [0m╨Ш╨╖╨▓╨╗╨╡╤З╤М ╨┤╨░╨╜╨╜╤Л╨╡[0m
@qbs-autonaim/recruitment-assistant-extension:test:   [36m</span>[39m
@qbs-autonaim/recruitment-assistant-extension:test: [36m</button>[39m
@qbs-autonaim/recruitment-assistant-extension:test: 
@qbs-autonaim/recruitment-assistant-extension:test: (If this is intentional, then use the `*AllBy*` variant of the query (like `queryAllByText`, `getAllByText`, or `findAllByText`)).
@qbs-autonaim/recruitment-assistant-extension:test: 
@qbs-autonaim/recruitment-assistant-extension:test: Ignored nodes: comments, script, style
@qbs-autonaim/recruitment-assistant-extension:test: [36m<body>[39m
@qbs-autonaim/recruitment-assistant-extension:test:   [0m
@qbs-autonaim/recruitment-assistant-extension:test:         [0m
@qbs-autonaim/recruitment-assistant-extension:test:   [36m<h1[39m
@qbs-autonaim/recruitment-assistant-extension:test:     [33mclass[39m=[32m"text-heading-xlarge"[39m
@qbs-autonaim/recruitment-assistant-extension:test:   [36m>[39m
@qbs-autonaim/recruitment-assistant-extension:test:     [0m╨Ш╨▓╨░╨╜ ╨Ш╨▓╨░╨╜╨╛╨▓[0m
@qbs-autonaim/recruitment-assistant-extension:test:   [36m</h1>[39m
@qbs-autonaim/recruitment-assistant-extension:test:   [0m
@qbs-autonaim/recruitment-assistant-extension:test:         [0m
@qbs-autonaim/recruitment-assistant-extension:test:   [36m<div[39m
@qbs-autonaim/recruitment-assistant-extension:test:     [33mclass[39m=[32m"text-body-medium"[39m
@qbs-autonaim/recruitment-assistant-extension:test:   [36m>[39m
@qbs-autonaim/recruitment-assistant-extension:test:     [0mSenior Developer[0m
@qbs-autonaim/recruitment-assistant-extension:test:   [36m</div>[39m
@qbs-autonaim/recruitment-assistant-extension:test:   [0m
@qbs-autonaim/recruitment-assistant-extension:test:         [0m
@qbs-autonaim/recruitment-assistant-extension:test:   [36m<span[39m
@qbs-autonaim/recruitment-assistant-extension:test:     [33mclass[39m=[32m"text-body-small inline"[39m
@qbs-autonaim/recruitment-assistant-extension:test:   [36m>[39m
@qbs-autonaim/recruitment-assistant-extension:test:     [0m╨Ь╨╛╤Б╨║╨▓╨░, ╨а╨╛╤Б╤Б╨╕╤П[0m
@qbs-autonaim/recruitment-assistant-extension:test:   [36m</span>[39m
@qbs-autonaim/recruitment-assistant-extension:test:   [0m
@qbs-autonaim/recruitment-assistant-extension:test:         [0m
@qbs-autonaim/recruitment-assistant-extension:test:   [36m<img[39m
@qbs-autonaim/recruitment-assistant-extension:test:     [33mclass[39m=[32m"pv-top-card-profile-picture__image"[39m
@qbs-autonaim/recruitment-assistant-extension:test:     [33msrc[39m=[32m"https://example.com/photo.jpg"[39m
@qbs-autonaim/recruitment-assistant-extension:test:   [36m/>[39m
@qbs-autonaim/recruitment-assistant-extension:test:   [0m
@qbs-autonaim/recruitment-assistant-extension:test:         
@qbs-autonaim/recruitment-assistant-extension:test:         [0m
@qbs-autonaim/recruitment-assistant-extension:test:   [36m<section[39m
@qbs-autonaim/recruitment-assistant-extension:test:     [33mid[39m=[32m"experience"[39m
@qbs-autonaim/recruitment-assistant-extension:test:   [36m>[39m
@qbs-autonaim/recruitment-assistant-extension:test:     [0m
@qbs-autonaim/recruitment-assistant-extension:test:           [0m
@qbs-autonaim/recruitment-assistant-extension:test:     [36m<ul>[39m
@qbs-autonaim/recruitment-assistant-extension:test:       [0m
@qbs-autonaim/recruitment-assistant-extension:test:             [0m
@qbs-autonaim/recruitment-assistant-extension:test:       [36m<li[39m
@qbs-autonaim/recruitment-assistant-extension:test:         [33mclass[39m=[32m"artdeco-list__item"[39m
@qbs-autonaim/recruitment-assistant-extension:test:       [36m>[39m
@qbs-autonaim/recruitment-assistant-extension:test:         [0m
@qbs-autonaim/recruitment-assistant-extension:test:               [0m
@qbs-autonaim/recruitment-assistant-extension:test:         [36m<div[39m
@qbs-autonaim/recruitment-assistant-extension:test:           [33mclass[39m=[32m"display-flex"[39m
@qbs-autonaim/recruitment-assistant-extension:test:         [36m>[39m
@qbs-autonaim/recruitment-assistant-extension:test:           [0m
@qbs-autonaim/recruitment-assistant-extension:test:                 [0m
@qbs-autonaim/recruitment-assistant-extension:test:           [36m<span[39m
@qbs-autonaim/recruitment-assistant-extension:test:             [33maria-hidden[39m=[32m"true"[39m
@qbs-autonaim/recruitment-assistant-extension:test:           [36m>[39m
@qbs-autonaim/recruitment-assistant-extension:test:             [0mSenior Developer[0m
@qbs-autonaim/recruitment-assistant-extension:test:           [36m</span>[39m
@qbs-autonaim/recruitment-assistant-extension:test:           [0m
@qbs-autonaim/recruitment-assistant-extension:test:               [0m
@qbs-autonaim/recruitment-assistant-extension:test:         [36m</div>[39m
@qbs-autonaim/recruitment-assistant-extension:test:         [0m
@qbs-autonaim/recruitment-assistant-extension:test:               [0m
@qbs-autonaim/recruitment-assistant-extension:test:         [36m<span[39m
@qbs-autonaim/recruitment-assistant-extension:test:           [33mclass[39m=[32m"t-14 t-normal"[39m
@qbs-autonaim/recruitment-assistant-extension:test:         [36m>[39m
@qbs-autonaim/recruitment-assistant-extension:test:           [0m
@qbs-autonaim/recruitment-assistant-extension:test:                 [0m
@qbs-autonaim/recruitment-assistant-extension:test:           [36m<span[39m
@qbs-autonaim/recruitment-assistant-extension:test:             [33maria-hidden[39m=[32m"true"[39m
@qbs-autonaim/recruitment-assistant-extension:test:           [36m>[39m
@qbs-autonaim/recruitment-assistant-extension:test:             [0mTech Company[0m
@qbs-autonaim/recruitment-assistant-extension:test:           [36m</span>[39m
@qbs-autonaim/recruitment-assistant-extension:test:           [0m
@qbs-autonaim/recruitment-assistant-extension:test:               [0m
@qbs-autonaim/recruitment-assistant-extension:test:         [36m</span>[39m
@qbs-autonaim/recruitment-assistant-extension:test:         [0m
@qbs-autonaim/recruitment-assistant-extension:test:               [0m
@qbs-autonaim/recruitment-assistant-extension:test:         [36m<span[39m
@qbs-autonaim/recruitment-assistant-extension:test:           [33mclass[39m=[32m"t-14 t-normal t-black--light"[39m
@qbs-autonaim/recruitment-assistant-extension:test:         [36m>[39m
@qbs-autonaim/recruitment-assistant-extension:test:           [0m
@qbs-autonaim/recruitment-assistant-extension:test:                 [0m
@qbs-autonaim/recruitment-assistant-extension:test:           [36m<span[39m
@qbs-autonaim/recruitment-assistant-extension:test:             [33maria-hidden[39m=[32m"true"[39m
@qbs-autonaim/recruitment-assistant-extension:test:           [36m>[39m
@qbs-autonaim/recruitment-assistant-extension:test:             [0m2020 тАУ ╨┐╨╛ ╨╜╨░╤Б╤В╨╛╤П╤Й╨╡╨╡ ╨▓╤А╨╡╨╝╤П[0m
@qbs-autonaim/recruitment-assistant-extension:test:           [36m</span>[39m
@qbs-autonaim/recruitment-assistant-extension:test:           [0m
@qbs-autonaim/recruitment-assistant-extension:test:               [0m
@qbs-autonaim/recruitment-assistant-extension:test:         [36m</span>[39m
@qbs-autonaim/recruitment-assistant-extension:test:         [0m
@qbs-autonaim/recruitment-assistant-extension:test:               [0m
@qbs-autonaim/recruitment-assistant-extension:test:         [36m<div[39m
@qbs-autonaim/recruitment-assistant-extension:test:           [33mclass[39m=[32m"display-flex full-width"[39m
@qbs-autonaim/recruitment-assistant-extension:test:         [36m>[39m
@qbs-autonaim/recruitment-assistant-extension:test:           [0m
@qbs-autonaim/recruitment-assistant-extension:test:                 [0m
@qbs-autonaim/recruitment-assistant-extension:test:           [36m<span[39m
@qbs-autonaim/recruitment-assistant-extension:test:             [33maria-hidden[39m=[32m"true"[39m
@qbs-autonaim/recruitment-assistant-extension:test:           [36m>[39m
@qbs-autonaim/recruitment-assistant-extension:test:             [0m╨а╨░╨╖╤А╨░╨▒╨╛╤В╨║╨░[0m
@qbs-autonaim/recruitment-assistant-extension:test:           [36m</span>[39m
@qbs-autonaim/recruitment-assistant-extension:test:           [0m
@qbs-autonaim/recruitment-assistant-extension:test:               [0m
@qbs-autonaim/recruitment-assistant-extension:test:         [36m</div>[39m
@qbs-autonaim/recruitment-assistant-extension:test:         [0m
@qbs-autonaim/recruitment-assistant-extension:test:             [0m
@qbs-autonaim/recruitment-assistant-extension:test:       [36m</li>[39m
@qbs-autonaim/recruitment-assistant-extension:test:       [0m
@qbs-autonaim/recruitment-assistant-extension:test:           [0m
@qbs-autonaim/recruitment-assistant-extension:test:     [36m</ul>[39m
@qbs-autonaim/recruitment-assistant-extension:test:     [0m
@qbs-autonaim/recruitment-assistant-extension:test:         [0m
@qbs-autonaim/recruitment-assistant-extension:test:   [36m</section>[39m
@qbs-autonaim/recruitment-assistant-extension:test:   [0m
@qbs-autonaim/recruitment-assistant-extension:test:         
@qbs-autonaim/recruitment-assistant-extension:test:         [0m
@qbs-autonaim/recruitment-assistant-extension:test:   [36m<section[39m
@qbs-autonaim/recruitment-assistant-extension:test:     [33mid[39m=[32m"education"[39m
@qbs-autonaim/recruitment-assistant-extension:test:   [36m>[39m
@qbs-autonaim/recruitment-assistant-extension:test:     [0m
@qbs-autonaim/recruitment-assistant-extension:test:           [0m
@qbs-autonaim/recruitment-assistant-extension:test:     [36m<ul>[39m
@qbs-autonaim/recruitment-assistant-extension:test:       [0m
@qbs-autonaim/recruitment-assistant-extension:test:             [0m
@qbs-autonaim/recruitment-assistant-extension:test:       [36m<li[39m
@qbs-autonaim/recruitment-assistant-extension:test:         [33mclass[39m=[32m"artdeco-list__item"[39m
@qbs-autonaim/recruitment-assistant-extension:test:       [36m>[39m
@qbs-autonaim/recruitment-assistant-extension:test:         [0m
@qbs-autonaim/recruitment-assistant-extension:test:               [0m
@qbs-autonaim/recruitment-assistant-extension:test:         [36m<div[39m
@qbs-autonaim/recruitment-assistant-extension:test:           [33mclass[39m=[32m"display-flex"[39m
@qbs-autonaim/recruitment-assistant-extension:test:         [36m>[39m
@qbs-autonaim/recruitment-assistant-extension:test:           [0m
@qbs-autonaim/recruitment-assistant-extension:test:                 [0m
@qbs-autonaim/recruitment-assistant-extension:test:           [36m<span[39m
@qbs-autonaim/recruitment-assistant-extension:test:             [33maria-hidden[39m=[32m"true"[39m
@qbs-autonaim/recruitment-assistant-extension:test:           [36m>[39m
@qbs-autonaim/recruitment-assistant-extension:test:             [0m╨Ь╨У╨г[0m
@qbs-autonaim/recruitment-assistant-extension:test:           [36m</span>[39m
@qbs-autonaim/recruitment-assistant-extension:test:           [0m
@qbs-autonaim/recruitment-assistant-extension:test:               [0m
@qbs-autonaim/recruitment-assistant-extension:test:         [36m</div>[39m
@qbs-autonaim/recruitment-assistant-extension:test:         [0m
@qbs-autonaim/recruitment-assistant-extension:test:               [0m
@qbs-autonaim/recruitment-assistant-extension:test:         [36m<span[39m
@qbs-autonaim/recruitment-assistant-extension:test:           [33mclass[39m=[32m"t-14 t-normal"[39m
@qbs-autonaim/recruitment-assistant-extension:test:         [36m>[39m
@qbs-autonaim/recruitment-assistant-extension:test:           [0m
@qbs-autonaim/recruitment-assistant-extension:test:                 [0m
@qbs-autonaim/recruitment-assistant-extension:test:           [36m<span[39m
@qbs-autonaim/recruitment-assistant-extension:test:             [33maria-hidden[39m=[32m"true"[39m
@qbs-autonaim/recruitment-assistant-extension:test:           [36m>[39m
@qbs-autonaim/recruitment-assistant-extension:test:             [0m╨С╨░╨║╨░╨╗╨░╨▓╤А[0m
@qbs-autonaim/recruitment-assistant-extension:test:           [36m</span>[39m
@qbs-autonaim/recruitment-assistant-extension:test:           [0m
@qbs-autonaim/recruitment-assistant-extension:test:               [0m
@qbs-autonaim/recruitment-assistant-extension:test:         [36m</span>[39m
@qbs-autonaim/recruitment-assistant-extension:test:         [0m
@qbs-autonaim/recruitment-assistant-extension:test:               [0m
@qbs-autonaim/recruitment-assistant-extension:test:         [36m<span[39m
@qbs-autonaim/recruitment-assistant-extension:test:           [33mclass[39m=[32m"t-14 t-normal t-black--light"[39m
@qbs-autonaim/recruitment-assistant-extension:test:         [36m>[39m
@qbs-autonaim/recruitment-assistant-extension:test:           [0m
@qbs-autonaim/recruitment-assistant-extension:test:                 [0m
@qbs-autonaim/recruitment-assistant-extension:test:           [36m<span[39m
@qbs-autonaim/recruitment-assistant-extension:test:             [33maria-hidden[39m=[32m"true"[39m
@qbs-autonaim/recruitment-assistant-extension:test:           [36m>[39m
@qbs-autonaim/recruitment-assistant-extension:test:             [0m╨Ш╨╜╤Д╨╛╤А╨╝╨░╤В╨╕╨║╨░[0m
@qbs-autonaim/recruitment-assistant-extension:test:           [36m</span>[39m
@qbs-autonaim/recruitment-assistant-extension:test:           [0m
@qbs-autonaim/recruitment-assistant-extension:test:               [0m
@qbs-autonaim/recruitment-assistant-extension:test:         [36m</span>[39m
@qbs-autonaim/recruitment-assistant-extension:test:         [0m
@qbs-autonaim/recruitment-assistant-extension:test:               [0m
@qbs-autonaim/recruitment-assistant-extension:test:         [36m<span[39m
@qbs-autonaim/recruitment-assistant-extension:test:           [33mclass[39m=[32m"t-14 t-normal t-black--light"[39m
@qbs-autonaim/recruitment-assistant-extension:test:         [36m>[39m
@qbs-autonaim/recruitment-assistant-extension:test:           [0m
@qbs-autonaim/recruitment-assistant-extension:test:                 [0m
@qbs-autonaim/recruitment-assistant-extension:test:           [36m<span[39m
@qbs-autonaim/recruitment-assistant-extension:test:             [33maria-hidden[39m=[32m"true"[39m
@qbs-autonaim/recruitment-assistant-extension:test:           [36m>[39m
@qbs-autonaim/recruitment-assistant-extension:test:             [0m2015 тАУ 2019[0m
@qbs-autonaim/recruitment-assistant-extension:test:           [36m</span>[39m
@qbs-autonaim/recruitment-assistant-extension:test:           [0m
@qbs-autonaim/recruitment-assistant-extension:test:               [0m
@qbs-autonaim/recruitment-assistant-extension:test:         [36m</span>[39m
@qbs-autonaim/recruitment-assistant-extension:test:         [0m
@qbs-autonaim/recruitment-assistant-extension:test:             [0m
@qbs-autonaim/recruitment-assistant-extension:test:       [36m</li>[39m
@qbs-autonaim/recruitment-assistant-extension:test:       [0m
@qbs-autonaim/recruitment-assistant-extension:test:           [0m
@qbs-autonaim/recruitment-assistant-extension:test:     [36m</ul>[39m
@qbs-autonaim/recruitment-assistant-extension:test:     [0m
@qbs-autonaim/recruitment-assistant-extension:test:         [0m
@qbs-autonaim/recruitment-assistant-extension:test:   [36m</section>[39m
@qbs-autonaim/recruitment-assistant-extension:test:   [0m
@qbs-autonaim/recruitment-assistant-extension:test:         
@qbs-autonaim/recruitment-assistant-extension:test:         [0m
@qbs-autonaim/recruitment-assistant-extension:test:   [36m<section[39m
@qbs-autonaim/recruitment-assistant-extension:test:     [33mid[39m=[32m"skills"[39m
@qbs-autonaim/recruitment-assistant-extension:test:   [36m>[39m
@qbs-autonaim/recruitment-assistant-extension:test:     [0m
@qbs-autonaim/recruitment-assistant-extension:test:           [0m
@qbs-autonaim/recruitment-assistant-extension:test:     [36m<span[39m
@qbs-autonaim/recruitment-assistant-extension:test:       [33maria-hidden[39m=[32m"true"[39m
@qbs-autonaim/recruitment-assistant-extension:test:     [36m>[39m
@qbs-autonaim/recruitment-assistant-extension:test:       [0mTypeScript[0m
@qbs-autonaim/recruitment-assistant-extension:test:     [36m</span>[39m
@qbs-autonaim/recruitment-assistant-extension:test:     [0m
@qbs-autonaim/recruitment-assistant-extension:test:           [0m
@qbs-autonaim/recruitment-assistant-extension:test:     [36m<span[39m
@qbs-autonaim/recruitment-assistant-extension:test:       [33maria-hidden[39m=[32m"true"[39m
@qbs-autonaim/recruitment-assistant-extension:test:     [36m>[39m
@qbs-autonaim/recruitment-assistant-extension:test:       [0mReact[0m
@qbs-autonaim/recruitment-assistant-extension:test:     [36m</span>[39m
@qbs-autonaim/recruitment-assistant-extension:test:     [0m
@qbs-autonaim/recruitment-assistant-extension:test:         [0m
@qbs-autonaim/recruitment-assistant-extension:test:   [36m</section>[39m
@qbs-autonaim/recruitment-assistant-extension:test:   [0m
@qbs-autonaim/recruitment-assistant-extension:test:         
@qbs-autonaim/recruitment-assistant-extension:test:         [0m
@qbs-autonaim/recruitment-assistant-extension:test:   [36m<section[39m
@qbs-autonaim/recruitment-assistant-extension:test:     [33mclass[39m=[32m"pv-contact-info"[39m
@qbs-autonaim/recruitment-assistant-extension:test:   [36m>[39m
@qbs-autonaim/recruitment-assistant-extension:test:     [0m
@qbs-autonaim/recruitment-assistant-extension:test:           [0m
@qbs-autonaim/recruitment-assistant-extension:test:     [36m<a[39m
@qbs-autonaim/recruitment-assistant-extension:test:       [33mhref[39m=[32m"mailto:ivan@example.com"[39m
@qbs-autonaim/recruitment-assistant-extension:test:     [36m>[39m
@qbs-autonaim/recruitment-assistant-extension:test:       [0mEmail[0m
@qbs-autonaim/recruitment-assistant-extension:test:     [36m</a>[39m
@qbs-autonaim/recruitment-assistant-extension:test:     [0m
@qbs-autonaim/recruitment-assistant-extension:test:           [0m
@qbs-autonaim/recruitment-assistant-extension:test:     [36m<span[39m
@qbs-autonaim/recruitment-assistant-extension:test:       [33mclass[39m=[32m"t-14 t-black t-normal"[39m
@qbs-autonaim/recruitment-assistant-extension:test:     [36m>[39m
@qbs-autonaim/recruitment-assistant-extension:test:       [0m+7 (999) 123-45-67[0m
@qbs-autonaim/recruitment-assistant-extension:test:     [36m</span>[39m
@qbs-autonaim/recruitment-assistant-extension:test:     [0m
@qbs-autonaim/recruitment-assistant-extension:test:         [0m
@qbs-autonaim/recruitment-assistant-extension:test:   [36m</section>[39m
@qbs-autonaim/recruitment-assistant-extension:test:   [0m
@qbs-autonaim/recruitment-assistant-extension:test:       [0m
@qbs-autonaim/recruitment-assistant-extension:test:   [36m<div>[39m
@qbs-autonaim/recruitment-assistant-extension:test:     [36m<button[39m
@qbs-autonaim/recruitment-assistant-extension:test:       [33maria-busy[39m=[32m"false"[39m
@qbs-autonaim/recruitment-assistant-extension:test:       [33maria-label[39m=[32m"╨Ш╨╖╨▓╨╗╨╡╤З╤М ╨┤╨░╨╜╨╜╤Л╨╡ ╨┐╤А╨╛╤Д╨╕╨╗╤П ╨║╨░╨╜╨┤╨╕╨┤╨░╤В╨░"[39m
@qbs-autonaim/recruitment-assistant-extension:test:       [33maria-live[39m=[32m"polite"[39m
@qbs-autonaim/recruitment-assistant-extension:test:       [33mstyle[39m=[32m"min-width: 44px; min-height: 44px; padding: 12px 24px; font-size: 16px; font-weight: 500; color: #ffffff; background-color: #2563eb; border: none none; border-radius: 8px; cursor: pointer; touch-action: manipulation; transition: background-color 0.2s ease, transform 0.1s ease, box-shadow 0.2s ease; display: flex; align-items: center; justify-content: center; gap: 8px; box-shadow: 0 1px 3px 0 rgba(0, 0, 0, 0.1), 0 1px 2px -1px rgba(0, 0, 0, 0.1); position: relative; outline-color: none; outline-style: none; outline-width: initial;"[39m
@qbs-autonaim/recruitment-assistant-extension:test:       [33mtype[39m=[32m"button"[39m
@qbs-autonaim/recruitment-assistant-extension:test:     [36m>[39m
@qbs-autonaim/recruitment-assistant-extension:test:       [36m<span[39m
@qbs-autonaim/recruitment-assistant-extension:test:         [33mstyle[39m=[32m"white-space: nowrap;"[39m
@qbs-autonaim/recruitment-assistant-extension:test:       [36m>[39m
@qbs-autonaim/recruitment-assistant-extension:test:         [0m╨Ш╨╖╨▓╨╗╨╡╤З╤М ╨┤╨░╨╜╨╜╤Л╨╡[0m
@qbs-autonaim/recruitment-assistant-extension:test:       [36m</span>[39m
@qbs-autonaim/recruitment-assistant-extension:test:     [36m</button>[39m
@qbs-autonaim/recruitment-assistant-extension:test:   [36m</div>[39m
@qbs-autonaim/recruitment-assistant-extension:test:   [36m<div>[39m
@qbs-autonaim/recruitment-assistant-extension:test:     [36m<button[39m
@qbs-autonaim/recruitment-assistant-extension:test:       [33maria-busy[39m=[32m"true"[39m
@qbs-autonaim/recruitment-assistant-extension:test:       [33maria-label[39m=[32m"╨Ш╨╖╨▓╨╗╨╡╤З╤М ╨┤╨░╨╜╨╜╤Л╨╡ ╨┐╤А╨╛╤Д╨╕╨╗╤П ╨║╨░╨╜╨┤╨╕╨┤╨░╤В╨░"[39m
@qbs-autonaim/recruitment-assistant-extension:test:       [33maria-live[39m=[32m"polite"[39m
@qbs-autonaim/recruitment-assistant-extension:test:       [33mdisabled[39m=[32m""[39m
@qbs-autonaim/recruitment-assistant-extension:test:       [33mstyle[39m=[32m"min-width: 44px; min-height: 44px; padding: 12px 24px; font-size: 16px; font-weight: 500; color: #ffffff; background-color: #6b7280; border: none none; border-radius: 8px; cursor: not-all...
@qbs-autonaim/recruitment-assistant-extension:test:       at <anonymous> (C:\Projects\kwork\selectio\node_modules\@testing-library\dom\dist\query-helpers.js:59:30)
@qbs-autonaim/recruitment-assistant-extension:test:       at <anonymous> (C:\Projects\kwork\selectio\node_modules\@testing-library\dom\dist\query-helpers.js:95:19)
@qbs-autonaim/recruitment-assistant-extension:test:       at <anonymous> (C:\Projects\kwork\selectio\apps\recruitment-assistant-extension\src\content\ui\action-button.test.tsx:192:29)
@qbs-autonaim/recruitment-assistant-extension:test: (fail) ActionButton > ╨Ъ╨╗╨░╨▓╨╕╨░╤В╤Г╤А╨╜╨░╤П ╨╜╨░╨▓╨╕╨│╨░╤Ж╨╕╤П > ╨┤╨╛╨╗╨╢╨╡╨╜ ╨▒╤Л╤В╤М ╨╜╨░╤В╨╕╨▓╨╜╨╛╨╣ ╨║╨╜╨╛╨┐╨║╨╛╨╣ ╨┤╨╗╤П ╨░╨▓╤В╨╛╨╝╨░╤В╨╕╤З╨╡╤Б╨║╨╛╨╣ ╨┐╨╛╨┤╨┤╨╡╤А╨╢╨║╨╕ Enter ╨╕ Space [47.00ms]
@qbs-autonaim/recruitment-assistant-extension:test: 54 |       const elementStrings = els.map(element => getElementError(null, element).message).join('\n\n');
@qbs-autonaim/recruitment-assistant-extension:test: 55 |       throw getMultipleElementsFoundError(`${getMultipleError(container, ...args)}
@qbs-autonaim/recruitment-assistant-extension:test: 56 | 
@qbs-autonaim/recruitment-assistant-extension:test: 57 | Here are the matching elements:
@qbs-autonaim/recruitment-assistant-extension:test: 58 | 
@qbs-autonaim/recruitment-assistant-extension:test: 59 | ${elementStrings}`, container);
@qbs-autonaim/recruitment-assistant-extension:test:                                   ^
@qbs-autonaim/recruitment-assistant-extension:test: TestingLibraryElementError: Found multiple elements with the role "button"
@qbs-autonaim/recruitment-assistant-extension:test: 
@qbs-autonaim/recruitment-assistant-extension:test: Here are the matching elements:
@qbs-autonaim/recruitment-assistant-extension:test: 
@qbs-autonaim/recruitment-assistant-extension:test: Ignored nodes: comments, script, style
@qbs-autonaim/recruitment-assistant-extension:test: [36m<button[39m
@qbs-autonaim/recruitment-assistant-extension:test:   [33maria-busy[39m=[32m"false"[39m
@qbs-autonaim/recruitment-assistant-extension:test:   [33maria-label[39m=[32m"╨Ш╨╖╨▓╨╗╨╡╤З╤М ╨┤╨░╨╜╨╜╤Л╨╡ ╨┐╤А╨╛╤Д╨╕╨╗╤П ╨║╨░╨╜╨┤╨╕╨┤╨░╤В╨░"[39m
@qbs-autonaim/recruitment-assistant-extension:test:   [33maria-live[39m=[32m"polite"[39m
@qbs-autonaim/recruitment-assistant-extension:test:   [33mstyle[39m=[32m"min-width: 44px; min-height: 44px; padding: 12px 24px; font-size: 16px; font-weight: 500; color: #ffffff; background-color: #2563eb; border: none none; border-radius: 8px; cursor: pointer; touch-action: manipulation; transition: background-color 0.2s ease, transform 0.1s ease, box-shadow 0.2s ease; display: flex; align-items: center; justify-content: center; gap: 8px; box-shadow: 0 1px 3px 0 rgba(0, 0, 0, 0.1), 0 1px 2px -1px rgba(0, 0, 0, 0.1); position: relative; outline-color: none; outline-style: none; outline-width: initial;"[39m
@qbs-autonaim/recruitment-assistant-extension:test:   [33mtype[39m=[32m"button"[39m
@qbs-autonaim/recruitment-assistant-extension:test: [36m>[39m
@qbs-autonaim/recruitment-assistant-extension:test:   [36m<span[39m
@qbs-autonaim/recruitment-assistant-extension:test:     [33mstyle[39m=[32m"white-space: nowrap;"[39m
@qbs-autonaim/recruitment-assistant-extension:test:   [36m>[39m
@qbs-autonaim/recruitment-assistant-extension:test:     [0m╨Ш╨╖╨▓╨╗╨╡╤З╤М ╨┤╨░╨╜╨╜╤Л╨╡[0m
@qbs-autonaim/recruitment-assistant-extension:test:   [36m</span>[39m
@qbs-autonaim/recruitment-assistant-extension:test: [36m</button>[39m
@qbs-autonaim/recruitment-assistant-extension:test: 
@qbs-autonaim/recruitment-assistant-extension:test: Ignored nodes: comments, script, style
@qbs-autonaim/recruitment-assistant-extension:test: [36m<button[39m
@qbs-autonaim/recruitment-assistant-extension:test:   [33maria-busy[39m=[32m"true"[39m
@qbs-autonaim/recruitment-assistant-extension:test:   [33maria-label[39m=[32m"╨Ш╨╖╨▓╨╗╨╡╤З╤М ╨┤╨░╨╜╨╜╤Л╨╡ ╨┐╤А╨╛╤Д╨╕╨╗╤П ╨║╨░╨╜╨┤╨╕╨┤╨░╤В╨░"[39m
@qbs-autonaim/recruitment-assistant-extension:test:   [33maria-live[39m=[32m"polite"[39m
@qbs-autonaim/recruitment-assistant-extension:test:   [33mdisabled[39m=[32m""[39m
@qbs-autonaim/recruitment-assistant-extension:test:   [33mstyle[39m=[32m"min-width: 44px; min-height: 44px; padding: 12px 24px; font-size: 16px; font-weight: 500; color: #ffffff; background-color: #6b7280; border: none none; border-radius: 8px; cursor: not-allowed; touch-action: manipulation; transition: background-color 0.2s ease, transform 0.1s ease, box-shadow 0.2s ease; display: flex; align-items: center; justify-content: center; gap: 8px; box-shadow: 0 1px 3px 0 rgba(0, 0, 0, 0.1), 0 1px 2px -1px rgba(0, 0, 0, 0.1); position: relative; outline-color: none; outline-style: none; outline-width: initial;"[39m
@qbs-autonaim/recruitment-assistant-extension:test:   [33mtype[39m=[32m"button"[39m
@qbs-autonaim/recruitment-assistant-extension:test: [36m>[39m
@qbs-autonaim/recruitment-assistant-extension:test:   [36m<svg[39m
@qbs-autonaim/recruitment-assistant-extension:test:     [33maria-hidden[39m=[32m"true"[39m
@qbs-autonaim/recruitment-assistant-extension:test:     [33mfill[39m=[32m"none"[39m
@qbs-autonaim/recruitment-assistant-extension:test:     [33mrole[39m=[32m"presentation"[39m
@qbs-autonaim/recruitment-assistant-extension:test:     [33mstyle[39m=[32m"width: 16px; height: 16px; animation: spin 1s linear infinite; flex-shrink: 0;"[39m
@qbs-autonaim/recruitment-assistant-extension:test:     [33mviewBox[39m=[32m"0 0 24 24"[39m
@qbs-autonaim/recruitment-assistant-extension:test:   [36m>[39m
@qbs-autonaim/recruitment-assistant-extension:test:     [36m<circle[39m
@qbs-autonaim/recruitment-assistant-extension:test:       [33mcx[39m=[32m"12"[39m
@qbs-autonaim/recruitment-assistant-extension:test:       [33mcy[39m=[32m"12"[39m
@qbs-autonaim/recruitment-assistant-extension:test:       [33mr[39m=[32m"10"[39m
@qbs-autonaim/recruitment-assistant-extension:test:       [33mstroke[39m=[32m"currentColor"[39m
@qbs-autonaim/recruitment-assistant-extension:test:       [33mstroke-opacity[39m=[32m"0.25"[39m
@qbs-autonaim/recruitment-assistant-extension:test:       [33mstroke-width[39m=[32m"4"[39m
@qbs-autonaim/recruitment-assistant-extension:test:     [36m/>[39m
@qbs-autonaim/recruitment-assistant-extension:test:     [36m<path[39m
@qbs-autonaim/recruitment-assistant-extension:test:       [33md[39m=[32m"M4 12a8 8 0 018-8V0C5.373 0 0 5.373 0 12h4zm2 5.291A7.962 7.962 0 014 12H0c0 3.042 1.135 5.824 3 7.938l3-2.647z"[39m
@qbs-autonaim/recruitment-assistant-extension:test:       [33mfill[39m=[32m"currentColor"[39m
@qbs-autonaim/recruitment-assistant-extension:test:       [33mopacity[39m=[32m"0.75"[39m
@qbs-autonaim/recruitment-assistant-extension:test:     [36m/>[39m
@qbs-autonaim/recruitment-assistant-extension:test:   [36m</svg>[39m
@qbs-autonaim/recruitment-assistant-extension:test:   [36m<span[39m
@qbs-autonaim/recruitment-assistant-extension:test:     [33mstyle[39m=[32m"white-space: nowrap;"[39m
@qbs-autonaim/recruitment-assistant-extension:test:   [36m>[39m
@qbs-autonaim/recruitment-assistant-extension:test:     [0m╨Ш╨╖╨▓╨╗╨╡╤З╨╡╨╜╨╕╨╡ ╨┤╨░╨╜╨╜╤Л╤ЕтАж[0m
@qbs-autonaim/recruitment-assistant-extension:test:   [36m</span>[39m
@qbs-autonaim/recruitment-assistant-extension:test: [36m</button>[39m
@qbs-autonaim/recruitment-assistant-extension:test: 
@qbs-autonaim/recruitment-assistant-extension:test: Ignored nodes: comments, script, style
@qbs-autonaim/recruitment-assistant-extension:test: [36m<button[39m
@qbs-autonaim/recruitment-assistant-extension:test:   [33maria-busy[39m=[32m"true"[39m
@qbs-autonaim/recruitment-assistant-extension:test:   [33maria-label[39m=[32m"╨Ш╨╖╨▓╨╗╨╡╤З╤М ╨┤╨░╨╜╨╜╤Л╨╡ ╨┐╤А╨╛╤Д╨╕╨╗╤П ╨║╨░╨╜╨┤╨╕╨┤╨░╤В╨░"[39m
@qbs-autonaim/recruitment-assistant-extension:test:   [33maria-live[39m=[32m"polite"[39m
@qbs-autonaim/recruitment-assistant-extension:test:   [33mdisabled[39m=[32m""[39m
@qbs-autonaim/recruitment-assistant-extension:test:   [33mstyle[39m=[32m"min-width: 44px; min-height: 44px; padding: 12px 24px; font-size: 16px; font-weight: 500; color: #ffffff; background-color: #6b7280; border: none none; border-radius: 8px; cursor: not-allowed; touch-action: manipulation; transition: background-color 0.2s ease, transform 0.1s ease, box-shadow 0.2s ease; display: flex; align-items: center; justify-content: center; gap: 8px; box-shadow: 0 1px 3px 0 rgba(0, 0, 0, 0.1), 0 1px 2px -1px rgba(0, 0, 0, 0.1); position: relative; outline-color: none; outline-style: none; outline-width: initial;"[39m
@qbs-autonaim/recruitment-assistant-extension:test:   [33mtype[39m=[32m"button"[39m
@qbs-autonaim/recruitment-assistant-extension:test: [36m>[39m
@qbs-autonaim/recruitment-assistant-extension:test:   [36m<svg[39m
@qbs-autonaim/recruitment-assistant-extension:test:     [33maria-hidden[39m=[32m"true"[39m
@qbs-autonaim/recruitment-assistant-extension:test:     [33mfill[39m=[32m"none"[39m
@qbs-autonaim/recruitment-assistant-extension:test:     [33mrole[39m=[32m"presentation"[39m
@qbs-autonaim/recruitment-assistant-extension:test:     [33mstyle[39m=[32m"width: 16px; height: 16px; animation: spin 1s linear infinite; flex-shrink: 0;"[39m
@qbs-autonaim/recruitment-assistant-extension:test:     [33mviewBox[39m=[32m"0 0 24 24"[39m
@qbs-autonaim/recruitment-assistant-extension:test:   [36m>[39m
@qbs-autonaim/recruitment-assistant-extension:test:     [36m<circle[39m
@qbs-autonaim/recruitment-assistant-extension:test:       [33mcx[39m=[32m"12"[39m
@qbs-autonaim/recruitment-assistant-extension:test:       [33mcy[39m=[32m"12"[39m
@qbs-autonaim/recruitment-assistant-extension:test:       [33mr[39m=[32m"10"[39m
@qbs-autonaim/recruitment-assistant-extension:test:       [33mstroke[39m=[32m"currentColor"[39m
@qbs-autonaim/recruitment-assistant-extension:test:       [33mstroke-opacity[39m=[32m"0.25"[39m
@qbs-autonaim/recruitment-assistant-extension:test:       [33mstroke-width[39m=[32m"4"[39m
@qbs-autonaim/recruitment-assistant-extension:test:     [36m/>[39m
@qbs-autonaim/recruitment-assistant-extension:test:     [36m<path[39m
@qbs-autonaim/recruitment-assistant-extension:test:       [33md[39m=[32m"M4 12a8 8 0 018-8V0C5.373 0 0 5.373 0 12h4zm2 5.291A7.962 7.962 0 014 12H0c0 3.042 1.135 5.824 3 7.938l3-2.647z"[39m
@qbs-autonaim/recruitment-assistant-extension:test:       [33mfill[39m=[32m"currentColor"[39m
@qbs-autonaim/recruitment-assistant-extension:test:       [33mopacity[39m=[32m"0.75"[39m
@qbs-autonaim/recruitment-assistant-extension:test:     [36m/>[39m
@qbs-autonaim/recruitment-assistant-extension:test:   [36m</svg>[39m
@qbs-autonaim/recruitment-assistant-extension:test:   [36m<span[39m
@qbs-autonaim/recruitment-assistant-extension:test:     [33mstyle[39m=[32m"white-space: nowrap;"[39m
@qbs-autonaim/recruitment-assistant-extension:test:   [36m>[39m
@qbs-autonaim/recruitment-assistant-extension:test:     [0m╨Ш╨╖╨▓╨╗╨╡╤З╨╡╨╜╨╕╨╡ ╨┤╨░╨╜╨╜╤Л╤ЕтАж[0m
@qbs-autonaim/recruitment-assistant-extension:test:   [36m</span>[39m
@qbs-autonaim/recruitment-assistant-extension:test: [36m</button>[39m
@qbs-autonaim/recruitment-assistant-extension:test: 
@qbs-autonaim/recruitment-assistant-extension:test: Ignored nodes: comments, script, style
@qbs-autonaim/recruitment-assistant-extension:test: [36m<button[39m
@qbs-autonaim/recruitment-assistant-extension:test:   [33maria-busy[39m=[32m"false"[39m
@qbs-autonaim/recruitment-assistant-extension:test:   [33maria-label[39m=[32m"╨Ш╨╖╨▓╨╗╨╡╤З╤М ╨┤╨░╨╜╨╜╤Л╨╡ ╨┐╤А╨╛╤Д╨╕╨╗╤П ╨║╨░╨╜╨┤╨╕╨┤╨░╤В╨░"[39m
@qbs-autonaim/recruitment-assistant-extension:test:   [33maria-live[39m=[32m"polite"[39m
@qbs-autonaim/recruitment-assistant-extension:test:   [33mstyle[39m=[32m"min-width: 44px; min-height: 44px; padding: 12px 24px; font-size: 16px; font-weight: 500; color: #ffffff; background-color: #2563eb; border: none none; border-radius: 8px; cursor: pointer; touch-action: manipulation; transition: background-color 0.2s ease, transform 0.1s ease, box-shadow 0.2s ease; display: flex; align-items: center; justify-content: center; gap: 8px; box-shadow: 0 1px 3px 0 rgba(0, 0, 0, 0.1), 0 1px 2px -1px rgba(0, 0, 0, 0.1); position: relative; outline-color: none; outline-style: none; outline-width: initial;"[39m
@qbs-autonaim/recruitment-assistant-extension:test:   [33mtype[39m=[32m"button"[39m
@qbs-autonaim/recruitment-assistant-extension:test: [36m>[39m
@qbs-autonaim/recruitment-assistant-extension:test:   [36m<span[39m
@qbs-autonaim/recruitment-assistant-extension:test:     [33mstyle[39m=[32m"white-space: nowrap;"[39m
@qbs-autonaim/recruitment-assistant-extension:test:   [36m>[39m
@qbs-autonaim/recruitment-assistant-extension:test:     [0m╨Ш╨╖╨▓╨╗╨╡╤З╤М ╨┤╨░╨╜╨╜╤Л╨╡[0m
@qbs-autonaim/recruitment-assistant-extension:test:   [36m</span>[39m
@qbs-autonaim/recruitment-assistant-extension:test: [36m</button>[39m
@qbs-autonaim/recruitment-assistant-extension:test: 
@qbs-autonaim/recruitment-assistant-extension:test: Ignored nodes: comments, script, style
@qbs-autonaim/recruitment-assistant-extension:test: [36m<button[39m
@qbs-autonaim/recruitment-assistant-extension:test:   [33maria-busy[39m=[32m"false"[39m
@qbs-autonaim/recruitment-assistant-extension:test:   [33maria-label[39m=[32m"╨Ш╨╖╨▓╨╗╨╡╤З╤М ╨┤╨░╨╜╨╜╤Л╨╡ ╨┐╤А╨╛╤Д╨╕╨╗╤П ╨║╨░╨╜╨┤╨╕╨┤╨░╤В╨░"[39m
@qbs-autonaim/recruitment-assistant-extension:test:   [33maria-live[39m=[32m"polite"[39m
@qbs-autonaim/recruitment-assistant-extension:test:   [33mstyle[39m=[32m"min-width: 44px; min-height: 44px; padding: 12px 24px; font-size: 16px; font-weight: 500; color: #ffffff; background-color: #2563eb; border: none none; border-radius: 8px; cursor: pointer; touch-action: manipulation; transition: background-color 0.2s ease, transform 0.1s ease, box-shadow 0.2s ease; display: flex; align-items: center; justify-content: center; gap: 8px; box-shadow: 0 1px 3px 0 rgba(0, 0, 0, 0.1), 0 1px 2px -1px rgba(0, 0, 0, 0.1); position: relative; outline-color: none; outline-style: none; outline-width: initial;"[39m
@qbs-autonaim/recruitment-assistant-extension:test:   [33mtype[39m=[32m"button"[39m
@qbs-autonaim/recruitment-assistant-extension:test: [36m>[39m
@qbs-autonaim/recruitment-assistant-extension:test:   [36m<span[39m
@qbs-autonaim/recruitment-assistant-extension:test:     [33mstyle[39m=[32m"white-space: nowrap;"[39m
@qbs-autonaim/recruitment-assistant-extension:test:   [36m>[39m
@qbs-autonaim/recruitment-assistant-extension:test:     [0m╨Ш╨╖╨▓╨╗╨╡╤З╤М ╨┤╨░╨╜╨╜╤Л╨╡[0m
@qbs-autonaim/recruitment-assistant-extension:test:   [36m</span>[39m
@qbs-autonaim/recruitment-assistant-extension:test: [36m</button>[39m
@qbs-autonaim/recruitment-assistant-extension:test: 
@qbs-autonaim/recruitment-assistant-extension:test: Ignored nodes: comments, script, style
@qbs-autonaim/recruitment-assistant-extension:test: [36m<button[39m
@qbs-autonaim/recruitment-assistant-extension:test:   [33maria-busy[39m=[32m"false"[39m
@qbs-autonaim/recruitment-assistant-extension:test:   [33maria-label[39m=[32m"╨Ш╨╖╨▓╨╗╨╡╤З╤М ╨┤╨░╨╜╨╜╤Л╨╡ ╨┐╤А╨╛╤Д╨╕╨╗╤П ╨║╨░╨╜╨┤╨╕╨┤╨░╤В╨░"[39m
@qbs-autonaim/recruitment-assistant-extension:test:   [33maria-live[39m=[32m"polite"[39m
@qbs-autonaim/recruitment-assistant-extension:test:   [33mstyle[39m=[32m"min-width: 44px; min-height: 44px; padding: 12px 24px; font-size: 16px; font-weight: 500; color: #ffffff; background-color: #2563eb; border: none none; border-radius: 8px; cursor: pointer; touch-action: manipulation; transition: background-color 0.2s ease, transform 0.1s ease, box-shadow 0.2s ease; display: flex; align-items: center; justify-content: center; gap: 8px; box-shadow: 0 1px 3px 0 rgba(0, 0, 0, 0.1), 0 1px 2px -1px rgba(0, 0, 0, 0.1); position: relative; outline-color: none; outline-style: none; outline-width: initial;"[39m
@qbs-autonaim/recruitment-assistant-extension:test:   [33mtype[39m=[32m"button"[39m
@qbs-autonaim/recruitment-assistant-extension:test: [36m>[39m
@qbs-autonaim/recruitment-assistant-extension:test:   [36m<span[39m
@qbs-autonaim/recruitment-assistant-extension:test:     [33mstyle[39m=[32m"white-space: nowrap;"[39m
@qbs-autonaim/recruitment-assistant-extension:test:   [36m>[39m
@qbs-autonaim/recruitment-assistant-extension:test:     [0m╨Ш╨╖╨▓╨╗╨╡╤З╤М ╨┤╨░╨╜╨╜╤Л╨╡[0m
@qbs-autonaim/recruitment-assistant-extension:test:   [36m</span>[39m
@qbs-autonaim/recruitment-assistant-extension:test: [36m</button>[39m
@qbs-autonaim/recruitment-assistant-extension:test: 
@qbs-autonaim/recruitment-assistant-extension:test: Ignored nodes: comments, script, style
@qbs-autonaim/recruitment-assistant-extension:test: [36m<button[39m
@qbs-autonaim/recruitment-assistant-extension:test:   [33maria-busy[39m=[32m"true"[39m
@qbs-autonaim/recruitment-assistant-extension:test:   [33maria-label[39m=[32m"╨Ш╨╖╨▓╨╗╨╡╤З╤М ╨┤╨░╨╜╨╜╤Л╨╡ ╨┐╤А╨╛╤Д╨╕╨╗╤П ╨║╨░╨╜╨┤╨╕╨┤╨░╤В╨░"[39m
@qbs-autonaim/recruitment-assistant-extension:test:   [33maria-live[39m=[32m"polite"[39m
@qbs-autonaim/recruitment-assistant-extension:test:   [33mdisabled[39m=[32m""[39m
@qbs-autonaim/recruitment-assistant-extension:test:   [33mstyle[39m=[32m"min-width: 44px; min-height: 44px; padding: 12px 24px; font-size: 16px; font-weight: 500; color: #ffffff; background-color: #6b7280; border: none none; border-radius: 8px; cursor: not-allowed; touch-action: manipulation; transition: background-color 0.2s ease, transform 0.1s ease, box-shadow 0.2s ease; display: flex; align-items: center; justify-content: center; gap: 8px; box-shadow: 0 1px 3px 0 rgba(0, 0, 0, 0.1), 0 1px 2px -1px rgba(0, 0, 0, 0.1); position: relative; outline-color: none; outline-style: none; outline-width: initial;"[39m
@qbs-autonaim/recruitment-assistant-extension:test:   [33mtype[39m=[32m"button"[39m
@qbs-autonaim/recruitment-assistant-extension:test: [36m>[39m
@qbs-autonaim/recruitment-assistant-extension:test:   [36m<svg[39m
@qbs-autonaim/recruitment-assistant-extension:test:     [33maria-hidden[39m=[32m"true"[39m
@qbs-autonaim/recruitment-assistant-extension:test:     [33mfill[39m=[32m"none"[39m
@qbs-autonaim/recruitment-assistant-extension:test:     [33mrole[39m=[32m"presentation"[39m
@qbs-autonaim/recruitment-assistant-extension:test:     [33mstyle[39m=[32m"width: 16px; height: 16px; animation: spin 1s linear infinite; flex-shrink: 0;"[39m
@qbs-autonaim/recruitment-assistant-extension:test:     [33mviewBox[39m=[32m"0 0 24 24"[39m
@qbs-autonaim/recruitment-assistant-extension:test:   [36m>[39m
@qbs-autonaim/recruitment-assistant-extension:test:     [36m<circle[39m
@qbs-autonaim/recruitment-assistant-extension:test:       [33mcx[39m=[32m"12"[39m
@qbs-autonaim/recruitment-assistant-extension:test:       [33mcy[39m=[32m"12"[39m
@qbs-autonaim/recruitment-assistant-extension:test:       [33mr[39m=[32m"10"[39m
@qbs-autonaim/recruitment-assistant-extension:test:       [33mstroke[39m=[32m"currentColor"[39m
@qbs-autonaim/recruitment-assistant-extension:test:       [33mstroke-opacity[39m=[32m"0.25"[39m
@qbs-autonaim/recruitment-assistant-extension:test:       [33mstroke-width[39m=[32m"4"[39m
@qbs-autonaim/recruitment-assistant-extension:test:     [36m/>[39m
@qbs-autonaim/recruitment-assistant-extension:test:     [36m<path[39m
@qbs-autonaim/recruitment-assistant-extension:test:       [33md[39m=[32m"M4 12a8 8 0 018-8V0C5.373 0 0 5.373 0 12h4zm2 5.291A7.962 7.962 0 014 12H0c0 3.042 1.135 5.824 3 7.938l3-2.647z"[39m
@qbs-autonaim/recruitment-assistant-extension:test:       [33mfill[39m=[32m"currentColor"[39m
@qbs-autonaim/recruitment-assistant-extension:test:       [33mopacity[39m=[32m"0.75"[39m
@qbs-autonaim/recruitment-assistant-extension:test:     [36m/>[39m
@qbs-autonaim/recruitment-assistant-extension:test:   [36m</svg>[39m
@qbs-autonaim/recruitment-assistant-extension:test:   [36m<span[39m
@qbs-autonaim/recruitment-assistant-extension:test:     [33mstyle[39m=[32m"white-space: nowrap;"[39m
@qbs-autonaim/recruitment-assistant-extension:test:   [36m>[39m
@qbs-autonaim/recruitment-assistant-extension:test:     [0m╨Ш╨╖╨▓╨╗╨╡╤З╨╡╨╜╨╕╨╡ ╨┤╨░╨╜╨╜╤Л╤ЕтАж[0m
@qbs-autonaim/recruitment-assistant-extension:test:   [36m</span>[39m
@qbs-autonaim/recruitment-assistant-extension:test: [36m</button>[39m
@qbs-autonaim/recruitment-assistant-extension:test: 
@qbs-autonaim/recruitment-assistant-extension:test: Ignored nodes: comments, script, style
@qbs-autonaim/recruitment-assistant-extension:test: [36m<button[39m
@qbs-autonaim/recruitment-assistant-extension:test:   [33maria-busy[39m=[32m"false"[39m
@qbs-autonaim/recruitment-assistant-extension:test:   [33maria-label[39m=[32m"╨Ш╨╖╨▓╨╗╨╡╤З╤М ╨┤╨░╨╜╨╜╤Л╨╡ ╨┐╤А╨╛╤Д╨╕╨╗╤П ╨║╨░╨╜╨┤╨╕╨┤╨░╤В╨░"[39m
@qbs-autonaim/recruitment-assistant-extension:test:   [33maria-live[39m=[32m"polite"[39m
@qbs-autonaim/recruitment-assistant-extension:test:   [33mstyle[39m=[32m"min-width: 44px; min-height: 44px; padding: 12px 24px; font-size: 16px; font-weight: 500; color: #ffffff; background-color: #2563eb; border: none none; border-radius: 8px; cursor: pointer; touch-action: manipulation; transition: background-color 0.2s ease, transform 0.1s ease, box-shadow 0.2s ease; display: flex; align-items: center; justify-content: center; gap: 8px; box-shadow: 0 1px 3px 0 rgba(0, 0, 0, 0.1), 0 1px 2px -1px rgba(0, 0, 0, 0.1); position: relative; outline-color: none; outline-style: none; outline-width: initial;"[39m
@qbs-autonaim/recruitment-assistant-extension:test:   [33mtype[39m=[32m"button"[39m
@qbs-autonaim/recruitment-assistant-extension:test: [36m>[39m
@qbs-autonaim/recruitment-assistant-extension:test:   [36m<span[39m
@qbs-autonaim/recruitment-assistant-extension:test:     [33mstyle[39m=[32m"white-space: nowrap;"[39m
@qbs-autonaim/recruitment-assistant-extension:test:   [36m>[39m
@qbs-autonaim/recruitment-assistant-extension:test:     [0m╨Ш╨╖╨▓╨╗╨╡╤З╤М ╨┤╨░╨╜╨╜╤Л╨╡[0m
@qbs-autonaim/recruitment-assistant-extension:test:   [36m</span>[39m
@qbs-autonaim/recruitment-assistant-extension:test: [36m</button>[39m
@qbs-autonaim/recruitment-assistant-extension:test: 
@qbs-autonaim/recruitment-assistant-extension:test: Ignored nodes: comments, script, style
@qbs-autonaim/recruitment-assistant-extension:test: [36m<button[39m
@qbs-autonaim/recruitment-assistant-extension:test:   [33maria-busy[39m=[32m"true"[39m
@qbs-autonaim/recruitment-assistant-extension:test:   [33maria-label[39m=[32m"╨Ш╨╖╨▓╨╗╨╡╤З╤М ╨┤╨░╨╜╨╜╤Л╨╡ ╨┐╤А╨╛╤Д╨╕╨╗╤П ╨║╨░╨╜╨┤╨╕╨┤╨░╤В╨░"[39m
@qbs-autonaim/recruitment-assistant-extension:test:   [33maria-live[39m=[32m"polite"[39m
@qbs-autonaim/recruitment-assistant-extension:test:   [33mdisabled[39m=[32m""[39m
@qbs-autonaim/recruitment-assistant-extension:test:   [33mstyle[39m=[32m"min-width: 44px; min-height: 44px; padding: 12px 24px; font-size: 16px; font-weight: 500; color: #ffffff; background-color: #6b7280; border: none none; border-radius: 8px; cursor: not-allowed; touch-action: manipulation; transition: background-color 0.2s ease, transform 0.1s ease, box-shadow 0.2s ease; display: flex; align-items: center; justify-content: center; gap: 8px; box-shadow: 0 1px 3px 0 rgba(0, 0, 0, 0.1), 0 1px 2px -1px rgba(0, 0, 0, 0.1); position: relative; outline-color: none; outline-style: none; outline-width: initial;"[39m
@qbs-autonaim/recruitment-assistant-extension:test:   [33mtype[39m=[32m"button"[39m
@qbs-autonaim/recruitment-assistant-extension:test: [36m>[39m
@qbs-autonaim/recruitment-assistant-extension:test:   [36m<svg[39m
@qbs-autonaim/recruitment-assistant-extension:test:     [33maria-hidden[39m=[32m"true"[39m
@qbs-autonaim/recruitment-assistant-extension:test:     [33mfill[39m=[32m"none"[39m
@qbs-autonaim/recruitment-assistant-extension:test:     [33mrole[39m=[32m"presentation"[39m
@qbs-autonaim/recruitment-assistant-extension:test:     [33mstyle[39m=[32m"width: 16px; height: 16px; animation: spin 1s linear infinite; flex-shrink: 0;"[39m
@qbs-autonaim/recruitment-assistant-extension:test:     [33mviewBox[39m=[32m"0 0 24 24"[39m
@qbs-autonaim/recruitment-assistant-extension:test:   [36m>[39m
@qbs-autonaim/recruitment-assistant-extension:test:     [36m<circle[39m
@qbs-autonaim/recruitment-assistant-extension:test:       [33mcx[39m=[32m"12"[39m
@qbs-autonaim/recruitment-assistant-extension:test:       [33mcy[39m=[32m"12"[39m
@qbs-autonaim/recruitment-assistant-extension:test:       [33mr[39m=[32m"10"[39m
@qbs-autonaim/recruitment-assistant-extension:test:       [33mstroke[39m=[32m"currentColor"[39m
@qbs-autonaim/recruitment-assistant-extension:test:       [33mstroke-opacity[39m=[32m"0.25"[39m
@qbs-autonaim/recruitment-assistant-extension:test:       [33mstroke-width[39m=[32m"4"[39m
@qbs-autonaim/recruitment-assistant-extension:test:     [36m/>[39m
@qbs-autonaim/recruitment-assistant-extension:test:     [36m<path[39m
@qbs-autonaim/recruitment-assistant-extension:test:       [33md[39m=[32m"M4 12a8 8 0 018-8V0C5.373 0 0 5.373 0 12h4zm2 5.291A7.962 7.962 0 014 12H0c0 3.042 1.135 5.824 3 7.938l3-2.647z"[39m
@qbs-autonaim/recruitment-assistant-extension:test:       [33mfill[39m=[32m"currentColor"[39m
@qbs-autonaim/recruitment-assistant-extension:test:       [33mopacity[39m=[32m"0.75"[39m
@qbs-autonaim/recruitment-assistant-extension:test:     [36m/>[39m
@qbs-autonaim/recruitment-assistant-extension:test:   [36m</svg>[39m
@qbs-autonaim/recruitment-assistant-extension:test:   [36m<span[39m
@qbs-autonaim/recruitment-assistant-extension:test:     [33mstyle[39m=[32m"white-space: nowrap;"[39m
@qbs-autonaim/recruitment-assistant-extension:test:   [36m>[39m
@qbs-autonaim/recruitment-assistant-extension:test:     [0m╨Ш╨╖╨▓╨╗╨╡╤З╨╡╨╜╨╕╨╡ ╨┤╨░╨╜╨╜╤Л╤ЕтАж[0m
@qbs-autonaim/recruitment-assistant-extension:test:   [36m</span>[39m
@qbs-autonaim/recruitment-assistant-extension:test: [36m</button>[39m
@qbs-autonaim/recruitment-assistant-extension:test: 
@qbs-autonaim/recruitment-assistant-extension:test: Ignored nodes: comments, script, style
@qbs-autonaim/recruitment-assistant-extension:test: [36m<button[39m
@qbs-autonaim/recruitment-assistant-extension:test:   [33maria-busy[39m=[32m"false"[39m
@qbs-autonaim/recruitment-assistant-extension:test:   [33maria-label[39m=[32m"╨Ш╨╖╨▓╨╗╨╡╤З╤М ╨┤╨░╨╜╨╜╤Л╨╡ ╨┐╤А╨╛╤Д╨╕╨╗╤П ╨║╨░╨╜╨┤╨╕╨┤╨░╤В╨░"[39m
@qbs-autonaim/recruitment-assistant-extension:test:   [33maria-live[39m=[32m"polite"[39m
@qbs-autonaim/recruitment-assistant-extension:test:   [33mstyle[39m=[32m"min-width: 44px; min-height: 44px; padding: 12px 24px; font-size: 16px; font-weight: 500; color: #ffffff; background-color: #2563eb; border: none none; border-radius: 8px; cursor: pointer; touch-action: manipulation; transition: background-color 0.2s ease, transform 0.1s ease, box-shadow 0.2s ease; display: flex; align-items: center; justify-content: center; gap: 8px; box-shadow: 0 1px 3px 0 rgba(0, 0, 0, 0.1), 0 1px 2px -1px rgba(0, 0, 0, 0.1); position: relative; outline-color: none; outline-style: none; outline-width: initial;"[39m
@qbs-autonaim/recruitment-assistant-extension:test:   [33mtype[39m=[32m"button"[39m
@qbs-autonaim/recruitment-assistant-extension:test: [36m>[39m
@qbs-autonaim/recruitment-assistant-extension:test:   [36m<span[39m
@qbs-autonaim/recruitment-assistant-extension:test:     [33mstyle[39m=[32m"white-space: nowrap;"[39m
@qbs-autonaim/recruitment-assistant-extension:test:   [36m>[39m
@qbs-autonaim/recruitment-assistant-extension:test:     [0m╨Ш╨╖╨▓╨╗╨╡╤З╤М ╨┤╨░╨╜╨╜╤Л╨╡[0m
@qbs-autonaim/recruitment-assistant-extension:test:   [36m</span>[39m
@qbs-autonaim/recruitment-assistant-extension:test: [36m</button>[39m
@qbs-autonaim/recruitment-assistant-extension:test: 
@qbs-autonaim/recruitment-assistant-extension:test: Ignored nodes: comments, script, style
@qbs-autonaim/recruitment-assistant-extension:test: [36m<button[39m
@qbs-autonaim/recruitment-assistant-extension:test:   [33maria-busy[39m=[32m"true"[39m
@qbs-autonaim/recruitment-assistant-extension:test:   [33maria-label[39m=[32m"╨Ш╨╖╨▓╨╗╨╡╤З╤М ╨┤╨░╨╜╨╜╤Л╨╡ ╨┐╤А╨╛╤Д╨╕╨╗╤П ╨║╨░╨╜╨┤╨╕╨┤╨░╤В╨░"[39m
@qbs-autonaim/recruitment-assistant-extension:test:   [33maria-live[39m=[32m"polite"[39m
@qbs-autonaim/recruitment-assistant-extension:test:   [33mdisabled[39m=[32m""[39m
@qbs-autonaim/recruitment-assistant-extension:test:   [33mstyle[39m=[32m"min-width: 44px; min-height: 44px; padding: 12px 24px; font-size: 16px; font-weight: 500; color: #ffffff; background-color: #6b7280; border: none none; border-radius: 8px; cursor: not-allowed; touch-action: manipulation; transition: background-color 0.2s ease, transform 0.1s ease, box-shadow 0.2s ease; display: flex; align-items: center; justify-content: center; gap: 8px; box-shadow: 0 1px 3px 0 rgba(0, 0, 0, 0.1), 0 1px 2px -1px rgba(0, 0, 0, 0.1); position: relative; outline-color: none; outline-style: none; outline-width: initial;"[39m
@qbs-autonaim/recruitment-assistant-extension:test:   [33mtype[39m=[32m"button"[39m
@qbs-autonaim/recruitment-assistant-extension:test: [36m>[39m
@qbs-autonaim/recruitment-assistant-extension:test:   [36m<svg[39m
@qbs-autonaim/recruitment-assistant-extension:test:     [33maria-hidden[39m=[32m"true"[39m
@qbs-autonaim/recruitment-assistant-extension:test:     [33mfill[39m=[32m"none"[39m
@qbs-autonaim/recruitment-assistant-extension:test:     [33mrole[39m=[32m"presentation"[39m
@qbs-autonaim/recruitment-assistant-extension:test:     [33mstyle[39m=[32m"width: 16px; height: 16px; animation: spin 1s linear infinite; flex-shrink: 0;"[39m
@qbs-autonaim/recruitment-assistant-extension:test:     [33mviewBox[39m=[32m"0 0 24 24"[39m
@qbs-autonaim/recruitment-assistant-extension:test:   [36m>[39m
@qbs-autonaim/recruitment-assistant-extension:test:     [36m<circle[39m
@qbs-autonaim/recruitment-assistant-extension:test:       [33mcx[39m=[32m"12"[39m
@qbs-autonaim/recruitment-assistant-extension:test:       [33mcy[39m=[32m"12"[39m
@qbs-autonaim/recruitment-assistant-extension:test:       [33mr[39m=[32m"10"[39m
@qbs-autonaim/recruitment-assistant-extension:test:       [33mstroke[39m=[32m"currentColor"[39m
@qbs-autonaim/recruitment-assistant-extension:test:       [33mstroke-opacity[39m=[32m"0.25"[39m
@qbs-autonaim/recruitment-assistant-extension:test:       [33mstroke-width[39m=[32m"4"[39m
@qbs-autonaim/recruitment-assistant-extension:test:     [36m/>[39m
@qbs-autonaim/recruitment-assistant-extension:test:     [36m<path[39m
@qbs-autonaim/recruitment-assistant-extension:test:       [33md[39m=[32m"M4 12a8 8 0 018-8V0C5.373 0 0 5.373 0 12h4zm2 5.291A7.962 7.962 0 014 12H0c0 3.042 1.135 5.824 3 7.938l3-2.647z"[39m
@qbs-autonaim/recruitment-assistant-extension:test:       [33mfill[39m=[32m"currentColor"[39m
@qbs-autonaim/recruitment-assistant-extension:test:       [33mopacity[39m=[32m"0.75"[39m
@qbs-autonaim/recruitment-assistant-extension:test:     [36m/>[39m
@qbs-autonaim/recruitment-assistant-extension:test:   [36m</svg>[39m
@qbs-autonaim/recruitment-assistant-extension:test:   [36m<span[39m
@qbs-autonaim/recruitment-assistant-extension:test:     [33mstyle[39m=[32m"white-space: nowrap;"[39m
@qbs-autonaim/recruitment-assistant-extension:test:   [36m>[39m
@qbs-autonaim/recruitment-assistant-extension:test:     [0m╨Ш╨╖╨▓╨╗╨╡╤З╨╡╨╜╨╕╨╡ ╨┤╨░╨╜╨╜╤Л╤ЕтАж[0m
@qbs-autonaim/recruitment-assistant-extension:test:   [36m</span>[39m
@qbs-autonaim/recruitment-assistant-extension:test: [36m</button>[39m
@qbs-autonaim/recruitment-assistant-extension:test: 
@qbs-autonaim/recruitment-assistant-extension:test: Ignored nodes: comments, script, style
@qbs-autonaim/recruitment-assistant-extension:test: [36m<button[39m
@qbs-autonaim/recruitment-assistant-extension:test:   [33maria-busy[39m=[32m"true"[39m
@qbs-autonaim/recruitment-assistant-extension:test:   [33maria-label[39m=[32m"╨Ш╨╖╨▓╨╗╨╡╤З╤М ╨┤╨░╨╜╨╜╤Л╨╡ ╨┐╤А╨╛╤Д╨╕╨╗╤П ╨║╨░╨╜╨┤╨╕╨┤╨░╤В╨░"[39m
@qbs-autonaim/recruitment-assistant-extension:test:   [33maria-live[39m=[32m"polite"[39m
@qbs-autonaim/recruitment-assistant-extension:test:   [33mdisabled[39m=[32m""[39m
@qbs-autonaim/recruitment-assistant-extension:test:   [33mstyle[39m=[32m"min-width: 44px; min-height: 44px; padding: 12px 24px; font-size: 16px; font-weight: 500; color: #ffffff; background-color: #6b7280; border: none none; border-radius: 8px; cursor: not-allowed; touch-action: manipulation; transition: background-color 0.2s ease, transform 0.1s ease, box-shadow 0.2s ease; display: flex; align-items: center; justify-content: center; gap: 8px; box-shadow: 0 1px 3px 0 rgba(0, 0, 0, 0.1), 0 1px 2px -1px rgba(0, 0, 0, 0.1); position: relative; outline-color: none; outline-style: none; outline-width: initial;"[39m
@qbs-autonaim/recruitment-assistant-extension:test:   [33mtype[39m=[32m"button"[39m
@qbs-autonaim/recruitment-assistant-extension:test: [36m>[39m
@qbs-autonaim/recruitment-assistant-extension:test:   [36m<svg[39m
@qbs-autonaim/recruitment-assistant-extension:test:     [33maria-hidden[39m=[32m"true"[39m
@qbs-autonaim/recruitment-assistant-extension:test:     [33mfill[39m=[32m"none"[39m
@qbs-autonaim/recruitment-assistant-extension:test:     [33mrole[39m=[32m"presentation"[39m
@qbs-autonaim/recruitment-assistant-extension:test:     [33mstyle[39m=[32m"width: 16px; height: 16px; animation: spin 1s linear infinite; flex-shrink: 0;"[39m
@qbs-autonaim/recruitment-assistant-extension:test:     [33mviewBox[39m=[32m"0 0 24 24"[39m
@qbs-autonaim/recruitment-assistant-extension:test:   [36m>[39m
@qbs-autonaim/recruitment-assistant-extension:test:     [36m<circle[39m
@qbs-autonaim/recruitment-assistant-extension:test:       [33mcx[39m=[32m"12"[39m
@qbs-autonaim/recruitment-assistant-extension:test:       [33mcy[39m=[32m"12"[39m
@qbs-autonaim/recruitment-assistant-extension:test:       [33mr[39m=[32m"10"[39m
@qbs-autonaim/recruitment-assistant-extension:test:       [33mstroke[39m=[32m"currentColor"[39m
@qbs-autonaim/recruitment-assistant-extension:test:       [33mstroke-opacity[39m=[32m"0.25"[39m
@qbs-autonaim/recruitment-assistant-extension:test:       [33mstroke-width[39m=[32m"4"[39m
@qbs-autonaim/recruitment-assistant-extension:test:     [36m/>[39m
@qbs-autonaim/recruitment-assistant-extension:test:     [36m<path[39m
@qbs-autonaim/recruitment-assistant-extension:test:       [33md[39m=[32m"M4 12a8 8 0 018-8V0C5.373 0 0 5.373 0 12h4zm2 5.291A7.962 7.962 0 014 12H0c0 3.042 1.135 5.824 3 7.938l3-2.647z"[39m
@qbs-autonaim/recruitment-assistant-extension:test:       [33mfill[39m=[32m"currentColor"[39m
@qbs-autonaim/recruitment-assistant-extension:test:       [33mopacity[39m=[32m"0.75"[39m
@qbs-autonaim/recruitment-assistant-extension:test:     [36m/>[39m
@qbs-autonaim/recruitment-assistant-extension:test:   [36m</svg>[39m
@qbs-autonaim/recruitment-assistant-extension:test:   [36m<span[39m
@qbs-autonaim/recruitment-assistant-extension:test:     [33mstyle[39m=[32m"white-space: nowrap;"[39m
@qbs-autonaim/recruitment-assistant-extension:test:   [36m>[39m
@qbs-autonaim/recruitment-assistant-extension:test:     [0m╨Ш╨╖╨▓╨╗╨╡╤З╨╡╨╜╨╕╨╡ ╨┤╨░╨╜╨╜╤Л╤ЕтАж[0m
@qbs-autonaim/recruitment-assistant-extension:test:   [36m</span>[39m
@qbs-autonaim/recruitment-assistant-extension:test: [36m</button>[39m
@qbs-autonaim/recruitment-assistant-extension:test: 
@qbs-autonaim/recruitment-assistant-extension:test: Ignored nodes: comments, script, style
@qbs-autonaim/recruitment-assistant-extension:test: [36m<button[39m
@qbs-autonaim/recruitment-assistant-extension:test:   [33maria-busy[39m=[32m"false"[39m
@qbs-autonaim/recruitment-assistant-extension:test:   [33maria-label[39m=[32m"╨Ш╨╖╨▓╨╗╨╡╤З╤М ╨┤╨░╨╜╨╜╤Л╨╡ ╨┐╤А╨╛╤Д╨╕╨╗╤П ╨║╨░╨╜╨┤╨╕╨┤╨░╤В╨░"[39m
@qbs-autonaim/recruitment-assistant-extension:test:   [33maria-live[39m=[32m"polite"[39m
@qbs-autonaim/recruitment-assistant-extension:test:   [33mstyle[39m=[32m"min-width: 44px; min-height: 44px; padding: 12px 24px; font-size: 16px; font-weight: 500; color: #ffffff; background-color: #2563eb; border: none none; border-radius: 8px; cursor: pointer; touch-action: manipulation; transition: background-color 0.2s ease, transform 0.1s ease, box-shadow 0.2s ease; display: flex; align-items: center; justify-content: center; gap: 8px; box-shadow: 0 1px 3px 0 rgba(0, 0, 0, 0.1), 0 1px 2px -1px rgba(0, 0, 0, 0.1); position: relative; outline-color: none; outline-style: none; outline-width: initial;"[39m
@qbs-autonaim/recruitment-assistant-extension:test:   [33mtype[39m=[32m"button"[39m
@qbs-autonaim/recruitment-assistant-extension:test: [36m>[39m
@qbs-autonaim/recruitment-assistant-extension:test:   [36m<span[39m
@qbs-autonaim/recruitment-assistant-extension:test:     [33mstyle[39m=[32m"white-space: nowrap;"[39m
@qbs-autonaim/recruitment-assistant-extension:test:   [36m>[39m
@qbs-autonaim/recruitment-assistant-extension:test:     [0m╨Ш╨╖╨▓╨╗╨╡╤З╤М ╨┤╨░╨╜╨╜╤Л╨╡[0m
@qbs-autonaim/recruitment-assistant-extension:test:   [36m</span>[39m
@qbs-autonaim/recruitment-assistant-extension:test: [36m</button>[39m
@qbs-autonaim/recruitment-assistant-extension:test: 
@qbs-autonaim/recruitment-assistant-extension:test: Ignored nodes: comments, script, style
@qbs-autonaim/recruitment-assistant-extension:test: [36m<button[39m
@qbs-autonaim/recruitment-assistant-extension:test:   [33maria-busy[39m=[32m"false"[39m
@qbs-autonaim/recruitment-assistant-extension:test:   [33maria-label[39m=[32m"╨Ш╨╖╨▓╨╗╨╡╤З╤М ╨┤╨░╨╜╨╜╤Л╨╡ ╨┐╤А╨╛╤Д╨╕╨╗╤П ╨║╨░╨╜╨┤╨╕╨┤╨░╤В╨░"[39m
@qbs-autonaim/recruitment-assistant-extension:test:   [33maria-live[39m=[32m"polite"[39m
@qbs-autonaim/recruitment-assistant-extension:test:   [33mstyle[39m=[32m"min-width: 44px; min-height: 44px; padding: 12px 24px; font-size: 16px; font-weight: 500; color: #ffffff; background-color: #2563eb; border: none none; border-radius: 8px; cursor: pointer; touch-action: manipulation; transition: background-color 0.2s ease, transform 0.1s ease, box-shadow 0.2s ease; display: flex; align-items: center; justify-content: center; gap: 8px; box-shadow: 0 1px 3px 0 rgba(0, 0, 0, 0.1), 0 1px 2px -1px rgba(0, 0, 0, 0.1); position: relative; outline-color: none; outline-style: none; outline-width: initial;"[39m
@qbs-autonaim/recruitment-assistant-extension:test:   [33mtype[39m=[32m"button"[39m
@qbs-autonaim/recruitment-assistant-extension:test: [36m>[39m
@qbs-autonaim/recruitment-assistant-extension:test:   [36m<span[39m
@qbs-autonaim/recruitment-assistant-extension:test:     [33mstyle[39m=[32m"white-space: nowrap;"[39m
@qbs-autonaim/recruitment-assistant-extension:test:   [36m>[39m
@qbs-autonaim/recruitment-assistant-extension:test:     [0m╨Ш╨╖╨▓╨╗╨╡╤З╤М ╨┤╨░╨╜╨╜╤Л╨╡[0m
@qbs-autonaim/recruitment-assistant-extension:test:   [36m</span>[39m
@qbs-autonaim/recruitment-assistant-extension:test: [36m</button>[39m
@qbs-autonaim/recruitment-assistant-extension:test: 
@qbs-autonaim/recruitment-assistant-extension:test: Ignored nodes: comments, script, style
@qbs-autonaim/recruitment-assistant-extension:test: [36m<button[39m
@qbs-autonaim/recruitment-assistant-extension:test:   [33maria-busy[39m=[32m"false"[39m
@qbs-autonaim/recruitment-assistant-extension:test:   [33maria-label[39m=[32m"╨Ш╨╖╨▓╨╗╨╡╤З╤М ╨┤╨░╨╜╨╜╤Л╨╡ ╨┐╤А╨╛╤Д╨╕╨╗╤П ╨║╨░╨╜╨┤╨╕╨┤╨░╤В╨░"[39m
@qbs-autonaim/recruitment-assistant-extension:test:   [33maria-live[39m=[32m"polite"[39m
@qbs-autonaim/recruitment-assistant-extension:test:   [33mstyle[39m=[32m"min-width: 44px; min-height: 44px; padding: 12px 24px; font-size: 16px; font-weight: 500; color: #ffffff; background-color: #2563eb; border: none none; border-radius: 8px; cursor: pointer; touch-action: manipulation; transition: background-color 0.2s ease, transform 0.1s ease, box-shadow 0.2s ease; display: flex; align-items: center; justify-content: center; gap: 8px; box-shadow: 0 1px 3px 0 rgba(0, 0, 0, 0.1), 0 1px 2px -1px rgba(0, 0, 0, 0.1); position: relative; outline-color: none; outline-style: none; outline-width: initial;"[39m
@qbs-autonaim/recruitment-assistant-extension:test:   [33mtype[39m=[32m"button"[39m
@qbs-autonaim/recruitment-assistant-extension:test: [36m>[39m
@qbs-autonaim/recruitment-assistant-extension:test:   [36m<span[39m
@qbs-autonaim/recruitment-assistant-extension:test:     [33mstyle[39m=[32m"white-space: nowrap;"[39m
@qbs-autonaim/recruitment-assistant-extension:test:   [36m>[39m
@qbs-autonaim/recruitment-assistant-extension:test:     [0m╨Ш╨╖╨▓╨╗╨╡╤З╤М ╨┤╨░╨╜╨╜╤Л╨╡[0m
@qbs-autonaim/recruitment-assistant-extension:test:   [36m</span>[39m
@qbs-autonaim/recruitment-assistant-extension:test: [36m</button>[39m
@qbs-autonaim/recruitment-assistant-extension:test: 
@qbs-autonaim/recruitment-assistant-extension:test: Ignored nodes: comments, script, style
@qbs-autonaim/recruitment-assistant-extension:test: [36m<button[39m
@qbs-autonaim/recruitment-assistant-extension:test:   [33maria-busy[39m=[32m"false"[39m
@qbs-autonaim/recruitment-assistant-extension:test:   [33maria-label[39m=[32m"╨Ш╨╖╨▓╨╗╨╡╤З╤М ╨┤╨░╨╜╨╜╤Л╨╡ ╨┐╤А╨╛╤Д╨╕╨╗╤П ╨║╨░╨╜╨┤╨╕╨┤╨░╤В╨░"[39m
@qbs-autonaim/recruitment-assistant-extension:test:   [33maria-live[39m=[32m"polite"[39m
@qbs-autonaim/recruitment-assistant-extension:test:   [33mstyle[39m=[32m"min-width: 44px; min-height: 44px; padding: 12px 24px; font-size: 16px; font-weight: 500; color: #ffffff; background-color: #2563eb; border: none none; border-radius: 8px; cursor: pointer; touch-action: manipulation; transition: background-color 0.2s ease, transform 0.1s ease, box-shadow 0.2s ease; display: flex; align-items: center; justify-content: center; gap: 8px; box-shadow: 0 1px 3px 0 rgba(0, 0, 0, 0.1), 0 1px 2px -1px rgba(0, 0, 0, 0.1); position: relative; outline-color: none; outline-style: none; outline-width: initial;"[39m
@qbs-autonaim/recruitment-assistant-extension:test:   [33mtype[39m=[32m"button"[39m
@qbs-autonaim/recruitment-assistant-extension:test: [36m>[39m
@qbs-autonaim/recruitment-assistant-extension:test:   [36m<span[39m
@qbs-autonaim/recruitment-assistant-extension:test:     [33mstyle[39m=[32m"white-space: nowrap;"[39m
@qbs-autonaim/recruitment-assistant-extension:test:   [36m>[39m
@qbs-autonaim/recruitment-assistant-extension:test:     [0m╨Ш╨╖╨▓╨╗╨╡╤З╤М ╨┤╨░╨╜╨╜╤Л╨╡[0m
@qbs-autonaim/recruitment-assistant-extension:test:   [36m</span>[39m
@qbs-autonaim/recruitment-assistant-extension:test: [36m</button>[39m
@qbs-autonaim/recruitment-assistant-extension:test: 
@qbs-autonaim/recruitment-assistant-extension:test: Ignored nodes: comments, script, style
@qbs-autonaim/recruitment-assistant-extension:test: [36m<button[39m
@qbs-autonaim/recruitment-assistant-extension:test:   [33maria-busy[39m=[32m"false"[39m
@qbs-autonaim/recruitment-assistant-extension:test:   [33maria-label[39m=[32m"╨Ш╨╖╨▓╨╗╨╡╤З╤М ╨┤╨░╨╜╨╜╤Л╨╡ ╨┐╤А╨╛╤Д╨╕╨╗╤П ╨║╨░╨╜╨┤╨╕╨┤╨░╤В╨░"[39m
@qbs-autonaim/recruitment-assistant-extension:test:   [33maria-live[39m=[32m"polite"[39m
@qbs-autonaim/recruitment-assistant-extension:test:   [33mstyle[39m=[32m"min-width: 44px; min-height: 44px; padding: 12px 24px; font-size: 16px; font-weight: 500; color: #ffffff; background-color: #2563eb; border: none none; border-radius: 8px; cursor: pointer; touch-action: manipulation; transition: background-color 0.2s ease, transform 0.1s ease, box-shadow 0.2s ease; display: flex; align-items: center; justify-content: center; gap: 8px; box-shadow: 0 1px 3px 0 rgba(0, 0, 0, 0.1), 0 1px 2px -1px rgba(0, 0, 0, 0.1); position: relative; outline-color: none; outline-style: none; outline-width: initial;"[39m
@qbs-autonaim/recruitment-assistant-extension:test:   [33mtype[39m=[32m"button"[39m
@qbs-autonaim/recruitment-assistant-extension:test: [36m>[39m
@qbs-autonaim/recruitment-assistant-extension:test:   [36m<span[39m
@qbs-autonaim/recruitment-assistant-extension:test:     [33mstyle[39m=[32m"white-space: nowrap;"[39m
@qbs-autonaim/recruitment-assistant-extension:test:   [36m>[39m
@qbs-autonaim/recruitment-assistant-extension:test:     [0m╨Ш╨╖╨▓╨╗╨╡╤З╤М ╨┤╨░╨╜╨╜╤Л╨╡[0m
@qbs-autonaim/recruitment-assistant-extension:test:   [36m</span>[39m
@qbs-autonaim/recruitment-assistant-extension:test: [36m</button>[39m
@qbs-autonaim/recruitment-assistant-extension:test: 
@qbs-autonaim/recruitment-assistant-extension:test: Ignored nodes: comments, script, style
@qbs-autonaim/recruitment-assistant-extension:test: [36m<button[39m
@qbs-autonaim/recruitment-assistant-extension:test:   [33maria-busy[39m=[32m"true"[39m
@qbs-autonaim/recruitment-assistant-extension:test:   [33maria-label[39m=[32m"╨Ш╨╖╨▓╨╗╨╡╤З╤М ╨┤╨░╨╜╨╜╤Л╨╡ ╨┐╤А╨╛╤Д╨╕╨╗╤П ╨║╨░╨╜╨┤╨╕╨┤╨░╤В╨░"[39m
@qbs-autonaim/recruitment-assistant-extension:test:   [33maria-live[39m=[32m"polite"[39m
@qbs-autonaim/recruitment-assistant-extension:test:   [33mdisabled[39m=[32m""[39m
@qbs-autonaim/recruitment-assistant-extension:test:   [33mstyle[39m=[32m"min-width: 44px; min-height: 44px; padding: 12px 24px; font-size: 16px; font-weight: 500; color: #ffffff; background-color: #6b7280; border: none none; border-radius: 8px; cursor: not-allowed; touch-action: manipulation; transition: background-color 0.2s ease, transform 0.1s ease, box-shadow 0.2s ease; display: flex; align-items: center; justify-content: center; gap: 8px; box-shadow: 0 1px 3px 0 rgba(0, 0, 0, 0.1), 0 1px 2px -1px rgba(0, 0, 0, 0.1); position: relative; outline-color: none; outline-style: none; outline-width: initial;"[39m
@qbs-autonaim/recruitment-assistant-extension:test:   [33mtype[39m=[32m"button"[39m
@qbs-autonaim/recruitment-assistant-extension:test: [36m>[39m
@qbs-autonaim/recruitment-assistant-extension:test:   [36m<svg[39m
@qbs-autonaim/recruitment-assistant-extension:test:     [33maria-hidden[39m=[32m"true"[39m
@qbs-autonaim/recruitment-assistant-extension:test:     [33mfill[39m=[32m"none"[39m
@qbs-autonaim/recruitment-assistant-extension:test:     [33mrole[39m=[32m"presentation"[39m
@qbs-autonaim/recruitment-assistant-extension:test:     [33mstyle[39m=[32m"width: 16px; height: 16px; animation: spin 1s linear infinite; flex-shrink: 0;"[39m
@qbs-autonaim/recruitment-assistant-extension:test:     [33mviewBox[39m=[32m"0 0 24 24"[39m
@qbs-autonaim/recruitment-assistant-extension:test:   [36m>[39m
@qbs-autonaim/recruitment-assistant-extension:test:     [36m<circle[39m
@qbs-autonaim/recruitment-assistant-extension:test:       [33mcx[39m=[32m"12"[39m
@qbs-autonaim/recruitment-assistant-extension:test:       [33mcy[39m=[32m"12"[39m
@qbs-autonaim/recruitment-assistant-extension:test:       [33mr[39m=[32m"10"[39m
@qbs-autonaim/recruitment-assistant-extension:test:       [33mstroke[39m=[32m"currentColor"[39m
@qbs-autonaim/recruitment-assistant-extension:test:       [33mstroke-opacity[39m=[32m"0.25"[39m
@qbs-autonaim/recruitment-assistant-extension:test:       [33mstroke-width[39m=[32m"4"[39m
@qbs-autonaim/recruitment-assistant-extension:test:     [36m/>[39m
@qbs-autonaim/recruitment-assistant-extension:test:     [36m<path[39m
@qbs-autonaim/recruitment-assistant-extension:test:       [33md[39m=[32m"M4 12a8 8 0 018-8V0C5.373 0 0 5.373 0 12h4zm2 5.291A7.962 7.962 0 014 12H0c0 3.042 1.135 5.824 3 7.938l3-2.647z"[39m
@qbs-autonaim/recruitment-assistant-extension:test:       [33mfill[39m=[32m"currentColor"[39m
@qbs-autonaim/recruitment-assistant-extension:test:       [33mopacity[39m=[32m"0.75"[39m
@qbs-autonaim/recruitment-assistant-extension:test:     [36m/>[39m
@qbs-autonaim/recruitment-assistant-extension:test:   [36m</svg>[39m
@qbs-autonaim/recruitment-assistant-extension:test:   [36m<span[39m
@qbs-autonaim/recruitment-assistant-extension:test:     [33mstyle[39m=[32m"white-space: nowrap;"[39m
@qbs-autonaim/recruitment-assistant-extension:test:   [36m>[39m
@qbs-autonaim/recruitment-assistant-extension:test:     [0m╨Ш╨╖╨▓╨╗╨╡╤З╨╡╨╜╨╕╨╡ ╨┤╨░╨╜╨╜╤Л╤ЕтАж[0m
@qbs-autonaim/recruitment-assistant-extension:test:   [36m</span>[39m
@qbs-autonaim/recruitment-assistant-extension:test: [36m</button>[39m
@qbs-autonaim/recruitment-assistant-extension:test: 
@qbs-autonaim/recruitment-assistant-extension:test: Ignored nodes: comments, script, style
@qbs-autonaim/recruitment-assistant-extension:test: [36m<button[39m
@qbs-autonaim/recruitment-assistant-extension:test:   [33maria-busy[39m=[32m"false"[39m
@qbs-autonaim/recruitment-assistant-extension:test:   [33maria-label[39m=[32m"╨Ш╨╖╨▓╨╗╨╡╤З╤М ╨┤╨░╨╜╨╜╤Л╨╡ ╨┐╤А╨╛╤Д╨╕╨╗╤П ╨║╨░╨╜╨┤╨╕╨┤╨░╤В╨░"[39m
@qbs-autonaim/recruitment-assistant-extension:test:   [33maria-live[39m=[32m"polite"[39m
@qbs-autonaim/recruitment-assistant-extension:test:   [33mstyle[39m=[32m"min-width: 44px; min-height: 44px; padding: 12px 24px; font-size: 16px; font-weight: 500; color: #ffffff; background-color: #2563eb; border: none none; border-radius: 8px; cursor: pointer; touch-action: manipulation; transition: background-color 0.2s ease, transform 0.1s ease, box-shadow 0.2s ease; display: flex; align-items: center; justify-content: center; gap: 8px; box-shadow: 0 1px 3px 0 rgba(0, 0, 0, 0.1), 0 1px 2px -1px rgba(0, 0, 0, 0.1); position: relative; outline-color: none; outline-style: none; outline-width: initial;"[39m
@qbs-autonaim/recruitment-assistant-extension:test:   [33mtype[39m=[32m"button"[39m
@qbs-autonaim/recruitment-assistant-extension:test: [36m>[39m
@qbs-autonaim/recruitment-assistant-extension:test:   [36m<span[39m
@qbs-autonaim/recruitment-assistant-extension:test:     [33mstyle[39m=[32m"white-space: nowrap;"[39m
@qbs-autonaim/recruitment-assistant-extension:test:   [36m>[39m
@qbs-autonaim/recruitment-assistant-extension:test:     [0m╨Ш╨╖╨▓╨╗╨╡╤З╤М ╨┤╨░╨╜╨╜╤Л╨╡[0m
@qbs-autonaim/recruitment-assistant-extension:test:   [36m</span>[39m
@qbs-autonaim/recruitment-assistant-extension:test: [36m</button>[39m
@qbs-autonaim/recruitment-assistant-extension:test: 
@qbs-autonaim/recruitment-assistant-extension:test: Ignored nodes: comments, script, style
@qbs-autonaim/recruitment-assistant-extension:test: [36m<button[39m
@qbs-autonaim/recruitment-assistant-extension:test:   [33maria-busy[39m=[32m"false"[39m
@qbs-autonaim/recruitment-assistant-extension:test:   [33maria-label[39m=[32m"╨Ш╨╖╨▓╨╗╨╡╤З╤М ╨┤╨░╨╜╨╜╤Л╨╡ ╨┐╤А╨╛╤Д╨╕╨╗╤П ╨║╨░╨╜╨┤╨╕╨┤╨░╤В╨░"[39m
@qbs-autonaim/recruitment-assistant-extension:test:   [33maria-live[39m=[32m"polite"[39m
@qbs-autonaim/recruitment-assistant-extension:test:   [33mstyle[39m=[32m"min-width: 44px; min-height: 44px; padding: 12px 24px; font-size: 16px; font-weight: 500; color: #ffffff; background-color: #2563eb; border: none none; border-radius: 8px; cursor: pointer; touch-action: manipulation; transition: background-color 0.2s ease, transform 0.1s ease, box-shadow 0.2s ease; display: flex; align-items: center; justify-content: center; gap: 8px; box-shadow: 0 1px 3px 0 rgba(0, 0, 0, 0.1), 0 1px 2px -1px rgba(0, 0, 0, 0.1); position: relative; outline-color: none; outline-style: none; outline-width: initial;"[39m
@qbs-autonaim/recruitment-assistant-extension:test:   [33mtype[39m=[32m"button"[39m
@qbs-autonaim/recruitment-assistant-extension:test: [36m>[39m
@qbs-autonaim/recruitment-assistant-extension:test:   [36m<span[39m
@qbs-autonaim/recruitment-assistant-extension:test:     [33mstyle[39m=[32m"white-space: nowrap;"[39m
@qbs-autonaim/recruitment-assistant-extension:test:   [36m>[39m
@qbs-autonaim/recruitment-assistant-extension:test:     [0m╨Ш╨╖╨▓╨╗╨╡╤З╤М ╨┤╨░╨╜╨╜╤Л╨╡[0m
@qbs-autonaim/recruitment-assistant-extension:test:   [36m</span>[39m
@qbs-autonaim/recruitment-assistant-extension:test: [36m</button>[39m
@qbs-autonaim/recruitment-assistant-extension:test: 
@qbs-autonaim/recruitment-assistant-extension:test: Ignored nodes: comments, script, style
@qbs-autonaim/recruitment-assistant-extension:test: [36m<button[39m
@qbs-autonaim/recruitment-assistant-extension:test:   [33maria-busy[39m=[32m"false"[39m
@qbs-autonaim/recruitment-assistant-extension:test:   [33maria-label[39m=[32m"╨Ш╨╖╨▓╨╗╨╡╤З╤М ╨┤╨░╨╜╨╜╤Л╨╡ ╨┐╤А╨╛╤Д╨╕╨╗╤П ╨║╨░╨╜╨┤╨╕╨┤╨░╤В╨░"[39m
@qbs-autonaim/recruitment-assistant-extension:test:   [33maria-live[39m=[32m"polite"[39m
@qbs-autonaim/recruitment-assistant-extension:test:   [33mstyle[39m=[32m"min-width: 44px; min-height: 44px; padding: 12px 24px; font-size: 16px; font-weight: 500; color: #ffffff; background-color: #2563eb; border: none none; border-radius: 8px; cursor: pointer; touch-action: manipulation; transition: background-color 0.2s ease, transform 0.1s ease, box-shadow 0.2s ease; display: flex; align-items: center; justify-content: center; gap: 8px; box-shadow: 0 1px 3px 0 rgba(0, 0, 0, 0.1), 0 1px 2px -1px rgba(0, 0, 0, 0.1); position: relative; outline-color: none; outline-style: none; outline-width: initial;"[39m
@qbs-autonaim/recruitment-assistant-extension:test:   [33mtype[39m=[32m"button"[39m
@qbs-autonaim/recruitment-assistant-extension:test: [36m>[39m
@qbs-autonaim/recruitment-assistant-extension:test:   [36m<span[39m
@qbs-autonaim/recruitment-assistant-extension:test:     [33mstyle[39m=[32m"white-space: nowrap;"[39m
@qbs-autonaim/recruitment-assistant-extension:test:   [36m>[39m
@qbs-autonaim/recruitment-assistant-extension:test:     [0m╨Ш╨╖╨▓╨╗╨╡╤З╤М ╨┤╨░╨╜╨╜╤Л╨╡[0m
@qbs-autonaim/recruitment-assistant-extension:test:   [36m</span>[39m
@qbs-autonaim/recruitment-assistant-extension:test: [36m</button>[39m
@qbs-autonaim/recruitment-assistant-extension:test: 
@qbs-autonaim/recruitment-assistant-extension:test: Ignored nodes: comments, script, style
@qbs-autonaim/recruitment-assistant-extension:test: [36m<button[39m
@qbs-autonaim/recruitment-assistant-extension:test:   [33maria-busy[39m=[32m"false"[39m
@qbs-autonaim/recruitment-assistant-extension:test:   [33maria-label[39m=[32m"╨Ш╨╖╨▓╨╗╨╡╤З╤М ╨┤╨░╨╜╨╜╤Л╨╡ ╨┐╤А╨╛╤Д╨╕╨╗╤П ╨║╨░╨╜╨┤╨╕╨┤╨░╤В╨░"[39m
@qbs-autonaim/recruitment-assistant-extension:test:   [33maria-live[39m=[32m"polite"[39m
@qbs-autonaim/recruitment-assistant-extension:test:   [33mstyle[39m=[32m"min-width: 44px; min-height: 44px; padding: 12px 24px; font-size: 16px; font-weight: 500; color: #ffffff; background-color: #2563eb; border: none none; border-radius: 8px; cursor: pointer; touch-action: manipulation; transition: background-color 0.2s ease, transform 0.1s ease, box-shadow 0.2s ease; display: flex; align-items: center; justify-content: center; gap: 8px; box-shadow: 0 1px 3px 0 rgba(0, 0, 0, 0.1), 0 1px 2px -1px rgba(0, 0, 0, 0.1); position: relative; outline-color: none; outline-style: none; outline-width: initial;"[39m
@qbs-autonaim/recruitment-assistant-extension:test:   [33mtype[39m=[32m"button"[39m
@qbs-autonaim/recruitment-assistant-extension:test: [36m>[39m
@qbs-autonaim/recruitment-assistant-extension:test:   [36m<span[39m
@qbs-autonaim/recruitment-assistant-extension:test:     [33mstyle[39m=[32m"white-space: nowrap;"[39m
@qbs-autonaim/recruitment-assistant-extension:test:   [36m>[39m
@qbs-autonaim/recruitment-assistant-extension:test:     [0m╨Ш╨╖╨▓╨╗╨╡╤З╤М ╨┤╨░╨╜╨╜╤Л╨╡[0m
@qbs-autonaim/recruitment-assistant-extension:test:   [36m</span>[39m
@qbs-autonaim/recruitment-assistant-extension:test: [36m</button>[39m
@qbs-autonaim/recruitment-assistant-extension:test: 
@qbs-autonaim/recruitment-assistant-extension:test: (If this is intentional, then use the `*AllBy*` variant of the query (like `queryAllByText`, `getAllByText`, or `findAllByText`)).
@qbs-autonaim/recruitment-assistant-extension:test: 
@qbs-autonaim/recruitment-assistant-extension:test: Ignored nodes: comments, script, style
@qbs-autonaim/recruitment-assistant-extension:test: [36m<body>[39m
@qbs-autonaim/recruitment-assistant-extension:test:   [0m
@qbs-autonaim/recruitment-assistant-extension:test:         [0m
@qbs-autonaim/recruitment-assistant-extension:test:   [36m<h1[39m
@qbs-autonaim/recruitment-assistant-extension:test:     [33mclass[39m=[32m"text-heading-xlarge"[39m
@qbs-autonaim/recruitment-assistant-extension:test:   [36m>[39m
@qbs-autonaim/recruitment-assistant-extension:test:     [0m╨Ш╨▓╨░╨╜ ╨Ш╨▓╨░╨╜╨╛╨▓[0m
@qbs-autonaim/recruitment-assistant-extension:test:   [36m</h1>[39m
@qbs-autonaim/recruitment-assistant-extension:test:   [0m
@qbs-autonaim/recruitment-assistant-extension:test:         [0m
@qbs-autonaim/recruitment-assistant-extension:test:   [36m<div[39m
@qbs-autonaim/recruitment-assistant-extension:test:     [33mclass[39m=[32m"text-body-medium"[39m
@qbs-autonaim/recruitment-assistant-extension:test:   [36m>[39m
@qbs-autonaim/recruitment-assistant-extension:test:     [0mSenior Developer[0m
@qbs-autonaim/recruitment-assistant-extension:test:   [36m</div>[39m
@qbs-autonaim/recruitment-assistant-extension:test:   [0m
@qbs-autonaim/recruitment-assistant-extension:test:         [0m
@qbs-autonaim/recruitment-assistant-extension:test:   [36m<span[39m
@qbs-autonaim/recruitment-assistant-extension:test:     [33mclass[39m=[32m"text-body-small inline"[39m
@qbs-autonaim/recruitment-assistant-extension:test:   [36m>[39m
@qbs-autonaim/recruitment-assistant-extension:test:     [0m╨Ь╨╛╤Б╨║╨▓╨░, ╨а╨╛╤Б╤Б╨╕╤П[0m
@qbs-autonaim/recruitment-assistant-extension:test:   [36m</span>[39m
@qbs-autonaim/recruitment-assistant-extension:test:   [0m
@qbs-autonaim/recruitment-assistant-extension:test:         [0m
@qbs-autonaim/recruitment-assistant-extension:test:   [36m<img[39m
@qbs-autonaim/recruitment-assistant-extension:test:     [33mclass[39m=[32m"pv-top-card-profile-picture__image"[39m
@qbs-autonaim/recruitment-assistant-extension:test:     [33msrc[39m=[32m"https://example.com/photo.jpg"[39m
@qbs-autonaim/recruitment-assistant-extension:test:   [36m/>[39m
@qbs-autonaim/recruitment-assistant-extension:test:   [0m
@qbs-autonaim/recruitment-assistant-extension:test:         
@qbs-autonaim/recruitment-assistant-extension:test:         [0m
@qbs-autonaim/recruitment-assistant-extension:test:   [36m<section[39m
@qbs-autonaim/recruitment-assistant-extension:test:     [33mid[39m=[32m"experience"[39m
@qbs-autonaim/recruitment-assistant-extension:test:   [36m>[39m
@qbs-autonaim/recruitment-assistant-extension:test:     [0m
@qbs-autonaim/recruitment-assistant-extension:test:           [0m
@qbs-autonaim/recruitment-assistant-extension:test:     [36m<ul>[39m
@qbs-autonaim/recruitment-assistant-extension:test:       [0m
@qbs-autonaim/recruitment-assistant-extension:test:             [0m
@qbs-autonaim/recruitment-assistant-extension:test:       [36m<li[39m
@qbs-autonaim/recruitment-assistant-extension:test:         [33mclass[39m=[32m"artdeco-list__item"[39m
@qbs-autonaim/recruitment-assistant-extension:test:       [36m>[39m
@qbs-autonaim/recruitment-assistant-extension:test:         [0m
@qbs-autonaim/recruitment-assistant-extension:test:               [0m
@qbs-autonaim/recruitment-assistant-extension:test:         [36m<div[39m
@qbs-autonaim/recruitment-assistant-extension:test:           [33mclass[39m=[32m"display-flex"[39m
@qbs-autonaim/recruitment-assistant-extension:test:         [36m>[39m
@qbs-autonaim/recruitment-assistant-extension:test:           [0m
@qbs-autonaim/recruitment-assistant-extension:test:                 [0m
@qbs-autonaim/recruitment-assistant-extension:test:           [36m<span[39m
@qbs-autonaim/recruitment-assistant-extension:test:             [33maria-hidden[39m=[32m"true"[39m
@qbs-autonaim/recruitment-assistant-extension:test:           [36m>[39m
@qbs-autonaim/recruitment-assistant-extension:test:             [0mSenior Developer[0m
@qbs-autonaim/recruitment-assistant-extension:test:           [36m</span>[39m
@qbs-autonaim/recruitment-assistant-extension:test:           [0m
@qbs-autonaim/recruitment-assistant-extension:test:               [0m
@qbs-autonaim/recruitment-assistant-extension:test:         [36m</div>[39m
@qbs-autonaim/recruitment-assistant-extension:test:         [0m
@qbs-autonaim/recruitment-assistant-extension:test:               [0m
@qbs-autonaim/recruitment-assistant-extension:test:         [36m<span[39m
@qbs-autonaim/recruitment-assistant-extension:test:           [33mclass[39m=[32m"t-14 t-normal"[39m
@qbs-autonaim/recruitment-assistant-extension:test:         [36m>[39m
@qbs-autonaim/recruitment-assistant-extension:test:           [0m
@qbs-autonaim/recruitment-assistant-extension:test:                 [0m
@qbs-autonaim/recruitment-assistant-extension:test:           [36m<span[39m
@qbs-autonaim/recruitment-assistant-extension:test:             [33maria-hidden[39m=[32m"true"[39m
@qbs-autonaim/recruitment-assistant-extension:test:           [36m>[39m
@qbs-autonaim/recruitment-assistant-extension:test:             [0mTech Company[0m
@qbs-autonaim/recruitment-assistant-extension:test:           [36m</span>[39m
@qbs-autonaim/recruitment-assistant-extension:test:           [0m
@qbs-autonaim/recruitment-assistant-extension:test:               [0m
@qbs-autonaim/recruitment-assistant-extension:test:         [36m</span>[39m
@qbs-autonaim/recruitment-assistant-extension:test:         [0m
@qbs-autonaim/recruitment-assistant-extension:test:               [0m
@qbs-autonaim/recruitment-assistant-extension:test:         [36m<span[39m
@qbs-autonaim/recruitment-assistant-extension:test:           [33mclass[39m=[32m"t-14 t-normal t-black--light"[39m
@qbs-autonaim/recruitment-assistant-extension:test:         [36m>[39m
@qbs-autonaim/recruitment-assistant-extension:test:           [0m
@qbs-autonaim/recruitment-assistant-extension:test:                 [0m
@qbs-autonaim/recruitment-assistant-extension:test:           [36m<span[39m
@qbs-autonaim/recruitment-assistant-extension:test:             [33maria-hidden[39m=[32m"true"[39m
@qbs-autonaim/recruitment-assistant-extension:test:           [36m>[39m
@qbs-autonaim/recruitment-assistant-extension:test:             [0m2020 тАУ ╨┐╨╛ ╨╜╨░╤Б╤В╨╛╤П╤Й╨╡╨╡ ╨▓╤А╨╡╨╝╤П[0m
@qbs-autonaim/recruitment-assistant-extension:test:           [36m</span>[39m
@qbs-autonaim/recruitment-assistant-extension:test:           [0m
@qbs-autonaim/recruitment-assistant-extension:test:               [0m
@qbs-autonaim/recruitment-assistant-extension:test:         [36m</span>[39m
@qbs-autonaim/recruitment-assistant-extension:test:         [0m
@qbs-autonaim/recruitment-assistant-extension:test:               [0m
@qbs-autonaim/recruitment-assistant-extension:test:         [36m<div[39m
@qbs-autonaim/recruitment-assistant-extension:test:           [33mclass[39m=[32m"display-flex full-width"[39m
@qbs-autonaim/recruitment-assistant-extension:test:         [36m>[39m
@qbs-autonaim/recruitment-assistant-extension:test:           [0m
@qbs-autonaim/recruitment-assistant-extension:test:                 [0m
@qbs-autonaim/recruitment-assistant-extension:test:           [36m<span[39m
@qbs-autonaim/recruitment-assistant-extension:test:             [33maria-hidden[39m=[32m"true"[39m
@qbs-autonaim/recruitment-assistant-extension:test:           [36m>[39m
@qbs-autonaim/recruitment-assistant-extension:test:             [0m╨а╨░╨╖╤А╨░╨▒╨╛╤В╨║╨░[0m
@qbs-autonaim/recruitment-assistant-extension:test:           [36m</span>[39m
@qbs-autonaim/recruitment-assistant-extension:test:           [0m
@qbs-autonaim/recruitment-assistant-extension:test:               [0m
@qbs-autonaim/recruitment-assistant-extension:test:         [36m</div>[39m
@qbs-autonaim/recruitment-assistant-extension:test:         [0m
@qbs-autonaim/recruitment-assistant-extension:test:             [0m
@qbs-autonaim/recruitment-assistant-extension:test:       [36m</li>[39m
@qbs-autonaim/recruitment-assistant-extension:test:       [0m
@qbs-autonaim/recruitment-assistant-extension:test:           [0m
@qbs-autonaim/recruitment-assistant-extension:test:     [36m</ul>[39m
@qbs-autonaim/recruitment-assistant-extension:test:     [0m
@qbs-autonaim/recruitment-assistant-extension:test:         [0m
@qbs-autonaim/recruitment-assistant-extension:test:   [36m</section>[39m
@qbs-autonaim/recruitment-assistant-extension:test:   [0m
@qbs-autonaim/recruitment-assistant-extension:test:         
@qbs-autonaim/recruitment-assistant-extension:test:         [0m
@qbs-autonaim/recruitment-assistant-extension:test:   [36m<section[39m
@qbs-autonaim/recruitment-assistant-extension:test:     [33mid[39m=[32m"education"[39m
@qbs-autonaim/recruitment-assistant-extension:test:   [36m>[39m
@qbs-autonaim/recruitment-assistant-extension:test:     [0m
@qbs-autonaim/recruitment-assistant-extension:test:           [0m
@qbs-autonaim/recruitment-assistant-extension:test:     [36m<ul>[39m
@qbs-autonaim/recruitment-assistant-extension:test:       [0m
@qbs-autonaim/recruitment-assistant-extension:test:             [0m
@qbs-autonaim/recruitment-assistant-extension:test:       [36m<li[39m
@qbs-autonaim/recruitment-assistant-extension:test:         [33mclass[39m=[32m"artdeco-list__item"[39m
@qbs-autonaim/recruitment-assistant-extension:test:       [36m>[39m
@qbs-autonaim/recruitment-assistant-extension:test:         [0m
@qbs-autonaim/recruitment-assistant-extension:test:               [0m
@qbs-autonaim/recruitment-assistant-extension:test:         [36m<div[39m
@qbs-autonaim/recruitment-assistant-extension:test:           [33mclass[39m=[32m"display-flex"[39m
@qbs-autonaim/recruitment-assistant-extension:test:         [36m>[39m
@qbs-autonaim/recruitment-assistant-extension:test:           [0m
@qbs-autonaim/recruitment-assistant-extension:test:                 [0m
@qbs-autonaim/recruitment-assistant-extension:test:           [36m<span[39m
@qbs-autonaim/recruitment-assistant-extension:test:             [33maria-hidden[39m=[32m"true"[39m
@qbs-autonaim/recruitment-assistant-extension:test:           [36m>[39m
@qbs-autonaim/recruitment-assistant-extension:test:             [0m╨Ь╨У╨г[0m
@qbs-autonaim/recruitment-assistant-extension:test:           [36m</span>[39m
@qbs-autonaim/recruitment-assistant-extension:test:           [0m
@qbs-autonaim/recruitment-assistant-extension:test:               [0m
@qbs-autonaim/recruitment-assistant-extension:test:         [36m</div>[39m
@qbs-autonaim/recruitment-assistant-extension:test:         [0m
@qbs-autonaim/recruitment-assistant-extension:test:               [0m
@qbs-autonaim/recruitment-assistant-extension:test:         [36m<span[39m
@qbs-autonaim/recruitment-assistant-extension:test:           [33mclass[39m=[32m"t-14 t-normal"[39m
@qbs-autonaim/recruitment-assistant-extension:test:         [36m>[39m
@qbs-autonaim/recruitment-assistant-extension:test:           [0m
@qbs-autonaim/recruitment-assistant-extension:test:                 [0m
@qbs-autonaim/recruitment-assistant-extension:test:           [36m<span[39m
@qbs-autonaim/recruitment-assistant-extension:test:             [33maria-hidden[39m=[32m"true"[39m
@qbs-autonaim/recruitment-assistant-extension:test:           [36m>[39m
@qbs-autonaim/recruitment-assistant-extension:test:             [0m╨С╨░╨║╨░╨╗╨░╨▓╤А[0m
@qbs-autonaim/recruitment-assistant-extension:test:           [36m</span>[39m
@qbs-autonaim/recruitment-assistant-extension:test:           [0m
@qbs-autonaim/recruitment-assistant-extension:test:               [0m
@qbs-autonaim/recruitment-assistant-extension:test:         [36m</span>[39m
@qbs-autonaim/recruitment-assistant-extension:test:         [0m
@qbs-autonaim/recruitment-assistant-extension:test:               [0m
@qbs-autonaim/recruitment-assistant-extension:test:         [36m<span[39m
@qbs-autonaim/recruitment-assistant-extension:test:           [33mclass[39m=[32m"t-14 t-normal t-black--light"[39m
@qbs-autonaim/recruitment-assistant-extension:test:         [36m>[39m
@qbs-autonaim/recruitment-assistant-extension:test:           [0m
@qbs-autonaim/recruitment-assistant-extension:test:                 [0m
@qbs-autonaim/recruitment-assistant-extension:test:           [36m<span[39m
@qbs-autonaim/recruitment-assistant-extension:test:             [33maria-hidden[39m=[32m"true"[39m
@qbs-autonaim/recruitment-assistant-extension:test:           [36m>[39m
@qbs-autonaim/recruitment-assistant-extension:test:             [0m╨Ш╨╜╤Д╨╛╤А╨╝╨░╤В╨╕╨║╨░[0m
@qbs-autonaim/recruitment-assistant-extension:test:           [36m</span>[39m
@qbs-autonaim/recruitment-assistant-extension:test:           [0m
@qbs-autonaim/recruitment-assistant-extension:test:               [0m
@qbs-autonaim/recruitment-assistant-extension:test:         [36m</span>[39m
@qbs-autonaim/recruitment-assistant-extension:test:         [0m
@qbs-autonaim/recruitment-assistant-extension:test:               [0m
@qbs-autonaim/recruitment-assistant-extension:test:         [36m<span[39m
@qbs-autonaim/recruitment-assistant-extension:test:           [33mclass[39m=[32m"t-14 t-normal t-black--light"[39m
@qbs-autonaim/recruitment-assistant-extension:test:         [36m>[39m
@qbs-autonaim/recruitment-assistant-extension:test:           [0m
@qbs-autonaim/recruitment-assistant-extension:test:                 [0m
@qbs-autonaim/recruitment-assistant-extension:test:           [36m<span[39m
@qbs-autonaim/recruitment-assistant-extension:test:             [33maria-hidden[39m=[32m"true"[39m
@qbs-autonaim/recruitment-assistant-extension:test:           [36m>[39m
@qbs-autonaim/recruitment-assistant-extension:test:             [0m2015 тАУ 2019[0m
@qbs-autonaim/recruitment-assistant-extension:test:           [36m</span>[39m
@qbs-autonaim/recruitment-assistant-extension:test:           [0m
@qbs-autonaim/recruitment-assistant-extension:test:               [0m
@qbs-autonaim/recruitment-assistant-extension:test:         [36m</span>[39m
@qbs-autonaim/recruitment-assistant-extension:test:         [0m
@qbs-autonaim/recruitment-assistant-extension:test:             [0m
@qbs-autonaim/recruitment-assistant-extension:test:       [36m</li>[39m
@qbs-autonaim/recruitment-assistant-extension:test:       [0m
@qbs-autonaim/recruitment-assistant-extension:test:           [0m
@qbs-autonaim/recruitment-assistant-extension:test:     [36m</ul>[39m
@qbs-autonaim/recruitment-assistant-extension:test:     [0m
@qbs-autonaim/recruitment-assistant-extension:test:         [0m
@qbs-autonaim/recruitment-assistant-extension:test:   [36m</section>[39m
@qbs-autonaim/recruitment-assistant-extension:test:   [0m
@qbs-autonaim/recruitment-assistant-extension:test:         
@qbs-autonaim/recruitment-assistant-extension:test:         [0m
@qbs-autonaim/recruitment-assistant-extension:test:   [36m<section[39m
@qbs-autonaim/recruitment-assistant-extension:test:     [33mid[39m=[32m"skills"[39m
@qbs-autonaim/recruitment-assistant-extension:test:   [36m>[39m
@qbs-autonaim/recruitment-assistant-extension:test:     [0m
@qbs-autonaim/recruitment-assistant-extension:test:           [0m
@qbs-autonaim/recruitment-assistant-extension:test:     [36m<span[39m
@qbs-autonaim/recruitment-assistant-extension:test:       [33maria-hidden[39m=[32m"true"[39m
@qbs-autonaim/recruitment-assistant-extension:test:     [36m>[39m
@qbs-autonaim/recruitment-assistant-extension:test:       [0mTypeScript[0m
@qbs-autonaim/recruitment-assistant-extension:test:     [36m</span>[39m
@qbs-autonaim/recruitment-assistant-extension:test:     [0m
@qbs-autonaim/recruitment-assistant-extension:test:           [0m
@qbs-autonaim/recruitment-assistant-extension:test:     [36m<span[39m
@qbs-autonaim/recruitment-assistant-extension:test:       [33maria-hidden[39m=[32m"true"[39m
@qbs-autonaim/recruitment-assistant-extension:test:     [36m>[39m
@qbs-autonaim/recruitment-assistant-extension:test:       [0mReact[0m
@qbs-autonaim/recruitment-assistant-extension:test:     [36m</span>[39m
@qbs-autonaim/recruitment-assistant-extension:test:     [0m
@qbs-autonaim/recruitment-assistant-extension:test:         [0m
@qbs-autonaim/recruitment-assistant-extension:test:   [36m</section>[39m
@qbs-autonaim/recruitment-assistant-extension:test:   [0m
@qbs-autonaim/recruitment-assistant-extension:test:         
@qbs-autonaim/recruitment-assistant-extension:test:         [0m
@qbs-autonaim/recruitment-assistant-extension:test:   [36m<section[39m
@qbs-autonaim/recruitment-assistant-extension:test:     [33mclass[39m=[32m"pv-contact-info"[39m
@qbs-autonaim/recruitment-assistant-extension:test:   [36m>[39m
@qbs-autonaim/recruitment-assistant-extension:test:     [0m
@qbs-autonaim/recruitment-assistant-extension:test:           [0m
@qbs-autonaim/recruitment-assistant-extension:test:     [36m<a[39m
@qbs-autonaim/recruitment-assistant-extension:test:       [33mhref[39m=[32m"mailto:ivan@example.com"[39m
@qbs-autonaim/recruitment-assistant-extension:test:     [36m>[39m
@qbs-autonaim/recruitment-assistant-extension:test:       [0mEmail[0m
@qbs-autonaim/recruitment-assistant-extension:test:     [36m</a>[39m
@qbs-autonaim/recruitment-assistant-extension:test:     [0m
@qbs-autonaim/recruitment-assistant-extension:test:           [0m
@qbs-autonaim/recruitment-assistant-extension:test:     [36m<span[39m
@qbs-autonaim/recruitment-assistant-extension:test:       [33mclass[39m=[32m"t-14 t-black t-normal"[39m
@qbs-autonaim/recruitment-assistant-extension:test:     [36m>[39m
@qbs-autonaim/recruitment-assistant-extension:test:       [0m+7 (999) 123-45-67[0m
@qbs-autonaim/recruitment-assistant-extension:test:     [36m</span>[39m
@qbs-autonaim/recruitment-assistant-extension:test:     [0m
@qbs-autonaim/recruitment-assistant-extension:test:         [0m
@qbs-autonaim/recruitment-assistant-extension:test:   [36m</section>[39m
@qbs-autonaim/recruitment-assistant-extension:test:   [0m
@qbs-autonaim/recruitment-assistant-extension:test:       [0m
@qbs-autonaim/recruitment-assistant-extension:test:   [36m<div>[39m
@qbs-autonaim/recruitment-assistant-extension:test:     [36m<button[39m
@qbs-autonaim/recruitment-assistant-extension:test:       [33maria-busy[39m=[32m"false"[39m
@qbs-autonaim/recruitment-assistant-extension:test:       [33maria-label[39m=[32m"╨Ш╨╖╨▓╨╗╨╡╤З╤М ╨┤╨░╨╜╨╜╤Л╨╡ ╨┐╤А╨╛╤Д╨╕╨╗╤П ╨║╨░╨╜╨┤╨╕╨┤╨░╤В╨░"[39m
@qbs-autonaim/recruitment-assistant-extension:test:       [33maria-live[39m=[32m"polite"[39m
@qbs-autonaim/recruitment-assistant-extension:test:       [33mstyle[39m=[32m"min-width: 44px; min-height: 44px; padding: 12px 24px; font-size: 16px; font-weight: 500; color: #ffffff; background-color: #2563eb; border: none none; border-radius: 8px; cursor: pointer; touch-action: manipulation; transition: background-color 0.2s ease, transform 0.1s ease, box-shadow 0.2s ease; display: flex; align-items: center; justify-content: center; gap: 8px; box-shadow: 0 1px 3px 0 rgba(0, 0, 0, 0.1), 0 1px 2px -1px rgba(0, 0, 0, 0.1); position: relative; outline-color: none; outline-style: none; outline-width: initial;"[39m
@qbs-autonaim/recruitment-assistant-extension:test:       [33mtype[39m=[32m"button"[39m
@qbs-autonaim/recruitment-assistant-extension:test:     [36m>[39m
@qbs-autonaim/recruitment-assistant-extension:test:       [36m<span[39m
@qbs-autonaim/recruitment-assistant-extension:test:         [33mstyle[39m=[32m"white-space: nowrap;"[39m
@qbs-autonaim/recruitment-assistant-extension:test:       [36m>[39m
@qbs-autonaim/recruitment-assistant-extension:test:         [0m╨Ш╨╖╨▓╨╗╨╡╤З╤М ╨┤╨░╨╜╨╜╤Л╨╡[0m
@qbs-autonaim/recruitment-assistant-extension:test:       [36m</span>[39m
@qbs-autonaim/recruitment-assistant-extension:test:     [36m</button>[39m
@qbs-autonaim/recruitment-assistant-extension:test:   [36m</div>[39m
@qbs-autonaim/recruitment-assistant-extension:test:   [36m<div>[39m
@qbs-autonaim/recruitment-assistant-extension:test:     [36m<button[39m
@qbs-autonaim/recruitment-assistant-extension:test:       [33maria-busy[39m=[32m"true"[39m
@qbs-autonaim/recruitment-assistant-extension:test:       [33maria-label[39m=[32m"╨Ш╨╖╨▓╨╗╨╡╤З╤М ╨┤╨░╨╜╨╜╤Л╨╡ ╨┐╤А╨╛╤Д╨╕╨╗╤П ╨║╨░╨╜╨┤╨╕╨┤╨░╤В╨░"[39m
@qbs-autonaim/recruitment-assistant-extension:test:       [33maria-live[39m=[32m"polite"[39m
@qbs-autonaim/recruitment-assistant-extension:test:       [33mdisabled[39m=[32m""[39m
@qbs-autonaim/recruitment-assistant-extension:test:       [33mstyle[39m=[32m"min-width: 44px; min-height: 44px; padding: 12px 24px; font-size: 16px; font-weight: 500; color: #ffffff; background-color: #6b7280; border: none none; border-radius: 8px; cursor: not-all...
@qbs-autonaim/recruitment-assistant-extension:test:       at <anonymous> (C:\Projects\kwork\selectio\node_modules\@testing-library\dom\dist\query-helpers.js:59:30)
@qbs-autonaim/recruitment-assistant-extension:test:       at <anonymous> (C:\Projects\kwork\selectio\node_modules\@testing-library\dom\dist\query-helpers.js:95:19)
@qbs-autonaim/recruitment-assistant-extension:test:       at <anonymous> (C:\Projects\kwork\selectio\apps\recruitment-assistant-extension\src\content\ui\action-button.test.tsx:201:29)
@qbs-autonaim/recruitment-assistant-extension:test: (fail) ActionButton > ╨Ы╨╛╨║╨░╨╗╨╕╨╖╨░╤Ж╨╕╤П > ╨┤╨╛╨╗╨╢╨╡╨╜ ╨╕╤Б╨┐╨╛╨╗╤М╨╖╨╛╨▓╨░╤В╤М ╤А╤Г╤Б╤Б╨║╨╕╨╣ ╤П╨╖╤Л╨║ ╨▒╨╡╨╖ ╨░╨╜╨│╨╗╨╕╤Ж╨╕╨╖╨╝╨╛╨▓ [62.00ms]
@qbs-autonaim/recruitment-assistant-extension:test: 54 |       const elementStrings = els.map(element => getElementError(null, element).message).join('\n\n');
@qbs-autonaim/recruitment-assistant-extension:test: 55 |       throw getMultipleElementsFoundError(`${getMultipleError(container, ...args)}
@qbs-autonaim/recruitment-assistant-extension:test: 56 | 
@qbs-autonaim/recruitment-assistant-extension:test: 57 | Here are the matching elements:
@qbs-autonaim/recruitment-assistant-extension:test: 58 | 
@qbs-autonaim/recruitment-assistant-extension:test: 59 | ${elementStrings}`, container);
@qbs-autonaim/recruitment-assistant-extension:test:                                   ^
@qbs-autonaim/recruitment-assistant-extension:test: TestingLibraryElementError: Found multiple elements with the role "button"
@qbs-autonaim/recruitment-assistant-extension:test: 
@qbs-autonaim/recruitment-assistant-extension:test: Here are the matching elements:
@qbs-autonaim/recruitment-assistant-extension:test: 
@qbs-autonaim/recruitment-assistant-extension:test: Ignored nodes: comments, script, style
@qbs-autonaim/recruitment-assistant-extension:test: [36m<button[39m
@qbs-autonaim/recruitment-assistant-extension:test:   [33maria-busy[39m=[32m"false"[39m
@qbs-autonaim/recruitment-assistant-extension:test:   [33maria-label[39m=[32m"╨Ш╨╖╨▓╨╗╨╡╤З╤М ╨┤╨░╨╜╨╜╤Л╨╡ ╨┐╤А╨╛╤Д╨╕╨╗╤П ╨║╨░╨╜╨┤╨╕╨┤╨░╤В╨░"[39m
@qbs-autonaim/recruitment-assistant-extension:test:   [33maria-live[39m=[32m"polite"[39m
@qbs-autonaim/recruitment-assistant-extension:test:   [33mstyle[39m=[32m"min-width: 44px; min-height: 44px; padding: 12px 24px; font-size: 16px; font-weight: 500; color: #ffffff; background-color: #2563eb; border: none none; border-radius: 8px; cursor: pointer; touch-action: manipulation; transition: background-color 0.2s ease, transform 0.1s ease, box-shadow 0.2s ease; display: flex; align-items: center; justify-content: center; gap: 8px; box-shadow: 0 1px 3px 0 rgba(0, 0, 0, 0.1), 0 1px 2px -1px rgba(0, 0, 0, 0.1); position: relative; outline-color: none; outline-style: none; outline-width: initial;"[39m
@qbs-autonaim/recruitment-assistant-extension:test:   [33mtype[39m=[32m"button"[39m
@qbs-autonaim/recruitment-assistant-extension:test: [36m>[39m
@qbs-autonaim/recruitment-assistant-extension:test:   [36m<span[39m
@qbs-autonaim/recruitment-assistant-extension:test:     [33mstyle[39m=[32m"white-space: nowrap;"[39m
@qbs-autonaim/recruitment-assistant-extension:test:   [36m>[39m
@qbs-autonaim/recruitment-assistant-extension:test:     [0m╨Ш╨╖╨▓╨╗╨╡╤З╤М ╨┤╨░╨╜╨╜╤Л╨╡[0m
@qbs-autonaim/recruitment-assistant-extension:test:   [36m</span>[39m
@qbs-autonaim/recruitment-assistant-extension:test: [36m</button>[39m
@qbs-autonaim/recruitment-assistant-extension:test: 
@qbs-autonaim/recruitment-assistant-extension:test: Ignored nodes: comments, script, style
@qbs-autonaim/recruitment-assistant-extension:test: [36m<button[39m
@qbs-autonaim/recruitment-assistant-extension:test:   [33maria-busy[39m=[32m"true"[39m
@qbs-autonaim/recruitment-assistant-extension:test:   [33maria-label[39m=[32m"╨Ш╨╖╨▓╨╗╨╡╤З╤М ╨┤╨░╨╜╨╜╤Л╨╡ ╨┐╤А╨╛╤Д╨╕╨╗╤П ╨║╨░╨╜╨┤╨╕╨┤╨░╤В╨░"[39m
@qbs-autonaim/recruitment-assistant-extension:test:   [33maria-live[39m=[32m"polite"[39m
@qbs-autonaim/recruitment-assistant-extension:test:   [33mdisabled[39m=[32m""[39m
@qbs-autonaim/recruitment-assistant-extension:test:   [33mstyle[39m=[32m"min-width: 44px; min-height: 44px; padding: 12px 24px; font-size: 16px; font-weight: 500; color: #ffffff; background-color: #6b7280; border: none none; border-radius: 8px; cursor: not-allowed; touch-action: manipulation; transition: background-color 0.2s ease, transform 0.1s ease, box-shadow 0.2s ease; display: flex; align-items: center; justify-content: center; gap: 8px; box-shadow: 0 1px 3px 0 rgba(0, 0, 0, 0.1), 0 1px 2px -1px rgba(0, 0, 0, 0.1); position: relative; outline-color: none; outline-style: none; outline-width: initial;"[39m
@qbs-autonaim/recruitment-assistant-extension:test:   [33mtype[39m=[32m"button"[39m
@qbs-autonaim/recruitment-assistant-extension:test: [36m>[39m
@qbs-autonaim/recruitment-assistant-extension:test:   [36m<svg[39m
@qbs-autonaim/recruitment-assistant-extension:test:     [33maria-hidden[39m=[32m"true"[39m
@qbs-autonaim/recruitment-assistant-extension:test:     [33mfill[39m=[32m"none"[39m
@qbs-autonaim/recruitment-assistant-extension:test:     [33mrole[39m=[32m"presentation"[39m
@qbs-autonaim/recruitment-assistant-extension:test:     [33mstyle[39m=[32m"width: 16px; height: 16px; animation: spin 1s linear infinite; flex-shrink: 0;"[39m
@qbs-autonaim/recruitment-assistant-extension:test:     [33mviewBox[39m=[32m"0 0 24 24"[39m
@qbs-autonaim/recruitment-assistant-extension:test:   [36m>[39m
@qbs-autonaim/recruitment-assistant-extension:test:     [36m<circle[39m
@qbs-autonaim/recruitment-assistant-extension:test:       [33mcx[39m=[32m"12"[39m
@qbs-autonaim/recruitment-assistant-extension:test:       [33mcy[39m=[32m"12"[39m
@qbs-autonaim/recruitment-assistant-extension:test:       [33mr[39m=[32m"10"[39m
@qbs-autonaim/recruitment-assistant-extension:test:       [33mstroke[39m=[32m"currentColor"[39m
@qbs-autonaim/recruitment-assistant-extension:test:       [33mstroke-opacity[39m=[32m"0.25"[39m
@qbs-autonaim/recruitment-assistant-extension:test:       [33mstroke-width[39m=[32m"4"[39m
@qbs-autonaim/recruitment-assistant-extension:test:     [36m/>[39m
@qbs-autonaim/recruitment-assistant-extension:test:     [36m<path[39m
@qbs-autonaim/recruitment-assistant-extension:test:       [33md[39m=[32m"M4 12a8 8 0 018-8V0C5.373 0 0 5.373 0 12h4zm2 5.291A7.962 7.962 0 014 12H0c0 3.042 1.135 5.824 3 7.938l3-2.647z"[39m
@qbs-autonaim/recruitment-assistant-extension:test:       [33mfill[39m=[32m"currentColor"[39m
@qbs-autonaim/recruitment-assistant-extension:test:       [33mopacity[39m=[32m"0.75"[39m
@qbs-autonaim/recruitment-assistant-extension:test:     [36m/>[39m
@qbs-autonaim/recruitment-assistant-extension:test:   [36m</svg>[39m
@qbs-autonaim/recruitment-assistant-extension:test:   [36m<span[39m
@qbs-autonaim/recruitment-assistant-extension:test:     [33mstyle[39m=[32m"white-space: nowrap;"[39m
@qbs-autonaim/recruitment-assistant-extension:test:   [36m>[39m
@qbs-autonaim/recruitment-assistant-extension:test:     [0m╨Ш╨╖╨▓╨╗╨╡╤З╨╡╨╜╨╕╨╡ ╨┤╨░╨╜╨╜╤Л╤ЕтАж[0m
@qbs-autonaim/recruitment-assistant-extension:test:   [36m</span>[39m
@qbs-autonaim/recruitment-assistant-extension:test: [36m</button>[39m
@qbs-autonaim/recruitment-assistant-extension:test: 
@qbs-autonaim/recruitment-assistant-extension:test: Ignored nodes: comments, script, style
@qbs-autonaim/recruitment-assistant-extension:test: [36m<button[39m
@qbs-autonaim/recruitment-assistant-extension:test:   [33maria-busy[39m=[32m"true"[39m
@qbs-autonaim/recruitment-assistant-extension:test:   [33maria-label[39m=[32m"╨Ш╨╖╨▓╨╗╨╡╤З╤М ╨┤╨░╨╜╨╜╤Л╨╡ ╨┐╤А╨╛╤Д╨╕╨╗╤П ╨║╨░╨╜╨┤╨╕╨┤╨░╤В╨░"[39m
@qbs-autonaim/recruitment-assistant-extension:test:   [33maria-live[39m=[32m"polite"[39m
@qbs-autonaim/recruitment-assistant-extension:test:   [33mdisabled[39m=[32m""[39m
@qbs-autonaim/recruitment-assistant-extension:test:   [33mstyle[39m=[32m"min-width: 44px; min-height: 44px; padding: 12px 24px; font-size: 16px; font-weight: 500; color: #ffffff; background-color: #6b7280; border: none none; border-radius: 8px; cursor: not-allowed; touch-action: manipulation; transition: background-color 0.2s ease, transform 0.1s ease, box-shadow 0.2s ease; display: flex; align-items: center; justify-content: center; gap: 8px; box-shadow: 0 1px 3px 0 rgba(0, 0, 0, 0.1), 0 1px 2px -1px rgba(0, 0, 0, 0.1); position: relative; outline-color: none; outline-style: none; outline-width: initial;"[39m
@qbs-autonaim/recruitment-assistant-extension:test:   [33mtype[39m=[32m"button"[39m
@qbs-autonaim/recruitment-assistant-extension:test: [36m>[39m
@qbs-autonaim/recruitment-assistant-extension:test:   [36m<svg[39m
@qbs-autonaim/recruitment-assistant-extension:test:     [33maria-hidden[39m=[32m"true"[39m
@qbs-autonaim/recruitment-assistant-extension:test:     [33mfill[39m=[32m"none"[39m
@qbs-autonaim/recruitment-assistant-extension:test:     [33mrole[39m=[32m"presentation"[39m
@qbs-autonaim/recruitment-assistant-extension:test:     [33mstyle[39m=[32m"width: 16px; height: 16px; animation: spin 1s linear infinite; flex-shrink: 0;"[39m
@qbs-autonaim/recruitment-assistant-extension:test:     [33mviewBox[39m=[32m"0 0 24 24"[39m
@qbs-autonaim/recruitment-assistant-extension:test:   [36m>[39m
@qbs-autonaim/recruitment-assistant-extension:test:     [36m<circle[39m
@qbs-autonaim/recruitment-assistant-extension:test:       [33mcx[39m=[32m"12"[39m
@qbs-autonaim/recruitment-assistant-extension:test:       [33mcy[39m=[32m"12"[39m
@qbs-autonaim/recruitment-assistant-extension:test:       [33mr[39m=[32m"10"[39m
@qbs-autonaim/recruitment-assistant-extension:test:       [33mstroke[39m=[32m"currentColor"[39m
@qbs-autonaim/recruitment-assistant-extension:test:       [33mstroke-opacity[39m=[32m"0.25"[39m
@qbs-autonaim/recruitment-assistant-extension:test:       [33mstroke-width[39m=[32m"4"[39m
@qbs-autonaim/recruitment-assistant-extension:test:     [36m/>[39m
@qbs-autonaim/recruitment-assistant-extension:test:     [36m<path[39m
@qbs-autonaim/recruitment-assistant-extension:test:       [33md[39m=[32m"M4 12a8 8 0 018-8V0C5.373 0 0 5.373 0 12h4zm2 5.291A7.962 7.962 0 014 12H0c0 3.042 1.135 5.824 3 7.938l3-2.647z"[39m
@qbs-autonaim/recruitment-assistant-extension:test:       [33mfill[39m=[32m"currentColor"[39m
@qbs-autonaim/recruitment-assistant-extension:test:       [33mopacity[39m=[32m"0.75"[39m
@qbs-autonaim/recruitment-assistant-extension:test:     [36m/>[39m
@qbs-autonaim/recruitment-assistant-extension:test:   [36m</svg>[39m
@qbs-autonaim/recruitment-assistant-extension:test:   [36m<span[39m
@qbs-autonaim/recruitment-assistant-extension:test:     [33mstyle[39m=[32m"white-space: nowrap;"[39m
@qbs-autonaim/recruitment-assistant-extension:test:   [36m>[39m
@qbs-autonaim/recruitment-assistant-extension:test:     [0m╨Ш╨╖╨▓╨╗╨╡╤З╨╡╨╜╨╕╨╡ ╨┤╨░╨╜╨╜╤Л╤ЕтАж[0m
@qbs-autonaim/recruitment-assistant-extension:test:   [36m</span>[39m
@qbs-autonaim/recruitment-assistant-extension:test: [36m</button>[39m
@qbs-autonaim/recruitment-assistant-extension:test: 
@qbs-autonaim/recruitment-assistant-extension:test: Ignored nodes: comments, script, style
@qbs-autonaim/recruitment-assistant-extension:test: [36m<button[39m
@qbs-autonaim/recruitment-assistant-extension:test:   [33maria-busy[39m=[32m"false"[39m
@qbs-autonaim/recruitment-assistant-extension:test:   [33maria-label[39m=[32m"╨Ш╨╖╨▓╨╗╨╡╤З╤М ╨┤╨░╨╜╨╜╤Л╨╡ ╨┐╤А╨╛╤Д╨╕╨╗╤П ╨║╨░╨╜╨┤╨╕╨┤╨░╤В╨░"[39m
@qbs-autonaim/recruitment-assistant-extension:test:   [33maria-live[39m=[32m"polite"[39m
@qbs-autonaim/recruitment-assistant-extension:test:   [33mstyle[39m=[32m"min-width: 44px; min-height: 44px; padding: 12px 24px; font-size: 16px; font-weight: 500; color: #ffffff; background-color: #2563eb; border: none none; border-radius: 8px; cursor: pointer; touch-action: manipulation; transition: background-color 0.2s ease, transform 0.1s ease, box-shadow 0.2s ease; display: flex; align-items: center; justify-content: center; gap: 8px; box-shadow: 0 1px 3px 0 rgba(0, 0, 0, 0.1), 0 1px 2px -1px rgba(0, 0, 0, 0.1); position: relative; outline-color: none; outline-style: none; outline-width: initial;"[39m
@qbs-autonaim/recruitment-assistant-extension:test:   [33mtype[39m=[32m"button"[39m
@qbs-autonaim/recruitment-assistant-extension:test: [36m>[39m
@qbs-autonaim/recruitment-assistant-extension:test:   [36m<span[39m
@qbs-autonaim/recruitment-assistant-extension:test:     [33mstyle[39m=[32m"white-space: nowrap;"[39m
@qbs-autonaim/recruitment-assistant-extension:test:   [36m>[39m
@qbs-autonaim/recruitment-assistant-extension:test:     [0m╨Ш╨╖╨▓╨╗╨╡╤З╤М ╨┤╨░╨╜╨╜╤Л╨╡[0m
@qbs-autonaim/recruitment-assistant-extension:test:   [36m</span>[39m
@qbs-autonaim/recruitment-assistant-extension:test: [36m</button>[39m
@qbs-autonaim/recruitment-assistant-extension:test: 
@qbs-autonaim/recruitment-assistant-extension:test: Ignored nodes: comments, script, style
@qbs-autonaim/recruitment-assistant-extension:test: [36m<button[39m
@qbs-autonaim/recruitment-assistant-extension:test:   [33maria-busy[39m=[32m"false"[39m
@qbs-autonaim/recruitment-assistant-extension:test:   [33maria-label[39m=[32m"╨Ш╨╖╨▓╨╗╨╡╤З╤М ╨┤╨░╨╜╨╜╤Л╨╡ ╨┐╤А╨╛╤Д╨╕╨╗╤П ╨║╨░╨╜╨┤╨╕╨┤╨░╤В╨░"[39m
@qbs-autonaim/recruitment-assistant-extension:test:   [33maria-live[39m=[32m"polite"[39m
@qbs-autonaim/recruitment-assistant-extension:test:   [33mstyle[39m=[32m"min-width: 44px; min-height: 44px; padding: 12px 24px; font-size: 16px; font-weight: 500; color: #ffffff; background-color: #2563eb; border: none none; border-radius: 8px; cursor: pointer; touch-action: manipulation; transition: background-color 0.2s ease, transform 0.1s ease, box-shadow 0.2s ease; display: flex; align-items: center; justify-content: center; gap: 8px; box-shadow: 0 1px 3px 0 rgba(0, 0, 0, 0.1), 0 1px 2px -1px rgba(0, 0, 0, 0.1); position: relative; outline-color: none; outline-style: none; outline-width: initial;"[39m
@qbs-autonaim/recruitment-assistant-extension:test:   [33mtype[39m=[32m"button"[39m
@qbs-autonaim/recruitment-assistant-extension:test: [36m>[39m
@qbs-autonaim/recruitment-assistant-extension:test:   [36m<span[39m
@qbs-autonaim/recruitment-assistant-extension:test:     [33mstyle[39m=[32m"white-space: nowrap;"[39m
@qbs-autonaim/recruitment-assistant-extension:test:   [36m>[39m
@qbs-autonaim/recruitment-assistant-extension:test:     [0m╨Ш╨╖╨▓╨╗╨╡╤З╤М ╨┤╨░╨╜╨╜╤Л╨╡[0m
@qbs-autonaim/recruitment-assistant-extension:test:   [36m</span>[39m
@qbs-autonaim/recruitment-assistant-extension:test: [36m</button>[39m
@qbs-autonaim/recruitment-assistant-extension:test: 
@qbs-autonaim/recruitment-assistant-extension:test: Ignored nodes: comments, script, style
@qbs-autonaim/recruitment-assistant-extension:test: [36m<button[39m
@qbs-autonaim/recruitment-assistant-extension:test:   [33maria-busy[39m=[32m"false"[39m
@qbs-autonaim/recruitment-assistant-extension:test:   [33maria-label[39m=[32m"╨Ш╨╖╨▓╨╗╨╡╤З╤М ╨┤╨░╨╜╨╜╤Л╨╡ ╨┐╤А╨╛╤Д╨╕╨╗╤П ╨║╨░╨╜╨┤╨╕╨┤╨░╤В╨░"[39m
@qbs-autonaim/recruitment-assistant-extension:test:   [33maria-live[39m=[32m"polite"[39m
@qbs-autonaim/recruitment-assistant-extension:test:   [33mstyle[39m=[32m"min-width: 44px; min-height: 44px; padding: 12px 24px; font-size: 16px; font-weight: 500; color: #ffffff; background-color: #2563eb; border: none none; border-radius: 8px; cursor: pointer; touch-action: manipulation; transition: background-color 0.2s ease, transform 0.1s ease, box-shadow 0.2s ease; display: flex; align-items: center; justify-content: center; gap: 8px; box-shadow: 0 1px 3px 0 rgba(0, 0, 0, 0.1), 0 1px 2px -1px rgba(0, 0, 0, 0.1); position: relative; outline-color: none; outline-style: none; outline-width: initial;"[39m
@qbs-autonaim/recruitment-assistant-extension:test:   [33mtype[39m=[32m"button"[39m
@qbs-autonaim/recruitment-assistant-extension:test: [36m>[39m
@qbs-autonaim/recruitment-assistant-extension:test:   [36m<span[39m
@qbs-autonaim/recruitment-assistant-extension:test:     [33mstyle[39m=[32m"white-space: nowrap;"[39m
@qbs-autonaim/recruitment-assistant-extension:test:   [36m>[39m
@qbs-autonaim/recruitment-assistant-extension:test:     [0m╨Ш╨╖╨▓╨╗╨╡╤З╤М ╨┤╨░╨╜╨╜╤Л╨╡[0m
@qbs-autonaim/recruitment-assistant-extension:test:   [36m</span>[39m
@qbs-autonaim/recruitment-assistant-extension:test: [36m</button>[39m
@qbs-autonaim/recruitment-assistant-extension:test: 
@qbs-autonaim/recruitment-assistant-extension:test: Ignored nodes: comments, script, style
@qbs-autonaim/recruitment-assistant-extension:test: [36m<button[39m
@qbs-autonaim/recruitment-assistant-extension:test:   [33maria-busy[39m=[32m"true"[39m
@qbs-autonaim/recruitment-assistant-extension:test:   [33maria-label[39m=[32m"╨Ш╨╖╨▓╨╗╨╡╤З╤М ╨┤╨░╨╜╨╜╤Л╨╡ ╨┐╤А╨╛╤Д╨╕╨╗╤П ╨║╨░╨╜╨┤╨╕╨┤╨░╤В╨░"[39m
@qbs-autonaim/recruitment-assistant-extension:test:   [33maria-live[39m=[32m"polite"[39m
@qbs-autonaim/recruitment-assistant-extension:test:   [33mdisabled[39m=[32m""[39m
@qbs-autonaim/recruitment-assistant-extension:test:   [33mstyle[39m=[32m"min-width: 44px; min-height: 44px; padding: 12px 24px; font-size: 16px; font-weight: 500; color: #ffffff; background-color: #6b7280; border: none none; border-radius: 8px; cursor: not-allowed; touch-action: manipulation; transition: background-color 0.2s ease, transform 0.1s ease, box-shadow 0.2s ease; display: flex; align-items: center; justify-content: center; gap: 8px; box-shadow: 0 1px 3px 0 rgba(0, 0, 0, 0.1), 0 1px 2px -1px rgba(0, 0, 0, 0.1); position: relative; outline-color: none; outline-style: none; outline-width: initial;"[39m
@qbs-autonaim/recruitment-assistant-extension:test:   [33mtype[39m=[32m"button"[39m
@qbs-autonaim/recruitment-assistant-extension:test: [36m>[39m
@qbs-autonaim/recruitment-assistant-extension:test:   [36m<svg[39m
@qbs-autonaim/recruitment-assistant-extension:test:     [33maria-hidden[39m=[32m"true"[39m
@qbs-autonaim/recruitment-assistant-extension:test:     [33mfill[39m=[32m"none"[39m
@qbs-autonaim/recruitment-assistant-extension:test:     [33mrole[39m=[32m"presentation"[39m
@qbs-autonaim/recruitment-assistant-extension:test:     [33mstyle[39m=[32m"width: 16px; height: 16px; animation: spin 1s linear infinite; flex-shrink: 0;"[39m
@qbs-autonaim/recruitment-assistant-extension:test:     [33mviewBox[39m=[32m"0 0 24 24"[39m
@qbs-autonaim/recruitment-assistant-extension:test:   [36m>[39m
@qbs-autonaim/recruitment-assistant-extension:test:     [36m<circle[39m
@qbs-autonaim/recruitment-assistant-extension:test:       [33mcx[39m=[32m"12"[39m
@qbs-autonaim/recruitment-assistant-extension:test:       [33mcy[39m=[32m"12"[39m
@qbs-autonaim/recruitment-assistant-extension:test:       [33mr[39m=[32m"10"[39m
@qbs-autonaim/recruitment-assistant-extension:test:       [33mstroke[39m=[32m"currentColor"[39m
@qbs-autonaim/recruitment-assistant-extension:test:       [33mstroke-opacity[39m=[32m"0.25"[39m
@qbs-autonaim/recruitment-assistant-extension:test:       [33mstroke-width[39m=[32m"4"[39m
@qbs-autonaim/recruitment-assistant-extension:test:     [36m/>[39m
@qbs-autonaim/recruitment-assistant-extension:test:     [36m<path[39m
@qbs-autonaim/recruitment-assistant-extension:test:       [33md[39m=[32m"M4 12a8 8 0 018-8V0C5.373 0 0 5.373 0 12h4zm2 5.291A7.962 7.962 0 014 12H0c0 3.042 1.135 5.824 3 7.938l3-2.647z"[39m
@qbs-autonaim/recruitment-assistant-extension:test:       [33mfill[39m=[32m"currentColor"[39m
@qbs-autonaim/recruitment-assistant-extension:test:       [33mopacity[39m=[32m"0.75"[39m
@qbs-autonaim/recruitment-assistant-extension:test:     [36m/>[39m
@qbs-autonaim/recruitment-assistant-extension:test:   [36m</svg>[39m
@qbs-autonaim/recruitment-assistant-extension:test:   [36m<span[39m
@qbs-autonaim/recruitment-assistant-extension:test:     [33mstyle[39m=[32m"white-space: nowrap;"[39m
@qbs-autonaim/recruitment-assistant-extension:test:   [36m>[39m
@qbs-autonaim/recruitment-assistant-extension:test:     [0m╨Ш╨╖╨▓╨╗╨╡╤З╨╡╨╜╨╕╨╡ ╨┤╨░╨╜╨╜╤Л╤ЕтАж[0m
@qbs-autonaim/recruitment-assistant-extension:test:   [36m</span>[39m
@qbs-autonaim/recruitment-assistant-extension:test: [36m</button>[39m
@qbs-autonaim/recruitment-assistant-extension:test: 
@qbs-autonaim/recruitment-assistant-extension:test: Ignored nodes: comments, script, style
@qbs-autonaim/recruitment-assistant-extension:test: [36m<button[39m
@qbs-autonaim/recruitment-assistant-extension:test:   [33maria-busy[39m=[32m"false"[39m
@qbs-autonaim/recruitment-assistant-extension:test:   [33maria-label[39m=[32m"╨Ш╨╖╨▓╨╗╨╡╤З╤М ╨┤╨░╨╜╨╜╤Л╨╡ ╨┐╤А╨╛╤Д╨╕╨╗╤П ╨║╨░╨╜╨┤╨╕╨┤╨░╤В╨░"[39m
@qbs-autonaim/recruitment-assistant-extension:test:   [33maria-live[39m=[32m"polite"[39m
@qbs-autonaim/recruitment-assistant-extension:test:   [33mstyle[39m=[32m"min-width: 44px; min-height: 44px; padding: 12px 24px; font-size: 16px; font-weight: 500; color: #ffffff; background-color: #2563eb; border: none none; border-radius: 8px; cursor: pointer; touch-action: manipulation; transition: background-color 0.2s ease, transform 0.1s ease, box-shadow 0.2s ease; display: flex; align-items: center; justify-content: center; gap: 8px; box-shadow: 0 1px 3px 0 rgba(0, 0, 0, 0.1), 0 1px 2px -1px rgba(0, 0, 0, 0.1); position: relative; outline-color: none; outline-style: none; outline-width: initial;"[39m
@qbs-autonaim/recruitment-assistant-extension:test:   [33mtype[39m=[32m"button"[39m
@qbs-autonaim/recruitment-assistant-extension:test: [36m>[39m
@qbs-autonaim/recruitment-assistant-extension:test:   [36m<span[39m
@qbs-autonaim/recruitment-assistant-extension:test:     [33mstyle[39m=[32m"white-space: nowrap;"[39m
@qbs-autonaim/recruitment-assistant-extension:test:   [36m>[39m
@qbs-autonaim/recruitment-assistant-extension:test:     [0m╨Ш╨╖╨▓╨╗╨╡╤З╤М ╨┤╨░╨╜╨╜╤Л╨╡[0m
@qbs-autonaim/recruitment-assistant-extension:test:   [36m</span>[39m
@qbs-autonaim/recruitment-assistant-extension:test: [36m</button>[39m
@qbs-autonaim/recruitment-assistant-extension:test: 
@qbs-autonaim/recruitment-assistant-extension:test: Ignored nodes: comments, script, style
@qbs-autonaim/recruitment-assistant-extension:test: [36m<button[39m
@qbs-autonaim/recruitment-assistant-extension:test:   [33maria-busy[39m=[32m"true"[39m
@qbs-autonaim/recruitment-assistant-extension:test:   [33maria-label[39m=[32m"╨Ш╨╖╨▓╨╗╨╡╤З╤М ╨┤╨░╨╜╨╜╤Л╨╡ ╨┐╤А╨╛╤Д╨╕╨╗╤П ╨║╨░╨╜╨┤╨╕╨┤╨░╤В╨░"[39m
@qbs-autonaim/recruitment-assistant-extension:test:   [33maria-live[39m=[32m"polite"[39m
@qbs-autonaim/recruitment-assistant-extension:test:   [33mdisabled[39m=[32m""[39m
@qbs-autonaim/recruitment-assistant-extension:test:   [33mstyle[39m=[32m"min-width: 44px; min-height: 44px; padding: 12px 24px; font-size: 16px; font-weight: 500; color: #ffffff; background-color: #6b7280; border: none none; border-radius: 8px; cursor: not-allowed; touch-action: manipulation; transition: background-color 0.2s ease, transform 0.1s ease, box-shadow 0.2s ease; display: flex; align-items: center; justify-content: center; gap: 8px; box-shadow: 0 1px 3px 0 rgba(0, 0, 0, 0.1), 0 1px 2px -1px rgba(0, 0, 0, 0.1); position: relative; outline-color: none; outline-style: none; outline-width: initial;"[39m
@qbs-autonaim/recruitment-assistant-extension:test:   [33mtype[39m=[32m"button"[39m
@qbs-autonaim/recruitment-assistant-extension:test: [36m>[39m
@qbs-autonaim/recruitment-assistant-extension:test:   [36m<svg[39m
@qbs-autonaim/recruitment-assistant-extension:test:     [33maria-hidden[39m=[32m"true"[39m
@qbs-autonaim/recruitment-assistant-extension:test:     [33mfill[39m=[32m"none"[39m
@qbs-autonaim/recruitment-assistant-extension:test:     [33mrole[39m=[32m"presentation"[39m
@qbs-autonaim/recruitment-assistant-extension:test:     [33mstyle[39m=[32m"width: 16px; height: 16px; animation: spin 1s linear infinite; flex-shrink: 0;"[39m
@qbs-autonaim/recruitment-assistant-extension:test:     [33mviewBox[39m=[32m"0 0 24 24"[39m
@qbs-autonaim/recruitment-assistant-extension:test:   [36m>[39m
@qbs-autonaim/recruitment-assistant-extension:test:     [36m<circle[39m
@qbs-autonaim/recruitment-assistant-extension:test:       [33mcx[39m=[32m"12"[39m
@qbs-autonaim/recruitment-assistant-extension:test:       [33mcy[39m=[32m"12"[39m
@qbs-autonaim/recruitment-assistant-extension:test:       [33mr[39m=[32m"10"[39m
@qbs-autonaim/recruitment-assistant-extension:test:       [33mstroke[39m=[32m"currentColor"[39m
@qbs-autonaim/recruitment-assistant-extension:test:       [33mstroke-opacity[39m=[32m"0.25"[39m
@qbs-autonaim/recruitment-assistant-extension:test:       [33mstroke-width[39m=[32m"4"[39m
@qbs-autonaim/recruitment-assistant-extension:test:     [36m/>[39m
@qbs-autonaim/recruitment-assistant-extension:test:     [36m<path[39m
@qbs-autonaim/recruitment-assistant-extension:test:       [33md[39m=[32m"M4 12a8 8 0 018-8V0C5.373 0 0 5.373 0 12h4zm2 5.291A7.962 7.962 0 014 12H0c0 3.042 1.135 5.824 3 7.938l3-2.647z"[39m
@qbs-autonaim/recruitment-assistant-extension:test:       [33mfill[39m=[32m"currentColor"[39m
@qbs-autonaim/recruitment-assistant-extension:test:       [33mopacity[39m=[32m"0.75"[39m
@qbs-autonaim/recruitment-assistant-extension:test:     [36m/>[39m
@qbs-autonaim/recruitment-assistant-extension:test:   [36m</svg>[39m
@qbs-autonaim/recruitment-assistant-extension:test:   [36m<span[39m
@qbs-autonaim/recruitment-assistant-extension:test:     [33mstyle[39m=[32m"white-space: nowrap;"[39m
@qbs-autonaim/recruitment-assistant-extension:test:   [36m>[39m
@qbs-autonaim/recruitment-assistant-extension:test:     [0m╨Ш╨╖╨▓╨╗╨╡╤З╨╡╨╜╨╕╨╡ ╨┤╨░╨╜╨╜╤Л╤ЕтАж[0m
@qbs-autonaim/recruitment-assistant-extension:test:   [36m</span>[39m
@qbs-autonaim/recruitment-assistant-extension:test: [36m</button>[39m
@qbs-autonaim/recruitment-assistant-extension:test: 
@qbs-autonaim/recruitment-assistant-extension:test: Ignored nodes: comments, script, style
@qbs-autonaim/recruitment-assistant-extension:test: [36m<button[39m
@qbs-autonaim/recruitment-assistant-extension:test:   [33maria-busy[39m=[32m"false"[39m
@qbs-autonaim/recruitment-assistant-extension:test:   [33maria-label[39m=[32m"╨Ш╨╖╨▓╨╗╨╡╤З╤М ╨┤╨░╨╜╨╜╤Л╨╡ ╨┐╤А╨╛╤Д╨╕╨╗╤П ╨║╨░╨╜╨┤╨╕╨┤╨░╤В╨░"[39m
@qbs-autonaim/recruitment-assistant-extension:test:   [33maria-live[39m=[32m"polite"[39m
@qbs-autonaim/recruitment-assistant-extension:test:   [33mstyle[39m=[32m"min-width: 44px; min-height: 44px; padding: 12px 24px; font-size: 16px; font-weight: 500; color: #ffffff; background-color: #2563eb; border: none none; border-radius: 8px; cursor: pointer; touch-action: manipulation; transition: background-color 0.2s ease, transform 0.1s ease, box-shadow 0.2s ease; display: flex; align-items: center; justify-content: center; gap: 8px; box-shadow: 0 1px 3px 0 rgba(0, 0, 0, 0.1), 0 1px 2px -1px rgba(0, 0, 0, 0.1); position: relative; outline-color: none; outline-style: none; outline-width: initial;"[39m
@qbs-autonaim/recruitment-assistant-extension:test:   [33mtype[39m=[32m"button"[39m
@qbs-autonaim/recruitment-assistant-extension:test: [36m>[39m
@qbs-autonaim/recruitment-assistant-extension:test:   [36m<span[39m
@qbs-autonaim/recruitment-assistant-extension:test:     [33mstyle[39m=[32m"white-space: nowrap;"[39m
@qbs-autonaim/recruitment-assistant-extension:test:   [36m>[39m
@qbs-autonaim/recruitment-assistant-extension:test:     [0m╨Ш╨╖╨▓╨╗╨╡╤З╤М ╨┤╨░╨╜╨╜╤Л╨╡[0m
@qbs-autonaim/recruitment-assistant-extension:test:   [36m</span>[39m
@qbs-autonaim/recruitment-assistant-extension:test: [36m</button>[39m
@qbs-autonaim/recruitment-assistant-extension:test: 
@qbs-autonaim/recruitment-assistant-extension:test: Ignored nodes: comments, script, style
@qbs-autonaim/recruitment-assistant-extension:test: [36m<button[39m
@qbs-autonaim/recruitment-assistant-extension:test:   [33maria-busy[39m=[32m"true"[39m
@qbs-autonaim/recruitment-assistant-extension:test:   [33maria-label[39m=[32m"╨Ш╨╖╨▓╨╗╨╡╤З╤М ╨┤╨░╨╜╨╜╤Л╨╡ ╨┐╤А╨╛╤Д╨╕╨╗╤П ╨║╨░╨╜╨┤╨╕╨┤╨░╤В╨░"[39m
@qbs-autonaim/recruitment-assistant-extension:test:   [33maria-live[39m=[32m"polite"[39m
@qbs-autonaim/recruitment-assistant-extension:test:   [33mdisabled[39m=[32m""[39m
@qbs-autonaim/recruitment-assistant-extension:test:   [33mstyle[39m=[32m"min-width: 44px; min-height: 44px; padding: 12px 24px; font-size: 16px; font-weight: 500; color: #ffffff; background-color: #6b7280; border: none none; border-radius: 8px; cursor: not-allowed; touch-action: manipulation; transition: background-color 0.2s ease, transform 0.1s ease, box-shadow 0.2s ease; display: flex; align-items: center; justify-content: center; gap: 8px; box-shadow: 0 1px 3px 0 rgba(0, 0, 0, 0.1), 0 1px 2px -1px rgba(0, 0, 0, 0.1); position: relative; outline-color: none; outline-style: none; outline-width: initial;"[39m
@qbs-autonaim/recruitment-assistant-extension:test:   [33mtype[39m=[32m"button"[39m
@qbs-autonaim/recruitment-assistant-extension:test: [36m>[39m
@qbs-autonaim/recruitment-assistant-extension:test:   [36m<svg[39m
@qbs-autonaim/recruitment-assistant-extension:test:     [33maria-hidden[39m=[32m"true"[39m
@qbs-autonaim/recruitment-assistant-extension:test:     [33mfill[39m=[32m"none"[39m
@qbs-autonaim/recruitment-assistant-extension:test:     [33mrole[39m=[32m"presentation"[39m
@qbs-autonaim/recruitment-assistant-extension:test:     [33mstyle[39m=[32m"width: 16px; height: 16px; animation: spin 1s linear infinite; flex-shrink: 0;"[39m
@qbs-autonaim/recruitment-assistant-extension:test:     [33mviewBox[39m=[32m"0 0 24 24"[39m
@qbs-autonaim/recruitment-assistant-extension:test:   [36m>[39m
@qbs-autonaim/recruitment-assistant-extension:test:     [36m<circle[39m
@qbs-autonaim/recruitment-assistant-extension:test:       [33mcx[39m=[32m"12"[39m
@qbs-autonaim/recruitment-assistant-extension:test:       [33mcy[39m=[32m"12"[39m
@qbs-autonaim/recruitment-assistant-extension:test:       [33mr[39m=[32m"10"[39m
@qbs-autonaim/recruitment-assistant-extension:test:       [33mstroke[39m=[32m"currentColor"[39m
@qbs-autonaim/recruitment-assistant-extension:test:       [33mstroke-opacity[39m=[32m"0.25"[39m
@qbs-autonaim/recruitment-assistant-extension:test:       [33mstroke-width[39m=[32m"4"[39m
@qbs-autonaim/recruitment-assistant-extension:test:     [36m/>[39m
@qbs-autonaim/recruitment-assistant-extension:test:     [36m<path[39m
@qbs-autonaim/recruitment-assistant-extension:test:       [33md[39m=[32m"M4 12a8 8 0 018-8V0C5.373 0 0 5.373 0 12h4zm2 5.291A7.962 7.962 0 014 12H0c0 3.042 1.135 5.824 3 7.938l3-2.647z"[39m
@qbs-autonaim/recruitment-assistant-extension:test:       [33mfill[39m=[32m"currentColor"[39m
@qbs-autonaim/recruitment-assistant-extension:test:       [33mopacity[39m=[32m"0.75"[39m
@qbs-autonaim/recruitment-assistant-extension:test:     [36m/>[39m
@qbs-autonaim/recruitment-assistant-extension:test:   [36m</svg>[39m
@qbs-autonaim/recruitment-assistant-extension:test:   [36m<span[39m
@qbs-autonaim/recruitment-assistant-extension:test:     [33mstyle[39m=[32m"white-space: nowrap;"[39m
@qbs-autonaim/recruitment-assistant-extension:test:   [36m>[39m
@qbs-autonaim/recruitment-assistant-extension:test:     [0m╨Ш╨╖╨▓╨╗╨╡╤З╨╡╨╜╨╕╨╡ ╨┤╨░╨╜╨╜╤Л╤ЕтАж[0m
@qbs-autonaim/recruitment-assistant-extension:test:   [36m</span>[39m
@qbs-autonaim/recruitment-assistant-extension:test: [36m</button>[39m
@qbs-autonaim/recruitment-assistant-extension:test: 
@qbs-autonaim/recruitment-assistant-extension:test: Ignored nodes: comments, script, style
@qbs-autonaim/recruitment-assistant-extension:test: [36m<button[39m
@qbs-autonaim/recruitment-assistant-extension:test:   [33maria-busy[39m=[32m"true"[39m
@qbs-autonaim/recruitment-assistant-extension:test:   [33maria-label[39m=[32m"╨Ш╨╖╨▓╨╗╨╡╤З╤М ╨┤╨░╨╜╨╜╤Л╨╡ ╨┐╤А╨╛╤Д╨╕╨╗╤П ╨║╨░╨╜╨┤╨╕╨┤╨░╤В╨░"[39m
@qbs-autonaim/recruitment-assistant-extension:test:   [33maria-live[39m=[32m"polite"[39m
@qbs-autonaim/recruitment-assistant-extension:test:   [33mdisabled[39m=[32m""[39m
@qbs-autonaim/recruitment-assistant-extension:test:   [33mstyle[39m=[32m"min-width: 44px; min-height: 44px; padding: 12px 24px; font-size: 16px; font-weight: 500; color: #ffffff; background-color: #6b7280; border: none none; border-radius: 8px; cursor: not-allowed; touch-action: manipulation; transition: background-color 0.2s ease, transform 0.1s ease, box-shadow 0.2s ease; display: flex; align-items: center; justify-content: center; gap: 8px; box-shadow: 0 1px 3px 0 rgba(0, 0, 0, 0.1), 0 1px 2px -1px rgba(0, 0, 0, 0.1); position: relative; outline-color: none; outline-style: none; outline-width: initial;"[39m
@qbs-autonaim/recruitment-assistant-extension:test:   [33mtype[39m=[32m"button"[39m
@qbs-autonaim/recruitment-assistant-extension:test: [36m>[39m
@qbs-autonaim/recruitment-assistant-extension:test:   [36m<svg[39m
@qbs-autonaim/recruitment-assistant-extension:test:     [33maria-hidden[39m=[32m"true"[39m
@qbs-autonaim/recruitment-assistant-extension:test:     [33mfill[39m=[32m"none"[39m
@qbs-autonaim/recruitment-assistant-extension:test:     [33mrole[39m=[32m"presentation"[39m
@qbs-autonaim/recruitment-assistant-extension:test:     [33mstyle[39m=[32m"width: 16px; height: 16px; animation: spin 1s linear infinite; flex-shrink: 0;"[39m
@qbs-autonaim/recruitment-assistant-extension:test:     [33mviewBox[39m=[32m"0 0 24 24"[39m
@qbs-autonaim/recruitment-assistant-extension:test:   [36m>[39m
@qbs-autonaim/recruitment-assistant-extension:test:     [36m<circle[39m
@qbs-autonaim/recruitment-assistant-extension:test:       [33mcx[39m=[32m"12"[39m
@qbs-autonaim/recruitment-assistant-extension:test:       [33mcy[39m=[32m"12"[39m
@qbs-autonaim/recruitment-assistant-extension:test:       [33mr[39m=[32m"10"[39m
@qbs-autonaim/recruitment-assistant-extension:test:       [33mstroke[39m=[32m"currentColor"[39m
@qbs-autonaim/recruitment-assistant-extension:test:       [33mstroke-opacity[39m=[32m"0.25"[39m
@qbs-autonaim/recruitment-assistant-extension:test:       [33mstroke-width[39m=[32m"4"[39m
@qbs-autonaim/recruitment-assistant-extension:test:     [36m/>[39m
@qbs-autonaim/recruitment-assistant-extension:test:     [36m<path[39m
@qbs-autonaim/recruitment-assistant-extension:test:       [33md[39m=[32m"M4 12a8 8 0 018-8V0C5.373 0 0 5.373 0 12h4zm2 5.291A7.962 7.962 0 014 12H0c0 3.042 1.135 5.824 3 7.938l3-2.647z"[39m
@qbs-autonaim/recruitment-assistant-extension:test:       [33mfill[39m=[32m"currentColor"[39m
@qbs-autonaim/recruitment-assistant-extension:test:       [33mopacity[39m=[32m"0.75"[39m
@qbs-autonaim/recruitment-assistant-extension:test:     [36m/>[39m
@qbs-autonaim/recruitment-assistant-extension:test:   [36m</svg>[39m
@qbs-autonaim/recruitment-assistant-extension:test:   [36m<span[39m
@qbs-autonaim/recruitment-assistant-extension:test:     [33mstyle[39m=[32m"white-space: nowrap;"[39m
@qbs-autonaim/recruitment-assistant-extension:test:   [36m>[39m
@qbs-autonaim/recruitment-assistant-extension:test:     [0m╨Ш╨╖╨▓╨╗╨╡╤З╨╡╨╜╨╕╨╡ ╨┤╨░╨╜╨╜╤Л╤ЕтАж[0m
@qbs-autonaim/recruitment-assistant-extension:test:   [36m</span>[39m
@qbs-autonaim/recruitment-assistant-extension:test: [36m</button>[39m
@qbs-autonaim/recruitment-assistant-extension:test: 
@qbs-autonaim/recruitment-assistant-extension:test: Ignored nodes: comments, script, style
@qbs-autonaim/recruitment-assistant-extension:test: [36m<button[39m
@qbs-autonaim/recruitment-assistant-extension:test:   [33maria-busy[39m=[32m"false"[39m
@qbs-autonaim/recruitment-assistant-extension:test:   [33maria-label[39m=[32m"╨Ш╨╖╨▓╨╗╨╡╤З╤М ╨┤╨░╨╜╨╜╤Л╨╡ ╨┐╤А╨╛╤Д╨╕╨╗╤П ╨║╨░╨╜╨┤╨╕╨┤╨░╤В╨░"[39m
@qbs-autonaim/recruitment-assistant-extension:test:   [33maria-live[39m=[32m"polite"[39m
@qbs-autonaim/recruitment-assistant-extension:test:   [33mstyle[39m=[32m"min-width: 44px; min-height: 44px; padding: 12px 24px; font-size: 16px; font-weight: 500; color: #ffffff; background-color: #2563eb; border: none none; border-radius: 8px; cursor: pointer; touch-action: manipulation; transition: background-color 0.2s ease, transform 0.1s ease, box-shadow 0.2s ease; display: flex; align-items: center; justify-content: center; gap: 8px; box-shadow: 0 1px 3px 0 rgba(0, 0, 0, 0.1), 0 1px 2px -1px rgba(0, 0, 0, 0.1); position: relative; outline-color: none; outline-style: none; outline-width: initial;"[39m
@qbs-autonaim/recruitment-assistant-extension:test:   [33mtype[39m=[32m"button"[39m
@qbs-autonaim/recruitment-assistant-extension:test: [36m>[39m
@qbs-autonaim/recruitment-assistant-extension:test:   [36m<span[39m
@qbs-autonaim/recruitment-assistant-extension:test:     [33mstyle[39m=[32m"white-space: nowrap;"[39m
@qbs-autonaim/recruitment-assistant-extension:test:   [36m>[39m
@qbs-autonaim/recruitment-assistant-extension:test:     [0m╨Ш╨╖╨▓╨╗╨╡╤З╤М ╨┤╨░╨╜╨╜╤Л╨╡[0m
@qbs-autonaim/recruitment-assistant-extension:test:   [36m</span>[39m
@qbs-autonaim/recruitment-assistant-extension:test: [36m</button>[39m
@qbs-autonaim/recruitment-assistant-extension:test: 
@qbs-autonaim/recruitment-assistant-extension:test: Ignored nodes: comments, script, style
@qbs-autonaim/recruitment-assistant-extension:test: [36m<button[39m
@qbs-autonaim/recruitment-assistant-extension:test:   [33maria-busy[39m=[32m"false"[39m
@qbs-autonaim/recruitment-assistant-extension:test:   [33maria-label[39m=[32m"╨Ш╨╖╨▓╨╗╨╡╤З╤М ╨┤╨░╨╜╨╜╤Л╨╡ ╨┐╤А╨╛╤Д╨╕╨╗╤П ╨║╨░╨╜╨┤╨╕╨┤╨░╤В╨░"[39m
@qbs-autonaim/recruitment-assistant-extension:test:   [33maria-live[39m=[32m"polite"[39m
@qbs-autonaim/recruitment-assistant-extension:test:   [33mstyle[39m=[32m"min-width: 44px; min-height: 44px; padding: 12px 24px; font-size: 16px; font-weight: 500; color: #ffffff; background-color: #2563eb; border: none none; border-radius: 8px; cursor: pointer; touch-action: manipulation; transition: background-color 0.2s ease, transform 0.1s ease, box-shadow 0.2s ease; display: flex; align-items: center; justify-content: center; gap: 8px; box-shadow: 0 1px 3px 0 rgba(0, 0, 0, 0.1), 0 1px 2px -1px rgba(0, 0, 0, 0.1); position: relative; outline-color: none; outline-style: none; outline-width: initial;"[39m
@qbs-autonaim/recruitment-assistant-extension:test:   [33mtype[39m=[32m"button"[39m
@qbs-autonaim/recruitment-assistant-extension:test: [36m>[39m
@qbs-autonaim/recruitment-assistant-extension:test:   [36m<span[39m
@qbs-autonaim/recruitment-assistant-extension:test:     [33mstyle[39m=[32m"white-space: nowrap;"[39m
@qbs-autonaim/recruitment-assistant-extension:test:   [36m>[39m
@qbs-autonaim/recruitment-assistant-extension:test:     [0m╨Ш╨╖╨▓╨╗╨╡╤З╤М ╨┤╨░╨╜╨╜╤Л╨╡[0m
@qbs-autonaim/recruitment-assistant-extension:test:   [36m</span>[39m
@qbs-autonaim/recruitment-assistant-extension:test: [36m</button>[39m
@qbs-autonaim/recruitment-assistant-extension:test: 
@qbs-autonaim/recruitment-assistant-extension:test: Ignored nodes: comments, script, style
@qbs-autonaim/recruitment-assistant-extension:test: [36m<button[39m
@qbs-autonaim/recruitment-assistant-extension:test:   [33maria-busy[39m=[32m"false"[39m
@qbs-autonaim/recruitment-assistant-extension:test:   [33maria-label[39m=[32m"╨Ш╨╖╨▓╨╗╨╡╤З╤М ╨┤╨░╨╜╨╜╤Л╨╡ ╨┐╤А╨╛╤Д╨╕╨╗╤П ╨║╨░╨╜╨┤╨╕╨┤╨░╤В╨░"[39m
@qbs-autonaim/recruitment-assistant-extension:test:   [33maria-live[39m=[32m"polite"[39m
@qbs-autonaim/recruitment-assistant-extension:test:   [33mstyle[39m=[32m"min-width: 44px; min-height: 44px; padding: 12px 24px; font-size: 16px; font-weight: 500; color: #ffffff; background-color: #2563eb; border: none none; border-radius: 8px; cursor: pointer; touch-action: manipulation; transition: background-color 0.2s ease, transform 0.1s ease, box-shadow 0.2s ease; display: flex; align-items: center; justify-content: center; gap: 8px; box-shadow: 0 1px 3px 0 rgba(0, 0, 0, 0.1), 0 1px 2px -1px rgba(0, 0, 0, 0.1); position: relative; outline-color: none; outline-style: none; outline-width: initial;"[39m
@qbs-autonaim/recruitment-assistant-extension:test:   [33mtype[39m=[32m"button"[39m
@qbs-autonaim/recruitment-assistant-extension:test: [36m>[39m
@qbs-autonaim/recruitment-assistant-extension:test:   [36m<span[39m
@qbs-autonaim/recruitment-assistant-extension:test:     [33mstyle[39m=[32m"white-space: nowrap;"[39m
@qbs-autonaim/recruitment-assistant-extension:test:   [36m>[39m
@qbs-autonaim/recruitment-assistant-extension:test:     [0m╨Ш╨╖╨▓╨╗╨╡╤З╤М ╨┤╨░╨╜╨╜╤Л╨╡[0m
@qbs-autonaim/recruitment-assistant-extension:test:   [36m</span>[39m
@qbs-autonaim/recruitment-assistant-extension:test: [36m</button>[39m
@qbs-autonaim/recruitment-assistant-extension:test: 
@qbs-autonaim/recruitment-assistant-extension:test: Ignored nodes: comments, script, style
@qbs-autonaim/recruitment-assistant-extension:test: [36m<button[39m
@qbs-autonaim/recruitment-assistant-extension:test:   [33maria-busy[39m=[32m"false"[39m
@qbs-autonaim/recruitment-assistant-extension:test:   [33maria-label[39m=[32m"╨Ш╨╖╨▓╨╗╨╡╤З╤М ╨┤╨░╨╜╨╜╤Л╨╡ ╨┐╤А╨╛╤Д╨╕╨╗╤П ╨║╨░╨╜╨┤╨╕╨┤╨░╤В╨░"[39m
@qbs-autonaim/recruitment-assistant-extension:test:   [33maria-live[39m=[32m"polite"[39m
@qbs-autonaim/recruitment-assistant-extension:test:   [33mstyle[39m=[32m"min-width: 44px; min-height: 44px; padding: 12px 24px; font-size: 16px; font-weight: 500; color: #ffffff; background-color: #2563eb; border: none none; border-radius: 8px; cursor: pointer; touch-action: manipulation; transition: background-color 0.2s ease, transform 0.1s ease, box-shadow 0.2s ease; display: flex; align-items: center; justify-content: center; gap: 8px; box-shadow: 0 1px 3px 0 rgba(0, 0, 0, 0.1), 0 1px 2px -1px rgba(0, 0, 0, 0.1); position: relative; outline-color: none; outline-style: none; outline-width: initial;"[39m
@qbs-autonaim/recruitment-assistant-extension:test:   [33mtype[39m=[32m"button"[39m
@qbs-autonaim/recruitment-assistant-extension:test: [36m>[39m
@qbs-autonaim/recruitment-assistant-extension:test:   [36m<span[39m
@qbs-autonaim/recruitment-assistant-extension:test:     [33mstyle[39m=[32m"white-space: nowrap;"[39m
@qbs-autonaim/recruitment-assistant-extension:test:   [36m>[39m
@qbs-autonaim/recruitment-assistant-extension:test:     [0m╨Ш╨╖╨▓╨╗╨╡╤З╤М ╨┤╨░╨╜╨╜╤Л╨╡[0m
@qbs-autonaim/recruitment-assistant-extension:test:   [36m</span>[39m
@qbs-autonaim/recruitment-assistant-extension:test: [36m</button>[39m
@qbs-autonaim/recruitment-assistant-extension:test: 
@qbs-autonaim/recruitment-assistant-extension:test: Ignored nodes: comments, script, style
@qbs-autonaim/recruitment-assistant-extension:test: [36m<button[39m
@qbs-autonaim/recruitment-assistant-extension:test:   [33maria-busy[39m=[32m"false"[39m
@qbs-autonaim/recruitment-assistant-extension:test:   [33maria-label[39m=[32m"╨Ш╨╖╨▓╨╗╨╡╤З╤М ╨┤╨░╨╜╨╜╤Л╨╡ ╨┐╤А╨╛╤Д╨╕╨╗╤П ╨║╨░╨╜╨┤╨╕╨┤╨░╤В╨░"[39m
@qbs-autonaim/recruitment-assistant-extension:test:   [33maria-live[39m=[32m"polite"[39m
@qbs-autonaim/recruitment-assistant-extension:test:   [33mstyle[39m=[32m"min-width: 44px; min-height: 44px; padding: 12px 24px; font-size: 16px; font-weight: 500; color: #ffffff; background-color: #2563eb; border: none none; border-radius: 8px; cursor: pointer; touch-action: manipulation; transition: background-color 0.2s ease, transform 0.1s ease, box-shadow 0.2s ease; display: flex; align-items: center; justify-content: center; gap: 8px; box-shadow: 0 1px 3px 0 rgba(0, 0, 0, 0.1), 0 1px 2px -1px rgba(0, 0, 0, 0.1); position: relative; outline-color: none; outline-style: none; outline-width: initial;"[39m
@qbs-autonaim/recruitment-assistant-extension:test:   [33mtype[39m=[32m"button"[39m
@qbs-autonaim/recruitment-assistant-extension:test: [36m>[39m
@qbs-autonaim/recruitment-assistant-extension:test:   [36m<span[39m
@qbs-autonaim/recruitment-assistant-extension:test:     [33mstyle[39m=[32m"white-space: nowrap;"[39m
@qbs-autonaim/recruitment-assistant-extension:test:   [36m>[39m
@qbs-autonaim/recruitment-assistant-extension:test:     [0m╨Ш╨╖╨▓╨╗╨╡╤З╤М ╨┤╨░╨╜╨╜╤Л╨╡[0m
@qbs-autonaim/recruitment-assistant-extension:test:   [36m</span>[39m
@qbs-autonaim/recruitment-assistant-extension:test: [36m</button>[39m
@qbs-autonaim/recruitment-assistant-extension:test: 
@qbs-autonaim/recruitment-assistant-extension:test: Ignored nodes: comments, script, style
@qbs-autonaim/recruitment-assistant-extension:test: [36m<button[39m
@qbs-autonaim/recruitment-assistant-extension:test:   [33maria-busy[39m=[32m"true"[39m
@qbs-autonaim/recruitment-assistant-extension:test:   [33maria-label[39m=[32m"╨Ш╨╖╨▓╨╗╨╡╤З╤М ╨┤╨░╨╜╨╜╤Л╨╡ ╨┐╤А╨╛╤Д╨╕╨╗╤П ╨║╨░╨╜╨┤╨╕╨┤╨░╤В╨░"[39m
@qbs-autonaim/recruitment-assistant-extension:test:   [33maria-live[39m=[32m"polite"[39m
@qbs-autonaim/recruitment-assistant-extension:test:   [33mdisabled[39m=[32m""[39m
@qbs-autonaim/recruitment-assistant-extension:test:   [33mstyle[39m=[32m"min-width: 44px; min-height: 44px; padding: 12px 24px; font-size: 16px; font-weight: 500; color: #ffffff; background-color: #6b7280; border: none none; border-radius: 8px; cursor: not-allowed; touch-action: manipulation; transition: background-color 0.2s ease, transform 0.1s ease, box-shadow 0.2s ease; display: flex; align-items: center; justify-content: center; gap: 8px; box-shadow: 0 1px 3px 0 rgba(0, 0, 0, 0.1), 0 1px 2px -1px rgba(0, 0, 0, 0.1); position: relative; outline-color: none; outline-style: none; outline-width: initial;"[39m
@qbs-autonaim/recruitment-assistant-extension:test:   [33mtype[39m=[32m"button"[39m
@qbs-autonaim/recruitment-assistant-extension:test: [36m>[39m
@qbs-autonaim/recruitment-assistant-extension:test:   [36m<svg[39m
@qbs-autonaim/recruitment-assistant-extension:test:     [33maria-hidden[39m=[32m"true"[39m
@qbs-autonaim/recruitment-assistant-extension:test:     [33mfill[39m=[32m"none"[39m
@qbs-autonaim/recruitment-assistant-extension:test:     [33mrole[39m=[32m"presentation"[39m
@qbs-autonaim/recruitment-assistant-extension:test:     [33mstyle[39m=[32m"width: 16px; height: 16px; animation: spin 1s linear infinite; flex-shrink: 0;"[39m
@qbs-autonaim/recruitment-assistant-extension:test:     [33mviewBox[39m=[32m"0 0 24 24"[39m
@qbs-autonaim/recruitment-assistant-extension:test:   [36m>[39m
@qbs-autonaim/recruitment-assistant-extension:test:     [36m<circle[39m
@qbs-autonaim/recruitment-assistant-extension:test:       [33mcx[39m=[32m"12"[39m
@qbs-autonaim/recruitment-assistant-extension:test:       [33mcy[39m=[32m"12"[39m
@qbs-autonaim/recruitment-assistant-extension:test:       [33mr[39m=[32m"10"[39m
@qbs-autonaim/recruitment-assistant-extension:test:       [33mstroke[39m=[32m"currentColor"[39m
@qbs-autonaim/recruitment-assistant-extension:test:       [33mstroke-opacity[39m=[32m"0.25"[39m
@qbs-autonaim/recruitment-assistant-extension:test:       [33mstroke-width[39m=[32m"4"[39m
@qbs-autonaim/recruitment-assistant-extension:test:     [36m/>[39m
@qbs-autonaim/recruitment-assistant-extension:test:     [36m<path[39m
@qbs-autonaim/recruitment-assistant-extension:test:       [33md[39m=[32m"M4 12a8 8 0 018-8V0C5.373 0 0 5.373 0 12h4zm2 5.291A7.962 7.962 0 014 12H0c0 3.042 1.135 5.824 3 7.938l3-2.647z"[39m
@qbs-autonaim/recruitment-assistant-extension:test:       [33mfill[39m=[32m"currentColor"[39m
@qbs-autonaim/recruitment-assistant-extension:test:       [33mopacity[39m=[32m"0.75"[39m
@qbs-autonaim/recruitment-assistant-extension:test:     [36m/>[39m
@qbs-autonaim/recruitment-assistant-extension:test:   [36m</svg>[39m
@qbs-autonaim/recruitment-assistant-extension:test:   [36m<span[39m
@qbs-autonaim/recruitment-assistant-extension:test:     [33mstyle[39m=[32m"white-space: nowrap;"[39m
@qbs-autonaim/recruitment-assistant-extension:test:   [36m>[39m
@qbs-autonaim/recruitment-assistant-extension:test:     [0m╨Ш╨╖╨▓╨╗╨╡╤З╨╡╨╜╨╕╨╡ ╨┤╨░╨╜╨╜╤Л╤ЕтАж[0m
@qbs-autonaim/recruitment-assistant-extension:test:   [36m</span>[39m
@qbs-autonaim/recruitment-assistant-extension:test: [36m</button>[39m
@qbs-autonaim/recruitment-assistant-extension:test: 
@qbs-autonaim/recruitment-assistant-extension:test: Ignored nodes: comments, script, style
@qbs-autonaim/recruitment-assistant-extension:test: [36m<button[39m
@qbs-autonaim/recruitment-assistant-extension:test:   [33maria-busy[39m=[32m"false"[39m
@qbs-autonaim/recruitment-assistant-extension:test:   [33maria-label[39m=[32m"╨Ш╨╖╨▓╨╗╨╡╤З╤М ╨┤╨░╨╜╨╜╤Л╨╡ ╨┐╤А╨╛╤Д╨╕╨╗╤П ╨║╨░╨╜╨┤╨╕╨┤╨░╤В╨░"[39m
@qbs-autonaim/recruitment-assistant-extension:test:   [33maria-live[39m=[32m"polite"[39m
@qbs-autonaim/recruitment-assistant-extension:test:   [33mstyle[39m=[32m"min-width: 44px; min-height: 44px; padding: 12px 24px; font-size: 16px; font-weight: 500; color: #ffffff; background-color: #2563eb; border: none none; border-radius: 8px; cursor: pointer; touch-action: manipulation; transition: background-color 0.2s ease, transform 0.1s ease, box-shadow 0.2s ease; display: flex; align-items: center; justify-content: center; gap: 8px; box-shadow: 0 1px 3px 0 rgba(0, 0, 0, 0.1), 0 1px 2px -1px rgba(0, 0, 0, 0.1); position: relative; outline-color: none; outline-style: none; outline-width: initial;"[39m
@qbs-autonaim/recruitment-assistant-extension:test:   [33mtype[39m=[32m"button"[39m
@qbs-autonaim/recruitment-assistant-extension:test: [36m>[39m
@qbs-autonaim/recruitment-assistant-extension:test:   [36m<span[39m
@qbs-autonaim/recruitment-assistant-extension:test:     [33mstyle[39m=[32m"white-space: nowrap;"[39m
@qbs-autonaim/recruitment-assistant-extension:test:   [36m>[39m
@qbs-autonaim/recruitment-assistant-extension:test:     [0m╨Ш╨╖╨▓╨╗╨╡╤З╤М ╨┤╨░╨╜╨╜╤Л╨╡[0m
@qbs-autonaim/recruitment-assistant-extension:test:   [36m</span>[39m
@qbs-autonaim/recruitment-assistant-extension:test: [36m</button>[39m
@qbs-autonaim/recruitment-assistant-extension:test: 
@qbs-autonaim/recruitment-assistant-extension:test: Ignored nodes: comments, script, style
@qbs-autonaim/recruitment-assistant-extension:test: [36m<button[39m
@qbs-autonaim/recruitment-assistant-extension:test:   [33maria-busy[39m=[32m"false"[39m
@qbs-autonaim/recruitment-assistant-extension:test:   [33maria-label[39m=[32m"╨Ш╨╖╨▓╨╗╨╡╤З╤М ╨┤╨░╨╜╨╜╤Л╨╡ ╨┐╤А╨╛╤Д╨╕╨╗╤П ╨║╨░╨╜╨┤╨╕╨┤╨░╤В╨░"[39m
@qbs-autonaim/recruitment-assistant-extension:test:   [33maria-live[39m=[32m"polite"[39m
@qbs-autonaim/recruitment-assistant-extension:test:   [33mstyle[39m=[32m"min-width: 44px; min-height: 44px; padding: 12px 24px; font-size: 16px; font-weight: 500; color: #ffffff; background-color: #2563eb; border: none none; border-radius: 8px; cursor: pointer; touch-action: manipulation; transition: background-color 0.2s ease, transform 0.1s ease, box-shadow 0.2s ease; display: flex; align-items: center; justify-content: center; gap: 8px; box-shadow: 0 1px 3px 0 rgba(0, 0, 0, 0.1), 0 1px 2px -1px rgba(0, 0, 0, 0.1); position: relative; outline-color: none; outline-style: none; outline-width: initial;"[39m
@qbs-autonaim/recruitment-assistant-extension:test:   [33mtype[39m=[32m"button"[39m
@qbs-autonaim/recruitment-assistant-extension:test: [36m>[39m
@qbs-autonaim/recruitment-assistant-extension:test:   [36m<span[39m
@qbs-autonaim/recruitment-assistant-extension:test:     [33mstyle[39m=[32m"white-space: nowrap;"[39m
@qbs-autonaim/recruitment-assistant-extension:test:   [36m>[39m
@qbs-autonaim/recruitment-assistant-extension:test:     [0m╨Ш╨╖╨▓╨╗╨╡╤З╤М ╨┤╨░╨╜╨╜╤Л╨╡[0m
@qbs-autonaim/recruitment-assistant-extension:test:   [36m</span>[39m
@qbs-autonaim/recruitment-assistant-extension:test: [36m</button>[39m
@qbs-autonaim/recruitment-assistant-extension:test: 
@qbs-autonaim/recruitment-assistant-extension:test: Ignored nodes: comments, script, style
@qbs-autonaim/recruitment-assistant-extension:test: [36m<button[39m
@qbs-autonaim/recruitment-assistant-extension:test:   [33maria-busy[39m=[32m"false"[39m
@qbs-autonaim/recruitment-assistant-extension:test:   [33maria-label[39m=[32m"╨Ш╨╖╨▓╨╗╨╡╤З╤М ╨┤╨░╨╜╨╜╤Л╨╡ ╨┐╤А╨╛╤Д╨╕╨╗╤П ╨║╨░╨╜╨┤╨╕╨┤╨░╤В╨░"[39m
@qbs-autonaim/recruitment-assistant-extension:test:   [33maria-live[39m=[32m"polite"[39m
@qbs-autonaim/recruitment-assistant-extension:test:   [33mstyle[39m=[32m"min-width: 44px; min-height: 44px; padding: 12px 24px; font-size: 16px; font-weight: 500; color: #ffffff; background-color: #2563eb; border: none none; border-radius: 8px; cursor: pointer; touch-action: manipulation; transition: background-color 0.2s ease, transform 0.1s ease, box-shadow 0.2s ease; display: flex; align-items: center; justify-content: center; gap: 8px; box-shadow: 0 1px 3px 0 rgba(0, 0, 0, 0.1), 0 1px 2px -1px rgba(0, 0, 0, 0.1); position: relative; outline-color: none; outline-style: none; outline-width: initial;"[39m
@qbs-autonaim/recruitment-assistant-extension:test:   [33mtype[39m=[32m"button"[39m
@qbs-autonaim/recruitment-assistant-extension:test: [36m>[39m
@qbs-autonaim/recruitment-assistant-extension:test:   [36m<span[39m
@qbs-autonaim/recruitment-assistant-extension:test:     [33mstyle[39m=[32m"white-space: nowrap;"[39m
@qbs-autonaim/recruitment-assistant-extension:test:   [36m>[39m
@qbs-autonaim/recruitment-assistant-extension:test:     [0m╨Ш╨╖╨▓╨╗╨╡╤З╤М ╨┤╨░╨╜╨╜╤Л╨╡[0m
@qbs-autonaim/recruitment-assistant-extension:test:   [36m</span>[39m
@qbs-autonaim/recruitment-assistant-extension:test: [36m</button>[39m
@qbs-autonaim/recruitment-assistant-extension:test: 
@qbs-autonaim/recruitment-assistant-extension:test: Ignored nodes: comments, script, style
@qbs-autonaim/recruitment-assistant-extension:test: [36m<button[39m
@qbs-autonaim/recruitment-assistant-extension:test:   [33maria-busy[39m=[32m"false"[39m
@qbs-autonaim/recruitment-assistant-extension:test:   [33maria-label[39m=[32m"╨Ш╨╖╨▓╨╗╨╡╤З╤М ╨┤╨░╨╜╨╜╤Л╨╡ ╨┐╤А╨╛╤Д╨╕╨╗╤П ╨║╨░╨╜╨┤╨╕╨┤╨░╤В╨░"[39m
@qbs-autonaim/recruitment-assistant-extension:test:   [33maria-live[39m=[32m"polite"[39m
@qbs-autonaim/recruitment-assistant-extension:test:   [33mstyle[39m=[32m"min-width: 44px; min-height: 44px; padding: 12px 24px; font-size: 16px; font-weight: 500; color: #ffffff; background-color: #2563eb; border: none none; border-radius: 8px; cursor: pointer; touch-action: manipulation; transition: background-color 0.2s ease, transform 0.1s ease, box-shadow 0.2s ease; display: flex; align-items: center; justify-content: center; gap: 8px; box-shadow: 0 1px 3px 0 rgba(0, 0, 0, 0.1), 0 1px 2px -1px rgba(0, 0, 0, 0.1); position: relative; outline-color: none; outline-style: none; outline-width: initial;"[39m
@qbs-autonaim/recruitment-assistant-extension:test:   [33mtype[39m=[32m"button"[39m
@qbs-autonaim/recruitment-assistant-extension:test: [36m>[39m
@qbs-autonaim/recruitment-assistant-extension:test:   [36m<span[39m
@qbs-autonaim/recruitment-assistant-extension:test:     [33mstyle[39m=[32m"white-space: nowrap;"[39m
@qbs-autonaim/recruitment-assistant-extension:test:   [36m>[39m
@qbs-autonaim/recruitment-assistant-extension:test:     [0m╨Ш╨╖╨▓╨╗╨╡╤З╤М ╨┤╨░╨╜╨╜╤Л╨╡[0m
@qbs-autonaim/recruitment-assistant-extension:test:   [36m</span>[39m
@qbs-autonaim/recruitment-assistant-extension:test: [36m</button>[39m
@qbs-autonaim/recruitment-assistant-extension:test: 
@qbs-autonaim/recruitment-assistant-extension:test: Ignored nodes: comments, script, style
@qbs-autonaim/recruitment-assistant-extension:test: [36m<button[39m
@qbs-autonaim/recruitment-assistant-extension:test:   [33maria-busy[39m=[32m"true"[39m
@qbs-autonaim/recruitment-assistant-extension:test:   [33maria-label[39m=[32m"╨Ш╨╖╨▓╨╗╨╡╤З╤М ╨┤╨░╨╜╨╜╤Л╨╡ ╨┐╤А╨╛╤Д╨╕╨╗╤П ╨║╨░╨╜╨┤╨╕╨┤╨░╤В╨░"[39m
@qbs-autonaim/recruitment-assistant-extension:test:   [33maria-live[39m=[32m"polite"[39m
@qbs-autonaim/recruitment-assistant-extension:test:   [33mdisabled[39m=[32m""[39m
@qbs-autonaim/recruitment-assistant-extension:test:   [33mstyle[39m=[32m"min-width: 44px; min-height: 44px; padding: 12px 24px; font-size: 16px; font-weight: 500; color: #ffffff; background-color: #6b7280; border: none none; border-radius: 8px; cursor: not-allowed; touch-action: manipulation; transition: background-color 0.2s ease, transform 0.1s ease, box-shadow 0.2s ease; display: flex; align-items: center; justify-content: center; gap: 8px; box-shadow: 0 1px 3px 0 rgba(0, 0, 0, 0.1), 0 1px 2px -1px rgba(0, 0, 0, 0.1); position: relative; outline-color: none; outline-style: none; outline-width: initial;"[39m
@qbs-autonaim/recruitment-assistant-extension:test:   [33mtype[39m=[32m"button"[39m
@qbs-autonaim/recruitment-assistant-extension:test: [36m>[39m
@qbs-autonaim/recruitment-assistant-extension:test:   [36m<svg[39m
@qbs-autonaim/recruitment-assistant-extension:test:     [33maria-hidden[39m=[32m"true"[39m
@qbs-autonaim/recruitment-assistant-extension:test:     [33mfill[39m=[32m"none"[39m
@qbs-autonaim/recruitment-assistant-extension:test:     [33mrole[39m=[32m"presentation"[39m
@qbs-autonaim/recruitment-assistant-extension:test:     [33mstyle[39m=[32m"width: 16px; height: 16px; animation: spin 1s linear infinite; flex-shrink: 0;"[39m
@qbs-autonaim/recruitment-assistant-extension:test:     [33mviewBox[39m=[32m"0 0 24 24"[39m
@qbs-autonaim/recruitment-assistant-extension:test:   [36m>[39m
@qbs-autonaim/recruitment-assistant-extension:test:     [36m<circle[39m
@qbs-autonaim/recruitment-assistant-extension:test:       [33mcx[39m=[32m"12"[39m
@qbs-autonaim/recruitment-assistant-extension:test:       [33mcy[39m=[32m"12"[39m
@qbs-autonaim/recruitment-assistant-extension:test:       [33mr[39m=[32m"10"[39m
@qbs-autonaim/recruitment-assistant-extension:test:       [33mstroke[39m=[32m"currentColor"[39m
@qbs-autonaim/recruitment-assistant-extension:test:       [33mstroke-opacity[39m=[32m"0.25"[39m
@qbs-autonaim/recruitment-assistant-extension:test:       [33mstroke-width[39m=[32m"4"[39m
@qbs-autonaim/recruitment-assistant-extension:test:     [36m/>[39m
@qbs-autonaim/recruitment-assistant-extension:test:     [36m<path[39m
@qbs-autonaim/recruitment-assistant-extension:test:       [33md[39m=[32m"M4 12a8 8 0 018-8V0C5.373 0 0 5.373 0 12h4zm2 5.291A7.962 7.962 0 014 12H0c0 3.042 1.135 5.824 3 7.938l3-2.647z"[39m
@qbs-autonaim/recruitment-assistant-extension:test:       [33mfill[39m=[32m"currentColor"[39m
@qbs-autonaim/recruitment-assistant-extension:test:       [33mopacity[39m=[32m"0.75"[39m
@qbs-autonaim/recruitment-assistant-extension:test:     [36m/>[39m
@qbs-autonaim/recruitment-assistant-extension:test:   [36m</svg>[39m
@qbs-autonaim/recruitment-assistant-extension:test:   [36m<span[39m
@qbs-autonaim/recruitment-assistant-extension:test:     [33mstyle[39m=[32m"white-space: nowrap;"[39m
@qbs-autonaim/recruitment-assistant-extension:test:   [36m>[39m
@qbs-autonaim/recruitment-assistant-extension:test:     [0m╨Ш╨╖╨▓╨╗╨╡╤З╨╡╨╜╨╕╨╡ ╨┤╨░╨╜╨╜╤Л╤ЕтАж[0m
@qbs-autonaim/recruitment-assistant-extension:test:   [36m</span>[39m
@qbs-autonaim/recruitment-assistant-extension:test: [36m</button>[39m
@qbs-autonaim/recruitment-assistant-extension:test: 
@qbs-autonaim/recruitment-assistant-extension:test: (If this is intentional, then use the `*AllBy*` variant of the query (like `queryAllByText`, `getAllByText`, or `findAllByText`)).
@qbs-autonaim/recruitment-assistant-extension:test: 
@qbs-autonaim/recruitment-assistant-extension:test: Ignored nodes: comments, script, style
@qbs-autonaim/recruitment-assistant-extension:test: [36m<body>[39m
@qbs-autonaim/recruitment-assistant-extension:test:   [0m
@qbs-autonaim/recruitment-assistant-extension:test:         [0m
@qbs-autonaim/recruitment-assistant-extension:test:   [36m<h1[39m
@qbs-autonaim/recruitment-assistant-extension:test:     [33mclass[39m=[32m"text-heading-xlarge"[39m
@qbs-autonaim/recruitment-assistant-extension:test:   [36m>[39m
@qbs-autonaim/recruitment-assistant-extension:test:     [0m╨Ш╨▓╨░╨╜ ╨Ш╨▓╨░╨╜╨╛╨▓[0m
@qbs-autonaim/recruitment-assistant-extension:test:   [36m</h1>[39m
@qbs-autonaim/recruitment-assistant-extension:test:   [0m
@qbs-autonaim/recruitment-assistant-extension:test:         [0m
@qbs-autonaim/recruitment-assistant-extension:test:   [36m<div[39m
@qbs-autonaim/recruitment-assistant-extension:test:     [33mclass[39m=[32m"text-body-medium"[39m
@qbs-autonaim/recruitment-assistant-extension:test:   [36m>[39m
@qbs-autonaim/recruitment-assistant-extension:test:     [0mSenior Developer[0m
@qbs-autonaim/recruitment-assistant-extension:test:   [36m</div>[39m
@qbs-autonaim/recruitment-assistant-extension:test:   [0m
@qbs-autonaim/recruitment-assistant-extension:test:         [0m
@qbs-autonaim/recruitment-assistant-extension:test:   [36m<span[39m
@qbs-autonaim/recruitment-assistant-extension:test:     [33mclass[39m=[32m"text-body-small inline"[39m
@qbs-autonaim/recruitment-assistant-extension:test:   [36m>[39m
@qbs-autonaim/recruitment-assistant-extension:test:     [0m╨Ь╨╛╤Б╨║╨▓╨░, ╨а╨╛╤Б╤Б╨╕╤П[0m
@qbs-autonaim/recruitment-assistant-extension:test:   [36m</span>[39m
@qbs-autonaim/recruitment-assistant-extension:test:   [0m
@qbs-autonaim/recruitment-assistant-extension:test:         [0m
@qbs-autonaim/recruitment-assistant-extension:test:   [36m<img[39m
@qbs-autonaim/recruitment-assistant-extension:test:     [33mclass[39m=[32m"pv-top-card-profile-picture__image"[39m
@qbs-autonaim/recruitment-assistant-extension:test:     [33msrc[39m=[32m"https://example.com/photo.jpg"[39m
@qbs-autonaim/recruitment-assistant-extension:test:   [36m/>[39m
@qbs-autonaim/recruitment-assistant-extension:test:   [0m
@qbs-autonaim/recruitment-assistant-extension:test:         
@qbs-autonaim/recruitment-assistant-extension:test:         [0m
@qbs-autonaim/recruitment-assistant-extension:test:   [36m<section[39m
@qbs-autonaim/recruitment-assistant-extension:test:     [33mid[39m=[32m"experience"[39m
@qbs-autonaim/recruitment-assistant-extension:test:   [36m>[39m
@qbs-autonaim/recruitment-assistant-extension:test:     [0m
@qbs-autonaim/recruitment-assistant-extension:test:           [0m
@qbs-autonaim/recruitment-assistant-extension:test:     [36m<ul>[39m
@qbs-autonaim/recruitment-assistant-extension:test:       [0m
@qbs-autonaim/recruitment-assistant-extension:test:             [0m
@qbs-autonaim/recruitment-assistant-extension:test:       [36m<li[39m
@qbs-autonaim/recruitment-assistant-extension:test:         [33mclass[39m=[32m"artdeco-list__item"[39m
@qbs-autonaim/recruitment-assistant-extension:test:       [36m>[39m
@qbs-autonaim/recruitment-assistant-extension:test:         [0m
@qbs-autonaim/recruitment-assistant-extension:test:               [0m
@qbs-autonaim/recruitment-assistant-extension:test:         [36m<div[39m
@qbs-autonaim/recruitment-assistant-extension:test:           [33mclass[39m=[32m"display-flex"[39m
@qbs-autonaim/recruitment-assistant-extension:test:         [36m>[39m
@qbs-autonaim/recruitment-assistant-extension:test:           [0m
@qbs-autonaim/recruitment-assistant-extension:test:                 [0m
@qbs-autonaim/recruitment-assistant-extension:test:           [36m<span[39m
@qbs-autonaim/recruitment-assistant-extension:test:             [33maria-hidden[39m=[32m"true"[39m
@qbs-autonaim/recruitment-assistant-extension:test:           [36m>[39m
@qbs-autonaim/recruitment-assistant-extension:test:             [0mSenior Developer[0m
@qbs-autonaim/recruitment-assistant-extension:test:           [36m</span>[39m
@qbs-autonaim/recruitment-assistant-extension:test:           [0m
@qbs-autonaim/recruitment-assistant-extension:test:               [0m
@qbs-autonaim/recruitment-assistant-extension:test:         [36m</div>[39m
@qbs-autonaim/recruitment-assistant-extension:test:         [0m
@qbs-autonaim/recruitment-assistant-extension:test:               [0m
@qbs-autonaim/recruitment-assistant-extension:test:         [36m<span[39m
@qbs-autonaim/recruitment-assistant-extension:test:           [33mclass[39m=[32m"t-14 t-normal"[39m
@qbs-autonaim/recruitment-assistant-extension:test:         [36m>[39m
@qbs-autonaim/recruitment-assistant-extension:test:           [0m
@qbs-autonaim/recruitment-assistant-extension:test:                 [0m
@qbs-autonaim/recruitment-assistant-extension:test:           [36m<span[39m
@qbs-autonaim/recruitment-assistant-extension:test:             [33maria-hidden[39m=[32m"true"[39m
@qbs-autonaim/recruitment-assistant-extension:test:           [36m>[39m
@qbs-autonaim/recruitment-assistant-extension:test:             [0mTech Company[0m
@qbs-autonaim/recruitment-assistant-extension:test:           [36m</span>[39m
@qbs-autonaim/recruitment-assistant-extension:test:           [0m
@qbs-autonaim/recruitment-assistant-extension:test:               [0m
@qbs-autonaim/recruitment-assistant-extension:test:         [36m</span>[39m
@qbs-autonaim/recruitment-assistant-extension:test:         [0m
@qbs-autonaim/recruitment-assistant-extension:test:               [0m
@qbs-autonaim/recruitment-assistant-extension:test:         [36m<span[39m
@qbs-autonaim/recruitment-assistant-extension:test:           [33mclass[39m=[32m"t-14 t-normal t-black--light"[39m
@qbs-autonaim/recruitment-assistant-extension:test:         [36m>[39m
@qbs-autonaim/recruitment-assistant-extension:test:           [0m
@qbs-autonaim/recruitment-assistant-extension:test:                 [0m
@qbs-autonaim/recruitment-assistant-extension:test:           [36m<span[39m
@qbs-autonaim/recruitment-assistant-extension:test:             [33maria-hidden[39m=[32m"true"[39m
@qbs-autonaim/recruitment-assistant-extension:test:           [36m>[39m
@qbs-autonaim/recruitment-assistant-extension:test:             [0m2020 тАУ ╨┐╨╛ ╨╜╨░╤Б╤В╨╛╤П╤Й╨╡╨╡ ╨▓╤А╨╡╨╝╤П[0m
@qbs-autonaim/recruitment-assistant-extension:test:           [36m</span>[39m
@qbs-autonaim/recruitment-assistant-extension:test:           [0m
@qbs-autonaim/recruitment-assistant-extension:test:               [0m
@qbs-autonaim/recruitment-assistant-extension:test:         [36m</span>[39m
@qbs-autonaim/recruitment-assistant-extension:test:         [0m
@qbs-autonaim/recruitment-assistant-extension:test:               [0m
@qbs-autonaim/recruitment-assistant-extension:test:         [36m<div[39m
@qbs-autonaim/recruitment-assistant-extension:test:           [33mclass[39m=[32m"display-flex full-width"[39m
@qbs-autonaim/recruitment-assistant-extension:test:         [36m>[39m
@qbs-autonaim/recruitment-assistant-extension:test:           [0m
@qbs-autonaim/recruitment-assistant-extension:test:                 [0m
@qbs-autonaim/recruitment-assistant-extension:test:           [36m<span[39m
@qbs-autonaim/recruitment-assistant-extension:test:             [33maria-hidden[39m=[32m"true"[39m
@qbs-autonaim/recruitment-assistant-extension:test:           [36m>[39m
@qbs-autonaim/recruitment-assistant-extension:test:             [0m╨а╨░╨╖╤А╨░╨▒╨╛╤В╨║╨░[0m
@qbs-autonaim/recruitment-assistant-extension:test:           [36m</span>[39m
@qbs-autonaim/recruitment-assistant-extension:test:           [0m
@qbs-autonaim/recruitment-assistant-extension:test:               [0m
@qbs-autonaim/recruitment-assistant-extension:test:         [36m</div>[39m
@qbs-autonaim/recruitment-assistant-extension:test:         [0m
@qbs-autonaim/recruitment-assistant-extension:test:             [0m
@qbs-autonaim/recruitment-assistant-extension:test:       [36m</li>[39m
@qbs-autonaim/recruitment-assistant-extension:test:       [0m
@qbs-autonaim/recruitment-assistant-extension:test:           [0m
@qbs-autonaim/recruitment-assistant-extension:test:     [36m</ul>[39m
@qbs-autonaim/recruitment-assistant-extension:test:     [0m
@qbs-autonaim/recruitment-assistant-extension:test:         [0m
@qbs-autonaim/recruitment-assistant-extension:test:   [36m</section>[39m
@qbs-autonaim/recruitment-assistant-extension:test:   [0m
@qbs-autonaim/recruitment-assistant-extension:test:         
@qbs-autonaim/recruitment-assistant-extension:test:         [0m
@qbs-autonaim/recruitment-assistant-extension:test:   [36m<section[39m
@qbs-autonaim/recruitment-assistant-extension:test:     [33mid[39m=[32m"education"[39m
@qbs-autonaim/recruitment-assistant-extension:test:   [36m>[39m
@qbs-autonaim/recruitment-assistant-extension:test:     [0m
@qbs-autonaim/recruitment-assistant-extension:test:           [0m
@qbs-autonaim/recruitment-assistant-extension:test:     [36m<ul>[39m
@qbs-autonaim/recruitment-assistant-extension:test:       [0m
@qbs-autonaim/recruitment-assistant-extension:test:             [0m
@qbs-autonaim/recruitment-assistant-extension:test:       [36m<li[39m
@qbs-autonaim/recruitment-assistant-extension:test:         [33mclass[39m=[32m"artdeco-list__item"[39m
@qbs-autonaim/recruitment-assistant-extension:test:       [36m>[39m
@qbs-autonaim/recruitment-assistant-extension:test:         [0m
@qbs-autonaim/recruitment-assistant-extension:test:               [0m
@qbs-autonaim/recruitment-assistant-extension:test:         [36m<div[39m
@qbs-autonaim/recruitment-assistant-extension:test:           [33mclass[39m=[32m"display-flex"[39m
@qbs-autonaim/recruitment-assistant-extension:test:         [36m>[39m
@qbs-autonaim/recruitment-assistant-extension:test:           [0m
@qbs-autonaim/recruitment-assistant-extension:test:                 [0m
@qbs-autonaim/recruitment-assistant-extension:test:           [36m<span[39m
@qbs-autonaim/recruitment-assistant-extension:test:             [33maria-hidden[39m=[32m"true"[39m
@qbs-autonaim/recruitment-assistant-extension:test:           [36m>[39m
@qbs-autonaim/recruitment-assistant-extension:test:             [0m╨Ь╨У╨г[0m
@qbs-autonaim/recruitment-assistant-extension:test:           [36m</span>[39m
@qbs-autonaim/recruitment-assistant-extension:test:           [0m
@qbs-autonaim/recruitment-assistant-extension:test:               [0m
@qbs-autonaim/recruitment-assistant-extension:test:         [36m</div>[39m
@qbs-autonaim/recruitment-assistant-extension:test:         [0m
@qbs-autonaim/recruitment-assistant-extension:test:               [0m
@qbs-autonaim/recruitment-assistant-extension:test:         [36m<span[39m
@qbs-autonaim/recruitment-assistant-extension:test:           [33mclass[39m=[32m"t-14 t-normal"[39m
@qbs-autonaim/recruitment-assistant-extension:test:         [36m>[39m
@qbs-autonaim/recruitment-assistant-extension:test:           [0m
@qbs-autonaim/recruitment-assistant-extension:test:                 [0m
@qbs-autonaim/recruitment-assistant-extension:test:           [36m<span[39m
@qbs-autonaim/recruitment-assistant-extension:test:             [33maria-hidden[39m=[32m"true"[39m
@qbs-autonaim/recruitment-assistant-extension:test:           [36m>[39m
@qbs-autonaim/recruitment-assistant-extension:test:             [0m╨С╨░╨║╨░╨╗╨░╨▓╤А[0m
@qbs-autonaim/recruitment-assistant-extension:test:           [36m</span>[39m
@qbs-autonaim/recruitment-assistant-extension:test:           [0m
@qbs-autonaim/recruitment-assistant-extension:test:               [0m
@qbs-autonaim/recruitment-assistant-extension:test:         [36m</span>[39m
@qbs-autonaim/recruitment-assistant-extension:test:         [0m
@qbs-autonaim/recruitment-assistant-extension:test:               [0m
@qbs-autonaim/recruitment-assistant-extension:test:         [36m<span[39m
@qbs-autonaim/recruitment-assistant-extension:test:           [33mclass[39m=[32m"t-14 t-normal t-black--light"[39m
@qbs-autonaim/recruitment-assistant-extension:test:         [36m>[39m
@qbs-autonaim/recruitment-assistant-extension:test:           [0m
@qbs-autonaim/recruitment-assistant-extension:test:                 [0m
@qbs-autonaim/recruitment-assistant-extension:test:           [36m<span[39m
@qbs-autonaim/recruitment-assistant-extension:test:             [33maria-hidden[39m=[32m"true"[39m
@qbs-autonaim/recruitment-assistant-extension:test:           [36m>[39m
@qbs-autonaim/recruitment-assistant-extension:test:             [0m╨Ш╨╜╤Д╨╛╤А╨╝╨░╤В╨╕╨║╨░[0m
@qbs-autonaim/recruitment-assistant-extension:test:           [36m</span>[39m
@qbs-autonaim/recruitment-assistant-extension:test:           [0m
@qbs-autonaim/recruitment-assistant-extension:test:               [0m
@qbs-autonaim/recruitment-assistant-extension:test:         [36m</span>[39m
@qbs-autonaim/recruitment-assistant-extension:test:         [0m
@qbs-autonaim/recruitment-assistant-extension:test:               [0m
@qbs-autonaim/recruitment-assistant-extension:test:         [36m<span[39m
@qbs-autonaim/recruitment-assistant-extension:test:           [33mclass[39m=[32m"t-14 t-normal t-black--light"[39m
@qbs-autonaim/recruitment-assistant-extension:test:         [36m>[39m
@qbs-autonaim/recruitment-assistant-extension:test:           [0m
@qbs-autonaim/recruitment-assistant-extension:test:                 [0m
@qbs-autonaim/recruitment-assistant-extension:test:           [36m<span[39m
@qbs-autonaim/recruitment-assistant-extension:test:             [33maria-hidden[39m=[32m"true"[39m
@qbs-autonaim/recruitment-assistant-extension:test:           [36m>[39m
@qbs-autonaim/recruitment-assistant-extension:test:             [0m2015 тАУ 2019[0m
@qbs-autonaim/recruitment-assistant-extension:test:           [36m</span>[39m
@qbs-autonaim/recruitment-assistant-extension:test:           [0m
@qbs-autonaim/recruitment-assistant-extension:test:               [0m
@qbs-autonaim/recruitment-assistant-extension:test:         [36m</span>[39m
@qbs-autonaim/recruitment-assistant-extension:test:         [0m
@qbs-autonaim/recruitment-assistant-extension:test:             [0m
@qbs-autonaim/recruitment-assistant-extension:test:       [36m</li>[39m
@qbs-autonaim/recruitment-assistant-extension:test:       [0m
@qbs-autonaim/recruitment-assistant-extension:test:           [0m
@qbs-autonaim/recruitment-assistant-extension:test:     [36m</ul>[39m
@qbs-autonaim/recruitment-assistant-extension:test:     [0m
@qbs-autonaim/recruitment-assistant-extension:test:         [0m
@qbs-autonaim/recruitment-assistant-extension:test:   [36m</section>[39m
@qbs-autonaim/recruitment-assistant-extension:test:   [0m
@qbs-autonaim/recruitment-assistant-extension:test:         
@qbs-autonaim/recruitment-assistant-extension:test:         [0m
@qbs-autonaim/recruitment-assistant-extension:test:   [36m<section[39m
@qbs-autonaim/recruitment-assistant-extension:test:     [33mid[39m=[32m"skills"[39m
@qbs-autonaim/recruitment-assistant-extension:test:   [36m>[39m
@qbs-autonaim/recruitment-assistant-extension:test:     [0m
@qbs-autonaim/recruitment-assistant-extension:test:           [0m
@qbs-autonaim/recruitment-assistant-extension:test:     [36m<span[39m
@qbs-autonaim/recruitment-assistant-extension:test:       [33maria-hidden[39m=[32m"true"[39m
@qbs-autonaim/recruitment-assistant-extension:test:     [36m>[39m
@qbs-autonaim/recruitment-assistant-extension:test:       [0mTypeScript[0m
@qbs-autonaim/recruitment-assistant-extension:test:     [36m</span>[39m
@qbs-autonaim/recruitment-assistant-extension:test:     [0m
@qbs-autonaim/recruitment-assistant-extension:test:           [0m
@qbs-autonaim/recruitment-assistant-extension:test:     [36m<span[39m
@qbs-autonaim/recruitment-assistant-extension:test:       [33maria-hidden[39m=[32m"true"[39m
@qbs-autonaim/recruitment-assistant-extension:test:     [36m>[39m
@qbs-autonaim/recruitment-assistant-extension:test:       [0mReact[0m
@qbs-autonaim/recruitment-assistant-extension:test:     [36m</span>[39m
@qbs-autonaim/recruitment-assistant-extension:test:     [0m
@qbs-autonaim/recruitment-assistant-extension:test:         [0m
@qbs-autonaim/recruitment-assistant-extension:test:   [36m</section>[39m
@qbs-autonaim/recruitment-assistant-extension:test:   [0m
@qbs-autonaim/recruitment-assistant-extension:test:         
@qbs-autonaim/recruitment-assistant-extension:test:         [0m
@qbs-autonaim/recruitment-assistant-extension:test:   [36m<section[39m
@qbs-autonaim/recruitment-assistant-extension:test:     [33mclass[39m=[32m"pv-contact-info"[39m
@qbs-autonaim/recruitment-assistant-extension:test:   [36m>[39m
@qbs-autonaim/recruitment-assistant-extension:test:     [0m
@qbs-autonaim/recruitment-assistant-extension:test:           [0m
@qbs-autonaim/recruitment-assistant-extension:test:     [36m<a[39m
@qbs-autonaim/recruitment-assistant-extension:test:       [33mhref[39m=[32m"mailto:ivan@example.com"[39m
@qbs-autonaim/recruitment-assistant-extension:test:     [36m>[39m
@qbs-autonaim/recruitment-assistant-extension:test:       [0mEmail[0m
@qbs-autonaim/recruitment-assistant-extension:test:     [36m</a>[39m
@qbs-autonaim/recruitment-assistant-extension:test:     [0m
@qbs-autonaim/recruitment-assistant-extension:test:           [0m
@qbs-autonaim/recruitment-assistant-extension:test:     [36m<span[39m
@qbs-autonaim/recruitment-assistant-extension:test:       [33mclass[39m=[32m"t-14 t-black t-normal"[39m
@qbs-autonaim/recruitment-assistant-extension:test:     [36m>[39m
@qbs-autonaim/recruitment-assistant-extension:test:       [0m+7 (999) 123-45-67[0m
@qbs-autonaim/recruitment-assistant-extension:test:     [36m</span>[39m
@qbs-autonaim/recruitment-assistant-extension:test:     [0m
@qbs-autonaim/recruitment-assistant-extension:test:         [0m
@qbs-autonaim/recruitment-assistant-extension:test:   [36m</section>[39m
@qbs-autonaim/recruitment-assistant-extension:test:   [0m
@qbs-autonaim/recruitment-assistant-extension:test:       [0m
@qbs-autonaim/recruitment-assistant-extension:test:   [36m<div>[39m
@qbs-autonaim/recruitment-assistant-extension:test:     [36m<button[39m
@qbs-autonaim/recruitment-assistant-extension:test:       [33maria-busy[39m=[32m"false"[39m
@qbs-autonaim/recruitment-assistant-extension:test:       [33maria-label[39m=[32m"╨Ш╨╖╨▓╨╗╨╡╤З╤М ╨┤╨░╨╜╨╜╤Л╨╡ ╨┐╤А╨╛╤Д╨╕╨╗╤П ╨║╨░╨╜╨┤╨╕╨┤╨░╤В╨░"[39m
@qbs-autonaim/recruitment-assistant-extension:test:       [33maria-live[39m=[32m"polite"[39m
@qbs-autonaim/recruitment-assistant-extension:test:       [33mstyle[39m=[32m"min-width: 44px; min-height: 44px; padding: 12px 24px; font-size: 16px; font-weight: 500; color: #ffffff; background-color: #2563eb; border: none none; border-radius: 8px; cursor: pointer; touch-action: manipulation; transition: background-color 0.2s ease, transform 0.1s ease, box-shadow 0.2s ease; display: flex; align-items: center; justify-content: center; gap: 8px; box-shadow: 0 1px 3px 0 rgba(0, 0, 0, 0.1), 0 1px 2px -1px rgba(0, 0, 0, 0.1); position: relative; outline-color: none; outline-style: none; outline-width: initial;"[39m
@qbs-autonaim/recruitment-assistant-extension:test:       [33mtype[39m=[32m"button"[39m
@qbs-autonaim/recruitment-assistant-extension:test:     [36m>[39m
@qbs-autonaim/recruitment-assistant-extension:test:       [36m<span[39m
@qbs-autonaim/recruitment-assistant-extension:test:         [33mstyle[39m=[32m"white-space: nowrap;"[39m
@qbs-autonaim/recruitment-assistant-extension:test:       [36m>[39m
@qbs-autonaim/recruitment-assistant-extension:test:         [0m╨Ш╨╖╨▓╨╗╨╡╤З╤М ╨┤╨░╨╜╨╜╤Л╨╡[0m
@qbs-autonaim/recruitment-assistant-extension:test:       [36m</span>[39m
@qbs-autonaim/recruitment-assistant-extension:test:     [36m</button>[39m
@qbs-autonaim/recruitment-assistant-extension:test:   [36m</div>[39m
@qbs-autonaim/recruitment-assistant-extension:test:   [36m<div>[39m
@qbs-autonaim/recruitment-assistant-extension:test:     [36m<button[39m
@qbs-autonaim/recruitment-assistant-extension:test:       [33maria-busy[39m=[32m"true"[39m
@qbs-autonaim/recruitment-assistant-extension:test:       [33maria-label[39m=[32m"╨Ш╨╖╨▓╨╗╨╡╤З╤М ╨┤╨░╨╜╨╜╤Л╨╡ ╨┐╤А╨╛╤Д╨╕╨╗╤П ╨║╨░╨╜╨┤╨╕╨┤╨░╤В╨░"[39m
@qbs-autonaim/recruitment-assistant-extension:test:       [33maria-live[39m=[32m"polite"[39m
@qbs-autonaim/recruitment-assistant-extension:test:       [33mdisabled[39m=[32m""[39m
@qbs-autonaim/recruitment-assistant-extension:test:       [33mstyle[39m=[32m"min-width: 44px; min-height: 44px; padding: 12px 24px; font-size: 16px; font-weight: 500; color: #ffffff; background-color: #6b7280; border: none none; border-radius: 8px; cursor: not-all...
@qbs-autonaim/recruitment-assistant-extension:test:       at <anonymous> (C:\Projects\kwork\selectio\node_modules\@testing-library\dom\dist\query-helpers.js:59:30)
@qbs-autonaim/recruitment-assistant-extension:test:       at <anonymous> (C:\Projects\kwork\selectio\node_modules\@testing-library\dom\dist\query-helpers.js:95:19)
@qbs-autonaim/recruitment-assistant-extension:test:       at <anonymous> (C:\Projects\kwork\selectio\apps\recruitment-assistant-extension\src\content\ui\action-button.test.tsx:209:29)
@qbs-autonaim/recruitment-assistant-extension:test: (fail) ActionButton > ╨Ы╨╛╨║╨░╨╗╨╕╨╖╨░╤Ж╨╕╤П > ╨┤╨╛╨╗╨╢╨╡╨╜ ╨╕╤Б╨┐╨╛╨╗╤М╨╖╨╛╨▓╨░╤В╤М ╨╝╨╜╨╛╨│╨╛╤В╨╛╤З╨╕╨╡ (тАж) ╨▓ ╤В╨╡╨║╤Б╤В╨╡ ╨╖╨░╨│╤А╤Г╨╖╨║╨╕ [63.00ms]
@qbs-autonaim/recruitment-assistant-extension:test: 
@qbs-autonaim/recruitment-assistant-extension:test: src\content\ui\contact-info.test.tsx:
@qbs-autonaim/recruitment-assistant-extension:test: (pass) ContactInfo > ╨а╨╡╨╜╨┤╨╡╤А╨╕╨╜╨│ > ╨┤╨╛╨╗╨╢╨╡╨╜ ╨╛╤В╨╛╨▒╤А╨░╨╢╨░╤В╤М ╨╖╨░╨│╨╛╨╗╨╛╨▓╨╛╨║ [31.00ms]
@qbs-autonaim/recruitment-assistant-extension:test: (pass) ContactInfo > ╨а╨╡╨╜╨┤╨╡╤А╨╕╨╜╨│ > ╨┤╨╛╨╗╨╢╨╡╨╜ ╨╛╤В╨╛╨▒╤А╨░╨╢╨░╤В╤М ╨┐╨╛╨╗╨╡ ╤Н╨╗╨╡╨║╤В╤А╨╛╨╜╨╜╨╛╨╣ ╨┐╨╛╤З╤В╤Л [32.00ms]
@qbs-autonaim/recruitment-assistant-extension:test: (pass) ContactInfo > ╨а╨╡╨╜╨┤╨╡╤А╨╕╨╜╨│ > ╨┤╨╛╨╗╨╢╨╡╨╜ ╨╛╤В╨╛╨▒╤А╨░╨╢╨░╤В╤М ╨┐╨╛╨╗╨╡ ╤В╨╡╨╗╨╡╤Д╨╛╨╜╨░
@qbs-autonaim/recruitment-assistant-extension:test: (pass) ContactInfo > ╨а╨╡╨╜╨┤╨╡╤А╨╕╨╜╨│ > ╨┤╨╛╨╗╨╢╨╡╨╜ ╨╛╤В╨╛╨▒╤А╨░╨╢╨░╤В╤М ╤Б╨┐╨╕╤Б╨╛╨║ ╤Б╨╛╤Ж╨╕╨░╨╗╤М╨╜╤Л╤Е ╤Б╨╡╤В╨╡╨╣ [15.00ms]
@qbs-autonaim/recruitment-assistant-extension:test: (pass) ContactInfo > ╨а╨╡╨╜╨┤╨╡╤А╨╕╨╜╨│ > ╨┤╨╛╨╗╨╢╨╡╨╜ ╨╛╤В╨╛╨▒╤А╨░╨╢╨░╤В╤М ╨┐╤Г╤Б╤В╤Л╨╡ ╨┐╨╛╨╗╤П ╨┤╨╗╤П null ╨╖╨╜╨░╤З╨╡╨╜╨╕╨╣ [16.00ms]
@qbs-autonaim/recruitment-assistant-extension:test: (pass) ContactInfo > ╨а╨╡╨╜╨┤╨╡╤А╨╕╨╜╨│ > ╨┤╨╛╨╗╨╢╨╡╨╜ ╨╛╤В╨╛╨▒╤А╨░╨╢╨░╤В╤М "╨б╤Б╤Л╨╗╨║╨╕ ╨╜╨╡ ╨┤╨╛╨▒╨░╨▓╨╗╨╡╨╜╤Л" ╨┤╨╗╤П ╨┐╤Г╤Б╤В╨╛╨│╨╛ ╤Б╨┐╨╕╤Б╨║╨░ [15.00ms]
@qbs-autonaim/recruitment-assistant-extension:test: (pass) ContactInfo > ╨а╨╡╨┤╨░╨║╤В╨╕╤А╨╛╨▓╨░╨╜╨╕╨╡ email > ╨┤╨╛╨╗╨╢╨╡╨╜ ╨▓╤Л╨╖╤Л╨▓╨░╤В╤М onEdit ╨┐╤А╨╕ ╨╕╨╖╨╝╨╡╨╜╨╡╨╜╨╕╨╕ email
@qbs-autonaim/recruitment-assistant-extension:test: (pass) ContactInfo > ╨а╨╡╨┤╨░╨║╤В╨╕╤А╨╛╨▓╨░╨╜╨╕╨╡ email > ╨┤╨╛╨╗╨╢╨╡╨╜ ╨▓╤Л╨╖╤Л╨▓╨░╤В╤М onEdit ╤Б null ╨┐╤А╨╕ ╨╛╤З╨╕╤Б╤В╨║╨╡ email [16.00ms]
@qbs-autonaim/recruitment-assistant-extension:test: (pass) ContactInfo > ╨а╨╡╨┤╨░╨║╤В╨╕╤А╨╛╨▓╨░╨╜╨╕╨╡ email > ╨┤╨╛╨╗╨╢╨╡╨╜ ╨╕╨╝╨╡╤В╤М type='email' ╨┤╨╗╤П ╨┐╨╛╨╗╤П email [16.00ms]
@qbs-autonaim/recruitment-assistant-extension:test: (pass) ContactInfo > ╨а╨╡╨┤╨░╨║╤В╨╕╤А╨╛╨▓╨░╨╜╨╕╨╡ email > ╨┤╨╛╨╗╨╢╨╡╨╜ ╨╕╨╝╨╡╤В╤М autocomplete='email' [15.00ms]
@qbs-autonaim/recruitment-assistant-extension:test: (pass) ContactInfo > ╨а╨╡╨┤╨░╨║╤В╨╕╤А╨╛╨▓╨░╨╜╨╕╨╡ email > ╨┤╨╛╨╗╨╢╨╡╨╜ ╨╕╨╝╨╡╤В╤М spellCheck=false ╨┤╨╗╤П email
@qbs-autonaim/recruitment-assistant-extension:test: (pass) ContactInfo > ╨а╨╡╨┤╨░╨║╤В╨╕╤А╨╛╨▓╨░╨╜╨╕╨╡ ╤В╨╡╨╗╨╡╤Д╨╛╨╜╨░ > ╨┤╨╛╨╗╨╢╨╡╨╜ ╨▓╤Л╨╖╤Л╨▓╨░╤В╤М onEdit ╨┐╤А╨╕ ╨╕╨╖╨╝╨╡╨╜╨╡╨╜╨╕╨╕ ╤В╨╡╨╗╨╡╤Д╨╛╨╜╨░ [16.00ms]
@qbs-autonaim/recruitment-assistant-extension:test: (pass) ContactInfo > ╨а╨╡╨┤╨░╨║╤В╨╕╤А╨╛╨▓╨░╨╜╨╕╨╡ ╤В╨╡╨╗╨╡╤Д╨╛╨╜╨░ > ╨┤╨╛╨╗╨╢╨╡╨╜ ╨▓╤Л╨╖╤Л╨▓╨░╤В╤М onEdit ╤Б null ╨┐╤А╨╕ ╨╛╤З╨╕╤Б╤В╨║╨╡ ╤В╨╡╨╗╨╡╤Д╨╛╨╜╨░
@qbs-autonaim/recruitment-assistant-extension:test: (pass) ContactInfo > ╨а╨╡╨┤╨░╨║╤В╨╕╤А╨╛╨▓╨░╨╜╨╕╨╡ ╤В╨╡╨╗╨╡╤Д╨╛╨╜╨░ > ╨┤╨╛╨╗╨╢╨╡╨╜ ╨╕╨╝╨╡╤В╤М type='tel' ╨┤╨╗╤П ╨┐╨╛╨╗╤П ╤В╨╡╨╗╨╡╤Д╨╛╨╜╨░ [16.00ms]
@qbs-autonaim/recruitment-assistant-extension:test: (pass) ContactInfo > ╨а╨╡╨┤╨░╨║╤В╨╕╤А╨╛╨▓╨░╨╜╨╕╨╡ ╤В╨╡╨╗╨╡╤Д╨╛╨╜╨░ > ╨┤╨╛╨╗╨╢╨╡╨╜ ╨╕╨╝╨╡╤В╤М autocomplete='tel' [15.00ms]
@qbs-autonaim/recruitment-assistant-extension:test: (pass) ContactInfo > ╨Ф╨╛╨▒╨░╨▓╨╗╨╡╨╜╨╕╨╡ ╤Б╤Б╤Л╨╗╨╛╨║ > ╨┤╨╛╨╗╨╢╨╡╨╜ ╨▓╤Л╨╖╤Л╨▓╨░╤В╤М onEdit ╨┐╤А╨╕ ╨┤╨╛╨▒╨░╨▓╨╗╨╡╨╜╨╕╨╕ ╨╜╨╛╨▓╨╛╨╣ ╤Б╤Б╤Л╨╗╨║╨╕ [16.00ms]
@qbs-autonaim/recruitment-assistant-extension:test: (pass) ContactInfo > ╨Ф╨╛╨▒╨░╨▓╨╗╨╡╨╜╨╕╨╡ ╤Б╤Б╤Л╨╗╨╛╨║ > ╨┤╨╛╨╗╨╢╨╡╨╜ ╨╛╤З╨╕╤Й╨░╤В╤М ╨┐╨╛╨╗╨╡ ╨▓╨▓╨╛╨┤╨░ ╨┐╨╛╤Б╨╗╨╡ ╨┤╨╛╨▒╨░╨▓╨╗╨╡╨╜╨╕╤П ╤Б╤Б╤Л╨╗╨║╨╕
@qbs-autonaim/recruitment-assistant-extension:test: (pass) ContactInfo > ╨Ф╨╛╨▒╨░╨▓╨╗╨╡╨╜╨╕╨╡ ╤Б╤Б╤Л╨╗╨╛╨║ > ╨┤╨╛╨╗╨╢╨╡╨╜ ╨╛╨▒╤А╨╡╨╖╨░╤В╤М ╨┐╤А╨╛╨▒╨╡╨╗╤Л ╨┐╤А╨╕ ╨┤╨╛╨▒╨░╨▓╨╗╨╡╨╜╨╕╨╕ ╤Б╤Б╤Л╨╗╨║╨╕
@qbs-autonaim/recruitment-assistant-extension:test: (pass) ContactInfo > ╨Ф╨╛╨▒╨░╨▓╨╗╨╡╨╜╨╕╨╡ ╤Б╤Б╤Л╨╗╨╛╨║ > ╨╜╨╡ ╨┤╨╛╨╗╨╢╨╡╨╜ ╨┤╨╛╨▒╨░╨▓╨╗╤П╤В╤М ╨┐╤Г╤Б╤В╤Г╤О ╤Б╤Б╤Л╨╗╨║╤Г [16.00ms]
@qbs-autonaim/recruitment-assistant-extension:test: (pass) ContactInfo > ╨Ф╨╛╨▒╨░╨▓╨╗╨╡╨╜╨╕╨╡ ╤Б╤Б╤Л╨╗╨╛╨║ > ╨╜╨╡ ╨┤╨╛╨╗╨╢╨╡╨╜ ╨┤╨╛╨▒╨░╨▓╨╗╤П╤В╤М ╨╜╨╡╨║╨╛╤А╤А╨╡╨║╤В╨╜╤Л╨╣ URL [16.00ms]
@qbs-autonaim/recruitment-assistant-extension:test: (pass) ContactInfo > ╨Ф╨╛╨▒╨░╨▓╨╗╨╡╨╜╨╕╨╡ ╤Б╤Б╤Л╨╗╨╛╨║ > ╨╜╨╡ ╨┤╨╛╨╗╨╢╨╡╨╜ ╨┤╨╛╨▒╨░╨▓╨╗╤П╤В╤М ╨┤╤Г╨▒╨╗╨╕╨║╨░╤В ╤Б╤Б╤Л╨╗╨║╨╕ [31.00ms]
@qbs-autonaim/recruitment-assistant-extension:test: (pass) ContactInfo > ╨Ф╨╛╨▒╨░╨▓╨╗╨╡╨╜╨╕╨╡ ╤Б╤Б╤Л╨╗╨╛╨║ > ╨┤╨╛╨╗╨╢╨╡╨╜ ╨┤╨╛╨▒╨░╨▓╨╗╤П╤В╤М ╤Б╤Б╤Л╨╗╨║╤Г ╨┐╤А╨╕ ╨╜╨░╨╢╨░╤В╨╕╨╕ Enter [16.00ms]
@qbs-autonaim/recruitment-assistant-extension:test: (pass) ContactInfo > ╨Ф╨╛╨▒╨░╨▓╨╗╨╡╨╜╨╕╨╡ ╤Б╤Б╤Л╨╗╨╛╨║ > ╨┤╨╛╨╗╨╢╨╡╨╜ ╨╕╨╝╨╡╤В╤М type='url' ╨┤╨╗╤П ╨┐╨╛╨╗╤П ╤Б╤Б╤Л╨╗╨║╨╕
@qbs-autonaim/recruitment-assistant-extension:test: (pass) ContactInfo > ╨г╨┤╨░╨╗╨╡╨╜╨╕╨╡ ╤Б╤Б╤Л╨╗╨╛╨║ > ╨┤╨╛╨╗╨╢╨╡╨╜ ╨▓╤Л╨╖╤Л╨▓╨░╤В╤М onEdit ╨┐╤А╨╕ ╤Г╨┤╨░╨╗╨╡╨╜╨╕╨╕ ╤Б╤Б╤Л╨╗╨║╨╕
@qbs-autonaim/recruitment-assistant-extension:test: (pass) ContactInfo > ╨г╨┤╨░╨╗╨╡╨╜╨╕╨╡ ╤Б╤Б╤Л╨╗╨╛╨║ > ╨┤╨╛╨╗╨╢╨╡╨╜ ╤Г╨┤╨░╨╗╤П╤В╤М ╨┐╤А╨░╨▓╨╕╨╗╤М╨╜╤Г╤О ╤Б╤Б╤Л╨╗╨║╤Г [31.00ms]
@qbs-autonaim/recruitment-assistant-extension:test: 54 |       const elementStrings = els.map(element => getElementError(null, element).message).join('\n\n');
@qbs-autonaim/recruitment-assistant-extension:test: 55 |       throw getMultipleElementsFoundError(`${getMultipleError(container, ...args)}
@qbs-autonaim/recruitment-assistant-extension:test: 56 | 
@qbs-autonaim/recruitment-assistant-extension:test: 57 | Here are the matching elements:
@qbs-autonaim/recruitment-assistant-extension:test: 58 | 
@qbs-autonaim/recruitment-assistant-extension:test: 59 | ${elementStrings}`, container);
@qbs-autonaim/recruitment-assistant-extension:test:                                   ^
@qbs-autonaim/recruitment-assistant-extension:test: TestingLibraryElementError: Found multiple elements with the role "list"
@qbs-autonaim/recruitment-assistant-extension:test: 
@qbs-autonaim/recruitment-assistant-extension:test: Here are the matching elements:
@qbs-autonaim/recruitment-assistant-extension:test: 
@qbs-autonaim/recruitment-assistant-extension:test: Ignored nodes: comments, script, style
@qbs-autonaim/recruitment-assistant-extension:test: [36m<ul>[39m
@qbs-autonaim/recruitment-assistant-extension:test:   [0m
@qbs-autonaim/recruitment-assistant-extension:test:             [0m
@qbs-autonaim/recruitment-assistant-extension:test:   [36m<li[39m
@qbs-autonaim/recruitment-assistant-extension:test:     [33mclass[39m=[32m"artdeco-list__item"[39m
@qbs-autonaim/recruitment-assistant-extension:test:   [36m>[39m
@qbs-autonaim/recruitment-assistant-extension:test:     [0m
@qbs-autonaim/recruitment-assistant-extension:test:               [0m
@qbs-autonaim/recruitment-assistant-extension:test:     [36m<div[39m
@qbs-autonaim/recruitment-assistant-extension:test:       [33mclass[39m=[32m"display-flex"[39m
@qbs-autonaim/recruitment-assistant-extension:test:     [36m>[39m
@qbs-autonaim/recruitment-assistant-extension:test:       [0m
@qbs-autonaim/recruitment-assistant-extension:test:                 [0m
@qbs-autonaim/recruitment-assistant-extension:test:       [36m<span[39m
@qbs-autonaim/recruitment-assistant-extension:test:         [33maria-hidden[39m=[32m"true"[39m
@qbs-autonaim/recruitment-assistant-extension:test:       [36m>[39m
@qbs-autonaim/recruitment-assistant-extension:test:         [0mSenior Developer[0m
@qbs-autonaim/recruitment-assistant-extension:test:       [36m</span>[39m
@qbs-autonaim/recruitment-assistant-extension:test:       [0m
@qbs-autonaim/recruitment-assistant-extension:test:               [0m
@qbs-autonaim/recruitment-assistant-extension:test:     [36m</div>[39m
@qbs-autonaim/recruitment-assistant-extension:test:     [0m
@qbs-autonaim/recruitment-assistant-extension:test:               [0m
@qbs-autonaim/recruitment-assistant-extension:test:     [36m<span[39m
@qbs-autonaim/recruitment-assistant-extension:test:       [33mclass[39m=[32m"t-14 t-normal"[39m
@qbs-autonaim/recruitment-assistant-extension:test:     [36m>[39m
@qbs-autonaim/recruitment-assistant-extension:test:       [0m
@qbs-autonaim/recruitment-assistant-extension:test:                 [0m
@qbs-autonaim/recruitment-assistant-extension:test:       [36m<span[39m
@qbs-autonaim/recruitment-assistant-extension:test:         [33maria-hidden[39m=[32m"true"[39m
@qbs-autonaim/recruitment-assistant-extension:test:       [36m>[39m
@qbs-autonaim/recruitment-assistant-extension:test:         [0mTech Company[0m
@qbs-autonaim/recruitment-assistant-extension:test:       [36m</span>[39m
@qbs-autonaim/recruitment-assistant-extension:test:       [0m
@qbs-autonaim/recruitment-assistant-extension:test:               [0m
@qbs-autonaim/recruitment-assistant-extension:test:     [36m</span>[39m
@qbs-autonaim/recruitment-assistant-extension:test:     [0m
@qbs-autonaim/recruitment-assistant-extension:test:               [0m
@qbs-autonaim/recruitment-assistant-extension:test:     [36m<span[39m
@qbs-autonaim/recruitment-assistant-extension:test:       [33mclass[39m=[32m"t-14 t-normal t-black--light"[39m
@qbs-autonaim/recruitment-assistant-extension:test:     [36m>[39m
@qbs-autonaim/recruitment-assistant-extension:test:       [0m
@qbs-autonaim/recruitment-assistant-extension:test:                 [0m
@qbs-autonaim/recruitment-assistant-extension:test:       [36m<span[39m
@qbs-autonaim/recruitment-assistant-extension:test:         [33maria-hidden[39m=[32m"true"[39m
@qbs-autonaim/recruitment-assistant-extension:test:       [36m>[39m
@qbs-autonaim/recruitment-assistant-extension:test:         [0m2020 тАУ ╨┐╨╛ ╨╜╨░╤Б╤В╨╛╤П╤Й╨╡╨╡ ╨▓╤А╨╡╨╝╤П[0m
@qbs-autonaim/recruitment-assistant-extension:test:       [36m</span>[39m
@qbs-autonaim/recruitment-assistant-extension:test:       [0m
@qbs-autonaim/recruitment-assistant-extension:test:               [0m
@qbs-autonaim/recruitment-assistant-extension:test:     [36m</span>[39m
@qbs-autonaim/recruitment-assistant-extension:test:     [0m
@qbs-autonaim/recruitment-assistant-extension:test:               [0m
@qbs-autonaim/recruitment-assistant-extension:test:     [36m<div[39m
@qbs-autonaim/recruitment-assistant-extension:test:       [33mclass[39m=[32m"display-flex full-width"[39m
@qbs-autonaim/recruitment-assistant-extension:test:     [36m>[39m
@qbs-autonaim/recruitment-assistant-extension:test:       [0m
@qbs-autonaim/recruitment-assistant-extension:test:                 [0m
@qbs-autonaim/recruitment-assistant-extension:test:       [36m<span[39m
@qbs-autonaim/recruitment-assistant-extension:test:         [33maria-hidden[39m=[32m"true"[39m
@qbs-autonaim/recruitment-assistant-extension:test:       [36m>[39m
@qbs-autonaim/recruitment-assistant-extension:test:         [0m╨а╨░╨╖╤А╨░╨▒╨╛╤В╨║╨░[0m
@qbs-autonaim/recruitment-assistant-extension:test:       [36m</span>[39m
@qbs-autonaim/recruitment-assistant-extension:test:       [0m
@qbs-autonaim/recruitment-assistant-extension:test:               [0m
@qbs-autonaim/recruitment-assistant-extension:test:     [36m</div>[39m
@qbs-autonaim/recruitment-assistant-extension:test:     [0m
@qbs-autonaim/recruitment-assistant-extension:test:             [0m
@qbs-autonaim/recruitment-assistant-extension:test:   [36m</li>[39m
@qbs-autonaim/recruitment-assistant-extension:test:   [0m
@qbs-autonaim/recruitment-assistant-extension:test:           [0m
@qbs-autonaim/recruitment-assistant-extension:test: [36m</ul>[39m
@qbs-autonaim/recruitment-assistant-extension:test: 
@qbs-autonaim/recruitment-assistant-extension:test: Ignored nodes: comments, script, style
@qbs-autonaim/recruitment-assistant-extension:test: [36m<ul>[39m
@qbs-autonaim/recruitment-assistant-extension:test:   [0m
@qbs-autonaim/recruitment-assistant-extension:test:             [0m
@qbs-autonaim/recruitment-assistant-extension:test:   [36m<li[39m
@qbs-autonaim/recruitment-assistant-extension:test:     [33mclass[39m=[32m"artdeco-list__item"[39m
@qbs-autonaim/recruitment-assistant-extension:test:   [36m>[39m
@qbs-autonaim/recruitment-assistant-extension:test:     [0m
@qbs-autonaim/recruitment-assistant-extension:test:               [0m
@qbs-autonaim/recruitment-assistant-extension:test:     [36m<div[39m
@qbs-autonaim/recruitment-assistant-extension:test:       [33mclass[39m=[32m"display-flex"[39m
@qbs-autonaim/recruitment-assistant-extension:test:     [36m>[39m
@qbs-autonaim/recruitment-assistant-extension:test:       [0m
@qbs-autonaim/recruitment-assistant-extension:test:                 [0m
@qbs-autonaim/recruitment-assistant-extension:test:       [36m<span[39m
@qbs-autonaim/recruitment-assistant-extension:test:         [33maria-hidden[39m=[32m"true"[39m
@qbs-autonaim/recruitment-assistant-extension:test:       [36m>[39m
@qbs-autonaim/recruitment-assistant-extension:test:         [0m╨Ь╨У╨г[0m
@qbs-autonaim/recruitment-assistant-extension:test:       [36m</span>[39m
@qbs-autonaim/recruitment-assistant-extension:test:       [0m
@qbs-autonaim/recruitment-assistant-extension:test:               [0m
@qbs-autonaim/recruitment-assistant-extension:test:     [36m</div>[39m
@qbs-autonaim/recruitment-assistant-extension:test:     [0m
@qbs-autonaim/recruitment-assistant-extension:test:               [0m
@qbs-autonaim/recruitment-assistant-extension:test:     [36m<span[39m
@qbs-autonaim/recruitment-assistant-extension:test:       [33mclass[39m=[32m"t-14 t-normal"[39m
@qbs-autonaim/recruitment-assistant-extension:test:     [36m>[39m
@qbs-autonaim/recruitment-assistant-extension:test:       [0m
@qbs-autonaim/recruitment-assistant-extension:test:                 [0m
@qbs-autonaim/recruitment-assistant-extension:test:       [36m<span[39m
@qbs-autonaim/recruitment-assistant-extension:test:         [33maria-hidden[39m=[32m"true"[39m
@qbs-autonaim/recruitment-assistant-extension:test:       [36m>[39m
@qbs-autonaim/recruitment-assistant-extension:test:         [0m╨С╨░╨║╨░╨╗╨░╨▓╤А[0m
@qbs-autonaim/recruitment-assistant-extension:test:       [36m</span>[39m
@qbs-autonaim/recruitment-assistant-extension:test:       [0m
@qbs-autonaim/recruitment-assistant-extension:test:               [0m
@qbs-autonaim/recruitment-assistant-extension:test:     [36m</span>[39m
@qbs-autonaim/recruitment-assistant-extension:test:     [0m
@qbs-autonaim/recruitment-assistant-extension:test:               [0m
@qbs-autonaim/recruitment-assistant-extension:test:     [36m<span[39m
@qbs-autonaim/recruitment-assistant-extension:test:       [33mclass[39m=[32m"t-14 t-normal t-black--light"[39m
@qbs-autonaim/recruitment-assistant-extension:test:     [36m>[39m
@qbs-autonaim/recruitment-assistant-extension:test:       [0m
@qbs-autonaim/recruitment-assistant-extension:test:                 [0m
@qbs-autonaim/recruitment-assistant-extension:test:       [36m<span[39m
@qbs-autonaim/recruitment-assistant-extension:test:         [33maria-hidden[39m=[32m"true"[39m
@qbs-autonaim/recruitment-assistant-extension:test:       [36m>[39m
@qbs-autonaim/recruitment-assistant-extension:test:         [0m╨Ш╨╜╤Д╨╛╤А╨╝╨░╤В╨╕╨║╨░[0m
@qbs-autonaim/recruitment-assistant-extension:test:       [36m</span>[39m
@qbs-autonaim/recruitment-assistant-extension:test:       [0m
@qbs-autonaim/recruitment-assistant-extension:test:               [0m
@qbs-autonaim/recruitment-assistant-extension:test:     [36m</span>[39m
@qbs-autonaim/recruitment-assistant-extension:test:     [0m
@qbs-autonaim/recruitment-assistant-extension:test:               [0m
@qbs-autonaim/recruitment-assistant-extension:test:     [36m<span[39m
@qbs-autonaim/recruitment-assistant-extension:test:       [33mclass[39m=[32m"t-14 t-normal t-black--light"[39m
@qbs-autonaim/recruitment-assistant-extension:test:     [36m>[39m
@qbs-autonaim/recruitment-assistant-extension:test:       [0m
@qbs-autonaim/recruitment-assistant-extension:test:                 [0m
@qbs-autonaim/recruitment-assistant-extension:test:       [36m<span[39m
@qbs-autonaim/recruitment-assistant-extension:test:         [33maria-hidden[39m=[32m"true"[39m
@qbs-autonaim/recruitment-assistant-extension:test:       [36m>[39m
@qbs-autonaim/recruitment-assistant-extension:test:         [0m2015 тАУ 2019[0m
@qbs-autonaim/recruitment-assistant-extension:test:       [36m</span>[39m
@qbs-autonaim/recruitment-assistant-extension:test:       [0m
@qbs-autonaim/recruitment-assistant-extension:test:               [0m
@qbs-autonaim/recruitment-assistant-extension:test:     [36m</span>[39m
@qbs-autonaim/recruitment-assistant-extension:test:     [0m
@qbs-autonaim/recruitment-assistant-extension:test:             [0m
@qbs-autonaim/recruitment-assistant-extension:test:   [36m</li>[39m
@qbs-autonaim/recruitment-assistant-extension:test:   [0m
@qbs-autonaim/recruitment-assistant-extension:test:           [0m
@qbs-autonaim/recruitment-assistant-extension:test: [36m</ul>[39m
@qbs-autonaim/recruitment-assistant-extension:test: 
@qbs-autonaim/recruitment-assistant-extension:test: Ignored nodes: comments, script, style
@qbs-autonaim/recruitment-assistant-extension:test: [36m<ul[39m
@qbs-autonaim/recruitment-assistant-extension:test:   [33maria-label[39m=[32m"╨б╨┐╨╕╤Б╨╛╨║ ╤Б╨╛╤Ж╨╕╨░╨╗╤М╨╜╤Л╤Е ╤Б╨╡╤В╨╡╨╣"[39m
@qbs-autonaim/recruitment-assistant-extension:test:   [33mstyle[39m=[32m"display: flex; flex-direction: column; gap: 8px; margin: 0px; padding: 0px; list-style: none;"[39m
@qbs-autonaim/recruitment-assistant-extension:test: [36m>[39m
@qbs-autonaim/recruitment-assistant-extension:test:   [36m<li[39m
@qbs-autonaim/recruitment-assistant-extension:test:     [33mstyle[39m=[32m"display: flex; align-items: center; gap: 8px; padding: 8px 12px; background-color: #f9fafb; border-radius: 6px; border: 1px solid #e5e7eb;"[39m
@qbs-autonaim/recruitment-assistant-extension:test:   [36m>[39m
@qbs-autonaim/recruitment-assistant-extension:test:     [36m<a[39m
@qbs-autonaim/recruitment-assistant-extension:test:       [33mhref[39m=[32m"https://github.com/ivan"[39m
@qbs-autonaim/recruitment-assistant-extension:test:       [33mrel[39m=[32m"noopener noreferrer"[39m
@qbs-autonaim/recruitment-assistant-extension:test:       [33mstyle[39m=[32m"color: #3b82f6; text-decoration: none; font-size: 14px; overflow: hidden; text-overflow: ellipsis; white-space: nowrap; flex-grow: 1; flex-shrink: 1; flex-basis: 0%;"[39m
@qbs-autonaim/recruitment-assistant-extension:test:       [33mtarget[39m=[32m"_blank"[39m
@qbs-autonaim/recruitment-assistant-extension:test:     [36m>[39m
@qbs-autonaim/recruitment-assistant-extension:test:       [0mhttps://github.com/ivan[0m
@qbs-autonaim/recruitment-assistant-extension:test:     [36m</a>[39m
@qbs-autonaim/recruitment-assistant-extension:test:     [36m<button[39m
@qbs-autonaim/recruitment-assistant-extension:test:       [33maria-label[39m=[32m"╨г╨┤╨░╨╗╨╕╤В╤М ╤Б╤Б╤Л╨╗╨║╤Г https://github.com/ivan"[39m
@qbs-autonaim/recruitment-assistant-extension:test:       [33mstyle[39m=[32m"min-width: 32px; min-height: 32px; padding: 4px; background-color: transparent; color: #6b7280; border: none none; border-radius: 4px; font-size: 16px; cursor: pointer; display: flex; align-items: center; justify-content: center; touch-action: manipulation;"[39m
@qbs-autonaim/recruitment-assistant-extension:test:       [33mtype[39m=[32m"button"[39m
@qbs-autonaim/recruitment-assistant-extension:test:     [36m>[39m
@qbs-autonaim/recruitment-assistant-extension:test:       [0m├Ч[0m
@qbs-autonaim/recruitment-assistant-extension:test:     [36m</button>[39m
@qbs-autonaim/recruitment-assistant-extension:test:   [36m</li>[39m
@qbs-autonaim/recruitment-assistant-extension:test:   [36m<li[39m
@qbs-autonaim/recruitment-assistant-extension:test:     [33mstyle[39m=[32m"display: flex; align-items: center; gap: 8px; padding: 8px 12px; background-color: #f9fafb; border-radius: 6px; border: 1px solid #e5e7eb;"[39m
@qbs-autonaim/recruitment-assistant-extension:test:   [36m>[39m
@qbs-autonaim/recruitment-assistant-extension:test:     [36m<a[39m
@qbs-autonaim/recruitment-assistant-extension:test:       [33mhref[39m=[32m"https://linkedin.com/in/ivan"[39m
@qbs-autonaim/recruitment-assistant-extension:test:       [33mrel[39m=[32m"noopener noreferrer"[39m
@qbs-autonaim/recruitment-assistant-extension:test:       [33mstyle[39m=[32m"color: #3b82f6; text-decoration: none; font-size: 14px; overflow: hidden; text-overflow: ellipsis; white-space: nowrap; flex-grow: 1; flex-shrink: 1; flex-basis: 0%;"[39m
@qbs-autonaim/recruitment-assistant-extension:test:       [33mtarget[39m=[32m"_blank"[39m
@qbs-autonaim/recruitment-assistant-extension:test:     [36m>[39m
@qbs-autonaim/recruitment-assistant-extension:test:       [0mhttps://linkedin.com/in/ivan[0m
@qbs-autonaim/recruitment-assistant-extension:test:     [36m</a>[39m
@qbs-autonaim/recruitment-assistant-extension:test:     [36m<button[39m
@qbs-autonaim/recruitment-assistant-extension:test:       [33maria-label[39m=[32m"╨г╨┤╨░╨╗╨╕╤В╤М ╤Б╤Б╤Л╨╗╨║╤Г https://linkedin.com/in/ivan"[39m
@qbs-autonaim/recruitment-assistant-extension:test:       [33mstyle[39m=[32m"min-width: 32px; min-height: 32px; padding: 4px; background-color: transparent; color: #6b7280; border: none none; border-radius: 4px; font-size: 16px; cursor: pointer; display: flex; align-items: center; justify-content: center; touch-action: manipulation;"[39m
@qbs-autonaim/recruitment-assistant-extension:test:       [33mtype[39m=[32m"button"[39m
@qbs-autonaim/recruitment-assistant-extension:test:     [36m>[39m
@qbs-autonaim/recruitment-assistant-extension:test:       [0m├Ч[0m
@qbs-autonaim/recruitment-assistant-extension:test:     [36m</button>[39m
@qbs-autonaim/recruitment-assistant-extension:test:   [36m</li>[39m
@qbs-autonaim/recruitment-assistant-extension:test: [36m</ul>[39m
@qbs-autonaim/recruitment-assistant-extension:test: 
@qbs-autonaim/recruitment-assistant-extension:test: (If this is intentional, then use the `*AllBy*` variant of the query (like `queryAllByText`, `getAllByText`, or `findAllByText`)).
@qbs-autonaim/recruitment-assistant-extension:test: 
@qbs-autonaim/recruitment-assistant-extension:test: Ignored nodes: comments, script, style
@qbs-autonaim/recruitment-assistant-extension:test: [36m<body>[39m
@qbs-autonaim/recruitment-assistant-extension:test:   [0m
@qbs-autonaim/recruitment-assistant-extension:test:         [0m
@qbs-autonaim/recruitment-assistant-extension:test:   [36m<h1[39m
@qbs-autonaim/recruitment-assistant-extension:test:     [33mclass[39m=[32m"text-heading-xlarge"[39m
@qbs-autonaim/recruitment-assistant-extension:test:   [36m>[39m
@qbs-autonaim/recruitment-assistant-extension:test:     [0m╨Ш╨▓╨░╨╜ ╨Ш╨▓╨░╨╜╨╛╨▓[0m
@qbs-autonaim/recruitment-assistant-extension:test:   [36m</h1>[39m
@qbs-autonaim/recruitment-assistant-extension:test:   [0m
@qbs-autonaim/recruitment-assistant-extension:test:         [0m
@qbs-autonaim/recruitment-assistant-extension:test:   [36m<div[39m
@qbs-autonaim/recruitment-assistant-extension:test:     [33mclass[39m=[32m"text-body-medium"[39m
@qbs-autonaim/recruitment-assistant-extension:test:   [36m>[39m
@qbs-autonaim/recruitment-assistant-extension:test:     [0mSenior Developer[0m
@qbs-autonaim/recruitment-assistant-extension:test:   [36m</div>[39m
@qbs-autonaim/recruitment-assistant-extension:test:   [0m
@qbs-autonaim/recruitment-assistant-extension:test:         [0m
@qbs-autonaim/recruitment-assistant-extension:test:   [36m<span[39m
@qbs-autonaim/recruitment-assistant-extension:test:     [33mclass[39m=[32m"text-body-small inline"[39m
@qbs-autonaim/recruitment-assistant-extension:test:   [36m>[39m
@qbs-autonaim/recruitment-assistant-extension:test:     [0m╨Ь╨╛╤Б╨║╨▓╨░, ╨а╨╛╤Б╤Б╨╕╤П[0m
@qbs-autonaim/recruitment-assistant-extension:test:   [36m</span>[39m
@qbs-autonaim/recruitment-assistant-extension:test:   [0m
@qbs-autonaim/recruitment-assistant-extension:test:         [0m
@qbs-autonaim/recruitment-assistant-extension:test:   [36m<img[39m
@qbs-autonaim/recruitment-assistant-extension:test:     [33mclass[39m=[32m"pv-top-card-profile-picture__image"[39m
@qbs-autonaim/recruitment-assistant-extension:test:     [33msrc[39m=[32m"https://example.com/photo.jpg"[39m
@qbs-autonaim/recruitment-assistant-extension:test:   [36m/>[39m
@qbs-autonaim/recruitment-assistant-extension:test:   [0m
@qbs-autonaim/recruitment-assistant-extension:test:         
@qbs-autonaim/recruitment-assistant-extension:test:         [0m
@qbs-autonaim/recruitment-assistant-extension:test:   [36m<section[39m
@qbs-autonaim/recruitment-assistant-extension:test:     [33mid[39m=[32m"experience"[39m
@qbs-autonaim/recruitment-assistant-extension:test:   [36m>[39m
@qbs-autonaim/recruitment-assistant-extension:test:     [0m
@qbs-autonaim/recruitment-assistant-extension:test:           [0m
@qbs-autonaim/recruitment-assistant-extension:test:     [36m<ul>[39m
@qbs-autonaim/recruitment-assistant-extension:test:       [0m
@qbs-autonaim/recruitment-assistant-extension:test:             [0m
@qbs-autonaim/recruitment-assistant-extension:test:       [36m<li[39m
@qbs-autonaim/recruitment-assistant-extension:test:         [33mclass[39m=[32m"artdeco-list__item"[39m
@qbs-autonaim/recruitment-assistant-extension:test:       [36m>[39m
@qbs-autonaim/recruitment-assistant-extension:test:         [0m
@qbs-autonaim/recruitment-assistant-extension:test:               [0m
@qbs-autonaim/recruitment-assistant-extension:test:         [36m<div[39m
@qbs-autonaim/recruitment-assistant-extension:test:           [33mclass[39m=[32m"display-flex"[39m
@qbs-autonaim/recruitment-assistant-extension:test:         [36m>[39m
@qbs-autonaim/recruitment-assistant-extension:test:           [0m
@qbs-autonaim/recruitment-assistant-extension:test:                 [0m
@qbs-autonaim/recruitment-assistant-extension:test:           [36m<span[39m
@qbs-autonaim/recruitment-assistant-extension:test:             [33maria-hidden[39m=[32m"true"[39m
@qbs-autonaim/recruitment-assistant-extension:test:           [36m>[39m
@qbs-autonaim/recruitment-assistant-extension:test:             [0mSenior Developer[0m
@qbs-autonaim/recruitment-assistant-extension:test:           [36m</span>[39m
@qbs-autonaim/recruitment-assistant-extension:test:           [0m
@qbs-autonaim/recruitment-assistant-extension:test:               [0m
@qbs-autonaim/recruitment-assistant-extension:test:         [36m</div>[39m
@qbs-autonaim/recruitment-assistant-extension:test:         [0m
@qbs-autonaim/recruitment-assistant-extension:test:               [0m
@qbs-autonaim/recruitment-assistant-extension:test:         [36m<span[39m
@qbs-autonaim/recruitment-assistant-extension:test:           [33mclass[39m=[32m"t-14 t-normal"[39m
@qbs-autonaim/recruitment-assistant-extension:test:         [36m>[39m
@qbs-autonaim/recruitment-assistant-extension:test:           [0m
@qbs-autonaim/recruitment-assistant-extension:test:                 [0m
@qbs-autonaim/recruitment-assistant-extension:test:           [36m<span[39m
@qbs-autonaim/recruitment-assistant-extension:test:             [33maria-hidden[39m=[32m"true"[39m
@qbs-autonaim/recruitment-assistant-extension:test:           [36m>[39m
@qbs-autonaim/recruitment-assistant-extension:test:             [0mTech Company[0m
@qbs-autonaim/recruitment-assistant-extension:test:           [36m</span>[39m
@qbs-autonaim/recruitment-assistant-extension:test:           [0m
@qbs-autonaim/recruitment-assistant-extension:test:               [0m
@qbs-autonaim/recruitment-assistant-extension:test:         [36m</span>[39m
@qbs-autonaim/recruitment-assistant-extension:test:         [0m
@qbs-autonaim/recruitment-assistant-extension:test:               [0m
@qbs-autonaim/recruitment-assistant-extension:test:         [36m<span[39m
@qbs-autonaim/recruitment-assistant-extension:test:           [33mclass[39m=[32m"t-14 t-normal t-black--light"[39m
@qbs-autonaim/recruitment-assistant-extension:test:         [36m>[39m
@qbs-autonaim/recruitment-assistant-extension:test:           [0m
@qbs-autonaim/recruitment-assistant-extension:test:                 [0m
@qbs-autonaim/recruitment-assistant-extension:test:           [36m<span[39m
@qbs-autonaim/recruitment-assistant-extension:test:             [33maria-hidden[39m=[32m"true"[39m
@qbs-autonaim/recruitment-assistant-extension:test:           [36m>[39m
@qbs-autonaim/recruitment-assistant-extension:test:             [0m2020 тАУ ╨┐╨╛ ╨╜╨░╤Б╤В╨╛╤П╤Й╨╡╨╡ ╨▓╤А╨╡╨╝╤П[0m
@qbs-autonaim/recruitment-assistant-extension:test:           [36m</span>[39m
@qbs-autonaim/recruitment-assistant-extension:test:           [0m
@qbs-autonaim/recruitment-assistant-extension:test:               [0m
@qbs-autonaim/recruitment-assistant-extension:test:         [36m</span>[39m
@qbs-autonaim/recruitment-assistant-extension:test:         [0m
@qbs-autonaim/recruitment-assistant-extension:test:               [0m
@qbs-autonaim/recruitment-assistant-extension:test:         [36m<div[39m
@qbs-autonaim/recruitment-assistant-extension:test:           [33mclass[39m=[32m"display-flex full-width"[39m
@qbs-autonaim/recruitment-assistant-extension:test:         [36m>[39m
@qbs-autonaim/recruitment-assistant-extension:test:           [0m
@qbs-autonaim/recruitment-assistant-extension:test:                 [0m
@qbs-autonaim/recruitment-assistant-extension:test:           [36m<span[39m
@qbs-autonaim/recruitment-assistant-extension:test:             [33maria-hidden[39m=[32m"true"[39m
@qbs-autonaim/recruitment-assistant-extension:test:           [36m>[39m
@qbs-autonaim/recruitment-assistant-extension:test:             [0m╨а╨░╨╖╤А╨░╨▒╨╛╤В╨║╨░[0m
@qbs-autonaim/recruitment-assistant-extension:test:           [36m</span>[39m
@qbs-autonaim/recruitment-assistant-extension:test:           [0m
@qbs-autonaim/recruitment-assistant-extension:test:               [0m
@qbs-autonaim/recruitment-assistant-extension:test:         [36m</div>[39m
@qbs-autonaim/recruitment-assistant-extension:test:         [0m
@qbs-autonaim/recruitment-assistant-extension:test:             [0m
@qbs-autonaim/recruitment-assistant-extension:test:       [36m</li>[39m
@qbs-autonaim/recruitment-assistant-extension:test:       [0m
@qbs-autonaim/recruitment-assistant-extension:test:           [0m
@qbs-autonaim/recruitment-assistant-extension:test:     [36m</ul>[39m
@qbs-autonaim/recruitment-assistant-extension:test:     [0m
@qbs-autonaim/recruitment-assistant-extension:test:         [0m
@qbs-autonaim/recruitment-assistant-extension:test:   [36m</section>[39m
@qbs-autonaim/recruitment-assistant-extension:test:   [0m
@qbs-autonaim/recruitment-assistant-extension:test:         
@qbs-autonaim/recruitment-assistant-extension:test:         [0m
@qbs-autonaim/recruitment-assistant-extension:test:   [36m<section[39m
@qbs-autonaim/recruitment-assistant-extension:test:     [33mid[39m=[32m"education"[39m
@qbs-autonaim/recruitment-assistant-extension:test:   [36m>[39m
@qbs-autonaim/recruitment-assistant-extension:test:     [0m
@qbs-autonaim/recruitment-assistant-extension:test:           [0m
@qbs-autonaim/recruitment-assistant-extension:test:     [36m<ul>[39m
@qbs-autonaim/recruitment-assistant-extension:test:       [0m
@qbs-autonaim/recruitment-assistant-extension:test:             [0m
@qbs-autonaim/recruitment-assistant-extension:test:       [36m<li[39m
@qbs-autonaim/recruitment-assistant-extension:test:         [33mclass[39m=[32m"artdeco-list__item"[39m
@qbs-autonaim/recruitment-assistant-extension:test:       [36m>[39m
@qbs-autonaim/recruitment-assistant-extension:test:         [0m
@qbs-autonaim/recruitment-assistant-extension:test:               [0m
@qbs-autonaim/recruitment-assistant-extension:test:         [36m<div[39m
@qbs-autonaim/recruitment-assistant-extension:test:           [33mclass[39m=[32m"display-flex"[39m
@qbs-autonaim/recruitment-assistant-extension:test:         [36m>[39m
@qbs-autonaim/recruitment-assistant-extension:test:           [0m
@qbs-autonaim/recruitment-assistant-extension:test:                 [0m
@qbs-autonaim/recruitment-assistant-extension:test:           [36m<span[39m
@qbs-autonaim/recruitment-assistant-extension:test:             [33maria-hidden[39m=[32m"true"[39m
@qbs-autonaim/recruitment-assistant-extension:test:           [36m>[39m
@qbs-autonaim/recruitment-assistant-extension:test:             [0m╨Ь╨У╨г[0m
@qbs-autonaim/recruitment-assistant-extension:test:           [36m</span>[39m
@qbs-autonaim/recruitment-assistant-extension:test:           [0m
@qbs-autonaim/recruitment-assistant-extension:test:               [0m
@qbs-autonaim/recruitment-assistant-extension:test:         [36m</div>[39m
@qbs-autonaim/recruitment-assistant-extension:test:         [0m
@qbs-autonaim/recruitment-assistant-extension:test:               [0m
@qbs-autonaim/recruitment-assistant-extension:test:         [36m<span[39m
@qbs-autonaim/recruitment-assistant-extension:test:           [33mclass[39m=[32m"t-14 t-normal"[39m
@qbs-autonaim/recruitment-assistant-extension:test:         [36m>[39m
@qbs-autonaim/recruitment-assistant-extension:test:           [0m
@qbs-autonaim/recruitment-assistant-extension:test:                 [0m
@qbs-autonaim/recruitment-assistant-extension:test:           [36m<span[39m
@qbs-autonaim/recruitment-assistant-extension:test:             [33maria-hidden[39m=[32m"true"[39m
@qbs-autonaim/recruitment-assistant-extension:test:           [36m>[39m
@qbs-autonaim/recruitment-assistant-extension:test:             [0m╨С╨░╨║╨░╨╗╨░╨▓╤А[0m
@qbs-autonaim/recruitment-assistant-extension:test:           [36m</span>[39m
@qbs-autonaim/recruitment-assistant-extension:test:           [0m
@qbs-autonaim/recruitment-assistant-extension:test:               [0m
@qbs-autonaim/recruitment-assistant-extension:test:         [36m</span>[39m
@qbs-autonaim/recruitment-assistant-extension:test:         [0m
@qbs-autonaim/recruitment-assistant-extension:test:               [0m
@qbs-autonaim/recruitment-assistant-extension:test:         [36m<span[39m
@qbs-autonaim/recruitment-assistant-extension:test:           [33mclass[39m=[32m"t-14 t-normal t-black--light"[39m
@qbs-autonaim/recruitment-assistant-extension:test:         [36m>[39m
@qbs-autonaim/recruitment-assistant-extension:test:           [0m
@qbs-autonaim/recruitment-assistant-extension:test:                 [0m
@qbs-autonaim/recruitment-assistant-extension:test:           [36m<span[39m
@qbs-autonaim/recruitment-assistant-extension:test:             [33maria-hidden[39m=[32m"true"[39m
@qbs-autonaim/recruitment-assistant-extension:test:           [36m>[39m
@qbs-autonaim/recruitment-assistant-extension:test:             [0m╨Ш╨╜╤Д╨╛╤А╨╝╨░╤В╨╕╨║╨░[0m
@qbs-autonaim/recruitment-assistant-extension:test:           [36m</span>[39m
@qbs-autonaim/recruitment-assistant-extension:test:           [0m
@qbs-autonaim/recruitment-assistant-extension:test:               [0m
@qbs-autonaim/recruitment-assistant-extension:test:         [36m</span>[39m
@qbs-autonaim/recruitment-assistant-extension:test:         [0m
@qbs-autonaim/recruitment-assistant-extension:test:               [0m
@qbs-autonaim/recruitment-assistant-extension:test:         [36m<span[39m
@qbs-autonaim/recruitment-assistant-extension:test:           [33mclass[39m=[32m"t-14 t-normal t-black--light"[39m
@qbs-autonaim/recruitment-assistant-extension:test:         [36m>[39m
@qbs-autonaim/recruitment-assistant-extension:test:           [0m
@qbs-autonaim/recruitment-assistant-extension:test:                 [0m
@qbs-autonaim/recruitment-assistant-extension:test:           [36m<span[39m
@qbs-autonaim/recruitment-assistant-extension:test:             [33maria-hidden[39m=[32m"true"[39m
@qbs-autonaim/recruitment-assistant-extension:test:           [36m>[39m
@qbs-autonaim/recruitment-assistant-extension:test:             [0m2015 тАУ 2019[0m
@qbs-autonaim/recruitment-assistant-extension:test:           [36m</span>[39m
@qbs-autonaim/recruitment-assistant-extension:test:           [0m
@qbs-autonaim/recruitment-assistant-extension:test:               [0m
@qbs-autonaim/recruitment-assistant-extension:test:         [36m</span>[39m
@qbs-autonaim/recruitment-assistant-extension:test:         [0m
@qbs-autonaim/recruitment-assistant-extension:test:             [0m
@qbs-autonaim/recruitment-assistant-extension:test:       [36m</li>[39m
@qbs-autonaim/recruitment-assistant-extension:test:       [0m
@qbs-autonaim/recruitment-assistant-extension:test:           [0m
@qbs-autonaim/recruitment-assistant-extension:test:     [36m</ul>[39m
@qbs-autonaim/recruitment-assistant-extension:test:     [0m
@qbs-autonaim/recruitment-assistant-extension:test:         [0m
@qbs-autonaim/recruitment-assistant-extension:test:   [36m</section>[39m
@qbs-autonaim/recruitment-assistant-extension:test:   [0m
@qbs-autonaim/recruitment-assistant-extension:test:         
@qbs-autonaim/recruitment-assistant-extension:test:         [0m
@qbs-autonaim/recruitment-assistant-extension:test:   [36m<section[39m
@qbs-autonaim/recruitment-assistant-extension:test:     [33mid[39m=[32m"skills"[39m
@qbs-autonaim/recruitment-assistant-extension:test:   [36m>[39m
@qbs-autonaim/recruitment-assistant-extension:test:     [0m
@qbs-autonaim/recruitment-assistant-extension:test:           [0m
@qbs-autonaim/recruitment-assistant-extension:test:     [36m<span[39m
@qbs-autonaim/recruitment-assistant-extension:test:       [33maria-hidden[39m=[32m"true"[39m
@qbs-autonaim/recruitment-assistant-extension:test:     [36m>[39m
@qbs-autonaim/recruitment-assistant-extension:test:       [0mTypeScript[0m
@qbs-autonaim/recruitment-assistant-extension:test:     [36m</span>[39m
@qbs-autonaim/recruitment-assistant-extension:test:     [0m
@qbs-autonaim/recruitment-assistant-extension:test:           [0m
@qbs-autonaim/recruitment-assistant-extension:test:     [36m<span[39m
@qbs-autonaim/recruitment-assistant-extension:test:       [33maria-hidden[39m=[32m"true"[39m
@qbs-autonaim/recruitment-assistant-extension:test:     [36m>[39m
@qbs-autonaim/recruitment-assistant-extension:test:       [0mReact[0m
@qbs-autonaim/recruitment-assistant-extension:test:     [36m</span>[39m
@qbs-autonaim/recruitment-assistant-extension:test:     [0m
@qbs-autonaim/recruitment-assistant-extension:test:         [0m
@qbs-autonaim/recruitment-assistant-extension:test:   [36m</section>[39m
@qbs-autonaim/recruitment-assistant-extension:test:   [0m
@qbs-autonaim/recruitment-assistant-extension:test:         
@qbs-autonaim/recruitment-assistant-extension:test:         [0m
@qbs-autonaim/recruitment-assistant-extension:test:   [36m<section[39m
@qbs-autonaim/recruitment-assistant-extension:test:     [33mclass[39m=[32m"pv-contact-info"[39m
@qbs-autonaim/recruitment-assistant-extension:test:   [36m>[39m
@qbs-autonaim/recruitment-assistant-extension:test:     [0m
@qbs-autonaim/recruitment-assistant-extension:test:           [0m
@qbs-autonaim/recruitment-assistant-extension:test:     [36m<a[39m
@qbs-autonaim/recruitment-assistant-extension:test:       [33mhref[39m=[32m"mailto:ivan@example.com"[39m
@qbs-autonaim/recruitment-assistant-extension:test:     [36m>[39m
@qbs-autonaim/recruitment-assistant-extension:test:       [0mEmail[0m
@qbs-autonaim/recruitment-assistant-extension:test:     [36m</a>[39m
@qbs-autonaim/recruitment-assistant-extension:test:     [0m
@qbs-autonaim/recruitment-assistant-extension:test:           [0m
@qbs-autonaim/recruitment-assistant-extension:test:     [36m<span[39m
@qbs-autonaim/recruitment-assistant-extension:test:       [33mclass[39m=[32m"t-14 t-black t-normal"[39m
@qbs-autonaim/recruitment-assistant-extension:test:     [36m>[39m
@qbs-autonaim/recruitment-assistant-extension:test:       [0m+7 (999) 123-45-67[0m
@qbs-autonaim/recruitment-assistant-extension:test:     [36m</span>[39m
@qbs-autonaim/recruitment-assistant-extension:test:     [0m
@qbs-autonaim/recruitment-assistant-extension:test:         [0m
@qbs-autonaim/recruitment-assistant-extension:test:   [36m</section>[39m
@qbs-autonaim/recruitment-assistant-extension:test:   [0m
@qbs-autonaim/recruitment-assistant-extension:test:       [0m
@qbs-autonaim/recruitment-assistant-extension:test:   [36m<div>[39m
@qbs-autonaim/recruitment-assistant-extension:test:     [36m<div>[39m
@qbs-autonaim/recruitment-assistant-extension:test:       [36m<h3[39m
@qbs-autonaim/recruitment-assistant-extension:test:         [33mstyle[39m=[32m"font-size: 16px; font-weight: 600; color: #1f2937; margin-bottom: 12px;"[39m
@qbs-autonaim/recruitment-assistant-extension:test:       [36m>[39m
@qbs-autonaim/recruitment-assistant-extension:test:         [0m╨Ъ╨╛╨╜╤В╨░╨║╤В╨╜╨░╤П ╨╕╨╜╤Д╨╛╤А╨╝╨░╤Ж╨╕╤П[0m
@qbs-autonaim/recruitment-assistant-extension:test:       [36m</h3>[39m
@qbs-autonaim/recruitment-assistant-extension:test:       [36m<div[39m
@qbs-autonaim/recruitment-assistant-extension:test:         [33mstyle[39m=[32m"margin-bottom: 16px;"[39m
@qbs-autonaim/recruitment-assistant-extension:test:       [36m>[39m
@qbs-autonaim/recruitment-assistant-extension:test:         [36m<label[39m
@qbs-autonaim/recruitment-assistant-extension:test:           [33mfor[39m=[32m"contact-email"[39m
@qbs-autonaim/recruitment-assistant-extension:test:           [33mstyle[39m=[32m"font-size: 14px; font-weight: 500; color: #374151; display: block; margin-bottom: 4px;"[39m
@qbs-autonaim/recruitment-assistant-extension:test:         [36m>[39m
@qbs-autonaim/recruitment-assistant-extension:test:           [0m╨н╨╗╨╡╨║╤В╤А╨╛╨╜╨╜╨░╤П ╨┐╨╛╤З╤В╨░[0m
@qbs-autonaim/recruitment-assistant-extension:test:         [36m</label>[39m
@qbs-autonaim/recruitment-assistant-extension:test:         [36m<input[39m
@qbs-autonaim/recruitment-assistant-extension:test:           [33maria-label[39m=[32m"╨н╨╗╨╡╨║╤В╤А╨╛╨╜╨╜╨░╤П ╨┐╨╛╤З╤В╨░ ╨║╨░╨╜╨┤╨╕╨┤╨░╤В╨░"[39m
@qbs-autonaim/recruitment-assistant-extension:test:           [33mautocomplete[39m=[32m"email"[39m
@qbs-autonaim/recruitment-assistant-extension:test:           [33mid[39m=[32m"contact-email"[39m
@qbs-autonaim/recruitment-assistant-extension:test:           [33mname[39m=[32m"email"[39m
@qbs-autonaim/recruitment-assistant-extension:test:           [33mplaceholder[39m=[32m"example@company.com"[39m
@qbs-autonaim/recruitment-assistant-extension:test:           [33mspellcheck[39m=[32m"false"[39m
@qbs-autonaim/recruitment-assistant-extension:test:           [33mstyle[39m=[32m"width: 100%; padding: 8px 12px; font-size: 16px; border: 1px solid #d1d5db; border-radius: 6px; outline-color: none; outline-style: none; outline-width: initial;"[39m
@qbs-autonaim/recruitment-assistant-extension:test:           [33mtype[39m=[32m"email"[39m
@qbs-autonaim/recruitment-assistant-extension:test:           [33mvalue[39m=[32m"ivan@example.com"[39m
@qbs-autonaim/recruitment-assistant-extension:test:         [36m/>[39m
@qbs-autonaim/recruitment-assistant-extension:test:       [36m</div>[39m
@qbs-autonaim/recruitment-assistant-extension:test:       [36m<div[39m
@qbs-autonaim/recruitment-assistant-extension:test:         [33mstyle[39m=[32m"margin-bottom: 16px;"[39m
@qbs-autonaim/recruitment-assistant-extension:test:       [36m>[39m
@qbs-autonaim/recruitment-assistant-extension:test:         [36m<label[39m
@qbs-autonaim/recruitment-assistant-extension:test:           [33mfor[39m=[32m"contact-phone"[39m
@qbs-autonaim/recruitment-assistant-extension:test:           [33mstyle[39m=[32m"font-size: 14px; font-weight: 500; color: #374151; display: block; margin-bottom: 4px;"[39m
@qbs-autonaim/recruitment-assistant-extension:test:         [36m>[39m
@qbs-autonaim/recruitment-assistant-extension:test:           [0m╨Э╨╛╨╝╨╡╤А ╤В╨╡╨╗╨╡╤Д╨╛╨╜╨░[0m
@qbs-autonaim/recruitment-assistant-extension:test:         [36m</label>[39m
@qbs-autonaim/recruitment-assistant-extension:test:         [36m<input[39m
@qbs-autonaim/recruitment-assistant-extension:test:           [33maria-label[39m=[32m"╨Э╨╛╨╝╨╡╤А ╤В╨╡╨╗╨╡╤Д╨╛╨╜╨░ ╨║╨░╨╜╨┤╨╕╨┤╨░╤В╨░"[39m
@qbs-autonaim/recruitment-assistant-extension:test:           [33mautocomplete[39m=[32m"tel"[39m
@qbs-autonaim/recruitment-assistant-extension:test:           [33mid[39m=[32m"contact-phone"[39m
@qbs-autonaim/recruitment-assistant-extension:test:           [33mname[39m=[32m"phone"[39m
@qbs-autonaim/recruitment-assistant-extension:test:           [33mplaceholder[39m=[32m"+7 (999) 123-45-67"[39m
@qbs-autonaim/recruitment-assistant-extension:test:           [33mstyle[39m=[32m"width: 100%; padding: 8px 12px; font-size: 16px; border: 1px solid #d1d5db; border-radius: 6px; outline-color: none; outline-style: none; outline-width: initial;"[39m
@qbs-autonaim/recruitment-assistant-extension:test:           [33mtype[39m=[32m"tel"[39m
@qbs-autonaim/recruitment-assistant-extension:test:           [33mvalue[39m=[32m"+7 999 123 45 67"[39m
@qbs-autonaim/recruitment-assistant-extension:test:         [36m/>[39m
@qbs-autonaim/recruitment-assistant-extension:test:       [36m</div>[39m
@qbs-autonaim/recruitment-assistant-extension:test:       [36m<div>[39m
@qbs-autonaim/recruitment-assistant-extension:test:         [36m<label[39m
@qbs-autonaim/recruitment-assistant-extension:test:           [33mfor[39m=[32m"social-link-input"[39m
@qbs-autonaim/recruitment-assistant-extension:test:           [33mstyle[39m=[32m"font-size: 14px; font-weight: 500; color: #374151; display: block; margin-bottom: 4px;"[39m
@qbs-autonaim/recruitment-assistant-extension:test:         [36m>[39m
@qbs-autonaim/recruitment-assistant-extension:test:           [0m╨б╨╛╤Ж╨╕╨░╨╗╤М╨╜╤Л╨╡ ╤Б╨╡╤В╨╕[0m
@qbs-autonaim/recruitment-assistant-extension:test:         [36m</label>[39m
@qbs-autonaim/recruitment-assistant-extension:test:         [36m<div[39m
@qbs-autonaim/recruitment-assistant-extension:test:           [33mstyle[39m=[32m"display: flex; gap: 8px; margin-bottom: 12px;"[39m
@qbs-autonaim/recruitment-assistant-extension:test:         [36m>[39m
@qbs-autonaim/recruitment-assistant-extension:test:           [36m<input[39m
@qbs-autonaim/recruitment-assistant-extension:test:             [33maria-invalid[39m=[32m"false"[39m
@qbs-autonaim/recruitment-assistant-extension:test:             [33maria-label[39m=[32m"╨Э╨╛╨▓╨░╤П ╤Б╤Б╤Л╨╗╨║╨░ ╨╜╨░ ╤Б╨╛╤Ж╨╕╨░╨╗╤М╨╜╤Г╤О ╤Б╨╡╤В╤М"[39m
@qbs-autonaim/recruitment-assistant-extension:test:             [33mid[39m=[32m"social-link-input"[39m
@qbs-autonaim/recruitment-assistant-extension:test:             [33mplaceholder[39m=[32m"https://example.com/profile"[39m
@qbs-autonaim/recruitment-assistant-extension:test:             [33mstyle[39m=[32m"padding: 8px 12px; font-size: 16px; border: 1px solid #d1d5db; border-radius: 6px; flex-grow: 1; flex-shrink: 1; flex-basis: 0%; outline-color: none; outline-style: none; outline-width: initial;"[39m
@qbs-autonaim/recruitment-assistant-extension:test:             [33mtype[39m=[32m"url"[39m
@qbs-autonaim/recruitment-assistant-extension:test:             [33mvalue[39m=[32m""[39m
@qbs-autonaim/recruitment-assistant-extension:test:           [36m/>[39m
@qbs-autonaim/recruitment-assistant-extension:test:           [36m<button[39m
@qbs-autonaim/recruitment-assistant-extension:test:             [33maria-label[39m=[32m"╨Ф╨╛╨▒╨░╨▓╨╕╤В╤М ╤Б╤Б╤Л╨╗╨║╤Г"[39m
@qbs-autonaim/recruitment-assistant-extension:test:             [33mdisabled[39m=[32m""[39m
@qbs-autonaim/recruitment-assistant-extension:test:             [33mstyle[39m=[32m"min-width: 44px; min-height: 44px; padding: 8px 16px; background-color: #e5e7eb; color: #9ca3af; border: none none; border-radius: 6px; font-size: 14px; font-weight: 500; cursor: not-allowed; touch-action: manipulation;"[39m
@qbs-autonaim/recruitment-assistant-extension:test:             [33mtype[39m=[32m"button"[39m
@qbs-autonaim/recruitment-assistant-extension:test:           [36m>[39m
@qbs-autonaim/recruitment-assistant-extension:test:             [0m╨Ф╨╛╨▒╨░╨▓╨╕╤В╤М[0m
@qbs-autonaim/recruitment-assistant-extension:test:           [36m</button>[39m
@qbs-autonaim/recruitment-assistant-extension:test:         [36m</div>[39m
@qbs-autonaim/recruitment-assistant-extension:test:         [36m<ul[39m
@qbs-autonaim/recruitment-assistant-extension:test:           [33maria-label[39m=[32m"╨б╨┐╨╕╤Б╨╛╨║ ╤Б╨╛╤Ж╨╕╨░╨╗╤М╨╜╤Л╤Е ╤Б╨╡╤В╨╡╨╣"[39m
@qbs-autonaim/recruitment-assistant-extension:test:           [33mstyle[39m=[32m"display: flex; flex-direction: column; gap: 8px; margin: 0px; padding: 0px; list-style: none;"[39m
@qbs-autonaim/recruitment-assistant-extension:test:         [36m>[39m
@qbs-autonaim/recruitment-assistant-extension:test:           [36m<li[39m
@qbs-autonaim/recruitment-assistant-extension:test:             [33mstyle[39m=[32m"display: flex; align-items: center; gap: 8px; padding: 8px 12px; background-color: #f9fafb; border-radius: 6px; border: 1px solid #e5e7eb;"[39m
@qbs-autonaim/recruitment-assistant-extension:test:           [36m>[39m
@qbs-autonaim/recruitment-assistant-extension:test:             [36m<a[39m
@qbs-autonaim/recruitment-assistant-extension:test:               [33mhref[39m=[32m"https://github.com/ivan"[39m
@qbs-autonaim/recruitment-assistant-extension:test:               [33mrel[39m=[32m"noopener noreferrer"[39m
@qbs-autonaim/recruitment-assistant-extension:test:               [33mstyle[39m=[32m"color: #3b82f6; text-decoration: none; font-size: 14px; overflow: hidden; text-overflow: ellipsis; white-space: nowrap; flex-grow: 1; flex-shrink: 1; flex-basis: 0%;"[39m
@qbs-autonaim/recruitment-assistant-extension:test:               [33mtarget[39m=[32m"_blank"[39m
@qbs-autonaim/recruitment-assistant-extension:test:             [36m>[39m
@qbs-autonaim/recruitment-assistant-extension:test:               [0mhttps://github.com/ivan[0m
@qbs-autonaim/recruitment-assistant-extension:test:             [36m</a>[39m
@qbs-autonaim/recruitment-assistant-extension:test:             [36m<button[39m
@qbs-autonaim/recruitment-assistant-extension:test:               [33maria-label[39m=[32m"╨г╨┤╨░╨╗╨╕╤В╤М ╤Б╤Б╤Л╨╗╨║╤Г https://github.com/ivan"[39m
@qbs-autonaim/recruitment-assistant-extension:test:               [33mstyle[39m=[32m"min-width: 32px; min-height: 32px; padding: 4px; background-color: transparent; color: #6b7280; border: none none; border-radius: 4px; font-size: 16px; cursor: pointer; display: flex; align-items: center; justify-content: center; touch-action: manipulation;"[39m
@qbs-autonaim/recruitment-assistant-extension:test:               [33mtype[39m=[32m"button"[39m
@qbs-autonaim/recruitment-assistant-extension:test:             [36m>[39m
@qbs-autonaim/recruitment-assistant-extension:test:               [0m├Ч[0m
@qbs-autonaim/recruitment-assistant-extension:test:             [36m</button>[39m
@qbs-autonaim/recruitment-assistant-extension:test:           [36m</li>[39m
@qbs-autonaim/recruitment-assistant-extension:test:           [36m<li[39m
@qbs-autonaim/recruitment-assistant-extension:test:             [33mstyle[39m=[32m"display: flex; align-items: center; gap: 8px; padding: 8px 12px; background-color: #f9fafb; border-radius: 6px; border: 1px solid #e5e7eb;"[39m
@qbs-autonaim/recruitment-assistant-extension:test:           [36m>[39m
@qbs-autonaim/recruitment-assistant-extension:test:             [36m<a[39m
@qbs-autonaim/recruitment-assistant-extension:test:               [33mhref[39m=[32m"https://linkedin.com/in/ivan"[39m
@qbs-autonaim/recruitment-assistant-extension:test:               [33mrel[39m=[32m"noopener noreferrer"[39m
@qbs-autonaim/recruitment-assistant-extension:test:               [33mstyle[39m=[32m"color: #3b82f6; text-decoration: none; font-size: 14px; overflow: hidden; text-overflow: ellipsis; white-space: nowrap; flex-grow: 1; flex-shrink: 1; flex-basis: 0%;"[39m
@qbs-autonaim/recruitment-assistant-extension:test:               [33mtarget[39m=[32m"_blank"[39m
@qbs-autonaim/recruitment-assistant-extension:test:             [36m>[39m
@qbs-autonaim/recruitment-assistant-extension:test:               [0mhttps://linkedin.com/in/ivan[0m
@qbs-autonaim/recruitment-assistant-extension:test:             [36m</a>[39m
@qbs-autonaim/recruitment-assistant-extension:test:             [36m<button[39m
@qbs-autonaim/recruitment-assistant-extension:test:               [33maria-label[39m=[32m"╨г╨┤╨░╨╗╨╕╤В╤М ╤Б╤Б╤Л╨╗╨║╤Г https://linkedin.com/in/ivan"[39m
@qbs-autonaim/recruitment-assistant-extension:test:               [33mstyle[39m=[32m"min-width: 32px; min-height: 32px; padding: 4px; background-color: transparent; color: #6b7280; border: none none; border-radius: 4px; font-size: 16px; cursor: pointer; display: flex; align-items: center; justify-content: center; touch-action: manipulation;"[39m
@qbs-autonaim/recruitment-assistant-extension:test:               [33mtype[39m=[32m"button"[39m
@qbs-autonaim/recruitment-assistant-extension:test:             [36m>[39m
@qbs-autonaim/recruitment-assistant-extension:test:               [0m├Ч[0m
@qbs-autonaim/recruitment-assistant-extension:test:             [36m</button>[39m
@qbs-autonaim/recruitment-assistant-extension:test:           [36m</li>[39m
@qbs-autonaim/recruitment-assistant-extension:test:         [36m</ul>[39m
@qbs-autonaim/recruitment-assistant-extension:test:       [36m</div>[39m
@qbs-autonaim/recruitment-assistant-extension:test:     [36m</div>[39m
@qbs-autonaim/recruitment-assistant-extension:test:   [36m</div>[39m
@qbs-autonaim/recruitment-assistant-extension:test: [36m</body>[39m
@qbs-autonaim/recruitment-assistant-extension:test:       at <anonymous> (C:\Projects\kwork\selectio\node_modules\@testing-library\dom\dist\query-helpers.js:59:30)
@qbs-autonaim/recruitment-assistant-extension:test:       at <anonymous> (C:\Projects\kwork\selectio\node_modules\@testing-library\dom\dist\query-helpers.js:95:19)
@qbs-autonaim/recruitment-assistant-extension:test:       at <anonymous> (C:\Projects\kwork\selectio\apps\recruitment-assistant-extension\src\content\ui\contact-info.test.tsx:324:27)
@qbs-autonaim/recruitment-assistant-extension:test: (fail) ContactInfo > ╨Ф╨╛╤Б╤В╤Г╨┐╨╜╨╛╤Б╤В╤М (ARIA) > ╨┤╨╛╨╗╨╢╨╡╨╜ ╨╕╨╝╨╡╤В╤М role='list' ╨┤╨╗╤П ╤Б╨┐╨╕╤Б╨║╨░ ╤Б╤Б╤Л╨╗╨╛╨║ [15.00ms]
@qbs-autonaim/recruitment-assistant-extension:test: 54 |       const elementStrings = els.map(element => getElementError(null, element).message).join('\n\n');
@qbs-autonaim/recruitment-assistant-extension:test: 55 |       throw getMultipleElementsFoundError(`${getMultipleError(container, ...args)}
@qbs-autonaim/recruitment-assistant-extension:test: 56 | 
@qbs-autonaim/recruitment-assistant-extension:test: 57 | Here are the matching elements:
@qbs-autonaim/recruitment-assistant-extension:test: 58 | 
@qbs-autonaim/recruitment-assistant-extension:test: 59 | ${elementStrings}`, container);
@qbs-autonaim/recruitment-assistant-extension:test:                                   ^
@qbs-autonaim/recruitment-assistant-extension:test: TestingLibraryElementError: Found multiple elements with the role "list"
@qbs-autonaim/recruitment-assistant-extension:test: 
@qbs-autonaim/recruitment-assistant-extension:test: Here are the matching elements:
@qbs-autonaim/recruitment-assistant-extension:test: 
@qbs-autonaim/recruitment-assistant-extension:test: Ignored nodes: comments, script, style
@qbs-autonaim/recruitment-assistant-extension:test: [36m<ul>[39m
@qbs-autonaim/recruitment-assistant-extension:test:   [0m
@qbs-autonaim/recruitment-assistant-extension:test:             [0m
@qbs-autonaim/recruitment-assistant-extension:test:   [36m<li[39m
@qbs-autonaim/recruitment-assistant-extension:test:     [33mclass[39m=[32m"artdeco-list__item"[39m
@qbs-autonaim/recruitment-assistant-extension:test:   [36m>[39m
@qbs-autonaim/recruitment-assistant-extension:test:     [0m
@qbs-autonaim/recruitment-assistant-extension:test:               [0m
@qbs-autonaim/recruitment-assistant-extension:test:     [36m<div[39m
@qbs-autonaim/recruitment-assistant-extension:test:       [33mclass[39m=[32m"display-flex"[39m
@qbs-autonaim/recruitment-assistant-extension:test:     [36m>[39m
@qbs-autonaim/recruitment-assistant-extension:test:       [0m
@qbs-autonaim/recruitment-assistant-extension:test:                 [0m
@qbs-autonaim/recruitment-assistant-extension:test:       [36m<span[39m
@qbs-autonaim/recruitment-assistant-extension:test:         [33maria-hidden[39m=[32m"true"[39m
@qbs-autonaim/recruitment-assistant-extension:test:       [36m>[39m
@qbs-autonaim/recruitment-assistant-extension:test:         [0mSenior Developer[0m
@qbs-autonaim/recruitment-assistant-extension:test:       [36m</span>[39m
@qbs-autonaim/recruitment-assistant-extension:test:       [0m
@qbs-autonaim/recruitment-assistant-extension:test:               [0m
@qbs-autonaim/recruitment-assistant-extension:test:     [36m</div>[39m
@qbs-autonaim/recruitment-assistant-extension:test:     [0m
@qbs-autonaim/recruitment-assistant-extension:test:               [0m
@qbs-autonaim/recruitment-assistant-extension:test:     [36m<span[39m
@qbs-autonaim/recruitment-assistant-extension:test:       [33mclass[39m=[32m"t-14 t-normal"[39m
@qbs-autonaim/recruitment-assistant-extension:test:     [36m>[39m
@qbs-autonaim/recruitment-assistant-extension:test:       [0m
@qbs-autonaim/recruitment-assistant-extension:test:                 [0m
@qbs-autonaim/recruitment-assistant-extension:test:       [36m<span[39m
@qbs-autonaim/recruitment-assistant-extension:test:         [33maria-hidden[39m=[32m"true"[39m
@qbs-autonaim/recruitment-assistant-extension:test:       [36m>[39m
@qbs-autonaim/recruitment-assistant-extension:test:         [0mTech Company[0m
@qbs-autonaim/recruitment-assistant-extension:test:       [36m</span>[39m
@qbs-autonaim/recruitment-assistant-extension:test:       [0m
@qbs-autonaim/recruitment-assistant-extension:test:               [0m
@qbs-autonaim/recruitment-assistant-extension:test:     [36m</span>[39m
@qbs-autonaim/recruitment-assistant-extension:test:     [0m
@qbs-autonaim/recruitment-assistant-extension:test:               [0m
@qbs-autonaim/recruitment-assistant-extension:test:     [36m<span[39m
@qbs-autonaim/recruitment-assistant-extension:test:       [33mclass[39m=[32m"t-14 t-normal t-black--light"[39m
@qbs-autonaim/recruitment-assistant-extension:test:     [36m>[39m
@qbs-autonaim/recruitment-assistant-extension:test:       [0m
@qbs-autonaim/recruitment-assistant-extension:test:                 [0m
@qbs-autonaim/recruitment-assistant-extension:test:       [36m<span[39m
@qbs-autonaim/recruitment-assistant-extension:test:         [33maria-hidden[39m=[32m"true"[39m
@qbs-autonaim/recruitment-assistant-extension:test:       [36m>[39m
@qbs-autonaim/recruitment-assistant-extension:test:         [0m2020 тАУ ╨┐╨╛ ╨╜╨░╤Б╤В╨╛╤П╤Й╨╡╨╡ ╨▓╤А╨╡╨╝╤П[0m
@qbs-autonaim/recruitment-assistant-extension:test:       [36m</span>[39m
@qbs-autonaim/recruitment-assistant-extension:test:       [0m
@qbs-autonaim/recruitment-assistant-extension:test:               [0m
@qbs-autonaim/recruitment-assistant-extension:test:     [36m</span>[39m
@qbs-autonaim/recruitment-assistant-extension:test:     [0m
@qbs-autonaim/recruitment-assistant-extension:test:               [0m
@qbs-autonaim/recruitment-assistant-extension:test:     [36m<div[39m
@qbs-autonaim/recruitment-assistant-extension:test:       [33mclass[39m=[32m"display-flex full-width"[39m
@qbs-autonaim/recruitment-assistant-extension:test:     [36m>[39m
@qbs-autonaim/recruitment-assistant-extension:test:       [0m
@qbs-autonaim/recruitment-assistant-extension:test:                 [0m
@qbs-autonaim/recruitment-assistant-extension:test:       [36m<span[39m
@qbs-autonaim/recruitment-assistant-extension:test:         [33maria-hidden[39m=[32m"true"[39m
@qbs-autonaim/recruitment-assistant-extension:test:       [36m>[39m
@qbs-autonaim/recruitment-assistant-extension:test:         [0m╨а╨░╨╖╤А╨░╨▒╨╛╤В╨║╨░[0m
@qbs-autonaim/recruitment-assistant-extension:test:       [36m</span>[39m
@qbs-autonaim/recruitment-assistant-extension:test:       [0m
@qbs-autonaim/recruitment-assistant-extension:test:               [0m
@qbs-autonaim/recruitment-assistant-extension:test:     [36m</div>[39m
@qbs-autonaim/recruitment-assistant-extension:test:     [0m
@qbs-autonaim/recruitment-assistant-extension:test:             [0m
@qbs-autonaim/recruitment-assistant-extension:test:   [36m</li>[39m
@qbs-autonaim/recruitment-assistant-extension:test:   [0m
@qbs-autonaim/recruitment-assistant-extension:test:           [0m
@qbs-autonaim/recruitment-assistant-extension:test: [36m</ul>[39m
@qbs-autonaim/recruitment-assistant-extension:test: 
@qbs-autonaim/recruitment-assistant-extension:test: Ignored nodes: comments, script, style
@qbs-autonaim/recruitment-assistant-extension:test: [36m<ul>[39m
@qbs-autonaim/recruitment-assistant-extension:test:   [0m
@qbs-autonaim/recruitment-assistant-extension:test:             [0m
@qbs-autonaim/recruitment-assistant-extension:test:   [36m<li[39m
@qbs-autonaim/recruitment-assistant-extension:test:     [33mclass[39m=[32m"artdeco-list__item"[39m
@qbs-autonaim/recruitment-assistant-extension:test:   [36m>[39m
@qbs-autonaim/recruitment-assistant-extension:test:     [0m
@qbs-autonaim/recruitment-assistant-extension:test:               [0m
@qbs-autonaim/recruitment-assistant-extension:test:     [36m<div[39m
@qbs-autonaim/recruitment-assistant-extension:test:       [33mclass[39m=[32m"display-flex"[39m
@qbs-autonaim/recruitment-assistant-extension:test:     [36m>[39m
@qbs-autonaim/recruitment-assistant-extension:test:       [0m
@qbs-autonaim/recruitment-assistant-extension:test:                 [0m
@qbs-autonaim/recruitment-assistant-extension:test:       [36m<span[39m
@qbs-autonaim/recruitment-assistant-extension:test:         [33maria-hidden[39m=[32m"true"[39m
@qbs-autonaim/recruitment-assistant-extension:test:       [36m>[39m
@qbs-autonaim/recruitment-assistant-extension:test:         [0m╨Ь╨У╨г[0m
@qbs-autonaim/recruitment-assistant-extension:test:       [36m</span>[39m
@qbs-autonaim/recruitment-assistant-extension:test:       [0m
@qbs-autonaim/recruitment-assistant-extension:test:               [0m
@qbs-autonaim/recruitment-assistant-extension:test:     [36m</div>[39m
@qbs-autonaim/recruitment-assistant-extension:test:     [0m
@qbs-autonaim/recruitment-assistant-extension:test:               [0m
@qbs-autonaim/recruitment-assistant-extension:test:     [36m<span[39m
@qbs-autonaim/recruitment-assistant-extension:test:       [33mclass[39m=[32m"t-14 t-normal"[39m
@qbs-autonaim/recruitment-assistant-extension:test:     [36m>[39m
@qbs-autonaim/recruitment-assistant-extension:test:       [0m
@qbs-autonaim/recruitment-assistant-extension:test:                 [0m
@qbs-autonaim/recruitment-assistant-extension:test:       [36m<span[39m
@qbs-autonaim/recruitment-assistant-extension:test:         [33maria-hidden[39m=[32m"true"[39m
@qbs-autonaim/recruitment-assistant-extension:test:       [36m>[39m
@qbs-autonaim/recruitment-assistant-extension:test:         [0m╨С╨░╨║╨░╨╗╨░╨▓╤А[0m
@qbs-autonaim/recruitment-assistant-extension:test:       [36m</span>[39m
@qbs-autonaim/recruitment-assistant-extension:test:       [0m
@qbs-autonaim/recruitment-assistant-extension:test:               [0m
@qbs-autonaim/recruitment-assistant-extension:test:     [36m</span>[39m
@qbs-autonaim/recruitment-assistant-extension:test:     [0m
@qbs-autonaim/recruitment-assistant-extension:test:               [0m
@qbs-autonaim/recruitment-assistant-extension:test:     [36m<span[39m
@qbs-autonaim/recruitment-assistant-extension:test:       [33mclass[39m=[32m"t-14 t-normal t-black--light"[39m
@qbs-autonaim/recruitment-assistant-extension:test:     [36m>[39m
@qbs-autonaim/recruitment-assistant-extension:test:       [0m
@qbs-autonaim/recruitment-assistant-extension:test:                 [0m
@qbs-autonaim/recruitment-assistant-extension:test:       [36m<span[39m
@qbs-autonaim/recruitment-assistant-extension:test:         [33maria-hidden[39m=[32m"true"[39m
@qbs-autonaim/recruitment-assistant-extension:test:       [36m>[39m
@qbs-autonaim/recruitment-assistant-extension:test:         [0m╨Ш╨╜╤Д╨╛╤А╨╝╨░╤В╨╕╨║╨░[0m
@qbs-autonaim/recruitment-assistant-extension:test:       [36m</span>[39m
@qbs-autonaim/recruitment-assistant-extension:test:       [0m
@qbs-autonaim/recruitment-assistant-extension:test:               [0m
@qbs-autonaim/recruitment-assistant-extension:test:     [36m</span>[39m
@qbs-autonaim/recruitment-assistant-extension:test:     [0m
@qbs-autonaim/recruitment-assistant-extension:test:               [0m
@qbs-autonaim/recruitment-assistant-extension:test:     [36m<span[39m
@qbs-autonaim/recruitment-assistant-extension:test:       [33mclass[39m=[32m"t-14 t-normal t-black--light"[39m
@qbs-autonaim/recruitment-assistant-extension:test:     [36m>[39m
@qbs-autonaim/recruitment-assistant-extension:test:       [0m
@qbs-autonaim/recruitment-assistant-extension:test:                 [0m
@qbs-autonaim/recruitment-assistant-extension:test:       [36m<span[39m
@qbs-autonaim/recruitment-assistant-extension:test:         [33maria-hidden[39m=[32m"true"[39m
@qbs-autonaim/recruitment-assistant-extension:test:       [36m>[39m
@qbs-autonaim/recruitment-assistant-extension:test:         [0m2015 тАУ 2019[0m
@qbs-autonaim/recruitment-assistant-extension:test:       [36m</span>[39m
@qbs-autonaim/recruitment-assistant-extension:test:       [0m
@qbs-autonaim/recruitment-assistant-extension:test:               [0m
@qbs-autonaim/recruitment-assistant-extension:test:     [36m</span>[39m
@qbs-autonaim/recruitment-assistant-extension:test:     [0m
@qbs-autonaim/recruitment-assistant-extension:test:             [0m
@qbs-autonaim/recruitment-assistant-extension:test:   [36m</li>[39m
@qbs-autonaim/recruitment-assistant-extension:test:   [0m
@qbs-autonaim/recruitment-assistant-extension:test:           [0m
@qbs-autonaim/recruitment-assistant-extension:test: [36m</ul>[39m
@qbs-autonaim/recruitment-assistant-extension:test: 
@qbs-autonaim/recruitment-assistant-extension:test: Ignored nodes: comments, script, style
@qbs-autonaim/recruitment-assistant-extension:test: [36m<ul[39m
@qbs-autonaim/recruitment-assistant-extension:test:   [33maria-label[39m=[32m"╨б╨┐╨╕╤Б╨╛╨║ ╤Б╨╛╤Ж╨╕╨░╨╗╤М╨╜╤Л╤Е ╤Б╨╡╤В╨╡╨╣"[39m
@qbs-autonaim/recruitment-assistant-extension:test:   [33mstyle[39m=[32m"display: flex; flex-direction: column; gap: 8px; margin: 0px; padding: 0px; list-style: none;"[39m
@qbs-autonaim/recruitment-assistant-extension:test: [36m>[39m
@qbs-autonaim/recruitment-assistant-extension:test:   [36m<li[39m
@qbs-autonaim/recruitment-assistant-extension:test:     [33mstyle[39m=[32m"display: flex; align-items: center; gap: 8px; padding: 8px 12px; background-color: #f9fafb; border-radius: 6px; border: 1px solid #e5e7eb;"[39m
@qbs-autonaim/recruitment-assistant-extension:test:   [36m>[39m
@qbs-autonaim/recruitment-assistant-extension:test:     [36m<a[39m
@qbs-autonaim/recruitment-assistant-extension:test:       [33mhref[39m=[32m"https://github.com/ivan"[39m
@qbs-autonaim/recruitment-assistant-extension:test:       [33mrel[39m=[32m"noopener noreferrer"[39m
@qbs-autonaim/recruitment-assistant-extension:test:       [33mstyle[39m=[32m"color: #3b82f6; text-decoration: none; font-size: 14px; overflow: hidden; text-overflow: ellipsis; white-space: nowrap; flex-grow: 1; flex-shrink: 1; flex-basis: 0%;"[39m
@qbs-autonaim/recruitment-assistant-extension:test:       [33mtarget[39m=[32m"_blank"[39m
@qbs-autonaim/recruitment-assistant-extension:test:     [36m>[39m
@qbs-autonaim/recruitment-assistant-extension:test:       [0mhttps://github.com/ivan[0m
@qbs-autonaim/recruitment-assistant-extension:test:     [36m</a>[39m
@qbs-autonaim/recruitment-assistant-extension:test:     [36m<button[39m
@qbs-autonaim/recruitment-assistant-extension:test:       [33maria-label[39m=[32m"╨г╨┤╨░╨╗╨╕╤В╤М ╤Б╤Б╤Л╨╗╨║╤Г https://github.com/ivan"[39m
@qbs-autonaim/recruitment-assistant-extension:test:       [33mstyle[39m=[32m"min-width: 32px; min-height: 32px; padding: 4px; background-color: transparent; color: #6b7280; border: none none; border-radius: 4px; font-size: 16px; cursor: pointer; display: flex; align-items: center; justify-content: center; touch-action: manipulation;"[39m
@qbs-autonaim/recruitment-assistant-extension:test:       [33mtype[39m=[32m"button"[39m
@qbs-autonaim/recruitment-assistant-extension:test:     [36m>[39m
@qbs-autonaim/recruitment-assistant-extension:test:       [0m├Ч[0m
@qbs-autonaim/recruitment-assistant-extension:test:     [36m</button>[39m
@qbs-autonaim/recruitment-assistant-extension:test:   [36m</li>[39m
@qbs-autonaim/recruitment-assistant-extension:test:   [36m<li[39m
@qbs-autonaim/recruitment-assistant-extension:test:     [33mstyle[39m=[32m"display: flex; align-items: center; gap: 8px; padding: 8px 12px; background-color: #f9fafb; border-radius: 6px; border: 1px solid #e5e7eb;"[39m
@qbs-autonaim/recruitment-assistant-extension:test:   [36m>[39m
@qbs-autonaim/recruitment-assistant-extension:test:     [36m<a[39m
@qbs-autonaim/recruitment-assistant-extension:test:       [33mhref[39m=[32m"https://linkedin.com/in/ivan"[39m
@qbs-autonaim/recruitment-assistant-extension:test:       [33mrel[39m=[32m"noopener noreferrer"[39m
@qbs-autonaim/recruitment-assistant-extension:test:       [33mstyle[39m=[32m"color: #3b82f6; text-decoration: none; font-size: 14px; overflow: hidden; text-overflow: ellipsis; white-space: nowrap; flex-grow: 1; flex-shrink: 1; flex-basis: 0%;"[39m
@qbs-autonaim/recruitment-assistant-extension:test:       [33mtarget[39m=[32m"_blank"[39m
@qbs-autonaim/recruitment-assistant-extension:test:     [36m>[39m
@qbs-autonaim/recruitment-assistant-extension:test:       [0mhttps://linkedin.com/in/ivan[0m
@qbs-autonaim/recruitment-assistant-extension:test:     [36m</a>[39m
@qbs-autonaim/recruitment-assistant-extension:test:     [36m<button[39m
@qbs-autonaim/recruitment-assistant-extension:test:       [33maria-label[39m=[32m"╨г╨┤╨░╨╗╨╕╤В╤М ╤Б╤Б╤Л╨╗╨║╤Г https://linkedin.com/in/ivan"[39m
@qbs-autonaim/recruitment-assistant-extension:test:       [33mstyle[39m=[32m"min-width: 32px; min-height: 32px; padding: 4px; background-color: transparent; color: #6b7280; border: none none; border-radius: 4px; font-size: 16px; cursor: pointer; display: flex; align-items: center; justify-content: center; touch-action: manipulation;"[39m
@qbs-autonaim/recruitment-assistant-extension:test:       [33mtype[39m=[32m"button"[39m
@qbs-autonaim/recruitment-assistant-extension:test:     [36m>[39m
@qbs-autonaim/recruitment-assistant-extension:test:       [0m├Ч[0m
@qbs-autonaim/recruitment-assistant-extension:test:     [36m</button>[39m
@qbs-autonaim/recruitment-assistant-extension:test:   [36m</li>[39m
@qbs-autonaim/recruitment-assistant-extension:test: [36m</ul>[39m
@qbs-autonaim/recruitment-assistant-extension:test: 
@qbs-autonaim/recruitment-assistant-extension:test: (If this is intentional, then use the `*AllBy*` variant of the query (like `queryAllByText`, `getAllByText`, or `findAllByText`)).
@qbs-autonaim/recruitment-assistant-extension:test: 
@qbs-autonaim/recruitment-assistant-extension:test: Ignored nodes: comments, script, style
@qbs-autonaim/recruitment-assistant-extension:test: [36m<body>[39m
@qbs-autonaim/recruitment-assistant-extension:test:   [0m
@qbs-autonaim/recruitment-assistant-extension:test:         [0m
@qbs-autonaim/recruitment-assistant-extension:test:   [36m<h1[39m
@qbs-autonaim/recruitment-assistant-extension:test:     [33mclass[39m=[32m"text-heading-xlarge"[39m
@qbs-autonaim/recruitment-assistant-extension:test:   [36m>[39m
@qbs-autonaim/recruitment-assistant-extension:test:     [0m╨Ш╨▓╨░╨╜ ╨Ш╨▓╨░╨╜╨╛╨▓[0m
@qbs-autonaim/recruitment-assistant-extension:test:   [36m</h1>[39m
@qbs-autonaim/recruitment-assistant-extension:test:   [0m
@qbs-autonaim/recruitment-assistant-extension:test:         [0m
@qbs-autonaim/recruitment-assistant-extension:test:   [36m<div[39m
@qbs-autonaim/recruitment-assistant-extension:test:     [33mclass[39m=[32m"text-body-medium"[39m
@qbs-autonaim/recruitment-assistant-extension:test:   [36m>[39m
@qbs-autonaim/recruitment-assistant-extension:test:     [0mSenior Developer[0m
@qbs-autonaim/recruitment-assistant-extension:test:   [36m</div>[39m
@qbs-autonaim/recruitment-assistant-extension:test:   [0m
@qbs-autonaim/recruitment-assistant-extension:test:         [0m
@qbs-autonaim/recruitment-assistant-extension:test:   [36m<span[39m
@qbs-autonaim/recruitment-assistant-extension:test:     [33mclass[39m=[32m"text-body-small inline"[39m
@qbs-autonaim/recruitment-assistant-extension:test:   [36m>[39m
@qbs-autonaim/recruitment-assistant-extension:test:     [0m╨Ь╨╛╤Б╨║╨▓╨░, ╨а╨╛╤Б╤Б╨╕╤П[0m
@qbs-autonaim/recruitment-assistant-extension:test:   [36m</span>[39m
@qbs-autonaim/recruitment-assistant-extension:test:   [0m
@qbs-autonaim/recruitment-assistant-extension:test:         [0m
@qbs-autonaim/recruitment-assistant-extension:test:   [36m<img[39m
@qbs-autonaim/recruitment-assistant-extension:test:     [33mclass[39m=[32m"pv-top-card-profile-picture__image"[39m
@qbs-autonaim/recruitment-assistant-extension:test:     [33msrc[39m=[32m"https://example.com/photo.jpg"[39m
@qbs-autonaim/recruitment-assistant-extension:test:   [36m/>[39m
@qbs-autonaim/recruitment-assistant-extension:test:   [0m
@qbs-autonaim/recruitment-assistant-extension:test:         
@qbs-autonaim/recruitment-assistant-extension:test:         [0m
@qbs-autonaim/recruitment-assistant-extension:test:   [36m<section[39m
@qbs-autonaim/recruitment-assistant-extension:test:     [33mid[39m=[32m"experience"[39m
@qbs-autonaim/recruitment-assistant-extension:test:   [36m>[39m
@qbs-autonaim/recruitment-assistant-extension:test:     [0m
@qbs-autonaim/recruitment-assistant-extension:test:           [0m
@qbs-autonaim/recruitment-assistant-extension:test:     [36m<ul>[39m
@qbs-autonaim/recruitment-assistant-extension:test:       [0m
@qbs-autonaim/recruitment-assistant-extension:test:             [0m
@qbs-autonaim/recruitment-assistant-extension:test:       [36m<li[39m
@qbs-autonaim/recruitment-assistant-extension:test:         [33mclass[39m=[32m"artdeco-list__item"[39m
@qbs-autonaim/recruitment-assistant-extension:test:       [36m>[39m
@qbs-autonaim/recruitment-assistant-extension:test:         [0m
@qbs-autonaim/recruitment-assistant-extension:test:               [0m
@qbs-autonaim/recruitment-assistant-extension:test:         [36m<div[39m
@qbs-autonaim/recruitment-assistant-extension:test:           [33mclass[39m=[32m"display-flex"[39m
@qbs-autonaim/recruitment-assistant-extension:test:         [36m>[39m
@qbs-autonaim/recruitment-assistant-extension:test:           [0m
@qbs-autonaim/recruitment-assistant-extension:test:                 [0m
@qbs-autonaim/recruitment-assistant-extension:test:           [36m<span[39m
@qbs-autonaim/recruitment-assistant-extension:test:             [33maria-hidden[39m=[32m"true"[39m
@qbs-autonaim/recruitment-assistant-extension:test:           [36m>[39m
@qbs-autonaim/recruitment-assistant-extension:test:             [0mSenior Developer[0m
@qbs-autonaim/recruitment-assistant-extension:test:           [36m</span>[39m
@qbs-autonaim/recruitment-assistant-extension:test:           [0m
@qbs-autonaim/recruitment-assistant-extension:test:               [0m
@qbs-autonaim/recruitment-assistant-extension:test:         [36m</div>[39m
@qbs-autonaim/recruitment-assistant-extension:test:         [0m
@qbs-autonaim/recruitment-assistant-extension:test:               [0m
@qbs-autonaim/recruitment-assistant-extension:test:         [36m<span[39m
@qbs-autonaim/recruitment-assistant-extension:test:           [33mclass[39m=[32m"t-14 t-normal"[39m
@qbs-autonaim/recruitment-assistant-extension:test:         [36m>[39m
@qbs-autonaim/recruitment-assistant-extension:test:           [0m
@qbs-autonaim/recruitment-assistant-extension:test:                 [0m
@qbs-autonaim/recruitment-assistant-extension:test:           [36m<span[39m
@qbs-autonaim/recruitment-assistant-extension:test:             [33maria-hidden[39m=[32m"true"[39m
@qbs-autonaim/recruitment-assistant-extension:test:           [36m>[39m
@qbs-autonaim/recruitment-assistant-extension:test:             [0mTech Company[0m
@qbs-autonaim/recruitment-assistant-extension:test:           [36m</span>[39m
@qbs-autonaim/recruitment-assistant-extension:test:           [0m
@qbs-autonaim/recruitment-assistant-extension:test:               [0m
@qbs-autonaim/recruitment-assistant-extension:test:         [36m</span>[39m
@qbs-autonaim/recruitment-assistant-extension:test:         [0m
@qbs-autonaim/recruitment-assistant-extension:test:               [0m
@qbs-autonaim/recruitment-assistant-extension:test:         [36m<span[39m
@qbs-autonaim/recruitment-assistant-extension:test:           [33mclass[39m=[32m"t-14 t-normal t-black--light"[39m
@qbs-autonaim/recruitment-assistant-extension:test:         [36m>[39m
@qbs-autonaim/recruitment-assistant-extension:test:           [0m
@qbs-autonaim/recruitment-assistant-extension:test:                 [0m
@qbs-autonaim/recruitment-assistant-extension:test:           [36m<span[39m
@qbs-autonaim/recruitment-assistant-extension:test:             [33maria-hidden[39m=[32m"true"[39m
@qbs-autonaim/recruitment-assistant-extension:test:           [36m>[39m
@qbs-autonaim/recruitment-assistant-extension:test:             [0m2020 тАУ ╨┐╨╛ ╨╜╨░╤Б╤В╨╛╤П╤Й╨╡╨╡ ╨▓╤А╨╡╨╝╤П[0m
@qbs-autonaim/recruitment-assistant-extension:test:           [36m</span>[39m
@qbs-autonaim/recruitment-assistant-extension:test:           [0m
@qbs-autonaim/recruitment-assistant-extension:test:               [0m
@qbs-autonaim/recruitment-assistant-extension:test:         [36m</span>[39m
@qbs-autonaim/recruitment-assistant-extension:test:         [0m
@qbs-autonaim/recruitment-assistant-extension:test:               [0m
@qbs-autonaim/recruitment-assistant-extension:test:         [36m<div[39m
@qbs-autonaim/recruitment-assistant-extension:test:           [33mclass[39m=[32m"display-flex full-width"[39m
@qbs-autonaim/recruitment-assistant-extension:test:         [36m>[39m
@qbs-autonaim/recruitment-assistant-extension:test:           [0m
@qbs-autonaim/recruitment-assistant-extension:test:                 [0m
@qbs-autonaim/recruitment-assistant-extension:test:           [36m<span[39m
@qbs-autonaim/recruitment-assistant-extension:test:             [33maria-hidden[39m=[32m"true"[39m
@qbs-autonaim/recruitment-assistant-extension:test:           [36m>[39m
@qbs-autonaim/recruitment-assistant-extension:test:             [0m╨а╨░╨╖╤А╨░╨▒╨╛╤В╨║╨░[0m
@qbs-autonaim/recruitment-assistant-extension:test:           [36m</span>[39m
@qbs-autonaim/recruitment-assistant-extension:test:           [0m
@qbs-autonaim/recruitment-assistant-extension:test:               [0m
@qbs-autonaim/recruitment-assistant-extension:test:         [36m</div>[39m
@qbs-autonaim/recruitment-assistant-extension:test:         [0m
@qbs-autonaim/recruitment-assistant-extension:test:             [0m
@qbs-autonaim/recruitment-assistant-extension:test:       [36m</li>[39m
@qbs-autonaim/recruitment-assistant-extension:test:       [0m
@qbs-autonaim/recruitment-assistant-extension:test:           [0m
@qbs-autonaim/recruitment-assistant-extension:test:     [36m</ul>[39m
@qbs-autonaim/recruitment-assistant-extension:test:     [0m
@qbs-autonaim/recruitment-assistant-extension:test:         [0m
@qbs-autonaim/recruitment-assistant-extension:test:   [36m</section>[39m
@qbs-autonaim/recruitment-assistant-extension:test:   [0m
@qbs-autonaim/recruitment-assistant-extension:test:         
@qbs-autonaim/recruitment-assistant-extension:test:         [0m
@qbs-autonaim/recruitment-assistant-extension:test:   [36m<section[39m
@qbs-autonaim/recruitment-assistant-extension:test:     [33mid[39m=[32m"education"[39m
@qbs-autonaim/recruitment-assistant-extension:test:   [36m>[39m
@qbs-autonaim/recruitment-assistant-extension:test:     [0m
@qbs-autonaim/recruitment-assistant-extension:test:           [0m
@qbs-autonaim/recruitment-assistant-extension:test:     [36m<ul>[39m
@qbs-autonaim/recruitment-assistant-extension:test:       [0m
@qbs-autonaim/recruitment-assistant-extension:test:             [0m
@qbs-autonaim/recruitment-assistant-extension:test:       [36m<li[39m
@qbs-autonaim/recruitment-assistant-extension:test:         [33mclass[39m=[32m"artdeco-list__item"[39m
@qbs-autonaim/recruitment-assistant-extension:test:       [36m>[39m
@qbs-autonaim/recruitment-assistant-extension:test:         [0m
@qbs-autonaim/recruitment-assistant-extension:test:               [0m
@qbs-autonaim/recruitment-assistant-extension:test:         [36m<div[39m
@qbs-autonaim/recruitment-assistant-extension:test:           [33mclass[39m=[32m"display-flex"[39m
@qbs-autonaim/recruitment-assistant-extension:test:         [36m>[39m
@qbs-autonaim/recruitment-assistant-extension:test:           [0m
@qbs-autonaim/recruitment-assistant-extension:test:                 [0m
@qbs-autonaim/recruitment-assistant-extension:test:           [36m<span[39m
@qbs-autonaim/recruitment-assistant-extension:test:             [33maria-hidden[39m=[32m"true"[39m
@qbs-autonaim/recruitment-assistant-extension:test:           [36m>[39m
@qbs-autonaim/recruitment-assistant-extension:test:             [0m╨Ь╨У╨г[0m
@qbs-autonaim/recruitment-assistant-extension:test:           [36m</span>[39m
@qbs-autonaim/recruitment-assistant-extension:test:           [0m
@qbs-autonaim/recruitment-assistant-extension:test:               [0m
@qbs-autonaim/recruitment-assistant-extension:test:         [36m</div>[39m
@qbs-autonaim/recruitment-assistant-extension:test:         [0m
@qbs-autonaim/recruitment-assistant-extension:test:               [0m
@qbs-autonaim/recruitment-assistant-extension:test:         [36m<span[39m
@qbs-autonaim/recruitment-assistant-extension:test:           [33mclass[39m=[32m"t-14 t-normal"[39m
@qbs-autonaim/recruitment-assistant-extension:test:         [36m>[39m
@qbs-autonaim/recruitment-assistant-extension:test:           [0m
@qbs-autonaim/recruitment-assistant-extension:test:                 [0m
@qbs-autonaim/recruitment-assistant-extension:test:           [36m<span[39m
@qbs-autonaim/recruitment-assistant-extension:test:             [33maria-hidden[39m=[32m"true"[39m
@qbs-autonaim/recruitment-assistant-extension:test:           [36m>[39m
@qbs-autonaim/recruitment-assistant-extension:test:             [0m╨С╨░╨║╨░╨╗╨░╨▓╤А[0m
@qbs-autonaim/recruitment-assistant-extension:test:           [36m</span>[39m
@qbs-autonaim/recruitment-assistant-extension:test:           [0m
@qbs-autonaim/recruitment-assistant-extension:test:               [0m
@qbs-autonaim/recruitment-assistant-extension:test:         [36m</span>[39m
@qbs-autonaim/recruitment-assistant-extension:test:         [0m
@qbs-autonaim/recruitment-assistant-extension:test:               [0m
@qbs-autonaim/recruitment-assistant-extension:test:         [36m<span[39m
@qbs-autonaim/recruitment-assistant-extension:test:           [33mclass[39m=[32m"t-14 t-normal t-black--light"[39m
@qbs-autonaim/recruitment-assistant-extension:test:         [36m>[39m
@qbs-autonaim/recruitment-assistant-extension:test:           [0m
@qbs-autonaim/recruitment-assistant-extension:test:                 [0m
@qbs-autonaim/recruitment-assistant-extension:test:           [36m<span[39m
@qbs-autonaim/recruitment-assistant-extension:test:             [33maria-hidden[39m=[32m"true"[39m
@qbs-autonaim/recruitment-assistant-extension:test:           [36m>[39m
@qbs-autonaim/recruitment-assistant-extension:test:             [0m╨Ш╨╜╤Д╨╛╤А╨╝╨░╤В╨╕╨║╨░[0m
@qbs-autonaim/recruitment-assistant-extension:test:           [36m</span>[39m
@qbs-autonaim/recruitment-assistant-extension:test:           [0m
@qbs-autonaim/recruitment-assistant-extension:test:               [0m
@qbs-autonaim/recruitment-assistant-extension:test:         [36m</span>[39m
@qbs-autonaim/recruitment-assistant-extension:test:         [0m
@qbs-autonaim/recruitment-assistant-extension:test:               [0m
@qbs-autonaim/recruitment-assistant-extension:test:         [36m<span[39m
@qbs-autonaim/recruitment-assistant-extension:test:           [33mclass[39m=[32m"t-14 t-normal t-black--light"[39m
@qbs-autonaim/recruitment-assistant-extension:test:         [36m>[39m
@qbs-autonaim/recruitment-assistant-extension:test:           [0m
@qbs-autonaim/recruitment-assistant-extension:test:                 [0m
@qbs-autonaim/recruitment-assistant-extension:test:           [36m<span[39m
@qbs-autonaim/recruitment-assistant-extension:test:             [33maria-hidden[39m=[32m"true"[39m
@qbs-autonaim/recruitment-assistant-extension:test:           [36m>[39m
@qbs-autonaim/recruitment-assistant-extension:test:             [0m2015 тАУ 2019[0m
@qbs-autonaim/recruitment-assistant-extension:test:           [36m</span>[39m
@qbs-autonaim/recruitment-assistant-extension:test:           [0m
@qbs-autonaim/recruitment-assistant-extension:test:               [0m
@qbs-autonaim/recruitment-assistant-extension:test:         [36m</span>[39m
@qbs-autonaim/recruitment-assistant-extension:test:         [0m
@qbs-autonaim/recruitment-assistant-extension:test:             [0m
@qbs-autonaim/recruitment-assistant-extension:test:       [36m</li>[39m
@qbs-autonaim/recruitment-assistant-extension:test:       [0m
@qbs-autonaim/recruitment-assistant-extension:test:           [0m
@qbs-autonaim/recruitment-assistant-extension:test:     [36m</ul>[39m
@qbs-autonaim/recruitment-assistant-extension:test:     [0m
@qbs-autonaim/recruitment-assistant-extension:test:         [0m
@qbs-autonaim/recruitment-assistant-extension:test:   [36m</section>[39m
@qbs-autonaim/recruitment-assistant-extension:test:   [0m
@qbs-autonaim/recruitment-assistant-extension:test:         
@qbs-autonaim/recruitment-assistant-extension:test:         [0m
@qbs-autonaim/recruitment-assistant-extension:test:   [36m<section[39m
@qbs-autonaim/recruitment-assistant-extension:test:     [33mid[39m=[32m"skills"[39m
@qbs-autonaim/recruitment-assistant-extension:test:   [36m>[39m
@qbs-autonaim/recruitment-assistant-extension:test:     [0m
@qbs-autonaim/recruitment-assistant-extension:test:           [0m
@qbs-autonaim/recruitment-assistant-extension:test:     [36m<span[39m
@qbs-autonaim/recruitment-assistant-extension:test:       [33maria-hidden[39m=[32m"true"[39m
@qbs-autonaim/recruitment-assistant-extension:test:     [36m>[39m
@qbs-autonaim/recruitment-assistant-extension:test:       [0mTypeScript[0m
@qbs-autonaim/recruitment-assistant-extension:test:     [36m</span>[39m
@qbs-autonaim/recruitment-assistant-extension:test:     [0m
@qbs-autonaim/recruitment-assistant-extension:test:           [0m
@qbs-autonaim/recruitment-assistant-extension:test:     [36m<span[39m
@qbs-autonaim/recruitment-assistant-extension:test:       [33maria-hidden[39m=[32m"true"[39m
@qbs-autonaim/recruitment-assistant-extension:test:     [36m>[39m
@qbs-autonaim/recruitment-assistant-extension:test:       [0mReact[0m
@qbs-autonaim/recruitment-assistant-extension:test:     [36m</span>[39m
@qbs-autonaim/recruitment-assistant-extension:test:     [0m
@qbs-autonaim/recruitment-assistant-extension:test:         [0m
@qbs-autonaim/recruitment-assistant-extension:test:   [36m</section>[39m
@qbs-autonaim/recruitment-assistant-extension:test:   [0m
@qbs-autonaim/recruitment-assistant-extension:test:         
@qbs-autonaim/recruitment-assistant-extension:test:         [0m
@qbs-autonaim/recruitment-assistant-extension:test:   [36m<section[39m
@qbs-autonaim/recruitment-assistant-extension:test:     [33mclass[39m=[32m"pv-contact-info"[39m
@qbs-autonaim/recruitment-assistant-extension:test:   [36m>[39m
@qbs-autonaim/recruitment-assistant-extension:test:     [0m
@qbs-autonaim/recruitment-assistant-extension:test:           [0m
@qbs-autonaim/recruitment-assistant-extension:test:     [36m<a[39m
@qbs-autonaim/recruitment-assistant-extension:test:       [33mhref[39m=[32m"mailto:ivan@example.com"[39m
@qbs-autonaim/recruitment-assistant-extension:test:     [36m>[39m
@qbs-autonaim/recruitment-assistant-extension:test:       [0mEmail[0m
@qbs-autonaim/recruitment-assistant-extension:test:     [36m</a>[39m
@qbs-autonaim/recruitment-assistant-extension:test:     [0m
@qbs-autonaim/recruitment-assistant-extension:test:           [0m
@qbs-autonaim/recruitment-assistant-extension:test:     [36m<span[39m
@qbs-autonaim/recruitment-assistant-extension:test:       [33mclass[39m=[32m"t-14 t-black t-normal"[39m
@qbs-autonaim/recruitment-assistant-extension:test:     [36m>[39m
@qbs-autonaim/recruitment-assistant-extension:test:       [0m+7 (999) 123-45-67[0m
@qbs-autonaim/recruitment-assistant-extension:test:     [36m</span>[39m
@qbs-autonaim/recruitment-assistant-extension:test:     [0m
@qbs-autonaim/recruitment-assistant-extension:test:         [0m
@qbs-autonaim/recruitment-assistant-extension:test:   [36m</section>[39m
@qbs-autonaim/recruitment-assistant-extension:test:   [0m
@qbs-autonaim/recruitment-assistant-extension:test:       [0m
@qbs-autonaim/recruitment-assistant-extension:test:   [36m<div>[39m
@qbs-autonaim/recruitment-assistant-extension:test:     [36m<div>[39m
@qbs-autonaim/recruitment-assistant-extension:test:       [36m<h3[39m
@qbs-autonaim/recruitment-assistant-extension:test:         [33mstyle[39m=[32m"font-size: 16px; font-weight: 600; color: #1f2937; margin-bottom: 12px;"[39m
@qbs-autonaim/recruitment-assistant-extension:test:       [36m>[39m
@qbs-autonaim/recruitment-assistant-extension:test:         [0m╨Ъ╨╛╨╜╤В╨░╨║╤В╨╜╨░╤П ╨╕╨╜╤Д╨╛╤А╨╝╨░╤Ж╨╕╤П[0m
@qbs-autonaim/recruitment-assistant-extension:test:       [36m</h3>[39m
@qbs-autonaim/recruitment-assistant-extension:test:       [36m<div[39m
@qbs-autonaim/recruitment-assistant-extension:test:         [33mstyle[39m=[32m"margin-bottom: 16px;"[39m
@qbs-autonaim/recruitment-assistant-extension:test:       [36m>[39m
@qbs-autonaim/recruitment-assistant-extension:test:         [36m<label[39m
@qbs-autonaim/recruitment-assistant-extension:test:           [33mfor[39m=[32m"contact-email"[39m
@qbs-autonaim/recruitment-assistant-extension:test:           [33mstyle[39m=[32m"font-size: 14px; font-weight: 500; color: #374151; display: block; margin-bottom: 4px;"[39m
@qbs-autonaim/recruitment-assistant-extension:test:         [36m>[39m
@qbs-autonaim/recruitment-assistant-extension:test:           [0m╨н╨╗╨╡╨║╤В╤А╨╛╨╜╨╜╨░╤П ╨┐╨╛╤З╤В╨░[0m
@qbs-autonaim/recruitment-assistant-extension:test:         [36m</label>[39m
@qbs-autonaim/recruitment-assistant-extension:test:         [36m<input[39m
@qbs-autonaim/recruitment-assistant-extension:test:           [33maria-label[39m=[32m"╨н╨╗╨╡╨║╤В╤А╨╛╨╜╨╜╨░╤П ╨┐╨╛╤З╤В╨░ ╨║╨░╨╜╨┤╨╕╨┤╨░╤В╨░"[39m
@qbs-autonaim/recruitment-assistant-extension:test:           [33mautocomplete[39m=[32m"email"[39m
@qbs-autonaim/recruitment-assistant-extension:test:           [33mid[39m=[32m"contact-email"[39m
@qbs-autonaim/recruitment-assistant-extension:test:           [33mname[39m=[32m"email"[39m
@qbs-autonaim/recruitment-assistant-extension:test:           [33mplaceholder[39m=[32m"example@company.com"[39m
@qbs-autonaim/recruitment-assistant-extension:test:           [33mspellcheck[39m=[32m"false"[39m
@qbs-autonaim/recruitment-assistant-extension:test:           [33mstyle[39m=[32m"width: 100%; padding: 8px 12px; font-size: 16px; border: 1px solid #d1d5db; border-radius: 6px; outline-color: none; outline-style: none; outline-width: initial;"[39m
@qbs-autonaim/recruitment-assistant-extension:test:           [33mtype[39m=[32m"email"[39m
@qbs-autonaim/recruitment-assistant-extension:test:           [33mvalue[39m=[32m"ivan@example.com"[39m
@qbs-autonaim/recruitment-assistant-extension:test:         [36m/>[39m
@qbs-autonaim/recruitment-assistant-extension:test:       [36m</div>[39m
@qbs-autonaim/recruitment-assistant-extension:test:       [36m<div[39m
@qbs-autonaim/recruitment-assistant-extension:test:         [33mstyle[39m=[32m"margin-bottom: 16px;"[39m
@qbs-autonaim/recruitment-assistant-extension:test:       [36m>[39m
@qbs-autonaim/recruitment-assistant-extension:test:         [36m<label[39m
@qbs-autonaim/recruitment-assistant-extension:test:           [33mfor[39m=[32m"contact-phone"[39m
@qbs-autonaim/recruitment-assistant-extension:test:           [33mstyle[39m=[32m"font-size: 14px; font-weight: 500; color: #374151; display: block; margin-bottom: 4px;"[39m
@qbs-autonaim/recruitment-assistant-extension:test:         [36m>[39m
@qbs-autonaim/recruitment-assistant-extension:test:           [0m╨Э╨╛╨╝╨╡╤А ╤В╨╡╨╗╨╡╤Д╨╛╨╜╨░[0m
@qbs-autonaim/recruitment-assistant-extension:test:         [36m</label>[39m
@qbs-autonaim/recruitment-assistant-extension:test:         [36m<input[39m
@qbs-autonaim/recruitment-assistant-extension:test:           [33maria-label[39m=[32m"╨Э╨╛╨╝╨╡╤А ╤В╨╡╨╗╨╡╤Д╨╛╨╜╨░ ╨║╨░╨╜╨┤╨╕╨┤╨░╤В╨░"[39m
@qbs-autonaim/recruitment-assistant-extension:test:           [33mautocomplete[39m=[32m"tel"[39m
@qbs-autonaim/recruitment-assistant-extension:test:           [33mid[39m=[32m"contact-phone"[39m
@qbs-autonaim/recruitment-assistant-extension:test:           [33mname[39m=[32m"phone"[39m
@qbs-autonaim/recruitment-assistant-extension:test:           [33mplaceholder[39m=[32m"+7 (999) 123-45-67"[39m
@qbs-autonaim/recruitment-assistant-extension:test:           [33mstyle[39m=[32m"width: 100%; padding: 8px 12px; font-size: 16px; border: 1px solid #d1d5db; border-radius: 6px; outline-color: none; outline-style: none; outline-width: initial;"[39m
@qbs-autonaim/recruitment-assistant-extension:test:           [33mtype[39m=[32m"tel"[39m
@qbs-autonaim/recruitment-assistant-extension:test:           [33mvalue[39m=[32m"+7 999 123 45 67"[39m
@qbs-autonaim/recruitment-assistant-extension:test:         [36m/>[39m
@qbs-autonaim/recruitment-assistant-extension:test:       [36m</div>[39m
@qbs-autonaim/recruitment-assistant-extension:test:       [36m<div>[39m
@qbs-autonaim/recruitment-assistant-extension:test:         [36m<label[39m
@qbs-autonaim/recruitment-assistant-extension:test:           [33mfor[39m=[32m"social-link-input"[39m
@qbs-autonaim/recruitment-assistant-extension:test:           [33mstyle[39m=[32m"font-size: 14px; font-weight: 500; color: #374151; display: block; margin-bottom: 4px;"[39m
@qbs-autonaim/recruitment-assistant-extension:test:         [36m>[39m
@qbs-autonaim/recruitment-assistant-extension:test:           [0m╨б╨╛╤Ж╨╕╨░╨╗╤М╨╜╤Л╨╡ ╤Б╨╡╤В╨╕[0m
@qbs-autonaim/recruitment-assistant-extension:test:         [36m</label>[39m
@qbs-autonaim/recruitment-assistant-extension:test:         [36m<div[39m
@qbs-autonaim/recruitment-assistant-extension:test:           [33mstyle[39m=[32m"display: flex; gap: 8px; margin-bottom: 12px;"[39m
@qbs-autonaim/recruitment-assistant-extension:test:         [36m>[39m
@qbs-autonaim/recruitment-assistant-extension:test:           [36m<input[39m
@qbs-autonaim/recruitment-assistant-extension:test:             [33maria-invalid[39m=[32m"false"[39m
@qbs-autonaim/recruitment-assistant-extension:test:             [33maria-label[39m=[32m"╨Э╨╛╨▓╨░╤П ╤Б╤Б╤Л╨╗╨║╨░ ╨╜╨░ ╤Б╨╛╤Ж╨╕╨░╨╗╤М╨╜╤Г╤О ╤Б╨╡╤В╤М"[39m
@qbs-autonaim/recruitment-assistant-extension:test:             [33mid[39m=[32m"social-link-input"[39m
@qbs-autonaim/recruitment-assistant-extension:test:             [33mplaceholder[39m=[32m"https://example.com/profile"[39m
@qbs-autonaim/recruitment-assistant-extension:test:             [33mstyle[39m=[32m"padding: 8px 12px; font-size: 16px; border: 1px solid #d1d5db; border-radius: 6px; flex-grow: 1; flex-shrink: 1; flex-basis: 0%; outline-color: none; outline-style: none; outline-width: initial;"[39m
@qbs-autonaim/recruitment-assistant-extension:test:             [33mtype[39m=[32m"url"[39m
@qbs-autonaim/recruitment-assistant-extension:test:             [33mvalue[39m=[32m""[39m
@qbs-autonaim/recruitment-assistant-extension:test:           [36m/>[39m
@qbs-autonaim/recruitment-assistant-extension:test:           [36m<button[39m
@qbs-autonaim/recruitment-assistant-extension:test:             [33maria-label[39m=[32m"╨Ф╨╛╨▒╨░╨▓╨╕╤В╤М ╤Б╤Б╤Л╨╗╨║╤Г"[39m
@qbs-autonaim/recruitment-assistant-extension:test:             [33mdisabled[39m=[32m""[39m
@qbs-autonaim/recruitment-assistant-extension:test:             [33mstyle[39m=[32m"min-width: 44px; min-height: 44px; padding: 8px 16px; background-color: #e5e7eb; color: #9ca3af; border: none none; border-radius: 6px; font-size: 14px; font-weight: 500; cursor: not-allowed; touch-action: manipulation;"[39m
@qbs-autonaim/recruitment-assistant-extension:test:             [33mtype[39m=[32m"button"[39m
@qbs-autonaim/recruitment-assistant-extension:test:           [36m>[39m
@qbs-autonaim/recruitment-assistant-extension:test:             [0m╨Ф╨╛╨▒╨░╨▓╨╕╤В╤М[0m
@qbs-autonaim/recruitment-assistant-extension:test:           [36m</button>[39m
@qbs-autonaim/recruitment-assistant-extension:test:         [36m</div>[39m
@qbs-autonaim/recruitment-assistant-extension:test:         [36m<ul[39m
@qbs-autonaim/recruitment-assistant-extension:test:           [33maria-label[39m=[32m"╨б╨┐╨╕╤Б╨╛╨║ ╤Б╨╛╤Ж╨╕╨░╨╗╤М╨╜╤Л╤Е ╤Б╨╡╤В╨╡╨╣"[39m
@qbs-autonaim/recruitment-assistant-extension:test:           [33mstyle[39m=[32m"display: flex; flex-direction: column; gap: 8px; margin: 0px; padding: 0px; list-style: none;"[39m
@qbs-autonaim/recruitment-assistant-extension:test:         [36m>[39m
@qbs-autonaim/recruitment-assistant-extension:test:           [36m<li[39m
@qbs-autonaim/recruitment-assistant-extension:test:             [33mstyle[39m=[32m"display: flex; align-items: center; gap: 8px; padding: 8px 12px; background-color: #f9fafb; border-radius: 6px; border: 1px solid #e5e7eb;"[39m
@qbs-autonaim/recruitment-assistant-extension:test:           [36m>[39m
@qbs-autonaim/recruitment-assistant-extension:test:             [36m<a[39m
@qbs-autonaim/recruitment-assistant-extension:test:               [33mhref[39m=[32m"https://github.com/ivan"[39m
@qbs-autonaim/recruitment-assistant-extension:test:               [33mrel[39m=[32m"noopener noreferrer"[39m
@qbs-autonaim/recruitment-assistant-extension:test:               [33mstyle[39m=[32m"color: #3b82f6; text-decoration: none; font-size: 14px; overflow: hidden; text-overflow: ellipsis; white-space: nowrap; flex-grow: 1; flex-shrink: 1; flex-basis: 0%;"[39m
@qbs-autonaim/recruitment-assistant-extension:test:               [33mtarget[39m=[32m"_blank"[39m
@qbs-autonaim/recruitment-assistant-extension:test:             [36m>[39m
@qbs-autonaim/recruitment-assistant-extension:test:               [0mhttps://github.com/ivan[0m
@qbs-autonaim/recruitment-assistant-extension:test:             [36m</a>[39m
@qbs-autonaim/recruitment-assistant-extension:test:             [36m<button[39m
@qbs-autonaim/recruitment-assistant-extension:test:               [33maria-label[39m=[32m"╨г╨┤╨░╨╗╨╕╤В╤М ╤Б╤Б╤Л╨╗╨║╤Г https://github.com/ivan"[39m
@qbs-autonaim/recruitment-assistant-extension:test:               [33mstyle[39m=[32m"min-width: 32px; min-height: 32px; padding: 4px; background-color: transparent; color: #6b7280; border: none none; border-radius: 4px; font-size: 16px; cursor: pointer; display: flex; align-items: center; justify-content: center; touch-action: manipulation;"[39m
@qbs-autonaim/recruitment-assistant-extension:test:               [33mtype[39m=[32m"button"[39m
@qbs-autonaim/recruitment-assistant-extension:test:             [36m>[39m
@qbs-autonaim/recruitment-assistant-extension:test:               [0m├Ч[0m
@qbs-autonaim/recruitment-assistant-extension:test:             [36m</button>[39m
@qbs-autonaim/recruitment-assistant-extension:test:           [36m</li>[39m
@qbs-autonaim/recruitment-assistant-extension:test:           [36m<li[39m
@qbs-autonaim/recruitment-assistant-extension:test:             [33mstyle[39m=[32m"display: flex; align-items: center; gap: 8px; padding: 8px 12px; background-color: #f9fafb; border-radius: 6px; border: 1px solid #e5e7eb;"[39m
@qbs-autonaim/recruitment-assistant-extension:test:           [36m>[39m
@qbs-autonaim/recruitment-assistant-extension:test:             [36m<a[39m
@qbs-autonaim/recruitment-assistant-extension:test:               [33mhref[39m=[32m"https://linkedin.com/in/ivan"[39m
@qbs-autonaim/recruitment-assistant-extension:test:               [33mrel[39m=[32m"noopener noreferrer"[39m
@qbs-autonaim/recruitment-assistant-extension:test:               [33mstyle[39m=[32m"color: #3b82f6; text-decoration: none; font-size: 14px; overflow: hidden; text-overflow: ellipsis; white-space: nowrap; flex-grow: 1; flex-shrink: 1; flex-basis: 0%;"[39m
@qbs-autonaim/recruitment-assistant-extension:test:               [33mtarget[39m=[32m"_blank"[39m
@qbs-autonaim/recruitment-assistant-extension:test:             [36m>[39m
@qbs-autonaim/recruitment-assistant-extension:test:               [0mhttps://linkedin.com/in/ivan[0m
@qbs-autonaim/recruitment-assistant-extension:test:             [36m</a>[39m
@qbs-autonaim/recruitment-assistant-extension:test:             [36m<button[39m
@qbs-autonaim/recruitment-assistant-extension:test:               [33maria-label[39m=[32m"╨г╨┤╨░╨╗╨╕╤В╤М ╤Б╤Б╤Л╨╗╨║╤Г https://linkedin.com/in/ivan"[39m
@qbs-autonaim/recruitment-assistant-extension:test:               [33mstyle[39m=[32m"min-width: 32px; min-height: 32px; padding: 4px; background-color: transparent; color: #6b7280; border: none none; border-radius: 4px; font-size: 16px; cursor: pointer; display: flex; align-items: center; justify-content: center; touch-action: manipulation;"[39m
@qbs-autonaim/recruitment-assistant-extension:test:               [33mtype[39m=[32m"button"[39m
@qbs-autonaim/recruitment-assistant-extension:test:             [36m>[39m
@qbs-autonaim/recruitment-assistant-extension:test:               [0m├Ч[0m
@qbs-autonaim/recruitment-assistant-extension:test:             [36m</button>[39m
@qbs-autonaim/recruitment-assistant-extension:test:           [36m</li>[39m
@qbs-autonaim/recruitment-assistant-extension:test:         [36m</ul>[39m
@qbs-autonaim/recruitment-assistant-extension:test:       [36m</div>[39m
@qbs-autonaim/recruitment-assistant-extension:test:     [36m</div>[39m
@qbs-autonaim/recruitment-assistant-extension:test:   [36m</div>[39m
@qbs-autonaim/recruitment-assistant-extension:test: [36m</body>[39m
@qbs-autonaim/recruitment-assistant-extension:test:       at <anonymous> (C:\Projects\kwork\selectio\node_modules\@testing-library\dom\dist\query-helpers.js:59:30)
@qbs-autonaim/recruitment-assistant-extension:test:       at <anonymous> (C:\Projects\kwork\selectio\node_modules\@testing-library\dom\dist\query-helpers.js:95:19)
@qbs-autonaim/recruitment-assistant-extension:test:       at <anonymous> (C:\Projects\kwork\selectio\apps\recruitment-assistant-extension\src\content\ui\contact-info.test.tsx:331:27)
@qbs-autonaim/recruitment-assistant-extension:test: (fail) ContactInfo > ╨Ф╨╛╤Б╤В╤Г╨┐╨╜╨╛╤Б╤В╤М (ARIA) > ╨┤╨╛╨╗╨╢╨╡╨╜ ╨╕╨╝╨╡╤В╤М aria-label ╨┤╨╗╤П ╤Б╨┐╨╕╤Б╨║╨░ [32.00ms]
@qbs-autonaim/recruitment-assistant-extension:test: 334 | 
@qbs-autonaim/recruitment-assistant-extension:test: 335 |     it("╨┤╨╛╨╗╨╢╨╡╨╜ ╨╕╨╝╨╡╤В╤М role='listitem' ╨┤╨╗╤П ╨║╨░╨╢╨┤╨╛╨╣ ╤Б╤Б╤Л╨╗╨║╨╕", () => {
@qbs-autonaim/recruitment-assistant-extension:test: 336 |       render(<ContactInfo contacts={mockContacts} onEdit={vi.fn()} />);
@qbs-autonaim/recruitment-assistant-extension:test: 337 | 
@qbs-autonaim/recruitment-assistant-extension:test: 338 |       const items = screen.getAllByRole("listitem");
@qbs-autonaim/recruitment-assistant-extension:test: 339 |       expect(items.length).toBe(2);
@qbs-autonaim/recruitment-assistant-extension:test:                                  ^
@qbs-autonaim/recruitment-assistant-extension:test: error: expect(received).toBe(expected)
@qbs-autonaim/recruitment-assistant-extension:test: 
@qbs-autonaim/recruitment-assistant-extension:test: Expected: 2
@qbs-autonaim/recruitment-assistant-extension:test: Received: 4
@qbs-autonaim/recruitment-assistant-extension:test: 
@qbs-autonaim/recruitment-assistant-extension:test:       at <anonymous> (C:\Projects\kwork\selectio\apps\recruitment-assistant-extension\src\content\ui\contact-info.test.tsx:339:28)
@qbs-autonaim/recruitment-assistant-extension:test: (fail) ContactInfo > ╨Ф╨╛╤Б╤В╤Г╨┐╨╜╨╛╤Б╤В╤М (ARIA) > ╨┤╨╛╨╗╨╢╨╡╨╜ ╨╕╨╝╨╡╤В╤М role='listitem' ╨┤╨╗╤П ╨║╨░╨╢╨┤╨╛╨╣ ╤Б╤Б╤Л╨╗╨║╨╕ [15.00ms]
@qbs-autonaim/recruitment-assistant-extension:test: (pass) ContactInfo > ╨Ф╨╛╤Б╤В╤Г╨┐╨╜╨╛╤Б╤В╤М (ARIA) > ╨┤╨╛╨╗╨╢╨╡╨╜ ╨╕╨╝╨╡╤В╤М aria-label ╨┤╨╗╤П ╨┐╨╛╨╗╨╡╨╣ ╨▓╨▓╨╛╨┤╨░ [16.00ms]
@qbs-autonaim/recruitment-assistant-extension:test: (pass) ContactInfo > ╨Ф╨╛╤Б╤В╤Г╨┐╨╜╨╛╤Б╤В╤М (ARIA) > ╨┤╨╛╨╗╨╢╨╡╨╜ ╨╕╨╝╨╡╤В╤М aria-label ╨┤╨╗╤П ╨║╨╜╨╛╨┐╨╛╨║ [16.00ms]
@qbs-autonaim/recruitment-assistant-extension:test: (pass) ContactInfo > ╨б╤В╨╕╨╗╨╕ ╨╕ ╤А╨░╨╖╨╝╨╡╤А╤Л > ╨┤╨╛╨╗╨╢╨╡╨╜ ╨╕╨╝╨╡╤В╤М ╨╝╨╕╨╜╨╕╨╝╨░╨╗╤М╨╜╤Л╨╣ ╤А╨░╨╖╨╝╨╡╤А 44x44px ╨┤╨╗╤П ╨║╨╜╨╛╨┐╨╛╨║ [31.00ms]
@qbs-autonaim/recruitment-assistant-extension:test: (pass) ContactInfo > ╨б╤В╨╕╨╗╨╕ ╨╕ ╤А╨░╨╖╨╝╨╡╤А╤Л > ╨┤╨╛╨╗╨╢╨╡╨╜ ╨╕╨╝╨╡╤В╤М fontSize 16px ╨┤╨╗╤П ╨┐╨╛╨╗╨╡╨╣ ╨▓╨▓╨╛╨┤╨░
@qbs-autonaim/recruitment-assistant-extension:test: (pass) ContactInfo > ╨б╤В╨╕╨╗╨╕ ╨╕ ╤А╨░╨╖╨╝╨╡╤А╤Л > ╨┤╨╛╨╗╨╢╨╡╨╜ ╨╕╨╝╨╡╤В╤М touch-action: manipulation ╨┤╨╗╤П ╨║╨╜╨╛╨┐╨╛╨║ [15.00ms]
@qbs-autonaim/recruitment-assistant-extension:test: (pass) ContactInfo > ╨б╤В╨╕╨╗╨╕ ╨╕ ╤А╨░╨╖╨╝╨╡╤А╤Л > ╨┤╨╛╨╗╨╢╨╡╨╜ ╨╕╨╝╨╡╤В╤М cursor: not-allowed ╨┤╨╗╤П disabled ╨║╨╜╨╛╨┐╨║╨╕ [16.00ms]
@qbs-autonaim/recruitment-assistant-extension:test: (pass) ContactInfo > ╨б╤В╨╕╨╗╨╕ ╨╕ ╤А╨░╨╖╨╝╨╡╤А╤Л > ╨┤╨╛╨╗╨╢╨╡╨╜ ╨╕╨╝╨╡╤В╤М cursor: pointer ╨┤╨╗╤П enabled ╨║╨╜╨╛╨┐╨║╨╕ [16.00ms]
@qbs-autonaim/recruitment-assistant-extension:test: (pass) ContactInfo > ╨Ъ╨╗╨░╨▓╨╕╨░╤В╤Г╤А╨╜╨░╤П ╨╜╨░╨▓╨╕╨│╨░╤Ж╨╕╤П > ╨┤╨╛╨╗╨╢╨╡╨╜ ╨┐╨╛╨┤╨┤╨╡╤А╨╢╨╕╨▓╨░╤В╤М ╤Д╨╛╨║╤Г╤Б ╨╜╨░ ╨┐╨╛╨╗╤П╤Е ╨▓╨▓╨╛╨┤╨░ [31.00ms]
@qbs-autonaim/recruitment-assistant-extension:test: (pass) ContactInfo > ╨Ъ╨╗╨░╨▓╨╕╨░╤В╤Г╤А╨╜╨░╤П ╨╜╨░╨▓╨╕╨│╨░╤Ж╨╕╤П > ╨┤╨╛╨╗╨╢╨╡╨╜ ╨┐╨╛╨┤╨┤╨╡╤А╨╢╨╕╨▓╨░╤В╤М ╤Д╨╛╨║╤Г╤Б ╨╜╨░ ╨║╨╜╨╛╨┐╨║╨░╤Е [16.00ms]
@qbs-autonaim/recruitment-assistant-extension:test: (pass) ContactInfo > ╨Ъ╨╗╨░╨▓╨╕╨░╤В╤Г╤А╨╜╨░╤П ╨╜╨░╨▓╨╕╨│╨░╤Ж╨╕╤П > ╨┤╨╛╨╗╨╢╨╡╨╜ ╨┐╨╛╨┤╨┤╨╡╤А╨╢╨╕╨▓╨░╤В╤М ╤Д╨╛╨║╤Г╤Б ╨╜╨░ ╤Б╤Б╤Л╨╗╨║╨░╤Е [15.00ms]
@qbs-autonaim/recruitment-assistant-extension:test: (pass) ContactInfo > ╨Ы╨╛╨║╨░╨╗╨╕╨╖╨░╤Ж╨╕╤П > ╨┤╨╛╨╗╨╢╨╡╨╜ ╨╕╤Б╨┐╨╛╨╗╤М╨╖╨╛╨▓╨░╤В╤М ╤А╤Г╤Б╤Б╨║╨╕╨╣ ╤П╨╖╤Л╨║ ╨▒╨╡╨╖ ╨░╨╜╨│╨╗╨╕╤Ж╨╕╨╖╨╝╨╛╨▓ [16.00ms]
@qbs-autonaim/recruitment-assistant-extension:test: (pass) ContactInfo > ╨Ы╨╛╨║╨░╨╗╨╕╨╖╨░╤Ж╨╕╤П > ╨┤╨╛╨╗╨╢╨╡╨╜ ╨╕╤Б╨┐╨╛╨╗╤М╨╖╨╛╨▓╨░╤В╤М ╨┐╤А╨░╨▓╨╕╨╗╤М╨╜╤Л╨╣ ╨┐╨╗╨╡╨╣╤Б╤Е╨╛╨╗╨┤╨╡╤А ╨┤╨╗╤П email
@qbs-autonaim/recruitment-assistant-extension:test: (pass) ContactInfo > ╨Ы╨╛╨║╨░╨╗╨╕╨╖╨░╤Ж╨╕╤П > ╨┤╨╛╨╗╨╢╨╡╨╜ ╨╕╤Б╨┐╨╛╨╗╤М╨╖╨╛╨▓╨░╤В╤М ╨┐╤А╨░╨▓╨╕╨╗╤М╨╜╤Л╨╣ ╨┐╨╗╨╡╨╣╤Б╤Е╨╛╨╗╨┤╨╡╤А ╨┤╨╗╤П ╤В╨╡╨╗╨╡╤Д╨╛╨╜╨░ [15.00ms]
@qbs-autonaim/recruitment-assistant-extension:test: (pass) ContactInfo > ╨Ы╨╛╨║╨░╨╗╨╕╨╖╨░╤Ж╨╕╤П > ╨┤╨╛╨╗╨╢╨╡╨╜ ╨╕╤Б╨┐╨╛╨╗╤М╨╖╨╛╨▓╨░╤В╤М ╨┐╤А╨░╨▓╨╕╨╗╤М╨╜╤Л╨╣ ╨┐╨╗╨╡╨╣╤Б╤Е╨╛╨╗╨┤╨╡╤А ╨┤╨╗╤П ╤Б╤Б╤Л╨╗╨║╨╕ [16.00ms]
@qbs-autonaim/recruitment-assistant-extension:test: (pass) ContactInfo > ╨б╤Б╤Л╨╗╨║╨╕ > ╨┤╨╛╨╗╨╢╨╜╤Л ╨╛╤В╨║╤А╤Л╨▓╨░╤В╤М╤Б╤П ╨▓ ╨╜╨╛╨▓╨╛╨╣ ╨▓╨║╨╗╨░╨┤╨║╨╡
@qbs-autonaim/recruitment-assistant-extension:test: (pass) ContactInfo > ╨б╤Б╤Л╨╗╨║╨╕ > ╨┤╨╛╨╗╨╢╨╜╤Л ╨╕╨╝╨╡╤В╤М rel='noopener noreferrer' [16.00ms]
@qbs-autonaim/recruitment-assistant-extension:test: (pass) ContactInfo > ╨б╤Б╤Л╨╗╨║╨╕ > ╨┤╨╛╨╗╨╢╨╜╤Л ╨╕╨╝╨╡╤В╤М ╨┐╤А╨░╨▓╨╕╨╗╤М╨╜╤Л╨╣ href [15.00ms]
@qbs-autonaim/recruitment-assistant-extension:test: (pass) ContactInfo > ╨б╨╛╤Б╤В╨╛╤П╨╜╨╕╤П ╨║╨╜╨╛╨┐╨║╨╕ ╨┤╨╛╨▒╨░╨▓╨╗╨╡╨╜╨╕╤П > ╨┤╨╛╨╗╨╢╨╜╨░ ╨▒╤Л╤В╤М disabled ╨║╨╛╨│╨┤╨░ ╨┐╨╛╨╗╨╡ ╨┐╤Г╤Б╤В╨╛╨╡
@qbs-autonaim/recruitment-assistant-extension:test: (pass) ContactInfo > ╨б╨╛╤Б╤В╨╛╤П╨╜╨╕╤П ╨║╨╜╨╛╨┐╨║╨╕ ╨┤╨╛╨▒╨░╨▓╨╗╨╡╨╜╨╕╤П > ╨┤╨╛╨╗╨╢╨╜╨░ ╨▒╤Л╤В╤М enabled ╨║╨╛╨│╨┤╨░ ╨╡╤Б╤В╤М ╤В╨╡╨║╤Б╤В [16.00ms]
@qbs-autonaim/recruitment-assistant-extension:test: (pass) ContactInfo > ╨б╨╛╤Б╤В╨╛╤П╨╜╨╕╤П ╨║╨╜╨╛╨┐╨║╨╕ ╨┤╨╛╨▒╨░╨▓╨╗╨╡╨╜╨╕╤П > ╨┤╨╛╨╗╨╢╨╜╨░ ╨▒╤Л╤В╤М disabled ╨║╨╛╨│╨┤╨░ ╤В╨╛╨╗╤М╨║╨╛ ╨┐╤А╨╛╨▒╨╡╨╗╤Л [16.00ms]
@qbs-autonaim/recruitment-assistant-extension:test: 
@qbs-autonaim/recruitment-assistant-extension:test: src\content\ui\data-panel.test.tsx:
@qbs-autonaim/recruitment-assistant-extension:test: (pass) DataPanel > ╨┤╨╛╨╗╨╢╨╡╨╜ ╨▓╨╛╨╖╨▓╤А╨░╤Й╨░╤В╤М null ╨╡╤Б╨╗╨╕ ╨┤╨░╨╜╨╜╤Л╨╡ ╨╛╤В╤Б╤Г╤В╤Б╤В╨▓╤Г╤О╤В
@qbs-autonaim/app:test: 344 |             spacing: config.spacingInner
@qbs-autonaim/app:test: 345 |           },
@qbs-autonaim/app:test: 346 |           config.colors
@qbs-autonaim/app:test: 347 |         );
@qbs-autonaim/app:test: 348 |   } catch (error) {
@qbs-autonaim/app:test: 349 |     throw new PrettyFormatPluginError(error.message, error.stack);
@qbs-autonaim/app:test:                                                                       ^
@qbs-autonaim/app:test: PrettyFormatPluginError: undefined is not a constructor (evaluating 'new this.window.SyntaxError(`Failed to execute 'querySelectorAll' on '${name}': '${selector}' is not a valid selector.`)')
@qbs-autonaim/app:test:       at printPlugin (C:\Projects\kwork\selectio\node_modules\pretty-format\build\index.js:349:65)
@qbs-autonaim/app:test:       at prettyDOM (C:\Projects\kwork\selectio\node_modules\@testing-library\dom\dist\pretty-dom.js:80:37)
@qbs-autonaim/app:test:       at getElementError (C:\Projects\kwork\selectio\node_modules\@testing-library\dom\dist\config.js:36:42)
@qbs-autonaim/app:test:       at onTimeout (C:\Projects\kwork\selectio\node_modules\@testing-library\dom\dist\wait-for.js:22:39)
@qbs-autonaim/app:test:       at handleTimeout (C:\Projects\kwork\selectio\node_modules\@testing-library\dom\dist\wait-for.js:156:14)
@qbs-autonaim/app:test: (fail) ArchivedVacanciesSelector > ╨┤╨╛╨╗╨╢╨╡╨╜ ╨╛╤В╨╛╨▒╤А╨░╨╢╨░╤В╤М ╤Б╨╛╤Б╤В╨╛╤П╨╜╨╕╨╡ ╨╖╨░╨│╤А╤Г╨╖╨║╨╕ [1000.00ms]
@qbs-autonaim/recruitment-assistant-extension:test: (pass) DataPanel > ╨┤╨╛╨╗╨╢╨╡╨╜ ╨╛╤В╨╛╨▒╤А╨░╨╢╨░╤В╤М ╨╖╨░╨│╨╛╨╗╨╛╨▓╨╛╨║ ╤Б ╨┐╨╗╨░╤В╤Д╨╛╤А╨╝╨╛╨╣ ╨╕ ╨┤╨░╤В╨╛╨╣ [47.00ms]
@qbs-autonaim/recruitment-assistant-extension:test: 54 |       const elementStrings = els.map(element => getElementError(null, element).message).join('\n\n');
@qbs-autonaim/recruitment-assistant-extension:test: 55 |       throw getMultipleElementsFoundError(`${getMultipleError(container, ...args)}
@qbs-autonaim/recruitment-assistant-extension:test: 56 | 
@qbs-autonaim/recruitment-assistant-extension:test: 57 | Here are the matching elements:
@qbs-autonaim/recruitment-assistant-extension:test: 58 | 
@qbs-autonaim/recruitment-assistant-extension:test: 59 | ${elementStrings}`, container);
@qbs-autonaim/recruitment-assistant-extension:test:                                   ^
@qbs-autonaim/recruitment-assistant-extension:test: TestingLibraryElementError: Found multiple elements with the text: ╨Ш╨▓╨░╨╜ ╨Ш╨▓╨░╨╜╨╛╨▓
@qbs-autonaim/recruitment-assistant-extension:test: 
@qbs-autonaim/recruitment-assistant-extension:test: Here are the matching elements:
@qbs-autonaim/recruitment-assistant-extension:test: 
@qbs-autonaim/recruitment-assistant-extension:test: Ignored nodes: comments, script, style
@qbs-autonaim/recruitment-assistant-extension:test: [36m<h1[39m
@qbs-autonaim/recruitment-assistant-extension:test:   [33mclass[39m=[32m"text-heading-xlarge"[39m
@qbs-autonaim/recruitment-assistant-extension:test: [36m>[39m
@qbs-autonaim/recruitment-assistant-extension:test:   [0m╨Ш╨▓╨░╨╜ ╨Ш╨▓╨░╨╜╨╛╨▓[0m
@qbs-autonaim/recruitment-assistant-extension:test: [36m</h1>[39m
@qbs-autonaim/recruitment-assistant-extension:test: 
@qbs-autonaim/recruitment-assistant-extension:test: Ignored nodes: comments, script, style
@qbs-autonaim/recruitment-assistant-extension:test: [36m<div[39m
@qbs-autonaim/recruitment-assistant-extension:test:   [33mstyle[39m=[32m"padding: 8px 12px; font-size: 14px; color: #1f2937; background-color: #f9fafb; border-radius: 6px; min-height: auto; white-space: nowrap; overflow: hidden; text-overflow: ellipsis; flex-grow: 1; flex-shrink: 1; flex-basis: 0%;"[39m
@qbs-autonaim/recruitment-assistant-extension:test: [36m>[39m
@qbs-autonaim/recruitment-assistant-extension:test:   [0m╨Ш╨▓╨░╨╜ ╨Ш╨▓╨░╨╜╨╛╨▓[0m
@qbs-autonaim/recruitment-assistant-extension:test: [36m</div>[39m
@qbs-autonaim/recruitment-assistant-extension:test: 
@qbs-autonaim/recruitment-assistant-extension:test: (If this is intentional, then use the `*AllBy*` variant of the query (like `queryAllByText`, `getAllByText`, or `findAllByText`)).
@qbs-autonaim/recruitment-assistant-extension:test: 
@qbs-autonaim/recruitment-assistant-extension:test: Ignored nodes: comments, script, style
@qbs-autonaim/recruitment-assistant-extension:test: [36m<body>[39m
@qbs-autonaim/recruitment-assistant-extension:test:   [0m
@qbs-autonaim/recruitment-assistant-extension:test:         [0m
@qbs-autonaim/recruitment-assistant-extension:test:   [36m<h1[39m
@qbs-autonaim/recruitment-assistant-extension:test:     [33mclass[39m=[32m"text-heading-xlarge"[39m
@qbs-autonaim/recruitment-assistant-extension:test:   [36m>[39m
@qbs-autonaim/recruitment-assistant-extension:test:     [0m╨Ш╨▓╨░╨╜ ╨Ш╨▓╨░╨╜╨╛╨▓[0m
@qbs-autonaim/recruitment-assistant-extension:test:   [36m</h1>[39m
@qbs-autonaim/recruitment-assistant-extension:test:   [0m
@qbs-autonaim/recruitment-assistant-extension:test:         [0m
@qbs-autonaim/recruitment-assistant-extension:test:   [36m<div[39m
@qbs-autonaim/recruitment-assistant-extension:test:     [33mclass[39m=[32m"text-body-medium"[39m
@qbs-autonaim/recruitment-assistant-extension:test:   [36m>[39m
@qbs-autonaim/recruitment-assistant-extension:test:     [0mSenior Developer[0m
@qbs-autonaim/recruitment-assistant-extension:test:   [36m</div>[39m
@qbs-autonaim/recruitment-assistant-extension:test:   [0m
@qbs-autonaim/recruitment-assistant-extension:test:         [0m
@qbs-autonaim/recruitment-assistant-extension:test:   [36m<span[39m
@qbs-autonaim/recruitment-assistant-extension:test:     [33mclass[39m=[32m"text-body-small inline"[39m
@qbs-autonaim/recruitment-assistant-extension:test:   [36m>[39m
@qbs-autonaim/recruitment-assistant-extension:test:     [0m╨Ь╨╛╤Б╨║╨▓╨░, ╨а╨╛╤Б╤Б╨╕╤П[0m
@qbs-autonaim/recruitment-assistant-extension:test:   [36m</span>[39m
@qbs-autonaim/recruitment-assistant-extension:test:   [0m
@qbs-autonaim/recruitment-assistant-extension:test:         [0m
@qbs-autonaim/recruitment-assistant-extension:test:   [36m<img[39m
@qbs-autonaim/recruitment-assistant-extension:test:     [33mclass[39m=[32m"pv-top-card-profile-picture__image"[39m
@qbs-autonaim/recruitment-assistant-extension:test:     [33msrc[39m=[32m"https://example.com/photo.jpg"[39m
@qbs-autonaim/recruitment-assistant-extension:test:   [36m/>[39m
@qbs-autonaim/recruitment-assistant-extension:test:   [0m
@qbs-autonaim/recruitment-assistant-extension:test:         
@qbs-autonaim/recruitment-assistant-extension:test:         [0m
@qbs-autonaim/recruitment-assistant-extension:test:   [36m<section[39m
@qbs-autonaim/recruitment-assistant-extension:test:     [33mid[39m=[32m"experience"[39m
@qbs-autonaim/recruitment-assistant-extension:test:   [36m>[39m
@qbs-autonaim/recruitment-assistant-extension:test:     [0m
@qbs-autonaim/recruitment-assistant-extension:test:           [0m
@qbs-autonaim/recruitment-assistant-extension:test:     [36m<ul>[39m
@qbs-autonaim/recruitment-assistant-extension:test:       [0m
@qbs-autonaim/recruitment-assistant-extension:test:             [0m
@qbs-autonaim/recruitment-assistant-extension:test:       [36m<li[39m
@qbs-autonaim/recruitment-assistant-extension:test:         [33mclass[39m=[32m"artdeco-list__item"[39m
@qbs-autonaim/recruitment-assistant-extension:test:       [36m>[39m
@qbs-autonaim/recruitment-assistant-extension:test:         [0m
@qbs-autonaim/recruitment-assistant-extension:test:               [0m
@qbs-autonaim/recruitment-assistant-extension:test:         [36m<div[39m
@qbs-autonaim/recruitment-assistant-extension:test:           [33mclass[39m=[32m"display-flex"[39m
@qbs-autonaim/recruitment-assistant-extension:test:         [36m>[39m
@qbs-autonaim/recruitment-assistant-extension:test:           [0m
@qbs-autonaim/recruitment-assistant-extension:test:                 [0m
@qbs-autonaim/recruitment-assistant-extension:test:           [36m<span[39m
@qbs-autonaim/recruitment-assistant-extension:test:             [33maria-hidden[39m=[32m"true"[39m
@qbs-autonaim/recruitment-assistant-extension:test:           [36m>[39m
@qbs-autonaim/recruitment-assistant-extension:test:             [0mSenior Developer[0m
@qbs-autonaim/recruitment-assistant-extension:test:           [36m</span>[39m
@qbs-autonaim/recruitment-assistant-extension:test:           [0m
@qbs-autonaim/recruitment-assistant-extension:test:               [0m
@qbs-autonaim/recruitment-assistant-extension:test:         [36m</div>[39m
@qbs-autonaim/recruitment-assistant-extension:test:         [0m
@qbs-autonaim/recruitment-assistant-extension:test:               [0m
@qbs-autonaim/recruitment-assistant-extension:test:         [36m<span[39m
@qbs-autonaim/recruitment-assistant-extension:test:           [33mclass[39m=[32m"t-14 t-normal"[39m
@qbs-autonaim/recruitment-assistant-extension:test:         [36m>[39m
@qbs-autonaim/recruitment-assistant-extension:test:           [0m
@qbs-autonaim/recruitment-assistant-extension:test:                 [0m
@qbs-autonaim/recruitment-assistant-extension:test:           [36m<span[39m
@qbs-autonaim/recruitment-assistant-extension:test:             [33maria-hidden[39m=[32m"true"[39m
@qbs-autonaim/recruitment-assistant-extension:test:           [36m>[39m
@qbs-autonaim/recruitment-assistant-extension:test:             [0mTech Company[0m
@qbs-autonaim/recruitment-assistant-extension:test:           [36m</span>[39m
@qbs-autonaim/recruitment-assistant-extension:test:           [0m
@qbs-autonaim/recruitment-assistant-extension:test:               [0m
@qbs-autonaim/recruitment-assistant-extension:test:         [36m</span>[39m
@qbs-autonaim/recruitment-assistant-extension:test:         [0m
@qbs-autonaim/recruitment-assistant-extension:test:               [0m
@qbs-autonaim/recruitment-assistant-extension:test:         [36m<span[39m
@qbs-autonaim/recruitment-assistant-extension:test:           [33mclass[39m=[32m"t-14 t-normal t-black--light"[39m
@qbs-autonaim/recruitment-assistant-extension:test:         [36m>[39m
@qbs-autonaim/recruitment-assistant-extension:test:           [0m
@qbs-autonaim/recruitment-assistant-extension:test:                 [0m
@qbs-autonaim/recruitment-assistant-extension:test:           [36m<span[39m
@qbs-autonaim/recruitment-assistant-extension:test:             [33maria-hidden[39m=[32m"true"[39m
@qbs-autonaim/recruitment-assistant-extension:test:           [36m>[39m
@qbs-autonaim/recruitment-assistant-extension:test:             [0m2020 тАУ ╨┐╨╛ ╨╜╨░╤Б╤В╨╛╤П╤Й╨╡╨╡ ╨▓╤А╨╡╨╝╤П[0m
@qbs-autonaim/recruitment-assistant-extension:test:           [36m</span>[39m
@qbs-autonaim/recruitment-assistant-extension:test:           [0m
@qbs-autonaim/recruitment-assistant-extension:test:               [0m
@qbs-autonaim/recruitment-assistant-extension:test:         [36m</span>[39m
@qbs-autonaim/recruitment-assistant-extension:test:         [0m
@qbs-autonaim/recruitment-assistant-extension:test:               [0m
@qbs-autonaim/recruitment-assistant-extension:test:         [36m<div[39m
@qbs-autonaim/recruitment-assistant-extension:test:           [33mclass[39m=[32m"display-flex full-width"[39m
@qbs-autonaim/recruitment-assistant-extension:test:         [36m>[39m
@qbs-autonaim/recruitment-assistant-extension:test:           [0m
@qbs-autonaim/recruitment-assistant-extension:test:                 [0m
@qbs-autonaim/recruitment-assistant-extension:test:           [36m<span[39m
@qbs-autonaim/recruitment-assistant-extension:test:             [33maria-hidden[39m=[32m"true"[39m
@qbs-autonaim/recruitment-assistant-extension:test:           [36m>[39m
@qbs-autonaim/recruitment-assistant-extension:test:             [0m╨а╨░╨╖╤А╨░╨▒╨╛╤В╨║╨░[0m
@qbs-autonaim/recruitment-assistant-extension:test:           [36m</span>[39m
@qbs-autonaim/recruitment-assistant-extension:test:           [0m
@qbs-autonaim/recruitment-assistant-extension:test:               [0m
@qbs-autonaim/recruitment-assistant-extension:test:         [36m</div>[39m
@qbs-autonaim/recruitment-assistant-extension:test:         [0m
@qbs-autonaim/recruitment-assistant-extension:test:             [0m
@qbs-autonaim/recruitment-assistant-extension:test:       [36m</li>[39m
@qbs-autonaim/recruitment-assistant-extension:test:       [0m
@qbs-autonaim/recruitment-assistant-extension:test:           [0m
@qbs-autonaim/recruitment-assistant-extension:test:     [36m</ul>[39m
@qbs-autonaim/recruitment-assistant-extension:test:     [0m
@qbs-autonaim/recruitment-assistant-extension:test:         [0m
@qbs-autonaim/recruitment-assistant-extension:test:   [36m</section>[39m
@qbs-autonaim/recruitment-assistant-extension:test:   [0m
@qbs-autonaim/recruitment-assistant-extension:test:         
@qbs-autonaim/recruitment-assistant-extension:test:         [0m
@qbs-autonaim/recruitment-assistant-extension:test:   [36m<section[39m
@qbs-autonaim/recruitment-assistant-extension:test:     [33mid[39m=[32m"education"[39m
@qbs-autonaim/recruitment-assistant-extension:test:   [36m>[39m
@qbs-autonaim/recruitment-assistant-extension:test:     [0m
@qbs-autonaim/recruitment-assistant-extension:test:           [0m
@qbs-autonaim/recruitment-assistant-extension:test:     [36m<ul>[39m
@qbs-autonaim/recruitment-assistant-extension:test:       [0m
@qbs-autonaim/recruitment-assistant-extension:test:             [0m
@qbs-autonaim/recruitment-assistant-extension:test:       [36m<li[39m
@qbs-autonaim/recruitment-assistant-extension:test:         [33mclass[39m=[32m"artdeco-list__item"[39m
@qbs-autonaim/recruitment-assistant-extension:test:       [36m>[39m
@qbs-autonaim/recruitment-assistant-extension:test:         [0m
@qbs-autonaim/recruitment-assistant-extension:test:               [0m
@qbs-autonaim/recruitment-assistant-extension:test:         [36m<div[39m
@qbs-autonaim/recruitment-assistant-extension:test:           [33mclass[39m=[32m"display-flex"[39m
@qbs-autonaim/recruitment-assistant-extension:test:         [36m>[39m
@qbs-autonaim/recruitment-assistant-extension:test:           [0m
@qbs-autonaim/recruitment-assistant-extension:test:                 [0m
@qbs-autonaim/recruitment-assistant-extension:test:           [36m<span[39m
@qbs-autonaim/recruitment-assistant-extension:test:             [33maria-hidden[39m=[32m"true"[39m
@qbs-autonaim/recruitment-assistant-extension:test:           [36m>[39m
@qbs-autonaim/recruitment-assistant-extension:test:             [0m╨Ь╨У╨г[0m
@qbs-autonaim/recruitment-assistant-extension:test:           [36m</span>[39m
@qbs-autonaim/recruitment-assistant-extension:test:           [0m
@qbs-autonaim/recruitment-assistant-extension:test:               [0m
@qbs-autonaim/recruitment-assistant-extension:test:         [36m</div>[39m
@qbs-autonaim/recruitment-assistant-extension:test:         [0m
@qbs-autonaim/recruitment-assistant-extension:test:               [0m
@qbs-autonaim/recruitment-assistant-extension:test:         [36m<span[39m
@qbs-autonaim/recruitment-assistant-extension:test:           [33mclass[39m=[32m"t-14 t-normal"[39m
@qbs-autonaim/recruitment-assistant-extension:test:         [36m>[39m
@qbs-autonaim/recruitment-assistant-extension:test:           [0m
@qbs-autonaim/recruitment-assistant-extension:test:                 [0m
@qbs-autonaim/recruitment-assistant-extension:test:           [36m<span[39m
@qbs-autonaim/recruitment-assistant-extension:test:             [33maria-hidden[39m=[32m"true"[39m
@qbs-autonaim/recruitment-assistant-extension:test:           [36m>[39m
@qbs-autonaim/recruitment-assistant-extension:test:             [0m╨С╨░╨║╨░╨╗╨░╨▓╤А[0m
@qbs-autonaim/recruitment-assistant-extension:test:           [36m</span>[39m
@qbs-autonaim/recruitment-assistant-extension:test:           [0m
@qbs-autonaim/recruitment-assistant-extension:test:               [0m
@qbs-autonaim/recruitment-assistant-extension:test:         [36m</span>[39m
@qbs-autonaim/recruitment-assistant-extension:test:         [0m
@qbs-autonaim/recruitment-assistant-extension:test:               [0m
@qbs-autonaim/recruitment-assistant-extension:test:         [36m<span[39m
@qbs-autonaim/recruitment-assistant-extension:test:           [33mclass[39m=[32m"t-14 t-normal t-black--light"[39m
@qbs-autonaim/recruitment-assistant-extension:test:         [36m>[39m
@qbs-autonaim/recruitment-assistant-extension:test:           [0m
@qbs-autonaim/recruitment-assistant-extension:test:                 [0m
@qbs-autonaim/recruitment-assistant-extension:test:           [36m<span[39m
@qbs-autonaim/recruitment-assistant-extension:test:             [33maria-hidden[39m=[32m"true"[39m
@qbs-autonaim/recruitment-assistant-extension:test:           [36m>[39m
@qbs-autonaim/recruitment-assistant-extension:test:             [0m╨Ш╨╜╤Д╨╛╤А╨╝╨░╤В╨╕╨║╨░[0m
@qbs-autonaim/recruitment-assistant-extension:test:           [36m</span>[39m
@qbs-autonaim/recruitment-assistant-extension:test:           [0m
@qbs-autonaim/recruitment-assistant-extension:test:               [0m
@qbs-autonaim/recruitment-assistant-extension:test:         [36m</span>[39m
@qbs-autonaim/recruitment-assistant-extension:test:         [0m
@qbs-autonaim/recruitment-assistant-extension:test:               [0m
@qbs-autonaim/recruitment-assistant-extension:test:         [36m<span[39m
@qbs-autonaim/recruitment-assistant-extension:test:           [33mclass[39m=[32m"t-14 t-normal t-black--light"[39m
@qbs-autonaim/recruitment-assistant-extension:test:         [36m>[39m
@qbs-autonaim/recruitment-assistant-extension:test:           [0m
@qbs-autonaim/recruitment-assistant-extension:test:                 [0m
@qbs-autonaim/recruitment-assistant-extension:test:           [36m<span[39m
@qbs-autonaim/recruitment-assistant-extension:test:             [33maria-hidden[39m=[32m"true"[39m
@qbs-autonaim/recruitment-assistant-extension:test:           [36m>[39m
@qbs-autonaim/recruitment-assistant-extension:test:             [0m2015 тАУ 2019[0m
@qbs-autonaim/recruitment-assistant-extension:test:           [36m</span>[39m
@qbs-autonaim/recruitment-assistant-extension:test:           [0m
@qbs-autonaim/recruitment-assistant-extension:test:               [0m
@qbs-autonaim/recruitment-assistant-extension:test:         [36m</span>[39m
@qbs-autonaim/recruitment-assistant-extension:test:         [0m
@qbs-autonaim/recruitment-assistant-extension:test:             [0m
@qbs-autonaim/recruitment-assistant-extension:test:       [36m</li>[39m
@qbs-autonaim/recruitment-assistant-extension:test:       [0m
@qbs-autonaim/recruitment-assistant-extension:test:           [0m
@qbs-autonaim/recruitment-assistant-extension:test:     [36m</ul>[39m
@qbs-autonaim/recruitment-assistant-extension:test:     [0m
@qbs-autonaim/recruitment-assistant-extension:test:         [0m
@qbs-autonaim/recruitment-assistant-extension:test:   [36m</section>[39m
@qbs-autonaim/recruitment-assistant-extension:test:   [0m
@qbs-autonaim/recruitment-assistant-extension:test:         
@qbs-autonaim/recruitment-assistant-extension:test:         [0m
@qbs-autonaim/recruitment-assistant-extension:test:   [36m<section[39m
@qbs-autonaim/recruitment-assistant-extension:test:     [33mid[39m=[32m"skills"[39m
@qbs-autonaim/recruitment-assistant-extension:test:   [36m>[39m
@qbs-autonaim/recruitment-assistant-extension:test:     [0m
@qbs-autonaim/recruitment-assistant-extension:test:           [0m
@qbs-autonaim/recruitment-assistant-extension:test:     [36m<span[39m
@qbs-autonaim/recruitment-assistant-extension:test:       [33maria-hidden[39m=[32m"true"[39m
@qbs-autonaim/recruitment-assistant-extension:test:     [36m>[39m
@qbs-autonaim/recruitment-assistant-extension:test:       [0mTypeScript[0m
@qbs-autonaim/recruitment-assistant-extension:test:     [36m</span>[39m
@qbs-autonaim/recruitment-assistant-extension:test:     [0m
@qbs-autonaim/recruitment-assistant-extension:test:           [0m
@qbs-autonaim/recruitment-assistant-extension:test:     [36m<span[39m
@qbs-autonaim/recruitment-assistant-extension:test:       [33maria-hidden[39m=[32m"true"[39m
@qbs-autonaim/recruitment-assistant-extension:test:     [36m>[39m
@qbs-autonaim/recruitment-assistant-extension:test:       [0mReact[0m
@qbs-autonaim/recruitment-assistant-extension:test:     [36m</span>[39m
@qbs-autonaim/recruitment-assistant-extension:test:     [0m
@qbs-autonaim/recruitment-assistant-extension:test:         [0m
@qbs-autonaim/recruitment-assistant-extension:test:   [36m</section>[39m
@qbs-autonaim/recruitment-assistant-extension:test:   [0m
@qbs-autonaim/recruitment-assistant-extension:test:         
@qbs-autonaim/recruitment-assistant-extension:test:         [0m
@qbs-autonaim/recruitment-assistant-extension:test:   [36m<section[39m
@qbs-autonaim/recruitment-assistant-extension:test:     [33mclass[39m=[32m"pv-contact-info"[39m
@qbs-autonaim/recruitment-assistant-extension:test:   [36m>[39m
@qbs-autonaim/recruitment-assistant-extension:test:     [0m
@qbs-autonaim/recruitment-assistant-extension:test:           [0m
@qbs-autonaim/recruitment-assistant-extension:test:     [36m<a[39m
@qbs-autonaim/recruitment-assistant-extension:test:       [33mhref[39m=[32m"mailto:ivan@example.com"[39m
@qbs-autonaim/recruitment-assistant-extension:test:     [36m>[39m
@qbs-autonaim/recruitment-assistant-extension:test:       [0mEmail[0m
@qbs-autonaim/recruitment-assistant-extension:test:     [36m</a>[39m
@qbs-autonaim/recruitment-assistant-extension:test:     [0m
@qbs-autonaim/recruitment-assistant-extension:test:           [0m
@qbs-autonaim/recruitment-assistant-extension:test:     [36m<span[39m
@qbs-autonaim/recruitment-assistant-extension:test:       [33mclass[39m=[32m"t-14 t-black t-normal"[39m
@qbs-autonaim/recruitment-assistant-extension:test:     [36m>[39m
@qbs-autonaim/recruitment-assistant-extension:test:       [0m+7 (999) 123-45-67[0m
@qbs-autonaim/recruitment-assistant-extension:test:     [36m</span>[39m
@qbs-autonaim/recruitment-assistant-extension:test:     [0m
@qbs-autonaim/recruitment-assistant-extension:test:         [0m
@qbs-autonaim/recruitment-assistant-extension:test:   [36m</section>[39m
@qbs-autonaim/recruitment-assistant-extension:test:   [0m
@qbs-autonaim/recruitment-assistant-extension:test:       [0m
@qbs-autonaim/recruitment-assistant-extension:test:   [36m<div>[39m
@qbs-autonaim/recruitment-assistant-extension:test:     [36m<section[39m
@qbs-autonaim/recruitment-assistant-extension:test:       [33maria-label[39m=[32m"╨Ф╨░╨╜╨╜╤Л╨╡ ╨║╨░╨╜╨┤╨╕╨┤╨░╤В╨░"[39m
@qbs-autonaim/recruitment-assistant-extension:test:       [33mclass[39m=[32m"ra-data-panel"[39m
@qbs-autonaim/recruitment-assistant-extension:test:     [36m>[39m
@qbs-autonaim/recruitment-assistant-extension:test:       [36m<div[39m
@qbs-autonaim/recruitment-assistant-extension:test:         [33mclass[39m=[32m"ra-data-panel__header"[39m
@qbs-autonaim/recruitment-assistant-extension:test:       [36m>[39m
@qbs-autonaim/recruitment-assistant-extension:test:         [36m<h2[39m
@qbs-autonaim/recruitment-assistant-extension:test:           [33mclass[39m=[32m"ra-data-panel__title"[39m
@qbs-autonaim/recruitment-assistant-extension:test:         [36m>[39m
@qbs-autonaim/recruitment-assistant-extension:test:           [0m╨Ф╨░╨╜╨╜╤Л╨╡ ╨║╨░╨╜╨┤╨╕╨┤╨░╤В╨░[0m
@qbs-autonaim/recruitment-assistant-extension:test:         [36m</h2>[39m
@qbs-autonaim/recruitment-assistant-extension:test:         [36m<div[39m
@qbs-autonaim/recruitment-assistant-extension:test:           [33mclass[39m=[32m"ra-data-panel__meta tabular-nums"[39m
@qbs-autonaim/recruitment-assistant-extension:test:         [36m>[39m
@qbs-autonaim/recruitment-assistant-extension:test:           [0mLinkedIn[0m
@qbs-autonaim/recruitment-assistant-extension:test:           [0m тАв [0m
@qbs-autonaim/recruitment-assistant-extension:test:           [0m01.01.2024, 12:00[0m
@qbs-autonaim/recruitment-assistant-extension:test:         [36m</div>[39m
@qbs-autonaim/recruitment-assistant-extension:test:       [36m</div>[39m
@qbs-autonaim/recruitment-assistant-extension:test:       [36m<div[39m
@qbs-autonaim/recruitment-assistant-extension:test:         [33mclass[39m=[32m"ra-data-panel__content"[39m
@qbs-autonaim/recruitment-assistant-extension:test:       [36m>[39m
@qbs-autonaim/recruitment-assistant-extension:test:         [36m<section[39m
@qbs-autonaim/recruitment-assistant-extension:test:           [33mclass[39m=[32m"ra-data-panel__section"[39m
@qbs-autonaim/recruitment-assistant-extension:test:         [36m>[39m
@qbs-autonaim/recruitment-assistant-extension:test:           [36m<h3[39m
@qbs-autonaim/recruitment-assistant-extension:test:             [33mclass[39m=[32m"ra-data-panel__section-title"[39m
@qbs-autonaim/recruitment-assistant-extension:test:           [36m>[39m
@qbs-autonaim/recruitment-assistant-extension:test:             [0m╨Ю╤Б╨╜╨╛╨▓╨╜╨░╤П ╨╕╨╜╤Д╨╛╤А╨╝╨░╤Ж╨╕╤П[0m
@qbs-autonaim/recruitment-assistant-extension:test:           [36m</h3>[39m
@qbs-autonaim/recruitment-assistant-extension:test:           [36m<div[39m
@qbs-autonaim/recruitment-assistant-extension:test:             [33mstyle[39m=[32m"margin-bottom: 16px; display: flex; flex-direction: column; gap: 4px;"[39m
@qbs-autonaim/recruitment-assistant-extension:test:           [36m>[39m
@qbs-autonaim/recruitment-assistant-extension:test:             [36m<label[39m
@qbs-autonaim/recruitment-assistant-extension:test:               [33mfor[39m=[32m"_r_1e_"[39m
@qbs-autonaim/recruitment-assistant-extension:test:               [33mstyle[39m=[32m"font-size: 14px; font-weight: 500; color: #374151;"[39m
@qbs-autonaim/recruitment-assistant-extension:test:             [36m>[39m
@qbs-autonaim/recruitment-assistant-extension:test:               [0m╨Я╨╛╨╗╨╜╨╛╨╡ ╨╕╨╝╤П[0m
@qbs-autonaim/recruitment-assistant-extension:test:             [36m</label>[39m
@qbs-autonaim/recruitment-assistant-extension:test:          ...
@qbs-autonaim/recruitment-assistant-extension:test:       at <anonymous> (C:\Projects\kwork\selectio\node_modules\@testing-library\dom\dist\query-helpers.js:59:30)
@qbs-autonaim/recruitment-assistant-extension:test:       at <anonymous> (C:\Projects\kwork\selectio\node_modules\@testing-library\dom\dist\query-helpers.js:95:19)
@qbs-autonaim/recruitment-assistant-extension:test:       at <anonymous> (C:\Projects\kwork\selectio\apps\recruitment-assistant-extension\src\content\ui\data-panel.test.tsx:87:19)
@qbs-autonaim/recruitment-assistant-extension:test: (fail) DataPanel > ╨┤╨╛╨╗╨╢╨╡╨╜ ╨╛╤В╨╛╨▒╤А╨░╨╢╨░╤В╤М ╨╛╤Б╨╜╨╛╨▓╨╜╤Г╤О ╨╕╨╜╤Д╨╛╤А╨╝╨░╤Ж╨╕╤О [62.00ms]
@qbs-autonaim/recruitment-assistant-extension:test: (pass) DataPanel > ╨┤╨╛╨╗╨╢╨╡╨╜ ╨╛╤В╨╛╨▒╤А╨░╨╢╨░╤В╤М ╤Д╨╛╤В╨╛╨│╤А╨░╤Д╨╕╤О ╨┐╤А╨╛╤Д╨╕╨╗╤П ╨╡╤Б╨╗╨╕ ╨╛╨╜╨░ ╨╡╤Б╤В╤М [31.00ms]
@qbs-autonaim/recruitment-assistant-extension:test: (pass) DataPanel > ╨┤╨╛╨╗╨╢╨╡╨╜ ╨╛╤В╨╛╨▒╤А╨░╨╢╨░╤В╤М ╨╛╨┐╤Л╤В ╤А╨░╨▒╨╛╤В╤Л [47.00ms]
@qbs-autonaim/recruitment-assistant-extension:test: 54 |       const elementStrings = els.map(element => getElementError(null, element).message).join('\n\n');
@qbs-autonaim/recruitment-assistant-extension:test: 55 |       throw getMultipleElementsFoundError(`${getMultipleError(container, ...args)}
@qbs-autonaim/recruitment-assistant-extension:test: 56 | 
@qbs-autonaim/recruitment-assistant-extension:test: 57 | Here are the matching elements:
@qbs-autonaim/recruitment-assistant-extension:test: 58 | 
@qbs-autonaim/recruitment-assistant-extension:test: 59 | ${elementStrings}`, container);
@qbs-autonaim/recruitment-assistant-extension:test:                                   ^
@qbs-autonaim/recruitment-assistant-extension:test: TestingLibraryElementError: Found multiple elements with the text: ╨Ь╨У╨г
@qbs-autonaim/recruitment-assistant-extension:test: 
@qbs-autonaim/recruitment-assistant-extension:test: Here are the matching elements:
@qbs-autonaim/recruitment-assistant-extension:test: 
@qbs-autonaim/recruitment-assistant-extension:test: Ignored nodes: comments, script, style
@qbs-autonaim/recruitment-assistant-extension:test: [36m<span[39m
@qbs-autonaim/recruitment-assistant-extension:test:   [33maria-hidden[39m=[32m"true"[39m
@qbs-autonaim/recruitment-assistant-extension:test: [36m>[39m
@qbs-autonaim/recruitment-assistant-extension:test:   [0m╨Ь╨У╨г[0m
@qbs-autonaim/recruitment-assistant-extension:test: [36m</span>[39m
@qbs-autonaim/recruitment-assistant-extension:test: 
@qbs-autonaim/recruitment-assistant-extension:test: Ignored nodes: comments, script, style
@qbs-autonaim/recruitment-assistant-extension:test: [36m<div[39m
@qbs-autonaim/recruitment-assistant-extension:test:   [33mstyle[39m=[32m"padding: 8px 12px; font-size: 14px; color: #1f2937; background-color: #f9fafb; border-radius: 6px; min-height: auto; white-space: nowrap; overflow: hidden; text-overflow: ellipsis; flex-grow: 1; flex-shrink: 1; flex-basis: 0%;"[39m
@qbs-autonaim/recruitment-assistant-extension:test: [36m>[39m
@qbs-autonaim/recruitment-assistant-extension:test:   [0m╨Ь╨У╨г[0m
@qbs-autonaim/recruitment-assistant-extension:test: [36m</div>[39m
@qbs-autonaim/recruitment-assistant-extension:test: 
@qbs-autonaim/recruitment-assistant-extension:test: (If this is intentional, then use the `*AllBy*` variant of the query (like `queryAllByText`, `getAllByText`, or `findAllByText`)).
@qbs-autonaim/recruitment-assistant-extension:test: 
@qbs-autonaim/recruitment-assistant-extension:test: Ignored nodes: comments, script, style
@qbs-autonaim/recruitment-assistant-extension:test: [36m<body>[39m
@qbs-autonaim/recruitment-assistant-extension:test:   [0m
@qbs-autonaim/recruitment-assistant-extension:test:         [0m
@qbs-autonaim/recruitment-assistant-extension:test:   [36m<h1[39m
@qbs-autonaim/recruitment-assistant-extension:test:     [33mclass[39m=[32m"text-heading-xlarge"[39m
@qbs-autonaim/recruitment-assistant-extension:test:   [36m>[39m
@qbs-autonaim/recruitment-assistant-extension:test:     [0m╨Ш╨▓╨░╨╜ ╨Ш╨▓╨░╨╜╨╛╨▓[0m
@qbs-autonaim/recruitment-assistant-extension:test:   [36m</h1>[39m
@qbs-autonaim/recruitment-assistant-extension:test:   [0m
@qbs-autonaim/recruitment-assistant-extension:test:         [0m
@qbs-autonaim/recruitment-assistant-extension:test:   [36m<div[39m
@qbs-autonaim/recruitment-assistant-extension:test:     [33mclass[39m=[32m"text-body-medium"[39m
@qbs-autonaim/recruitment-assistant-extension:test:   [36m>[39m
@qbs-autonaim/recruitment-assistant-extension:test:     [0mSenior Developer[0m
@qbs-autonaim/recruitment-assistant-extension:test:   [36m</div>[39m
@qbs-autonaim/recruitment-assistant-extension:test:   [0m
@qbs-autonaim/recruitment-assistant-extension:test:         [0m
@qbs-autonaim/recruitment-assistant-extension:test:   [36m<span[39m
@qbs-autonaim/recruitment-assistant-extension:test:     [33mclass[39m=[32m"text-body-small inline"[39m
@qbs-autonaim/recruitment-assistant-extension:test:   [36m>[39m
@qbs-autonaim/recruitment-assistant-extension:test:     [0m╨Ь╨╛╤Б╨║╨▓╨░, ╨а╨╛╤Б╤Б╨╕╤П[0m
@qbs-autonaim/recruitment-assistant-extension:test:   [36m</span>[39m
@qbs-autonaim/recruitment-assistant-extension:test:   [0m
@qbs-autonaim/recruitment-assistant-extension:test:         [0m
@qbs-autonaim/recruitment-assistant-extension:test:   [36m<img[39m
@qbs-autonaim/recruitment-assistant-extension:test:     [33mclass[39m=[32m"pv-top-card-profile-picture__image"[39m
@qbs-autonaim/recruitment-assistant-extension:test:     [33msrc[39m=[32m"https://example.com/photo.jpg"[39m
@qbs-autonaim/recruitment-assistant-extension:test:   [36m/>[39m
@qbs-autonaim/recruitment-assistant-extension:test:   [0m
@qbs-autonaim/recruitment-assistant-extension:test:         
@qbs-autonaim/recruitment-assistant-extension:test:         [0m
@qbs-autonaim/recruitment-assistant-extension:test:   [36m<section[39m
@qbs-autonaim/recruitment-assistant-extension:test:     [33mid[39m=[32m"experience"[39m
@qbs-autonaim/recruitment-assistant-extension:test:   [36m>[39m
@qbs-autonaim/recruitment-assistant-extension:test:     [0m
@qbs-autonaim/recruitment-assistant-extension:test:           [0m
@qbs-autonaim/recruitment-assistant-extension:test:     [36m<ul>[39m
@qbs-autonaim/recruitment-assistant-extension:test:       [0m
@qbs-autonaim/recruitment-assistant-extension:test:             [0m
@qbs-autonaim/recruitment-assistant-extension:test:       [36m<li[39m
@qbs-autonaim/recruitment-assistant-extension:test:         [33mclass[39m=[32m"artdeco-list__item"[39m
@qbs-autonaim/recruitment-assistant-extension:test:       [36m>[39m
@qbs-autonaim/recruitment-assistant-extension:test:         [0m
@qbs-autonaim/recruitment-assistant-extension:test:               [0m
@qbs-autonaim/recruitment-assistant-extension:test:         [36m<div[39m
@qbs-autonaim/recruitment-assistant-extension:test:           [33mclass[39m=[32m"display-flex"[39m
@qbs-autonaim/recruitment-assistant-extension:test:         [36m>[39m
@qbs-autonaim/recruitment-assistant-extension:test:           [0m
@qbs-autonaim/recruitment-assistant-extension:test:                 [0m
@qbs-autonaim/recruitment-assistant-extension:test:           [36m<span[39m
@qbs-autonaim/recruitment-assistant-extension:test:             [33maria-hidden[39m=[32m"true"[39m
@qbs-autonaim/recruitment-assistant-extension:test:           [36m>[39m
@qbs-autonaim/recruitment-assistant-extension:test:             [0mSenior Developer[0m
@qbs-autonaim/recruitment-assistant-extension:test:           [36m</span>[39m
@qbs-autonaim/recruitment-assistant-extension:test:           [0m
@qbs-autonaim/recruitment-assistant-extension:test:               [0m
@qbs-autonaim/recruitment-assistant-extension:test:         [36m</div>[39m
@qbs-autonaim/recruitment-assistant-extension:test:         [0m
@qbs-autonaim/recruitment-assistant-extension:test:               [0m
@qbs-autonaim/recruitment-assistant-extension:test:         [36m<span[39m
@qbs-autonaim/recruitment-assistant-extension:test:           [33mclass[39m=[32m"t-14 t-normal"[39m
@qbs-autonaim/recruitment-assistant-extension:test:         [36m>[39m
@qbs-autonaim/recruitment-assistant-extension:test:           [0m
@qbs-autonaim/recruitment-assistant-extension:test:                 [0m
@qbs-autonaim/recruitment-assistant-extension:test:           [36m<span[39m
@qbs-autonaim/recruitment-assistant-extension:test:             [33maria-hidden[39m=[32m"true"[39m
@qbs-autonaim/recruitment-assistant-extension:test:           [36m>[39m
@qbs-autonaim/recruitment-assistant-extension:test:             [0mTech Company[0m
@qbs-autonaim/recruitment-assistant-extension:test:           [36m</span>[39m
@qbs-autonaim/recruitment-assistant-extension:test:           [0m
@qbs-autonaim/recruitment-assistant-extension:test:               [0m
@qbs-autonaim/recruitment-assistant-extension:test:         [36m</span>[39m
@qbs-autonaim/recruitment-assistant-extension:test:         [0m
@qbs-autonaim/recruitment-assistant-extension:test:               [0m
@qbs-autonaim/recruitment-assistant-extension:test:         [36m<span[39m
@qbs-autonaim/recruitment-assistant-extension:test:           [33mclass[39m=[32m"t-14 t-normal t-black--light"[39m
@qbs-autonaim/recruitment-assistant-extension:test:         [36m>[39m
@qbs-autonaim/recruitment-assistant-extension:test:           [0m
@qbs-autonaim/recruitment-assistant-extension:test:                 [0m
@qbs-autonaim/recruitment-assistant-extension:test:           [36m<span[39m
@qbs-autonaim/recruitment-assistant-extension:test:             [33maria-hidden[39m=[32m"true"[39m
@qbs-autonaim/recruitment-assistant-extension:test:           [36m>[39m
@qbs-autonaim/recruitment-assistant-extension:test:             [0m2020 тАУ ╨┐╨╛ ╨╜╨░╤Б╤В╨╛╤П╤Й╨╡╨╡ ╨▓╤А╨╡╨╝╤П[0m
@qbs-autonaim/recruitment-assistant-extension:test:           [36m</span>[39m
@qbs-autonaim/recruitment-assistant-extension:test:           [0m
@qbs-autonaim/recruitment-assistant-extension:test:               [0m
@qbs-autonaim/recruitment-assistant-extension:test:         [36m</span>[39m
@qbs-autonaim/recruitment-assistant-extension:test:         [0m
@qbs-autonaim/recruitment-assistant-extension:test:               [0m
@qbs-autonaim/recruitment-assistant-extension:test:         [36m<div[39m
@qbs-autonaim/recruitment-assistant-extension:test:           [33mclass[39m=[32m"display-flex full-width"[39m
@qbs-autonaim/recruitment-assistant-extension:test:         [36m>[39m
@qbs-autonaim/recruitment-assistant-extension:test:           [0m
@qbs-autonaim/recruitment-assistant-extension:test:                 [0m
@qbs-autonaim/recruitment-assistant-extension:test:           [36m<span[39m
@qbs-autonaim/recruitment-assistant-extension:test:             [33maria-hidden[39m=[32m"true"[39m
@qbs-autonaim/recruitment-assistant-extension:test:           [36m>[39m
@qbs-autonaim/recruitment-assistant-extension:test:             [0m╨а╨░╨╖╤А╨░╨▒╨╛╤В╨║╨░[0m
@qbs-autonaim/recruitment-assistant-extension:test:           [36m</span>[39m
@qbs-autonaim/recruitment-assistant-extension:test:           [0m
@qbs-autonaim/recruitment-assistant-extension:test:               [0m
@qbs-autonaim/recruitment-assistant-extension:test:         [36m</div>[39m
@qbs-autonaim/recruitment-assistant-extension:test:         [0m
@qbs-autonaim/recruitment-assistant-extension:test:             [0m
@qbs-autonaim/recruitment-assistant-extension:test:       [36m</li>[39m
@qbs-autonaim/recruitment-assistant-extension:test:       [0m
@qbs-autonaim/recruitment-assistant-extension:test:           [0m
@qbs-autonaim/recruitment-assistant-extension:test:     [36m</ul>[39m
@qbs-autonaim/recruitment-assistant-extension:test:     [0m
@qbs-autonaim/recruitment-assistant-extension:test:         [0m
@qbs-autonaim/recruitment-assistant-extension:test:   [36m</section>[39m
@qbs-autonaim/recruitment-assistant-extension:test:   [0m
@qbs-autonaim/recruitment-assistant-extension:test:         
@qbs-autonaim/recruitment-assistant-extension:test:         [0m
@qbs-autonaim/recruitment-assistant-extension:test:   [36m<section[39m
@qbs-autonaim/recruitment-assistant-extension:test:     [33mid[39m=[32m"education"[39m
@qbs-autonaim/recruitment-assistant-extension:test:   [36m>[39m
@qbs-autonaim/recruitment-assistant-extension:test:     [0m
@qbs-autonaim/recruitment-assistant-extension:test:           [0m
@qbs-autonaim/recruitment-assistant-extension:test:     [36m<ul>[39m
@qbs-autonaim/recruitment-assistant-extension:test:       [0m
@qbs-autonaim/recruitment-assistant-extension:test:             [0m
@qbs-autonaim/recruitment-assistant-extension:test:       [36m<li[39m
@qbs-autonaim/recruitment-assistant-extension:test:         [33mclass[39m=[32m"artdeco-list__item"[39m
@qbs-autonaim/recruitment-assistant-extension:test:       [36m>[39m
@qbs-autonaim/recruitment-assistant-extension:test:         [0m
@qbs-autonaim/recruitment-assistant-extension:test:               [0m
@qbs-autonaim/recruitment-assistant-extension:test:         [36m<div[39m
@qbs-autonaim/recruitment-assistant-extension:test:           [33mclass[39m=[32m"display-flex"[39m
@qbs-autonaim/recruitment-assistant-extension:test:         [36m>[39m
@qbs-autonaim/recruitment-assistant-extension:test:           [0m
@qbs-autonaim/recruitment-assistant-extension:test:                 [0m
@qbs-autonaim/recruitment-assistant-extension:test:           [36m<span[39m
@qbs-autonaim/recruitment-assistant-extension:test:             [33maria-hidden[39m=[32m"true"[39m
@qbs-autonaim/recruitment-assistant-extension:test:           [36m>[39m
@qbs-autonaim/recruitment-assistant-extension:test:             [0m╨Ь╨У╨г[0m
@qbs-autonaim/recruitment-assistant-extension:test:           [36m</span>[39m
@qbs-autonaim/recruitment-assistant-extension:test:           [0m
@qbs-autonaim/recruitment-assistant-extension:test:               [0m
@qbs-autonaim/recruitment-assistant-extension:test:         [36m</div>[39m
@qbs-autonaim/recruitment-assistant-extension:test:         [0m
@qbs-autonaim/recruitment-assistant-extension:test:               [0m
@qbs-autonaim/recruitment-assistant-extension:test:         [36m<span[39m
@qbs-autonaim/recruitment-assistant-extension:test:           [33mclass[39m=[32m"t-14 t-normal"[39m
@qbs-autonaim/recruitment-assistant-extension:test:         [36m>[39m
@qbs-autonaim/recruitment-assistant-extension:test:           [0m
@qbs-autonaim/recruitment-assistant-extension:test:                 [0m
@qbs-autonaim/recruitment-assistant-extension:test:           [36m<span[39m
@qbs-autonaim/recruitment-assistant-extension:test:             [33maria-hidden[39m=[32m"true"[39m
@qbs-autonaim/recruitment-assistant-extension:test:           [36m>[39m
@qbs-autonaim/recruitment-assistant-extension:test:             [0m╨С╨░╨║╨░╨╗╨░╨▓╤А[0m
@qbs-autonaim/recruitment-assistant-extension:test:           [36m</span>[39m
@qbs-autonaim/recruitment-assistant-extension:test:           [0m
@qbs-autonaim/recruitment-assistant-extension:test:               [0m
@qbs-autonaim/recruitment-assistant-extension:test:         [36m</span>[39m
@qbs-autonaim/recruitment-assistant-extension:test:         [0m
@qbs-autonaim/recruitment-assistant-extension:test:               [0m
@qbs-autonaim/recruitment-assistant-extension:test:         [36m<span[39m
@qbs-autonaim/recruitment-assistant-extension:test:           [33mclass[39m=[32m"t-14 t-normal t-black--light"[39m
@qbs-autonaim/recruitment-assistant-extension:test:         [36m>[39m
@qbs-autonaim/recruitment-assistant-extension:test:           [0m
@qbs-autonaim/recruitment-assistant-extension:test:                 [0m
@qbs-autonaim/recruitment-assistant-extension:test:           [36m<span[39m
@qbs-autonaim/recruitment-assistant-extension:test:             [33maria-hidden[39m=[32m"true"[39m
@qbs-autonaim/recruitment-assistant-extension:test:           [36m>[39m
@qbs-autonaim/recruitment-assistant-extension:test:             [0m╨Ш╨╜╤Д╨╛╤А╨╝╨░╤В╨╕╨║╨░[0m
@qbs-autonaim/recruitment-assistant-extension:test:           [36m</span>[39m
@qbs-autonaim/recruitment-assistant-extension:test:           [0m
@qbs-autonaim/recruitment-assistant-extension:test:               [0m
@qbs-autonaim/recruitment-assistant-extension:test:         [36m</span>[39m
@qbs-autonaim/recruitment-assistant-extension:test:         [0m
@qbs-autonaim/recruitment-assistant-extension:test:               [0m
@qbs-autonaim/recruitment-assistant-extension:test:         [36m<span[39m
@qbs-autonaim/recruitment-assistant-extension:test:           [33mclass[39m=[32m"t-14 t-normal t-black--light"[39m
@qbs-autonaim/recruitment-assistant-extension:test:         [36m>[39m
@qbs-autonaim/recruitment-assistant-extension:test:           [0m
@qbs-autonaim/recruitment-assistant-extension:test:                 [0m
@qbs-autonaim/recruitment-assistant-extension:test:           [36m<span[39m
@qbs-autonaim/recruitment-assistant-extension:test:             [33maria-hidden[39m=[32m"true"[39m
@qbs-autonaim/recruitment-assistant-extension:test:           [36m>[39m
@qbs-autonaim/recruitment-assistant-extension:test:             [0m2015 тАУ 2019[0m
@qbs-autonaim/recruitment-assistant-extension:test:           [36m</span>[39m
@qbs-autonaim/recruitment-assistant-extension:test:           [0m
@qbs-autonaim/recruitment-assistant-extension:test:               [0m
@qbs-autonaim/recruitment-assistant-extension:test:         [36m</span>[39m
@qbs-autonaim/recruitment-assistant-extension:test:         [0m
@qbs-autonaim/recruitment-assistant-extension:test:             [0m
@qbs-autonaim/recruitment-assistant-extension:test:       [36m</li>[39m
@qbs-autonaim/recruitment-assistant-extension:test:       [0m
@qbs-autonaim/recruitment-assistant-extension:test:           [0m
@qbs-autonaim/recruitment-assistant-extension:test:     [36m</ul>[39m
@qbs-autonaim/recruitment-assistant-extension:test:     [0m
@qbs-autonaim/recruitment-assistant-extension:test:         [0m
@qbs-autonaim/recruitment-assistant-extension:test:   [36m</section>[39m
@qbs-autonaim/recruitment-assistant-extension:test:   [0m
@qbs-autonaim/recruitment-assistant-extension:test:         
@qbs-autonaim/recruitment-assistant-extension:test:         [0m
@qbs-autonaim/recruitment-assistant-extension:test:   [36m<section[39m
@qbs-autonaim/recruitment-assistant-extension:test:     [33mid[39m=[32m"skills"[39m
@qbs-autonaim/recruitment-assistant-extension:test:   [36m>[39m
@qbs-autonaim/recruitment-assistant-extension:test:     [0m
@qbs-autonaim/recruitment-assistant-extension:test:           [0m
@qbs-autonaim/recruitment-assistant-extension:test:     [36m<span[39m
@qbs-autonaim/recruitment-assistant-extension:test:       [33maria-hidden[39m=[32m"true"[39m
@qbs-autonaim/recruitment-assistant-extension:test:     [36m>[39m
@qbs-autonaim/recruitment-assistant-extension:test:       [0mTypeScript[0m
@qbs-autonaim/recruitment-assistant-extension:test:     [36m</span>[39m
@qbs-autonaim/recruitment-assistant-extension:test:     [0m
@qbs-autonaim/recruitment-assistant-extension:test:           [0m
@qbs-autonaim/recruitment-assistant-extension:test:     [36m<span[39m
@qbs-autonaim/recruitment-assistant-extension:test:       [33maria-hidden[39m=[32m"true"[39m
@qbs-autonaim/recruitment-assistant-extension:test:     [36m>[39m
@qbs-autonaim/recruitment-assistant-extension:test:       [0mReact[0m
@qbs-autonaim/recruitment-assistant-extension:test:     [36m</span>[39m
@qbs-autonaim/recruitment-assistant-extension:test:     [0m
@qbs-autonaim/recruitment-assistant-extension:test:         [0m
@qbs-autonaim/recruitment-assistant-extension:test:   [36m</section>[39m
@qbs-autonaim/recruitment-assistant-extension:test:   [0m
@qbs-autonaim/recruitment-assistant-extension:test:         
@qbs-autonaim/recruitment-assistant-extension:test:         [0m
@qbs-autonaim/recruitment-assistant-extension:test:   [36m<section[39m
@qbs-autonaim/recruitment-assistant-extension:test:     [33mclass[39m=[32m"pv-contact-info"[39m
@qbs-autonaim/recruitment-assistant-extension:test:   [36m>[39m
@qbs-autonaim/recruitment-assistant-extension:test:     [0m
@qbs-autonaim/recruitment-assistant-extension:test:           [0m
@qbs-autonaim/recruitment-assistant-extension:test:     [36m<a[39m
@qbs-autonaim/recruitment-assistant-extension:test:       [33mhref[39m=[32m"mailto:ivan@example.com"[39m
@qbs-autonaim/recruitment-assistant-extension:test:     [36m>[39m
@qbs-autonaim/recruitment-assistant-extension:test:       [0mEmail[0m
@qbs-autonaim/recruitment-assistant-extension:test:     [36m</a>[39m
@qbs-autonaim/recruitment-assistant-extension:test:     [0m
@qbs-autonaim/recruitment-assistant-extension:test:           [0m
@qbs-autonaim/recruitment-assistant-extension:test:     [36m<span[39m
@qbs-autonaim/recruitment-assistant-extension:test:       [33mclass[39m=[32m"t-14 t-black t-normal"[39m
@qbs-autonaim/recruitment-assistant-extension:test:     [36m>[39m
@qbs-autonaim/recruitment-assistant-extension:test:       [0m+7 (999) 123-45-67[0m
@qbs-autonaim/recruitment-assistant-extension:test:     [36m</span>[39m
@qbs-autonaim/recruitment-assistant-extension:test:     [0m
@qbs-autonaim/recruitment-assistant-extension:test:         [0m
@qbs-autonaim/recruitment-assistant-extension:test:   [36m</section>[39m
@qbs-autonaim/recruitment-assistant-extension:test:   [0m
@qbs-autonaim/recruitment-assistant-extension:test:       [0m
@qbs-autonaim/recruitment-assistant-extension:test:   [36m<div>[39m
@qbs-autonaim/recruitment-assistant-extension:test:     [36m<section[39m
@qbs-autonaim/recruitment-assistant-extension:test:       [33maria-label[39m=[32m"╨Ф╨░╨╜╨╜╤Л╨╡ ╨║╨░╨╜╨┤╨╕╨┤╨░╤В╨░"[39m
@qbs-autonaim/recruitment-assistant-extension:test:       [33mclass[39m=[32m"ra-data-panel"[39m
@qbs-autonaim/recruitment-assistant-extension:test:     [36m>[39m
@qbs-autonaim/recruitment-assistant-extension:test:       [36m<div[39m
@qbs-autonaim/recruitment-assistant-extension:test:         [33mclass[39m=[32m"ra-data-panel__header"[39m
@qbs-autonaim/recruitment-assistant-extension:test:       [36m>[39m
@qbs-autonaim/recruitment-assistant-extension:test:         [36m<h2[39m
@qbs-autonaim/recruitment-assistant-extension:test:           [33mclass[39m=[32m"ra-data-panel__title"[39m
@qbs-autonaim/recruitment-assistant-extension:test:         [36m>[39m
@qbs-autonaim/recruitment-assistant-extension:test:           [0m╨Ф╨░╨╜╨╜╤Л╨╡ ╨║╨░╨╜╨┤╨╕╨┤╨░╤В╨░[0m
@qbs-autonaim/recruitment-assistant-extension:test:         [36m</h2>[39m
@qbs-autonaim/recruitment-assistant-extension:test:         [36m<div[39m
@qbs-autonaim/recruitment-assistant-extension:test:           [33mclass[39m=[32m"ra-data-panel__meta tabular-nums"[39m
@qbs-autonaim/recruitment-assistant-extension:test:         [36m>[39m
@qbs-autonaim/recruitment-assistant-extension:test:           [0mLinkedIn[0m
@qbs-autonaim/recruitment-assistant-extension:test:           [0m тАв [0m
@qbs-autonaim/recruitment-assistant-extension:test:           [0m01.01.2024, 12:00[0m
@qbs-autonaim/recruitment-assistant-extension:test:         [36m</div>[39m
@qbs-autonaim/recruitment-assistant-extension:test:       [36m</div>[39m
@qbs-autonaim/recruitment-assistant-extension:test:       [36m<div[39m
@qbs-autonaim/recruitment-assistant-extension:test:         [33mclass[39m=[32m"ra-data-panel__content"[39m
@qbs-autonaim/recruitment-assistant-extension:test:       [36m>[39m
@qbs-autonaim/recruitment-assistant-extension:test:         [36m<section[39m
@qbs-autonaim/recruitment-assistant-extension:test:           [33mclass[39m=[32m"ra-data-panel__section"[39m
@qbs-autonaim/recruitment-assistant-extension:test:         [36m>[39m
@qbs-autonaim/recruitment-assistant-extension:test:           [36m<h3[39m
@qbs-autonaim/recruitment-assistant-extension:test:             [33mclass[39m=[32m"ra-data-panel__section-title"[39m
@qbs-autonaim/recruitment-assistant-extension:test:           [36m>[39m
@qbs-autonaim/recruitment-assistant-extension:test:             [0m╨Ю╤Б╨╜╨╛╨▓╨╜╨░╤П ╨╕╨╜╤Д╨╛╤А╨╝╨░╤Ж╨╕╤П[0m
@qbs-autonaim/recruitment-assistant-extension:test:           [36m</h3>[39m
@qbs-autonaim/recruitment-assistant-extension:test:           [36m<div[39m
@qbs-autonaim/recruitment-assistant-extension:test:             [33mstyle[39m=[32m"margin-bottom: 16px; display: flex; flex-direction: column; gap: 4px;"[39m
@qbs-autonaim/recruitment-assistant-extension:test:           [36m>[39m
@qbs-autonaim/recruitment-assistant-extension:test:             [36m<label[39m
@qbs-autonaim/recruitment-assistant-extension:test:               [33mfor[39m=[32m"_r_2c_"[39m
@qbs-autonaim/recruitment-assistant-extension:test:               [33mstyle[39m=[32m"font-size: 14px; font-weight: 500; color: #374151;"[39m
@qbs-autonaim/recruitment-assistant-extension:test:             [36m>[39m
@qbs-autonaim/recruitment-assistant-extension:test:               [0m╨Я╨╛╨╗╨╜╨╛╨╡ ╨╕╨╝╤П[0m
@qbs-autonaim/recruitment-assistant-extension:test:             [36m</label>[39m
@qbs-autonaim/recruitment-assistant-extension:test:          ...
@qbs-autonaim/recruitment-assistant-extension:test:       at <anonymous> (C:\Projects\kwork\selectio\node_modules\@testing-library\dom\dist\query-helpers.js:59:30)
@qbs-autonaim/recruitment-assistant-extension:test:       at <anonymous> (C:\Projects\kwork\selectio\node_modules\@testing-library\dom\dist\query-helpers.js:95:19)
@qbs-autonaim/recruitment-assistant-extension:test:       at <anonymous> (C:\Projects\kwork\selectio\apps\recruitment-assistant-extension\src\content\ui\data-panel.test.tsx:136:19)
@qbs-autonaim/recruitment-assistant-extension:test: (fail) DataPanel > ╨┤╨╛╨╗╨╢╨╡╨╜ ╨╛╤В╨╛╨▒╤А╨░╨╢╨░╤В╤М ╨╛╨▒╤А╨░╨╖╨╛╨▓╨░╨╜╨╕╨╡ [32.00ms]
@qbs-autonaim/recruitment-assistant-extension:test: 54 |       const elementStrings = els.map(element => getElementError(null, element).message).join('\n\n');
@qbs-autonaim/recruitment-assistant-extension:test: 55 |       throw getMultipleElementsFoundError(`${getMultipleError(container, ...args)}
@qbs-autonaim/recruitment-assistant-extension:test: 56 | 
@qbs-autonaim/recruitment-assistant-extension:test: 57 | Here are the matching elements:
@qbs-autonaim/recruitment-assistant-extension:test: 58 | 
@qbs-autonaim/recruitment-assistant-extension:test: 59 | ${elementStrings}`, container);
@qbs-autonaim/recruitment-assistant-extension:test:                                   ^
@qbs-autonaim/recruitment-assistant-extension:test: TestingLibraryElementError: Found multiple elements with the text: React
@qbs-autonaim/recruitment-assistant-extension:test: 
@qbs-autonaim/recruitment-assistant-extension:test: Here are the matching elements:
@qbs-autonaim/recruitment-assistant-extension:test: 
@qbs-autonaim/recruitment-assistant-extension:test: Ignored nodes: comments, script, style
@qbs-autonaim/recruitment-assistant-extension:test: [36m<span[39m
@qbs-autonaim/recruitment-assistant-extension:test:   [33maria-hidden[39m=[32m"true"[39m
@qbs-autonaim/recruitment-assistant-extension:test: [36m>[39m
@qbs-autonaim/recruitment-assistant-extension:test:   [0mReact[0m
@qbs-autonaim/recruitment-assistant-extension:test: [36m</span>[39m
@qbs-autonaim/recruitment-assistant-extension:test: 
@qbs-autonaim/recruitment-assistant-extension:test: Ignored nodes: comments, script, style
@qbs-autonaim/recruitment-assistant-extension:test: [36m<span>[39m
@qbs-autonaim/recruitment-assistant-extension:test:   [0mReact[0m
@qbs-autonaim/recruitment-assistant-extension:test: [36m</span>[39m
@qbs-autonaim/recruitment-assistant-extension:test: 
@qbs-autonaim/recruitment-assistant-extension:test: (If this is intentional, then use the `*AllBy*` variant of the query (like `queryAllByText`, `getAllByText`, or `findAllByText`)).
@qbs-autonaim/recruitment-assistant-extension:test: 
@qbs-autonaim/recruitment-assistant-extension:test: Ignored nodes: comments, script, style
@qbs-autonaim/recruitment-assistant-extension:test: [36m<body>[39m
@qbs-autonaim/recruitment-assistant-extension:test:   [0m
@qbs-autonaim/recruitment-assistant-extension:test:         [0m
@qbs-autonaim/recruitment-assistant-extension:test:   [36m<h1[39m
@qbs-autonaim/recruitment-assistant-extension:test:     [33mclass[39m=[32m"text-heading-xlarge"[39m
@qbs-autonaim/recruitment-assistant-extension:test:   [36m>[39m
@qbs-autonaim/recruitment-assistant-extension:test:     [0m╨Ш╨▓╨░╨╜ ╨Ш╨▓╨░╨╜╨╛╨▓[0m
@qbs-autonaim/recruitment-assistant-extension:test:   [36m</h1>[39m
@qbs-autonaim/recruitment-assistant-extension:test:   [0m
@qbs-autonaim/recruitment-assistant-extension:test:         [0m
@qbs-autonaim/recruitment-assistant-extension:test:   [36m<div[39m
@qbs-autonaim/recruitment-assistant-extension:test:     [33mclass[39m=[32m"text-body-medium"[39m
@qbs-autonaim/recruitment-assistant-extension:test:   [36m>[39m
@qbs-autonaim/recruitment-assistant-extension:test:     [0mSenior Developer[0m
@qbs-autonaim/recruitment-assistant-extension:test:   [36m</div>[39m
@qbs-autonaim/recruitment-assistant-extension:test:   [0m
@qbs-autonaim/recruitment-assistant-extension:test:         [0m
@qbs-autonaim/recruitment-assistant-extension:test:   [36m<span[39m
@qbs-autonaim/recruitment-assistant-extension:test:     [33mclass[39m=[32m"text-body-small inline"[39m
@qbs-autonaim/recruitment-assistant-extension:test:   [36m>[39m
@qbs-autonaim/recruitment-assistant-extension:test:     [0m╨Ь╨╛╤Б╨║╨▓╨░, ╨а╨╛╤Б╤Б╨╕╤П[0m
@qbs-autonaim/recruitment-assistant-extension:test:   [36m</span>[39m
@qbs-autonaim/recruitment-assistant-extension:test:   [0m
@qbs-autonaim/recruitment-assistant-extension:test:         [0m
@qbs-autonaim/recruitment-assistant-extension:test:   [36m<img[39m
@qbs-autonaim/recruitment-assistant-extension:test:     [33mclass[39m=[32m"pv-top-card-profile-picture__image"[39m
@qbs-autonaim/recruitment-assistant-extension:test:     [33msrc[39m=[32m"https://example.com/photo.jpg"[39m
@qbs-autonaim/recruitment-assistant-extension:test:   [36m/>[39m
@qbs-autonaim/recruitment-assistant-extension:test:   [0m
@qbs-autonaim/recruitment-assistant-extension:test:         
@qbs-autonaim/recruitment-assistant-extension:test:         [0m
@qbs-autonaim/recruitment-assistant-extension:test:   [36m<section[39m
@qbs-autonaim/recruitment-assistant-extension:test:     [33mid[39m=[32m"experience"[39m
@qbs-autonaim/recruitment-assistant-extension:test:   [36m>[39m
@qbs-autonaim/recruitment-assistant-extension:test:     [0m
@qbs-autonaim/recruitment-assistant-extension:test:           [0m
@qbs-autonaim/recruitment-assistant-extension:test:     [36m<ul>[39m
@qbs-autonaim/recruitment-assistant-extension:test:       [0m
@qbs-autonaim/recruitment-assistant-extension:test:             [0m
@qbs-autonaim/recruitment-assistant-extension:test:       [36m<li[39m
@qbs-autonaim/recruitment-assistant-extension:test:         [33mclass[39m=[32m"artdeco-list__item"[39m
@qbs-autonaim/recruitment-assistant-extension:test:       [36m>[39m
@qbs-autonaim/recruitment-assistant-extension:test:         [0m
@qbs-autonaim/recruitment-assistant-extension:test:               [0m
@qbs-autonaim/recruitment-assistant-extension:test:         [36m<div[39m
@qbs-autonaim/recruitment-assistant-extension:test:           [33mclass[39m=[32m"display-flex"[39m
@qbs-autonaim/recruitment-assistant-extension:test:         [36m>[39m
@qbs-autonaim/recruitment-assistant-extension:test:           [0m
@qbs-autonaim/recruitment-assistant-extension:test:                 [0m
@qbs-autonaim/recruitment-assistant-extension:test:           [36m<span[39m
@qbs-autonaim/recruitment-assistant-extension:test:             [33maria-hidden[39m=[32m"true"[39m
@qbs-autonaim/recruitment-assistant-extension:test:           [36m>[39m
@qbs-autonaim/recruitment-assistant-extension:test:             [0mSenior Developer[0m
@qbs-autonaim/recruitment-assistant-extension:test:           [36m</span>[39m
@qbs-autonaim/recruitment-assistant-extension:test:           [0m
@qbs-autonaim/recruitment-assistant-extension:test:               [0m
@qbs-autonaim/recruitment-assistant-extension:test:         [36m</div>[39m
@qbs-autonaim/recruitment-assistant-extension:test:         [0m
@qbs-autonaim/recruitment-assistant-extension:test:               [0m
@qbs-autonaim/recruitment-assistant-extension:test:         [36m<span[39m
@qbs-autonaim/recruitment-assistant-extension:test:           [33mclass[39m=[32m"t-14 t-normal"[39m
@qbs-autonaim/recruitment-assistant-extension:test:         [36m>[39m
@qbs-autonaim/recruitment-assistant-extension:test:           [0m
@qbs-autonaim/recruitment-assistant-extension:test:                 [0m
@qbs-autonaim/recruitment-assistant-extension:test:           [36m<span[39m
@qbs-autonaim/recruitment-assistant-extension:test:             [33maria-hidden[39m=[32m"true"[39m
@qbs-autonaim/recruitment-assistant-extension:test:           [36m>[39m
@qbs-autonaim/recruitment-assistant-extension:test:             [0mTech Company[0m
@qbs-autonaim/recruitment-assistant-extension:test:           [36m</span>[39m
@qbs-autonaim/recruitment-assistant-extension:test:           [0m
@qbs-autonaim/recruitment-assistant-extension:test:               [0m
@qbs-autonaim/recruitment-assistant-extension:test:         [36m</span>[39m
@qbs-autonaim/recruitment-assistant-extension:test:         [0m
@qbs-autonaim/recruitment-assistant-extension:test:               [0m
@qbs-autonaim/recruitment-assistant-extension:test:         [36m<span[39m
@qbs-autonaim/recruitment-assistant-extension:test:           [33mclass[39m=[32m"t-14 t-normal t-black--light"[39m
@qbs-autonaim/recruitment-assistant-extension:test:         [36m>[39m
@qbs-autonaim/recruitment-assistant-extension:test:           [0m
@qbs-autonaim/recruitment-assistant-extension:test:                 [0m
@qbs-autonaim/recruitment-assistant-extension:test:           [36m<span[39m
@qbs-autonaim/recruitment-assistant-extension:test:             [33maria-hidden[39m=[32m"true"[39m
@qbs-autonaim/recruitment-assistant-extension:test:           [36m>[39m
@qbs-autonaim/recruitment-assistant-extension:test:             [0m2020 тАУ ╨┐╨╛ ╨╜╨░╤Б╤В╨╛╤П╤Й╨╡╨╡ ╨▓╤А╨╡╨╝╤П[0m
@qbs-autonaim/recruitment-assistant-extension:test:           [36m</span>[39m
@qbs-autonaim/recruitment-assistant-extension:test:           [0m
@qbs-autonaim/recruitment-assistant-extension:test:               [0m
@qbs-autonaim/recruitment-assistant-extension:test:         [36m</span>[39m
@qbs-autonaim/recruitment-assistant-extension:test:         [0m
@qbs-autonaim/recruitment-assistant-extension:test:               [0m
@qbs-autonaim/recruitment-assistant-extension:test:         [36m<div[39m
@qbs-autonaim/recruitment-assistant-extension:test:           [33mclass[39m=[32m"display-flex full-width"[39m
@qbs-autonaim/recruitment-assistant-extension:test:         [36m>[39m
@qbs-autonaim/recruitment-assistant-extension:test:           [0m
@qbs-autonaim/recruitment-assistant-extension:test:                 [0m
@qbs-autonaim/recruitment-assistant-extension:test:           [36m<span[39m
@qbs-autonaim/recruitment-assistant-extension:test:             [33maria-hidden[39m=[32m"true"[39m
@qbs-autonaim/recruitment-assistant-extension:test:           [36m>[39m
@qbs-autonaim/recruitment-assistant-extension:test:             [0m╨а╨░╨╖╤А╨░╨▒╨╛╤В╨║╨░[0m
@qbs-autonaim/recruitment-assistant-extension:test:           [36m</span>[39m
@qbs-autonaim/recruitment-assistant-extension:test:           [0m
@qbs-autonaim/recruitment-assistant-extension:test:               [0m
@qbs-autonaim/recruitment-assistant-extension:test:         [36m</div>[39m
@qbs-autonaim/recruitment-assistant-extension:test:         [0m
@qbs-autonaim/recruitment-assistant-extension:test:             [0m
@qbs-autonaim/recruitment-assistant-extension:test:       [36m</li>[39m
@qbs-autonaim/recruitment-assistant-extension:test:       [0m
@qbs-autonaim/recruitment-assistant-extension:test:           [0m
@qbs-autonaim/recruitment-assistant-extension:test:     [36m</ul>[39m
@qbs-autonaim/recruitment-assistant-extension:test:     [0m
@qbs-autonaim/recruitment-assistant-extension:test:         [0m
@qbs-autonaim/recruitment-assistant-extension:test:   [36m</section>[39m
@qbs-autonaim/recruitment-assistant-extension:test:   [0m
@qbs-autonaim/recruitment-assistant-extension:test:         
@qbs-autonaim/recruitment-assistant-extension:test:         [0m
@qbs-autonaim/recruitment-assistant-extension:test:   [36m<section[39m
@qbs-autonaim/recruitment-assistant-extension:test:     [33mid[39m=[32m"education"[39m
@qbs-autonaim/recruitment-assistant-extension:test:   [36m>[39m
@qbs-autonaim/recruitment-assistant-extension:test:     [0m
@qbs-autonaim/recruitment-assistant-extension:test:           [0m
@qbs-autonaim/recruitment-assistant-extension:test:     [36m<ul>[39m
@qbs-autonaim/recruitment-assistant-extension:test:       [0m
@qbs-autonaim/recruitment-assistant-extension:test:             [0m
@qbs-autonaim/recruitment-assistant-extension:test:       [36m<li[39m
@qbs-autonaim/recruitment-assistant-extension:test:         [33mclass[39m=[32m"artdeco-list__item"[39m
@qbs-autonaim/recruitment-assistant-extension:test:       [36m>[39m
@qbs-autonaim/recruitment-assistant-extension:test:         [0m
@qbs-autonaim/recruitment-assistant-extension:test:               [0m
@qbs-autonaim/recruitment-assistant-extension:test:         [36m<div[39m
@qbs-autonaim/recruitment-assistant-extension:test:           [33mclass[39m=[32m"display-flex"[39m
@qbs-autonaim/recruitment-assistant-extension:test:         [36m>[39m
@qbs-autonaim/recruitment-assistant-extension:test:           [0m
@qbs-autonaim/recruitment-assistant-extension:test:                 [0m
@qbs-autonaim/recruitment-assistant-extension:test:           [36m<span[39m
@qbs-autonaim/recruitment-assistant-extension:test:             [33maria-hidden[39m=[32m"true"[39m
@qbs-autonaim/recruitment-assistant-extension:test:           [36m>[39m
@qbs-autonaim/recruitment-assistant-extension:test:             [0m╨Ь╨У╨г[0m
@qbs-autonaim/recruitment-assistant-extension:test:           [36m</span>[39m
@qbs-autonaim/recruitment-assistant-extension:test:           [0m
@qbs-autonaim/recruitment-assistant-extension:test:               [0m
@qbs-autonaim/recruitment-assistant-extension:test:         [36m</div>[39m
@qbs-autonaim/recruitment-assistant-extension:test:         [0m
@qbs-autonaim/recruitment-assistant-extension:test:               [0m
@qbs-autonaim/recruitment-assistant-extension:test:         [36m<span[39m
@qbs-autonaim/recruitment-assistant-extension:test:           [33mclass[39m=[32m"t-14 t-normal"[39m
@qbs-autonaim/recruitment-assistant-extension:test:         [36m>[39m
@qbs-autonaim/recruitment-assistant-extension:test:           [0m
@qbs-autonaim/recruitment-assistant-extension:test:                 [0m
@qbs-autonaim/recruitment-assistant-extension:test:           [36m<span[39m
@qbs-autonaim/recruitment-assistant-extension:test:             [33maria-hidden[39m=[32m"true"[39m
@qbs-autonaim/recruitment-assistant-extension:test:           [36m>[39m
@qbs-autonaim/recruitment-assistant-extension:test:             [0m╨С╨░╨║╨░╨╗╨░╨▓╤А[0m
@qbs-autonaim/recruitment-assistant-extension:test:           [36m</span>[39m
@qbs-autonaim/recruitment-assistant-extension:test:           [0m
@qbs-autonaim/recruitment-assistant-extension:test:               [0m
@qbs-autonaim/recruitment-assistant-extension:test:         [36m</span>[39m
@qbs-autonaim/recruitment-assistant-extension:test:         [0m
@qbs-autonaim/recruitment-assistant-extension:test:               [0m
@qbs-autonaim/recruitment-assistant-extension:test:         [36m<span[39m
@qbs-autonaim/recruitment-assistant-extension:test:           [33mclass[39m=[32m"t-14 t-normal t-black--light"[39m
@qbs-autonaim/recruitment-assistant-extension:test:         [36m>[39m
@qbs-autonaim/recruitment-assistant-extension:test:           [0m
@qbs-autonaim/recruitment-assistant-extension:test:                 [0m
@qbs-autonaim/recruitment-assistant-extension:test:           [36m<span[39m
@qbs-autonaim/recruitment-assistant-extension:test:             [33maria-hidden[39m=[32m"true"[39m
@qbs-autonaim/recruitment-assistant-extension:test:           [36m>[39m
@qbs-autonaim/recruitment-assistant-extension:test:             [0m╨Ш╨╜╤Д╨╛╤А╨╝╨░╤В╨╕╨║╨░[0m
@qbs-autonaim/recruitment-assistant-extension:test:           [36m</span>[39m
@qbs-autonaim/recruitment-assistant-extension:test:           [0m
@qbs-autonaim/recruitment-assistant-extension:test:               [0m
@qbs-autonaim/recruitment-assistant-extension:test:         [36m</span>[39m
@qbs-autonaim/recruitment-assistant-extension:test:         [0m
@qbs-autonaim/recruitment-assistant-extension:test:               [0m
@qbs-autonaim/recruitment-assistant-extension:test:         [36m<span[39m
@qbs-autonaim/recruitment-assistant-extension:test:           [33mclass[39m=[32m"t-14 t-normal t-black--light"[39m
@qbs-autonaim/recruitment-assistant-extension:test:         [36m>[39m
@qbs-autonaim/recruitment-assistant-extension:test:           [0m
@qbs-autonaim/recruitment-assistant-extension:test:                 [0m
@qbs-autonaim/recruitment-assistant-extension:test:           [36m<span[39m
@qbs-autonaim/recruitment-assistant-extension:test:             [33maria-hidden[39m=[32m"true"[39m
@qbs-autonaim/recruitment-assistant-extension:test:           [36m>[39m
@qbs-autonaim/recruitment-assistant-extension:test:             [0m2015 тАУ 2019[0m
@qbs-autonaim/recruitment-assistant-extension:test:           [36m</span>[39m
@qbs-autonaim/recruitment-assistant-extension:test:           [0m
@qbs-autonaim/recruitment-assistant-extension:test:               [0m
@qbs-autonaim/recruitment-assistant-extension:test:         [36m</span>[39m
@qbs-autonaim/recruitment-assistant-extension:test:         [0m
@qbs-autonaim/recruitment-assistant-extension:test:             [0m
@qbs-autonaim/recruitment-assistant-extension:test:       [36m</li>[39m
@qbs-autonaim/recruitment-assistant-extension:test:       [0m
@qbs-autonaim/recruitment-assistant-extension:test:           [0m
@qbs-autonaim/recruitment-assistant-extension:test:     [36m</ul>[39m
@qbs-autonaim/recruitment-assistant-extension:test:     [0m
@qbs-autonaim/recruitment-assistant-extension:test:         [0m
@qbs-autonaim/recruitment-assistant-extension:test:   [36m</section>[39m
@qbs-autonaim/recruitment-assistant-extension:test:   [0m
@qbs-autonaim/recruitment-assistant-extension:test:         
@qbs-autonaim/recruitment-assistant-extension:test:         [0m
@qbs-autonaim/recruitment-assistant-extension:test:   [36m<section[39m
@qbs-autonaim/recruitment-assistant-extension:test:     [33mid[39m=[32m"skills"[39m
@qbs-autonaim/recruitment-assistant-extension:test:   [36m>[39m
@qbs-autonaim/recruitment-assistant-extension:test:     [0m
@qbs-autonaim/recruitment-assistant-extension:test:           [0m
@qbs-autonaim/recruitment-assistant-extension:test:     [36m<span[39m
@qbs-autonaim/recruitment-assistant-extension:test:       [33maria-hidden[39m=[32m"true"[39m
@qbs-autonaim/recruitment-assistant-extension:test:     [36m>[39m
@qbs-autonaim/recruitment-assistant-extension:test:       [0mTypeScript[0m
@qbs-autonaim/recruitment-assistant-extension:test:     [36m</span>[39m
@qbs-autonaim/recruitment-assistant-extension:test:     [0m
@qbs-autonaim/recruitment-assistant-extension:test:           [0m
@qbs-autonaim/recruitment-assistant-extension:test:     [36m<span[39m
@qbs-autonaim/recruitment-assistant-extension:test:       [33maria-hidden[39m=[32m"true"[39m
@qbs-autonaim/recruitment-assistant-extension:test:     [36m>[39m
@qbs-autonaim/recruitment-assistant-extension:test:       [0mReact[0m
@qbs-autonaim/recruitment-assistant-extension:test:     [36m</span>[39m
@qbs-autonaim/recruitment-assistant-extension:test:     [0m
@qbs-autonaim/recruitment-assistant-extension:test:         [0m
@qbs-autonaim/recruitment-assistant-extension:test:   [36m</section>[39m
@qbs-autonaim/recruitment-assistant-extension:test:   [0m
@qbs-autonaim/recruitment-assistant-extension:test:         
@qbs-autonaim/recruitment-assistant-extension:test:         [0m
@qbs-autonaim/recruitment-assistant-extension:test:   [36m<section[39m
@qbs-autonaim/recruitment-assistant-extension:test:     [33mclass[39m=[32m"pv-contact-info"[39m
@qbs-autonaim/recruitment-assistant-extension:test:   [36m>[39m
@qbs-autonaim/recruitment-assistant-extension:test:     [0m
@qbs-autonaim/recruitment-assistant-extension:test:           [0m
@qbs-autonaim/recruitment-assistant-extension:test:     [36m<a[39m
@qbs-autonaim/recruitment-assistant-extension:test:       [33mhref[39m=[32m"mailto:ivan@example.com"[39m
@qbs-autonaim/recruitment-assistant-extension:test:     [36m>[39m
@qbs-autonaim/recruitment-assistant-extension:test:       [0mEmail[0m
@qbs-autonaim/recruitment-assistant-extension:test:     [36m</a>[39m
@qbs-autonaim/recruitment-assistant-extension:test:     [0m
@qbs-autonaim/recruitment-assistant-extension:test:           [0m
@qbs-autonaim/recruitment-assistant-extension:test:     [36m<span[39m
@qbs-autonaim/recruitment-assistant-extension:test:       [33mclass[39m=[32m"t-14 t-black t-normal"[39m
@qbs-autonaim/recruitment-assistant-extension:test:     [36m>[39m
@qbs-autonaim/recruitment-assistant-extension:test:       [0m+7 (999) 123-45-67[0m
@qbs-autonaim/recruitment-assistant-extension:test:     [36m</span>[39m
@qbs-autonaim/recruitment-assistant-extension:test:     [0m
@qbs-autonaim/recruitment-assistant-extension:test:         [0m
@qbs-autonaim/recruitment-assistant-extension:test:   [36m</section>[39m
@qbs-autonaim/recruitment-assistant-extension:test:   [0m
@qbs-autonaim/recruitment-assistant-extension:test:       [0m
@qbs-autonaim/recruitment-assistant-extension:test:   [36m<div>[39m
@qbs-autonaim/recruitment-assistant-extension:test:     [36m<section[39m
@qbs-autonaim/recruitment-assistant-extension:test:       [33maria-label[39m=[32m"╨Ф╨░╨╜╨╜╤Л╨╡ ╨║╨░╨╜╨┤╨╕╨┤╨░╤В╨░"[39m
@qbs-autonaim/recruitment-assistant-extension:test:       [33mclass[39m=[32m"ra-data-panel"[39m
@qbs-autonaim/recruitment-assistant-extension:test:     [36m>[39m
@qbs-autonaim/recruitment-assistant-extension:test:       [36m<div[39m
@qbs-autonaim/recruitment-assistant-extension:test:         [33mclass[39m=[32m"ra-data-panel__header"[39m
@qbs-autonaim/recruitment-assistant-extension:test:       [36m>[39m
@qbs-autonaim/recruitment-assistant-extension:test:         [36m<h2[39m
@qbs-autonaim/recruitment-assistant-extension:test:           [33mclass[39m=[32m"ra-data-panel__title"[39m
@qbs-autonaim/recruitment-assistant-extension:test:         [36m>[39m
@qbs-autonaim/recruitment-assistant-extension:test:           [0m╨Ф╨░╨╜╨╜╤Л╨╡ ╨║╨░╨╜╨┤╨╕╨┤╨░╤В╨░[0m
@qbs-autonaim/recruitment-assistant-extension:test:         [36m</h2>[39m
@qbs-autonaim/recruitment-assistant-extension:test:         [36m<div[39m
@qbs-autonaim/recruitment-assistant-extension:test:           [33mclass[39m=[32m"ra-data-panel__meta tabular-nums"[39m
@qbs-autonaim/recruitment-assistant-extension:test:         [36m>[39m
@qbs-autonaim/recruitment-assistant-extension:test:           [0mLinkedIn[0m
@qbs-autonaim/recruitment-assistant-extension:test:           [0m тАв [0m
@qbs-autonaim/recruitment-assistant-extension:test:           [0m01.01.2024, 12:00[0m
@qbs-autonaim/recruitment-assistant-extension:test:         [36m</div>[39m
@qbs-autonaim/recruitment-assistant-extension:test:       [36m</div>[39m
@qbs-autonaim/recruitment-assistant-extension:test:       [36m<div[39m
@qbs-autonaim/recruitment-assistant-extension:test:         [33mclass[39m=[32m"ra-data-panel__content"[39m
@qbs-autonaim/recruitment-assistant-extension:test:       [36m>[39m
@qbs-autonaim/recruitment-assistant-extension:test:         [36m<section[39m
@qbs-autonaim/recruitment-assistant-extension:test:           [33mclass[39m=[32m"ra-data-panel__section"[39m
@qbs-autonaim/recruitment-assistant-extension:test:         [36m>[39m
@qbs-autonaim/recruitment-assistant-extension:test:           [36m<h3[39m
@qbs-autonaim/recruitment-assistant-extension:test:             [33mclass[39m=[32m"ra-data-panel__section-title"[39m
@qbs-autonaim/recruitment-assistant-extension:test:           [36m>[39m
@qbs-autonaim/recruitment-assistant-extension:test:             [0m╨Ю╤Б╨╜╨╛╨▓╨╜╨░╤П ╨╕╨╜╤Д╨╛╤А╨╝╨░╤Ж╨╕╤П[0m
@qbs-autonaim/recruitment-assistant-extension:test:           [36m</h3>[39m
@qbs-autonaim/recruitment-assistant-extension:test:           [36m<div[39m
@qbs-autonaim/recruitment-assistant-extension:test:             [33mstyle[39m=[32m"margin-bottom: 16px; display: flex; flex-direction: column; gap: 4px;"[39m
@qbs-autonaim/recruitment-assistant-extension:test:           [36m>[39m
@qbs-autonaim/recruitment-assistant-extension:test:             [36m<label[39m
@qbs-autonaim/recruitment-assistant-extension:test:               [33mfor[39m=[32m"_r_2m_"[39m
@qbs-autonaim/recruitment-assistant-extension:test:               [33mstyle[39m=[32m"font-size: 14px; font-weight: 500; color: #374151;"[39m
@qbs-autonaim/recruitment-assistant-extension:test:             [36m>[39m
@qbs-autonaim/recruitment-assistant-extension:test:               [0m╨Я╨╛╨╗╨╜╨╛╨╡ ╨╕╨╝╤П[0m
@qbs-autonaim/recruitment-assistant-extension:test:             [36m</label>[39m
@qbs-autonaim/recruitment-assistant-extension:test:          ...
@qbs-autonaim/recruitment-assistant-extension:test:       at <anonymous> (C:\Projects\kwork\selectio\node_modules\@testing-library\dom\dist\query-helpers.js:59:30)
@qbs-autonaim/recruitment-assistant-extension:test:       at <anonymous> (C:\Projects\kwork\selectio\node_modules\@testing-library\dom\dist\query-helpers.js:95:19)
@qbs-autonaim/recruitment-assistant-extension:test:       at <anonymous> (C:\Projects\kwork\selectio\apps\recruitment-assistant-extension\src\content\ui\data-panel.test.tsx:152:19)
@qbs-autonaim/recruitment-assistant-extension:test: (fail) DataPanel > ╨┤╨╛╨╗╨╢╨╡╨╜ ╨╛╤В╨╛╨▒╤А╨░╨╢╨░╤В╤М ╨╜╨░╨▓╤Л╨║╨╕ [46.00ms]
@qbs-autonaim/recruitment-assistant-extension:test: (pass) DataPanel > ╨┤╨╛╨╗╨╢╨╡╨╜ ╨╛╤В╨╛╨▒╤А╨░╨╢╨░╤В╤М ╨║╨╛╨╜╤В╨░╨║╤В╨╜╤Г╤О ╨╕╨╜╤Д╨╛╤А╨╝╨░╤Ж╨╕╤О [32.00ms]
@qbs-autonaim/recruitment-assistant-extension:test: 106 |         throw (0, _config.getConfig)().getElementError(tagNames.map(tagName => `Found a label with the text of: ${text}, however the element associated with this label (<${tagName} />) is non-labellable [https://html.spec.whatwg.org/multipage/forms.html#category-label]. If you really need to label a <${tagName} />, you can use aria-label or aria-labelledby instead.`).join('\n\n'), container);
@qbs-autonaim/recruitment-assistant-extension:test: 107 |       } else {
@qbs-autonaim/recruitment-assistant-extension:test: 108 |         throw (0, _config.getConfig)().getElementError(`Found a label with the text of: ${text}, however no form control was found associated to that label. Make sure you're using the "for" attribute or "aria-labelledby" attribute correctly.`, container);
@qbs-autonaim/recruitment-assistant-extension:test: 109 |       }
@qbs-autonaim/recruitment-assistant-extension:test: 110 |     } else {
@qbs-autonaim/recruitment-assistant-extension:test: 111 |       throw (0, _config.getConfig)().getElementError(`Unable to find a label with the text of: ${text}`, container);
@qbs-autonaim/recruitment-assistant-extension:test:                                                                                                                         ^
@qbs-autonaim/recruitment-assistant-extension:test: TestingLibraryElementError: Unable to find a label with the text of: ╨н╨║╤Б╨┐╨╛╤А╤В╨╕╤А╨╛╨▓╨░╤В╤М ╨┤╨░╨╜╨╜╤Л╨╡ ╨▓ ╤Д╨╛╤А╨╝╨░╤В╨╡ JSON
@qbs-autonaim/recruitment-assistant-extension:test: 
@qbs-autonaim/recruitment-assistant-extension:test: Ignored nodes: comments, script, style
@qbs-autonaim/recruitment-assistant-extension:test: [36m<body>[39m
@qbs-autonaim/recruitment-assistant-extension:test:   [0m
@qbs-autonaim/recruitment-assistant-extension:test:         [0m
@qbs-autonaim/recruitment-assistant-extension:test:   [36m<h1[39m
@qbs-autonaim/recruitment-assistant-extension:test:     [33mclass[39m=[32m"text-heading-xlarge"[39m
@qbs-autonaim/recruitment-assistant-extension:test:   [36m>[39m
@qbs-autonaim/recruitment-assistant-extension:test:     [0m╨Ш╨▓╨░╨╜ ╨Ш╨▓╨░╨╜╨╛╨▓[0m
@qbs-autonaim/recruitment-assistant-extension:test:   [36m</h1>[39m
@qbs-autonaim/recruitment-assistant-extension:test:   [0m
@qbs-autonaim/recruitment-assistant-extension:test:         [0m
@qbs-autonaim/recruitment-assistant-extension:test:   [36m<div[39m
@qbs-autonaim/recruitment-assistant-extension:test:     [33mclass[39m=[32m"text-body-medium"[39m
@qbs-autonaim/recruitment-assistant-extension:test:   [36m>[39m
@qbs-autonaim/recruitment-assistant-extension:test:     [0mSenior Developer[0m
@qbs-autonaim/recruitment-assistant-extension:test:   [36m</div>[39m
@qbs-autonaim/recruitment-assistant-extension:test:   [0m
@qbs-autonaim/recruitment-assistant-extension:test:         [0m
@qbs-autonaim/recruitment-assistant-extension:test:   [36m<span[39m
@qbs-autonaim/recruitment-assistant-extension:test:     [33mclass[39m=[32m"text-body-small inline"[39m
@qbs-autonaim/recruitment-assistant-extension:test:   [36m>[39m
@qbs-autonaim/recruitment-assistant-extension:test:     [0m╨Ь╨╛╤Б╨║╨▓╨░, ╨а╨╛╤Б╤Б╨╕╤П[0m
@qbs-autonaim/recruitment-assistant-extension:test:   [36m</span>[39m
@qbs-autonaim/recruitment-assistant-extension:test:   [0m
@qbs-autonaim/recruitment-assistant-extension:test:         [0m
@qbs-autonaim/recruitment-assistant-extension:test:   [36m<img[39m
@qbs-autonaim/recruitment-assistant-extension:test:     [33mclass[39m=[32m"pv-top-card-profile-picture__image"[39m
@qbs-autonaim/recruitment-assistant-extension:test:     [33msrc[39m=[32m"https://example.com/photo.jpg"[39m
@qbs-autonaim/recruitment-assistant-extension:test:   [36m/>[39m
@qbs-autonaim/recruitment-assistant-extension:test:   [0m
@qbs-autonaim/recruitment-assistant-extension:test:         
@qbs-autonaim/recruitment-assistant-extension:test:         [0m
@qbs-autonaim/recruitment-assistant-extension:test:   [36m<section[39m
@qbs-autonaim/recruitment-assistant-extension:test:     [33mid[39m=[32m"experience"[39m
@qbs-autonaim/recruitment-assistant-extension:test:   [36m>[39m
@qbs-autonaim/recruitment-assistant-extension:test:     [0m
@qbs-autonaim/recruitment-assistant-extension:test:           [0m
@qbs-autonaim/recruitment-assistant-extension:test:     [36m<ul>[39m
@qbs-autonaim/recruitment-assistant-extension:test:       [0m
@qbs-autonaim/recruitment-assistant-extension:test:             [0m
@qbs-autonaim/recruitment-assistant-extension:test:       [36m<li[39m
@qbs-autonaim/recruitment-assistant-extension:test:         [33mclass[39m=[32m"artdeco-list__item"[39m
@qbs-autonaim/recruitment-assistant-extension:test:       [36m>[39m
@qbs-autonaim/recruitment-assistant-extension:test:         [0m
@qbs-autonaim/recruitment-assistant-extension:test:               [0m
@qbs-autonaim/recruitment-assistant-extension:test:         [36m<div[39m
@qbs-autonaim/recruitment-assistant-extension:test:           [33mclass[39m=[32m"display-flex"[39m
@qbs-autonaim/recruitment-assistant-extension:test:         [36m>[39m
@qbs-autonaim/recruitment-assistant-extension:test:           [0m
@qbs-autonaim/recruitment-assistant-extension:test:                 [0m
@qbs-autonaim/recruitment-assistant-extension:test:           [36m<span[39m
@qbs-autonaim/recruitment-assistant-extension:test:             [33maria-hidden[39m=[32m"true"[39m
@qbs-autonaim/recruitment-assistant-extension:test:           [36m>[39m
@qbs-autonaim/recruitment-assistant-extension:test:             [0mSenior Developer[0m
@qbs-autonaim/recruitment-assistant-extension:test:           [36m</span>[39m
@qbs-autonaim/recruitment-assistant-extension:test:           [0m
@qbs-autonaim/recruitment-assistant-extension:test:               [0m
@qbs-autonaim/recruitment-assistant-extension:test:         [36m</div>[39m
@qbs-autonaim/recruitment-assistant-extension:test:         [0m
@qbs-autonaim/recruitment-assistant-extension:test:               [0m
@qbs-autonaim/recruitment-assistant-extension:test:         [36m<span[39m
@qbs-autonaim/recruitment-assistant-extension:test:           [33mclass[39m=[32m"t-14 t-normal"[39m
@qbs-autonaim/recruitment-assistant-extension:test:         [36m>[39m
@qbs-autonaim/recruitment-assistant-extension:test:           [0m
@qbs-autonaim/recruitment-assistant-extension:test:                 [0m
@qbs-autonaim/recruitment-assistant-extension:test:           [36m<span[39m
@qbs-autonaim/recruitment-assistant-extension:test:             [33maria-hidden[39m=[32m"true"[39m
@qbs-autonaim/recruitment-assistant-extension:test:           [36m>[39m
@qbs-autonaim/recruitment-assistant-extension:test:             [0mTech Company[0m
@qbs-autonaim/recruitment-assistant-extension:test:           [36m</span>[39m
@qbs-autonaim/recruitment-assistant-extension:test:           [0m
@qbs-autonaim/recruitment-assistant-extension:test:               [0m
@qbs-autonaim/recruitment-assistant-extension:test:         [36m</span>[39m
@qbs-autonaim/recruitment-assistant-extension:test:         [0m
@qbs-autonaim/recruitment-assistant-extension:test:               [0m
@qbs-autonaim/recruitment-assistant-extension:test:         [36m<span[39m
@qbs-autonaim/recruitment-assistant-extension:test:           [33mclass[39m=[32m"t-14 t-normal t-black--light"[39m
@qbs-autonaim/recruitment-assistant-extension:test:         [36m>[39m
@qbs-autonaim/recruitment-assistant-extension:test:           [0m
@qbs-autonaim/recruitment-assistant-extension:test:                 [0m
@qbs-autonaim/recruitment-assistant-extension:test:           [36m<span[39m
@qbs-autonaim/recruitment-assistant-extension:test:             [33maria-hidden[39m=[32m"true"[39m
@qbs-autonaim/recruitment-assistant-extension:test:           [36m>[39m
@qbs-autonaim/recruitment-assistant-extension:test:             [0m2020 тАУ ╨┐╨╛ ╨╜╨░╤Б╤В╨╛╤П╤Й╨╡╨╡ ╨▓╤А╨╡╨╝╤П[0m
@qbs-autonaim/recruitment-assistant-extension:test:           [36m</span>[39m
@qbs-autonaim/recruitment-assistant-extension:test:           [0m
@qbs-autonaim/recruitment-assistant-extension:test:               [0m
@qbs-autonaim/recruitment-assistant-extension:test:         [36m</span>[39m
@qbs-autonaim/recruitment-assistant-extension:test:         [0m
@qbs-autonaim/recruitment-assistant-extension:test:               [0m
@qbs-autonaim/recruitment-assistant-extension:test:         [36m<div[39m
@qbs-autonaim/recruitment-assistant-extension:test:           [33mclass[39m=[32m"display-flex full-width"[39m
@qbs-autonaim/recruitment-assistant-extension:test:         [36m>[39m
@qbs-autonaim/recruitment-assistant-extension:test:           [0m
@qbs-autonaim/recruitment-assistant-extension:test:                 [0m
@qbs-autonaim/recruitment-assistant-extension:test:           [36m<span[39m
@qbs-autonaim/recruitment-assistant-extension:test:             [33maria-hidden[39m=[32m"true"[39m
@qbs-autonaim/recruitment-assistant-extension:test:           [36m>[39m
@qbs-autonaim/recruitment-assistant-extension:test:             [0m╨а╨░╨╖╤А╨░╨▒╨╛╤В╨║╨░[0m
@qbs-autonaim/recruitment-assistant-extension:test:           [36m</span>[39m
@qbs-autonaim/recruitment-assistant-extension:test:           [0m
@qbs-autonaim/recruitment-assistant-extension:test:               [0m
@qbs-autonaim/recruitment-assistant-extension:test:         [36m</div>[39m
@qbs-autonaim/recruitment-assistant-extension:test:         [0m
@qbs-autonaim/recruitment-assistant-extension:test:             [0m
@qbs-autonaim/recruitment-assistant-extension:test:       [36m</li>[39m
@qbs-autonaim/recruitment-assistant-extension:test:       [0m
@qbs-autonaim/recruitment-assistant-extension:test:           [0m
@qbs-autonaim/recruitment-assistant-extension:test:     [36m</ul>[39m
@qbs-autonaim/recruitment-assistant-extension:test:     [0m
@qbs-autonaim/recruitment-assistant-extension:test:         [0m
@qbs-autonaim/recruitment-assistant-extension:test:   [36m</section>[39m
@qbs-autonaim/recruitment-assistant-extension:test:   [0m
@qbs-autonaim/recruitment-assistant-extension:test:         
@qbs-autonaim/recruitment-assistant-extension:test:         [0m
@qbs-autonaim/recruitment-assistant-extension:test:   [36m<section[39m
@qbs-autonaim/recruitment-assistant-extension:test:     [33mid[39m=[32m"education"[39m
@qbs-autonaim/recruitment-assistant-extension:test:   [36m>[39m
@qbs-autonaim/recruitment-assistant-extension:test:     [0m
@qbs-autonaim/recruitment-assistant-extension:test:           [0m
@qbs-autonaim/recruitment-assistant-extension:test:     [36m<ul>[39m
@qbs-autonaim/recruitment-assistant-extension:test:       [0m
@qbs-autonaim/recruitment-assistant-extension:test:             [0m
@qbs-autonaim/recruitment-assistant-extension:test:       [36m<li[39m
@qbs-autonaim/recruitment-assistant-extension:test:         [33mclass[39m=[32m"artdeco-list__item"[39m
@qbs-autonaim/recruitment-assistant-extension:test:       [36m>[39m
@qbs-autonaim/recruitment-assistant-extension:test:         [0m
@qbs-autonaim/recruitment-assistant-extension:test:               [0m
@qbs-autonaim/recruitment-assistant-extension:test:         [36m<div[39m
@qbs-autonaim/recruitment-assistant-extension:test:           [33mclass[39m=[32m"display-flex"[39m
@qbs-autonaim/recruitment-assistant-extension:test:         [36m>[39m
@qbs-autonaim/recruitment-assistant-extension:test:           [0m
@qbs-autonaim/recruitment-assistant-extension:test:                 [0m
@qbs-autonaim/recruitment-assistant-extension:test:           [36m<span[39m
@qbs-autonaim/recruitment-assistant-extension:test:             [33maria-hidden[39m=[32m"true"[39m
@qbs-autonaim/recruitment-assistant-extension:test:           [36m>[39m
@qbs-autonaim/recruitment-assistant-extension:test:             [0m╨Ь╨У╨г[0m
@qbs-autonaim/recruitment-assistant-extension:test:           [36m</span>[39m
@qbs-autonaim/recruitment-assistant-extension:test:           [0m
@qbs-autonaim/recruitment-assistant-extension:test:               [0m
@qbs-autonaim/recruitment-assistant-extension:test:         [36m</div>[39m
@qbs-autonaim/recruitment-assistant-extension:test:         [0m
@qbs-autonaim/recruitment-assistant-extension:test:               [0m
@qbs-autonaim/recruitment-assistant-extension:test:         [36m<span[39m
@qbs-autonaim/recruitment-assistant-extension:test:           [33mclass[39m=[32m"t-14 t-normal"[39m
@qbs-autonaim/recruitment-assistant-extension:test:         [36m>[39m
@qbs-autonaim/recruitment-assistant-extension:test:           [0m
@qbs-autonaim/recruitment-assistant-extension:test:                 [0m
@qbs-autonaim/recruitment-assistant-extension:test:           [36m<span[39m
@qbs-autonaim/recruitment-assistant-extension:test:             [33maria-hidden[39m=[32m"true"[39m
@qbs-autonaim/recruitment-assistant-extension:test:           [36m>[39m
@qbs-autonaim/recruitment-assistant-extension:test:             [0m╨С╨░╨║╨░╨╗╨░╨▓╤А[0m
@qbs-autonaim/recruitment-assistant-extension:test:           [36m</span>[39m
@qbs-autonaim/recruitment-assistant-extension:test:           [0m
@qbs-autonaim/recruitment-assistant-extension:test:               [0m
@qbs-autonaim/recruitment-assistant-extension:test:         [36m</span>[39m
@qbs-autonaim/recruitment-assistant-extension:test:         [0m
@qbs-autonaim/recruitment-assistant-extension:test:               [0m
@qbs-autonaim/recruitment-assistant-extension:test:         [36m<span[39m
@qbs-autonaim/recruitment-assistant-extension:test:           [33mclass[39m=[32m"t-14 t-normal t-black--light"[39m
@qbs-autonaim/recruitment-assistant-extension:test:         [36m>[39m
@qbs-autonaim/recruitment-assistant-extension:test:           [0m
@qbs-autonaim/recruitment-assistant-extension:test:                 [0m
@qbs-autonaim/recruitment-assistant-extension:test:           [36m<span[39m
@qbs-autonaim/recruitment-assistant-extension:test:             [33maria-hidden[39m=[32m"true"[39m
@qbs-autonaim/recruitment-assistant-extension:test:           [36m>[39m
@qbs-autonaim/recruitment-assistant-extension:test:             [0m╨Ш╨╜╤Д╨╛╤А╨╝╨░╤В╨╕╨║╨░[0m
@qbs-autonaim/recruitment-assistant-extension:test:           [36m</span>[39m
@qbs-autonaim/recruitment-assistant-extension:test:           [0m
@qbs-autonaim/recruitment-assistant-extension:test:               [0m
@qbs-autonaim/recruitment-assistant-extension:test:         [36m</span>[39m
@qbs-autonaim/recruitment-assistant-extension:test:         [0m
@qbs-autonaim/recruitment-assistant-extension:test:               [0m
@qbs-autonaim/recruitment-assistant-extension:test:         [36m<span[39m
@qbs-autonaim/recruitment-assistant-extension:test:           [33mclass[39m=[32m"t-14 t-normal t-black--light"[39m
@qbs-autonaim/recruitment-assistant-extension:test:         [36m>[39m
@qbs-autonaim/recruitment-assistant-extension:test:           [0m
@qbs-autonaim/recruitment-assistant-extension:test:                 [0m
@qbs-autonaim/recruitment-assistant-extension:test:           [36m<span[39m
@qbs-autonaim/recruitment-assistant-extension:test:             [33maria-hidden[39m=[32m"true"[39m
@qbs-autonaim/recruitment-assistant-extension:test:           [36m>[39m
@qbs-autonaim/recruitment-assistant-extension:test:             [0m2015 тАУ 2019[0m
@qbs-autonaim/recruitment-assistant-extension:test:           [36m</span>[39m
@qbs-autonaim/recruitment-assistant-extension:test:           [0m
@qbs-autonaim/recruitment-assistant-extension:test:               [0m
@qbs-autonaim/recruitment-assistant-extension:test:         [36m</span>[39m
@qbs-autonaim/recruitment-assistant-extension:test:         [0m
@qbs-autonaim/recruitment-assistant-extension:test:             [0m
@qbs-autonaim/recruitment-assistant-extension:test:       [36m</li>[39m
@qbs-autonaim/recruitment-assistant-extension:test:       [0m
@qbs-autonaim/recruitment-assistant-extension:test:           [0m
@qbs-autonaim/recruitment-assistant-extension:test:     [36m</ul>[39m
@qbs-autonaim/recruitment-assistant-extension:test:     [0m
@qbs-autonaim/recruitment-assistant-extension:test:         [0m
@qbs-autonaim/recruitment-assistant-extension:test:   [36m</section>[39m
@qbs-autonaim/recruitment-assistant-extension:test:   [0m
@qbs-autonaim/recruitment-assistant-extension:test:         
@qbs-autonaim/recruitment-assistant-extension:test:         [0m
@qbs-autonaim/recruitment-assistant-extension:test:   [36m<section[39m
@qbs-autonaim/recruitment-assistant-extension:test:     [33mid[39m=[32m"skills"[39m
@qbs-autonaim/recruitment-assistant-extension:test:   [36m>[39m
@qbs-autonaim/recruitment-assistant-extension:test:     [0m
@qbs-autonaim/recruitment-assistant-extension:test:           [0m
@qbs-autonaim/recruitment-assistant-extension:test:     [36m<span[39m
@qbs-autonaim/recruitment-assistant-extension:test:       [33maria-hidden[39m=[32m"true"[39m
@qbs-autonaim/recruitment-assistant-extension:test:     [36m>[39m
@qbs-autonaim/recruitment-assistant-extension:test:       [0mTypeScript[0m
@qbs-autonaim/recruitment-assistant-extension:test:     [36m</span>[39m
@qbs-autonaim/recruitment-assistant-extension:test:     [0m
@qbs-autonaim/recruitment-assistant-extension:test:           [0m
@qbs-autonaim/recruitment-assistant-extension:test:     [36m<span[39m
@qbs-autonaim/recruitment-assistant-extension:test:       [33maria-hidden[39m=[32m"true"[39m
@qbs-autonaim/recruitment-assistant-extension:test:     [36m>[39m
@qbs-autonaim/recruitment-assistant-extension:test:       [0mReact[0m
@qbs-autonaim/recruitment-assistant-extension:test:     [36m</span>[39m
@qbs-autonaim/recruitment-assistant-extension:test:     [0m
@qbs-autonaim/recruitment-assistant-extension:test:         [0m
@qbs-autonaim/recruitment-assistant-extension:test:   [36m</section>[39m
@qbs-autonaim/recruitment-assistant-extension:test:   [0m
@qbs-autonaim/recruitment-assistant-extension:test:         
@qbs-autonaim/recruitment-assistant-extension:test:         [0m
@qbs-autonaim/recruitment-assistant-extension:test:   [36m<section[39m
@qbs-autonaim/recruitment-assistant-extension:test:     [33mclass[39m=[32m"pv-contact-info"[39m
@qbs-autonaim/recruitment-assistant-extension:test:   [36m>[39m
@qbs-autonaim/recruitment-assistant-extension:test:     [0m
@qbs-autonaim/recruitment-assistant-extension:test:           [0m
@qbs-autonaim/recruitment-assistant-extension:test:     [36m<a[39m
@qbs-autonaim/recruitment-assistant-extension:test:       [33mhref[39m=[32m"mailto:ivan@example.com"[39m
@qbs-autonaim/recruitment-assistant-extension:test:     [36m>[39m
@qbs-autonaim/recruitment-assistant-extension:test:       [0mEmail[0m
@qbs-autonaim/recruitment-assistant-extension:test:     [36m</a>[39m
@qbs-autonaim/recruitment-assistant-extension:test:     [0m
@qbs-autonaim/recruitment-assistant-extension:test:           [0m
@qbs-autonaim/recruitment-assistant-extension:test:     [36m<span[39m
@qbs-autonaim/recruitment-assistant-extension:test:       [33mclass[39m=[32m"t-14 t-black t-normal"[39m
@qbs-autonaim/recruitment-assistant-extension:test:     [36m>[39m
@qbs-autonaim/recruitment-assistant-extension:test:       [0m+7 (999) 123-45-67[0m
@qbs-autonaim/recruitment-assistant-extension:test:     [36m</span>[39m
@qbs-autonaim/recruitment-assistant-extension:test:     [0m
@qbs-autonaim/recruitment-assistant-extension:test:         [0m
@qbs-autonaim/recruitment-assistant-extension:test:   [36m</section>[39m
@qbs-autonaim/recruitment-assistant-extension:test:   [0m
@qbs-autonaim/recruitment-assistant-extension:test:       [0m
@qbs-autonaim/recruitment-assistant-extension:test:   [36m<div>[39m
@qbs-autonaim/recruitment-assistant-extension:test:     [36m<section[39m
@qbs-autonaim/recruitment-assistant-extension:test:       [33maria-label[39m=[32m"╨Ф╨░╨╜╨╜╤Л╨╡ ╨║╨░╨╜╨┤╨╕╨┤╨░╤В╨░"[39m
@qbs-autonaim/recruitment-assistant-extension:test:       [33mclass[39m=[32m"ra-data-panel"[39m
@qbs-autonaim/recruitment-assistant-extension:test:     [36m>[39m
@qbs-autonaim/recruitment-assistant-extension:test:       [36m<div[39m
@qbs-autonaim/recruitment-assistant-extension:test:         [33mclass[39m=[32m"ra-data-panel__header"[39m
@qbs-autonaim/recruitment-assistant-extension:test:       [36m>[39m
@qbs-autonaim/recruitment-assistant-extension:test:         [36m<h2[39m
@qbs-autonaim/recruitment-assistant-extension:test:           [33mclass[39m=[32m"ra-data-panel__title"[39m
@qbs-autonaim/recruitment-assistant-extension:test:         [36m>[39m
@qbs-autonaim/recruitment-assistant-extension:test:           [0m╨Ф╨░╨╜╨╜╤Л╨╡ ╨║╨░╨╜╨┤╨╕╨┤╨░╤В╨░[0m
@qbs-autonaim/recruitment-assistant-extension:test:         [36m</h2>[39m
@qbs-autonaim/recruitment-assistant-extension:test:         [36m<div[39m
@qbs-autonaim/recruitment-assistant-extension:test:           [33mclass[39m=[32m"ra-data-panel__meta tabular-nums"[39m
@qbs-autonaim/recruitment-assistant-extension:test:         [36m>[39m
@qbs-autonaim/recruitment-assistant-extension:test:           [0mLinkedIn[0m
@qbs-autonaim/recruitment-assistant-extension:test:           [0m тАв [0m
@qbs-autonaim/recruitment-assistant-extension:test:           [0m01.01.2024, 12:00[0m
@qbs-autonaim/recruitment-assistant-extension:test:         [36m</div>[39m
@qbs-autonaim/recruitment-assistant-extension:test:       [36m</div>[39m
@qbs-autonaim/recruitment-assistant-extension:test:       [36m<div[39m
@qbs-autonaim/recruitment-assistant-extension:test:         [33mclass[39m=[32m"ra-data-panel__content"[39m
@qbs-autonaim/recruitment-assistant-extension:test:       [36m>[39m
@qbs-autonaim/recruitment-assistant-extension:test:         [36m<section[39m
@qbs-autonaim/recruitment-assistant-extension:test:           [33mclass[39m=[32m"ra-data-panel__section"[39m
@qbs-autonaim/recruitment-assistant-extension:test:         [36m>[39m
@qbs-autonaim/recruitment-assistant-extension:test:           [36m<h3[39m
@qbs-autonaim/recruitment-assistant-extension:test:             [33mclass[39m=[32m"ra-data-panel__section-title"[39m
@qbs-autonaim/recruitment-assistant-extension:test:           [36m>[39m
@qbs-autonaim/recruitment-assistant-extension:test:             [0m╨Ю╤Б╨╜╨╛╨▓╨╜╨░╤П ╨╕╨╜╤Д╨╛╤А╨╝╨░╤Ж╨╕╤П[0m
@qbs-autonaim/recruitment-assistant-extension:test:           [36m</h3>[39m
@qbs-autonaim/recruitment-assistant-extension:test:           [36m<div[39m
@qbs-autonaim/recruitment-assistant-extension:test:             [33mstyle[39m=[32m"margin-bottom: 16px; display: flex; flex-direction: column; gap: 4px;"[39m
@qbs-autonaim/recruitment-assistant-extension:test:           [36m>[39m
@qbs-autonaim/recruitment-assistant-extension:test:             [36m<label[39m
@qbs-autonaim/recruitment-assistant-extension:test:               [33mfor[39m=[32m"_r_3a_"[39m
@qbs-autonaim/recruitment-assistant-extension:test:               [33mstyle[39m=[32m"font-size: 14px; font-weight: 500; color: #374151;"[39m
@qbs-autonaim/recruitment-assistant-extension:test:             [36m>[39m
@qbs-autonaim/recruitment-assistant-extension:test:               [0m╨Я╨╛╨╗╨╜╨╛╨╡ ╨╕╨╝╤П[0m
@qbs-autonaim/recruitment-assistant-extension:test:             [36m</label>[39m
@qbs-autonaim/recruitment-assistant-extension:test:          ...
@qbs-autonaim/recruitment-assistant-extension:test:       at getAllByLabelText (C:\Projects\kwork\selectio\node_modules\@testing-library\dom\dist\queries\label-text.js:111:115)
@qbs-autonaim/recruitment-assistant-extension:test:       at <anonymous> (C:\Projects\kwork\selectio\node_modules\@testing-library\dom\dist\query-helpers.js:52:17)
@qbs-autonaim/recruitment-assistant-extension:test:       at <anonymous> (C:\Projects\kwork\selectio\node_modules\@testing-library\dom\dist\query-helpers.js:95:19)
@qbs-autonaim/recruitment-assistant-extension:test:       at <anonymous> (C:\Projects\kwork\selectio\apps\recruitment-assistant-extension\src\content\ui\data-panel.test.tsx:186:14)
@qbs-autonaim/recruitment-assistant-extension:test: (fail) DataPanel > ╨┤╨╛╨╗╨╢╨╡╨╜ ╨╛╤В╨╛╨▒╤А╨░╨╢╨░╤В╤М ╨║╨╜╨╛╨┐╨║╨╕ ╤Н╨║╤Б╨┐╨╛╤А╤В╨░ [47.00ms]
@qbs-autonaim/recruitment-assistant-extension:test: 106 |         throw (0, _config.getConfig)().getElementError(tagNames.map(tagName => `Found a label with the text of: ${text}, however the element associated with this label (<${tagName} />) is non-labellable [https://html.spec.whatwg.org/multipage/forms.html#category-label]. If you really need to label a <${tagName} />, you can use aria-label or aria-labelledby instead.`).join('\n\n'), container);
@qbs-autonaim/recruitment-assistant-extension:test: 107 |       } else {
@qbs-autonaim/recruitment-assistant-extension:test: 108 |         throw (0, _config.getConfig)().getElementError(`Found a label with the text of: ${text}, however no form control was found associated to that label. Make sure you're using the "for" attribute or "aria-labelledby" attribute correctly.`, container);
@qbs-autonaim/recruitment-assistant-extension:test: 109 |       }
@qbs-autonaim/recruitment-assistant-extension:test: 110 |     } else {
@qbs-autonaim/recruitment-assistant-extension:test: 111 |       throw (0, _config.getConfig)().getElementError(`Unable to find a label with the text of: ${text}`, container);
@qbs-autonaim/recruitment-assistant-extension:test:                                                                                                                         ^
@qbs-autonaim/recruitment-assistant-extension:test: TestingLibraryElementError: Unable to find a label with the text of: ╨Ш╨╝╨┐╨╛╤А╤В╨╕╤А╨╛╨▓╨░╤В╤М ╨║╨░╨╜╨┤╨╕╨┤╨░╤В╨░ ╨▓ ╤Б╨╕╤Б╤В╨╡╨╝╤Г
@qbs-autonaim/recruitment-assistant-extension:test: 
@qbs-autonaim/recruitment-assistant-extension:test: Ignored nodes: comments, script, style
@qbs-autonaim/recruitment-assistant-extension:test: [36m<body>[39m
@qbs-autonaim/recruitment-assistant-extension:test:   [0m
@qbs-autonaim/recruitment-assistant-extension:test:         [0m
@qbs-autonaim/recruitment-assistant-extension:test:   [36m<h1[39m
@qbs-autonaim/recruitment-assistant-extension:test:     [33mclass[39m=[32m"text-heading-xlarge"[39m
@qbs-autonaim/recruitment-assistant-extension:test:   [36m>[39m
@qbs-autonaim/recruitment-assistant-extension:test:     [0m╨Ш╨▓╨░╨╜ ╨Ш╨▓╨░╨╜╨╛╨▓[0m
@qbs-autonaim/recruitment-assistant-extension:test:   [36m</h1>[39m
@qbs-autonaim/recruitment-assistant-extension:test:   [0m
@qbs-autonaim/recruitment-assistant-extension:test:         [0m
@qbs-autonaim/recruitment-assistant-extension:test:   [36m<div[39m
@qbs-autonaim/recruitment-assistant-extension:test:     [33mclass[39m=[32m"text-body-medium"[39m
@qbs-autonaim/recruitment-assistant-extension:test:   [36m>[39m
@qbs-autonaim/recruitment-assistant-extension:test:     [0mSenior Developer[0m
@qbs-autonaim/recruitment-assistant-extension:test:   [36m</div>[39m
@qbs-autonaim/recruitment-assistant-extension:test:   [0m
@qbs-autonaim/recruitment-assistant-extension:test:         [0m
@qbs-autonaim/recruitment-assistant-extension:test:   [36m<span[39m
@qbs-autonaim/recruitment-assistant-extension:test:     [33mclass[39m=[32m"text-body-small inline"[39m
@qbs-autonaim/recruitment-assistant-extension:test:   [36m>[39m
@qbs-autonaim/recruitment-assistant-extension:test:     [0m╨Ь╨╛╤Б╨║╨▓╨░, ╨а╨╛╤Б╤Б╨╕╤П[0m
@qbs-autonaim/recruitment-assistant-extension:test:   [36m</span>[39m
@qbs-autonaim/recruitment-assistant-extension:test:   [0m
@qbs-autonaim/recruitment-assistant-extension:test:         [0m
@qbs-autonaim/recruitment-assistant-extension:test:   [36m<img[39m
@qbs-autonaim/recruitment-assistant-extension:test:     [33mclass[39m=[32m"pv-top-card-profile-picture__image"[39m
@qbs-autonaim/recruitment-assistant-extension:test:     [33msrc[39m=[32m"https://example.com/photo.jpg"[39m
@qbs-autonaim/recruitment-assistant-extension:test:   [36m/>[39m
@qbs-autonaim/recruitment-assistant-extension:test:   [0m
@qbs-autonaim/recruitment-assistant-extension:test:         
@qbs-autonaim/recruitment-assistant-extension:test:         [0m
@qbs-autonaim/recruitment-assistant-extension:test:   [36m<section[39m
@qbs-autonaim/recruitment-assistant-extension:test:     [33mid[39m=[32m"experience"[39m
@qbs-autonaim/recruitment-assistant-extension:test:   [36m>[39m
@qbs-autonaim/recruitment-assistant-extension:test:     [0m
@qbs-autonaim/recruitment-assistant-extension:test:           [0m
@qbs-autonaim/recruitment-assistant-extension:test:     [36m<ul>[39m
@qbs-autonaim/recruitment-assistant-extension:test:       [0m
@qbs-autonaim/recruitment-assistant-extension:test:             [0m
@qbs-autonaim/recruitment-assistant-extension:test:       [36m<li[39m
@qbs-autonaim/recruitment-assistant-extension:test:         [33mclass[39m=[32m"artdeco-list__item"[39m
@qbs-autonaim/recruitment-assistant-extension:test:       [36m>[39m
@qbs-autonaim/recruitment-assistant-extension:test:         [0m
@qbs-autonaim/recruitment-assistant-extension:test:               [0m
@qbs-autonaim/recruitment-assistant-extension:test:         [36m<div[39m
@qbs-autonaim/recruitment-assistant-extension:test:           [33mclass[39m=[32m"display-flex"[39m
@qbs-autonaim/recruitment-assistant-extension:test:         [36m>[39m
@qbs-autonaim/recruitment-assistant-extension:test:           [0m
@qbs-autonaim/recruitment-assistant-extension:test:                 [0m
@qbs-autonaim/recruitment-assistant-extension:test:           [36m<span[39m
@qbs-autonaim/recruitment-assistant-extension:test:             [33maria-hidden[39m=[32m"true"[39m
@qbs-autonaim/recruitment-assistant-extension:test:           [36m>[39m
@qbs-autonaim/recruitment-assistant-extension:test:             [0mSenior Developer[0m
@qbs-autonaim/recruitment-assistant-extension:test:           [36m</span>[39m
@qbs-autonaim/recruitment-assistant-extension:test:           [0m
@qbs-autonaim/recruitment-assistant-extension:test:               [0m
@qbs-autonaim/recruitment-assistant-extension:test:         [36m</div>[39m
@qbs-autonaim/recruitment-assistant-extension:test:         [0m
@qbs-autonaim/recruitment-assistant-extension:test:               [0m
@qbs-autonaim/recruitment-assistant-extension:test:         [36m<span[39m
@qbs-autonaim/recruitment-assistant-extension:test:           [33mclass[39m=[32m"t-14 t-normal"[39m
@qbs-autonaim/recruitment-assistant-extension:test:         [36m>[39m
@qbs-autonaim/recruitment-assistant-extension:test:           [0m
@qbs-autonaim/recruitment-assistant-extension:test:                 [0m
@qbs-autonaim/recruitment-assistant-extension:test:           [36m<span[39m
@qbs-autonaim/recruitment-assistant-extension:test:             [33maria-hidden[39m=[32m"true"[39m
@qbs-autonaim/recruitment-assistant-extension:test:           [36m>[39m
@qbs-autonaim/recruitment-assistant-extension:test:             [0mTech Company[0m
@qbs-autonaim/recruitment-assistant-extension:test:           [36m</span>[39m
@qbs-autonaim/recruitment-assistant-extension:test:           [0m
@qbs-autonaim/recruitment-assistant-extension:test:               [0m
@qbs-autonaim/recruitment-assistant-extension:test:         [36m</span>[39m
@qbs-autonaim/recruitment-assistant-extension:test:         [0m
@qbs-autonaim/recruitment-assistant-extension:test:               [0m
@qbs-autonaim/recruitment-assistant-extension:test:         [36m<span[39m
@qbs-autonaim/recruitment-assistant-extension:test:           [33mclass[39m=[32m"t-14 t-normal t-black--light"[39m
@qbs-autonaim/recruitment-assistant-extension:test:         [36m>[39m
@qbs-autonaim/recruitment-assistant-extension:test:           [0m
@qbs-autonaim/recruitment-assistant-extension:test:                 [0m
@qbs-autonaim/recruitment-assistant-extension:test:           [36m<span[39m
@qbs-autonaim/recruitment-assistant-extension:test:             [33maria-hidden[39m=[32m"true"[39m
@qbs-autonaim/recruitment-assistant-extension:test:           [36m>[39m
@qbs-autonaim/recruitment-assistant-extension:test:             [0m2020 тАУ ╨┐╨╛ ╨╜╨░╤Б╤В╨╛╤П╤Й╨╡╨╡ ╨▓╤А╨╡╨╝╤П[0m
@qbs-autonaim/recruitment-assistant-extension:test:           [36m</span>[39m
@qbs-autonaim/recruitment-assistant-extension:test:           [0m
@qbs-autonaim/recruitment-assistant-extension:test:               [0m
@qbs-autonaim/recruitment-assistant-extension:test:         [36m</span>[39m
@qbs-autonaim/recruitment-assistant-extension:test:         [0m
@qbs-autonaim/recruitment-assistant-extension:test:               [0m
@qbs-autonaim/recruitment-assistant-extension:test:         [36m<div[39m
@qbs-autonaim/recruitment-assistant-extension:test:           [33mclass[39m=[32m"display-flex full-width"[39m
@qbs-autonaim/recruitment-assistant-extension:test:         [36m>[39m
@qbs-autonaim/recruitment-assistant-extension:test:           [0m
@qbs-autonaim/recruitment-assistant-extension:test:                 [0m
@qbs-autonaim/recruitment-assistant-extension:test:           [36m<span[39m
@qbs-autonaim/recruitment-assistant-extension:test:             [33maria-hidden[39m=[32m"true"[39m
@qbs-autonaim/recruitment-assistant-extension:test:           [36m>[39m
@qbs-autonaim/recruitment-assistant-extension:test:             [0m╨а╨░╨╖╤А╨░╨▒╨╛╤В╨║╨░[0m
@qbs-autonaim/recruitment-assistant-extension:test:           [36m</span>[39m
@qbs-autonaim/recruitment-assistant-extension:test:           [0m
@qbs-autonaim/recruitment-assistant-extension:test:               [0m
@qbs-autonaim/recruitment-assistant-extension:test:         [36m</div>[39m
@qbs-autonaim/recruitment-assistant-extension:test:         [0m
@qbs-autonaim/recruitment-assistant-extension:test:             [0m
@qbs-autonaim/recruitment-assistant-extension:test:       [36m</li>[39m
@qbs-autonaim/recruitment-assistant-extension:test:       [0m
@qbs-autonaim/recruitment-assistant-extension:test:           [0m
@qbs-autonaim/recruitment-assistant-extension:test:     [36m</ul>[39m
@qbs-autonaim/recruitment-assistant-extension:test:     [0m
@qbs-autonaim/recruitment-assistant-extension:test:         [0m
@qbs-autonaim/recruitment-assistant-extension:test:   [36m</section>[39m
@qbs-autonaim/recruitment-assistant-extension:test:   [0m
@qbs-autonaim/recruitment-assistant-extension:test:         
@qbs-autonaim/recruitment-assistant-extension:test:         [0m
@qbs-autonaim/recruitment-assistant-extension:test:   [36m<section[39m
@qbs-autonaim/recruitment-assistant-extension:test:     [33mid[39m=[32m"education"[39m
@qbs-autonaim/recruitment-assistant-extension:test:   [36m>[39m
@qbs-autonaim/recruitment-assistant-extension:test:     [0m
@qbs-autonaim/recruitment-assistant-extension:test:           [0m
@qbs-autonaim/recruitment-assistant-extension:test:     [36m<ul>[39m
@qbs-autonaim/recruitment-assistant-extension:test:       [0m
@qbs-autonaim/recruitment-assistant-extension:test:             [0m
@qbs-autonaim/recruitment-assistant-extension:test:       [36m<li[39m
@qbs-autonaim/recruitment-assistant-extension:test:         [33mclass[39m=[32m"artdeco-list__item"[39m
@qbs-autonaim/recruitment-assistant-extension:test:       [36m>[39m
@qbs-autonaim/recruitment-assistant-extension:test:         [0m
@qbs-autonaim/recruitment-assistant-extension:test:               [0m
@qbs-autonaim/recruitment-assistant-extension:test:         [36m<div[39m
@qbs-autonaim/recruitment-assistant-extension:test:           [33mclass[39m=[32m"display-flex"[39m
@qbs-autonaim/recruitment-assistant-extension:test:         [36m>[39m
@qbs-autonaim/recruitment-assistant-extension:test:           [0m
@qbs-autonaim/recruitment-assistant-extension:test:                 [0m
@qbs-autonaim/recruitment-assistant-extension:test:           [36m<span[39m
@qbs-autonaim/recruitment-assistant-extension:test:             [33maria-hidden[39m=[32m"true"[39m
@qbs-autonaim/recruitment-assistant-extension:test:           [36m>[39m
@qbs-autonaim/recruitment-assistant-extension:test:             [0m╨Ь╨У╨г[0m
@qbs-autonaim/recruitment-assistant-extension:test:           [36m</span>[39m
@qbs-autonaim/recruitment-assistant-extension:test:           [0m
@qbs-autonaim/recruitment-assistant-extension:test:               [0m
@qbs-autonaim/recruitment-assistant-extension:test:         [36m</div>[39m
@qbs-autonaim/recruitment-assistant-extension:test:         [0m
@qbs-autonaim/recruitment-assistant-extension:test:               [0m
@qbs-autonaim/recruitment-assistant-extension:test:         [36m<span[39m
@qbs-autonaim/recruitment-assistant-extension:test:           [33mclass[39m=[32m"t-14 t-normal"[39m
@qbs-autonaim/recruitment-assistant-extension:test:         [36m>[39m
@qbs-autonaim/recruitment-assistant-extension:test:           [0m
@qbs-autonaim/recruitment-assistant-extension:test:                 [0m
@qbs-autonaim/recruitment-assistant-extension:test:           [36m<span[39m
@qbs-autonaim/recruitment-assistant-extension:test:             [33maria-hidden[39m=[32m"true"[39m
@qbs-autonaim/recruitment-assistant-extension:test:           [36m>[39m
@qbs-autonaim/recruitment-assistant-extension:test:             [0m╨С╨░╨║╨░╨╗╨░╨▓╤А[0m
@qbs-autonaim/recruitment-assistant-extension:test:           [36m</span>[39m
@qbs-autonaim/recruitment-assistant-extension:test:           [0m
@qbs-autonaim/recruitment-assistant-extension:test:               [0m
@qbs-autonaim/recruitment-assistant-extension:test:         [36m</span>[39m
@qbs-autonaim/recruitment-assistant-extension:test:         [0m
@qbs-autonaim/recruitment-assistant-extension:test:               [0m
@qbs-autonaim/recruitment-assistant-extension:test:         [36m<span[39m
@qbs-autonaim/recruitment-assistant-extension:test:           [33mclass[39m=[32m"t-14 t-normal t-black--light"[39m
@qbs-autonaim/recruitment-assistant-extension:test:         [36m>[39m
@qbs-autonaim/recruitment-assistant-extension:test:           [0m
@qbs-autonaim/recruitment-assistant-extension:test:                 [0m
@qbs-autonaim/recruitment-assistant-extension:test:           [36m<span[39m
@qbs-autonaim/recruitment-assistant-extension:test:             [33maria-hidden[39m=[32m"true"[39m
@qbs-autonaim/recruitment-assistant-extension:test:           [36m>[39m
@qbs-autonaim/recruitment-assistant-extension:test:             [0m╨Ш╨╜╤Д╨╛╤А╨╝╨░╤В╨╕╨║╨░[0m
@qbs-autonaim/recruitment-assistant-extension:test:           [36m</span>[39m
@qbs-autonaim/recruitment-assistant-extension:test:           [0m
@qbs-autonaim/recruitment-assistant-extension:test:               [0m
@qbs-autonaim/recruitment-assistant-extension:test:         [36m</span>[39m
@qbs-autonaim/recruitment-assistant-extension:test:         [0m
@qbs-autonaim/recruitment-assistant-extension:test:               [0m
@qbs-autonaim/recruitment-assistant-extension:test:         [36m<span[39m
@qbs-autonaim/recruitment-assistant-extension:test:           [33mclass[39m=[32m"t-14 t-normal t-black--light"[39m
@qbs-autonaim/recruitment-assistant-extension:test:         [36m>[39m
@qbs-autonaim/recruitment-assistant-extension:test:           [0m
@qbs-autonaim/recruitment-assistant-extension:test:                 [0m
@qbs-autonaim/recruitment-assistant-extension:test:           [36m<span[39m
@qbs-autonaim/recruitment-assistant-extension:test:             [33maria-hidden[39m=[32m"true"[39m
@qbs-autonaim/recruitment-assistant-extension:test:           [36m>[39m
@qbs-autonaim/recruitment-assistant-extension:test:             [0m2015 тАУ 2019[0m
@qbs-autonaim/recruitment-assistant-extension:test:           [36m</span>[39m
@qbs-autonaim/recruitment-assistant-extension:test:           [0m
@qbs-autonaim/recruitment-assistant-extension:test:               [0m
@qbs-autonaim/recruitment-assistant-extension:test:         [36m</span>[39m
@qbs-autonaim/recruitment-assistant-extension:test:         [0m
@qbs-autonaim/recruitment-assistant-extension:test:             [0m
@qbs-autonaim/recruitment-assistant-extension:test:       [36m</li>[39m
@qbs-autonaim/recruitment-assistant-extension:test:       [0m
@qbs-autonaim/recruitment-assistant-extension:test:           [0m
@qbs-autonaim/recruitment-assistant-extension:test:     [36m</ul>[39m
@qbs-autonaim/recruitment-assistant-extension:test:     [0m
@qbs-autonaim/recruitment-assistant-extension:test:         [0m
@qbs-autonaim/recruitment-assistant-extension:test:   [36m</section>[39m
@qbs-autonaim/recruitment-assistant-extension:test:   [0m
@qbs-autonaim/recruitment-assistant-extension:test:         
@qbs-autonaim/recruitment-assistant-extension:test:         [0m
@qbs-autonaim/recruitment-assistant-extension:test:   [36m<section[39m
@qbs-autonaim/recruitment-assistant-extension:test:     [33mid[39m=[32m"skills"[39m
@qbs-autonaim/recruitment-assistant-extension:test:   [36m>[39m
@qbs-autonaim/recruitment-assistant-extension:test:     [0m
@qbs-autonaim/recruitment-assistant-extension:test:           [0m
@qbs-autonaim/recruitment-assistant-extension:test:     [36m<span[39m
@qbs-autonaim/recruitment-assistant-extension:test:       [33maria-hidden[39m=[32m"true"[39m
@qbs-autonaim/recruitment-assistant-extension:test:     [36m>[39m
@qbs-autonaim/recruitment-assistant-extension:test:       [0mTypeScript[0m
@qbs-autonaim/recruitment-assistant-extension:test:     [36m</span>[39m
@qbs-autonaim/recruitment-assistant-extension:test:     [0m
@qbs-autonaim/recruitment-assistant-extension:test:           [0m
@qbs-autonaim/recruitment-assistant-extension:test:     [36m<span[39m
@qbs-autonaim/recruitment-assistant-extension:test:       [33maria-hidden[39m=[32m"true"[39m
@qbs-autonaim/recruitment-assistant-extension:test:     [36m>[39m
@qbs-autonaim/recruitment-assistant-extension:test:       [0mReact[0m
@qbs-autonaim/recruitment-assistant-extension:test:     [36m</span>[39m
@qbs-autonaim/recruitment-assistant-extension:test:     [0m
@qbs-autonaim/recruitment-assistant-extension:test:         [0m
@qbs-autonaim/recruitment-assistant-extension:test:   [36m</section>[39m
@qbs-autonaim/recruitment-assistant-extension:test:   [0m
@qbs-autonaim/recruitment-assistant-extension:test:         
@qbs-autonaim/recruitment-assistant-extension:test:         [0m
@qbs-autonaim/recruitment-assistant-extension:test:   [36m<section[39m
@qbs-autonaim/recruitment-assistant-extension:test:     [33mclass[39m=[32m"pv-contact-info"[39m
@qbs-autonaim/recruitment-assistant-extension:test:   [36m>[39m
@qbs-autonaim/recruitment-assistant-extension:test:     [0m
@qbs-autonaim/recruitment-assistant-extension:test:           [0m
@qbs-autonaim/recruitment-assistant-extension:test:     [36m<a[39m
@qbs-autonaim/recruitment-assistant-extension:test:       [33mhref[39m=[32m"mailto:ivan@example.com"[39m
@qbs-autonaim/recruitment-assistant-extension:test:     [36m>[39m
@qbs-autonaim/recruitment-assistant-extension:test:       [0mEmail[0m
@qbs-autonaim/recruitment-assistant-extension:test:     [36m</a>[39m
@qbs-autonaim/recruitment-assistant-extension:test:     [0m
@qbs-autonaim/recruitment-assistant-extension:test:           [0m
@qbs-autonaim/recruitment-assistant-extension:test:     [36m<span[39m
@qbs-autonaim/recruitment-assistant-extension:test:       [33mclass[39m=[32m"t-14 t-black t-normal"[39m
@qbs-autonaim/recruitment-assistant-extension:test:     [36m>[39m
@qbs-autonaim/recruitment-assistant-extension:test:       [0m+7 (999) 123-45-67[0m
@qbs-autonaim/recruitment-assistant-extension:test:     [36m</span>[39m
@qbs-autonaim/recruitment-assistant-extension:test:     [0m
@qbs-autonaim/recruitment-assistant-extension:test:         [0m
@qbs-autonaim/recruitment-assistant-extension:test:   [36m</section>[39m
@qbs-autonaim/recruitment-assistant-extension:test:   [0m
@qbs-autonaim/recruitment-assistant-extension:test:       [0m
@qbs-autonaim/recruitment-assistant-extension:test:   [36m<div>[39m
@qbs-autonaim/recruitment-assistant-extension:test:     [36m<section[39m
@qbs-autonaim/recruitment-assistant-extension:test:       [33maria-label[39m=[32m"╨Ф╨░╨╜╨╜╤Л╨╡ ╨║╨░╨╜╨┤╨╕╨┤╨░╤В╨░"[39m
@qbs-autonaim/recruitment-assistant-extension:test:       [33mclass[39m=[32m"ra-data-panel"[39m
@qbs-autonaim/recruitment-assistant-extension:test:     [36m>[39m
@qbs-autonaim/recruitment-assistant-extension:test:       [36m<div[39m
@qbs-autonaim/recruitment-assistant-extension:test:         [33mclass[39m=[32m"ra-data-panel__header"[39m
@qbs-autonaim/recruitment-assistant-extension:test:       [36m>[39m
@qbs-autonaim/recruitment-assistant-extension:test:         [36m<h2[39m
@qbs-autonaim/recruitment-assistant-extension:test:           [33mclass[39m=[32m"ra-data-panel__title"[39m
@qbs-autonaim/recruitment-assistant-extension:test:         [36m>[39m
@qbs-autonaim/recruitment-assistant-extension:test:           [0m╨Ф╨░╨╜╨╜╤Л╨╡ ╨║╨░╨╜╨┤╨╕╨┤╨░╤В╨░[0m
@qbs-autonaim/recruitment-assistant-extension:test:         [36m</h2>[39m
@qbs-autonaim/recruitment-assistant-extension:test:         [36m<div[39m
@qbs-autonaim/recruitment-assistant-extension:test:           [33mclass[39m=[32m"ra-data-panel__meta tabular-nums"[39m
@qbs-autonaim/recruitment-assistant-extension:test:         [36m>[39m
@qbs-autonaim/recruitment-assistant-extension:test:           [0mLinkedIn[0m
@qbs-autonaim/recruitment-assistant-extension:test:           [0m тАв [0m
@qbs-autonaim/recruitment-assistant-extension:test:           [0m01.01.2024, 12:00[0m
@qbs-autonaim/recruitment-assistant-extension:test:         [36m</div>[39m
@qbs-autonaim/recruitment-assistant-extension:test:       [36m</div>[39m
@qbs-autonaim/recruitment-assistant-extension:test:       [36m<div[39m
@qbs-autonaim/recruitment-assistant-extension:test:         [33mclass[39m=[32m"ra-data-panel__content"[39m
@qbs-autonaim/recruitment-assistant-extension:test:       [36m>[39m
@qbs-autonaim/recruitment-assistant-extension:test:         [36m<section[39m
@qbs-autonaim/recruitment-assistant-extension:test:           [33mclass[39m=[32m"ra-data-panel__section"[39m
@qbs-autonaim/recruitment-assistant-extension:test:         [36m>[39m
@qbs-autonaim/recruitment-assistant-extension:test:           [36m<h3[39m
@qbs-autonaim/recruitment-assistant-extension:test:             [33mclass[39m=[32m"ra-data-panel__section-title"[39m
@qbs-autonaim/recruitment-assistant-extension:test:           [36m>[39m
@qbs-autonaim/recruitment-assistant-extension:test:             [0m╨Ю╤Б╨╜╨╛╨▓╨╜╨░╤П ╨╕╨╜╤Д╨╛╤А╨╝╨░╤Ж╨╕╤П[0m
@qbs-autonaim/recruitment-assistant-extension:test:           [36m</h3>[39m
@qbs-autonaim/recruitment-assistant-extension:test:           [36m<div[39m
@qbs-autonaim/recruitment-assistant-extension:test:             [33mstyle[39m=[32m"margin-bottom: 16px; display: flex; flex-direction: column; gap: 4px;"[39m
@qbs-autonaim/recruitment-assistant-extension:test:           [36m>[39m
@qbs-autonaim/recruitment-assistant-extension:test:             [36m<label[39m
@qbs-autonaim/recruitment-assistant-extension:test:               [33mfor[39m=[32m"_r_3k_"[39m
@qbs-autonaim/recruitment-assistant-extension:test:               [33mstyle[39m=[32m"font-size: 14px; font-weight: 500; color: #374151;"[39m
@qbs-autonaim/recruitment-assistant-extension:test:             [36m>[39m
@qbs-autonaim/recruitment-assistant-extension:test:               [0m╨Я╨╛╨╗╨╜╨╛╨╡ ╨╕╨╝╤П[0m
@qbs-autonaim/recruitment-assistant-extension:test:             [36m</label>[39m
@qbs-autonaim/recruitment-assistant-extension:test:          ...
@qbs-autonaim/recruitment-assistant-extension:test:       at getAllByLabelText (C:\Projects\kwork\selectio\node_modules\@testing-library\dom\dist\queries\label-text.js:111:115)
@qbs-autonaim/recruitment-assistant-extension:test:       at <anonymous> (C:\Projects\kwork\selectio\node_modules\@testing-library\dom\dist\query-helpers.js:52:17)
@qbs-autonaim/recruitment-assistant-extension:test:       at <anonymous> (C:\Projects\kwork\selectio\node_modules\@testing-library\dom\dist\query-helpers.js:95:19)
@qbs-autonaim/recruitment-assistant-extension:test:       at <anonymous> (C:\Projects\kwork\selectio\apps\recruitment-assistant-extension\src\content\ui\data-panel.test.tsx:205:14)
@qbs-autonaim/recruitment-assistant-extension:test: (fail) DataPanel > ╨┤╨╛╨╗╨╢╨╡╨╜ ╨╛╤В╨╛╨▒╤А╨░╨╢╨░╤В╤М ╨║╨╜╨╛╨┐╨║╤Г ╨╕╨╝╨┐╨╛╤А╤В╨░ ╨║╨╛╨│╨┤╨░ API ╨╜╨░╤Б╤В╤А╨╛╨╡╨╜ [31.00ms]
@qbs-autonaim/recruitment-assistant-extension:test: (pass) DataPanel > ╨╜╨╡ ╨┤╨╛╨╗╨╢╨╡╨╜ ╨╛╤В╨╛╨▒╤А╨░╨╢╨░╤В╤М ╨║╨╜╨╛╨┐╨║╤Г ╨╕╨╝╨┐╨╛╤А╤В╨░ ╨║╨╛╨│╨┤╨░ API ╨╜╨╡ ╨╜╨░╤Б╤В╤А╨╛╨╡╨╜ [31.00ms]
@qbs-autonaim/recruitment-assistant-extension:test: 32 |   // throw errors w/ suggestions for better queries. Opt in so off by default.
@qbs-autonaim/recruitment-assistant-extension:test: 33 |   throwSuggestions: false,
@qbs-autonaim/recruitment-assistant-extension:test: 34 |   // called when getBy* queries fail. (message, container) => Error
@qbs-autonaim/recruitment-assistant-extension:test: 35 |   getElementError(message, container) {
@qbs-autonaim/recruitment-assistant-extension:test: 36 |     const prettifiedDOM = (0, _prettyDom.prettyDOM)(container);
@qbs-autonaim/recruitment-assistant-extension:test: 37 |     const error = new Error([message, `Ignored nodes: comments, ${config.defaultIgnore}\n${prettifiedDOM}`].filter(Boolean).join('\n\n'));
@qbs-autonaim/recruitment-assistant-extension:test:                            ^
@qbs-autonaim/recruitment-assistant-extension:test: TestingLibraryElementError: Unable to find a label with the text of: ╨н╨║╤Б╨┐╨╛╤А╤В╨╕╤А╨╛╨▓╨░╤В╤М ╨┤╨░╨╜╨╜╤Л╨╡ ╨▓ ╤Д╨╛╤А╨╝╨░╤В╨╡ JSON
@qbs-autonaim/recruitment-assistant-extension:test: 
@qbs-autonaim/recruitment-assistant-extension:test: Ignored nodes: comments, script, style
@qbs-autonaim/recruitment-assistant-extension:test: [36m<body>[39m
@qbs-autonaim/recruitment-assistant-extension:test:   [0m
@qbs-autonaim/recruitment-assistant-extension:test:         [0m
@qbs-autonaim/recruitment-assistant-extension:test:   [36m<h1[39m
@qbs-autonaim/recruitment-assistant-extension:test:     [33mclass[39m=[32m"text-heading-xlarge"[39m
@qbs-autonaim/recruitment-assistant-extension:test:   [36m>[39m
@qbs-autonaim/recruitment-assistant-extension:test:     [0m╨Ш╨▓╨░╨╜ ╨Ш╨▓╨░╨╜╨╛╨▓[0m
@qbs-autonaim/recruitment-assistant-extension:test:   [36m</h1>[39m
@qbs-autonaim/recruitment-assistant-extension:test:   [0m
@qbs-autonaim/recruitment-assistant-extension:test:         [0m
@qbs-autonaim/recruitment-assistant-extension:test:   [36m<div[39m
@qbs-autonaim/recruitment-assistant-extension:test:     [33mclass[39m=[32m"text-body-medium"[39m
@qbs-autonaim/recruitment-assistant-extension:test:   [36m>[39m
@qbs-autonaim/recruitment-assistant-extension:test:     [0mSenior Developer[0m
@qbs-autonaim/recruitment-assistant-extension:test:   [36m</div>[39m
@qbs-autonaim/recruitment-assistant-extension:test:   [0m
@qbs-autonaim/recruitment-assistant-extension:test:         [0m
@qbs-autonaim/recruitment-assistant-extension:test:   [36m<span[39m
@qbs-autonaim/recruitment-assistant-extension:test:     [33mclass[39m=[32m"text-body-small inline"[39m
@qbs-autonaim/recruitment-assistant-extension:test:   [36m>[39m
@qbs-autonaim/recruitment-assistant-extension:test:     [0m╨Ь╨╛╤Б╨║╨▓╨░, ╨а╨╛╤Б╤Б╨╕╤П[0m
@qbs-autonaim/recruitment-assistant-extension:test:   [36m</span>[39m
@qbs-autonaim/recruitment-assistant-extension:test:   [0m
@qbs-autonaim/recruitment-assistant-extension:test:         [0m
@qbs-autonaim/recruitment-assistant-extension:test:   [36m<img[39m
@qbs-autonaim/recruitment-assistant-extension:test:     [33mclass[39m=[32m"pv-top-card-profile-picture__image"[39m
@qbs-autonaim/recruitment-assistant-extension:test:     [33msrc[39m=[32m"https://example.com/photo.jpg"[39m
@qbs-autonaim/recruitment-assistant-extension:test:   [36m/>[39m
@qbs-autonaim/recruitment-assistant-extension:test:   [0m
@qbs-autonaim/recruitment-assistant-extension:test:         
@qbs-autonaim/recruitment-assistant-extension:test:         [0m
@qbs-autonaim/recruitment-assistant-extension:test:   [36m<section[39m
@qbs-autonaim/recruitment-assistant-extension:test:     [33mid[39m=[32m"experience"[39m
@qbs-autonaim/recruitment-assistant-extension:test:   [36m>[39m
@qbs-autonaim/recruitment-assistant-extension:test:     [0m
@qbs-autonaim/recruitment-assistant-extension:test:           [0m
@qbs-autonaim/recruitment-assistant-extension:test:     [36m<ul>[39m
@qbs-autonaim/recruitment-assistant-extension:test:       [0m
@qbs-autonaim/recruitment-assistant-extension:test:             [0m
@qbs-autonaim/recruitment-assistant-extension:test:       [36m<li[39m
@qbs-autonaim/recruitment-assistant-extension:test:         [33mclass[39m=[32m"artdeco-list__item"[39m
@qbs-autonaim/recruitment-assistant-extension:test:       [36m>[39m
@qbs-autonaim/recruitment-assistant-extension:test:         [0m
@qbs-autonaim/recruitment-assistant-extension:test:               [0m
@qbs-autonaim/recruitment-assistant-extension:test:         [36m<div[39m
@qbs-autonaim/recruitment-assistant-extension:test:           [33mclass[39m=[32m"display-flex"[39m
@qbs-autonaim/recruitment-assistant-extension:test:         [36m>[39m
@qbs-autonaim/recruitment-assistant-extension:test:           [0m
@qbs-autonaim/recruitment-assistant-extension:test:                 [0m
@qbs-autonaim/recruitment-assistant-extension:test:           [36m<span[39m
@qbs-autonaim/recruitment-assistant-extension:test:             [33maria-hidden[39m=[32m"true"[39m
@qbs-autonaim/recruitment-assistant-extension:test:           [36m>[39m
@qbs-autonaim/recruitment-assistant-extension:test:             [0mSenior Developer[0m
@qbs-autonaim/recruitment-assistant-extension:test:           [36m</span>[39m
@qbs-autonaim/recruitment-assistant-extension:test:           [0m
@qbs-autonaim/recruitment-assistant-extension:test:               [0m
@qbs-autonaim/recruitment-assistant-extension:test:         [36m</div>[39m
@qbs-autonaim/recruitment-assistant-extension:test:         [0m
@qbs-autonaim/recruitment-assistant-extension:test:               [0m
@qbs-autonaim/recruitment-assistant-extension:test:         [36m<span[39m
@qbs-autonaim/recruitment-assistant-extension:test:           [33mclass[39m=[32m"t-14 t-normal"[39m
@qbs-autonaim/recruitment-assistant-extension:test:         [36m>[39m
@qbs-autonaim/recruitment-assistant-extension:test:           [0m
@qbs-autonaim/recruitment-assistant-extension:test:                 [0m
@qbs-autonaim/recruitment-assistant-extension:test:           [36m<span[39m
@qbs-autonaim/recruitment-assistant-extension:test:             [33maria-hidden[39m=[32m"true"[39m
@qbs-autonaim/recruitment-assistant-extension:test:           [36m>[39m
@qbs-autonaim/recruitment-assistant-extension:test:             [0mTech Company[0m
@qbs-autonaim/recruitment-assistant-extension:test:           [36m</span>[39m
@qbs-autonaim/recruitment-assistant-extension:test:           [0m
@qbs-autonaim/recruitment-assistant-extension:test:               [0m
@qbs-autonaim/recruitment-assistant-extension:test:         [36m</span>[39m
@qbs-autonaim/recruitment-assistant-extension:test:         [0m
@qbs-autonaim/recruitment-assistant-extension:test:               [0m
@qbs-autonaim/recruitment-assistant-extension:test:         [36m<span[39m
@qbs-autonaim/recruitment-assistant-extension:test:           [33mclass[39m=[32m"t-14 t-normal t-black--light"[39m
@qbs-autonaim/recruitment-assistant-extension:test:         [36m>[39m
@qbs-autonaim/recruitment-assistant-extension:test:           [0m
@qbs-autonaim/recruitment-assistant-extension:test:                 [0m
@qbs-autonaim/recruitment-assistant-extension:test:           [36m<span[39m
@qbs-autonaim/recruitment-assistant-extension:test:             [33maria-hidden[39m=[32m"true"[39m
@qbs-autonaim/recruitment-assistant-extension:test:           [36m>[39m
@qbs-autonaim/recruitment-assistant-extension:test:             [0m2020 тАУ ╨┐╨╛ ╨╜╨░╤Б╤В╨╛╤П╤Й╨╡╨╡ ╨▓╤А╨╡╨╝╤П[0m
@qbs-autonaim/recruitment-assistant-extension:test:           [36m</span>[39m
@qbs-autonaim/recruitment-assistant-extension:test:           [0m
@qbs-autonaim/recruitment-assistant-extension:test:               [0m
@qbs-autonaim/recruitment-assistant-extension:test:         [36m</span>[39m
@qbs-autonaim/recruitment-assistant-extension:test:         [0m
@qbs-autonaim/recruitment-assistant-extension:test:               [0m
@qbs-autonaim/recruitment-assistant-extension:test:         [36m<div[39m
@qbs-autonaim/recruitment-assistant-extension:test:           [33mclass[39m=[32m"display-flex full-width"[39m
@qbs-autonaim/recruitment-assistant-extension:test:         [36m>[39m
@qbs-autonaim/recruitment-assistant-extension:test:           [0m
@qbs-autonaim/recruitment-assistant-extension:test:                 [0m
@qbs-autonaim/recruitment-assistant-extension:test:           [36m<span[39m
@qbs-autonaim/recruitment-assistant-extension:test:             [33maria-hidden[39m=[32m"true"[39m
@qbs-autonaim/recruitment-assistant-extension:test:           [36m>[39m
@qbs-autonaim/recruitment-assistant-extension:test:             [0m╨а╨░╨╖╤А╨░╨▒╨╛╤В╨║╨░[0m
@qbs-autonaim/recruitment-assistant-extension:test:           [36m</span>[39m
@qbs-autonaim/recruitment-assistant-extension:test:           [0m
@qbs-autonaim/recruitment-assistant-extension:test:               [0m
@qbs-autonaim/recruitment-assistant-extension:test:         [36m</div>[39m
@qbs-autonaim/recruitment-assistant-extension:test:         [0m
@qbs-autonaim/recruitment-assistant-extension:test:             [0m
@qbs-autonaim/recruitment-assistant-extension:test:       [36m</li>[39m
@qbs-autonaim/recruitment-assistant-extension:test:       [0m
@qbs-autonaim/recruitment-assistant-extension:test:           [0m
@qbs-autonaim/recruitment-assistant-extension:test:     [36m</ul>[39m
@qbs-autonaim/recruitment-assistant-extension:test:     [0m
@qbs-autonaim/recruitment-assistant-extension:test:         [0m
@qbs-autonaim/recruitment-assistant-extension:test:   [36m</section>[39m
@qbs-autonaim/recruitment-assistant-extension:test:   [0m
@qbs-autonaim/recruitment-assistant-extension:test:         
@qbs-autonaim/recruitment-assistant-extension:test:         [0m
@qbs-autonaim/recruitment-assistant-extension:test:   [36m<section[39m
@qbs-autonaim/recruitment-assistant-extension:test:     [33mid[39m=[32m"education"[39m
@qbs-autonaim/recruitment-assistant-extension:test:   [36m>[39m
@qbs-autonaim/recruitment-assistant-extension:test:     [0m
@qbs-autonaim/recruitment-assistant-extension:test:           [0m
@qbs-autonaim/recruitment-assistant-extension:test:     [36m<ul>[39m
@qbs-autonaim/recruitment-assistant-extension:test:       [0m
@qbs-autonaim/recruitment-assistant-extension:test:             [0m
@qbs-autonaim/recruitment-assistant-extension:test:       [36m<li[39m
@qbs-autonaim/recruitment-assistant-extension:test:         [33mclass[39m=[32m"artdeco-list__item"[39m
@qbs-autonaim/recruitment-assistant-extension:test:       [36m>[39m
@qbs-autonaim/recruitment-assistant-extension:test:         [0m
@qbs-autonaim/recruitment-assistant-extension:test:               [0m
@qbs-autonaim/recruitment-assistant-extension:test:         [36m<div[39m
@qbs-autonaim/recruitment-assistant-extension:test:           [33mclass[39m=[32m"display-flex"[39m
@qbs-autonaim/recruitment-assistant-extension:test:         [36m>[39m
@qbs-autonaim/recruitment-assistant-extension:test:           [0m
@qbs-autonaim/recruitment-assistant-extension:test:                 [0m
@qbs-autonaim/recruitment-assistant-extension:test:           [36m<span[39m
@qbs-autonaim/recruitment-assistant-extension:test:             [33maria-hidden[39m=[32m"true"[39m
@qbs-autonaim/recruitment-assistant-extension:test:           [36m>[39m
@qbs-autonaim/recruitment-assistant-extension:test:             [0m╨Ь╨У╨г[0m
@qbs-autonaim/recruitment-assistant-extension:test:           [36m</span>[39m
@qbs-autonaim/recruitment-assistant-extension:test:           [0m
@qbs-autonaim/recruitment-assistant-extension:test:               [0m
@qbs-autonaim/recruitment-assistant-extension:test:         [36m</div>[39m
@qbs-autonaim/recruitment-assistant-extension:test:         [0m
@qbs-autonaim/recruitment-assistant-extension:test:               [0m
@qbs-autonaim/recruitment-assistant-extension:test:         [36m<span[39m
@qbs-autonaim/recruitment-assistant-extension:test:           [33mclass[39m=[32m"t-14 t-normal"[39m
@qbs-autonaim/recruitment-assistant-extension:test:         [36m>[39m
@qbs-autonaim/recruitment-assistant-extension:test:           [0m
@qbs-autonaim/recruitment-assistant-extension:test:                 [0m
@qbs-autonaim/recruitment-assistant-extension:test:           [36m<span[39m
@qbs-autonaim/recruitment-assistant-extension:test:             [33maria-hidden[39m=[32m"true"[39m
@qbs-autonaim/recruitment-assistant-extension:test:           [36m>[39m
@qbs-autonaim/recruitment-assistant-extension:test:             [0m╨С╨░╨║╨░╨╗╨░╨▓╤А[0m
@qbs-autonaim/recruitment-assistant-extension:test:           [36m</span>[39m
@qbs-autonaim/recruitment-assistant-extension:test:           [0m
@qbs-autonaim/recruitment-assistant-extension:test:               [0m
@qbs-autonaim/recruitment-assistant-extension:test:         [36m</span>[39m
@qbs-autonaim/recruitment-assistant-extension:test:         [0m
@qbs-autonaim/recruitment-assistant-extension:test:               [0m
@qbs-autonaim/recruitment-assistant-extension:test:         [36m<span[39m
@qbs-autonaim/recruitment-assistant-extension:test:           [33mclass[39m=[32m"t-14 t-normal t-black--light"[39m
@qbs-autonaim/recruitment-assistant-extension:test:         [36m>[39m
@qbs-autonaim/recruitment-assistant-extension:test:           [0m
@qbs-autonaim/recruitment-assistant-extension:test:                 [0m
@qbs-autonaim/recruitment-assistant-extension:test:           [36m<span[39m
@qbs-autonaim/recruitment-assistant-extension:test:             [33maria-hidden[39m=[32m"true"[39m
@qbs-autonaim/recruitment-assistant-extension:test:           [36m>[39m
@qbs-autonaim/recruitment-assistant-extension:test:             [0m╨Ш╨╜╤Д╨╛╤А╨╝╨░╤В╨╕╨║╨░[0m
@qbs-autonaim/recruitment-assistant-extension:test:           [36m</span>[39m
@qbs-autonaim/recruitment-assistant-extension:test:           [0m
@qbs-autonaim/recruitment-assistant-extension:test:               [0m
@qbs-autonaim/recruitment-assistant-extension:test:         [36m</span>[39m
@qbs-autonaim/recruitment-assistant-extension:test:         [0m
@qbs-autonaim/recruitment-assistant-extension:test:               [0m
@qbs-autonaim/recruitment-assistant-extension:test:         [36m<span[39m
@qbs-autonaim/recruitment-assistant-extension:test:           [33mclass[39m=[32m"t-14 t-normal t-black--light"[39m
@qbs-autonaim/recruitment-assistant-extension:test:         [36m>[39m
@qbs-autonaim/recruitment-assistant-extension:test:           [0m
@qbs-autonaim/recruitment-assistant-extension:test:                 [0m
@qbs-autonaim/recruitment-assistant-extension:test:           [36m<span[39m
@qbs-autonaim/recruitment-assistant-extension:test:             [33maria-hidden[39m=[32m"true"[39m
@qbs-autonaim/recruitment-assistant-extension:test:           [36m>[39m
@qbs-autonaim/recruitment-assistant-extension:test:             [0m2015 тАУ 2019[0m
@qbs-autonaim/recruitment-assistant-extension:test:           [36m</span>[39m
@qbs-autonaim/recruitment-assistant-extension:test:           [0m
@qbs-autonaim/recruitment-assistant-extension:test:               [0m
@qbs-autonaim/recruitment-assistant-extension:test:         [36m</span>[39m
@qbs-autonaim/recruitment-assistant-extension:test:         [0m
@qbs-autonaim/recruitment-assistant-extension:test:             [0m
@qbs-autonaim/recruitment-assistant-extension:test:       [36m</li>[39m
@qbs-autonaim/recruitment-assistant-extension:test:       [0m
@qbs-autonaim/recruitment-assistant-extension:test:           [0m
@qbs-autonaim/recruitment-assistant-extension:test:     [36m</ul>[39m
@qbs-autonaim/recruitment-assistant-extension:test:     [0m
@qbs-autonaim/recruitment-assistant-extension:test:         [0m
@qbs-autonaim/recruitment-assistant-extension:test:   [36m</section>[39m
@qbs-autonaim/recruitment-assistant-extension:test:   [0m
@qbs-autonaim/recruitment-assistant-extension:test:         
@qbs-autonaim/recruitment-assistant-extension:test:         [0m
@qbs-autonaim/recruitment-assistant-extension:test:   [36m<section[39m
@qbs-autonaim/recruitment-assistant-extension:test:     [33mid[39m=[32m"skills"[39m
@qbs-autonaim/recruitment-assistant-extension:test:   [36m>[39m
@qbs-autonaim/recruitment-assistant-extension:test:     [0m
@qbs-autonaim/recruitment-assistant-extension:test:           [0m
@qbs-autonaim/recruitment-assistant-extension:test:     [36m<span[39m
@qbs-autonaim/recruitment-assistant-extension:test:       [33maria-hidden[39m=[32m"true"[39m
@qbs-autonaim/recruitment-assistant-extension:test:     [36m>[39m
@qbs-autonaim/recruitment-assistant-extension:test:       [0mTypeScript[0m
@qbs-autonaim/recruitment-assistant-extension:test:     [36m</span>[39m
@qbs-autonaim/recruitment-assistant-extension:test:     [0m
@qbs-autonaim/recruitment-assistant-extension:test:           [0m
@qbs-autonaim/recruitment-assistant-extension:test:     [36m<span[39m
@qbs-autonaim/recruitment-assistant-extension:test:       [33maria-hidden[39m=[32m"true"[39m
@qbs-autonaim/recruitment-assistant-extension:test:     [36m>[39m
@qbs-autonaim/recruitment-assistant-extension:test:       [0mReact[0m
@qbs-autonaim/recruitment-assistant-extension:test:     [36m</span>[39m
@qbs-autonaim/recruitment-assistant-extension:test:     [0m
@qbs-autonaim/recruitment-assistant-extension:test:         [0m
@qbs-autonaim/recruitment-assistant-extension:test:   [36m</section>[39m
@qbs-autonaim/recruitment-assistant-extension:test:   [0m
@qbs-autonaim/recruitment-assistant-extension:test:         
@qbs-autonaim/recruitment-assistant-extension:test:         [0m
@qbs-autonaim/recruitment-assistant-extension:test:   [36m<section[39m
@qbs-autonaim/recruitment-assistant-extension:test:     [33mclass[39m=[32m"pv-contact-info"[39m
@qbs-autonaim/recruitment-assistant-extension:test:   [36m>[39m
@qbs-autonaim/recruitment-assistant-extension:test:     [0m
@qbs-autonaim/recruitment-assistant-extension:test:           [0m
@qbs-autonaim/recruitment-assistant-extension:test:     [36m<a[39m
@qbs-autonaim/recruitment-assistant-extension:test:       [33mhref[39m=[32m"mailto:ivan@example.com"[39m
@qbs-autonaim/recruitment-assistant-extension:test:     [36m>[39m
@qbs-autonaim/recruitment-assistant-extension:test:       [0mEmail[0m
@qbs-autonaim/recruitment-assistant-extension:test:     [36m</a>[39m
@qbs-autonaim/recruitment-assistant-extension:test:     [0m
@qbs-autonaim/recruitment-assistant-extension:test:           [0m
@qbs-autonaim/recruitment-assistant-extension:test:     [36m<span[39m
@qbs-autonaim/recruitment-assistant-extension:test:       [33mclass[39m=[32m"t-14 t-black t-normal"[39m
@qbs-autonaim/recruitment-assistant-extension:test:     [36m>[39m
@qbs-autonaim/recruitment-assistant-extension:test:       [0m+7 (999) 123-45-67[0m
@qbs-autonaim/recruitment-assistant-extension:test:     [36m</span>[39m
@qbs-autonaim/recruitment-assistant-extension:test:     [0m
@qbs-autonaim/recruitment-assistant-extension:test:         [0m
@qbs-autonaim/recruitment-assistant-extension:test:   [36m</section>[39m
@qbs-autonaim/recruitment-assistant-extension:test:   [0m
@qbs-autonaim/recruitment-assistant-extension:test:       [0m
@qbs-autonaim/recruitment-assistant-extension:test:   [36m<div>[39m
@qbs-autonaim/recruitment-assistant-extension:test:     [36m<section[39m
@qbs-autonaim/recruitment-assistant-extension:test:       [33maria-label[39m=[32m"╨Ф╨░╨╜╨╜╤Л╨╡ ╨║╨░╨╜╨┤╨╕╨┤╨░╤В╨░"[39m
@qbs-autonaim/recruitment-assistant-extension:test:       [33mclass[39m=[32m"ra-data-panel"[39m
@qbs-autonaim/recruitment-assistant-extension:test:     [36m>[39m
@qbs-autonaim/recruitment-assistant-extension:test:       [36m<div[39m
@qbs-autonaim/recruitment-assistant-extension:test:         [33mclass[39m=[32m"ra-data-panel__header"[39m
@qbs-autonaim/recruitment-assistant-extension:test:       [36m>[39m
@qbs-autonaim/recruitment-assistant-extension:test:         [36m<h2[39m
@qbs-autonaim/recruitment-assistant-extension:test:           [33mclass[39m=[32m"ra-data-panel__title"[39m
@qbs-autonaim/recruitment-assistant-extension:test:         [36m>[39m
@qbs-autonaim/recruitment-assistant-extension:test:           [0m╨Ф╨░╨╜╨╜╤Л╨╡ ╨║╨░╨╜╨┤╨╕╨┤╨░╤В╨░[0m
@qbs-autonaim/recruitment-assistant-extension:test:         [36m</h2>[39m
@qbs-autonaim/recruitment-assistant-extension:test:         [36m<div[39m
@qbs-autonaim/recruitment-assistant-extension:test:           [33mclass[39m=[32m"ra-data-panel__meta tabular-nums"[39m
@qbs-autonaim/recruitment-assistant-extension:test:         [36m>[39m
@qbs-autonaim/recruitment-assistant-extension:test:           [0mLinkedIn[0m
@qbs-autonaim/recruitment-assistant-extension:test:           [0m тАв [0m
@qbs-autonaim/recruitment-assistant-extension:test:           [0m01.01.2024, 12:00[0m
@qbs-autonaim/recruitment-assistant-extension:test:         [36m</div>[39m
@qbs-autonaim/recruitment-assistant-extension:test:       [36m</div>[39m
@qbs-autonaim/recruitment-assistant-extension:test:       [36m<div[39m
@qbs-autonaim/recruitment-assistant-extension:test:         [33mclass[39m=[32m"ra-data-panel__content"[39m
@qbs-autonaim/recruitment-assistant-extension:test:       [36m>[39m
@qbs-autonaim/recruitment-assistant-extension:test:         [36m<section[39m
@qbs-autonaim/recruitment-assistant-extension:test:           [33mclass[39m=[32m"ra-data-panel__section"[39m
@qbs-autonaim/recruitment-assistant-extension:test:         [36m>[39m
@qbs-autonaim/recruitment-assistant-extension:test:           [36m<h3[39m
@qbs-autonaim/recruitment-assistant-extension:test:             [33mclass[39m=[32m"ra-data-panel__section-title"[39m
@qbs-autonaim/recruitment-assistant-extension:test:           [36m>[39m
@qbs-autonaim/recruitment-assistant-extension:test:             [0m╨Ю╤Б╨╜╨╛╨▓╨╜╨░╤П ╨╕╨╜╤Д╨╛╤А╨╝╨░╤Ж╨╕╤П[0m
@qbs-autonaim/recruitment-assistant-extension:test:           [36m</h3>[39m
@qbs-autonaim/recruitment-assistant-extension:test:           [36m<div[39m
@qbs-autonaim/recruitment-assistant-extension:test:             [33mstyle[39m=[32m"margin-bottom: 16px; display: flex; flex-direction: column; gap: 4px;"[39m
@qbs-autonaim/recruitment-assistant-extension:test:           [36m>[39m
@qbs-autonaim/recruitment-assistant-extension:test:             [36m<label[39m
@qbs-autonaim/recruitment-assistant-extension:test:               [33mfor[39m=[32m"_r_48_"[39m
@qbs-autonaim/recruitment-assistant-extension:test:               [33mstyle[39m=[32m"font-size: 14px; font-weight: 500; color: #374151;"[39m
@qbs-autonaim/recruitment-assistant-extension:test:             [36m>[39m
@qbs-autonaim/recruitment-assistant-extension:test:               [0m╨Я╨╛╨╗╨╜╨╛╨╡ ╨╕╨╝╤П[0m
@qbs-autonaim/recruitment-assistant-extension:test:             [36m</label>[39m
@qbs-autonaim/recruitment-assistant-extension:test:          ...
@qbs-autonaim/recruitment-assistant-extension:test:       at getElementError (C:\Projects\kwork\selectio\node_modules\@testing-library\dom\dist\config.js:37:23)
@qbs-autonaim/recruitment-assistant-extension:test:       at getAllByLabelText (C:\Projects\kwork\selectio\node_modules\@testing-library\dom\dist\queries\label-text.js:111:38)
@qbs-autonaim/recruitment-assistant-extension:test:       at <anonymous> (C:\Projects\kwork\selectio\node_modules\@testing-library\dom\dist\query-helpers.js:52:17)
@qbs-autonaim/recruitment-assistant-extension:test:       at <anonymous> (C:\Projects\kwork\selectio\node_modules\@testing-library\dom\dist\query-helpers.js:95:19)
@qbs-autonaim/recruitment-assistant-extension:test:       at <anonymous> (C:\Projects\kwork\selectio\apps\recruitment-assistant-extension\src\content\ui\data-panel.test.tsx:237:33)
@qbs-autonaim/recruitment-assistant-extension:test: (fail) DataPanel > ╨┤╨╛╨╗╨╢╨╡╨╜ ╨▓╤Л╨╖╤Л╨▓╨░╤В╤М onExport ╨┐╤А╨╕ ╨║╨╗╨╕╨║╨╡ ╨╜╨░ ╨║╨╜╨╛╨┐╨║╤Г ╤Н╨║╤Б╨┐╨╛╤А╤В╨░ JSON [31.00ms]
@qbs-autonaim/recruitment-assistant-extension:test: 32 |   // throw errors w/ suggestions for better queries. Opt in so off by default.
@qbs-autonaim/recruitment-assistant-extension:test: 33 |   throwSuggestions: false,
@qbs-autonaim/recruitment-assistant-extension:test: 34 |   // called when getBy* queries fail. (message, container) => Error
@qbs-autonaim/recruitment-assistant-extension:test: 35 |   getElementError(message, container) {
@qbs-autonaim/recruitment-assistant-extension:test: 36 |     const prettifiedDOM = (0, _prettyDom.prettyDOM)(container);
@qbs-autonaim/recruitment-assistant-extension:test: 37 |     const error = new Error([message, `Ignored nodes: comments, ${config.defaultIgnore}\n${prettifiedDOM}`].filter(Boolean).join('\n\n'));
@qbs-autonaim/recruitment-assistant-extension:test:                            ^
@qbs-autonaim/recruitment-assistant-extension:test: TestingLibraryElementError: Unable to find a label with the text of: ╨б╨║╨╛╨┐╨╕╤А╨╛╨▓╨░╤В╤М ╨┤╨░╨╜╨╜╤Л╨╡ ╨▓ ╨▒╤Г╤Д╨╡╤А ╨╛╨▒╨╝╨╡╨╜╨░
@qbs-autonaim/recruitment-assistant-extension:test: 
@qbs-autonaim/recruitment-assistant-extension:test: Ignored nodes: comments, script, style
@qbs-autonaim/recruitment-assistant-extension:test: [36m<body>[39m
@qbs-autonaim/recruitment-assistant-extension:test:   [0m
@qbs-autonaim/recruitment-assistant-extension:test:         [0m
@qbs-autonaim/recruitment-assistant-extension:test:   [36m<h1[39m
@qbs-autonaim/recruitment-assistant-extension:test:     [33mclass[39m=[32m"text-heading-xlarge"[39m
@qbs-autonaim/recruitment-assistant-extension:test:   [36m>[39m
@qbs-autonaim/recruitment-assistant-extension:test:     [0m╨Ш╨▓╨░╨╜ ╨Ш╨▓╨░╨╜╨╛╨▓[0m
@qbs-autonaim/recruitment-assistant-extension:test:   [36m</h1>[39m
@qbs-autonaim/recruitment-assistant-extension:test:   [0m
@qbs-autonaim/recruitment-assistant-extension:test:         [0m
@qbs-autonaim/recruitment-assistant-extension:test:   [36m<div[39m
@qbs-autonaim/recruitment-assistant-extension:test:     [33mclass[39m=[32m"text-body-medium"[39m
@qbs-autonaim/recruitment-assistant-extension:test:   [36m>[39m
@qbs-autonaim/recruitment-assistant-extension:test:     [0mSenior Developer[0m
@qbs-autonaim/recruitment-assistant-extension:test:   [36m</div>[39m
@qbs-autonaim/recruitment-assistant-extension:test:   [0m
@qbs-autonaim/recruitment-assistant-extension:test:         [0m
@qbs-autonaim/recruitment-assistant-extension:test:   [36m<span[39m
@qbs-autonaim/recruitment-assistant-extension:test:     [33mclass[39m=[32m"text-body-small inline"[39m
@qbs-autonaim/recruitment-assistant-extension:test:   [36m>[39m
@qbs-autonaim/recruitment-assistant-extension:test:     [0m╨Ь╨╛╤Б╨║╨▓╨░, ╨а╨╛╤Б╤Б╨╕╤П[0m
@qbs-autonaim/recruitment-assistant-extension:test:   [36m</span>[39m
@qbs-autonaim/recruitment-assistant-extension:test:   [0m
@qbs-autonaim/recruitment-assistant-extension:test:         [0m
@qbs-autonaim/recruitment-assistant-extension:test:   [36m<img[39m
@qbs-autonaim/recruitment-assistant-extension:test:     [33mclass[39m=[32m"pv-top-card-profile-picture__image"[39m
@qbs-autonaim/recruitment-assistant-extension:test:     [33msrc[39m=[32m"https://example.com/photo.jpg"[39m
@qbs-autonaim/recruitment-assistant-extension:test:   [36m/>[39m
@qbs-autonaim/recruitment-assistant-extension:test:   [0m
@qbs-autonaim/recruitment-assistant-extension:test:         
@qbs-autonaim/recruitment-assistant-extension:test:         [0m
@qbs-autonaim/recruitment-assistant-extension:test:   [36m<section[39m
@qbs-autonaim/recruitment-assistant-extension:test:     [33mid[39m=[32m"experience"[39m
@qbs-autonaim/recruitment-assistant-extension:test:   [36m>[39m
@qbs-autonaim/recruitment-assistant-extension:test:     [0m
@qbs-autonaim/recruitment-assistant-extension:test:           [0m
@qbs-autonaim/recruitment-assistant-extension:test:     [36m<ul>[39m
@qbs-autonaim/recruitment-assistant-extension:test:       [0m
@qbs-autonaim/recruitment-assistant-extension:test:             [0m
@qbs-autonaim/recruitment-assistant-extension:test:       [36m<li[39m
@qbs-autonaim/recruitment-assistant-extension:test:         [33mclass[39m=[32m"artdeco-list__item"[39m
@qbs-autonaim/recruitment-assistant-extension:test:       [36m>[39m
@qbs-autonaim/recruitment-assistant-extension:test:         [0m
@qbs-autonaim/recruitment-assistant-extension:test:               [0m
@qbs-autonaim/recruitment-assistant-extension:test:         [36m<div[39m
@qbs-autonaim/recruitment-assistant-extension:test:           [33mclass[39m=[32m"display-flex"[39m
@qbs-autonaim/recruitment-assistant-extension:test:         [36m>[39m
@qbs-autonaim/recruitment-assistant-extension:test:           [0m
@qbs-autonaim/recruitment-assistant-extension:test:                 [0m
@qbs-autonaim/recruitment-assistant-extension:test:           [36m<span[39m
@qbs-autonaim/recruitment-assistant-extension:test:             [33maria-hidden[39m=[32m"true"[39m
@qbs-autonaim/recruitment-assistant-extension:test:           [36m>[39m
@qbs-autonaim/recruitment-assistant-extension:test:             [0mSenior Developer[0m
@qbs-autonaim/recruitment-assistant-extension:test:           [36m</span>[39m
@qbs-autonaim/recruitment-assistant-extension:test:           [0m
@qbs-autonaim/recruitment-assistant-extension:test:               [0m
@qbs-autonaim/recruitment-assistant-extension:test:         [36m</div>[39m
@qbs-autonaim/recruitment-assistant-extension:test:         [0m
@qbs-autonaim/recruitment-assistant-extension:test:               [0m
@qbs-autonaim/recruitment-assistant-extension:test:         [36m<span[39m
@qbs-autonaim/recruitment-assistant-extension:test:           [33mclass[39m=[32m"t-14 t-normal"[39m
@qbs-autonaim/recruitment-assistant-extension:test:         [36m>[39m
@qbs-autonaim/recruitment-assistant-extension:test:           [0m
@qbs-autonaim/recruitment-assistant-extension:test:                 [0m
@qbs-autonaim/recruitment-assistant-extension:test:           [36m<span[39m
@qbs-autonaim/recruitment-assistant-extension:test:             [33maria-hidden[39m=[32m"true"[39m
@qbs-autonaim/recruitment-assistant-extension:test:           [36m>[39m
@qbs-autonaim/recruitment-assistant-extension:test:             [0mTech Company[0m
@qbs-autonaim/recruitment-assistant-extension:test:           [36m</span>[39m
@qbs-autonaim/recruitment-assistant-extension:test:           [0m
@qbs-autonaim/recruitment-assistant-extension:test:               [0m
@qbs-autonaim/recruitment-assistant-extension:test:         [36m</span>[39m
@qbs-autonaim/recruitment-assistant-extension:test:         [0m
@qbs-autonaim/recruitment-assistant-extension:test:               [0m
@qbs-autonaim/recruitment-assistant-extension:test:         [36m<span[39m
@qbs-autonaim/recruitment-assistant-extension:test:           [33mclass[39m=[32m"t-14 t-normal t-black--light"[39m
@qbs-autonaim/recruitment-assistant-extension:test:         [36m>[39m
@qbs-autonaim/recruitment-assistant-extension:test:           [0m
@qbs-autonaim/recruitment-assistant-extension:test:                 [0m
@qbs-autonaim/recruitment-assistant-extension:test:           [36m<span[39m
@qbs-autonaim/recruitment-assistant-extension:test:             [33maria-hidden[39m=[32m"true"[39m
@qbs-autonaim/recruitment-assistant-extension:test:           [36m>[39m
@qbs-autonaim/recruitment-assistant-extension:test:             [0m2020 тАУ ╨┐╨╛ ╨╜╨░╤Б╤В╨╛╤П╤Й╨╡╨╡ ╨▓╤А╨╡╨╝╤П[0m
@qbs-autonaim/recruitment-assistant-extension:test:           [36m</span>[39m
@qbs-autonaim/recruitment-assistant-extension:test:           [0m
@qbs-autonaim/recruitment-assistant-extension:test:               [0m
@qbs-autonaim/recruitment-assistant-extension:test:         [36m</span>[39m
@qbs-autonaim/recruitment-assistant-extension:test:         [0m
@qbs-autonaim/recruitment-assistant-extension:test:               [0m
@qbs-autonaim/recruitment-assistant-extension:test:         [36m<div[39m
@qbs-autonaim/recruitment-assistant-extension:test:           [33mclass[39m=[32m"display-flex full-width"[39m
@qbs-autonaim/recruitment-assistant-extension:test:         [36m>[39m
@qbs-autonaim/recruitment-assistant-extension:test:           [0m
@qbs-autonaim/recruitment-assistant-extension:test:                 [0m
@qbs-autonaim/recruitment-assistant-extension:test:           [36m<span[39m
@qbs-autonaim/recruitment-assistant-extension:test:             [33maria-hidden[39m=[32m"true"[39m
@qbs-autonaim/recruitment-assistant-extension:test:           [36m>[39m
@qbs-autonaim/recruitment-assistant-extension:test:             [0m╨а╨░╨╖╤А╨░╨▒╨╛╤В╨║╨░[0m
@qbs-autonaim/recruitment-assistant-extension:test:           [36m</span>[39m
@qbs-autonaim/recruitment-assistant-extension:test:           [0m
@qbs-autonaim/recruitment-assistant-extension:test:               [0m
@qbs-autonaim/recruitment-assistant-extension:test:         [36m</div>[39m
@qbs-autonaim/recruitment-assistant-extension:test:         [0m
@qbs-autonaim/recruitment-assistant-extension:test:             [0m
@qbs-autonaim/recruitment-assistant-extension:test:       [36m</li>[39m
@qbs-autonaim/recruitment-assistant-extension:test:       [0m
@qbs-autonaim/recruitment-assistant-extension:test:           [0m
@qbs-autonaim/recruitment-assistant-extension:test:     [36m</ul>[39m
@qbs-autonaim/recruitment-assistant-extension:test:     [0m
@qbs-autonaim/recruitment-assistant-extension:test:         [0m
@qbs-autonaim/recruitment-assistant-extension:test:   [36m</section>[39m
@qbs-autonaim/recruitment-assistant-extension:test:   [0m
@qbs-autonaim/recruitment-assistant-extension:test:         
@qbs-autonaim/recruitment-assistant-extension:test:         [0m
@qbs-autonaim/recruitment-assistant-extension:test:   [36m<section[39m
@qbs-autonaim/recruitment-assistant-extension:test:     [33mid[39m=[32m"education"[39m
@qbs-autonaim/recruitment-assistant-extension:test:   [36m>[39m
@qbs-autonaim/recruitment-assistant-extension:test:     [0m
@qbs-autonaim/recruitment-assistant-extension:test:           [0m
@qbs-autonaim/recruitment-assistant-extension:test:     [36m<ul>[39m
@qbs-autonaim/recruitment-assistant-extension:test:       [0m
@qbs-autonaim/recruitment-assistant-extension:test:             [0m
@qbs-autonaim/recruitment-assistant-extension:test:       [36m<li[39m
@qbs-autonaim/recruitment-assistant-extension:test:         [33mclass[39m=[32m"artdeco-list__item"[39m
@qbs-autonaim/recruitment-assistant-extension:test:       [36m>[39m
@qbs-autonaim/recruitment-assistant-extension:test:         [0m
@qbs-autonaim/recruitment-assistant-extension:test:               [0m
@qbs-autonaim/recruitment-assistant-extension:test:         [36m<div[39m
@qbs-autonaim/recruitment-assistant-extension:test:           [33mclass[39m=[32m"display-flex"[39m
@qbs-autonaim/recruitment-assistant-extension:test:         [36m>[39m
@qbs-autonaim/recruitment-assistant-extension:test:           [0m
@qbs-autonaim/recruitment-assistant-extension:test:                 [0m
@qbs-autonaim/recruitment-assistant-extension:test:           [36m<span[39m
@qbs-autonaim/recruitment-assistant-extension:test:             [33maria-hidden[39m=[32m"true"[39m
@qbs-autonaim/recruitment-assistant-extension:test:           [36m>[39m
@qbs-autonaim/recruitment-assistant-extension:test:             [0m╨Ь╨У╨г[0m
@qbs-autonaim/recruitment-assistant-extension:test:           [36m</span>[39m
@qbs-autonaim/recruitment-assistant-extension:test:           [0m
@qbs-autonaim/recruitment-assistant-extension:test:               [0m
@qbs-autonaim/recruitment-assistant-extension:test:         [36m</div>[39m
@qbs-autonaim/recruitment-assistant-extension:test:         [0m
@qbs-autonaim/recruitment-assistant-extension:test:               [0m
@qbs-autonaim/recruitment-assistant-extension:test:         [36m<span[39m
@qbs-autonaim/recruitment-assistant-extension:test:           [33mclass[39m=[32m"t-14 t-normal"[39m
@qbs-autonaim/recruitment-assistant-extension:test:         [36m>[39m
@qbs-autonaim/recruitment-assistant-extension:test:           [0m
@qbs-autonaim/recruitment-assistant-extension:test:                 [0m
@qbs-autonaim/recruitment-assistant-extension:test:           [36m<span[39m
@qbs-autonaim/recruitment-assistant-extension:test:             [33maria-hidden[39m=[32m"true"[39m
@qbs-autonaim/recruitment-assistant-extension:test:           [36m>[39m
@qbs-autonaim/recruitment-assistant-extension:test:             [0m╨С╨░╨║╨░╨╗╨░╨▓╤А[0m
@qbs-autonaim/recruitment-assistant-extension:test:           [36m</span>[39m
@qbs-autonaim/recruitment-assistant-extension:test:           [0m
@qbs-autonaim/recruitment-assistant-extension:test:               [0m
@qbs-autonaim/recruitment-assistant-extension:test:         [36m</span>[39m
@qbs-autonaim/recruitment-assistant-extension:test:         [0m
@qbs-autonaim/recruitment-assistant-extension:test:               [0m
@qbs-autonaim/recruitment-assistant-extension:test:         [36m<span[39m
@qbs-autonaim/recruitment-assistant-extension:test:           [33mclass[39m=[32m"t-14 t-normal t-black--light"[39m
@qbs-autonaim/recruitment-assistant-extension:test:         [36m>[39m
@qbs-autonaim/recruitment-assistant-extension:test:           [0m
@qbs-autonaim/recruitment-assistant-extension:test:                 [0m
@qbs-autonaim/recruitment-assistant-extension:test:           [36m<span[39m
@qbs-autonaim/recruitment-assistant-extension:test:             [33maria-hidden[39m=[32m"true"[39m
@qbs-autonaim/recruitment-assistant-extension:test:           [36m>[39m
@qbs-autonaim/recruitment-assistant-extension:test:             [0m╨Ш╨╜╤Д╨╛╤А╨╝╨░╤В╨╕╨║╨░[0m
@qbs-autonaim/recruitment-assistant-extension:test:           [36m</span>[39m
@qbs-autonaim/recruitment-assistant-extension:test:           [0m
@qbs-autonaim/recruitment-assistant-extension:test:               [0m
@qbs-autonaim/recruitment-assistant-extension:test:         [36m</span>[39m
@qbs-autonaim/recruitment-assistant-extension:test:         [0m
@qbs-autonaim/recruitment-assistant-extension:test:               [0m
@qbs-autonaim/recruitment-assistant-extension:test:         [36m<span[39m
@qbs-autonaim/recruitment-assistant-extension:test:           [33mclass[39m=[32m"t-14 t-normal t-black--light"[39m
@qbs-autonaim/recruitment-assistant-extension:test:         [36m>[39m
@qbs-autonaim/recruitment-assistant-extension:test:           [0m
@qbs-autonaim/recruitment-assistant-extension:test:                 [0m
@qbs-autonaim/recruitment-assistant-extension:test:           [36m<span[39m
@qbs-autonaim/recruitment-assistant-extension:test:             [33maria-hidden[39m=[32m"true"[39m
@qbs-autonaim/recruitment-assistant-extension:test:           [36m>[39m
@qbs-autonaim/recruitment-assistant-extension:test:             [0m2015 тАУ 2019[0m
@qbs-autonaim/recruitment-assistant-extension:test:           [36m</span>[39m
@qbs-autonaim/recruitment-assistant-extension:test:           [0m
@qbs-autonaim/recruitment-assistant-extension:test:               [0m
@qbs-autonaim/recruitment-assistant-extension:test:         [36m</span>[39m
@qbs-autonaim/recruitment-assistant-extension:test:         [0m
@qbs-autonaim/recruitment-assistant-extension:test:             [0m
@qbs-autonaim/recruitment-assistant-extension:test:       [36m</li>[39m
@qbs-autonaim/recruitment-assistant-extension:test:       [0m
@qbs-autonaim/recruitment-assistant-extension:test:           [0m
@qbs-autonaim/recruitment-assistant-extension:test:     [36m</ul>[39m
@qbs-autonaim/recruitment-assistant-extension:test:     [0m
@qbs-autonaim/recruitment-assistant-extension:test:         [0m
@qbs-autonaim/recruitment-assistant-extension:test:   [36m</section>[39m
@qbs-autonaim/recruitment-assistant-extension:test:   [0m
@qbs-autonaim/recruitment-assistant-extension:test:         
@qbs-autonaim/recruitment-assistant-extension:test:         [0m
@qbs-autonaim/recruitment-assistant-extension:test:   [36m<section[39m
@qbs-autonaim/recruitment-assistant-extension:test:     [33mid[39m=[32m"skills"[39m
@qbs-autonaim/recruitment-assistant-extension:test:   [36m>[39m
@qbs-autonaim/recruitment-assistant-extension:test:     [0m
@qbs-autonaim/recruitment-assistant-extension:test:           [0m
@qbs-autonaim/recruitment-assistant-extension:test:     [36m<span[39m
@qbs-autonaim/recruitment-assistant-extension:test:       [33maria-hidden[39m=[32m"true"[39m
@qbs-autonaim/recruitment-assistant-extension:test:     [36m>[39m
@qbs-autonaim/recruitment-assistant-extension:test:       [0mTypeScript[0m
@qbs-autonaim/recruitment-assistant-extension:test:     [36m</span>[39m
@qbs-autonaim/recruitment-assistant-extension:test:     [0m
@qbs-autonaim/recruitment-assistant-extension:test:           [0m
@qbs-autonaim/recruitment-assistant-extension:test:     [36m<span[39m
@qbs-autonaim/recruitment-assistant-extension:test:       [33maria-hidden[39m=[32m"true"[39m
@qbs-autonaim/recruitment-assistant-extension:test:     [36m>[39m
@qbs-autonaim/recruitment-assistant-extension:test:       [0mReact[0m
@qbs-autonaim/recruitment-assistant-extension:test:     [36m</span>[39m
@qbs-autonaim/recruitment-assistant-extension:test:     [0m
@qbs-autonaim/recruitment-assistant-extension:test:         [0m
@qbs-autonaim/recruitment-assistant-extension:test:   [36m</section>[39m
@qbs-autonaim/recruitment-assistant-extension:test:   [0m
@qbs-autonaim/recruitment-assistant-extension:test:         
@qbs-autonaim/recruitment-assistant-extension:test:         [0m
@qbs-autonaim/recruitment-assistant-extension:test:   [36m<section[39m
@qbs-autonaim/recruitment-assistant-extension:test:     [33mclass[39m=[32m"pv-contact-info"[39m
@qbs-autonaim/recruitment-assistant-extension:test:   [36m>[39m
@qbs-autonaim/recruitment-assistant-extension:test:     [0m
@qbs-autonaim/recruitment-assistant-extension:test:           [0m
@qbs-autonaim/recruitment-assistant-extension:test:     [36m<a[39m
@qbs-autonaim/recruitment-assistant-extension:test:       [33mhref[39m=[32m"mailto:ivan@example.com"[39m
@qbs-autonaim/recruitment-assistant-extension:test:     [36m>[39m
@qbs-autonaim/recruitment-assistant-extension:test:       [0mEmail[0m
@qbs-autonaim/recruitment-assistant-extension:test:     [36m</a>[39m
@qbs-autonaim/recruitment-assistant-extension:test:     [0m
@qbs-autonaim/recruitment-assistant-extension:test:           [0m
@qbs-autonaim/recruitment-assistant-extension:test:     [36m<span[39m
@qbs-autonaim/recruitment-assistant-extension:test:       [33mclass[39m=[32m"t-14 t-black t-normal"[39m
@qbs-autonaim/recruitment-assistant-extension:test:     [36m>[39m
@qbs-autonaim/recruitment-assistant-extension:test:       [0m+7 (999) 123-45-67[0m
@qbs-autonaim/recruitment-assistant-extension:test:     [36m</span>[39m
@qbs-autonaim/recruitment-assistant-extension:test:     [0m
@qbs-autonaim/recruitment-assistant-extension:test:         [0m
@qbs-autonaim/recruitment-assistant-extension:test:   [36m</section>[39m
@qbs-autonaim/recruitment-assistant-extension:test:   [0m
@qbs-autonaim/recruitment-assistant-extension:test:       [0m
@qbs-autonaim/recruitment-assistant-extension:test:   [36m<div>[39m
@qbs-autonaim/recruitment-assistant-extension:test:     [36m<section[39m
@qbs-autonaim/recruitment-assistant-extension:test:       [33maria-label[39m=[32m"╨Ф╨░╨╜╨╜╤Л╨╡ ╨║╨░╨╜╨┤╨╕╨┤╨░╤В╨░"[39m
@qbs-autonaim/recruitment-assistant-extension:test:       [33mclass[39m=[32m"ra-data-panel"[39m
@qbs-autonaim/recruitment-assistant-extension:test:     [36m>[39m
@qbs-autonaim/recruitment-assistant-extension:test:       [36m<div[39m
@qbs-autonaim/recruitment-assistant-extension:test:         [33mclass[39m=[32m"ra-data-panel__header"[39m
@qbs-autonaim/recruitment-assistant-extension:test:       [36m>[39m
@qbs-autonaim/recruitment-assistant-extension:test:         [36m<h2[39m
@qbs-autonaim/recruitment-assistant-extension:test:           [33mclass[39m=[32m"ra-data-panel__title"[39m
@qbs-autonaim/recruitment-assistant-extension:test:         [36m>[39m
@qbs-autonaim/recruitment-assistant-extension:test:           [0m╨Ф╨░╨╜╨╜╤Л╨╡ ╨║╨░╨╜╨┤╨╕╨┤╨░╤В╨░[0m
@qbs-autonaim/recruitment-assistant-extension:test:         [36m</h2>[39m
@qbs-autonaim/recruitment-assistant-extension:test:         [36m<div[39m
@qbs-autonaim/recruitment-assistant-extension:test:           [33mclass[39m=[32m"ra-data-panel__meta tabular-nums"[39m
@qbs-autonaim/recruitment-assistant-extension:test:         [36m>[39m
@qbs-autonaim/recruitment-assistant-extension:test:           [0mLinkedIn[0m
@qbs-autonaim/recruitment-assistant-extension:test:           [0m тАв [0m
@qbs-autonaim/recruitment-assistant-extension:test:           [0m01.01.2024, 12:00[0m
@qbs-autonaim/recruitment-assistant-extension:test:         [36m</div>[39m
@qbs-autonaim/recruitment-assistant-extension:test:       [36m</div>[39m
@qbs-autonaim/recruitment-assistant-extension:test:       [36m<div[39m
@qbs-autonaim/recruitment-assistant-extension:test:         [33mclass[39m=[32m"ra-data-panel__content"[39m
@qbs-autonaim/recruitment-assistant-extension:test:       [36m>[39m
@qbs-autonaim/recruitment-assistant-extension:test:         [36m<section[39m
@qbs-autonaim/recruitment-assistant-extension:test:           [33mclass[39m=[32m"ra-data-panel__section"[39m
@qbs-autonaim/recruitment-assistant-extension:test:         [36m>[39m
@qbs-autonaim/recruitment-assistant-extension:test:           [36m<h3[39m
@qbs-autonaim/recruitment-assistant-extension:test:             [33mclass[39m=[32m"ra-data-panel__section-title"[39m
@qbs-autonaim/recruitment-assistant-extension:test:           [36m>[39m
@qbs-autonaim/recruitment-assistant-extension:test:             [0m╨Ю╤Б╨╜╨╛╨▓╨╜╨░╤П ╨╕╨╜╤Д╨╛╤А╨╝╨░╤Ж╨╕╤П[0m
@qbs-autonaim/recruitment-assistant-extension:test:           [36m</h3>[39m
@qbs-autonaim/recruitment-assistant-extension:test:           [36m<div[39m
@qbs-autonaim/recruitment-assistant-extension:test:             [33mstyle[39m=[32m"margin-bottom: 16px; display: flex; flex-direction: column; gap: 4px;"[39m
@qbs-autonaim/recruitment-assistant-extension:test:           [36m>[39m
@qbs-autonaim/recruitment-assistant-extension:test:             [36m<label[39m
@qbs-autonaim/recruitment-assistant-extension:test:               [33mfor[39m=[32m"_r_4i_"[39m
@qbs-autonaim/recruitment-assistant-extension:test:               [33mstyle[39m=[32m"font-size: 14px; font-weight: 500; color: #374151;"[39m
@qbs-autonaim/recruitment-assistant-extension:test:             [36m>[39m
@qbs-autonaim/recruitment-assistant-extension:test:               [0m╨Я╨╛╨╗╨╜╨╛╨╡ ╨╕╨╝╤П[0m
@qbs-autonaim/recruitment-assistant-extension:test:             [36m</label>[39m
@qbs-autonaim/recruitment-assistant-extension:test:          ...
@qbs-autonaim/recruitment-assistant-extension:test:       at getElementError (C:\Projects\kwork\selectio\node_modules\@testing-library\dom\dist\config.js:37:23)
@qbs-autonaim/recruitment-assistant-extension:test:       at getAllByLabelText (C:\Projects\kwork\selectio\node_modules\@testing-library\dom\dist\queries\label-text.js:111:38)
@qbs-autonaim/recruitment-assistant-extension:test:       at <anonymous> (C:\Projects\kwork\selectio\node_modules\@testing-library\dom\dist\query-helpers.js:52:17)
@qbs-autonaim/recruitment-assistant-extension:test:       at <anonymous> (C:\Projects\kwork\selectio\node_modules\@testing-library\dom\dist\query-helpers.js:95:19)
@qbs-autonaim/recruitment-assistant-extension:test:       at <anonymous> (C:\Projects\kwork\selectio\apps\recruitment-assistant-extension\src\content\ui\data-panel.test.tsx:257:31)
@qbs-autonaim/recruitment-assistant-extension:test: (fail) DataPanel > ╨┤╨╛╨╗╨╢╨╡╨╜ ╨▓╤Л╨╖╤Л╨▓╨░╤В╤М onExport ╨┐╤А╨╕ ╨║╨╗╨╕╨║╨╡ ╨╜╨░ ╨║╨╜╨╛╨┐╨║╤Г ╨║╨╛╨┐╨╕╤А╨╛╨▓╨░╨╜╨╕╤П [47.00ms]
@qbs-autonaim/recruitment-assistant-extension:test: 106 |         throw (0, _config.getConfig)().getElementError(tagNames.map(tagName => `Found a label with the text of: ${text}, however the element associated with this label (<${tagName} />) is non-labellable [https://html.spec.whatwg.org/multipage/forms.html#category-label]. If you really need to label a <${tagName} />, you can use aria-label or aria-labelledby instead.`).join('\n\n'), container);
@qbs-autonaim/recruitment-assistant-extension:test: 107 |       } else {
@qbs-autonaim/recruitment-assistant-extension:test: 108 |         throw (0, _config.getConfig)().getElementError(`Found a label with the text of: ${text}, however no form control was found associated to that label. Make sure you're using the "for" attribute or "aria-labelledby" attribute correctly.`, container);
@qbs-autonaim/recruitment-assistant-extension:test: 109 |       }
@qbs-autonaim/recruitment-assistant-extension:test: 110 |     } else {
@qbs-autonaim/recruitment-assistant-extension:test: 111 |       throw (0, _config.getConfig)().getElementError(`Unable to find a label with the text of: ${text}`, container);
@qbs-autonaim/recruitment-assistant-extension:test:                                                                                                                         ^
@qbs-autonaim/recruitment-assistant-extension:test: TestingLibraryElementError: Unable to find a label with the text of: ╨Ш╨╝╨┐╨╛╤А╤В╨╕╤А╨╛╨▓╨░╤В╤М ╨║╨░╨╜╨┤╨╕╨┤╨░╤В╨░ ╨▓ ╤Б╨╕╤Б╤В╨╡╨╝╤Г
@qbs-autonaim/recruitment-assistant-extension:test: 
@qbs-autonaim/recruitment-assistant-extension:test: Ignored nodes: comments, script, style
@qbs-autonaim/recruitment-assistant-extension:test: [36m<body>[39m
@qbs-autonaim/recruitment-assistant-extension:test:   [0m
@qbs-autonaim/recruitment-assistant-extension:test:         [0m
@qbs-autonaim/recruitment-assistant-extension:test:   [36m<h1[39m
@qbs-autonaim/recruitment-assistant-extension:test:     [33mclass[39m=[32m"text-heading-xlarge"[39m
@qbs-autonaim/recruitment-assistant-extension:test:   [36m>[39m
@qbs-autonaim/recruitment-assistant-extension:test:     [0m╨Ш╨▓╨░╨╜ ╨Ш╨▓╨░╨╜╨╛╨▓[0m
@qbs-autonaim/recruitment-assistant-extension:test:   [36m</h1>[39m
@qbs-autonaim/recruitment-assistant-extension:test:   [0m
@qbs-autonaim/recruitment-assistant-extension:test:         [0m
@qbs-autonaim/recruitment-assistant-extension:test:   [36m<div[39m
@qbs-autonaim/recruitment-assistant-extension:test:     [33mclass[39m=[32m"text-body-medium"[39m
@qbs-autonaim/recruitment-assistant-extension:test:   [36m>[39m
@qbs-autonaim/recruitment-assistant-extension:test:     [0mSenior Developer[0m
@qbs-autonaim/recruitment-assistant-extension:test:   [36m</div>[39m
@qbs-autonaim/recruitment-assistant-extension:test:   [0m
@qbs-autonaim/recruitment-assistant-extension:test:         [0m
@qbs-autonaim/recruitment-assistant-extension:test:   [36m<span[39m
@qbs-autonaim/recruitment-assistant-extension:test:     [33mclass[39m=[32m"text-body-small inline"[39m
@qbs-autonaim/recruitment-assistant-extension:test:   [36m>[39m
@qbs-autonaim/recruitment-assistant-extension:test:     [0m╨Ь╨╛╤Б╨║╨▓╨░, ╨а╨╛╤Б╤Б╨╕╤П[0m
@qbs-autonaim/recruitment-assistant-extension:test:   [36m</span>[39m
@qbs-autonaim/recruitment-assistant-extension:test:   [0m
@qbs-autonaim/recruitment-assistant-extension:test:         [0m
@qbs-autonaim/recruitment-assistant-extension:test:   [36m<img[39m
@qbs-autonaim/recruitment-assistant-extension:test:     [33mclass[39m=[32m"pv-top-card-profile-picture__image"[39m
@qbs-autonaim/recruitment-assistant-extension:test:     [33msrc[39m=[32m"https://example.com/photo.jpg"[39m
@qbs-autonaim/recruitment-assistant-extension:test:   [36m/>[39m
@qbs-autonaim/recruitment-assistant-extension:test:   [0m
@qbs-autonaim/recruitment-assistant-extension:test:         
@qbs-autonaim/recruitment-assistant-extension:test:         [0m
@qbs-autonaim/recruitment-assistant-extension:test:   [36m<section[39m
@qbs-autonaim/recruitment-assistant-extension:test:     [33mid[39m=[32m"experience"[39m
@qbs-autonaim/recruitment-assistant-extension:test:   [36m>[39m
@qbs-autonaim/recruitment-assistant-extension:test:     [0m
@qbs-autonaim/recruitment-assistant-extension:test:           [0m
@qbs-autonaim/recruitment-assistant-extension:test:     [36m<ul>[39m
@qbs-autonaim/recruitment-assistant-extension:test:       [0m
@qbs-autonaim/recruitment-assistant-extension:test:             [0m
@qbs-autonaim/recruitment-assistant-extension:test:       [36m<li[39m
@qbs-autonaim/recruitment-assistant-extension:test:         [33mclass[39m=[32m"artdeco-list__item"[39m
@qbs-autonaim/recruitment-assistant-extension:test:       [36m>[39m
@qbs-autonaim/recruitment-assistant-extension:test:         [0m
@qbs-autonaim/recruitment-assistant-extension:test:               [0m
@qbs-autonaim/recruitment-assistant-extension:test:         [36m<div[39m
@qbs-autonaim/recruitment-assistant-extension:test:           [33mclass[39m=[32m"display-flex"[39m
@qbs-autonaim/recruitment-assistant-extension:test:         [36m>[39m
@qbs-autonaim/recruitment-assistant-extension:test:           [0m
@qbs-autonaim/recruitment-assistant-extension:test:                 [0m
@qbs-autonaim/recruitment-assistant-extension:test:           [36m<span[39m
@qbs-autonaim/recruitment-assistant-extension:test:             [33maria-hidden[39m=[32m"true"[39m
@qbs-autonaim/recruitment-assistant-extension:test:           [36m>[39m
@qbs-autonaim/recruitment-assistant-extension:test:             [0mSenior Developer[0m
@qbs-autonaim/recruitment-assistant-extension:test:           [36m</span>[39m
@qbs-autonaim/recruitment-assistant-extension:test:           [0m
@qbs-autonaim/recruitment-assistant-extension:test:               [0m
@qbs-autonaim/recruitment-assistant-extension:test:         [36m</div>[39m
@qbs-autonaim/recruitment-assistant-extension:test:         [0m
@qbs-autonaim/recruitment-assistant-extension:test:               [0m
@qbs-autonaim/recruitment-assistant-extension:test:         [36m<span[39m
@qbs-autonaim/recruitment-assistant-extension:test:           [33mclass[39m=[32m"t-14 t-normal"[39m
@qbs-autonaim/recruitment-assistant-extension:test:         [36m>[39m
@qbs-autonaim/recruitment-assistant-extension:test:           [0m
@qbs-autonaim/recruitment-assistant-extension:test:                 [0m
@qbs-autonaim/recruitment-assistant-extension:test:           [36m<span[39m
@qbs-autonaim/recruitment-assistant-extension:test:             [33maria-hidden[39m=[32m"true"[39m
@qbs-autonaim/recruitment-assistant-extension:test:           [36m>[39m
@qbs-autonaim/recruitment-assistant-extension:test:             [0mTech Company[0m
@qbs-autonaim/recruitment-assistant-extension:test:           [36m</span>[39m
@qbs-autonaim/recruitment-assistant-extension:test:           [0m
@qbs-autonaim/recruitment-assistant-extension:test:               [0m
@qbs-autonaim/recruitment-assistant-extension:test:         [36m</span>[39m
@qbs-autonaim/recruitment-assistant-extension:test:         [0m
@qbs-autonaim/recruitment-assistant-extension:test:               [0m
@qbs-autonaim/recruitment-assistant-extension:test:         [36m<span[39m
@qbs-autonaim/recruitment-assistant-extension:test:           [33mclass[39m=[32m"t-14 t-normal t-black--light"[39m
@qbs-autonaim/recruitment-assistant-extension:test:         [36m>[39m
@qbs-autonaim/recruitment-assistant-extension:test:           [0m
@qbs-autonaim/recruitment-assistant-extension:test:                 [0m
@qbs-autonaim/recruitment-assistant-extension:test:           [36m<span[39m
@qbs-autonaim/recruitment-assistant-extension:test:             [33maria-hidden[39m=[32m"true"[39m
@qbs-autonaim/recruitment-assistant-extension:test:           [36m>[39m
@qbs-autonaim/recruitment-assistant-extension:test:             [0m2020 тАУ ╨┐╨╛ ╨╜╨░╤Б╤В╨╛╤П╤Й╨╡╨╡ ╨▓╤А╨╡╨╝╤П[0m
@qbs-autonaim/recruitment-assistant-extension:test:           [36m</span>[39m
@qbs-autonaim/recruitment-assistant-extension:test:           [0m
@qbs-autonaim/recruitment-assistant-extension:test:               [0m
@qbs-autonaim/recruitment-assistant-extension:test:         [36m</span>[39m
@qbs-autonaim/recruitment-assistant-extension:test:         [0m
@qbs-autonaim/recruitment-assistant-extension:test:               [0m
@qbs-autonaim/recruitment-assistant-extension:test:         [36m<div[39m
@qbs-autonaim/recruitment-assistant-extension:test:           [33mclass[39m=[32m"display-flex full-width"[39m
@qbs-autonaim/recruitment-assistant-extension:test:         [36m>[39m
@qbs-autonaim/recruitment-assistant-extension:test:           [0m
@qbs-autonaim/recruitment-assistant-extension:test:                 [0m
@qbs-autonaim/recruitment-assistant-extension:test:           [36m<span[39m
@qbs-autonaim/recruitment-assistant-extension:test:             [33maria-hidden[39m=[32m"true"[39m
@qbs-autonaim/recruitment-assistant-extension:test:           [36m>[39m
@qbs-autonaim/recruitment-assistant-extension:test:             [0m╨а╨░╨╖╤А╨░╨▒╨╛╤В╨║╨░[0m
@qbs-autonaim/recruitment-assistant-extension:test:           [36m</span>[39m
@qbs-autonaim/recruitment-assistant-extension:test:           [0m
@qbs-autonaim/recruitment-assistant-extension:test:               [0m
@qbs-autonaim/recruitment-assistant-extension:test:         [36m</div>[39m
@qbs-autonaim/recruitment-assistant-extension:test:         [0m
@qbs-autonaim/recruitment-assistant-extension:test:             [0m
@qbs-autonaim/recruitment-assistant-extension:test:       [36m</li>[39m
@qbs-autonaim/recruitment-assistant-extension:test:       [0m
@qbs-autonaim/recruitment-assistant-extension:test:           [0m
@qbs-autonaim/recruitment-assistant-extension:test:     [36m</ul>[39m
@qbs-autonaim/recruitment-assistant-extension:test:     [0m
@qbs-autonaim/recruitment-assistant-extension:test:         [0m
@qbs-autonaim/recruitment-assistant-extension:test:   [36m</section>[39m
@qbs-autonaim/recruitment-assistant-extension:test:   [0m
@qbs-autonaim/recruitment-assistant-extension:test:         
@qbs-autonaim/recruitment-assistant-extension:test:         [0m
@qbs-autonaim/recruitment-assistant-extension:test:   [36m<section[39m
@qbs-autonaim/recruitment-assistant-extension:test:     [33mid[39m=[32m"education"[39m
@qbs-autonaim/recruitment-assistant-extension:test:   [36m>[39m
@qbs-autonaim/recruitment-assistant-extension:test:     [0m
@qbs-autonaim/recruitment-assistant-extension:test:           [0m
@qbs-autonaim/recruitment-assistant-extension:test:     [36m<ul>[39m
@qbs-autonaim/recruitment-assistant-extension:test:       [0m
@qbs-autonaim/recruitment-assistant-extension:test:             [0m
@qbs-autonaim/recruitment-assistant-extension:test:       [36m<li[39m
@qbs-autonaim/recruitment-assistant-extension:test:         [33mclass[39m=[32m"artdeco-list__item"[39m
@qbs-autonaim/recruitment-assistant-extension:test:       [36m>[39m
@qbs-autonaim/recruitment-assistant-extension:test:         [0m
@qbs-autonaim/recruitment-assistant-extension:test:               [0m
@qbs-autonaim/recruitment-assistant-extension:test:         [36m<div[39m
@qbs-autonaim/recruitment-assistant-extension:test:           [33mclass[39m=[32m"display-flex"[39m
@qbs-autonaim/recruitment-assistant-extension:test:         [36m>[39m
@qbs-autonaim/recruitment-assistant-extension:test:           [0m
@qbs-autonaim/recruitment-assistant-extension:test:                 [0m
@qbs-autonaim/recruitment-assistant-extension:test:           [36m<span[39m
@qbs-autonaim/recruitment-assistant-extension:test:             [33maria-hidden[39m=[32m"true"[39m
@qbs-autonaim/recruitment-assistant-extension:test:           [36m>[39m
@qbs-autonaim/recruitment-assistant-extension:test:             [0m╨Ь╨У╨г[0m
@qbs-autonaim/recruitment-assistant-extension:test:           [36m</span>[39m
@qbs-autonaim/recruitment-assistant-extension:test:           [0m
@qbs-autonaim/recruitment-assistant-extension:test:               [0m
@qbs-autonaim/recruitment-assistant-extension:test:         [36m</div>[39m
@qbs-autonaim/recruitment-assistant-extension:test:         [0m
@qbs-autonaim/recruitment-assistant-extension:test:               [0m
@qbs-autonaim/recruitment-assistant-extension:test:         [36m<span[39m
@qbs-autonaim/recruitment-assistant-extension:test:           [33mclass[39m=[32m"t-14 t-normal"[39m
@qbs-autonaim/recruitment-assistant-extension:test:         [36m>[39m
@qbs-autonaim/recruitment-assistant-extension:test:           [0m
@qbs-autonaim/recruitment-assistant-extension:test:                 [0m
@qbs-autonaim/recruitment-assistant-extension:test:           [36m<span[39m
@qbs-autonaim/recruitment-assistant-extension:test:             [33maria-hidden[39m=[32m"true"[39m
@qbs-autonaim/recruitment-assistant-extension:test:           [36m>[39m
@qbs-autonaim/recruitment-assistant-extension:test:             [0m╨С╨░╨║╨░╨╗╨░╨▓╤А[0m
@qbs-autonaim/recruitment-assistant-extension:test:           [36m</span>[39m
@qbs-autonaim/recruitment-assistant-extension:test:           [0m
@qbs-autonaim/recruitment-assistant-extension:test:               [0m
@qbs-autonaim/recruitment-assistant-extension:test:         [36m</span>[39m
@qbs-autonaim/recruitment-assistant-extension:test:         [0m
@qbs-autonaim/recruitment-assistant-extension:test:               [0m
@qbs-autonaim/recruitment-assistant-extension:test:         [36m<span[39m
@qbs-autonaim/recruitment-assistant-extension:test:           [33mclass[39m=[32m"t-14 t-normal t-black--light"[39m
@qbs-autonaim/recruitment-assistant-extension:test:         [36m>[39m
@qbs-autonaim/recruitment-assistant-extension:test:           [0m
@qbs-autonaim/recruitment-assistant-extension:test:                 [0m
@qbs-autonaim/recruitment-assistant-extension:test:           [36m<span[39m
@qbs-autonaim/recruitment-assistant-extension:test:             [33maria-hidden[39m=[32m"true"[39m
@qbs-autonaim/recruitment-assistant-extension:test:           [36m>[39m
@qbs-autonaim/recruitment-assistant-extension:test:             [0m╨Ш╨╜╤Д╨╛╤А╨╝╨░╤В╨╕╨║╨░[0m
@qbs-autonaim/recruitment-assistant-extension:test:           [36m</span>[39m
@qbs-autonaim/recruitment-assistant-extension:test:           [0m
@qbs-autonaim/recruitment-assistant-extension:test:               [0m
@qbs-autonaim/recruitment-assistant-extension:test:         [36m</span>[39m
@qbs-autonaim/recruitment-assistant-extension:test:         [0m
@qbs-autonaim/recruitment-assistant-extension:test:               [0m
@qbs-autonaim/recruitment-assistant-extension:test:         [36m<span[39m
@qbs-autonaim/recruitment-assistant-extension:test:           [33mclass[39m=[32m"t-14 t-normal t-black--light"[39m
@qbs-autonaim/recruitment-assistant-extension:test:         [36m>[39m
@qbs-autonaim/recruitment-assistant-extension:test:           [0m
@qbs-autonaim/recruitment-assistant-extension:test:                 [0m
@qbs-autonaim/recruitment-assistant-extension:test:           [36m<span[39m
@qbs-autonaim/recruitment-assistant-extension:test:             [33maria-hidden[39m=[32m"true"[39m
@qbs-autonaim/recruitment-assistant-extension:test:           [36m>[39m
@qbs-autonaim/recruitment-assistant-extension:test:             [0m2015 тАУ 2019[0m
@qbs-autonaim/recruitment-assistant-extension:test:           [36m</span>[39m
@qbs-autonaim/recruitment-assistant-extension:test:           [0m
@qbs-autonaim/recruitment-assistant-extension:test:               [0m
@qbs-autonaim/recruitment-assistant-extension:test:         [36m</span>[39m
@qbs-autonaim/recruitment-assistant-extension:test:         [0m
@qbs-autonaim/recruitment-assistant-extension:test:             [0m
@qbs-autonaim/recruitment-assistant-extension:test:       [36m</li>[39m
@qbs-autonaim/recruitment-assistant-extension:test:       [0m
@qbs-autonaim/recruitment-assistant-extension:test:           [0m
@qbs-autonaim/recruitment-assistant-extension:test:     [36m</ul>[39m
@qbs-autonaim/recruitment-assistant-extension:test:     [0m
@qbs-autonaim/recruitment-assistant-extension:test:         [0m
@qbs-autonaim/recruitment-assistant-extension:test:   [36m</section>[39m
@qbs-autonaim/recruitment-assistant-extension:test:   [0m
@qbs-autonaim/recruitment-assistant-extension:test:         
@qbs-autonaim/recruitment-assistant-extension:test:         [0m
@qbs-autonaim/recruitment-assistant-extension:test:   [36m<section[39m
@qbs-autonaim/recruitment-assistant-extension:test:     [33mid[39m=[32m"skills"[39m
@qbs-autonaim/recruitment-assistant-extension:test:   [36m>[39m
@qbs-autonaim/recruitment-assistant-extension:test:     [0m
@qbs-autonaim/recruitment-assistant-extension:test:           [0m
@qbs-autonaim/recruitment-assistant-extension:test:     [36m<span[39m
@qbs-autonaim/recruitment-assistant-extension:test:       [33maria-hidden[39m=[32m"true"[39m
@qbs-autonaim/recruitment-assistant-extension:test:     [36m>[39m
@qbs-autonaim/recruitment-assistant-extension:test:       [0mTypeScript[0m
@qbs-autonaim/recruitment-assistant-extension:test:     [36m</span>[39m
@qbs-autonaim/recruitment-assistant-extension:test:     [0m
@qbs-autonaim/recruitment-assistant-extension:test:           [0m
@qbs-autonaim/recruitment-assistant-extension:test:     [36m<span[39m
@qbs-autonaim/recruitment-assistant-extension:test:       [33maria-hidden[39m=[32m"true"[39m
@qbs-autonaim/recruitment-assistant-extension:test:     [36m>[39m
@qbs-autonaim/recruitment-assistant-extension:test:       [0mReact[0m
@qbs-autonaim/recruitment-assistant-extension:test:     [36m</span>[39m
@qbs-autonaim/recruitment-assistant-extension:test:     [0m
@qbs-autonaim/recruitment-assistant-extension:test:         [0m
@qbs-autonaim/recruitment-assistant-extension:test:   [36m</section>[39m
@qbs-autonaim/recruitment-assistant-extension:test:   [0m
@qbs-autonaim/recruitment-assistant-extension:test:         
@qbs-autonaim/recruitment-assistant-extension:test:         [0m
@qbs-autonaim/recruitment-assistant-extension:test:   [36m<section[39m
@qbs-autonaim/recruitment-assistant-extension:test:     [33mclass[39m=[32m"pv-contact-info"[39m
@qbs-autonaim/recruitment-assistant-extension:test:   [36m>[39m
@qbs-autonaim/recruitment-assistant-extension:test:     [0m
@qbs-autonaim/recruitment-assistant-extension:test:           [0m
@qbs-autonaim/recruitment-assistant-extension:test:     [36m<a[39m
@qbs-autonaim/recruitment-assistant-extension:test:       [33mhref[39m=[32m"mailto:ivan@example.com"[39m
@qbs-autonaim/recruitment-assistant-extension:test:     [36m>[39m
@qbs-autonaim/recruitment-assistant-extension:test:       [0mEmail[0m
@qbs-autonaim/recruitment-assistant-extension:test:     [36m</a>[39m
@qbs-autonaim/recruitment-assistant-extension:test:     [0m
@qbs-autonaim/recruitment-assistant-extension:test:           [0m
@qbs-autonaim/recruitment-assistant-extension:test:     [36m<span[39m
@qbs-autonaim/recruitment-assistant-extension:test:       [33mclass[39m=[32m"t-14 t-black t-normal"[39m
@qbs-autonaim/recruitment-assistant-extension:test:     [36m>[39m
@qbs-autonaim/recruitment-assistant-extension:test:       [0m+7 (999) 123-45-67[0m
@qbs-autonaim/recruitment-assistant-extension:test:     [36m</span>[39m
@qbs-autonaim/recruitment-assistant-extension:test:     [0m
@qbs-autonaim/recruitment-assistant-extension:test:         [0m
@qbs-autonaim/recruitment-assistant-extension:test:   [36m</section>[39m
@qbs-autonaim/recruitment-assistant-extension:test:   [0m
@qbs-autonaim/recruitment-assistant-extension:test:       [0m
@qbs-autonaim/recruitment-assistant-extension:test:   [36m<div>[39m
@qbs-autonaim/recruitment-assistant-extension:test:     [36m<section[39m
@qbs-autonaim/recruitment-assistant-extension:test:       [33maria-label[39m=[32m"╨Ф╨░╨╜╨╜╤Л╨╡ ╨║╨░╨╜╨┤╨╕╨┤╨░╤В╨░"[39m
@qbs-autonaim/recruitment-assistant-extension:test:       [33mclass[39m=[32m"ra-data-panel"[39m
@qbs-autonaim/recruitment-assistant-extension:test:     [36m>[39m
@qbs-autonaim/recruitment-assistant-extension:test:       [36m<div[39m
@qbs-autonaim/recruitment-assistant-extension:test:         [33mclass[39m=[32m"ra-data-panel__header"[39m
@qbs-autonaim/recruitment-assistant-extension:test:       [36m>[39m
@qbs-autonaim/recruitment-assistant-extension:test:         [36m<h2[39m
@qbs-autonaim/recruitment-assistant-extension:test:           [33mclass[39m=[32m"ra-data-panel__title"[39m
@qbs-autonaim/recruitment-assistant-extension:test:         [36m>[39m
@qbs-autonaim/recruitment-assistant-extension:test:           [0m╨Ф╨░╨╜╨╜╤Л╨╡ ╨║╨░╨╜╨┤╨╕╨┤╨░╤В╨░[0m
@qbs-autonaim/recruitment-assistant-extension:test:         [36m</h2>[39m
@qbs-autonaim/recruitment-assistant-extension:test:         [36m<div[39m
@qbs-autonaim/recruitment-assistant-extension:test:           [33mclass[39m=[32m"ra-data-panel__meta tabular-nums"[39m
@qbs-autonaim/recruitment-assistant-extension:test:         [36m>[39m
@qbs-autonaim/recruitment-assistant-extension:test:           [0mLinkedIn[0m
@qbs-autonaim/recruitment-assistant-extension:test:           [0m тАв [0m
@qbs-autonaim/recruitment-assistant-extension:test:           [0m01.01.2024, 12:00[0m
@qbs-autonaim/recruitment-assistant-extension:test:         [36m</div>[39m
@qbs-autonaim/recruitment-assistant-extension:test:       [36m</div>[39m
@qbs-autonaim/recruitment-assistant-extension:test:       [36m<div[39m
@qbs-autonaim/recruitment-assistant-extension:test:         [33mclass[39m=[32m"ra-data-panel__content"[39m
@qbs-autonaim/recruitment-assistant-extension:test:       [36m>[39m
@qbs-autonaim/recruitment-assistant-extension:test:         [36m<section[39m
@qbs-autonaim/recruitment-assistant-extension:test:           [33mclass[39m=[32m"ra-data-panel__section"[39m
@qbs-autonaim/recruitment-assistant-extension:test:         [36m>[39m
@qbs-autonaim/recruitment-assistant-extension:test:           [36m<h3[39m
@qbs-autonaim/recruitment-assistant-extension:test:             [33mclass[39m=[32m"ra-data-panel__section-title"[39m
@qbs-autonaim/recruitment-assistant-extension:test:           [36m>[39m
@qbs-autonaim/recruitment-assistant-extension:test:             [0m╨Ю╤Б╨╜╨╛╨▓╨╜╨░╤П ╨╕╨╜╤Д╨╛╤А╨╝╨░╤Ж╨╕╤П[0m
@qbs-autonaim/recruitment-assistant-extension:test:           [36m</h3>[39m
@qbs-autonaim/recruitment-assistant-extension:test:           [36m<div[39m
@qbs-autonaim/recruitment-assistant-extension:test:             [33mstyle[39m=[32m"margin-bottom: 16px; display: flex; flex-direction: column; gap: 4px;"[39m
@qbs-autonaim/recruitment-assistant-extension:test:           [36m>[39m
@qbs-autonaim/recruitment-assistant-extension:test:             [36m<label[39m
@qbs-autonaim/recruitment-assistant-extension:test:               [33mfor[39m=[32m"_r_4s_"[39m
@qbs-autonaim/recruitment-assistant-extension:test:               [33mstyle[39m=[32m"font-size: 14px; font-weight: 500; color: #374151;"[39m
@qbs-autonaim/recruitment-assistant-extension:test:             [36m>[39m
@qbs-autonaim/recruitment-assistant-extension:test:               [0m╨Я╨╛╨╗╨╜╨╛╨╡ ╨╕╨╝╤П[0m
@qbs-autonaim/recruitment-assistant-extension:test:             [36m</label>[39m
@qbs-autonaim/recruitment-assistant-extension:test:          ...
@qbs-autonaim/recruitment-assistant-extension:test:       at getAllByLabelText (C:\Projects\kwork\selectio\node_modules\@testing-library\dom\dist\queries\label-text.js:111:115)
@qbs-autonaim/recruitment-assistant-extension:test:       at <anonymous> (C:\Projects\kwork\selectio\node_modules\@testing-library\dom\dist\query-helpers.js:52:17)
@qbs-autonaim/recruitment-assistant-extension:test:       at <anonymous> (C:\Projects\kwork\selectio\node_modules\@testing-library\dom\dist\query-helpers.js:95:19)
@qbs-autonaim/recruitment-assistant-extension:test:       at <anonymous> (C:\Projects\kwork\selectio\apps\recruitment-assistant-extension\src\content\ui\data-panel.test.tsx:277:33)
@qbs-autonaim/recruitment-assistant-extension:test: (fail) DataPanel > ╨┤╨╛╨╗╨╢╨╡╨╜ ╨▓╤Л╨╖╤Л╨▓╨░╤В╤М onImportToSystem ╨┐╤А╨╕ ╨║╨╗╨╕╨║╨╡ ╨╜╨░ ╨║╨╜╨╛╨┐╨║╤Г ╨╕╨╝╨┐╨╛╤А╤В╨░ [47.00ms]
@qbs-autonaim/recruitment-assistant-extension:test: 106 |         throw (0, _config.getConfig)().getElementError(tagNames.map(tagName => `Found a label with the text of: ${text}, however the element associated with this label (<${tagName} />) is non-labellable [https://html.spec.whatwg.org/multipage/forms.html#category-label]. If you really need to label a <${tagName} />, you can use aria-label or aria-labelledby instead.`).join('\n\n'), container);
@qbs-autonaim/recruitment-assistant-extension:test: 107 |       } else {
@qbs-autonaim/recruitment-assistant-extension:test: 108 |         throw (0, _config.getConfig)().getElementError(`Found a label with the text of: ${text}, however no form control was found associated to that label. Make sure you're using the "for" attribute or "aria-labelledby" attribute correctly.`, container);
@qbs-autonaim/recruitment-assistant-extension:test: 109 |       }
@qbs-autonaim/recruitment-assistant-extension:test: 110 |     } else {
@qbs-autonaim/recruitment-assistant-extension:test: 111 |       throw (0, _config.getConfig)().getElementError(`Unable to find a label with the text of: ${text}`, container);
@qbs-autonaim/recruitment-assistant-extension:test:                                                                                                                         ^
@qbs-autonaim/recruitment-assistant-extension:test: TestingLibraryElementError: Unable to find a label with the text of: ╨Ш╨╝╨┐╨╛╤А╤В╨╕╤А╨╛╨▓╨░╤В╤М ╨║╨░╨╜╨┤╨╕╨┤╨░╤В╨░ ╨▓ ╤Б╨╕╤Б╤В╨╡╨╝╤Г
@qbs-autonaim/recruitment-assistant-extension:test: 
@qbs-autonaim/recruitment-assistant-extension:test: Ignored nodes: comments, script, style
@qbs-autonaim/recruitment-assistant-extension:test: [36m<body>[39m
@qbs-autonaim/recruitment-assistant-extension:test:   [0m
@qbs-autonaim/recruitment-assistant-extension:test:         [0m
@qbs-autonaim/recruitment-assistant-extension:test:   [36m<h1[39m
@qbs-autonaim/recruitment-assistant-extension:test:     [33mclass[39m=[32m"text-heading-xlarge"[39m
@qbs-autonaim/recruitment-assistant-extension:test:   [36m>[39m
@qbs-autonaim/recruitment-assistant-extension:test:     [0m╨Ш╨▓╨░╨╜ ╨Ш╨▓╨░╨╜╨╛╨▓[0m
@qbs-autonaim/recruitment-assistant-extension:test:   [36m</h1>[39m
@qbs-autonaim/recruitment-assistant-extension:test:   [0m
@qbs-autonaim/recruitment-assistant-extension:test:         [0m
@qbs-autonaim/recruitment-assistant-extension:test:   [36m<div[39m
@qbs-autonaim/recruitment-assistant-extension:test:     [33mclass[39m=[32m"text-body-medium"[39m
@qbs-autonaim/recruitment-assistant-extension:test:   [36m>[39m
@qbs-autonaim/recruitment-assistant-extension:test:     [0mSenior Developer[0m
@qbs-autonaim/recruitment-assistant-extension:test:   [36m</div>[39m
@qbs-autonaim/recruitment-assistant-extension:test:   [0m
@qbs-autonaim/recruitment-assistant-extension:test:         [0m
@qbs-autonaim/recruitment-assistant-extension:test:   [36m<span[39m
@qbs-autonaim/recruitment-assistant-extension:test:     [33mclass[39m=[32m"text-body-small inline"[39m
@qbs-autonaim/recruitment-assistant-extension:test:   [36m>[39m
@qbs-autonaim/recruitment-assistant-extension:test:     [0m╨Ь╨╛╤Б╨║╨▓╨░, ╨а╨╛╤Б╤Б╨╕╤П[0m
@qbs-autonaim/recruitment-assistant-extension:test:   [36m</span>[39m
@qbs-autonaim/recruitment-assistant-extension:test:   [0m
@qbs-autonaim/recruitment-assistant-extension:test:         [0m
@qbs-autonaim/recruitment-assistant-extension:test:   [36m<img[39m
@qbs-autonaim/recruitment-assistant-extension:test:     [33mclass[39m=[32m"pv-top-card-profile-picture__image"[39m
@qbs-autonaim/recruitment-assistant-extension:test:     [33msrc[39m=[32m"https://example.com/photo.jpg"[39m
@qbs-autonaim/recruitment-assistant-extension:test:   [36m/>[39m
@qbs-autonaim/recruitment-assistant-extension:test:   [0m
@qbs-autonaim/recruitment-assistant-extension:test:         
@qbs-autonaim/recruitment-assistant-extension:test:         [0m
@qbs-autonaim/recruitment-assistant-extension:test:   [36m<section[39m
@qbs-autonaim/recruitment-assistant-extension:test:     [33mid[39m=[32m"experience"[39m
@qbs-autonaim/recruitment-assistant-extension:test:   [36m>[39m
@qbs-autonaim/recruitment-assistant-extension:test:     [0m
@qbs-autonaim/recruitment-assistant-extension:test:           [0m
@qbs-autonaim/recruitment-assistant-extension:test:     [36m<ul>[39m
@qbs-autonaim/recruitment-assistant-extension:test:       [0m
@qbs-autonaim/recruitment-assistant-extension:test:             [0m
@qbs-autonaim/recruitment-assistant-extension:test:       [36m<li[39m
@qbs-autonaim/recruitment-assistant-extension:test:         [33mclass[39m=[32m"artdeco-list__item"[39m
@qbs-autonaim/recruitment-assistant-extension:test:       [36m>[39m
@qbs-autonaim/recruitment-assistant-extension:test:         [0m
@qbs-autonaim/recruitment-assistant-extension:test:               [0m
@qbs-autonaim/recruitment-assistant-extension:test:         [36m<div[39m
@qbs-autonaim/recruitment-assistant-extension:test:           [33mclass[39m=[32m"display-flex"[39m
@qbs-autonaim/recruitment-assistant-extension:test:         [36m>[39m
@qbs-autonaim/recruitment-assistant-extension:test:           [0m
@qbs-autonaim/recruitment-assistant-extension:test:                 [0m
@qbs-autonaim/recruitment-assistant-extension:test:           [36m<span[39m
@qbs-autonaim/recruitment-assistant-extension:test:             [33maria-hidden[39m=[32m"true"[39m
@qbs-autonaim/recruitment-assistant-extension:test:           [36m>[39m
@qbs-autonaim/recruitment-assistant-extension:test:             [0mSenior Developer[0m
@qbs-autonaim/recruitment-assistant-extension:test:           [36m</span>[39m
@qbs-autonaim/recruitment-assistant-extension:test:           [0m
@qbs-autonaim/recruitment-assistant-extension:test:               [0m
@qbs-autonaim/recruitment-assistant-extension:test:         [36m</div>[39m
@qbs-autonaim/recruitment-assistant-extension:test:         [0m
@qbs-autonaim/recruitment-assistant-extension:test:               [0m
@qbs-autonaim/recruitment-assistant-extension:test:         [36m<span[39m
@qbs-autonaim/recruitment-assistant-extension:test:           [33mclass[39m=[32m"t-14 t-normal"[39m
@qbs-autonaim/recruitment-assistant-extension:test:         [36m>[39m
@qbs-autonaim/recruitment-assistant-extension:test:           [0m
@qbs-autonaim/recruitment-assistant-extension:test:                 [0m
@qbs-autonaim/recruitment-assistant-extension:test:           [36m<span[39m
@qbs-autonaim/recruitment-assistant-extension:test:             [33maria-hidden[39m=[32m"true"[39m
@qbs-autonaim/recruitment-assistant-extension:test:           [36m>[39m
@qbs-autonaim/recruitment-assistant-extension:test:             [0mTech Company[0m
@qbs-autonaim/recruitment-assistant-extension:test:           [36m</span>[39m
@qbs-autonaim/recruitment-assistant-extension:test:           [0m
@qbs-autonaim/recruitment-assistant-extension:test:               [0m
@qbs-autonaim/recruitment-assistant-extension:test:         [36m</span>[39m
@qbs-autonaim/recruitment-assistant-extension:test:         [0m
@qbs-autonaim/recruitment-assistant-extension:test:               [0m
@qbs-autonaim/recruitment-assistant-extension:test:         [36m<span[39m
@qbs-autonaim/recruitment-assistant-extension:test:           [33mclass[39m=[32m"t-14 t-normal t-black--light"[39m
@qbs-autonaim/recruitment-assistant-extension:test:         [36m>[39m
@qbs-autonaim/recruitment-assistant-extension:test:           [0m
@qbs-autonaim/recruitment-assistant-extension:test:                 [0m
@qbs-autonaim/recruitment-assistant-extension:test:           [36m<span[39m
@qbs-autonaim/recruitment-assistant-extension:test:             [33maria-hidden[39m=[32m"true"[39m
@qbs-autonaim/recruitment-assistant-extension:test:           [36m>[39m
@qbs-autonaim/recruitment-assistant-extension:test:             [0m2020 тАУ ╨┐╨╛ ╨╜╨░╤Б╤В╨╛╤П╤Й╨╡╨╡ ╨▓╤А╨╡╨╝╤П[0m
@qbs-autonaim/recruitment-assistant-extension:test:           [36m</span>[39m
@qbs-autonaim/recruitment-assistant-extension:test:           [0m
@qbs-autonaim/recruitment-assistant-extension:test:               [0m
@qbs-autonaim/recruitment-assistant-extension:test:         [36m</span>[39m
@qbs-autonaim/recruitment-assistant-extension:test:         [0m
@qbs-autonaim/recruitment-assistant-extension:test:               [0m
@qbs-autonaim/recruitment-assistant-extension:test:         [36m<div[39m
@qbs-autonaim/recruitment-assistant-extension:test:           [33mclass[39m=[32m"display-flex full-width"[39m
@qbs-autonaim/recruitment-assistant-extension:test:         [36m>[39m
@qbs-autonaim/recruitment-assistant-extension:test:           [0m
@qbs-autonaim/recruitment-assistant-extension:test:                 [0m
@qbs-autonaim/recruitment-assistant-extension:test:           [36m<span[39m
@qbs-autonaim/recruitment-assistant-extension:test:             [33maria-hidden[39m=[32m"true"[39m
@qbs-autonaim/recruitment-assistant-extension:test:           [36m>[39m
@qbs-autonaim/recruitment-assistant-extension:test:             [0m╨а╨░╨╖╤А╨░╨▒╨╛╤В╨║╨░[0m
@qbs-autonaim/recruitment-assistant-extension:test:           [36m</span>[39m
@qbs-autonaim/recruitment-assistant-extension:test:           [0m
@qbs-autonaim/recruitment-assistant-extension:test:               [0m
@qbs-autonaim/recruitment-assistant-extension:test:         [36m</div>[39m
@qbs-autonaim/recruitment-assistant-extension:test:         [0m
@qbs-autonaim/recruitment-assistant-extension:test:             [0m
@qbs-autonaim/recruitment-assistant-extension:test:       [36m</li>[39m
@qbs-autonaim/recruitment-assistant-extension:test:       [0m
@qbs-autonaim/recruitment-assistant-extension:test:           [0m
@qbs-autonaim/recruitment-assistant-extension:test:     [36m</ul>[39m
@qbs-autonaim/recruitment-assistant-extension:test:     [0m
@qbs-autonaim/recruitment-assistant-extension:test:         [0m
@qbs-autonaim/recruitment-assistant-extension:test:   [36m</section>[39m
@qbs-autonaim/recruitment-assistant-extension:test:   [0m
@qbs-autonaim/recruitment-assistant-extension:test:         
@qbs-autonaim/recruitment-assistant-extension:test:         [0m
@qbs-autonaim/recruitment-assistant-extension:test:   [36m<section[39m
@qbs-autonaim/recruitment-assistant-extension:test:     [33mid[39m=[32m"education"[39m
@qbs-autonaim/recruitment-assistant-extension:test:   [36m>[39m
@qbs-autonaim/recruitment-assistant-extension:test:     [0m
@qbs-autonaim/recruitment-assistant-extension:test:           [0m
@qbs-autonaim/recruitment-assistant-extension:test:     [36m<ul>[39m
@qbs-autonaim/recruitment-assistant-extension:test:       [0m
@qbs-autonaim/recruitment-assistant-extension:test:             [0m
@qbs-autonaim/recruitment-assistant-extension:test:       [36m<li[39m
@qbs-autonaim/recruitment-assistant-extension:test:         [33mclass[39m=[32m"artdeco-list__item"[39m
@qbs-autonaim/recruitment-assistant-extension:test:       [36m>[39m
@qbs-autonaim/recruitment-assistant-extension:test:         [0m
@qbs-autonaim/recruitment-assistant-extension:test:               [0m
@qbs-autonaim/recruitment-assistant-extension:test:         [36m<div[39m
@qbs-autonaim/recruitment-assistant-extension:test:           [33mclass[39m=[32m"display-flex"[39m
@qbs-autonaim/recruitment-assistant-extension:test:         [36m>[39m
@qbs-autonaim/recruitment-assistant-extension:test:           [0m
@qbs-autonaim/recruitment-assistant-extension:test:                 [0m
@qbs-autonaim/recruitment-assistant-extension:test:           [36m<span[39m
@qbs-autonaim/recruitment-assistant-extension:test:             [33maria-hidden[39m=[32m"true"[39m
@qbs-autonaim/recruitment-assistant-extension:test:           [36m>[39m
@qbs-autonaim/recruitment-assistant-extension:test:             [0m╨Ь╨У╨г[0m
@qbs-autonaim/recruitment-assistant-extension:test:           [36m</span>[39m
@qbs-autonaim/recruitment-assistant-extension:test:           [0m
@qbs-autonaim/recruitment-assistant-extension:test:               [0m
@qbs-autonaim/recruitment-assistant-extension:test:         [36m</div>[39m
@qbs-autonaim/recruitment-assistant-extension:test:         [0m
@qbs-autonaim/recruitment-assistant-extension:test:               [0m
@qbs-autonaim/recruitment-assistant-extension:test:         [36m<span[39m
@qbs-autonaim/recruitment-assistant-extension:test:           [33mclass[39m=[32m"t-14 t-normal"[39m
@qbs-autonaim/recruitment-assistant-extension:test:         [36m>[39m
@qbs-autonaim/recruitment-assistant-extension:test:           [0m
@qbs-autonaim/recruitment-assistant-extension:test:                 [0m
@qbs-autonaim/recruitment-assistant-extension:test:           [36m<span[39m
@qbs-autonaim/recruitment-assistant-extension:test:             [33maria-hidden[39m=[32m"true"[39m
@qbs-autonaim/recruitment-assistant-extension:test:           [36m>[39m
@qbs-autonaim/recruitment-assistant-extension:test:             [0m╨С╨░╨║╨░╨╗╨░╨▓╤А[0m
@qbs-autonaim/recruitment-assistant-extension:test:           [36m</span>[39m
@qbs-autonaim/recruitment-assistant-extension:test:           [0m
@qbs-autonaim/recruitment-assistant-extension:test:               [0m
@qbs-autonaim/recruitment-assistant-extension:test:         [36m</span>[39m
@qbs-autonaim/recruitment-assistant-extension:test:         [0m
@qbs-autonaim/recruitment-assistant-extension:test:               [0m
@qbs-autonaim/recruitment-assistant-extension:test:         [36m<span[39m
@qbs-autonaim/recruitment-assistant-extension:test:           [33mclass[39m=[32m"t-14 t-normal t-black--light"[39m
@qbs-autonaim/recruitment-assistant-extension:test:         [36m>[39m
@qbs-autonaim/recruitment-assistant-extension:test:           [0m
@qbs-autonaim/recruitment-assistant-extension:test:                 [0m
@qbs-autonaim/recruitment-assistant-extension:test:           [36m<span[39m
@qbs-autonaim/recruitment-assistant-extension:test:             [33maria-hidden[39m=[32m"true"[39m
@qbs-autonaim/recruitment-assistant-extension:test:           [36m>[39m
@qbs-autonaim/recruitment-assistant-extension:test:             [0m╨Ш╨╜╤Д╨╛╤А╨╝╨░╤В╨╕╨║╨░[0m
@qbs-autonaim/recruitment-assistant-extension:test:           [36m</span>[39m
@qbs-autonaim/recruitment-assistant-extension:test:           [0m
@qbs-autonaim/recruitment-assistant-extension:test:               [0m
@qbs-autonaim/recruitment-assistant-extension:test:         [36m</span>[39m
@qbs-autonaim/recruitment-assistant-extension:test:         [0m
@qbs-autonaim/recruitment-assistant-extension:test:               [0m
@qbs-autonaim/recruitment-assistant-extension:test:         [36m<span[39m
@qbs-autonaim/recruitment-assistant-extension:test:           [33mclass[39m=[32m"t-14 t-normal t-black--light"[39m
@qbs-autonaim/recruitment-assistant-extension:test:         [36m>[39m
@qbs-autonaim/recruitment-assistant-extension:test:           [0m
@qbs-autonaim/recruitment-assistant-extension:test:                 [0m
@qbs-autonaim/recruitment-assistant-extension:test:           [36m<span[39m
@qbs-autonaim/recruitment-assistant-extension:test:             [33maria-hidden[39m=[32m"true"[39m
@qbs-autonaim/recruitment-assistant-extension:test:           [36m>[39m
@qbs-autonaim/recruitment-assistant-extension:test:             [0m2015 тАУ 2019[0m
@qbs-autonaim/recruitment-assistant-extension:test:           [36m</span>[39m
@qbs-autonaim/recruitment-assistant-extension:test:           [0m
@qbs-autonaim/recruitment-assistant-extension:test:               [0m
@qbs-autonaim/recruitment-assistant-extension:test:         [36m</span>[39m
@qbs-autonaim/recruitment-assistant-extension:test:         [0m
@qbs-autonaim/recruitment-assistant-extension:test:             [0m
@qbs-autonaim/recruitment-assistant-extension:test:       [36m</li>[39m
@qbs-autonaim/recruitment-assistant-extension:test:       [0m
@qbs-autonaim/recruitment-assistant-extension:test:           [0m
@qbs-autonaim/recruitment-assistant-extension:test:     [36m</ul>[39m
@qbs-autonaim/recruitment-assistant-extension:test:     [0m
@qbs-autonaim/recruitment-assistant-extension:test:         [0m
@qbs-autonaim/recruitment-assistant-extension:test:   [36m</section>[39m
@qbs-autonaim/recruitment-assistant-extension:test:   [0m
@qbs-autonaim/recruitment-assistant-extension:test:         
@qbs-autonaim/recruitment-assistant-extension:test:         [0m
@qbs-autonaim/recruitment-assistant-extension:test:   [36m<section[39m
@qbs-autonaim/recruitment-assistant-extension:test:     [33mid[39m=[32m"skills"[39m
@qbs-autonaim/recruitment-assistant-extension:test:   [36m>[39m
@qbs-autonaim/recruitment-assistant-extension:test:     [0m
@qbs-autonaim/recruitment-assistant-extension:test:           [0m
@qbs-autonaim/recruitment-assistant-extension:test:     [36m<span[39m
@qbs-autonaim/recruitment-assistant-extension:test:       [33maria-hidden[39m=[32m"true"[39m
@qbs-autonaim/recruitment-assistant-extension:test:     [36m>[39m
@qbs-autonaim/recruitment-assistant-extension:test:       [0mTypeScript[0m
@qbs-autonaim/recruitment-assistant-extension:test:     [36m</span>[39m
@qbs-autonaim/recruitment-assistant-extension:test:     [0m
@qbs-autonaim/recruitment-assistant-extension:test:           [0m
@qbs-autonaim/recruitment-assistant-extension:test:     [36m<span[39m
@qbs-autonaim/recruitment-assistant-extension:test:       [33maria-hidden[39m=[32m"true"[39m
@qbs-autonaim/recruitment-assistant-extension:test:     [36m>[39m
@qbs-autonaim/recruitment-assistant-extension:test:       [0mReact[0m
@qbs-autonaim/recruitment-assistant-extension:test:     [36m</span>[39m
@qbs-autonaim/recruitment-assistant-extension:test:     [0m
@qbs-autonaim/recruitment-assistant-extension:test:         [0m
@qbs-autonaim/recruitment-assistant-extension:test:   [36m</section>[39m
@qbs-autonaim/recruitment-assistant-extension:test:   [0m
@qbs-autonaim/recruitment-assistant-extension:test:         
@qbs-autonaim/recruitment-assistant-extension:test:         [0m
@qbs-autonaim/recruitment-assistant-extension:test:   [36m<section[39m
@qbs-autonaim/recruitment-assistant-extension:test:     [33mclass[39m=[32m"pv-contact-info"[39m
@qbs-autonaim/recruitment-assistant-extension:test:   [36m>[39m
@qbs-autonaim/recruitment-assistant-extension:test:     [0m
@qbs-autonaim/recruitment-assistant-extension:test:           [0m
@qbs-autonaim/recruitment-assistant-extension:test:     [36m<a[39m
@qbs-autonaim/recruitment-assistant-extension:test:       [33mhref[39m=[32m"mailto:ivan@example.com"[39m
@qbs-autonaim/recruitment-assistant-extension:test:     [36m>[39m
@qbs-autonaim/recruitment-assistant-extension:test:       [0mEmail[0m
@qbs-autonaim/recruitment-assistant-extension:test:     [36m</a>[39m
@qbs-autonaim/recruitment-assistant-extension:test:     [0m
@qbs-autonaim/recruitment-assistant-extension:test:           [0m
@qbs-autonaim/recruitment-assistant-extension:test:     [36m<span[39m
@qbs-autonaim/recruitment-assistant-extension:test:       [33mclass[39m=[32m"t-14 t-black t-normal"[39m
@qbs-autonaim/recruitment-assistant-extension:test:     [36m>[39m
@qbs-autonaim/recruitment-assistant-extension:test:       [0m+7 (999) 123-45-67[0m
@qbs-autonaim/recruitment-assistant-extension:test:     [36m</span>[39m
@qbs-autonaim/recruitment-assistant-extension:test:     [0m
@qbs-autonaim/recruitment-assistant-extension:test:         [0m
@qbs-autonaim/recruitment-assistant-extension:test:   [36m</section>[39m
@qbs-autonaim/recruitment-assistant-extension:test:   [0m
@qbs-autonaim/recruitment-assistant-extension:test:       [0m
@qbs-autonaim/recruitment-assistant-extension:test:   [36m<div>[39m
@qbs-autonaim/recruitment-assistant-extension:test:     [36m<section[39m
@qbs-autonaim/recruitment-assistant-extension:test:       [33maria-label[39m=[32m"╨Ф╨░╨╜╨╜╤Л╨╡ ╨║╨░╨╜╨┤╨╕╨┤╨░╤В╨░"[39m
@qbs-autonaim/recruitment-assistant-extension:test:       [33mclass[39m=[32m"ra-data-panel"[39m
@qbs-autonaim/recruitment-assistant-extension:test:     [36m>[39m
@qbs-autonaim/recruitment-assistant-extension:test:       [36m<div[39m
@qbs-autonaim/recruitment-assistant-extension:test:         [33mclass[39m=[32m"ra-data-panel__header"[39m
@qbs-autonaim/recruitment-assistant-extension:test:       [36m>[39m
@qbs-autonaim/recruitment-assistant-extension:test:         [36m<h2[39m
@qbs-autonaim/recruitment-assistant-extension:test:           [33mclass[39m=[32m"ra-data-panel__title"[39m
@qbs-autonaim/recruitment-assistant-extension:test:         [36m>[39m
@qbs-autonaim/recruitment-assistant-extension:test:           [0m╨Ф╨░╨╜╨╜╤Л╨╡ ╨║╨░╨╜╨┤╨╕╨┤╨░╤В╨░[0m
@qbs-autonaim/recruitment-assistant-extension:test:         [36m</h2>[39m
@qbs-autonaim/recruitment-assistant-extension:test:         [36m<div[39m
@qbs-autonaim/recruitment-assistant-extension:test:           [33mclass[39m=[32m"ra-data-panel__meta tabular-nums"[39m
@qbs-autonaim/recruitment-assistant-extension:test:         [36m>[39m
@qbs-autonaim/recruitment-assistant-extension:test:           [0mLinkedIn[0m
@qbs-autonaim/recruitment-assistant-extension:test:           [0m тАв [0m
@qbs-autonaim/recruitment-assistant-extension:test:           [0m01.01.2024, 12:00[0m
@qbs-autonaim/recruitment-assistant-extension:test:         [36m</div>[39m
@qbs-autonaim/recruitment-assistant-extension:test:       [36m</div>[39m
@qbs-autonaim/recruitment-assistant-extension:test:       [36m<div[39m
@qbs-autonaim/recruitment-assistant-extension:test:         [33mclass[39m=[32m"ra-data-panel__content"[39m
@qbs-autonaim/recruitment-assistant-extension:test:       [36m>[39m
@qbs-autonaim/recruitment-assistant-extension:test:         [36m<section[39m
@qbs-autonaim/recruitment-assistant-extension:test:           [33mclass[39m=[32m"ra-data-panel__section"[39m
@qbs-autonaim/recruitment-assistant-extension:test:         [36m>[39m
@qbs-autonaim/recruitment-assistant-extension:test:           [36m<h3[39m
@qbs-autonaim/recruitment-assistant-extension:test:             [33mclass[39m=[32m"ra-data-panel__section-title"[39m
@qbs-autonaim/recruitment-assistant-extension:test:           [36m>[39m
@qbs-autonaim/recruitment-assistant-extension:test:             [0m╨Ю╤Б╨╜╨╛╨▓╨╜╨░╤П ╨╕╨╜╤Д╨╛╤А╨╝╨░╤Ж╨╕╤П[0m
@qbs-autonaim/recruitment-assistant-extension:test:           [36m</h3>[39m
@qbs-autonaim/recruitment-assistant-extension:test:           [36m<div[39m
@qbs-autonaim/recruitment-assistant-extension:test:             [33mstyle[39m=[32m"margin-bottom: 16px; display: flex; flex-direction: column; gap: 4px;"[39m
@qbs-autonaim/recruitment-assistant-extension:test:           [36m>[39m
@qbs-autonaim/recruitment-assistant-extension:test:             [36m<label[39m
@qbs-autonaim/recruitment-assistant-extension:test:               [33mfor[39m=[32m"_r_56_"[39m
@qbs-autonaim/recruitment-assistant-extension:test:               [33mstyle[39m=[32m"font-size: 14px; font-weight: 500; color: #374151;"[39m
@qbs-autonaim/recruitment-assistant-extension:test:             [36m>[39m
@qbs-autonaim/recruitment-assistant-extension:test:               [0m╨Я╨╛╨╗╨╜╨╛╨╡ ╨╕╨╝╤П[0m
@qbs-autonaim/recruitment-assistant-extension:test:             [36m</label>[39m
@qbs-autonaim/recruitment-assistant-extension:test:          ...
@qbs-autonaim/recruitment-assistant-extension:test:       at getAllByLabelText (C:\Projects\kwork\selectio\node_modules\@testing-library\dom\dist\queries\label-text.js:111:115)
@qbs-autonaim/recruitment-assistant-extension:test:       at <anonymous> (C:\Projects\kwork\selectio\node_modules\@testing-library\dom\dist\query-helpers.js:52:17)
@qbs-autonaim/recruitment-assistant-extension:test:       at <anonymous> (C:\Projects\kwork\selectio\node_modules\@testing-library\dom\dist\query-helpers.js:95:19)
@qbs-autonaim/recruitment-assistant-extension:test:       at <anonymous> (C:\Projects\kwork\selectio\apps\recruitment-assistant-extension\src\content\ui\data-panel.test.tsx:297:33)
@qbs-autonaim/recruitment-assistant-extension:test: (fail) DataPanel > ╨┤╨╛╨╗╨╢╨╡╨╜ ╨╛╤В╨╛╨▒╤А╨░╨╢╨░╤В╤М ╤Б╨╛╤Б╤В╨╛╤П╨╜╨╕╨╡ ╨╖╨░╨│╤А╤Г╨╖╨║╨╕ ╨┐╤А╨╕ ╨╕╨╝╨┐╨╛╤А╤В╨╡ [47.00ms]
@qbs-autonaim/recruitment-assistant-extension:test: (pass) DataPanel > ╨┤╨╛╨╗╨╢╨╡╨╜ ╨▓╤Л╨╖╤Л╨▓╨░╤В╤М onEdit ╨┐╤А╨╕ ╨╕╨╖╨╝╨╡╨╜╨╡╨╜╨╕╨╕ ╨┐╨╛╨╗╤П [47.00ms]
@qbs-autonaim/recruitment-assistant-extension:test: (pass) DataPanel > ╨┤╨╛╨╗╨╢╨╡╨╜ ╨╕╨╝╨╡╤В╤М ╨┐╤А╨░╨▓╨╕╨╗╤М╨╜╤Л╨╡ ARIA ╨░╤В╤А╨╕╨▒╤Г╤В╤Л [47.00ms]
@qbs-autonaim/recruitment-assistant-extension:test: 106 |         throw (0, _config.getConfig)().getElementError(tagNames.map(tagName => `Found a label with the text of: ${text}, however the element associated with this label (<${tagName} />) is non-labellable [https://html.spec.whatwg.org/multipage/forms.html#category-label]. If you really need to label a <${tagName} />, you can use aria-label or aria-labelledby instead.`).join('\n\n'), container);
@qbs-autonaim/recruitment-assistant-extension:test: 107 |       } else {
@qbs-autonaim/recruitment-assistant-extension:test: 108 |         throw (0, _config.getConfig)().getElementError(`Found a label with the text of: ${text}, however no form control was found associated to that label. Make sure you're using the "for" attribute or "aria-labelledby" attribute correctly.`, container);
@qbs-autonaim/recruitment-assistant-extension:test: 109 |       }
@qbs-autonaim/recruitment-assistant-extension:test: 110 |     } else {
@qbs-autonaim/recruitment-assistant-extension:test: 111 |       throw (0, _config.getConfig)().getElementError(`Unable to find a label with the text of: ${text}`, container);
@qbs-autonaim/recruitment-assistant-extension:test:                                                                                                                         ^
@qbs-autonaim/recruitment-assistant-extension:test: TestingLibraryElementError: Unable to find a label with the text of: ╨н╨║╤Б╨┐╨╛╤А╤В╨╕╤А╨╛╨▓╨░╤В╤М ╨┤╨░╨╜╨╜╤Л╨╡ ╨▓ ╤Д╨╛╤А╨╝╨░╤В╨╡ JSON
@qbs-autonaim/recruitment-assistant-extension:test: 
@qbs-autonaim/recruitment-assistant-extension:test: Ignored nodes: comments, script, style
@qbs-autonaim/recruitment-assistant-extension:test: [36m<body>[39m
@qbs-autonaim/recruitment-assistant-extension:test:   [0m
@qbs-autonaim/recruitment-assistant-extension:test:         [0m
@qbs-autonaim/recruitment-assistant-extension:test:   [36m<h1[39m
@qbs-autonaim/recruitment-assistant-extension:test:     [33mclass[39m=[32m"text-heading-xlarge"[39m
@qbs-autonaim/recruitment-assistant-extension:test:   [36m>[39m
@qbs-autonaim/recruitment-assistant-extension:test:     [0m╨Ш╨▓╨░╨╜ ╨Ш╨▓╨░╨╜╨╛╨▓[0m
@qbs-autonaim/recruitment-assistant-extension:test:   [36m</h1>[39m
@qbs-autonaim/recruitment-assistant-extension:test:   [0m
@qbs-autonaim/recruitment-assistant-extension:test:         [0m
@qbs-autonaim/recruitment-assistant-extension:test:   [36m<div[39m
@qbs-autonaim/recruitment-assistant-extension:test:     [33mclass[39m=[32m"text-body-medium"[39m
@qbs-autonaim/recruitment-assistant-extension:test:   [36m>[39m
@qbs-autonaim/recruitment-assistant-extension:test:     [0mSenior Developer[0m
@qbs-autonaim/recruitment-assistant-extension:test:   [36m</div>[39m
@qbs-autonaim/recruitment-assistant-extension:test:   [0m
@qbs-autonaim/recruitment-assistant-extension:test:         [0m
@qbs-autonaim/recruitment-assistant-extension:test:   [36m<span[39m
@qbs-autonaim/recruitment-assistant-extension:test:     [33mclass[39m=[32m"text-body-small inline"[39m
@qbs-autonaim/recruitment-assistant-extension:test:   [36m>[39m
@qbs-autonaim/recruitment-assistant-extension:test:     [0m╨Ь╨╛╤Б╨║╨▓╨░, ╨а╨╛╤Б╤Б╨╕╤П[0m
@qbs-autonaim/recruitment-assistant-extension:test:   [36m</span>[39m
@qbs-autonaim/recruitment-assistant-extension:test:   [0m
@qbs-autonaim/recruitment-assistant-extension:test:         [0m
@qbs-autonaim/recruitment-assistant-extension:test:   [36m<img[39m
@qbs-autonaim/recruitment-assistant-extension:test:     [33mclass[39m=[32m"pv-top-card-profile-picture__image"[39m
@qbs-autonaim/recruitment-assistant-extension:test:     [33msrc[39m=[32m"https://example.com/photo.jpg"[39m
@qbs-autonaim/recruitment-assistant-extension:test:   [36m/>[39m
@qbs-autonaim/recruitment-assistant-extension:test:   [0m
@qbs-autonaim/recruitment-assistant-extension:test:         
@qbs-autonaim/recruitment-assistant-extension:test:         [0m
@qbs-autonaim/recruitment-assistant-extension:test:   [36m<section[39m
@qbs-autonaim/recruitment-assistant-extension:test:     [33mid[39m=[32m"experience"[39m
@qbs-autonaim/recruitment-assistant-extension:test:   [36m>[39m
@qbs-autonaim/recruitment-assistant-extension:test:     [0m
@qbs-autonaim/recruitment-assistant-extension:test:           [0m
@qbs-autonaim/recruitment-assistant-extension:test:     [36m<ul>[39m
@qbs-autonaim/recruitment-assistant-extension:test:       [0m
@qbs-autonaim/recruitment-assistant-extension:test:             [0m
@qbs-autonaim/recruitment-assistant-extension:test:       [36m<li[39m
@qbs-autonaim/recruitment-assistant-extension:test:         [33mclass[39m=[32m"artdeco-list__item"[39m
@qbs-autonaim/recruitment-assistant-extension:test:       [36m>[39m
@qbs-autonaim/recruitment-assistant-extension:test:         [0m
@qbs-autonaim/recruitment-assistant-extension:test:               [0m
@qbs-autonaim/recruitment-assistant-extension:test:         [36m<div[39m
@qbs-autonaim/recruitment-assistant-extension:test:           [33mclass[39m=[32m"display-flex"[39m
@qbs-autonaim/recruitment-assistant-extension:test:         [36m>[39m
@qbs-autonaim/recruitment-assistant-extension:test:           [0m
@qbs-autonaim/recruitment-assistant-extension:test:                 [0m
@qbs-autonaim/recruitment-assistant-extension:test:           [36m<span[39m
@qbs-autonaim/recruitment-assistant-extension:test:             [33maria-hidden[39m=[32m"true"[39m
@qbs-autonaim/recruitment-assistant-extension:test:           [36m>[39m
@qbs-autonaim/recruitment-assistant-extension:test:             [0mSenior Developer[0m
@qbs-autonaim/recruitment-assistant-extension:test:           [36m</span>[39m
@qbs-autonaim/recruitment-assistant-extension:test:           [0m
@qbs-autonaim/recruitment-assistant-extension:test:               [0m
@qbs-autonaim/recruitment-assistant-extension:test:         [36m</div>[39m
@qbs-autonaim/recruitment-assistant-extension:test:         [0m
@qbs-autonaim/recruitment-assistant-extension:test:               [0m
@qbs-autonaim/recruitment-assistant-extension:test:         [36m<span[39m
@qbs-autonaim/recruitment-assistant-extension:test:           [33mclass[39m=[32m"t-14 t-normal"[39m
@qbs-autonaim/recruitment-assistant-extension:test:         [36m>[39m
@qbs-autonaim/recruitment-assistant-extension:test:           [0m
@qbs-autonaim/recruitment-assistant-extension:test:                 [0m
@qbs-autonaim/recruitment-assistant-extension:test:           [36m<span[39m
@qbs-autonaim/recruitment-assistant-extension:test:             [33maria-hidden[39m=[32m"true"[39m
@qbs-autonaim/recruitment-assistant-extension:test:           [36m>[39m
@qbs-autonaim/recruitment-assistant-extension:test:             [0mTech Company[0m
@qbs-autonaim/recruitment-assistant-extension:test:           [36m</span>[39m
@qbs-autonaim/recruitment-assistant-extension:test:           [0m
@qbs-autonaim/recruitment-assistant-extension:test:               [0m
@qbs-autonaim/recruitment-assistant-extension:test:         [36m</span>[39m
@qbs-autonaim/recruitment-assistant-extension:test:         [0m
@qbs-autonaim/recruitment-assistant-extension:test:               [0m
@qbs-autonaim/recruitment-assistant-extension:test:         [36m<span[39m
@qbs-autonaim/recruitment-assistant-extension:test:           [33mclass[39m=[32m"t-14 t-normal t-black--light"[39m
@qbs-autonaim/recruitment-assistant-extension:test:         [36m>[39m
@qbs-autonaim/recruitment-assistant-extension:test:           [0m
@qbs-autonaim/recruitment-assistant-extension:test:                 [0m
@qbs-autonaim/recruitment-assistant-extension:test:           [36m<span[39m
@qbs-autonaim/recruitment-assistant-extension:test:             [33maria-hidden[39m=[32m"true"[39m
@qbs-autonaim/recruitment-assistant-extension:test:           [36m>[39m
@qbs-autonaim/recruitment-assistant-extension:test:             [0m2020 тАУ ╨┐╨╛ ╨╜╨░╤Б╤В╨╛╤П╤Й╨╡╨╡ ╨▓╤А╨╡╨╝╤П[0m
@qbs-autonaim/recruitment-assistant-extension:test:           [36m</span>[39m
@qbs-autonaim/recruitment-assistant-extension:test:           [0m
@qbs-autonaim/recruitment-assistant-extension:test:               [0m
@qbs-autonaim/recruitment-assistant-extension:test:         [36m</span>[39m
@qbs-autonaim/recruitment-assistant-extension:test:         [0m
@qbs-autonaim/recruitment-assistant-extension:test:               [0m
@qbs-autonaim/recruitment-assistant-extension:test:         [36m<div[39m
@qbs-autonaim/recruitment-assistant-extension:test:           [33mclass[39m=[32m"display-flex full-width"[39m
@qbs-autonaim/recruitment-assistant-extension:test:         [36m>[39m
@qbs-autonaim/recruitment-assistant-extension:test:           [0m
@qbs-autonaim/recruitment-assistant-extension:test:                 [0m
@qbs-autonaim/recruitment-assistant-extension:test:           [36m<span[39m
@qbs-autonaim/recruitment-assistant-extension:test:             [33maria-hidden[39m=[32m"true"[39m
@qbs-autonaim/recruitment-assistant-extension:test:           [36m>[39m
@qbs-autonaim/recruitment-assistant-extension:test:             [0m╨а╨░╨╖╤А╨░╨▒╨╛╤В╨║╨░[0m
@qbs-autonaim/recruitment-assistant-extension:test:           [36m</span>[39m
@qbs-autonaim/recruitment-assistant-extension:test:           [0m
@qbs-autonaim/recruitment-assistant-extension:test:               [0m
@qbs-autonaim/recruitment-assistant-extension:test:         [36m</div>[39m
@qbs-autonaim/recruitment-assistant-extension:test:         [0m
@qbs-autonaim/recruitment-assistant-extension:test:             [0m
@qbs-autonaim/recruitment-assistant-extension:test:       [36m</li>[39m
@qbs-autonaim/recruitment-assistant-extension:test:       [0m
@qbs-autonaim/recruitment-assistant-extension:test:           [0m
@qbs-autonaim/recruitment-assistant-extension:test:     [36m</ul>[39m
@qbs-autonaim/recruitment-assistant-extension:test:     [0m
@qbs-autonaim/recruitment-assistant-extension:test:         [0m
@qbs-autonaim/recruitment-assistant-extension:test:   [36m</section>[39m
@qbs-autonaim/recruitment-assistant-extension:test:   [0m
@qbs-autonaim/recruitment-assistant-extension:test:         
@qbs-autonaim/recruitment-assistant-extension:test:         [0m
@qbs-autonaim/recruitment-assistant-extension:test:   [36m<section[39m
@qbs-autonaim/recruitment-assistant-extension:test:     [33mid[39m=[32m"education"[39m
@qbs-autonaim/recruitment-assistant-extension:test:   [36m>[39m
@qbs-autonaim/recruitment-assistant-extension:test:     [0m
@qbs-autonaim/recruitment-assistant-extension:test:           [0m
@qbs-autonaim/recruitment-assistant-extension:test:     [36m<ul>[39m
@qbs-autonaim/recruitment-assistant-extension:test:       [0m
@qbs-autonaim/recruitment-assistant-extension:test:             [0m
@qbs-autonaim/recruitment-assistant-extension:test:       [36m<li[39m
@qbs-autonaim/recruitment-assistant-extension:test:         [33mclass[39m=[32m"artdeco-list__item"[39m
@qbs-autonaim/recruitment-assistant-extension:test:       [36m>[39m
@qbs-autonaim/recruitment-assistant-extension:test:         [0m
@qbs-autonaim/recruitment-assistant-extension:test:               [0m
@qbs-autonaim/recruitment-assistant-extension:test:         [36m<div[39m
@qbs-autonaim/recruitment-assistant-extension:test:           [33mclass[39m=[32m"display-flex"[39m
@qbs-autonaim/recruitment-assistant-extension:test:         [36m>[39m
@qbs-autonaim/recruitment-assistant-extension:test:           [0m
@qbs-autonaim/recruitment-assistant-extension:test:                 [0m
@qbs-autonaim/recruitment-assistant-extension:test:           [36m<span[39m
@qbs-autonaim/recruitment-assistant-extension:test:             [33maria-hidden[39m=[32m"true"[39m
@qbs-autonaim/recruitment-assistant-extension:test:           [36m>[39m
@qbs-autonaim/recruitment-assistant-extension:test:             [0m╨Ь╨У╨г[0m
@qbs-autonaim/recruitment-assistant-extension:test:           [36m</span>[39m
@qbs-autonaim/recruitment-assistant-extension:test:           [0m
@qbs-autonaim/recruitment-assistant-extension:test:               [0m
@qbs-autonaim/recruitment-assistant-extension:test:         [36m</div>[39m
@qbs-autonaim/recruitment-assistant-extension:test:         [0m
@qbs-autonaim/recruitment-assistant-extension:test:               [0m
@qbs-autonaim/recruitment-assistant-extension:test:         [36m<span[39m
@qbs-autonaim/recruitment-assistant-extension:test:           [33mclass[39m=[32m"t-14 t-normal"[39m
@qbs-autonaim/recruitment-assistant-extension:test:         [36m>[39m
@qbs-autonaim/recruitment-assistant-extension:test:           [0m
@qbs-autonaim/recruitment-assistant-extension:test:                 [0m
@qbs-autonaim/recruitment-assistant-extension:test:           [36m<span[39m
@qbs-autonaim/recruitment-assistant-extension:test:             [33maria-hidden[39m=[32m"true"[39m
@qbs-autonaim/recruitment-assistant-extension:test:           [36m>[39m
@qbs-autonaim/recruitment-assistant-extension:test:             [0m╨С╨░╨║╨░╨╗╨░╨▓╤А[0m
@qbs-autonaim/recruitment-assistant-extension:test:           [36m</span>[39m
@qbs-autonaim/recruitment-assistant-extension:test:           [0m
@qbs-autonaim/recruitment-assistant-extension:test:               [0m
@qbs-autonaim/recruitment-assistant-extension:test:         [36m</span>[39m
@qbs-autonaim/recruitment-assistant-extension:test:         [0m
@qbs-autonaim/recruitment-assistant-extension:test:               [0m
@qbs-autonaim/recruitment-assistant-extension:test:         [36m<span[39m
@qbs-autonaim/recruitment-assistant-extension:test:           [33mclass[39m=[32m"t-14 t-normal t-black--light"[39m
@qbs-autonaim/recruitment-assistant-extension:test:         [36m>[39m
@qbs-autonaim/recruitment-assistant-extension:test:           [0m
@qbs-autonaim/recruitment-assistant-extension:test:                 [0m
@qbs-autonaim/recruitment-assistant-extension:test:           [36m<span[39m
@qbs-autonaim/recruitment-assistant-extension:test:             [33maria-hidden[39m=[32m"true"[39m
@qbs-autonaim/recruitment-assistant-extension:test:           [36m>[39m
@qbs-autonaim/recruitment-assistant-extension:test:             [0m╨Ш╨╜╤Д╨╛╤А╨╝╨░╤В╨╕╨║╨░[0m
@qbs-autonaim/recruitment-assistant-extension:test:           [36m</span>[39m
@qbs-autonaim/recruitment-assistant-extension:test:           [0m
@qbs-autonaim/recruitment-assistant-extension:test:               [0m
@qbs-autonaim/recruitment-assistant-extension:test:         [36m</span>[39m
@qbs-autonaim/recruitment-assistant-extension:test:         [0m
@qbs-autonaim/recruitment-assistant-extension:test:               [0m
@qbs-autonaim/recruitment-assistant-extension:test:         [36m<span[39m
@qbs-autonaim/recruitment-assistant-extension:test:           [33mclass[39m=[32m"t-14 t-normal t-black--light"[39m
@qbs-autonaim/recruitment-assistant-extension:test:         [36m>[39m
@qbs-autonaim/recruitment-assistant-extension:test:           [0m
@qbs-autonaim/recruitment-assistant-extension:test:                 [0m
@qbs-autonaim/recruitment-assistant-extension:test:           [36m<span[39m
@qbs-autonaim/recruitment-assistant-extension:test:             [33maria-hidden[39m=[32m"true"[39m
@qbs-autonaim/recruitment-assistant-extension:test:           [36m>[39m
@qbs-autonaim/recruitment-assistant-extension:test:             [0m2015 тАУ 2019[0m
@qbs-autonaim/recruitment-assistant-extension:test:           [36m</span>[39m
@qbs-autonaim/recruitment-assistant-extension:test:           [0m
@qbs-autonaim/recruitment-assistant-extension:test:               [0m
@qbs-autonaim/recruitment-assistant-extension:test:         [36m</span>[39m
@qbs-autonaim/recruitment-assistant-extension:test:         [0m
@qbs-autonaim/recruitment-assistant-extension:test:             [0m
@qbs-autonaim/recruitment-assistant-extension:test:       [36m</li>[39m
@qbs-autonaim/recruitment-assistant-extension:test:       [0m
@qbs-autonaim/recruitment-assistant-extension:test:           [0m
@qbs-autonaim/recruitment-assistant-extension:test:     [36m</ul>[39m
@qbs-autonaim/recruitment-assistant-extension:test:     [0m
@qbs-autonaim/recruitment-assistant-extension:test:         [0m
@qbs-autonaim/recruitment-assistant-extension:test:   [36m</section>[39m
@qbs-autonaim/recruitment-assistant-extension:test:   [0m
@qbs-autonaim/recruitment-assistant-extension:test:         
@qbs-autonaim/recruitment-assistant-extension:test:         [0m
@qbs-autonaim/recruitment-assistant-extension:test:   [36m<section[39m
@qbs-autonaim/recruitment-assistant-extension:test:     [33mid[39m=[32m"skills"[39m
@qbs-autonaim/recruitment-assistant-extension:test:   [36m>[39m
@qbs-autonaim/recruitment-assistant-extension:test:     [0m
@qbs-autonaim/recruitment-assistant-extension:test:           [0m
@qbs-autonaim/recruitment-assistant-extension:test:     [36m<span[39m
@qbs-autonaim/recruitment-assistant-extension:test:       [33maria-hidden[39m=[32m"true"[39m
@qbs-autonaim/recruitment-assistant-extension:test:     [36m>[39m
@qbs-autonaim/recruitment-assistant-extension:test:       [0mTypeScript[0m
@qbs-autonaim/recruitment-assistant-extension:test:     [36m</span>[39m
@qbs-autonaim/recruitment-assistant-extension:test:     [0m
@qbs-autonaim/recruitment-assistant-extension:test:           [0m
@qbs-autonaim/recruitment-assistant-extension:test:     [36m<span[39m
@qbs-autonaim/recruitment-assistant-extension:test:       [33maria-hidden[39m=[32m"true"[39m
@qbs-autonaim/recruitment-assistant-extension:test:     [36m>[39m
@qbs-autonaim/recruitment-assistant-extension:test:       [0mReact[0m
@qbs-autonaim/recruitment-assistant-extension:test:     [36m</span>[39m
@qbs-autonaim/recruitment-assistant-extension:test:     [0m
@qbs-autonaim/recruitment-assistant-extension:test:         [0m
@qbs-autonaim/recruitment-assistant-extension:test:   [36m</section>[39m
@qbs-autonaim/recruitment-assistant-extension:test:   [0m
@qbs-autonaim/recruitment-assistant-extension:test:         
@qbs-autonaim/recruitment-assistant-extension:test:         [0m
@qbs-autonaim/recruitment-assistant-extension:test:   [36m<section[39m
@qbs-autonaim/recruitment-assistant-extension:test:     [33mclass[39m=[32m"pv-contact-info"[39m
@qbs-autonaim/recruitment-assistant-extension:test:   [36m>[39m
@qbs-autonaim/recruitment-assistant-extension:test:     [0m
@qbs-autonaim/recruitment-assistant-extension:test:           [0m
@qbs-autonaim/recruitment-assistant-extension:test:     [36m<a[39m
@qbs-autonaim/recruitment-assistant-extension:test:       [33mhref[39m=[32m"mailto:ivan@example.com"[39m
@qbs-autonaim/recruitment-assistant-extension:test:     [36m>[39m
@qbs-autonaim/recruitment-assistant-extension:test:       [0mEmail[0m
@qbs-autonaim/recruitment-assistant-extension:test:     [36m</a>[39m
@qbs-autonaim/recruitment-assistant-extension:test:     [0m
@qbs-autonaim/recruitment-assistant-extension:test:           [0m
@qbs-autonaim/recruitment-assistant-extension:test:     [36m<span[39m
@qbs-autonaim/recruitment-assistant-extension:test:       [33mclass[39m=[32m"t-14 t-black t-normal"[39m
@qbs-autonaim/recruitment-assistant-extension:test:     [36m>[39m
@qbs-autonaim/recruitment-assistant-extension:test:       [0m+7 (999) 123-45-67[0m
@qbs-autonaim/recruitment-assistant-extension:test:     [36m</span>[39m
@qbs-autonaim/recruitment-assistant-extension:test:     [0m
@qbs-autonaim/recruitment-assistant-extension:test:         [0m
@qbs-autonaim/recruitment-assistant-extension:test:   [36m</section>[39m
@qbs-autonaim/recruitment-assistant-extension:test:   [0m
@qbs-autonaim/recruitment-assistant-extension:test:       [0m
@qbs-autonaim/recruitment-assistant-extension:test:   [36m<div>[39m
@qbs-autonaim/recruitment-assistant-extension:test:     [36m<section[39m
@qbs-autonaim/recruitment-assistant-extension:test:       [33maria-label[39m=[32m"╨Ф╨░╨╜╨╜╤Л╨╡ ╨║╨░╨╜╨┤╨╕╨┤╨░╤В╨░"[39m
@qbs-autonaim/recruitment-assistant-extension:test:       [33mclass[39m=[32m"ra-data-panel"[39m
@qbs-autonaim/recruitment-assistant-extension:test:     [36m>[39m
@qbs-autonaim/recruitment-assistant-extension:test:       [36m<div[39m
@qbs-autonaim/recruitment-assistant-extension:test:         [33mclass[39m=[32m"ra-data-panel__header"[39m
@qbs-autonaim/recruitment-assistant-extension:test:       [36m>[39m
@qbs-autonaim/recruitment-assistant-extension:test:         [36m<h2[39m
@qbs-autonaim/recruitment-assistant-extension:test:           [33mclass[39m=[32m"ra-data-panel__title"[39m
@qbs-autonaim/recruitment-assistant-extension:test:         [36m>[39m
@qbs-autonaim/recruitment-assistant-extension:test:           [0m╨Ф╨░╨╜╨╜╤Л╨╡ ╨║╨░╨╜╨┤╨╕╨┤╨░╤В╨░[0m
@qbs-autonaim/recruitment-assistant-extension:test:         [36m</h2>[39m
@qbs-autonaim/recruitment-assistant-extension:test:         [36m<div[39m
@qbs-autonaim/recruitment-assistant-extension:test:           [33mclass[39m=[32m"ra-data-panel__meta tabular-nums"[39m
@qbs-autonaim/recruitment-assistant-extension:test:         [36m>[39m
@qbs-autonaim/recruitment-assistant-extension:test:           [0mLinkedIn[0m
@qbs-autonaim/recruitment-assistant-extension:test:           [0m тАв [0m
@qbs-autonaim/recruitment-assistant-extension:test:           [0m01.01.2024, 12:00[0m
@qbs-autonaim/recruitment-assistant-extension:test:         [36m</div>[39m
@qbs-autonaim/recruitment-assistant-extension:test:       [36m</div>[39m
@qbs-autonaim/recruitment-assistant-extension:test:       [36m<div[39m
@qbs-autonaim/recruitment-assistant-extension:test:         [33mclass[39m=[32m"ra-data-panel__content"[39m
@qbs-autonaim/recruitment-assistant-extension:test:       [36m>[39m
@qbs-autonaim/recruitment-assistant-extension:test:         [36m<section[39m
@qbs-autonaim/recruitment-assistant-extension:test:           [33mclass[39m=[32m"ra-data-panel__section"[39m
@qbs-autonaim/recruitment-assistant-extension:test:         [36m>[39m
@qbs-autonaim/recruitment-assistant-extension:test:           [36m<h3[39m
@qbs-autonaim/recruitment-assistant-extension:test:             [33mclass[39m=[32m"ra-data-panel__section-title"[39m
@qbs-autonaim/recruitment-assistant-extension:test:           [36m>[39m
@qbs-autonaim/recruitment-assistant-extension:test:             [0m╨Ю╤Б╨╜╨╛╨▓╨╜╨░╤П ╨╕╨╜╤Д╨╛╤А╨╝╨░╤Ж╨╕╤П[0m
@qbs-autonaim/recruitment-assistant-extension:test:           [36m</h3>[39m
@qbs-autonaim/recruitment-assistant-extension:test:           [36m<div[39m
@qbs-autonaim/recruitment-assistant-extension:test:             [33mstyle[39m=[32m"margin-bottom: 16px; display: flex; flex-direction: column; gap: 4px;"[39m
@qbs-autonaim/recruitment-assistant-extension:test:           [36m>[39m
@qbs-autonaim/recruitment-assistant-extension:test:             [36m<label[39m
@qbs-autonaim/recruitment-assistant-extension:test:               [33mfor[39m=[32m"_r_64_"[39m
@qbs-autonaim/recruitment-assistant-extension:test:               [33mstyle[39m=[32m"font-size: 14px; font-weight: 500; color: #374151;"[39m
@qbs-autonaim/recruitment-assistant-extension:test:             [36m>[39m
@qbs-autonaim/recruitment-assistant-extension:test:               [0m╨Я╨╛╨╗╨╜╨╛╨╡ ╨╕╨╝╤П[0m
@qbs-autonaim/recruitment-assistant-extension:test:             [36m</label>[39m
@qbs-autonaim/recruitment-assistant-extension:test:          ...
@qbs-autonaim/recruitment-assistant-extension:test:       at getAllByLabelText (C:\Projects\kwork\selectio\node_modules\@testing-library\dom\dist\queries\label-text.js:111:115)
@qbs-autonaim/recruitment-assistant-extension:test:       at <anonymous> (C:\Projects\kwork\selectio\node_modules\@testing-library\dom\dist\query-helpers.js:52:17)
@qbs-autonaim/recruitment-assistant-extension:test:       at <anonymous> (C:\Projects\kwork\selectio\node_modules\@testing-library\dom\dist\query-helpers.js:95:19)
@qbs-autonaim/recruitment-assistant-extension:test:       at <anonymous> (C:\Projects\kwork\selectio\apps\recruitment-assistant-extension\src\content\ui\data-panel.test.tsx:356:33)
@qbs-autonaim/recruitment-assistant-extension:test: (fail) DataPanel > ╨┤╨╛╨╗╨╢╨╡╨╜ ╨┐╨╛╨┤╨┤╨╡╤А╨╢╨╕╨▓╨░╤В╤М ╨╜╨░╨▓╨╕╨│╨░╤Ж╨╕╤О ╤Б ╨║╨╗╨░╨▓╨╕╨░╤В╤Г╤А╤Л [47.00ms]
@qbs-autonaim/recruitment-assistant-extension:test: 
@qbs-autonaim/recruitment-assistant-extension:test: src\content\ui\editable-field.test.tsx:
@qbs-autonaim/recruitment-assistant-extension:test: 54 |       const elementStrings = els.map(element => getElementError(null, element).message).join('\n\n');
@qbs-autonaim/recruitment-assistant-extension:test: 55 |       throw getMultipleElementsFoundError(`${getMultipleError(container, ...args)}
@qbs-autonaim/recruitment-assistant-extension:test: 56 | 
@qbs-autonaim/recruitment-assistant-extension:test: 57 | Here are the matching elements:
@qbs-autonaim/recruitment-assistant-extension:test: 58 | 
@qbs-autonaim/recruitment-assistant-extension:test: 59 | ${elementStrings}`, container);
@qbs-autonaim/recruitment-assistant-extension:test:                                   ^
@qbs-autonaim/recruitment-assistant-extension:test: TestingLibraryElementError: Found multiple elements with the text: ╨Ш╨▓╨░╨╜ ╨Ш╨▓╨░╨╜╨╛╨▓
@qbs-autonaim/recruitment-assistant-extension:test: 
@qbs-autonaim/recruitment-assistant-extension:test: Here are the matching elements:
@qbs-autonaim/recruitment-assistant-extension:test: 
@qbs-autonaim/recruitment-assistant-extension:test: Ignored nodes: comments, script, style
@qbs-autonaim/recruitment-assistant-extension:test: [36m<h1[39m
@qbs-autonaim/recruitment-assistant-extension:test:   [33mclass[39m=[32m"text-heading-xlarge"[39m
@qbs-autonaim/recruitment-assistant-extension:test: [36m>[39m
@qbs-autonaim/recruitment-assistant-extension:test:   [0m╨Ш╨▓╨░╨╜ ╨Ш╨▓╨░╨╜╨╛╨▓[0m
@qbs-autonaim/recruitment-assistant-extension:test: [36m</h1>[39m
@qbs-autonaim/recruitment-assistant-extension:test: 
@qbs-autonaim/recruitment-assistant-extension:test: Ignored nodes: comments, script, style
@qbs-autonaim/recruitment-assistant-extension:test: [36m<div[39m
@qbs-autonaim/recruitment-assistant-extension:test:   [33mstyle[39m=[32m"padding: 8px 12px; font-size: 14px; color: #1f2937; background-color: #f9fafb; border-radius: 6px; min-height: auto; white-space: nowrap; overflow: hidden; text-overflow: ellipsis; flex-grow: 1; flex-shrink: 1; flex-basis: 0%;"[39m
@qbs-autonaim/recruitment-assistant-extension:test: [36m>[39m
@qbs-autonaim/recruitment-assistant-extension:test:   [0m╨Ш╨▓╨░╨╜ ╨Ш╨▓╨░╨╜╨╛╨▓[0m
@qbs-autonaim/recruitment-assistant-extension:test: [36m</div>[39m
@qbs-autonaim/recruitment-assistant-extension:test: 
@qbs-autonaim/recruitment-assistant-extension:test: (If this is intentional, then use the `*AllBy*` variant of the query (like `queryAllByText`, `getAllByText`, or `findAllByText`)).
@qbs-autonaim/recruitment-assistant-extension:test: 
@qbs-autonaim/recruitment-assistant-extension:test: Ignored nodes: comments, script, style
@qbs-autonaim/recruitment-assistant-extension:test: [36m<body>[39m
@qbs-autonaim/recruitment-assistant-extension:test:   [0m
@qbs-autonaim/recruitment-assistant-extension:test:         [0m
@qbs-autonaim/recruitment-assistant-extension:test:   [36m<h1[39m
@qbs-autonaim/recruitment-assistant-extension:test:     [33mclass[39m=[32m"text-heading-xlarge"[39m
@qbs-autonaim/recruitment-assistant-extension:test:   [36m>[39m
@qbs-autonaim/recruitment-assistant-extension:test:     [0m╨Ш╨▓╨░╨╜ ╨Ш╨▓╨░╨╜╨╛╨▓[0m
@qbs-autonaim/recruitment-assistant-extension:test:   [36m</h1>[39m
@qbs-autonaim/recruitment-assistant-extension:test:   [0m
@qbs-autonaim/recruitment-assistant-extension:test:         [0m
@qbs-autonaim/recruitment-assistant-extension:test:   [36m<div[39m
@qbs-autonaim/recruitment-assistant-extension:test:     [33mclass[39m=[32m"text-body-medium"[39m
@qbs-autonaim/recruitment-assistant-extension:test:   [36m>[39m
@qbs-autonaim/recruitment-assistant-extension:test:     [0mSenior Developer[0m
@qbs-autonaim/recruitment-assistant-extension:test:   [36m</div>[39m
@qbs-autonaim/recruitment-assistant-extension:test:   [0m
@qbs-autonaim/recruitment-assistant-extension:test:         [0m
@qbs-autonaim/recruitment-assistant-extension:test:   [36m<span[39m
@qbs-autonaim/recruitment-assistant-extension:test:     [33mclass[39m=[32m"text-body-small inline"[39m
@qbs-autonaim/recruitment-assistant-extension:test:   [36m>[39m
@qbs-autonaim/recruitment-assistant-extension:test:     [0m╨Ь╨╛╤Б╨║╨▓╨░, ╨а╨╛╤Б╤Б╨╕╤П[0m
@qbs-autonaim/recruitment-assistant-extension:test:   [36m</span>[39m
@qbs-autonaim/recruitment-assistant-extension:test:   [0m
@qbs-autonaim/recruitment-assistant-extension:test:         [0m
@qbs-autonaim/recruitment-assistant-extension:test:   [36m<img[39m
@qbs-autonaim/recruitment-assistant-extension:test:     [33mclass[39m=[32m"pv-top-card-profile-picture__image"[39m
@qbs-autonaim/recruitment-assistant-extension:test:     [33msrc[39m=[32m"https://example.com/photo.jpg"[39m
@qbs-autonaim/recruitment-assistant-extension:test:   [36m/>[39m
@qbs-autonaim/recruitment-assistant-extension:test:   [0m
@qbs-autonaim/recruitment-assistant-extension:test:         
@qbs-autonaim/recruitment-assistant-extension:test:         [0m
@qbs-autonaim/recruitment-assistant-extension:test:   [36m<section[39m
@qbs-autonaim/recruitment-assistant-extension:test:     [33mid[39m=[32m"experience"[39m
@qbs-autonaim/recruitment-assistant-extension:test:   [36m>[39m
@qbs-autonaim/recruitment-assistant-extension:test:     [0m
@qbs-autonaim/recruitment-assistant-extension:test:           [0m
@qbs-autonaim/recruitment-assistant-extension:test:     [36m<ul>[39m
@qbs-autonaim/recruitment-assistant-extension:test:       [0m
@qbs-autonaim/recruitment-assistant-extension:test:             [0m
@qbs-autonaim/recruitment-assistant-extension:test:       [36m<li[39m
@qbs-autonaim/recruitment-assistant-extension:test:         [33mclass[39m=[32m"artdeco-list__item"[39m
@qbs-autonaim/recruitment-assistant-extension:test:       [36m>[39m
@qbs-autonaim/recruitment-assistant-extension:test:         [0m
@qbs-autonaim/recruitment-assistant-extension:test:               [0m
@qbs-autonaim/recruitment-assistant-extension:test:         [36m<div[39m
@qbs-autonaim/recruitment-assistant-extension:test:           [33mclass[39m=[32m"display-flex"[39m
@qbs-autonaim/recruitment-assistant-extension:test:         [36m>[39m
@qbs-autonaim/recruitment-assistant-extension:test:           [0m
@qbs-autonaim/recruitment-assistant-extension:test:                 [0m
@qbs-autonaim/recruitment-assistant-extension:test:           [36m<span[39m
@qbs-autonaim/recruitment-assistant-extension:test:             [33maria-hidden[39m=[32m"true"[39m
@qbs-autonaim/recruitment-assistant-extension:test:           [36m>[39m
@qbs-autonaim/recruitment-assistant-extension:test:             [0mSenior Developer[0m
@qbs-autonaim/recruitment-assistant-extension:test:           [36m</span>[39m
@qbs-autonaim/recruitment-assistant-extension:test:           [0m
@qbs-autonaim/recruitment-assistant-extension:test:               [0m
@qbs-autonaim/recruitment-assistant-extension:test:         [36m</div>[39m
@qbs-autonaim/recruitment-assistant-extension:test:         [0m
@qbs-autonaim/recruitment-assistant-extension:test:               [0m
@qbs-autonaim/recruitment-assistant-extension:test:         [36m<span[39m
@qbs-autonaim/recruitment-assistant-extension:test:           [33mclass[39m=[32m"t-14 t-normal"[39m
@qbs-autonaim/recruitment-assistant-extension:test:         [36m>[39m
@qbs-autonaim/recruitment-assistant-extension:test:           [0m
@qbs-autonaim/recruitment-assistant-extension:test:                 [0m
@qbs-autonaim/recruitment-assistant-extension:test:           [36m<span[39m
@qbs-autonaim/recruitment-assistant-extension:test:             [33maria-hidden[39m=[32m"true"[39m
@qbs-autonaim/recruitment-assistant-extension:test:           [36m>[39m
@qbs-autonaim/recruitment-assistant-extension:test:             [0mTech Company[0m
@qbs-autonaim/recruitment-assistant-extension:test:           [36m</span>[39m
@qbs-autonaim/recruitment-assistant-extension:test:           [0m
@qbs-autonaim/recruitment-assistant-extension:test:               [0m
@qbs-autonaim/recruitment-assistant-extension:test:         [36m</span>[39m
@qbs-autonaim/recruitment-assistant-extension:test:         [0m
@qbs-autonaim/recruitment-assistant-extension:test:               [0m
@qbs-autonaim/recruitment-assistant-extension:test:         [36m<span[39m
@qbs-autonaim/recruitment-assistant-extension:test:           [33mclass[39m=[32m"t-14 t-normal t-black--light"[39m
@qbs-autonaim/recruitment-assistant-extension:test:         [36m>[39m
@qbs-autonaim/recruitment-assistant-extension:test:           [0m
@qbs-autonaim/recruitment-assistant-extension:test:                 [0m
@qbs-autonaim/recruitment-assistant-extension:test:           [36m<span[39m
@qbs-autonaim/recruitment-assistant-extension:test:             [33maria-hidden[39m=[32m"true"[39m
@qbs-autonaim/recruitment-assistant-extension:test:           [36m>[39m
@qbs-autonaim/recruitment-assistant-extension:test:             [0m2020 тАУ ╨┐╨╛ ╨╜╨░╤Б╤В╨╛╤П╤Й╨╡╨╡ ╨▓╤А╨╡╨╝╤П[0m
@qbs-autonaim/recruitment-assistant-extension:test:           [36m</span>[39m
@qbs-autonaim/recruitment-assistant-extension:test:           [0m
@qbs-autonaim/recruitment-assistant-extension:test:               [0m
@qbs-autonaim/recruitment-assistant-extension:test:         [36m</span>[39m
@qbs-autonaim/recruitment-assistant-extension:test:         [0m
@qbs-autonaim/recruitment-assistant-extension:test:               [0m
@qbs-autonaim/recruitment-assistant-extension:test:         [36m<div[39m
@qbs-autonaim/recruitment-assistant-extension:test:           [33mclass[39m=[32m"display-flex full-width"[39m
@qbs-autonaim/recruitment-assistant-extension:test:         [36m>[39m
@qbs-autonaim/recruitment-assistant-extension:test:           [0m
@qbs-autonaim/recruitment-assistant-extension:test:                 [0m
@qbs-autonaim/recruitment-assistant-extension:test:           [36m<span[39m
@qbs-autonaim/recruitment-assistant-extension:test:             [33maria-hidden[39m=[32m"true"[39m
@qbs-autonaim/recruitment-assistant-extension:test:           [36m>[39m
@qbs-autonaim/recruitment-assistant-extension:test:             [0m╨а╨░╨╖╤А╨░╨▒╨╛╤В╨║╨░[0m
@qbs-autonaim/recruitment-assistant-extension:test:           [36m</span>[39m
@qbs-autonaim/recruitment-assistant-extension:test:           [0m
@qbs-autonaim/recruitment-assistant-extension:test:               [0m
@qbs-autonaim/recruitment-assistant-extension:test:         [36m</div>[39m
@qbs-autonaim/recruitment-assistant-extension:test:         [0m
@qbs-autonaim/recruitment-assistant-extension:test:             [0m
@qbs-autonaim/recruitment-assistant-extension:test:       [36m</li>[39m
@qbs-autonaim/recruitment-assistant-extension:test:       [0m
@qbs-autonaim/recruitment-assistant-extension:test:           [0m
@qbs-autonaim/recruitment-assistant-extension:test:     [36m</ul>[39m
@qbs-autonaim/recruitment-assistant-extension:test:     [0m
@qbs-autonaim/recruitment-assistant-extension:test:         [0m
@qbs-autonaim/recruitment-assistant-extension:test:   [36m</section>[39m
@qbs-autonaim/recruitment-assistant-extension:test:   [0m
@qbs-autonaim/recruitment-assistant-extension:test:         
@qbs-autonaim/recruitment-assistant-extension:test:         [0m
@qbs-autonaim/recruitment-assistant-extension:test:   [36m<section[39m
@qbs-autonaim/recruitment-assistant-extension:test:     [33mid[39m=[32m"education"[39m
@qbs-autonaim/recruitment-assistant-extension:test:   [36m>[39m
@qbs-autonaim/recruitment-assistant-extension:test:     [0m
@qbs-autonaim/recruitment-assistant-extension:test:           [0m
@qbs-autonaim/recruitment-assistant-extension:test:     [36m<ul>[39m
@qbs-autonaim/recruitment-assistant-extension:test:       [0m
@qbs-autonaim/recruitment-assistant-extension:test:             [0m
@qbs-autonaim/recruitment-assistant-extension:test:       [36m<li[39m
@qbs-autonaim/recruitment-assistant-extension:test:         [33mclass[39m=[32m"artdeco-list__item"[39m
@qbs-autonaim/recruitment-assistant-extension:test:       [36m>[39m
@qbs-autonaim/recruitment-assistant-extension:test:         [0m
@qbs-autonaim/recruitment-assistant-extension:test:               [0m
@qbs-autonaim/recruitment-assistant-extension:test:         [36m<div[39m
@qbs-autonaim/recruitment-assistant-extension:test:           [33mclass[39m=[32m"display-flex"[39m
@qbs-autonaim/recruitment-assistant-extension:test:         [36m>[39m
@qbs-autonaim/recruitment-assistant-extension:test:           [0m
@qbs-autonaim/recruitment-assistant-extension:test:                 [0m
@qbs-autonaim/recruitment-assistant-extension:test:           [36m<span[39m
@qbs-autonaim/recruitment-assistant-extension:test:             [33maria-hidden[39m=[32m"true"[39m
@qbs-autonaim/recruitment-assistant-extension:test:           [36m>[39m
@qbs-autonaim/recruitment-assistant-extension:test:             [0m╨Ь╨У╨г[0m
@qbs-autonaim/recruitment-assistant-extension:test:           [36m</span>[39m
@qbs-autonaim/recruitment-assistant-extension:test:           [0m
@qbs-autonaim/recruitment-assistant-extension:test:               [0m
@qbs-autonaim/recruitment-assistant-extension:test:         [36m</div>[39m
@qbs-autonaim/recruitment-assistant-extension:test:         [0m
@qbs-autonaim/recruitment-assistant-extension:test:               [0m
@qbs-autonaim/recruitment-assistant-extension:test:         [36m<span[39m
@qbs-autonaim/recruitment-assistant-extension:test:           [33mclass[39m=[32m"t-14 t-normal"[39m
@qbs-autonaim/recruitment-assistant-extension:test:         [36m>[39m
@qbs-autonaim/recruitment-assistant-extension:test:           [0m
@qbs-autonaim/recruitment-assistant-extension:test:                 [0m
@qbs-autonaim/recruitment-assistant-extension:test:           [36m<span[39m
@qbs-autonaim/recruitment-assistant-extension:test:             [33maria-hidden[39m=[32m"true"[39m
@qbs-autonaim/recruitment-assistant-extension:test:           [36m>[39m
@qbs-autonaim/recruitment-assistant-extension:test:             [0m╨С╨░╨║╨░╨╗╨░╨▓╤А[0m
@qbs-autonaim/recruitment-assistant-extension:test:           [36m</span>[39m
@qbs-autonaim/recruitment-assistant-extension:test:           [0m
@qbs-autonaim/recruitment-assistant-extension:test:               [0m
@qbs-autonaim/recruitment-assistant-extension:test:         [36m</span>[39m
@qbs-autonaim/recruitment-assistant-extension:test:         [0m
@qbs-autonaim/recruitment-assistant-extension:test:               [0m
@qbs-autonaim/recruitment-assistant-extension:test:         [36m<span[39m
@qbs-autonaim/recruitment-assistant-extension:test:           [33mclass[39m=[32m"t-14 t-normal t-black--light"[39m
@qbs-autonaim/recruitment-assistant-extension:test:         [36m>[39m
@qbs-autonaim/recruitment-assistant-extension:test:           [0m
@qbs-autonaim/recruitment-assistant-extension:test:                 [0m
@qbs-autonaim/recruitment-assistant-extension:test:           [36m<span[39m
@qbs-autonaim/recruitment-assistant-extension:test:             [33maria-hidden[39m=[32m"true"[39m
@qbs-autonaim/recruitment-assistant-extension:test:           [36m>[39m
@qbs-autonaim/recruitment-assistant-extension:test:             [0m╨Ш╨╜╤Д╨╛╤А╨╝╨░╤В╨╕╨║╨░[0m
@qbs-autonaim/recruitment-assistant-extension:test:           [36m</span>[39m
@qbs-autonaim/recruitment-assistant-extension:test:           [0m
@qbs-autonaim/recruitment-assistant-extension:test:               [0m
@qbs-autonaim/recruitment-assistant-extension:test:         [36m</span>[39m
@qbs-autonaim/recruitment-assistant-extension:test:         [0m
@qbs-autonaim/recruitment-assistant-extension:test:               [0m
@qbs-autonaim/recruitment-assistant-extension:test:         [36m<span[39m
@qbs-autonaim/recruitment-assistant-extension:test:           [33mclass[39m=[32m"t-14 t-normal t-black--light"[39m
@qbs-autonaim/recruitment-assistant-extension:test:         [36m>[39m
@qbs-autonaim/recruitment-assistant-extension:test:           [0m
@qbs-autonaim/recruitment-assistant-extension:test:                 [0m
@qbs-autonaim/recruitment-assistant-extension:test:           [36m<span[39m
@qbs-autonaim/recruitment-assistant-extension:test:             [33maria-hidden[39m=[32m"true"[39m
@qbs-autonaim/recruitment-assistant-extension:test:           [36m>[39m
@qbs-autonaim/recruitment-assistant-extension:test:             [0m2015 тАУ 2019[0m
@qbs-autonaim/recruitment-assistant-extension:test:           [36m</span>[39m
@qbs-autonaim/recruitment-assistant-extension:test:           [0m
@qbs-autonaim/recruitment-assistant-extension:test:               [0m
@qbs-autonaim/recruitment-assistant-extension:test:         [36m</span>[39m
@qbs-autonaim/recruitment-assistant-extension:test:         [0m
@qbs-autonaim/recruitment-assistant-extension:test:             [0m
@qbs-autonaim/recruitment-assistant-extension:test:       [36m</li>[39m
@qbs-autonaim/recruitment-assistant-extension:test:       [0m
@qbs-autonaim/recruitment-assistant-extension:test:           [0m
@qbs-autonaim/recruitment-assistant-extension:test:     [36m</ul>[39m
@qbs-autonaim/recruitment-assistant-extension:test:     [0m
@qbs-autonaim/recruitment-assistant-extension:test:         [0m
@qbs-autonaim/recruitment-assistant-extension:test:   [36m</section>[39m
@qbs-autonaim/recruitment-assistant-extension:test:   [0m
@qbs-autonaim/recruitment-assistant-extension:test:         
@qbs-autonaim/recruitment-assistant-extension:test:         [0m
@qbs-autonaim/recruitment-assistant-extension:test:   [36m<section[39m
@qbs-autonaim/recruitment-assistant-extension:test:     [33mid[39m=[32m"skills"[39m
@qbs-autonaim/recruitment-assistant-extension:test:   [36m>[39m
@qbs-autonaim/recruitment-assistant-extension:test:     [0m
@qbs-autonaim/recruitment-assistant-extension:test:           [0m
@qbs-autonaim/recruitment-assistant-extension:test:     [36m<span[39m
@qbs-autonaim/recruitment-assistant-extension:test:       [33maria-hidden[39m=[32m"true"[39m
@qbs-autonaim/recruitment-assistant-extension:test:     [36m>[39m
@qbs-autonaim/recruitment-assistant-extension:test:       [0mTypeScript[0m
@qbs-autonaim/recruitment-assistant-extension:test:     [36m</span>[39m
@qbs-autonaim/recruitment-assistant-extension:test:     [0m
@qbs-autonaim/recruitment-assistant-extension:test:           [0m
@qbs-autonaim/recruitment-assistant-extension:test:     [36m<span[39m
@qbs-autonaim/recruitment-assistant-extension:test:       [33maria-hidden[39m=[32m"true"[39m
@qbs-autonaim/recruitment-assistant-extension:test:     [36m>[39m
@qbs-autonaim/recruitment-assistant-extension:test:       [0mReact[0m
@qbs-autonaim/recruitment-assistant-extension:test:     [36m</span>[39m
@qbs-autonaim/recruitment-assistant-extension:test:     [0m
@qbs-autonaim/recruitment-assistant-extension:test:         [0m
@qbs-autonaim/recruitment-assistant-extension:test:   [36m</section>[39m
@qbs-autonaim/recruitment-assistant-extension:test:   [0m
@qbs-autonaim/recruitment-assistant-extension:test:         
@qbs-autonaim/recruitment-assistant-extension:test:         [0m
@qbs-autonaim/recruitment-assistant-extension:test:   [36m<section[39m
@qbs-autonaim/recruitment-assistant-extension:test:     [33mclass[39m=[32m"pv-contact-info"[39m
@qbs-autonaim/recruitment-assistant-extension:test:   [36m>[39m
@qbs-autonaim/recruitment-assistant-extension:test:     [0m
@qbs-autonaim/recruitment-assistant-extension:test:           [0m
@qbs-autonaim/recruitment-assistant-extension:test:     [36m<a[39m
@qbs-autonaim/recruitment-assistant-extension:test:       [33mhref[39m=[32m"mailto:ivan@example.com"[39m
@qbs-autonaim/recruitment-assistant-extension:test:     [36m>[39m
@qbs-autonaim/recruitment-assistant-extension:test:       [0mEmail[0m
@qbs-autonaim/recruitment-assistant-extension:test:     [36m</a>[39m
@qbs-autonaim/recruitment-assistant-extension:test:     [0m
@qbs-autonaim/recruitment-assistant-extension:test:           [0m
@qbs-autonaim/recruitment-assistant-extension:test:     [36m<span[39m
@qbs-autonaim/recruitment-assistant-extension:test:       [33mclass[39m=[32m"t-14 t-black t-normal"[39m
@qbs-autonaim/recruitment-assistant-extension:test:     [36m>[39m
@qbs-autonaim/recruitment-assistant-extension:test:       [0m+7 (999) 123-45-67[0m
@qbs-autonaim/recruitment-assistant-extension:test:     [36m</span>[39m
@qbs-autonaim/recruitment-assistant-extension:test:     [0m
@qbs-autonaim/recruitment-assistant-extension:test:         [0m
@qbs-autonaim/recruitment-assistant-extension:test:   [36m</section>[39m
@qbs-autonaim/recruitment-assistant-extension:test:   [0m
@qbs-autonaim/recruitment-assistant-extension:test:       [0m
@qbs-autonaim/recruitment-assistant-extension:test:   [36m<div>[39m
@qbs-autonaim/recruitment-assistant-extension:test:     [36m<div[39m
@qbs-autonaim/recruitment-assistant-extension:test:       [33mstyle[39m=[32m"margin-bottom: 16px; display: flex; flex-direction: column; gap: 4px;"[39m
@qbs-autonaim/recruitment-assistant-extension:test:     [36m>[39m
@qbs-autonaim/recruitment-assistant-extension:test:       [36m<label[39m
@qbs-autonaim/recruitment-assistant-extension:test:         [33mfor[39m=[32m"_r_6e_"[39m
@qbs-autonaim/recruitment-assistant-extension:test:         [33mstyle[39m=[32m"font-size: 14px; font-weight: 500; color: #374151;"[39m
@qbs-autonaim/recruitment-assistant-extension:test:       [36m>[39m
@qbs-autonaim/recruitment-assistant-extension:test:         [0m╨Ш╨╝╤П[0m
@qbs-autonaim/recruitment-assistant-extension:test:       [36m</label>[39m
@qbs-autonaim/recruitment-assistant-extension:test:       [36m<div[39m
@qbs-autonaim/recruitment-assistant-extension:test:         [33mstyle[39m=[32m"display: flex; align-items: center; gap: 8px;"[39m
@qbs-autonaim/recruitment-assistant-extension:test:       [36m>[39m
@qbs-autonaim/recruitment-assistant-extension:test:         [36m<div[39m
@qbs-autonaim/recruitment-assistant-extension:test:           [33mstyle[39m=[32m"padding: 8px 12px; font-size: 14px; color: #1f2937; background-color: #f9fafb; border-radius: 6px; min-height: auto; white-space: nowrap; overflow: hidden; text-overflow: ellipsis; flex-grow: 1; flex-shrink: 1; flex-basis: 0%;"[39m
@qbs-autonaim/recruitment-assistant-extension:test:         [36m>[39m
@qbs-autonaim/recruitment-assistant-extension:test:           [0m╨Ш╨▓╨░╨╜ ╨Ш╨▓╨░╨╜╨╛╨▓[0m
@qbs-autonaim/recruitment-assistant-extension:test:         [36m</div>[39m
@qbs-autonaim/recruitment-assistant-extension:test:         [36m<button[39m
@qbs-autonaim/recruitment-assistant-extension:test:           [33maria-label[39m=[32m"╨а╨╡╨┤╨░╨║╤В╨╕╤А╨╛╨▓╨░╤В╤М ╨Ш╨╝╤П"[39m
@qbs-autonaim/recruitment-assistant-extension:test:           [33mclass[39m=[32m"ra-editable-field-btn ra-editable-field-btn--outline"[39m
@qbs-autonaim/recruitment-assistant-extension:test:           [33mstyle[39m=[32m"min-width: 44px; min-height: 44px; padding: 8px 12px; background-color: white; color: #3b82f6; border: 1px solid #3b82f6; border-radius: 6px; font-size: 14px; font-weight: 500; cursor: pointer; touch-action: manipulation;"[39m
@qbs-autonaim/recruitment-assistant-extension:test:           [33mtype[39m=[32m"button"[39m
@qbs-autonaim/recruitment-assistant-extension:test:         [36m>[39m
@qbs-autonaim/recruitment-assistant-extension:test:           [0m╨Ш╨╖╨╝╨╡╨╜╨╕╤В╤М[0m
@qbs-autonaim/recruitment-assistant-extension:test:         [36m</button>[39m
@qbs-autonaim/recruitment-assistant-extension:test:       [36m</div>[39m
@qbs-autonaim/recruitment-assistant-extension:test:     [36m</div>[39m
@qbs-autonaim/recruitment-assistant-extension:test:   [36m</div>[39m
@qbs-autonaim/recruitment-assistant-extension:test: [36m</body>[39m
@qbs-autonaim/recruitment-assistant-extension:test:       at <anonymous> (C:\Projects\kwork\selectio\node_modules\@testing-library\dom\dist\query-helpers.js:59:30)
@qbs-autonaim/recruitment-assistant-extension:test:       at <anonymous> (C:\Projects\kwork\selectio\node_modules\@testing-library\dom\dist\query-helpers.js:95:19)
@qbs-autonaim/recruitment-assistant-extension:test:       at <anonymous> (C:\Projects\kwork\selectio\apps\recruitment-assistant-extension\src\content\ui\editable-field.test.tsx:15:19)
@qbs-autonaim/recruitment-assistant-extension:test: (fail) EditableField > ╨┤╨╛╨╗╨╢╨╡╨╜ ╨╛╤В╨╛╨▒╤А╨░╨╢╨░╤В╤М ╨╖╨╜╨░╤З╨╡╨╜╨╕╨╡ ╨┐╨╛╨╗╤П [16.00ms]
@qbs-autonaim/recruitment-assistant-extension:test: (pass) EditableField > ╨┤╨╛╨╗╨╢╨╡╨╜ ╨╛╤В╨╛╨▒╤А╨░╨╢╨░╤В╤М '╨Э╨╡ ╤Г╨║╨░╨╖╨░╨╜╨╛' ╨┤╨╗╤П ╨┐╤Г╤Б╤В╨╛╨│╨╛ ╨╖╨╜╨░╤З╨╡╨╜╨╕╤П
@qbs-autonaim/recruitment-assistant-extension:test: (pass) EditableField > ╨┤╨╛╨╗╨╢╨╡╨╜ ╨┐╨╡╤А╨╡╨║╨╗╤О╤З╨░╤В╤М╤Б╤П ╨▓ ╤А╨╡╨╢╨╕╨╝ ╤А╨╡╨┤╨░╨║╤В╨╕╤А╨╛╨▓╨░╨╜╨╕╤П ╨┐╤А╨╕ ╨║╨╗╨╕╨║╨╡ ╨╜╨░ ╨║╨╜╨╛╨┐╨║╤Г
@qbs-autonaim/recruitment-assistant-extension:test: (pass) EditableField > ╨┤╨╛╨╗╨╢╨╡╨╜ ╨▓╤Л╨╖╤Л╨▓╨░╤В╤М onChange ╨┐╤А╨╕ ╤Б╨╛╤Е╤А╨░╨╜╨╡╨╜╨╕╨╕
@qbs-autonaim/recruitment-assistant-extension:test: 54 |       const elementStrings = els.map(element => getElementError(null, element).message).join('\n\n');
@qbs-autonaim/recruitment-assistant-extension:test: 55 |       throw getMultipleElementsFoundError(`${getMultipleError(container, ...args)}
@qbs-autonaim/recruitment-assistant-extension:test: 56 | 
@qbs-autonaim/recruitment-assistant-extension:test: 57 | Here are the matching elements:
@qbs-autonaim/recruitment-assistant-extension:test: 58 | 
@qbs-autonaim/recruitment-assistant-extension:test: 59 | ${elementStrings}`, container);
@qbs-autonaim/recruitment-assistant-extension:test:                                   ^
@qbs-autonaim/recruitment-assistant-extension:test: TestingLibraryElementError: Found multiple elements with the text: ╨Ш╨▓╨░╨╜ ╨Ш╨▓╨░╨╜╨╛╨▓
@qbs-autonaim/recruitment-assistant-extension:test: 
@qbs-autonaim/recruitment-assistant-extension:test: Here are the matching elements:
@qbs-autonaim/recruitment-assistant-extension:test: 
@qbs-autonaim/recruitment-assistant-extension:test: Ignored nodes: comments, script, style
@qbs-autonaim/recruitment-assistant-extension:test: [36m<h1[39m
@qbs-autonaim/recruitment-assistant-extension:test:   [33mclass[39m=[32m"text-heading-xlarge"[39m
@qbs-autonaim/recruitment-assistant-extension:test: [36m>[39m
@qbs-autonaim/recruitment-assistant-extension:test:   [0m╨Ш╨▓╨░╨╜ ╨Ш╨▓╨░╨╜╨╛╨▓[0m
@qbs-autonaim/recruitment-assistant-extension:test: [36m</h1>[39m
@qbs-autonaim/recruitment-assistant-extension:test: 
@qbs-autonaim/recruitment-assistant-extension:test: Ignored nodes: comments, script, style
@qbs-autonaim/recruitment-assistant-extension:test: [36m<div[39m
@qbs-autonaim/recruitment-assistant-extension:test:   [33mstyle[39m=[32m"padding: 8px 12px; font-size: 14px; color: #1f2937; background-color: #f9fafb; border-radius: 6px; min-height: auto; white-space: nowrap; overflow: hidden; text-overflow: ellipsis; flex-grow: 1; flex-shrink: 1; flex-basis: 0%;"[39m
@qbs-autonaim/recruitment-assistant-extension:test: [36m>[39m
@qbs-autonaim/recruitment-assistant-extension:test:   [0m╨Ш╨▓╨░╨╜ ╨Ш╨▓╨░╨╜╨╛╨▓[0m
@qbs-autonaim/recruitment-assistant-extension:test: [36m</div>[39m
@qbs-autonaim/recruitment-assistant-extension:test: 
@qbs-autonaim/recruitment-assistant-extension:test: (If this is intentional, then use the `*AllBy*` variant of the query (like `queryAllByText`, `getAllByText`, or `findAllByText`)).
@qbs-autonaim/recruitment-assistant-extension:test: 
@qbs-autonaim/recruitment-assistant-extension:test: Ignored nodes: comments, script, style
@qbs-autonaim/recruitment-assistant-extension:test: [36m<body>[39m
@qbs-autonaim/recruitment-assistant-extension:test:   [0m
@qbs-autonaim/recruitment-assistant-extension:test:         [0m
@qbs-autonaim/recruitment-assistant-extension:test:   [36m<h1[39m
@qbs-autonaim/recruitment-assistant-extension:test:     [33mclass[39m=[32m"text-heading-xlarge"[39m
@qbs-autonaim/recruitment-assistant-extension:test:   [36m>[39m
@qbs-autonaim/recruitment-assistant-extension:test:     [0m╨Ш╨▓╨░╨╜ ╨Ш╨▓╨░╨╜╨╛╨▓[0m
@qbs-autonaim/recruitment-assistant-extension:test:   [36m</h1>[39m
@qbs-autonaim/recruitment-assistant-extension:test:   [0m
@qbs-autonaim/recruitment-assistant-extension:test:         [0m
@qbs-autonaim/recruitment-assistant-extension:test:   [36m<div[39m
@qbs-autonaim/recruitment-assistant-extension:test:     [33mclass[39m=[32m"text-body-medium"[39m
@qbs-autonaim/recruitment-assistant-extension:test:   [36m>[39m
@qbs-autonaim/recruitment-assistant-extension:test:     [0mSenior Developer[0m
@qbs-autonaim/recruitment-assistant-extension:test:   [36m</div>[39m
@qbs-autonaim/recruitment-assistant-extension:test:   [0m
@qbs-autonaim/recruitment-assistant-extension:test:         [0m
@qbs-autonaim/recruitment-assistant-extension:test:   [36m<span[39m
@qbs-autonaim/recruitment-assistant-extension:test:     [33mclass[39m=[32m"text-body-small inline"[39m
@qbs-autonaim/recruitment-assistant-extension:test:   [36m>[39m
@qbs-autonaim/recruitment-assistant-extension:test:     [0m╨Ь╨╛╤Б╨║╨▓╨░, ╨а╨╛╤Б╤Б╨╕╤П[0m
@qbs-autonaim/recruitment-assistant-extension:test:   [36m</span>[39m
@qbs-autonaim/recruitment-assistant-extension:test:   [0m
@qbs-autonaim/recruitment-assistant-extension:test:         [0m
@qbs-autonaim/recruitment-assistant-extension:test:   [36m<img[39m
@qbs-autonaim/recruitment-assistant-extension:test:     [33mclass[39m=[32m"pv-top-card-profile-picture__image"[39m
@qbs-autonaim/recruitment-assistant-extension:test:     [33msrc[39m=[32m"https://example.com/photo.jpg"[39m
@qbs-autonaim/recruitment-assistant-extension:test:   [36m/>[39m
@qbs-autonaim/recruitment-assistant-extension:test:   [0m
@qbs-autonaim/recruitment-assistant-extension:test:         
@qbs-autonaim/recruitment-assistant-extension:test:         [0m
@qbs-autonaim/recruitment-assistant-extension:test:   [36m<section[39m
@qbs-autonaim/recruitment-assistant-extension:test:     [33mid[39m=[32m"experience"[39m
@qbs-autonaim/recruitment-assistant-extension:test:   [36m>[39m
@qbs-autonaim/recruitment-assistant-extension:test:     [0m
@qbs-autonaim/recruitment-assistant-extension:test:           [0m
@qbs-autonaim/recruitment-assistant-extension:test:     [36m<ul>[39m
@qbs-autonaim/recruitment-assistant-extension:test:       [0m
@qbs-autonaim/recruitment-assistant-extension:test:             [0m
@qbs-autonaim/recruitment-assistant-extension:test:       [36m<li[39m
@qbs-autonaim/recruitment-assistant-extension:test:         [33mclass[39m=[32m"artdeco-list__item"[39m
@qbs-autonaim/recruitment-assistant-extension:test:       [36m>[39m
@qbs-autonaim/recruitment-assistant-extension:test:         [0m
@qbs-autonaim/recruitment-assistant-extension:test:               [0m
@qbs-autonaim/recruitment-assistant-extension:test:         [36m<div[39m
@qbs-autonaim/recruitment-assistant-extension:test:           [33mclass[39m=[32m"display-flex"[39m
@qbs-autonaim/recruitment-assistant-extension:test:         [36m>[39m
@qbs-autonaim/recruitment-assistant-extension:test:           [0m
@qbs-autonaim/recruitment-assistant-extension:test:                 [0m
@qbs-autonaim/recruitment-assistant-extension:test:           [36m<span[39m
@qbs-autonaim/recruitment-assistant-extension:test:             [33maria-hidden[39m=[32m"true"[39m
@qbs-autonaim/recruitment-assistant-extension:test:           [36m>[39m
@qbs-autonaim/recruitment-assistant-extension:test:             [0mSenior Developer[0m
@qbs-autonaim/recruitment-assistant-extension:test:           [36m</span>[39m
@qbs-autonaim/recruitment-assistant-extension:test:           [0m
@qbs-autonaim/recruitment-assistant-extension:test:               [0m
@qbs-autonaim/recruitment-assistant-extension:test:         [36m</div>[39m
@qbs-autonaim/recruitment-assistant-extension:test:         [0m
@qbs-autonaim/recruitment-assistant-extension:test:               [0m
@qbs-autonaim/recruitment-assistant-extension:test:         [36m<span[39m
@qbs-autonaim/recruitment-assistant-extension:test:           [33mclass[39m=[32m"t-14 t-normal"[39m
@qbs-autonaim/recruitment-assistant-extension:test:         [36m>[39m
@qbs-autonaim/recruitment-assistant-extension:test:           [0m
@qbs-autonaim/recruitment-assistant-extension:test:                 [0m
@qbs-autonaim/recruitment-assistant-extension:test:           [36m<span[39m
@qbs-autonaim/recruitment-assistant-extension:test:             [33maria-hidden[39m=[32m"true"[39m
@qbs-autonaim/recruitment-assistant-extension:test:           [36m>[39m
@qbs-autonaim/recruitment-assistant-extension:test:             [0mTech Company[0m
@qbs-autonaim/recruitment-assistant-extension:test:           [36m</span>[39m
@qbs-autonaim/recruitment-assistant-extension:test:           [0m
@qbs-autonaim/recruitment-assistant-extension:test:               [0m
@qbs-autonaim/recruitment-assistant-extension:test:         [36m</span>[39m
@qbs-autonaim/recruitment-assistant-extension:test:         [0m
@qbs-autonaim/recruitment-assistant-extension:test:               [0m
@qbs-autonaim/recruitment-assistant-extension:test:         [36m<span[39m
@qbs-autonaim/recruitment-assistant-extension:test:           [33mclass[39m=[32m"t-14 t-normal t-black--light"[39m
@qbs-autonaim/recruitment-assistant-extension:test:         [36m>[39m
@qbs-autonaim/recruitment-assistant-extension:test:           [0m
@qbs-autonaim/recruitment-assistant-extension:test:                 [0m
@qbs-autonaim/recruitment-assistant-extension:test:           [36m<span[39m
@qbs-autonaim/recruitment-assistant-extension:test:             [33maria-hidden[39m=[32m"true"[39m
@qbs-autonaim/recruitment-assistant-extension:test:           [36m>[39m
@qbs-autonaim/recruitment-assistant-extension:test:             [0m2020 тАУ ╨┐╨╛ ╨╜╨░╤Б╤В╨╛╤П╤Й╨╡╨╡ ╨▓╤А╨╡╨╝╤П[0m
@qbs-autonaim/recruitment-assistant-extension:test:           [36m</span>[39m
@qbs-autonaim/recruitment-assistant-extension:test:           [0m
@qbs-autonaim/recruitment-assistant-extension:test:               [0m
@qbs-autonaim/recruitment-assistant-extension:test:         [36m</span>[39m
@qbs-autonaim/recruitment-assistant-extension:test:         [0m
@qbs-autonaim/recruitment-assistant-extension:test:               [0m
@qbs-autonaim/recruitment-assistant-extension:test:         [36m<div[39m
@qbs-autonaim/recruitment-assistant-extension:test:           [33mclass[39m=[32m"display-flex full-width"[39m
@qbs-autonaim/recruitment-assistant-extension:test:         [36m>[39m
@qbs-autonaim/recruitment-assistant-extension:test:           [0m
@qbs-autonaim/recruitment-assistant-extension:test:                 [0m
@qbs-autonaim/recruitment-assistant-extension:test:           [36m<span[39m
@qbs-autonaim/recruitment-assistant-extension:test:             [33maria-hidden[39m=[32m"true"[39m
@qbs-autonaim/recruitment-assistant-extension:test:           [36m>[39m
@qbs-autonaim/recruitment-assistant-extension:test:             [0m╨а╨░╨╖╤А╨░╨▒╨╛╤В╨║╨░[0m
@qbs-autonaim/recruitment-assistant-extension:test:           [36m</span>[39m
@qbs-autonaim/recruitment-assistant-extension:test:           [0m
@qbs-autonaim/recruitment-assistant-extension:test:               [0m
@qbs-autonaim/recruitment-assistant-extension:test:         [36m</div>[39m
@qbs-autonaim/recruitment-assistant-extension:test:         [0m
@qbs-autonaim/recruitment-assistant-extension:test:             [0m
@qbs-autonaim/recruitment-assistant-extension:test:       [36m</li>[39m
@qbs-autonaim/recruitment-assistant-extension:test:       [0m
@qbs-autonaim/recruitment-assistant-extension:test:           [0m
@qbs-autonaim/recruitment-assistant-extension:test:     [36m</ul>[39m
@qbs-autonaim/recruitment-assistant-extension:test:     [0m
@qbs-autonaim/recruitment-assistant-extension:test:         [0m
@qbs-autonaim/recruitment-assistant-extension:test:   [36m</section>[39m
@qbs-autonaim/recruitment-assistant-extension:test:   [0m
@qbs-autonaim/recruitment-assistant-extension:test:         
@qbs-autonaim/recruitment-assistant-extension:test:         [0m
@qbs-autonaim/recruitment-assistant-extension:test:   [36m<section[39m
@qbs-autonaim/recruitment-assistant-extension:test:     [33mid[39m=[32m"education"[39m
@qbs-autonaim/recruitment-assistant-extension:test:   [36m>[39m
@qbs-autonaim/recruitment-assistant-extension:test:     [0m
@qbs-autonaim/recruitment-assistant-extension:test:           [0m
@qbs-autonaim/recruitment-assistant-extension:test:     [36m<ul>[39m
@qbs-autonaim/recruitment-assistant-extension:test:       [0m
@qbs-autonaim/recruitment-assistant-extension:test:             [0m
@qbs-autonaim/recruitment-assistant-extension:test:       [36m<li[39m
@qbs-autonaim/recruitment-assistant-extension:test:         [33mclass[39m=[32m"artdeco-list__item"[39m
@qbs-autonaim/recruitment-assistant-extension:test:       [36m>[39m
@qbs-autonaim/recruitment-assistant-extension:test:         [0m
@qbs-autonaim/recruitment-assistant-extension:test:               [0m
@qbs-autonaim/recruitment-assistant-extension:test:         [36m<div[39m
@qbs-autonaim/recruitment-assistant-extension:test:           [33mclass[39m=[32m"display-flex"[39m
@qbs-autonaim/recruitment-assistant-extension:test:         [36m>[39m
@qbs-autonaim/recruitment-assistant-extension:test:           [0m
@qbs-autonaim/recruitment-assistant-extension:test:                 [0m
@qbs-autonaim/recruitment-assistant-extension:test:           [36m<span[39m
@qbs-autonaim/recruitment-assistant-extension:test:             [33maria-hidden[39m=[32m"true"[39m
@qbs-autonaim/recruitment-assistant-extension:test:           [36m>[39m
@qbs-autonaim/recruitment-assistant-extension:test:             [0m╨Ь╨У╨г[0m
@qbs-autonaim/recruitment-assistant-extension:test:           [36m</span>[39m
@qbs-autonaim/recruitment-assistant-extension:test:           [0m
@qbs-autonaim/recruitment-assistant-extension:test:               [0m
@qbs-autonaim/recruitment-assistant-extension:test:         [36m</div>[39m
@qbs-autonaim/recruitment-assistant-extension:test:         [0m
@qbs-autonaim/recruitment-assistant-extension:test:               [0m
@qbs-autonaim/recruitment-assistant-extension:test:         [36m<span[39m
@qbs-autonaim/recruitment-assistant-extension:test:           [33mclass[39m=[32m"t-14 t-normal"[39m
@qbs-autonaim/recruitment-assistant-extension:test:         [36m>[39m
@qbs-autonaim/recruitment-assistant-extension:test:           [0m
@qbs-autonaim/recruitment-assistant-extension:test:                 [0m
@qbs-autonaim/recruitment-assistant-extension:test:           [36m<span[39m
@qbs-autonaim/recruitment-assistant-extension:test:             [33maria-hidden[39m=[32m"true"[39m
@qbs-autonaim/recruitment-assistant-extension:test:           [36m>[39m
@qbs-autonaim/recruitment-assistant-extension:test:             [0m╨С╨░╨║╨░╨╗╨░╨▓╤А[0m
@qbs-autonaim/recruitment-assistant-extension:test:           [36m</span>[39m
@qbs-autonaim/recruitment-assistant-extension:test:           [0m
@qbs-autonaim/recruitment-assistant-extension:test:               [0m
@qbs-autonaim/recruitment-assistant-extension:test:         [36m</span>[39m
@qbs-autonaim/recruitment-assistant-extension:test:         [0m
@qbs-autonaim/recruitment-assistant-extension:test:               [0m
@qbs-autonaim/recruitment-assistant-extension:test:         [36m<span[39m
@qbs-autonaim/recruitment-assistant-extension:test:           [33mclass[39m=[32m"t-14 t-normal t-black--light"[39m
@qbs-autonaim/recruitment-assistant-extension:test:         [36m>[39m
@qbs-autonaim/recruitment-assistant-extension:test:           [0m
@qbs-autonaim/recruitment-assistant-extension:test:                 [0m
@qbs-autonaim/recruitment-assistant-extension:test:           [36m<span[39m
@qbs-autonaim/recruitment-assistant-extension:test:             [33maria-hidden[39m=[32m"true"[39m
@qbs-autonaim/recruitment-assistant-extension:test:           [36m>[39m
@qbs-autonaim/recruitment-assistant-extension:test:             [0m╨Ш╨╜╤Д╨╛╤А╨╝╨░╤В╨╕╨║╨░[0m
@qbs-autonaim/recruitment-assistant-extension:test:           [36m</span>[39m
@qbs-autonaim/recruitment-assistant-extension:test:           [0m
@qbs-autonaim/recruitment-assistant-extension:test:               [0m
@qbs-autonaim/recruitment-assistant-extension:test:         [36m</span>[39m
@qbs-autonaim/recruitment-assistant-extension:test:         [0m
@qbs-autonaim/recruitment-assistant-extension:test:               [0m
@qbs-autonaim/recruitment-assistant-extension:test:         [36m<span[39m
@qbs-autonaim/recruitment-assistant-extension:test:           [33mclass[39m=[32m"t-14 t-normal t-black--light"[39m
@qbs-autonaim/recruitment-assistant-extension:test:         [36m>[39m
@qbs-autonaim/recruitment-assistant-extension:test:           [0m
@qbs-autonaim/recruitment-assistant-extension:test:                 [0m
@qbs-autonaim/recruitment-assistant-extension:test:           [36m<span[39m
@qbs-autonaim/recruitment-assistant-extension:test:             [33maria-hidden[39m=[32m"true"[39m
@qbs-autonaim/recruitment-assistant-extension:test:           [36m>[39m
@qbs-autonaim/recruitment-assistant-extension:test:             [0m2015 тАУ 2019[0m
@qbs-autonaim/recruitment-assistant-extension:test:           [36m</span>[39m
@qbs-autonaim/recruitment-assistant-extension:test:           [0m
@qbs-autonaim/recruitment-assistant-extension:test:               [0m
@qbs-autonaim/recruitment-assistant-extension:test:         [36m</span>[39m
@qbs-autonaim/recruitment-assistant-extension:test:         [0m
@qbs-autonaim/recruitment-assistant-extension:test:             [0m
@qbs-autonaim/recruitment-assistant-extension:test:       [36m</li>[39m
@qbs-autonaim/recruitment-assistant-extension:test:       [0m
@qbs-autonaim/recruitment-assistant-extension:test:           [0m
@qbs-autonaim/recruitment-assistant-extension:test:     [36m</ul>[39m
@qbs-autonaim/recruitment-assistant-extension:test:     [0m
@qbs-autonaim/recruitment-assistant-extension:test:         [0m
@qbs-autonaim/recruitment-assistant-extension:test:   [36m</section>[39m
@qbs-autonaim/recruitment-assistant-extension:test:   [0m
@qbs-autonaim/recruitment-assistant-extension:test:         
@qbs-autonaim/recruitment-assistant-extension:test:         [0m
@qbs-autonaim/recruitment-assistant-extension:test:   [36m<section[39m
@qbs-autonaim/recruitment-assistant-extension:test:     [33mid[39m=[32m"skills"[39m
@qbs-autonaim/recruitment-assistant-extension:test:   [36m>[39m
@qbs-autonaim/recruitment-assistant-extension:test:     [0m
@qbs-autonaim/recruitment-assistant-extension:test:           [0m
@qbs-autonaim/recruitment-assistant-extension:test:     [36m<span[39m
@qbs-autonaim/recruitment-assistant-extension:test:       [33maria-hidden[39m=[32m"true"[39m
@qbs-autonaim/recruitment-assistant-extension:test:     [36m>[39m
@qbs-autonaim/recruitment-assistant-extension:test:       [0mTypeScript[0m
@qbs-autonaim/recruitment-assistant-extension:test:     [36m</span>[39m
@qbs-autonaim/recruitment-assistant-extension:test:     [0m
@qbs-autonaim/recruitment-assistant-extension:test:           [0m
@qbs-autonaim/recruitment-assistant-extension:test:     [36m<span[39m
@qbs-autonaim/recruitment-assistant-extension:test:       [33maria-hidden[39m=[32m"true"[39m
@qbs-autonaim/recruitment-assistant-extension:test:     [36m>[39m
@qbs-autonaim/recruitment-assistant-extension:test:       [0mReact[0m
@qbs-autonaim/recruitment-assistant-extension:test:     [36m</span>[39m
@qbs-autonaim/recruitment-assistant-extension:test:     [0m
@qbs-autonaim/recruitment-assistant-extension:test:         [0m
@qbs-autonaim/recruitment-assistant-extension:test:   [36m</section>[39m
@qbs-autonaim/recruitment-assistant-extension:test:   [0m
@qbs-autonaim/recruitment-assistant-extension:test:         
@qbs-autonaim/recruitment-assistant-extension:test:         [0m
@qbs-autonaim/recruitment-assistant-extension:test:   [36m<section[39m
@qbs-autonaim/recruitment-assistant-extension:test:     [33mclass[39m=[32m"pv-contact-info"[39m
@qbs-autonaim/recruitment-assistant-extension:test:   [36m>[39m
@qbs-autonaim/recruitment-assistant-extension:test:     [0m
@qbs-autonaim/recruitment-assistant-extension:test:           [0m
@qbs-autonaim/recruitment-assistant-extension:test:     [36m<a[39m
@qbs-autonaim/recruitment-assistant-extension:test:       [33mhref[39m=[32m"mailto:ivan@example.com"[39m
@qbs-autonaim/recruitment-assistant-extension:test:     [36m>[39m
@qbs-autonaim/recruitment-assistant-extension:test:       [0mEmail[0m
@qbs-autonaim/recruitment-assistant-extension:test:     [36m</a>[39m
@qbs-autonaim/recruitment-assistant-extension:test:     [0m
@qbs-autonaim/recruitment-assistant-extension:test:           [0m
@qbs-autonaim/recruitment-assistant-extension:test:     [36m<span[39m
@qbs-autonaim/recruitment-assistant-extension:test:       [33mclass[39m=[32m"t-14 t-black t-normal"[39m
@qbs-autonaim/recruitment-assistant-extension:test:     [36m>[39m
@qbs-autonaim/recruitment-assistant-extension:test:       [0m+7 (999) 123-45-67[0m
@qbs-autonaim/recruitment-assistant-extension:test:     [36m</span>[39m
@qbs-autonaim/recruitment-assistant-extension:test:     [0m
@qbs-autonaim/recruitment-assistant-extension:test:         [0m
@qbs-autonaim/recruitment-assistant-extension:test:   [36m</section>[39m
@qbs-autonaim/recruitment-assistant-extension:test:   [0m
@qbs-autonaim/recruitment-assistant-extension:test:       [0m
@qbs-autonaim/recruitment-assistant-extension:test:   [36m<div>[39m
@qbs-autonaim/recruitment-assistant-extension:test:     [36m<div[39m
@qbs-autonaim/recruitment-assistant-extension:test:       [33mstyle[39m=[32m"margin-bottom: 16px; display: flex; flex-direction: column; gap: 4px;"[39m
@qbs-autonaim/recruitment-assistant-extension:test:     [36m>[39m
@qbs-autonaim/recruitment-assistant-extension:test:       [36m<label[39m
@qbs-autonaim/recruitment-assistant-extension:test:         [33mfor[39m=[32m"_r_6i_"[39m
@qbs-autonaim/recruitment-assistant-extension:test:         [33mstyle[39m=[32m"font-size: 14px; font-weight: 500; color: #374151;"[39m
@qbs-autonaim/recruitment-assistant-extension:test:       [36m>[39m
@qbs-autonaim/recruitment-assistant-extension:test:         [0m╨Ш╨╝╤П[0m
@qbs-autonaim/recruitment-assistant-extension:test:       [36m</label>[39m
@qbs-autonaim/recruitment-assistant-extension:test:       [36m<div[39m
@qbs-autonaim/recruitment-assistant-extension:test:         [33mstyle[39m=[32m"display: flex; gap: 8px; align-items: center;"[39m
@qbs-autonaim/recruitment-assistant-extension:test:       [36m>[39m
@qbs-autonaim/recruitment-assistant-extension:test:         [36m<div[39m
@qbs-autonaim/recruitment-assistant-extension:test:           [33mstyle[39m=[32m"padding: 8px 12px; font-size: 14px; color: #1f2937; background-color: #f9fafb; border-radius: 6px; min-height: auto; white-space: nowrap; overflow: hidden; text-overflow: ellipsis; flex-grow: 1; flex-shrink: 1; flex-basis: 0%;"[39m
@qbs-autonaim/recruitment-assistant-extension:test:         [36m>[39m
@qbs-autonaim/recruitment-assistant-extension:test:           [0m╨Ш╨▓╨░╨╜ ╨Ш╨▓╨░╨╜╨╛╨▓[0m
@qbs-autonaim/recruitment-assistant-extension:test:         [36m</div>[39m
@qbs-autonaim/recruitment-assistant-extension:test:         [36m<button[39m
@qbs-autonaim/recruitment-assistant-extension:test:           [33maria-label[39m=[32m"╨а╨╡╨┤╨░╨║╤В╨╕╤А╨╛╨▓╨░╤В╤М ╨Ш╨╝╤П"[39m
@qbs-autonaim/recruitment-assistant-extension:test:           [33mclass[39m=[32m"ra-editable-field-btn ra-editable-field-btn--outline"[39m
@qbs-autonaim/recruitment-assistant-extension:test:           [33mstyle[39m=[32m"min-width: 44px; min-height: 44px; padding: 8px 12px; background-color: white; color: #3b82f6; border: 1px solid #3b82f6; border-radius: 6px; font-size: 14px; font-weight: 500; cursor: pointer; touch-action: manipulation;"[39m
@qbs-autonaim/recruitment-assistant-extension:test:           [33mtype[39m=[32m"button"[39m
@qbs-autonaim/recruitment-assistant-extension:test:         [36m>[39m
@qbs-autonaim/recruitment-assistant-extension:test:           [0m╨Ш╨╖╨╝╨╡╨╜╨╕╤В╤М[0m
@qbs-autonaim/recruitment-assistant-extension:test:         [36m</button>[39m
@qbs-autonaim/recruitment-assistant-extension:test:       [36m</div>[39m
@qbs-autonaim/recruitment-assistant-extension:test:     [36m</div>[39m
@qbs-autonaim/recruitment-assistant-extension:test:   [36m</div>[39m
@qbs-autonaim/recruitment-assistant-extension:test: [36m</body>[39m
@qbs-autonaim/recruitment-assistant-extension:test:       at <anonymous> (C:\Projects\kwork\selectio\node_modules\@testing-library\dom\dist\query-helpers.js:59:30)
@qbs-autonaim/recruitment-assistant-extension:test:       at <anonymous> (C:\Projects\kwork\selectio\node_modules\@testing-library\dom\dist\query-helpers.js:95:19)
@qbs-autonaim/recruitment-assistant-extension:test:       at <anonymous> (C:\Projects\kwork\selectio\apps\recruitment-assistant-extension\src\content\ui\editable-field.test.tsx:73:19)
@qbs-autonaim/recruitment-assistant-extension:test: (fail) EditableField > ╨┤╨╛╨╗╨╢╨╡╨╜ ╨╛╤В╨╝╨╡╨╜╤П╤В╤М ╨╕╨╖╨╝╨╡╨╜╨╡╨╜╨╕╤П ╨┐╤А╨╕ ╨╜╨░╨╢╨░╤В╨╕╨╕ ╨╜╨░ ╨║╨╜╨╛╨┐╨║╤Г ╨╛╤В╨╝╨╡╨╜╤Л [15.00ms]
@qbs-autonaim/recruitment-assistant-extension:test: (pass) EditableField > ╨┤╨╛╨╗╨╢╨╡╨╜ ╤Б╨╛╤Е╤А╨░╨╜╤П╤В╤М ╨┐╤А╨╕ ╨╜╨░╨╢╨░╤В╨╕╨╕ Enter ╨▓ ╨╛╨┤╨╜╨╛╤Б╤В╤А╨╛╤З╨╜╨╛╨╝ ╨┐╨╛╨╗╨╡ [16.00ms]
@qbs-autonaim/recruitment-assistant-extension:test: (pass) EditableField > ╨┤╨╛╨╗╨╢╨╡╨╜ ╨╛╤В╨╝╨╡╨╜╤П╤В╤М ╨┐╤А╨╕ ╨╜╨░╨╢╨░╤В╨╕╨╕ Escape
@qbs-autonaim/recruitment-assistant-extension:test: (pass) EditableField > ╨┤╨╛╨╗╨╢╨╡╨╜ ╨┐╨╛╨┤╨┤╨╡╤А╨╢╨╕╨▓╨░╤В╤М ╨╝╨╜╨╛╨│╨╛╤Б╤В╤А╨╛╤З╨╜╤Л╨╣ ╤А╨╡╨╢╨╕╨╝ [16.00ms]
@qbs-autonaim/recruitment-assistant-extension:test: (pass) EditableField > ╨┤╨╛╨╗╨╢╨╡╨╜ ╤Б╨╛╤Е╤А╨░╨╜╤П╤В╤М ╨▓ ╨╝╨╜╨╛╨│╨╛╤Б╤В╤А╨╛╤З╨╜╨╛╨╝ ╨┐╨╛╨╗╨╡ ╨┐╤А╨╕ Cmd+Enter
@qbs-autonaim/recruitment-assistant-extension:test: (pass) EditableField > ╨┤╨╛╨╗╨╢╨╡╨╜ ╤Б╨║╤А╤Л╨▓╨░╤В╤М ╨║╨╜╨╛╨┐╨║╤Г ╤А╨╡╨┤╨░╨║╤В╨╕╤А╨╛╨▓╨░╨╜╨╕╤П ╨║╨╛╨│╨┤╨░ disabled [15.00ms]
@qbs-autonaim/recruitment-assistant-extension:test: (pass) EditableField > ╨┤╨╛╨╗╨╢╨╡╨╜ ╨╛╨▒╤А╨╡╨╖╨░╤В╤М ╨┐╤А╨╛╨▒╨╡╨╗╤Л ╨┐╤А╨╕ ╤Б╨╛╤Е╤А╨░╨╜╨╡╨╜╨╕╨╕
@qbs-autonaim/recruitment-assistant-extension:test: 
@qbs-autonaim/recruitment-assistant-extension:test: src\content\ui\education-card.test.tsx:
@qbs-autonaim/recruitment-assistant-extension:test: 54 |       const elementStrings = els.map(element => getElementError(null, element).message).join('\n\n');
@qbs-autonaim/recruitment-assistant-extension:test: 55 |       throw getMultipleElementsFoundError(`${getMultipleError(container, ...args)}
@qbs-autonaim/recruitment-assistant-extension:test: 56 | 
@qbs-autonaim/recruitment-assistant-extension:test: 57 | Here are the matching elements:
@qbs-autonaim/recruitment-assistant-extension:test: 58 | 
@qbs-autonaim/recruitment-assistant-extension:test: 59 | ${elementStrings}`, container);
@qbs-autonaim/recruitment-assistant-extension:test:                                   ^
@qbs-autonaim/recruitment-assistant-extension:test: TestingLibraryElementError: Found multiple elements with the text: ╨Ь╨У╨г
@qbs-autonaim/recruitment-assistant-extension:test: 
@qbs-autonaim/recruitment-assistant-extension:test: Here are the matching elements:
@qbs-autonaim/recruitment-assistant-extension:test: 
@qbs-autonaim/recruitment-assistant-extension:test: Ignored nodes: comments, script, style
@qbs-autonaim/recruitment-assistant-extension:test: [36m<span[39m
@qbs-autonaim/recruitment-assistant-extension:test:   [33maria-hidden[39m=[32m"true"[39m
@qbs-autonaim/recruitment-assistant-extension:test: [36m>[39m
@qbs-autonaim/recruitment-assistant-extension:test:   [0m╨Ь╨У╨г[0m
@qbs-autonaim/recruitment-assistant-extension:test: [36m</span>[39m
@qbs-autonaim/recruitment-assistant-extension:test: 
@qbs-autonaim/recruitment-assistant-extension:test: Ignored nodes: comments, script, style
@qbs-autonaim/recruitment-assistant-extension:test: [36m<div[39m
@qbs-autonaim/recruitment-assistant-extension:test:   [33mstyle[39m=[32m"padding: 8px 12px; font-size: 14px; color: #1f2937; background-color: #f9fafb; border-radius: 6px; min-height: auto; white-space: nowrap; overflow: hidden; text-overflow: ellipsis; flex-grow: 1; flex-shrink: 1; flex-basis: 0%;"[39m
@qbs-autonaim/recruitment-assistant-extension:test: [36m>[39m
@qbs-autonaim/recruitment-assistant-extension:test:   [0m╨Ь╨У╨г[0m
@qbs-autonaim/recruitment-assistant-extension:test: [36m</div>[39m
@qbs-autonaim/recruitment-assistant-extension:test: 
@qbs-autonaim/recruitment-assistant-extension:test: (If this is intentional, then use the `*AllBy*` variant of the query (like `queryAllByText`, `getAllByText`, or `findAllByText`)).
@qbs-autonaim/recruitment-assistant-extension:test: 
@qbs-autonaim/recruitment-assistant-extension:test: Ignored nodes: comments, script, style
@qbs-autonaim/recruitment-assistant-extension:test: [36m<body>[39m
@qbs-autonaim/recruitment-assistant-extension:test:   [0m
@qbs-autonaim/recruitment-assistant-extension:test:         [0m
@qbs-autonaim/recruitment-assistant-extension:test:   [36m<h1[39m
@qbs-autonaim/recruitment-assistant-extension:test:     [33mclass[39m=[32m"text-heading-xlarge"[39m
@qbs-autonaim/recruitment-assistant-extension:test:   [36m>[39m
@qbs-autonaim/recruitment-assistant-extension:test:     [0m╨Ш╨▓╨░╨╜ ╨Ш╨▓╨░╨╜╨╛╨▓[0m
@qbs-autonaim/recruitment-assistant-extension:test:   [36m</h1>[39m
@qbs-autonaim/recruitment-assistant-extension:test:   [0m
@qbs-autonaim/recruitment-assistant-extension:test:         [0m
@qbs-autonaim/recruitment-assistant-extension:test:   [36m<div[39m
@qbs-autonaim/recruitment-assistant-extension:test:     [33mclass[39m=[32m"text-body-medium"[39m
@qbs-autonaim/recruitment-assistant-extension:test:   [36m>[39m
@qbs-autonaim/recruitment-assistant-extension:test:     [0mSenior Developer[0m
@qbs-autonaim/recruitment-assistant-extension:test:   [36m</div>[39m
@qbs-autonaim/recruitment-assistant-extension:test:   [0m
@qbs-autonaim/recruitment-assistant-extension:test:         [0m
@qbs-autonaim/recruitment-assistant-extension:test:   [36m<span[39m
@qbs-autonaim/recruitment-assistant-extension:test:     [33mclass[39m=[32m"text-body-small inline"[39m
@qbs-autonaim/recruitment-assistant-extension:test:   [36m>[39m
@qbs-autonaim/recruitment-assistant-extension:test:     [0m╨Ь╨╛╤Б╨║╨▓╨░, ╨а╨╛╤Б╤Б╨╕╤П[0m
@qbs-autonaim/recruitment-assistant-extension:test:   [36m</span>[39m
@qbs-autonaim/recruitment-assistant-extension:test:   [0m
@qbs-autonaim/recruitment-assistant-extension:test:         [0m
@qbs-autonaim/recruitment-assistant-extension:test:   [36m<img[39m
@qbs-autonaim/recruitment-assistant-extension:test:     [33mclass[39m=[32m"pv-top-card-profile-picture__image"[39m
@qbs-autonaim/recruitment-assistant-extension:test:     [33msrc[39m=[32m"https://example.com/photo.jpg"[39m
@qbs-autonaim/recruitment-assistant-extension:test:   [36m/>[39m
@qbs-autonaim/recruitment-assistant-extension:test:   [0m
@qbs-autonaim/recruitment-assistant-extension:test:         
@qbs-autonaim/recruitment-assistant-extension:test:         [0m
@qbs-autonaim/recruitment-assistant-extension:test:   [36m<section[39m
@qbs-autonaim/recruitment-assistant-extension:test:     [33mid[39m=[32m"experience"[39m
@qbs-autonaim/recruitment-assistant-extension:test:   [36m>[39m
@qbs-autonaim/recruitment-assistant-extension:test:     [0m
@qbs-autonaim/recruitment-assistant-extension:test:           [0m
@qbs-autonaim/recruitment-assistant-extension:test:     [36m<ul>[39m
@qbs-autonaim/recruitment-assistant-extension:test:       [0m
@qbs-autonaim/recruitment-assistant-extension:test:             [0m
@qbs-autonaim/recruitment-assistant-extension:test:       [36m<li[39m
@qbs-autonaim/recruitment-assistant-extension:test:         [33mclass[39m=[32m"artdeco-list__item"[39m
@qbs-autonaim/recruitment-assistant-extension:test:       [36m>[39m
@qbs-autonaim/recruitment-assistant-extension:test:         [0m
@qbs-autonaim/recruitment-assistant-extension:test:               [0m
@qbs-autonaim/recruitment-assistant-extension:test:         [36m<div[39m
@qbs-autonaim/recruitment-assistant-extension:test:           [33mclass[39m=[32m"display-flex"[39m
@qbs-autonaim/recruitment-assistant-extension:test:         [36m>[39m
@qbs-autonaim/recruitment-assistant-extension:test:           [0m
@qbs-autonaim/recruitment-assistant-extension:test:                 [0m
@qbs-autonaim/recruitment-assistant-extension:test:           [36m<span[39m
@qbs-autonaim/recruitment-assistant-extension:test:             [33maria-hidden[39m=[32m"true"[39m
@qbs-autonaim/recruitment-assistant-extension:test:           [36m>[39m
@qbs-autonaim/recruitment-assistant-extension:test:             [0mSenior Developer[0m
@qbs-autonaim/recruitment-assistant-extension:test:           [36m</span>[39m
@qbs-autonaim/recruitment-assistant-extension:test:           [0m
@qbs-autonaim/recruitment-assistant-extension:test:               [0m
@qbs-autonaim/recruitment-assistant-extension:test:         [36m</div>[39m
@qbs-autonaim/recruitment-assistant-extension:test:         [0m
@qbs-autonaim/recruitment-assistant-extension:test:               [0m
@qbs-autonaim/recruitment-assistant-extension:test:         [36m<span[39m
@qbs-autonaim/recruitment-assistant-extension:test:           [33mclass[39m=[32m"t-14 t-normal"[39m
@qbs-autonaim/recruitment-assistant-extension:test:         [36m>[39m
@qbs-autonaim/recruitment-assistant-extension:test:           [0m
@qbs-autonaim/recruitment-assistant-extension:test:                 [0m
@qbs-autonaim/recruitment-assistant-extension:test:           [36m<span[39m
@qbs-autonaim/recruitment-assistant-extension:test:             [33maria-hidden[39m=[32m"true"[39m
@qbs-autonaim/recruitment-assistant-extension:test:           [36m>[39m
@qbs-autonaim/recruitment-assistant-extension:test:             [0mTech Company[0m
@qbs-autonaim/recruitment-assistant-extension:test:           [36m</span>[39m
@qbs-autonaim/recruitment-assistant-extension:test:           [0m
@qbs-autonaim/recruitment-assistant-extension:test:               [0m
@qbs-autonaim/recruitment-assistant-extension:test:         [36m</span>[39m
@qbs-autonaim/recruitment-assistant-extension:test:         [0m
@qbs-autonaim/recruitment-assistant-extension:test:               [0m
@qbs-autonaim/recruitment-assistant-extension:test:         [36m<span[39m
@qbs-autonaim/recruitment-assistant-extension:test:           [33mclass[39m=[32m"t-14 t-normal t-black--light"[39m
@qbs-autonaim/recruitment-assistant-extension:test:         [36m>[39m
@qbs-autonaim/recruitment-assistant-extension:test:           [0m
@qbs-autonaim/recruitment-assistant-extension:test:                 [0m
@qbs-autonaim/recruitment-assistant-extension:test:           [36m<span[39m
@qbs-autonaim/recruitment-assistant-extension:test:             [33maria-hidden[39m=[32m"true"[39m
@qbs-autonaim/recruitment-assistant-extension:test:           [36m>[39m
@qbs-autonaim/recruitment-assistant-extension:test:             [0m2020 тАУ ╨┐╨╛ ╨╜╨░╤Б╤В╨╛╤П╤Й╨╡╨╡ ╨▓╤А╨╡╨╝╤П[0m
@qbs-autonaim/recruitment-assistant-extension:test:           [36m</span>[39m
@qbs-autonaim/recruitment-assistant-extension:test:           [0m
@qbs-autonaim/recruitment-assistant-extension:test:               [0m
@qbs-autonaim/recruitment-assistant-extension:test:         [36m</span>[39m
@qbs-autonaim/recruitment-assistant-extension:test:         [0m
@qbs-autonaim/recruitment-assistant-extension:test:               [0m
@qbs-autonaim/recruitment-assistant-extension:test:         [36m<div[39m
@qbs-autonaim/recruitment-assistant-extension:test:           [33mclass[39m=[32m"display-flex full-width"[39m
@qbs-autonaim/recruitment-assistant-extension:test:         [36m>[39m
@qbs-autonaim/recruitment-assistant-extension:test:           [0m
@qbs-autonaim/recruitment-assistant-extension:test:                 [0m
@qbs-autonaim/recruitment-assistant-extension:test:           [36m<span[39m
@qbs-autonaim/recruitment-assistant-extension:test:             [33maria-hidden[39m=[32m"true"[39m
@qbs-autonaim/recruitment-assistant-extension:test:           [36m>[39m
@qbs-autonaim/recruitment-assistant-extension:test:             [0m╨а╨░╨╖╤А╨░╨▒╨╛╤В╨║╨░[0m
@qbs-autonaim/recruitment-assistant-extension:test:           [36m</span>[39m
@qbs-autonaim/recruitment-assistant-extension:test:           [0m
@qbs-autonaim/recruitment-assistant-extension:test:               [0m
@qbs-autonaim/recruitment-assistant-extension:test:         [36m</div>[39m
@qbs-autonaim/recruitment-assistant-extension:test:         [0m
@qbs-autonaim/recruitment-assistant-extension:test:             [0m
@qbs-autonaim/recruitment-assistant-extension:test:       [36m</li>[39m
@qbs-autonaim/recruitment-assistant-extension:test:       [0m
@qbs-autonaim/recruitment-assistant-extension:test:           [0m
@qbs-autonaim/recruitment-assistant-extension:test:     [36m</ul>[39m
@qbs-autonaim/recruitment-assistant-extension:test:     [0m
@qbs-autonaim/recruitment-assistant-extension:test:         [0m
@qbs-autonaim/recruitment-assistant-extension:test:   [36m</section>[39m
@qbs-autonaim/recruitment-assistant-extension:test:   [0m
@qbs-autonaim/recruitment-assistant-extension:test:         
@qbs-autonaim/recruitment-assistant-extension:test:         [0m
@qbs-autonaim/recruitment-assistant-extension:test:   [36m<section[39m
@qbs-autonaim/recruitment-assistant-extension:test:     [33mid[39m=[32m"education"[39m
@qbs-autonaim/recruitment-assistant-extension:test:   [36m>[39m
@qbs-autonaim/recruitment-assistant-extension:test:     [0m
@qbs-autonaim/recruitment-assistant-extension:test:           [0m
@qbs-autonaim/recruitment-assistant-extension:test:     [36m<ul>[39m
@qbs-autonaim/recruitment-assistant-extension:test:       [0m
@qbs-autonaim/recruitment-assistant-extension:test:             [0m
@qbs-autonaim/recruitment-assistant-extension:test:       [36m<li[39m
@qbs-autonaim/recruitment-assistant-extension:test:         [33mclass[39m=[32m"artdeco-list__item"[39m
@qbs-autonaim/recruitment-assistant-extension:test:       [36m>[39m
@qbs-autonaim/recruitment-assistant-extension:test:         [0m
@qbs-autonaim/recruitment-assistant-extension:test:               [0m
@qbs-autonaim/recruitment-assistant-extension:test:         [36m<div[39m
@qbs-autonaim/recruitment-assistant-extension:test:           [33mclass[39m=[32m"display-flex"[39m
@qbs-autonaim/recruitment-assistant-extension:test:         [36m>[39m
@qbs-autonaim/recruitment-assistant-extension:test:           [0m
@qbs-autonaim/recruitment-assistant-extension:test:                 [0m
@qbs-autonaim/recruitment-assistant-extension:test:           [36m<span[39m
@qbs-autonaim/recruitment-assistant-extension:test:             [33maria-hidden[39m=[32m"true"[39m
@qbs-autonaim/recruitment-assistant-extension:test:           [36m>[39m
@qbs-autonaim/recruitment-assistant-extension:test:             [0m╨Ь╨У╨г[0m
@qbs-autonaim/recruitment-assistant-extension:test:           [36m</span>[39m
@qbs-autonaim/recruitment-assistant-extension:test:           [0m
@qbs-autonaim/recruitment-assistant-extension:test:               [0m
@qbs-autonaim/recruitment-assistant-extension:test:         [36m</div>[39m
@qbs-autonaim/recruitment-assistant-extension:test:         [0m
@qbs-autonaim/recruitment-assistant-extension:test:               [0m
@qbs-autonaim/recruitment-assistant-extension:test:         [36m<span[39m
@qbs-autonaim/recruitment-assistant-extension:test:           [33mclass[39m=[32m"t-14 t-normal"[39m
@qbs-autonaim/recruitment-assistant-extension:test:         [36m>[39m
@qbs-autonaim/recruitment-assistant-extension:test:           [0m
@qbs-autonaim/recruitment-assistant-extension:test:                 [0m
@qbs-autonaim/recruitment-assistant-extension:test:           [36m<span[39m
@qbs-autonaim/recruitment-assistant-extension:test:             [33maria-hidden[39m=[32m"true"[39m
@qbs-autonaim/recruitment-assistant-extension:test:           [36m>[39m
@qbs-autonaim/recruitment-assistant-extension:test:             [0m╨С╨░╨║╨░╨╗╨░╨▓╤А[0m
@qbs-autonaim/recruitment-assistant-extension:test:           [36m</span>[39m
@qbs-autonaim/recruitment-assistant-extension:test:           [0m
@qbs-autonaim/recruitment-assistant-extension:test:               [0m
@qbs-autonaim/recruitment-assistant-extension:test:         [36m</span>[39m
@qbs-autonaim/recruitment-assistant-extension:test:         [0m
@qbs-autonaim/recruitment-assistant-extension:test:               [0m
@qbs-autonaim/recruitment-assistant-extension:test:         [36m<span[39m
@qbs-autonaim/recruitment-assistant-extension:test:           [33mclass[39m=[32m"t-14 t-normal t-black--light"[39m
@qbs-autonaim/recruitment-assistant-extension:test:         [36m>[39m
@qbs-autonaim/recruitment-assistant-extension:test:           [0m
@qbs-autonaim/recruitment-assistant-extension:test:                 [0m
@qbs-autonaim/recruitment-assistant-extension:test:           [36m<span[39m
@qbs-autonaim/recruitment-assistant-extension:test:             [33maria-hidden[39m=[32m"true"[39m
@qbs-autonaim/recruitment-assistant-extension:test:           [36m>[39m
@qbs-autonaim/recruitment-assistant-extension:test:             [0m╨Ш╨╜╤Д╨╛╤А╨╝╨░╤В╨╕╨║╨░[0m
@qbs-autonaim/recruitment-assistant-extension:test:           [36m</span>[39m
@qbs-autonaim/recruitment-assistant-extension:test:           [0m
@qbs-autonaim/recruitment-assistant-extension:test:               [0m
@qbs-autonaim/recruitment-assistant-extension:test:         [36m</span>[39m
@qbs-autonaim/recruitment-assistant-extension:test:         [0m
@qbs-autonaim/recruitment-assistant-extension:test:               [0m
@qbs-autonaim/recruitment-assistant-extension:test:         [36m<span[39m
@qbs-autonaim/recruitment-assistant-extension:test:           [33mclass[39m=[32m"t-14 t-normal t-black--light"[39m
@qbs-autonaim/recruitment-assistant-extension:test:         [36m>[39m
@qbs-autonaim/recruitment-assistant-extension:test:           [0m
@qbs-autonaim/recruitment-assistant-extension:test:                 [0m
@qbs-autonaim/recruitment-assistant-extension:test:           [36m<span[39m
@qbs-autonaim/recruitment-assistant-extension:test:             [33maria-hidden[39m=[32m"true"[39m
@qbs-autonaim/recruitment-assistant-extension:test:           [36m>[39m
@qbs-autonaim/recruitment-assistant-extension:test:             [0m2015 тАУ 2019[0m
@qbs-autonaim/recruitment-assistant-extension:test:           [36m</span>[39m
@qbs-autonaim/recruitment-assistant-extension:test:           [0m
@qbs-autonaim/recruitment-assistant-extension:test:               [0m
@qbs-autonaim/recruitment-assistant-extension:test:         [36m</span>[39m
@qbs-autonaim/recruitment-assistant-extension:test:         [0m
@qbs-autonaim/recruitment-assistant-extension:test:             [0m
@qbs-autonaim/recruitment-assistant-extension:test:       [36m</li>[39m
@qbs-autonaim/recruitment-assistant-extension:test:       [0m
@qbs-autonaim/recruitment-assistant-extension:test:           [0m
@qbs-autonaim/recruitment-assistant-extension:test:     [36m</ul>[39m
@qbs-autonaim/recruitment-assistant-extension:test:     [0m
@qbs-autonaim/recruitment-assistant-extension:test:         [0m
@qbs-autonaim/recruitment-assistant-extension:test:   [36m</section>[39m
@qbs-autonaim/recruitment-assistant-extension:test:   [0m
@qbs-autonaim/recruitment-assistant-extension:test:         
@qbs-autonaim/recruitment-assistant-extension:test:         [0m
@qbs-autonaim/recruitment-assistant-extension:test:   [36m<section[39m
@qbs-autonaim/recruitment-assistant-extension:test:     [33mid[39m=[32m"skills"[39m
@qbs-autonaim/recruitment-assistant-extension:test:   [36m>[39m
@qbs-autonaim/recruitment-assistant-extension:test:     [0m
@qbs-autonaim/recruitment-assistant-extension:test:           [0m
@qbs-autonaim/recruitment-assistant-extension:test:     [36m<span[39m
@qbs-autonaim/recruitment-assistant-extension:test:       [33maria-hidden[39m=[32m"true"[39m
@qbs-autonaim/recruitment-assistant-extension:test:     [36m>[39m
@qbs-autonaim/recruitment-assistant-extension:test:       [0mTypeScript[0m
@qbs-autonaim/recruitment-assistant-extension:test:     [36m</span>[39m
@qbs-autonaim/recruitment-assistant-extension:test:     [0m
@qbs-autonaim/recruitment-assistant-extension:test:           [0m
@qbs-autonaim/recruitment-assistant-extension:test:     [36m<span[39m
@qbs-autonaim/recruitment-assistant-extension:test:       [33maria-hidden[39m=[32m"true"[39m
@qbs-autonaim/recruitment-assistant-extension:test:     [36m>[39m
@qbs-autonaim/recruitment-assistant-extension:test:       [0mReact[0m
@qbs-autonaim/recruitment-assistant-extension:test:     [36m</span>[39m
@qbs-autonaim/recruitment-assistant-extension:test:     [0m
@qbs-autonaim/recruitment-assistant-extension:test:         [0m
@qbs-autonaim/recruitment-assistant-extension:test:   [36m</section>[39m
@qbs-autonaim/recruitment-assistant-extension:test:   [0m
@qbs-autonaim/recruitment-assistant-extension:test:         
@qbs-autonaim/recruitment-assistant-extension:test:         [0m
@qbs-autonaim/recruitment-assistant-extension:test:   [36m<section[39m
@qbs-autonaim/recruitment-assistant-extension:test:     [33mclass[39m=[32m"pv-contact-info"[39m
@qbs-autonaim/recruitment-assistant-extension:test:   [36m>[39m
@qbs-autonaim/recruitment-assistant-extension:test:     [0m
@qbs-autonaim/recruitment-assistant-extension:test:           [0m
@qbs-autonaim/recruitment-assistant-extension:test:     [36m<a[39m
@qbs-autonaim/recruitment-assistant-extension:test:       [33mhref[39m=[32m"mailto:ivan@example.com"[39m
@qbs-autonaim/recruitment-assistant-extension:test:     [36m>[39m
@qbs-autonaim/recruitment-assistant-extension:test:       [0mEmail[0m
@qbs-autonaim/recruitment-assistant-extension:test:     [36m</a>[39m
@qbs-autonaim/recruitment-assistant-extension:test:     [0m
@qbs-autonaim/recruitment-assistant-extension:test:           [0m
@qbs-autonaim/recruitment-assistant-extension:test:     [36m<span[39m
@qbs-autonaim/recruitment-assistant-extension:test:       [33mclass[39m=[32m"t-14 t-black t-normal"[39m
@qbs-autonaim/recruitment-assistant-extension:test:     [36m>[39m
@qbs-autonaim/recruitment-assistant-extension:test:       [0m+7 (999) 123-45-67[0m
@qbs-autonaim/recruitment-assistant-extension:test:     [36m</span>[39m
@qbs-autonaim/recruitment-assistant-extension:test:     [0m
@qbs-autonaim/recruitment-assistant-extension:test:         [0m
@qbs-autonaim/recruitment-assistant-extension:test:   [36m</section>[39m
@qbs-autonaim/recruitment-assistant-extension:test:   [0m
@qbs-autonaim/recruitment-assistant-extension:test:       [0m
@qbs-autonaim/recruitment-assistant-extension:test:   [36m<div>[39m
@qbs-autonaim/recruitment-assistant-extension:test:     [36m<article[39m
@qbs-autonaim/recruitment-assistant-extension:test:       [33maria-label[39m=[32m"╨Ю╨▒╤А╨░╨╖╨╛╨▓╨░╨╜╨╕╨╡: ╨С╨░╨║╨░╨╗╨░╨▓╤А ╨▓ ╨Ь╨У╨г"[39m
@qbs-autonaim/recruitment-assistant-extension:test:       [33mstyle[39m=[32m"padding: 16px; background-color: white; border: 1px solid #e5e7eb; border-radius: 8px; margin-bottom: 12px;"[39m
@qbs-autonaim/recruitment-assistant-extension:test:     [36m>[39m
@qbs-autonaim/recruitment-assistant-extension:test:       [36m<div[39m
@qbs-autonaim/recruitment-assistant-extension:test:         [33mstyle[39m=[32m"margin-bottom: 16px; display: flex; flex-direction: column; gap: 4px;"[39m
@qbs-autonaim/recruitment-assistant-extension:test:       [36m>[39m
@qbs-autonaim/recruitment-assistant-extension:test:         [36m<label[39m
@qbs-autonaim/recruitment-assistant-extension:test:           [33mfor[39m=[32m"_r_6q_"[39m
@qbs-autonaim/recruitment-assistant-extension:test:           [33mstyle[39m=[32m"font-size: 14px; font-weight: 500; color: #374151;"[39m
@qbs-autonaim/recruitment-assistant-extension:test:         [36m>[39m
@qbs-autonaim/recruitment-assistant-extension:test:           [0m╨г╤З╨╡╨▒╨╜╨╛╨╡ ╨╖╨░╨▓╨╡╨┤╨╡╨╜╨╕╨╡[0m
@qbs-autonaim/recruitment-assistant-extension:test:         [36m</label>[39m
@qbs-autonaim/recruitment-assistant-extension:test:         [36m<div[39m
@qbs-autonaim/recruitment-assistant-extension:test:           [33mstyle[39m=[32m"display: flex; align-items: center; gap: 8px;"[39m
@qbs-autonaim/recruitment-assistant-extension:test:         [36m>[39m
@qbs-autonaim/recruitment-assistant-extension:test:           [36m<div[39m
@qbs-autonaim/recruitment-assistant-extension:test:             [33mstyle[39m=[32m"padding: 8px 12px; font-size: 14px; color: #1f2937; background-color: #f9fafb; border-radius: 6px; min-height: auto; white-space: nowrap; overflow: hidden; text-overflow: ellipsis; flex-grow: 1; flex-shrink: 1; flex-basis: 0%;"[39m
@qbs-autonaim/recruitment-assistant-extension:test:           [36m>[39m
@qbs-autonaim/recruitment-assistant-extension:test:             [0m╨Ь╨У╨г[0m
@qbs-autonaim/recruitment-assistant-extension:test:           [36m</div>[39m
@qbs-autonaim/recruitment-assistant-extension:test:           [36m<button[39m
@qbs-autonaim/recruitment-assistant-extension:test:             [33maria-label[39m=[32m"╨а╨╡╨┤╨░╨║╤В╨╕╤А╨╛╨▓╨░╤В╤М ╨г╤З╨╡╨▒╨╜╨╛╨╡ ╨╖╨░╨▓╨╡╨┤╨╡╨╜╨╕╨╡"[39m
@qbs-autonaim/recruitment-assistant-extension:test:             [33mclass[39m=[32m"ra-editable-field-btn ra-editable-field-btn--outline"[39m
@qbs-autonaim/recruitment-assistant-extension:test:             [33mstyle[39m=[32m"min-width: 44px; min-height: 44px; padding: 8px 12px; background-color: white; color: #3b82f6; border: 1px solid #3b82f6; border-radius: 6px; font-size: 14px; font-weight: 500; cursor: pointer; touch-action: manipulation;"[39m
@qbs-autonaim/recruitment-assistant-extension:test:             [33mtype[39m=[32m"button"[39m
@qbs-autonaim/recruitment-assistant-extension:test:           [36m>[39m
@qbs-autonaim/recruitment-assistant-extension:test:             [0m╨Ш╨╖╨╝╨╡╨╜╨╕╤В╤М[0m
@qbs-autonaim/recruitment-assistant-extension:test:           [36m</button>[39m
@qbs-autonaim/recruitment-assistant-extension:test:         [36m</div>[39m
@qbs-autonaim/recruitment-assistant-extension:test:       [36m</div>[39m
@qbs-autonaim/recruitment-assistant-extension:test:       [36m<div[39m
@qbs-autonaim/recruitment-assistant-extension:test:         [33mstyle[39m=[32m"margin-bottom: 16px; display: flex; flex-direction: column; gap: 4px;"[39m
@qbs-autonaim/recruitment-assistant-extension:test:       [36m>[39m
@qbs-autonaim/recruitment-assistant-extension:test:         [36m<label[39m
@qbs-autonaim/recruitment-assistant-extension:test:           [33mfor[39m=[32m"_r_6r_"[39m
@qbs-autonaim/recruitment-assistant-extension:test:           [33mstyle[39m=[32m"font-size: 14px; font-weight: 500; color: #374151;"[39m
@qbs-autonaim/recruitment-assistant-extension:test:         [36m>[39m
@qbs-autonaim/recruitment-assistant-extension:test:           [0m╨б╤В╨╡╨┐╨╡╨╜╤М/╨║╨▓╨░╨╗╨╕╤Д╨╕╨║╨░╤Ж╨╕╤П[0m
@qbs-autonaim/recruitment-assistant-extension:test:         [36m</label>[39m
@qbs-autonaim/recruitment-assistant-extension:test:         [36m<div[39m
@qbs-autonaim/recruitment-assistant-extension:test:           [33mstyle[39m=[32m"display: flex; align-items: center; gap: 8px;"[39m
@qbs-autonaim/recruitment-assistant-extension:test:         [36m>[39m
@qbs-autonaim/recruitment-assistant-extension:test:           [36m<div[39m
@qbs-autonaim/recruitment-assistant-extension:test:             [33mstyle[39m=[32m"padding: 8px 12px; font-size: 14px; color: #1f2937; background-color: #f9fafb; border-radius: 6px; min-height: auto; white-space: nowrap; overflow: hidden; text-overflow: ellipsis; flex-grow: 1; flex-shrink: 1; flex-basis: 0%;"[39m
@qbs-autonaim/recruitment-assistant-extension:test:           [36m>[39m
@qbs-autonaim/recruitment-assistant-extension:test:             [0m╨С╨░╨║╨░╨╗╨░╨▓╤А[0m
@qbs-autonaim/recruitment-assistant-extension:test:           [36m</div>[39m
@qbs-autonaim/recruitment-assistant-extension:test:           [36m<button[39m
@qbs-autonaim/recruitment-assistant-extension:test:             [33maria-label[39m=[32m"╨а╨╡╨┤╨░╨║╤В╨╕╤А╨╛╨▓╨░╤В╤М ╨б╤В╨╡╨┐╨╡╨╜╤М/╨║╨▓╨░╨╗╨╕╤Д╨╕╨║╨░╤Ж╨╕╤П"[39m
@qbs-autonaim/recruitment-assistant-extension:test:             [33mclass[39m=[32m"ra-editable-field-btn ra-editable-field-btn--outline"[39m
@qbs-autonaim/recruitment-assistant-extension:test:             [33mstyle[39m=[32m"min-width: 44px; min-height: 44px; padding: 8px 12px; background-color: white; color: #3b82f6; border: 1px solid #3b82f6; border-radius: 6px; font-size: 14px; font-weight: 500; cursor: pointer; touch-action: manipulation;"[39m
@qbs-autonaim/recruitment-assistant-extension:test:             [33mtype[39m=[32m"button"[39m
@qbs-autonaim/recruitment-assistant-extension:test:           [36m>[39m
@qbs-autonaim/recruitment-assistant-extension:test:             [0m╨Ш╨╖╨╝╨╡╨╜╨╕╤В╤М[0m
@qbs-autonaim/recruitment-assistant-extension:test:           [36m</button>[39m
@qbs-autonaim/recruitment-assistant-extension:test:         [36m</div>[39m
@qbs-autonaim/recruitment-assistant-extension:test:       [36m</div>[39m
@qbs-autonaim/recruitment-assistant-extension:test:       [36m<div[39m
@qbs-autonaim/recruitment-assistant-extension:test:         [33mstyle[39m=[32m"margin-bottom: 16px; display: flex; flex-direction: column; gap: 4px;"[39m
@qbs-autonaim/recruitment-assistant-extension:test:       [36m>[39m
@qbs-autonaim/recruitment-assistant-extension:test:         [36m<label[39m
@qbs-autonaim/recruitment-assistant-extension:test:           [33mfor[39m=[32m"_r_6s_"[39m
@qbs-autonaim/recruitment-assistant-extension:test:           [33mstyle[39m=[32m"font-size: 14px; font-weight: 500; color: #374151;"[39m
@qbs-autonaim/recruitment-assistant-extension:test:         [36m>[39m
@qbs-autonaim/recruitment-assistant-extension:test:           [0m╨б╨┐╨╡╤Ж╨╕╨░╨╗╤М╨╜╨╛╤Б╤В╤М[0m
@qbs-autonaim/recruitment-assistant-extension:test:         [36m</label>[39m
@qbs-autonaim/recruitment-assistant-extension:test:         [36m<div[39m
@qbs-autonaim/recruitment-assistant-extension:test:           [33mstyle[39m=[32m"display: flex; align-items: center; gap: 8px;"[39m
@qbs-autonaim/recruitment-assistant-extension:test:         [36m>[39m
@qbs-autonaim/recruitment-assistant-extension:test:           [36m<div[39m
@qbs-autonaim/recruitment-assistant-extension:test:             [33mstyle[39m=[32m"padding: 8px 12px; font-size: 14px; color: #1f2937; background-color: #f9fafb; border-radius: 6px; min-height: auto; white-space: nowrap; overflow: hidden; text-overflow: ellipsis; flex-grow: 1; flex-shrink: 1; flex-basis: 0%;"[39m
@qbs-autonaim/recruitment-assistant-extension:test:           [36m>[39m
@qbs-autonaim/recruitment-assistant-extension:test:             [0m╨Ш╨╜╤Д╨╛╤А╨╝╨░╤В╨╕╨║╨░[0m
@qbs-autonaim/recruitment-assistant-extension:test:           [36m</div>[39m
@qbs-autonaim/recruitment-assistant-extension:test:           [36m<button[39m
@qbs-autonaim/recruitment-assistant-extension:test:             [33maria-label[39m=[32m"╨а╨╡╨┤╨░╨║╤В╨╕╤А╨╛╨▓╨░╤В╤М ╨б╨┐╨╡╤Ж╨╕╨░╨╗╤М╨╜╨╛╤Б╤В╤М"[39m
@qbs-autonaim/recruitment-assistant-extension:test:             [33mclass[39m=[32m"ra-editable-field-btn ra-editable-field-btn--outline"[39m
@qbs-autonaim/recruitment-assistant-extension:test:             [33mstyle[39m=[32m"min-width: 44px; min-height: 44px; padding: 8px 12px; background-color: white; color: #3b82f6; border: 1px solid #3b82f6; border-radius: 6px; font-size: 14px; font-weight: 500; cursor: pointer; touch-action: manipulation;"[39m
@qbs-autonaim/recruitment-assistant-extension:test:             [33mtype[39m=[32m"button"[39m
@qbs-autonaim/recruitment-assistant-extension:test:           [36m>[39m
@qbs-autonaim/recruitment-assistant-extension:test:             [0m╨Ш╨╖╨╝╨╡╨╜╨╕╤В╤М[0m
@qbs-autonaim/recruitment-assistant-extension:test:           [36m</button>[39m
@qbs-autonaim/recruitment-assistant-extension:test:         [36m</div>[39m
@qbs-autonaim/recruitment-assistant-extension:test:       [36m</div>[39m
@qbs-autonaim/recruitment-assistant-extension:test:       [36m<div[39m
@qbs-autonaim/recruitment-assistant-extension:test:         [33mstyle[39m=[32m"margin-bottom: 16px;"[39m
@qbs-autonaim/recruitment-assistant-extension:test:       [36m>[39m
@qbs-autonaim/recruitment-assistant-extension:test:         [36m<div[39m
@qbs-autonaim/recruitment-assistant-extension:test:           [33mstyle[39m=[32m"font-size: 14px; font-weight: 500; color: #374151; margin-bottom: 4px;"[39m
@qbs-autonaim/recruitment-assistant-extension:test:         [36m>[39m
@qbs-autonaim/recruitment-assistant-extension:test:           [0m╨Я╨╡╤А╨╕╨╛╨┤ ╨╛╨▒╤Г╤З╨╡╨╜╨╕╤П[0m
@qbs-autonaim/recruitment-assistant-extension:test:         [36m</div>[39m
@qbs-autonaim/recruitment-assistant-extension:test:         [36m<div[39m
@qbs-autonaim/recruitment-assistant-extension:test:           [33mstyle[39m=[32m"display: grid; grid-template-columns: 1fr 1fr; gap: 12px;"[39m
@qbs-autonaim/recruitment-assistant-extension:test:         [36m>[39m
@qbs-autonaim/recruitment-assistant-extension:test:           [36m<div>[39m
@qbs-autonaim/recruitment-assistant-extension:test:             [36m<label[39m
@qbs-autonaim/recruitment-assistant-extension:test:               [33mfor[39m=[32m"_r_6p_-start"[39m
@qbs-autonaim/recruitment-assistant-extension:test:               [33mstyle[39m=[32m"font-size: 12px; color: #6b7280; display: block; margin-bottom: 4px;"[39m
@qbs-autonaim/recruitment-assistant-extension:test:             [36m>[39m
@qbs-autonaim/recruitment-assistant-extension:test:               [0m╨Э╨░╤З╨░╨╗╨╛[0m
@qbs-autonaim/recruitment-assistant-extension:test:             [36m</label>[39m
@qbs-autonaim/recruitment-assistant-extension:test:             [36m<input[39m
@qbs-autonaim/recruitment-assistant-extension:test:               [33maria-label[39m=[32m"╨У╨╛╨┤ ╨╜╨░╤З╨░╨╗╨░ ╨╛╨▒╤Г╤З╨╡╨╜╨╕╤П"[39m
@qbs-autonaim/recruitment-assistant-extension:test:               [33mid[39m=[32m"_r_6p_-start"[39m
@qbs-autonaim/recruitment-assistant-extension:test:               [33mplaceholder[39m=[32m"2016"[39m
@qbs-autonaim/recruitment-assistant-extension:test:               [33mstyle[39m=[32m"width: 100%; padding: 8px 12px; font-size: 16px; border: 1px solid #d1d5db; border-radius: 6px; outline-color: none; outline-style: none; outline-width: initial;"[39m
@qbs-autonaim/recruitment-assistant-extension:test:               [33mtype[39m=[32m"text"[39m
@qbs-autonaim/recruitment-assistant-extension:test:               [33mvalue[39m=[32m"2015"[39m
@qbs-autonaim/recruitment-assistant-extension:test:             [36m/>[39m
@qbs-autonaim/recruitment-assistant-extension:test:           [36m</div>[39m
@qbs-autonaim/recruitment-assistant-extension:test:           [36m<div>[39m
@qbs-autonaim/recruitment-assistant-extension:test:             [36m<label[39m
@qbs-autonaim/recruitment-assistant-extension:test:               [33mfor[39m=[32m"_r_6p_-end"[39m
@qbs-autonaim/recruitment-assistant-extension:test:               [33mstyle[39m=[32m"font-size: 12px; color: #6b7280; display: block; margin-bottom: 4px;"[39m
@qbs-autonaim/recruitment-assistant-extension:test:             [36m>[39m
@qbs-autonaim/recruitment-assistant-extension:test:               [0m╨Ю╨║╨╛╨╜╤З╨░╨╜╨╕╨╡[0m
@qbs-autonaim/recruitment-assistant-extension:test:             [36m</label>[39m
@qbs-autonaim/recruitment-assistant-extension:test:             [36m<input[39m
@qbs-autonaim/recruitment-assistant-extension:test:               [33maria-label[39m=[32m"╨У╨╛╨┤ ╨╛╨║╨╛╨╜╤З╨░╨╜╨╕╤П ╨╛╨▒╤Г╤З╨╡╨╜╨╕╤П"[39m
@qbs-autonaim/recruitment-assistant-extension:test:               [33mid[39m=[32m"_r_6p_-end"[39m
@qbs-autonaim/recruitment-assistant-extension:test:               [33mplaceholder[39m=[32m"2020"[39m
@qbs-autonaim/recruitment-assistant-extension:test:               [33mstyle[39m=[32m"width: 100%; padding: 8px 12px; font-size: 16px; border: 1px solid #d1d5db; border-radius: 6px; outline-color: none; outline-style: none; outline-width: initial;"[39m
@qbs-autonaim/recruitment-assistant-extension:test:               [33mtype[39m=[32m"text"[39m
@qbs-autonaim/recruitment-assistant-extension:test:               [33mvalue[39m=[32m"2019"[39m
@qbs-autonaim/recruitment-assistant-extension:test:             [36m/>[39m
@qbs-autonaim/recruitment-assistant-extension:test:           [36m</div>[39m
@qbs-autonaim/recruitment-assistant-extension:test:         [36m</div>[39m
@qbs-autonaim/recruitment-assistant-extension:test:         [36m<div[39m
@qbs-autonaim/recruitment-assistant-extension:test:           [33maria-live[39m=[32m"polite"[39m
@qbs-autonaim/recruitment-assistant-extension:test:           [33mstyle[39m=[32m"font-size: 12px; color: #6b7280; margin-top: 4px;"[39m
@qbs-autonaim/recruitment-assistant-extension:test:         [36m>[39m
@qbs-autonaim/recruitment-assistant-extension:test:           [0m2015 тАФ 2019[0m
@qbs-autonaim/recruitment-assistant-extension:test:         [36m</div>[39m
@qbs-autonaim/recruitment-assistant-extension:test:       [36m</div>[39m
@qbs-autonaim/recruitment-assistant-extension:test:     [36m</article>[39m
@qbs-autonaim/recruitment-assistant-extension:test:   [36m</div>[39m
@qbs-autonaim/recruitment-assistant-extension:test: [36m</body>[39m
@qbs-autonaim/recruitment-assistant-extension:test:       at <anonymous> (C:\Projects\kwork\selectio\node_modules\@testing-library\dom\dist\query-helpers.js:59:30)
@qbs-autonaim/recruitment-assistant-extension:test:       at <anonymous> (C:\Projects\kwork\selectio\node_modules\@testing-library\dom\dist\query-helpers.js:95:19)
@qbs-autonaim/recruitment-assistant-extension:test:       at <anonymous> (C:\Projects\kwork\selectio\apps\recruitment-assistant-extension\src\content\ui\education-card.test.tsx:23:21)
@qbs-autonaim/recruitment-assistant-extension:test: (fail) EducationCard > ╨а╨╡╨╜╨┤╨╡╤А╨╕╨╜╨│ > ╨┤╨╛╨╗╨╢╨╡╨╜ ╨╛╤В╨╛╨▒╤А╨░╨╢╨░╤В╤М ╤Г╤З╨╡╨▒╨╜╨╛╨╡ ╨╖╨░╨▓╨╡╨┤╨╡╨╜╨╕╨╡ [16.00ms]
@qbs-autonaim/recruitment-assistant-extension:test: 54 |       const elementStrings = els.map(element => getElementError(null, element).message).join('\n\n');
@qbs-autonaim/recruitment-assistant-extension:test: 55 |       throw getMultipleElementsFoundError(`${getMultipleError(container, ...args)}
@qbs-autonaim/recruitment-assistant-extension:test: 56 | 
@qbs-autonaim/recruitment-assistant-extension:test: 57 | Here are the matching elements:
@qbs-autonaim/recruitment-assistant-extension:test: 58 | 
@qbs-autonaim/recruitment-assistant-extension:test: 59 | ${elementStrings}`, container);
@qbs-autonaim/recruitment-assistant-extension:test:                                   ^
@qbs-autonaim/recruitment-assistant-extension:test: TestingLibraryElementError: Found multiple elements with the text: ╨С╨░╨║╨░╨╗╨░╨▓╤А
@qbs-autonaim/recruitment-assistant-extension:test: 
@qbs-autonaim/recruitment-assistant-extension:test: Here are the matching elements:
@qbs-autonaim/recruitment-assistant-extension:test: 
@qbs-autonaim/recruitment-assistant-extension:test: Ignored nodes: comments, script, style
@qbs-autonaim/recruitment-assistant-extension:test: [36m<span[39m
@qbs-autonaim/recruitment-assistant-extension:test:   [33maria-hidden[39m=[32m"true"[39m
@qbs-autonaim/recruitment-assistant-extension:test: [36m>[39m
@qbs-autonaim/recruitment-assistant-extension:test:   [0m╨С╨░╨║╨░╨╗╨░╨▓╤А[0m
@qbs-autonaim/recruitment-assistant-extension:test: [36m</span>[39m
@qbs-autonaim/recruitment-assistant-extension:test: 
@qbs-autonaim/recruitment-assistant-extension:test: Ignored nodes: comments, script, style
@qbs-autonaim/recruitment-assistant-extension:test: [36m<div[39m
@qbs-autonaim/recruitment-assistant-extension:test:   [33mstyle[39m=[32m"padding: 8px 12px; font-size: 14px; color: #1f2937; background-color: #f9fafb; border-radius: 6px; min-height: auto; white-space: nowrap; overflow: hidden; text-overflow: ellipsis; flex-grow: 1; flex-shrink: 1; flex-basis: 0%;"[39m
@qbs-autonaim/recruitment-assistant-extension:test: [36m>[39m
@qbs-autonaim/recruitment-assistant-extension:test:   [0m╨С╨░╨║╨░╨╗╨░╨▓╤А[0m
@qbs-autonaim/recruitment-assistant-extension:test: [36m</div>[39m
@qbs-autonaim/recruitment-assistant-extension:test: 
@qbs-autonaim/recruitment-assistant-extension:test: (If this is intentional, then use the `*AllBy*` variant of the query (like `queryAllByText`, `getAllByText`, or `findAllByText`)).
@qbs-autonaim/recruitment-assistant-extension:test: 
@qbs-autonaim/recruitment-assistant-extension:test: Ignored nodes: comments, script, style
@qbs-autonaim/recruitment-assistant-extension:test: [36m<body>[39m
@qbs-autonaim/recruitment-assistant-extension:test:   [0m
@qbs-autonaim/recruitment-assistant-extension:test:         [0m
@qbs-autonaim/recruitment-assistant-extension:test:   [36m<h1[39m
@qbs-autonaim/recruitment-assistant-extension:test:     [33mclass[39m=[32m"text-heading-xlarge"[39m
@qbs-autonaim/recruitment-assistant-extension:test:   [36m>[39m
@qbs-autonaim/recruitment-assistant-extension:test:     [0m╨Ш╨▓╨░╨╜ ╨Ш╨▓╨░╨╜╨╛╨▓[0m
@qbs-autonaim/recruitment-assistant-extension:test:   [36m</h1>[39m
@qbs-autonaim/recruitment-assistant-extension:test:   [0m
@qbs-autonaim/recruitment-assistant-extension:test:         [0m
@qbs-autonaim/recruitment-assistant-extension:test:   [36m<div[39m
@qbs-autonaim/recruitment-assistant-extension:test:     [33mclass[39m=[32m"text-body-medium"[39m
@qbs-autonaim/recruitment-assistant-extension:test:   [36m>[39m
@qbs-autonaim/recruitment-assistant-extension:test:     [0mSenior Developer[0m
@qbs-autonaim/recruitment-assistant-extension:test:   [36m</div>[39m
@qbs-autonaim/recruitment-assistant-extension:test:   [0m
@qbs-autonaim/recruitment-assistant-extension:test:         [0m
@qbs-autonaim/recruitment-assistant-extension:test:   [36m<span[39m
@qbs-autonaim/recruitment-assistant-extension:test:     [33mclass[39m=[32m"text-body-small inline"[39m
@qbs-autonaim/recruitment-assistant-extension:test:   [36m>[39m
@qbs-autonaim/recruitment-assistant-extension:test:     [0m╨Ь╨╛╤Б╨║╨▓╨░, ╨а╨╛╤Б╤Б╨╕╤П[0m
@qbs-autonaim/recruitment-assistant-extension:test:   [36m</span>[39m
@qbs-autonaim/recruitment-assistant-extension:test:   [0m
@qbs-autonaim/recruitment-assistant-extension:test:         [0m
@qbs-autonaim/recruitment-assistant-extension:test:   [36m<img[39m
@qbs-autonaim/recruitment-assistant-extension:test:     [33mclass[39m=[32m"pv-top-card-profile-picture__image"[39m
@qbs-autonaim/recruitment-assistant-extension:test:     [33msrc[39m=[32m"https://example.com/photo.jpg"[39m
@qbs-autonaim/recruitment-assistant-extension:test:   [36m/>[39m
@qbs-autonaim/recruitment-assistant-extension:test:   [0m
@qbs-autonaim/recruitment-assistant-extension:test:         
@qbs-autonaim/recruitment-assistant-extension:test:         [0m
@qbs-autonaim/recruitment-assistant-extension:test:   [36m<section[39m
@qbs-autonaim/recruitment-assistant-extension:test:     [33mid[39m=[32m"experience"[39m
@qbs-autonaim/recruitment-assistant-extension:test:   [36m>[39m
@qbs-autonaim/recruitment-assistant-extension:test:     [0m
@qbs-autonaim/recruitment-assistant-extension:test:           [0m
@qbs-autonaim/recruitment-assistant-extension:test:     [36m<ul>[39m
@qbs-autonaim/recruitment-assistant-extension:test:       [0m
@qbs-autonaim/recruitment-assistant-extension:test:             [0m
@qbs-autonaim/recruitment-assistant-extension:test:       [36m<li[39m
@qbs-autonaim/recruitment-assistant-extension:test:         [33mclass[39m=[32m"artdeco-list__item"[39m
@qbs-autonaim/recruitment-assistant-extension:test:       [36m>[39m
@qbs-autonaim/recruitment-assistant-extension:test:         [0m
@qbs-autonaim/recruitment-assistant-extension:test:               [0m
@qbs-autonaim/recruitment-assistant-extension:test:         [36m<div[39m
@qbs-autonaim/recruitment-assistant-extension:test:           [33mclass[39m=[32m"display-flex"[39m
@qbs-autonaim/recruitment-assistant-extension:test:         [36m>[39m
@qbs-autonaim/recruitment-assistant-extension:test:           [0m
@qbs-autonaim/recruitment-assistant-extension:test:                 [0m
@qbs-autonaim/recruitment-assistant-extension:test:           [36m<span[39m
@qbs-autonaim/recruitment-assistant-extension:test:             [33maria-hidden[39m=[32m"true"[39m
@qbs-autonaim/recruitment-assistant-extension:test:           [36m>[39m
@qbs-autonaim/recruitment-assistant-extension:test:             [0mSenior Developer[0m
@qbs-autonaim/recruitment-assistant-extension:test:           [36m</span>[39m
@qbs-autonaim/recruitment-assistant-extension:test:           [0m
@qbs-autonaim/recruitment-assistant-extension:test:               [0m
@qbs-autonaim/recruitment-assistant-extension:test:         [36m</div>[39m
@qbs-autonaim/recruitment-assistant-extension:test:         [0m
@qbs-autonaim/recruitment-assistant-extension:test:               [0m
@qbs-autonaim/recruitment-assistant-extension:test:         [36m<span[39m
@qbs-autonaim/recruitment-assistant-extension:test:           [33mclass[39m=[32m"t-14 t-normal"[39m
@qbs-autonaim/recruitment-assistant-extension:test:         [36m>[39m
@qbs-autonaim/recruitment-assistant-extension:test:           [0m
@qbs-autonaim/recruitment-assistant-extension:test:                 [0m
@qbs-autonaim/recruitment-assistant-extension:test:           [36m<span[39m
@qbs-autonaim/recruitment-assistant-extension:test:             [33maria-hidden[39m=[32m"true"[39m
@qbs-autonaim/recruitment-assistant-extension:test:           [36m>[39m
@qbs-autonaim/recruitment-assistant-extension:test:             [0mTech Company[0m
@qbs-autonaim/recruitment-assistant-extension:test:           [36m</span>[39m
@qbs-autonaim/recruitment-assistant-extension:test:           [0m
@qbs-autonaim/recruitment-assistant-extension:test:               [0m
@qbs-autonaim/recruitment-assistant-extension:test:         [36m</span>[39m
@qbs-autonaim/recruitment-assistant-extension:test:         [0m
@qbs-autonaim/recruitment-assistant-extension:test:               [0m
@qbs-autonaim/recruitment-assistant-extension:test:         [36m<span[39m
@qbs-autonaim/recruitment-assistant-extension:test:           [33mclass[39m=[32m"t-14 t-normal t-black--light"[39m
@qbs-autonaim/recruitment-assistant-extension:test:         [36m>[39m
@qbs-autonaim/recruitment-assistant-extension:test:           [0m
@qbs-autonaim/recruitment-assistant-extension:test:                 [0m
@qbs-autonaim/recruitment-assistant-extension:test:           [36m<span[39m
@qbs-autonaim/recruitment-assistant-extension:test:             [33maria-hidden[39m=[32m"true"[39m
@qbs-autonaim/recruitment-assistant-extension:test:           [36m>[39m
@qbs-autonaim/recruitment-assistant-extension:test:             [0m2020 тАУ ╨┐╨╛ ╨╜╨░╤Б╤В╨╛╤П╤Й╨╡╨╡ ╨▓╤А╨╡╨╝╤П[0m
@qbs-autonaim/recruitment-assistant-extension:test:           [36m</span>[39m
@qbs-autonaim/recruitment-assistant-extension:test:           [0m
@qbs-autonaim/recruitment-assistant-extension:test:               [0m
@qbs-autonaim/recruitment-assistant-extension:test:         [36m</span>[39m
@qbs-autonaim/recruitment-assistant-extension:test:         [0m
@qbs-autonaim/recruitment-assistant-extension:test:               [0m
@qbs-autonaim/recruitment-assistant-extension:test:         [36m<div[39m
@qbs-autonaim/recruitment-assistant-extension:test:           [33mclass[39m=[32m"display-flex full-width"[39m
@qbs-autonaim/recruitment-assistant-extension:test:         [36m>[39m
@qbs-autonaim/recruitment-assistant-extension:test:           [0m
@qbs-autonaim/recruitment-assistant-extension:test:                 [0m
@qbs-autonaim/recruitment-assistant-extension:test:           [36m<span[39m
@qbs-autonaim/recruitment-assistant-extension:test:             [33maria-hidden[39m=[32m"true"[39m
@qbs-autonaim/recruitment-assistant-extension:test:           [36m>[39m
@qbs-autonaim/recruitment-assistant-extension:test:             [0m╨а╨░╨╖╤А╨░╨▒╨╛╤В╨║╨░[0m
@qbs-autonaim/recruitment-assistant-extension:test:           [36m</span>[39m
@qbs-autonaim/recruitment-assistant-extension:test:           [0m
@qbs-autonaim/recruitment-assistant-extension:test:               [0m
@qbs-autonaim/recruitment-assistant-extension:test:         [36m</div>[39m
@qbs-autonaim/recruitment-assistant-extension:test:         [0m
@qbs-autonaim/recruitment-assistant-extension:test:             [0m
@qbs-autonaim/recruitment-assistant-extension:test:       [36m</li>[39m
@qbs-autonaim/recruitment-assistant-extension:test:       [0m
@qbs-autonaim/recruitment-assistant-extension:test:           [0m
@qbs-autonaim/recruitment-assistant-extension:test:     [36m</ul>[39m
@qbs-autonaim/recruitment-assistant-extension:test:     [0m
@qbs-autonaim/recruitment-assistant-extension:test:         [0m
@qbs-autonaim/recruitment-assistant-extension:test:   [36m</section>[39m
@qbs-autonaim/recruitment-assistant-extension:test:   [0m
@qbs-autonaim/recruitment-assistant-extension:test:         
@qbs-autonaim/recruitment-assistant-extension:test:         [0m
@qbs-autonaim/recruitment-assistant-extension:test:   [36m<section[39m
@qbs-autonaim/recruitment-assistant-extension:test:     [33mid[39m=[32m"education"[39m
@qbs-autonaim/recruitment-assistant-extension:test:   [36m>[39m
@qbs-autonaim/recruitment-assistant-extension:test:     [0m
@qbs-autonaim/recruitment-assistant-extension:test:           [0m
@qbs-autonaim/recruitment-assistant-extension:test:     [36m<ul>[39m
@qbs-autonaim/recruitment-assistant-extension:test:       [0m
@qbs-autonaim/recruitment-assistant-extension:test:             [0m
@qbs-autonaim/recruitment-assistant-extension:test:       [36m<li[39m
@qbs-autonaim/recruitment-assistant-extension:test:         [33mclass[39m=[32m"artdeco-list__item"[39m
@qbs-autonaim/recruitment-assistant-extension:test:       [36m>[39m
@qbs-autonaim/recruitment-assistant-extension:test:         [0m
@qbs-autonaim/recruitment-assistant-extension:test:               [0m
@qbs-autonaim/recruitment-assistant-extension:test:         [36m<div[39m
@qbs-autonaim/recruitment-assistant-extension:test:           [33mclass[39m=[32m"display-flex"[39m
@qbs-autonaim/recruitment-assistant-extension:test:         [36m>[39m
@qbs-autonaim/recruitment-assistant-extension:test:           [0m
@qbs-autonaim/recruitment-assistant-extension:test:                 [0m
@qbs-autonaim/recruitment-assistant-extension:test:           [36m<span[39m
@qbs-autonaim/recruitment-assistant-extension:test:             [33maria-hidden[39m=[32m"true"[39m
@qbs-autonaim/recruitment-assistant-extension:test:           [36m>[39m
@qbs-autonaim/recruitment-assistant-extension:test:             [0m╨Ь╨У╨г[0m
@qbs-autonaim/recruitment-assistant-extension:test:           [36m</span>[39m
@qbs-autonaim/recruitment-assistant-extension:test:           [0m
@qbs-autonaim/recruitment-assistant-extension:test:               [0m
@qbs-autonaim/recruitment-assistant-extension:test:         [36m</div>[39m
@qbs-autonaim/recruitment-assistant-extension:test:         [0m
@qbs-autonaim/recruitment-assistant-extension:test:               [0m
@qbs-autonaim/recruitment-assistant-extension:test:         [36m<span[39m
@qbs-autonaim/recruitment-assistant-extension:test:           [33mclass[39m=[32m"t-14 t-normal"[39m
@qbs-autonaim/recruitment-assistant-extension:test:         [36m>[39m
@qbs-autonaim/recruitment-assistant-extension:test:           [0m
@qbs-autonaim/recruitment-assistant-extension:test:                 [0m
@qbs-autonaim/recruitment-assistant-extension:test:           [36m<span[39m
@qbs-autonaim/recruitment-assistant-extension:test:             [33maria-hidden[39m=[32m"true"[39m
@qbs-autonaim/recruitment-assistant-extension:test:           [36m>[39m
@qbs-autonaim/recruitment-assistant-extension:test:             [0m╨С╨░╨║╨░╨╗╨░╨▓╤А[0m
@qbs-autonaim/recruitment-assistant-extension:test:           [36m</span>[39m
@qbs-autonaim/recruitment-assistant-extension:test:           [0m
@qbs-autonaim/recruitment-assistant-extension:test:               [0m
@qbs-autonaim/recruitment-assistant-extension:test:         [36m</span>[39m
@qbs-autonaim/recruitment-assistant-extension:test:         [0m
@qbs-autonaim/recruitment-assistant-extension:test:               [0m
@qbs-autonaim/recruitment-assistant-extension:test:         [36m<span[39m
@qbs-autonaim/recruitment-assistant-extension:test:           [33mclass[39m=[32m"t-14 t-normal t-black--light"[39m
@qbs-autonaim/recruitment-assistant-extension:test:         [36m>[39m
@qbs-autonaim/recruitment-assistant-extension:test:           [0m
@qbs-autonaim/recruitment-assistant-extension:test:                 [0m
@qbs-autonaim/recruitment-assistant-extension:test:           [36m<span[39m
@qbs-autonaim/recruitment-assistant-extension:test:             [33maria-hidden[39m=[32m"true"[39m
@qbs-autonaim/recruitment-assistant-extension:test:           [36m>[39m
@qbs-autonaim/recruitment-assistant-extension:test:             [0m╨Ш╨╜╤Д╨╛╤А╨╝╨░╤В╨╕╨║╨░[0m
@qbs-autonaim/recruitment-assistant-extension:test:           [36m</span>[39m
@qbs-autonaim/recruitment-assistant-extension:test:           [0m
@qbs-autonaim/recruitment-assistant-extension:test:               [0m
@qbs-autonaim/recruitment-assistant-extension:test:         [36m</span>[39m
@qbs-autonaim/recruitment-assistant-extension:test:         [0m
@qbs-autonaim/recruitment-assistant-extension:test:               [0m
@qbs-autonaim/recruitment-assistant-extension:test:         [36m<span[39m
@qbs-autonaim/recruitment-assistant-extension:test:           [33mclass[39m=[32m"t-14 t-normal t-black--light"[39m
@qbs-autonaim/recruitment-assistant-extension:test:         [36m>[39m
@qbs-autonaim/recruitment-assistant-extension:test:           [0m
@qbs-autonaim/recruitment-assistant-extension:test:                 [0m
@qbs-autonaim/recruitment-assistant-extension:test:           [36m<span[39m
@qbs-autonaim/recruitment-assistant-extension:test:             [33maria-hidden[39m=[32m"true"[39m
@qbs-autonaim/recruitment-assistant-extension:test:           [36m>[39m
@qbs-autonaim/recruitment-assistant-extension:test:             [0m2015 тАУ 2019[0m
@qbs-autonaim/recruitment-assistant-extension:test:           [36m</span>[39m
@qbs-autonaim/recruitment-assistant-extension:test:           [0m
@qbs-autonaim/recruitment-assistant-extension:test:               [0m
@qbs-autonaim/recruitment-assistant-extension:test:         [36m</span>[39m
@qbs-autonaim/recruitment-assistant-extension:test:         [0m
@qbs-autonaim/recruitment-assistant-extension:test:             [0m
@qbs-autonaim/recruitment-assistant-extension:test:       [36m</li>[39m
@qbs-autonaim/recruitment-assistant-extension:test:       [0m
@qbs-autonaim/recruitment-assistant-extension:test:           [0m
@qbs-autonaim/recruitment-assistant-extension:test:     [36m</ul>[39m
@qbs-autonaim/recruitment-assistant-extension:test:     [0m
@qbs-autonaim/recruitment-assistant-extension:test:         [0m
@qbs-autonaim/recruitment-assistant-extension:test:   [36m</section>[39m
@qbs-autonaim/recruitment-assistant-extension:test:   [0m
@qbs-autonaim/recruitment-assistant-extension:test:         
@qbs-autonaim/recruitment-assistant-extension:test:         [0m
@qbs-autonaim/recruitment-assistant-extension:test:   [36m<section[39m
@qbs-autonaim/recruitment-assistant-extension:test:     [33mid[39m=[32m"skills"[39m
@qbs-autonaim/recruitment-assistant-extension:test:   [36m>[39m
@qbs-autonaim/recruitment-assistant-extension:test:     [0m
@qbs-autonaim/recruitment-assistant-extension:test:           [0m
@qbs-autonaim/recruitment-assistant-extension:test:     [36m<span[39m
@qbs-autonaim/recruitment-assistant-extension:test:       [33maria-hidden[39m=[32m"true"[39m
@qbs-autonaim/recruitment-assistant-extension:test:     [36m>[39m
@qbs-autonaim/recruitment-assistant-extension:test:       [0mTypeScript[0m
@qbs-autonaim/recruitment-assistant-extension:test:     [36m</span>[39m
@qbs-autonaim/recruitment-assistant-extension:test:     [0m
@qbs-autonaim/recruitment-assistant-extension:test:           [0m
@qbs-autonaim/recruitment-assistant-extension:test:     [36m<span[39m
@qbs-autonaim/recruitment-assistant-extension:test:       [33maria-hidden[39m=[32m"true"[39m
@qbs-autonaim/recruitment-assistant-extension:test:     [36m>[39m
@qbs-autonaim/recruitment-assistant-extension:test:       [0mReact[0m
@qbs-autonaim/recruitment-assistant-extension:test:     [36m</span>[39m
@qbs-autonaim/recruitment-assistant-extension:test:     [0m
@qbs-autonaim/recruitment-assistant-extension:test:         [0m
@qbs-autonaim/recruitment-assistant-extension:test:   [36m</section>[39m
@qbs-autonaim/recruitment-assistant-extension:test:   [0m
@qbs-autonaim/recruitment-assistant-extension:test:         
@qbs-autonaim/recruitment-assistant-extension:test:         [0m
@qbs-autonaim/recruitment-assistant-extension:test:   [36m<section[39m
@qbs-autonaim/recruitment-assistant-extension:test:     [33mclass[39m=[32m"pv-contact-info"[39m
@qbs-autonaim/recruitment-assistant-extension:test:   [36m>[39m
@qbs-autonaim/recruitment-assistant-extension:test:     [0m
@qbs-autonaim/recruitment-assistant-extension:test:           [0m
@qbs-autonaim/recruitment-assistant-extension:test:     [36m<a[39m
@qbs-autonaim/recruitment-assistant-extension:test:       [33mhref[39m=[32m"mailto:ivan@example.com"[39m
@qbs-autonaim/recruitment-assistant-extension:test:     [36m>[39m
@qbs-autonaim/recruitment-assistant-extension:test:       [0mEmail[0m
@qbs-autonaim/recruitment-assistant-extension:test:     [36m</a>[39m
@qbs-autonaim/recruitment-assistant-extension:test:     [0m
@qbs-autonaim/recruitment-assistant-extension:test:           [0m
@qbs-autonaim/recruitment-assistant-extension:test:     [36m<span[39m
@qbs-autonaim/recruitment-assistant-extension:test:       [33mclass[39m=[32m"t-14 t-black t-normal"[39m
@qbs-autonaim/recruitment-assistant-extension:test:     [36m>[39m
@qbs-autonaim/recruitment-assistant-extension:test:       [0m+7 (999) 123-45-67[0m
@qbs-autonaim/recruitment-assistant-extension:test:     [36m</span>[39m
@qbs-autonaim/recruitment-assistant-extension:test:     [0m
@qbs-autonaim/recruitment-assistant-extension:test:         [0m
@qbs-autonaim/recruitment-assistant-extension:test:   [36m</section>[39m
@qbs-autonaim/recruitment-assistant-extension:test:   [0m
@qbs-autonaim/recruitment-assistant-extension:test:       [0m
@qbs-autonaim/recruitment-assistant-extension:test:   [36m<div>[39m
@qbs-autonaim/recruitment-assistant-extension:test:     [36m<article[39m
@qbs-autonaim/recruitment-assistant-extension:test:       [33maria-label[39m=[32m"╨Ю╨▒╤А╨░╨╖╨╛╨▓╨░╨╜╨╕╨╡: ╨С╨░╨║╨░╨╗╨░╨▓╤А ╨▓ ╨Ь╨У╨г"[39m
@qbs-autonaim/recruitment-assistant-extension:test:       [33mstyle[39m=[32m"padding: 16px; background-color: white; border: 1px solid #e5e7eb; border-radius: 8px; margin-bottom: 12px;"[39m
@qbs-autonaim/recruitment-assistant-extension:test:     [36m>[39m
@qbs-autonaim/recruitment-assistant-extension:test:       [36m<div[39m
@qbs-autonaim/recruitment-assistant-extension:test:         [33mstyle[39m=[32m"margin-bottom: 16px; display: flex; flex-direction: column; gap: 4px;"[39m
@qbs-autonaim/recruitment-assistant-extension:test:       [36m>[39m
@qbs-autonaim/recruitment-assistant-extension:test:         [36m<label[39m
@qbs-autonaim/recruitment-assistant-extension:test:           [33mfor[39m=[32m"_r_6u_"[39m
@qbs-autonaim/recruitment-assistant-extension:test:           [33mstyle[39m=[32m"font-size: 14px; font-weight: 500; color: #374151;"[39m
@qbs-autonaim/recruitment-assistant-extension:test:         [36m>[39m
@qbs-autonaim/recruitment-assistant-extension:test:           [0m╨г╤З╨╡╨▒╨╜╨╛╨╡ ╨╖╨░╨▓╨╡╨┤╨╡╨╜╨╕╨╡[0m
@qbs-autonaim/recruitment-assistant-extension:test:         [36m</label>[39m
@qbs-autonaim/recruitment-assistant-extension:test:         [36m<div[39m
@qbs-autonaim/recruitment-assistant-extension:test:           [33mstyle[39m=[32m"display: flex; align-items: center; gap: 8px;"[39m
@qbs-autonaim/recruitment-assistant-extension:test:         [36m>[39m
@qbs-autonaim/recruitment-assistant-extension:test:           [36m<div[39m
@qbs-autonaim/recruitment-assistant-extension:test:             [33mstyle[39m=[32m"padding: 8px 12px; font-size: 14px; color: #1f2937; background-color: #f9fafb; border-radius: 6px; min-height: auto; white-space: nowrap; overflow: hidden; text-overflow: ellipsis; flex-grow: 1; flex-shrink: 1; flex-basis: 0%;"[39m
@qbs-autonaim/recruitment-assistant-extension:test:           [36m>[39m
@qbs-autonaim/recruitment-assistant-extension:test:             [0m╨Ь╨У╨г[0m
@qbs-autonaim/recruitment-assistant-extension:test:           [36m</div>[39m
@qbs-autonaim/recruitment-assistant-extension:test:           [36m<button[39m
@qbs-autonaim/recruitment-assistant-extension:test:             [33maria-label[39m=[32m"╨а╨╡╨┤╨░╨║╤В╨╕╤А╨╛╨▓╨░╤В╤М ╨г╤З╨╡╨▒╨╜╨╛╨╡ ╨╖╨░╨▓╨╡╨┤╨╡╨╜╨╕╨╡"[39m
@qbs-autonaim/recruitment-assistant-extension:test:             [33mclass[39m=[32m"ra-editable-field-btn ra-editable-field-btn--outline"[39m
@qbs-autonaim/recruitment-assistant-extension:test:             [33mstyle[39m=[32m"min-width: 44px; min-height: 44px; padding: 8px 12px; background-color: white; color: #3b82f6; border: 1px solid #3b82f6; border-radius: 6px; font-size: 14px; font-weight: 500; cursor: pointer; touch-action: manipulation;"[39m
@qbs-autonaim/recruitment-assistant-extension:test:             [33mtype[39m=[32m"button"[39m
@qbs-autonaim/recruitment-assistant-extension:test:           [36m>[39m
@qbs-autonaim/recruitment-assistant-extension:test:             [0m╨Ш╨╖╨╝╨╡╨╜╨╕╤В╤М[0m
@qbs-autonaim/recruitment-assistant-extension:test:           [36m</button>[39m
@qbs-autonaim/recruitment-assistant-extension:test:         [36m</div>[39m
@qbs-autonaim/recruitment-assistant-extension:test:       [36m</div>[39m
@qbs-autonaim/recruitment-assistant-extension:test:       [36m<div[39m
@qbs-autonaim/recruitment-assistant-extension:test:         [33mstyle[39m=[32m"margin-bottom: 16px; display: flex; flex-direction: column; gap: 4px;"[39m
@qbs-autonaim/recruitment-assistant-extension:test:       [36m>[39m
@qbs-autonaim/recruitment-assistant-extension:test:         [36m<label[39m
@qbs-autonaim/recruitment-assistant-extension:test:           [33mfor[39m=[32m"_r_6v_"[39m
@qbs-autonaim/recruitment-assistant-extension:test:           [33mstyle[39m=[32m"font-size: 14px; font-weight: 500; color: #374151;"[39m
@qbs-autonaim/recruitment-assistant-extension:test:         [36m>[39m
@qbs-autonaim/recruitment-assistant-extension:test:           [0m╨б╤В╨╡╨┐╨╡╨╜╤М/╨║╨▓╨░╨╗╨╕╤Д╨╕╨║╨░╤Ж╨╕╤П[0m
@qbs-autonaim/recruitment-assistant-extension:test:         [36m</label>[39m
@qbs-autonaim/recruitment-assistant-extension:test:         [36m<div[39m
@qbs-autonaim/recruitment-assistant-extension:test:           [33mstyle[39m=[32m"display: flex; align-items: center; gap: 8px;"[39m
@qbs-autonaim/recruitment-assistant-extension:test:         [36m>[39m
@qbs-autonaim/recruitment-assistant-extension:test:           [36m<div[39m
@qbs-autonaim/recruitment-assistant-extension:test:             [33mstyle[39m=[32m"padding: 8px 12px; font-size: 14px; color: #1f2937; background-color: #f9fafb; border-radius: 6px; min-height: auto; white-space: nowrap; overflow: hidden; text-overflow: ellipsis; flex-grow: 1; flex-shrink: 1; flex-basis: 0%;"[39m
@qbs-autonaim/recruitment-assistant-extension:test:           [36m>[39m
@qbs-autonaim/recruitment-assistant-extension:test:             [0m╨С╨░╨║╨░╨╗╨░╨▓╤А[0m
@qbs-autonaim/recruitment-assistant-extension:test:           [36m</div>[39m
@qbs-autonaim/recruitment-assistant-extension:test:           [36m<button[39m
@qbs-autonaim/recruitment-assistant-extension:test:             [33maria-label[39m=[32m"╨а╨╡╨┤╨░╨║╤В╨╕╤А╨╛╨▓╨░╤В╤М ╨б╤В╨╡╨┐╨╡╨╜╤М/╨║╨▓╨░╨╗╨╕╤Д╨╕╨║╨░╤Ж╨╕╤П"[39m
@qbs-autonaim/recruitment-assistant-extension:test:             [33mclass[39m=[32m"ra-editable-field-btn ra-editable-field-btn--outline"[39m
@qbs-autonaim/recruitment-assistant-extension:test:             [33mstyle[39m=[32m"min-width: 44px; min-height: 44px; padding: 8px 12px; background-color: white; color: #3b82f6; border: 1px solid #3b82f6; border-radius: 6px; font-size: 14px; font-weight: 500; cursor: pointer; touch-action: manipulation;"[39m
@qbs-autonaim/recruitment-assistant-extension:test:             [33mtype[39m=[32m"button"[39m
@qbs-autonaim/recruitment-assistant-extension:test:           [36m>[39m
@qbs-autonaim/recruitment-assistant-extension:test:             [0m╨Ш╨╖╨╝╨╡╨╜╨╕╤В╤М[0m
@qbs-autonaim/recruitment-assistant-extension:test:           [36m</button>[39m
@qbs-autonaim/recruitment-assistant-extension:test:         [36m</div>[39m
@qbs-autonaim/recruitment-assistant-extension:test:       [36m</div>[39m
@qbs-autonaim/recruitment-assistant-extension:test:       [36m<div[39m
@qbs-autonaim/recruitment-assistant-extension:test:         [33mstyle[39m=[32m"margin-bottom: 16px; display: flex; flex-direction: column; gap: 4px;"[39m
@qbs-autonaim/recruitment-assistant-extension:test:       [36m>[39m
@qbs-autonaim/recruitment-assistant-extension:test:         [36m<label[39m
@qbs-autonaim/recruitment-assistant-extension:test:           [33mfor[39m=[32m"_r_70_"[39m
@qbs-autonaim/recruitment-assistant-extension:test:           [33mstyle[39m=[32m"font-size: 14px; font-weight: 500; color: #374151;"[39m
@qbs-autonaim/recruitment-assistant-extension:test:         [36m>[39m
@qbs-autonaim/recruitment-assistant-extension:test:           [0m╨б╨┐╨╡╤Ж╨╕╨░╨╗╤М╨╜╨╛╤Б╤В╤М[0m
@qbs-autonaim/recruitment-assistant-extension:test:         [36m</label>[39m
@qbs-autonaim/recruitment-assistant-extension:test:         [36m<div[39m
@qbs-autonaim/recruitment-assistant-extension:test:           [33mstyle[39m=[32m"display: flex; align-items: center; gap: 8px;"[39m
@qbs-autonaim/recruitment-assistant-extension:test:         [36m>[39m
@qbs-autonaim/recruitment-assistant-extension:test:           [36m<div[39m
@qbs-autonaim/recruitment-assistant-extension:test:             [33mstyle[39m=[32m"padding: 8px 12px; font-size: 14px; color: #1f2937; background-color: #f9fafb; border-radius: 6px; min-height: auto; white-space: nowrap; overflow: hidden; text-overflow: ellipsis; flex-grow: 1; flex-shrink: 1; flex-basis: 0%;"[39m
@qbs-autonaim/recruitment-assistant-extension:test:           [36m>[39m
@qbs-autonaim/recruitment-assistant-extension:test:             [0m╨Ш╨╜╤Д╨╛╤А╨╝╨░╤В╨╕╨║╨░[0m
@qbs-autonaim/recruitment-assistant-extension:test:           [36m</div>[39m
@qbs-autonaim/recruitment-assistant-extension:test:           [36m<button[39m
@qbs-autonaim/recruitment-assistant-extension:test:             [33maria-label[39m=[32m"╨а╨╡╨┤╨░╨║╤В╨╕╤А╨╛╨▓╨░╤В╤М ╨б╨┐╨╡╤Ж╨╕╨░╨╗╤М╨╜╨╛╤Б╤В╤М"[39m
@qbs-autonaim/recruitment-assistant-extension:test:             [33mclass[39m=[32m"ra-editable-field-btn ra-editable-field-btn--outline"[39m
@qbs-autonaim/recruitment-assistant-extension:test:             [33mstyle[39m=[32m"min-width: 44px; min-height: 44px; padding: 8px 12px; background-color: white; color: #3b82f6; border: 1px solid #3b82f6; border-radius: 6px; font-size: 14px; font-weight: 500; cursor: pointer; touch-action: manipulation;"[39m
@qbs-autonaim/recruitment-assistant-extension:test:             [33mtype[39m=[32m"button"[39m
@qbs-autonaim/recruitment-assistant-extension:test:           [36m>[39m
@qbs-autonaim/recruitment-assistant-extension:test:             [0m╨Ш╨╖╨╝╨╡╨╜╨╕╤В╤М[0m
@qbs-autonaim/recruitment-assistant-extension:test:           [36m</button>[39m
@qbs-autonaim/recruitment-assistant-extension:test:         [36m</div>[39m
@qbs-autonaim/recruitment-assistant-extension:test:       [36m</div>[39m
@qbs-autonaim/recruitment-assistant-extension:test:       [36m<div[39m
@qbs-autonaim/recruitment-assistant-extension:test:         [33mstyle[39m=[32m"margin-bottom: 16px;"[39m
@qbs-autonaim/recruitment-assistant-extension:test:       [36m>[39m
@qbs-autonaim/recruitment-assistant-extension:test:         [36m<div[39m
@qbs-autonaim/recruitment-assistant-extension:test:           [33mstyle[39m=[32m"font-size: 14px; font-weight: 500; color: #374151; margin-bottom: 4px;"[39m
@qbs-autonaim/recruitment-assistant-extension:test:         [36m>[39m
@qbs-autonaim/recruitment-assistant-extension:test:           [0m╨Я╨╡╤А╨╕╨╛╨┤ ╨╛╨▒╤Г╤З╨╡╨╜╨╕╤П[0m
@qbs-autonaim/recruitment-assistant-extension:test:         [36m</div>[39m
@qbs-autonaim/recruitment-assistant-extension:test:         [36m<div[39m
@qbs-autonaim/recruitment-assistant-extension:test:           [33mstyle[39m=[32m"display: grid; grid-template-columns: 1fr 1fr; gap: 12px;"[39m
@qbs-autonaim/recruitment-assistant-extension:test:         [36m>[39m
@qbs-autonaim/recruitment-assistant-extension:test:           [36m<div>[39m
@qbs-autonaim/recruitment-assistant-extension:test:             [36m<label[39m
@qbs-autonaim/recruitment-assistant-extension:test:               [33mfor[39m=[32m"_r_6t_-start"[39m
@qbs-autonaim/recruitment-assistant-extension:test:               [33mstyle[39m=[32m"font-size: 12px; color: #6b7280; display: block; margin-bottom: 4px;"[39m
@qbs-autonaim/recruitment-assistant-extension:test:             [36m>[39m
@qbs-autonaim/recruitment-assistant-extension:test:               [0m╨Э╨░╤З╨░╨╗╨╛[0m
@qbs-autonaim/recruitment-assistant-extension:test:             [36m</label>[39m
@qbs-autonaim/recruitment-assistant-extension:test:             [36m<input[39m
@qbs-autonaim/recruitment-assistant-extension:test:               [33maria-label[39m=[32m"╨У╨╛╨┤ ╨╜╨░╤З╨░╨╗╨░ ╨╛╨▒╤Г╤З╨╡╨╜╨╕╤П"[39m
@qbs-autonaim/recruitment-assistant-extension:test:               [33mid[39m=[32m"_r_6t_-start"[39m
@qbs-autonaim/recruitment-assistant-extension:test:               [33mplaceholder[39m=[32m"2016"[39m
@qbs-autonaim/recruitment-assistant-extension:test:               [33mstyle[39m=[32m"width: 100%; padding: 8px 12px; font-size: 16px; border: 1px solid #d1d5db; border-radius: 6px; outline-color: none; outline-style: none; outline-width: initial;"[39m
@qbs-autonaim/recruitment-assistant-extension:test:               [33mtype[39m=[32m"text"[39m
@qbs-autonaim/recruitment-assistant-extension:test:               [33mvalue[39m=[32m"2015"[39m
@qbs-autonaim/recruitment-assistant-extension:test:             [36m/>[39m
@qbs-autonaim/recruitment-assistant-extension:test:           [36m</div>[39m
@qbs-autonaim/recruitment-assistant-extension:test:           [36m<div>[39m
@qbs-autonaim/recruitment-assistant-extension:test:             [36m<label[39m
@qbs-autonaim/recruitment-assistant-extension:test:               [33mfor[39m=[32m"_r_6t_-end"[39m
@qbs-autonaim/recruitment-assistant-extension:test:               [33mstyle[39m=[32m"font-size: 12px; color: #6b7280; display: block; margin-bottom: 4px;"[39m
@qbs-autonaim/recruitment-assistant-extension:test:             [36m>[39m
@qbs-autonaim/recruitment-assistant-extension:test:               [0m╨Ю╨║╨╛╨╜╤З╨░╨╜╨╕╨╡[0m
@qbs-autonaim/recruitment-assistant-extension:test:             [36m</label>[39m
@qbs-autonaim/recruitment-assistant-extension:test:             [36m<input[39m
@qbs-autonaim/recruitment-assistant-extension:test:               [33maria-label[39m=[32m"╨У╨╛╨┤ ╨╛╨║╨╛╨╜╤З╨░╨╜╨╕╤П ╨╛╨▒╤Г╤З╨╡╨╜╨╕╤П"[39m
@qbs-autonaim/recruitment-assistant-extension:test:               [33mid[39m=[32m"_r_6t_-end"[39m
@qbs-autonaim/recruitment-assistant-extension:test:               [33mplaceholder[39m=[32m"2020"[39m
@qbs-autonaim/recruitment-assistant-extension:test:               [33mstyle[39m=[32m"width: 100%; padding: 8px 12px; font-size: 16px; border: 1px solid #d1d5db; border-radius: 6px; outline-color: none; outline-style: none; outline-width: initial;"[39m
@qbs-autonaim/recruitment-assistant-extension:test:               [33mtype[39m=[32m"text"[39m
@qbs-autonaim/recruitment-assistant-extension:test:               [33mvalue[39m=[32m"2019"[39m
@qbs-autonaim/recruitment-assistant-extension:test:             [36m/>[39m
@qbs-autonaim/recruitment-assistant-extension:test:           [36m</div>[39m
@qbs-autonaim/recruitment-assistant-extension:test:         [36m</div>[39m
@qbs-autonaim/recruitment-assistant-extension:test:         [36m<div[39m
@qbs-autonaim/recruitment-assistant-extension:test:           [33maria-live[39m=[32m"polite"[39m
@qbs-autonaim/recruitment-assistant-extension:test:           [33mstyle[39m=[32m"font-size: 12px; color: #6b7280; margin-top: 4px;"[39m
@qbs-autonaim/recruitment-assistant-extension:test:         [36m>[39m
@qbs-autonaim/recruitment-assistant-extension:test:           [0m2015 тАФ 2019[0m
@qbs-autonaim/recruitment-assistant-extension:test:         [36m</div>[39m
@qbs-autonaim/recruitment-assistant-extension:test:       [36m</div>[39m
@qbs-autonaim/recruitment-assistant-extension:test:     [36m</article>[39m
@qbs-autonaim/recruitment-assistant-extension:test:   [36m</div>[39m
@qbs-autonaim/recruitment-assistant-extension:test: [36m</body>[39m
@qbs-autonaim/recruitment-assistant-extension:test:       at <anonymous> (C:\Projects\kwork\selectio\node_modules\@testing-library\dom\dist\query-helpers.js:59:30)
@qbs-autonaim/recruitment-assistant-extension:test:       at <anonymous> (C:\Projects\kwork\selectio\node_modules\@testing-library\dom\dist\query-helpers.js:95:19)
@qbs-autonaim/recruitment-assistant-extension:test:       at <anonymous> (C:\Projects\kwork\selectio\apps\recruitment-assistant-extension\src\content\ui\education-card.test.tsx:29:21)
@qbs-autonaim/recruitment-assistant-extension:test: (fail) EducationCard > ╨а╨╡╨╜╨┤╨╡╤А╨╕╨╜╨│ > ╨┤╨╛╨╗╨╢╨╡╨╜ ╨╛╤В╨╛╨▒╤А╨░╨╢╨░╤В╤М ╤Б╤В╨╡╨┐╨╡╨╜╤М/╨║╨▓╨░╨╗╨╕╤Д╨╕╨║╨░╤Ж╨╕╤О [15.00ms]
@qbs-autonaim/recruitment-assistant-extension:test: 54 |       const elementStrings = els.map(element => getElementError(null, element).message).join('\n\n');
@qbs-autonaim/recruitment-assistant-extension:test: 55 |       throw getMultipleElementsFoundError(`${getMultipleError(container, ...args)}
@qbs-autonaim/recruitment-assistant-extension:test: 56 | 
@qbs-autonaim/recruitment-assistant-extension:test: 57 | Here are the matching elements:
@qbs-autonaim/recruitment-assistant-extension:test: 58 | 
@qbs-autonaim/recruitment-assistant-extension:test: 59 | ${elementStrings}`, container);
@qbs-autonaim/recruitment-assistant-extension:test:                                   ^
@qbs-autonaim/recruitment-assistant-extension:test: TestingLibraryElementError: Found multiple elements with the text: ╨Ш╨╜╤Д╨╛╤А╨╝╨░╤В╨╕╨║╨░
@qbs-autonaim/recruitment-assistant-extension:test: 
@qbs-autonaim/recruitment-assistant-extension:test: Here are the matching elements:
@qbs-autonaim/recruitment-assistant-extension:test: 
@qbs-autonaim/recruitment-assistant-extension:test: Ignored nodes: comments, script, style
@qbs-autonaim/recruitment-assistant-extension:test: [36m<span[39m
@qbs-autonaim/recruitment-assistant-extension:test:   [33maria-hidden[39m=[32m"true"[39m
@qbs-autonaim/recruitment-assistant-extension:test: [36m>[39m
@qbs-autonaim/recruitment-assistant-extension:test:   [0m╨Ш╨╜╤Д╨╛╤А╨╝╨░╤В╨╕╨║╨░[0m
@qbs-autonaim/recruitment-assistant-extension:test: [36m</span>[39m
@qbs-autonaim/recruitment-assistant-extension:test: 
@qbs-autonaim/recruitment-assistant-extension:test: Ignored nodes: comments, script, style
@qbs-autonaim/recruitment-assistant-extension:test: [36m<div[39m
@qbs-autonaim/recruitment-assistant-extension:test:   [33mstyle[39m=[32m"padding: 8px 12px; font-size: 14px; color: #1f2937; background-color: #f9fafb; border-radius: 6px; min-height: auto; white-space: nowrap; overflow: hidden; text-overflow: ellipsis; flex-grow: 1; flex-shrink: 1; flex-basis: 0%;"[39m
@qbs-autonaim/recruitment-assistant-extension:test: [36m>[39m
@qbs-autonaim/recruitment-assistant-extension:test:   [0m╨Ш╨╜╤Д╨╛╤А╨╝╨░╤В╨╕╨║╨░[0m
@qbs-autonaim/recruitment-assistant-extension:test: [36m</div>[39m
@qbs-autonaim/recruitment-assistant-extension:test: 
@qbs-autonaim/recruitment-assistant-extension:test: (If this is intentional, then use the `*AllBy*` variant of the query (like `queryAllByText`, `getAllByText`, or `findAllByText`)).
@qbs-autonaim/recruitment-assistant-extension:test: 
@qbs-autonaim/recruitment-assistant-extension:test: Ignored nodes: comments, script, style
@qbs-autonaim/recruitment-assistant-extension:test: [36m<body>[39m
@qbs-autonaim/recruitment-assistant-extension:test:   [0m
@qbs-autonaim/recruitment-assistant-extension:test:         [0m
@qbs-autonaim/recruitment-assistant-extension:test:   [36m<h1[39m
@qbs-autonaim/recruitment-assistant-extension:test:     [33mclass[39m=[32m"text-heading-xlarge"[39m
@qbs-autonaim/recruitment-assistant-extension:test:   [36m>[39m
@qbs-autonaim/recruitment-assistant-extension:test:     [0m╨Ш╨▓╨░╨╜ ╨Ш╨▓╨░╨╜╨╛╨▓[0m
@qbs-autonaim/recruitment-assistant-extension:test:   [36m</h1>[39m
@qbs-autonaim/recruitment-assistant-extension:test:   [0m
@qbs-autonaim/recruitment-assistant-extension:test:         [0m
@qbs-autonaim/recruitment-assistant-extension:test:   [36m<div[39m
@qbs-autonaim/recruitment-assistant-extension:test:     [33mclass[39m=[32m"text-body-medium"[39m
@qbs-autonaim/recruitment-assistant-extension:test:   [36m>[39m
@qbs-autonaim/recruitment-assistant-extension:test:     [0mSenior Developer[0m
@qbs-autonaim/recruitment-assistant-extension:test:   [36m</div>[39m
@qbs-autonaim/recruitment-assistant-extension:test:   [0m
@qbs-autonaim/recruitment-assistant-extension:test:         [0m
@qbs-autonaim/recruitment-assistant-extension:test:   [36m<span[39m
@qbs-autonaim/recruitment-assistant-extension:test:     [33mclass[39m=[32m"text-body-small inline"[39m
@qbs-autonaim/recruitment-assistant-extension:test:   [36m>[39m
@qbs-autonaim/recruitment-assistant-extension:test:     [0m╨Ь╨╛╤Б╨║╨▓╨░, ╨а╨╛╤Б╤Б╨╕╤П[0m
@qbs-autonaim/recruitment-assistant-extension:test:   [36m</span>[39m
@qbs-autonaim/recruitment-assistant-extension:test:   [0m
@qbs-autonaim/recruitment-assistant-extension:test:         [0m
@qbs-autonaim/recruitment-assistant-extension:test:   [36m<img[39m
@qbs-autonaim/recruitment-assistant-extension:test:     [33mclass[39m=[32m"pv-top-card-profile-picture__image"[39m
@qbs-autonaim/recruitment-assistant-extension:test:     [33msrc[39m=[32m"https://example.com/photo.jpg"[39m
@qbs-autonaim/recruitment-assistant-extension:test:   [36m/>[39m
@qbs-autonaim/recruitment-assistant-extension:test:   [0m
@qbs-autonaim/recruitment-assistant-extension:test:         
@qbs-autonaim/recruitment-assistant-extension:test:         [0m
@qbs-autonaim/recruitment-assistant-extension:test:   [36m<section[39m
@qbs-autonaim/recruitment-assistant-extension:test:     [33mid[39m=[32m"experience"[39m
@qbs-autonaim/recruitment-assistant-extension:test:   [36m>[39m
@qbs-autonaim/recruitment-assistant-extension:test:     [0m
@qbs-autonaim/recruitment-assistant-extension:test:           [0m
@qbs-autonaim/recruitment-assistant-extension:test:     [36m<ul>[39m
@qbs-autonaim/recruitment-assistant-extension:test:       [0m
@qbs-autonaim/recruitment-assistant-extension:test:             [0m
@qbs-autonaim/recruitment-assistant-extension:test:       [36m<li[39m
@qbs-autonaim/recruitment-assistant-extension:test:         [33mclass[39m=[32m"artdeco-list__item"[39m
@qbs-autonaim/recruitment-assistant-extension:test:       [36m>[39m
@qbs-autonaim/recruitment-assistant-extension:test:         [0m
@qbs-autonaim/recruitment-assistant-extension:test:               [0m
@qbs-autonaim/recruitment-assistant-extension:test:         [36m<div[39m
@qbs-autonaim/recruitment-assistant-extension:test:           [33mclass[39m=[32m"display-flex"[39m
@qbs-autonaim/recruitment-assistant-extension:test:         [36m>[39m
@qbs-autonaim/recruitment-assistant-extension:test:           [0m
@qbs-autonaim/recruitment-assistant-extension:test:                 [0m
@qbs-autonaim/recruitment-assistant-extension:test:           [36m<span[39m
@qbs-autonaim/recruitment-assistant-extension:test:             [33maria-hidden[39m=[32m"true"[39m
@qbs-autonaim/recruitment-assistant-extension:test:           [36m>[39m
@qbs-autonaim/recruitment-assistant-extension:test:             [0mSenior Developer[0m
@qbs-autonaim/recruitment-assistant-extension:test:           [36m</span>[39m
@qbs-autonaim/recruitment-assistant-extension:test:           [0m
@qbs-autonaim/recruitment-assistant-extension:test:               [0m
@qbs-autonaim/recruitment-assistant-extension:test:         [36m</div>[39m
@qbs-autonaim/recruitment-assistant-extension:test:         [0m
@qbs-autonaim/recruitment-assistant-extension:test:               [0m
@qbs-autonaim/recruitment-assistant-extension:test:         [36m<span[39m
@qbs-autonaim/recruitment-assistant-extension:test:           [33mclass[39m=[32m"t-14 t-normal"[39m
@qbs-autonaim/recruitment-assistant-extension:test:         [36m>[39m
@qbs-autonaim/recruitment-assistant-extension:test:           [0m
@qbs-autonaim/recruitment-assistant-extension:test:                 [0m
@qbs-autonaim/recruitment-assistant-extension:test:           [36m<span[39m
@qbs-autonaim/recruitment-assistant-extension:test:             [33maria-hidden[39m=[32m"true"[39m
@qbs-autonaim/recruitment-assistant-extension:test:           [36m>[39m
@qbs-autonaim/recruitment-assistant-extension:test:             [0mTech Company[0m
@qbs-autonaim/recruitment-assistant-extension:test:           [36m</span>[39m
@qbs-autonaim/recruitment-assistant-extension:test:           [0m
@qbs-autonaim/recruitment-assistant-extension:test:               [0m
@qbs-autonaim/recruitment-assistant-extension:test:         [36m</span>[39m
@qbs-autonaim/recruitment-assistant-extension:test:         [0m
@qbs-autonaim/recruitment-assistant-extension:test:               [0m
@qbs-autonaim/recruitment-assistant-extension:test:         [36m<span[39m
@qbs-autonaim/recruitment-assistant-extension:test:           [33mclass[39m=[32m"t-14 t-normal t-black--light"[39m
@qbs-autonaim/recruitment-assistant-extension:test:         [36m>[39m
@qbs-autonaim/recruitment-assistant-extension:test:           [0m
@qbs-autonaim/recruitment-assistant-extension:test:                 [0m
@qbs-autonaim/recruitment-assistant-extension:test:           [36m<span[39m
@qbs-autonaim/recruitment-assistant-extension:test:             [33maria-hidden[39m=[32m"true"[39m
@qbs-autonaim/recruitment-assistant-extension:test:           [36m>[39m
@qbs-autonaim/recruitment-assistant-extension:test:             [0m2020 тАУ ╨┐╨╛ ╨╜╨░╤Б╤В╨╛╤П╤Й╨╡╨╡ ╨▓╤А╨╡╨╝╤П[0m
@qbs-autonaim/recruitment-assistant-extension:test:           [36m</span>[39m
@qbs-autonaim/recruitment-assistant-extension:test:           [0m
@qbs-autonaim/recruitment-assistant-extension:test:               [0m
@qbs-autonaim/recruitment-assistant-extension:test:         [36m</span>[39m
@qbs-autonaim/recruitment-assistant-extension:test:         [0m
@qbs-autonaim/recruitment-assistant-extension:test:               [0m
@qbs-autonaim/recruitment-assistant-extension:test:         [36m<div[39m
@qbs-autonaim/recruitment-assistant-extension:test:           [33mclass[39m=[32m"display-flex full-width"[39m
@qbs-autonaim/recruitment-assistant-extension:test:         [36m>[39m
@qbs-autonaim/recruitment-assistant-extension:test:           [0m
@qbs-autonaim/recruitment-assistant-extension:test:                 [0m
@qbs-autonaim/recruitment-assistant-extension:test:           [36m<span[39m
@qbs-autonaim/recruitment-assistant-extension:test:             [33maria-hidden[39m=[32m"true"[39m
@qbs-autonaim/recruitment-assistant-extension:test:           [36m>[39m
@qbs-autonaim/recruitment-assistant-extension:test:             [0m╨а╨░╨╖╤А╨░╨▒╨╛╤В╨║╨░[0m
@qbs-autonaim/recruitment-assistant-extension:test:           [36m</span>[39m
@qbs-autonaim/recruitment-assistant-extension:test:           [0m
@qbs-autonaim/recruitment-assistant-extension:test:               [0m
@qbs-autonaim/recruitment-assistant-extension:test:         [36m</div>[39m
@qbs-autonaim/recruitment-assistant-extension:test:         [0m
@qbs-autonaim/recruitment-assistant-extension:test:             [0m
@qbs-autonaim/recruitment-assistant-extension:test:       [36m</li>[39m
@qbs-autonaim/recruitment-assistant-extension:test:       [0m
@qbs-autonaim/recruitment-assistant-extension:test:           [0m
@qbs-autonaim/recruitment-assistant-extension:test:     [36m</ul>[39m
@qbs-autonaim/recruitment-assistant-extension:test:     [0m
@qbs-autonaim/recruitment-assistant-extension:test:         [0m
@qbs-autonaim/recruitment-assistant-extension:test:   [36m</section>[39m
@qbs-autonaim/recruitment-assistant-extension:test:   [0m
@qbs-autonaim/recruitment-assistant-extension:test:         
@qbs-autonaim/recruitment-assistant-extension:test:         [0m
@qbs-autonaim/recruitment-assistant-extension:test:   [36m<section[39m
@qbs-autonaim/recruitment-assistant-extension:test:     [33mid[39m=[32m"education"[39m
@qbs-autonaim/recruitment-assistant-extension:test:   [36m>[39m
@qbs-autonaim/recruitment-assistant-extension:test:     [0m
@qbs-autonaim/recruitment-assistant-extension:test:           [0m
@qbs-autonaim/recruitment-assistant-extension:test:     [36m<ul>[39m
@qbs-autonaim/recruitment-assistant-extension:test:       [0m
@qbs-autonaim/recruitment-assistant-extension:test:             [0m
@qbs-autonaim/recruitment-assistant-extension:test:       [36m<li[39m
@qbs-autonaim/recruitment-assistant-extension:test:         [33mclass[39m=[32m"artdeco-list__item"[39m
@qbs-autonaim/recruitment-assistant-extension:test:       [36m>[39m
@qbs-autonaim/recruitment-assistant-extension:test:         [0m
@qbs-autonaim/recruitment-assistant-extension:test:               [0m
@qbs-autonaim/recruitment-assistant-extension:test:         [36m<div[39m
@qbs-autonaim/recruitment-assistant-extension:test:           [33mclass[39m=[32m"display-flex"[39m
@qbs-autonaim/recruitment-assistant-extension:test:         [36m>[39m
@qbs-autonaim/recruitment-assistant-extension:test:           [0m
@qbs-autonaim/recruitment-assistant-extension:test:                 [0m
@qbs-autonaim/recruitment-assistant-extension:test:           [36m<span[39m
@qbs-autonaim/recruitment-assistant-extension:test:             [33maria-hidden[39m=[32m"true"[39m
@qbs-autonaim/recruitment-assistant-extension:test:           [36m>[39m
@qbs-autonaim/recruitment-assistant-extension:test:             [0m╨Ь╨У╨г[0m
@qbs-autonaim/recruitment-assistant-extension:test:           [36m</span>[39m
@qbs-autonaim/recruitment-assistant-extension:test:           [0m
@qbs-autonaim/recruitment-assistant-extension:test:               [0m
@qbs-autonaim/recruitment-assistant-extension:test:         [36m</div>[39m
@qbs-autonaim/recruitment-assistant-extension:test:         [0m
@qbs-autonaim/recruitment-assistant-extension:test:               [0m
@qbs-autonaim/recruitment-assistant-extension:test:         [36m<span[39m
@qbs-autonaim/recruitment-assistant-extension:test:           [33mclass[39m=[32m"t-14 t-normal"[39m
@qbs-autonaim/recruitment-assistant-extension:test:         [36m>[39m
@qbs-autonaim/recruitment-assistant-extension:test:           [0m
@qbs-autonaim/recruitment-assistant-extension:test:                 [0m
@qbs-autonaim/recruitment-assistant-extension:test:           [36m<span[39m
@qbs-autonaim/recruitment-assistant-extension:test:             [33maria-hidden[39m=[32m"true"[39m
@qbs-autonaim/recruitment-assistant-extension:test:           [36m>[39m
@qbs-autonaim/recruitment-assistant-extension:test:             [0m╨С╨░╨║╨░╨╗╨░╨▓╤А[0m
@qbs-autonaim/recruitment-assistant-extension:test:           [36m</span>[39m
@qbs-autonaim/recruitment-assistant-extension:test:           [0m
@qbs-autonaim/recruitment-assistant-extension:test:               [0m
@qbs-autonaim/recruitment-assistant-extension:test:         [36m</span>[39m
@qbs-autonaim/recruitment-assistant-extension:test:         [0m
@qbs-autonaim/recruitment-assistant-extension:test:               [0m
@qbs-autonaim/recruitment-assistant-extension:test:         [36m<span[39m
@qbs-autonaim/recruitment-assistant-extension:test:           [33mclass[39m=[32m"t-14 t-normal t-black--light"[39m
@qbs-autonaim/recruitment-assistant-extension:test:         [36m>[39m
@qbs-autonaim/recruitment-assistant-extension:test:           [0m
@qbs-autonaim/recruitment-assistant-extension:test:                 [0m
@qbs-autonaim/recruitment-assistant-extension:test:           [36m<span[39m
@qbs-autonaim/recruitment-assistant-extension:test:             [33maria-hidden[39m=[32m"true"[39m
@qbs-autonaim/recruitment-assistant-extension:test:           [36m>[39m
@qbs-autonaim/recruitment-assistant-extension:test:             [0m╨Ш╨╜╤Д╨╛╤А╨╝╨░╤В╨╕╨║╨░[0m
@qbs-autonaim/recruitment-assistant-extension:test:           [36m</span>[39m
@qbs-autonaim/recruitment-assistant-extension:test:           [0m
@qbs-autonaim/recruitment-assistant-extension:test:               [0m
@qbs-autonaim/recruitment-assistant-extension:test:         [36m</span>[39m
@qbs-autonaim/recruitment-assistant-extension:test:         [0m
@qbs-autonaim/recruitment-assistant-extension:test:               [0m
@qbs-autonaim/recruitment-assistant-extension:test:         [36m<span[39m
@qbs-autonaim/recruitment-assistant-extension:test:           [33mclass[39m=[32m"t-14 t-normal t-black--light"[39m
@qbs-autonaim/recruitment-assistant-extension:test:         [36m>[39m
@qbs-autonaim/recruitment-assistant-extension:test:           [0m
@qbs-autonaim/recruitment-assistant-extension:test:                 [0m
@qbs-autonaim/recruitment-assistant-extension:test:           [36m<span[39m
@qbs-autonaim/recruitment-assistant-extension:test:             [33maria-hidden[39m=[32m"true"[39m
@qbs-autonaim/recruitment-assistant-extension:test:           [36m>[39m
@qbs-autonaim/recruitment-assistant-extension:test:             [0m2015 тАУ 2019[0m
@qbs-autonaim/recruitment-assistant-extension:test:           [36m</span>[39m
@qbs-autonaim/recruitment-assistant-extension:test:           [0m
@qbs-autonaim/recruitment-assistant-extension:test:               [0m
@qbs-autonaim/recruitment-assistant-extension:test:         [36m</span>[39m
@qbs-autonaim/recruitment-assistant-extension:test:         [0m
@qbs-autonaim/recruitment-assistant-extension:test:             [0m
@qbs-autonaim/recruitment-assistant-extension:test:       [36m</li>[39m
@qbs-autonaim/recruitment-assistant-extension:test:       [0m
@qbs-autonaim/recruitment-assistant-extension:test:           [0m
@qbs-autonaim/recruitment-assistant-extension:test:     [36m</ul>[39m
@qbs-autonaim/recruitment-assistant-extension:test:     [0m
@qbs-autonaim/recruitment-assistant-extension:test:         [0m
@qbs-autonaim/recruitment-assistant-extension:test:   [36m</section>[39m
@qbs-autonaim/recruitment-assistant-extension:test:   [0m
@qbs-autonaim/recruitment-assistant-extension:test:         
@qbs-autonaim/recruitment-assistant-extension:test:         [0m
@qbs-autonaim/recruitment-assistant-extension:test:   [36m<section[39m
@qbs-autonaim/recruitment-assistant-extension:test:     [33mid[39m=[32m"skills"[39m
@qbs-autonaim/recruitment-assistant-extension:test:   [36m>[39m
@qbs-autonaim/recruitment-assistant-extension:test:     [0m
@qbs-autonaim/recruitment-assistant-extension:test:           [0m
@qbs-autonaim/recruitment-assistant-extension:test:     [36m<span[39m
@qbs-autonaim/recruitment-assistant-extension:test:       [33maria-hidden[39m=[32m"true"[39m
@qbs-autonaim/recruitment-assistant-extension:test:     [36m>[39m
@qbs-autonaim/recruitment-assistant-extension:test:       [0mTypeScript[0m
@qbs-autonaim/recruitment-assistant-extension:test:     [36m</span>[39m
@qbs-autonaim/recruitment-assistant-extension:test:     [0m
@qbs-autonaim/recruitment-assistant-extension:test:           [0m
@qbs-autonaim/recruitment-assistant-extension:test:     [36m<span[39m
@qbs-autonaim/recruitment-assistant-extension:test:       [33maria-hidden[39m=[32m"true"[39m
@qbs-autonaim/recruitment-assistant-extension:test:     [36m>[39m
@qbs-autonaim/recruitment-assistant-extension:test:       [0mReact[0m
@qbs-autonaim/recruitment-assistant-extension:test:     [36m</span>[39m
@qbs-autonaim/recruitment-assistant-extension:test:     [0m
@qbs-autonaim/recruitment-assistant-extension:test:         [0m
@qbs-autonaim/recruitment-assistant-extension:test:   [36m</section>[39m
@qbs-autonaim/recruitment-assistant-extension:test:   [0m
@qbs-autonaim/recruitment-assistant-extension:test:         
@qbs-autonaim/recruitment-assistant-extension:test:         [0m
@qbs-autonaim/recruitment-assistant-extension:test:   [36m<section[39m
@qbs-autonaim/recruitment-assistant-extension:test:     [33mclass[39m=[32m"pv-contact-info"[39m
@qbs-autonaim/recruitment-assistant-extension:test:   [36m>[39m
@qbs-autonaim/recruitment-assistant-extension:test:     [0m
@qbs-autonaim/recruitment-assistant-extension:test:           [0m
@qbs-autonaim/recruitment-assistant-extension:test:     [36m<a[39m
@qbs-autonaim/recruitment-assistant-extension:test:       [33mhref[39m=[32m"mailto:ivan@example.com"[39m
@qbs-autonaim/recruitment-assistant-extension:test:     [36m>[39m
@qbs-autonaim/recruitment-assistant-extension:test:       [0mEmail[0m
@qbs-autonaim/recruitment-assistant-extension:test:     [36m</a>[39m
@qbs-autonaim/recruitment-assistant-extension:test:     [0m
@qbs-autonaim/recruitment-assistant-extension:test:           [0m
@qbs-autonaim/recruitment-assistant-extension:test:     [36m<span[39m
@qbs-autonaim/recruitment-assistant-extension:test:       [33mclass[39m=[32m"t-14 t-black t-normal"[39m
@qbs-autonaim/recruitment-assistant-extension:test:     [36m>[39m
@qbs-autonaim/recruitment-assistant-extension:test:       [0m+7 (999) 123-45-67[0m
@qbs-autonaim/recruitment-assistant-extension:test:     [36m</span>[39m
@qbs-autonaim/recruitment-assistant-extension:test:     [0m
@qbs-autonaim/recruitment-assistant-extension:test:         [0m
@qbs-autonaim/recruitment-assistant-extension:test:   [36m</section>[39m
@qbs-autonaim/recruitment-assistant-extension:test:   [0m
@qbs-autonaim/recruitment-assistant-extension:test:       [0m
@qbs-autonaim/recruitment-assistant-extension:test:   [36m<div>[39m
@qbs-autonaim/recruitment-assistant-extension:test:     [36m<article[39m
@qbs-autonaim/recruitment-assistant-extension:test:       [33maria-label[39m=[32m"╨Ю╨▒╤А╨░╨╖╨╛╨▓╨░╨╜╨╕╨╡: ╨С╨░╨║╨░╨╗╨░╨▓╤А ╨▓ ╨Ь╨У╨г"[39m
@qbs-autonaim/recruitment-assistant-extension:test:       [33mstyle[39m=[32m"padding: 16px; background-color: white; border: 1px solid #e5e7eb; border-radius: 8px; margin-bottom: 12px;"[39m
@qbs-autonaim/recruitment-assistant-extension:test:     [36m>[39m
@qbs-autonaim/recruitment-assistant-extension:test:       [36m<div[39m
@qbs-autonaim/recruitment-assistant-extension:test:         [33mstyle[39m=[32m"margin-bottom: 16px; display: flex; flex-direction: column; gap: 4px;"[39m
@qbs-autonaim/recruitment-assistant-extension:test:       [36m>[39m
@qbs-autonaim/recruitment-assistant-extension:test:         [36m<label[39m
@qbs-autonaim/recruitment-assistant-extension:test:           [33mfor[39m=[32m"_r_72_"[39m
@qbs-autonaim/recruitment-assistant-extension:test:           [33mstyle[39m=[32m"font-size: 14px; font-weight: 500; color: #374151;"[39m
@qbs-autonaim/recruitment-assistant-extension:test:         [36m>[39m
@qbs-autonaim/recruitment-assistant-extension:test:           [0m╨г╤З╨╡╨▒╨╜╨╛╨╡ ╨╖╨░╨▓╨╡╨┤╨╡╨╜╨╕╨╡[0m
@qbs-autonaim/recruitment-assistant-extension:test:         [36m</label>[39m
@qbs-autonaim/recruitment-assistant-extension:test:         [36m<div[39m
@qbs-autonaim/recruitment-assistant-extension:test:           [33mstyle[39m=[32m"display: flex; align-items: center; gap: 8px;"[39m
@qbs-autonaim/recruitment-assistant-extension:test:         [36m>[39m
@qbs-autonaim/recruitment-assistant-extension:test:           [36m<div[39m
@qbs-autonaim/recruitment-assistant-extension:test:             [33mstyle[39m=[32m"padding: 8px 12px; font-size: 14px; color: #1f2937; background-color: #f9fafb; border-radius: 6px; min-height: auto; white-space: nowrap; overflow: hidden; text-overflow: ellipsis; flex-grow: 1; flex-shrink: 1; flex-basis: 0%;"[39m
@qbs-autonaim/recruitment-assistant-extension:test:           [36m>[39m
@qbs-autonaim/recruitment-assistant-extension:test:             [0m╨Ь╨У╨г[0m
@qbs-autonaim/recruitment-assistant-extension:test:           [36m</div>[39m
@qbs-autonaim/recruitment-assistant-extension:test:           [36m<button[39m
@qbs-autonaim/recruitment-assistant-extension:test:             [33maria-label[39m=[32m"╨а╨╡╨┤╨░╨║╤В╨╕╤А╨╛╨▓╨░╤В╤М ╨г╤З╨╡╨▒╨╜╨╛╨╡ ╨╖╨░╨▓╨╡╨┤╨╡╨╜╨╕╨╡"[39m
@qbs-autonaim/recruitment-assistant-extension:test:             [33mclass[39m=[32m"ra-editable-field-btn ra-editable-field-btn--outline"[39m
@qbs-autonaim/recruitment-assistant-extension:test:             [33mstyle[39m=[32m"min-width: 44px; min-height: 44px; padding: 8px 12px; background-color: white; color: #3b82f6; border: 1px solid #3b82f6; border-radius: 6px; font-size: 14px; font-weight: 500; cursor: pointer; touch-action: manipulation;"[39m
@qbs-autonaim/recruitment-assistant-extension:test:             [33mtype[39m=[32m"button"[39m
@qbs-autonaim/recruitment-assistant-extension:test:           [36m>[39m
@qbs-autonaim/recruitment-assistant-extension:test:             [0m╨Ш╨╖╨╝╨╡╨╜╨╕╤В╤М[0m
@qbs-autonaim/recruitment-assistant-extension:test:           [36m</button>[39m
@qbs-autonaim/recruitment-assistant-extension:test:         [36m</div>[39m
@qbs-autonaim/recruitment-assistant-extension:test:       [36m</div>[39m
@qbs-autonaim/recruitment-assistant-extension:test:       [36m<div[39m
@qbs-autonaim/recruitment-assistant-extension:test:         [33mstyle[39m=[32m"margin-bottom: 16px; display: flex; flex-direction: column; gap: 4px;"[39m
@qbs-autonaim/recruitment-assistant-extension:test:       [36m>[39m
@qbs-autonaim/recruitment-assistant-extension:test:         [36m<label[39m
@qbs-autonaim/recruitment-assistant-extension:test:           [33mfor[39m=[32m"_r_73_"[39m
@qbs-autonaim/recruitment-assistant-extension:test:           [33mstyle[39m=[32m"font-size: 14px; font-weight: 500; color: #374151;"[39m
@qbs-autonaim/recruitment-assistant-extension:test:         [36m>[39m
@qbs-autonaim/recruitment-assistant-extension:test:           [0m╨б╤В╨╡╨┐╨╡╨╜╤М/╨║╨▓╨░╨╗╨╕╤Д╨╕╨║╨░╤Ж╨╕╤П[0m
@qbs-autonaim/recruitment-assistant-extension:test:         [36m</label>[39m
@qbs-autonaim/recruitment-assistant-extension:test:         [36m<div[39m
@qbs-autonaim/recruitment-assistant-extension:test:           [33mstyle[39m=[32m"display: flex; align-items: center; gap: 8px;"[39m
@qbs-autonaim/recruitment-assistant-extension:test:         [36m>[39m
@qbs-autonaim/recruitment-assistant-extension:test:           [36m<div[39m
@qbs-autonaim/recruitment-assistant-extension:test:             [33mstyle[39m=[32m"padding: 8px 12px; font-size: 14px; color: #1f2937; background-color: #f9fafb; border-radius: 6px; min-height: auto; white-space: nowrap; overflow: hidden; text-overflow: ellipsis; flex-grow: 1; flex-shrink: 1; flex-basis: 0%;"[39m
@qbs-autonaim/recruitment-assistant-extension:test:           [36m>[39m
@qbs-autonaim/recruitment-assistant-extension:test:             [0m╨С╨░╨║╨░╨╗╨░╨▓╤А[0m
@qbs-autonaim/recruitment-assistant-extension:test:           [36m</div>[39m
@qbs-autonaim/recruitment-assistant-extension:test:           [36m<button[39m
@qbs-autonaim/recruitment-assistant-extension:test:             [33maria-label[39m=[32m"╨а╨╡╨┤╨░╨║╤В╨╕╤А╨╛╨▓╨░╤В╤М ╨б╤В╨╡╨┐╨╡╨╜╤М/╨║╨▓╨░╨╗╨╕╤Д╨╕╨║╨░╤Ж╨╕╤П"[39m
@qbs-autonaim/recruitment-assistant-extension:test:             [33mclass[39m=[32m"ra-editable-field-btn ra-editable-field-btn--outline"[39m
@qbs-autonaim/recruitment-assistant-extension:test:             [33mstyle[39m=[32m"min-width: 44px; min-height: 44px; padding: 8px 12px; background-color: white; color: #3b82f6; border: 1px solid #3b82f6; border-radius: 6px; font-size: 14px; font-weight: 500; cursor: pointer; touch-action: manipulation;"[39m
@qbs-autonaim/recruitment-assistant-extension:test:             [33mtype[39m=[32m"button"[39m
@qbs-autonaim/recruitment-assistant-extension:test:           [36m>[39m
@qbs-autonaim/recruitment-assistant-extension:test:             [0m╨Ш╨╖╨╝╨╡╨╜╨╕╤В╤М[0m
@qbs-autonaim/recruitment-assistant-extension:test:           [36m</button>[39m
@qbs-autonaim/recruitment-assistant-extension:test:         [36m</div>[39m
@qbs-autonaim/recruitment-assistant-extension:test:       [36m</div>[39m
@qbs-autonaim/recruitment-assistant-extension:test:       [36m<div[39m
@qbs-autonaim/recruitment-assistant-extension:test:         [33mstyle[39m=[32m"margin-bottom: 16px; display: flex; flex-direction: column; gap: 4px;"[39m
@qbs-autonaim/recruitment-assistant-extension:test:       [36m>[39m
@qbs-autonaim/recruitment-assistant-extension:test:         [36m<label[39m
@qbs-autonaim/recruitment-assistant-extension:test:           [33mfor[39m=[32m"_r_74_"[39m
@qbs-autonaim/recruitment-assistant-extension:test:           [33mstyle[39m=[32m"font-size: 14px; font-weight: 500; color: #374151;"[39m
@qbs-autonaim/recruitment-assistant-extension:test:         [36m>[39m
@qbs-autonaim/recruitment-assistant-extension:test:           [0m╨б╨┐╨╡╤Ж╨╕╨░╨╗╤М╨╜╨╛╤Б╤В╤М[0m
@qbs-autonaim/recruitment-assistant-extension:test:         [36m</label>[39m
@qbs-autonaim/recruitment-assistant-extension:test:         [36m<div[39m
@qbs-autonaim/recruitment-assistant-extension:test:           [33mstyle[39m=[32m"display: flex; align-items: center; gap: 8px;"[39m
@qbs-autonaim/recruitment-assistant-extension:test:         [36m>[39m
@qbs-autonaim/recruitment-assistant-extension:test:           [36m<div[39m
@qbs-autonaim/recruitment-assistant-extension:test:             [33mstyle[39m=[32m"padding: 8px 12px; font-size: 14px; color: #1f2937; background-color: #f9fafb; border-radius: 6px; min-height: auto; white-space: nowrap; overflow: hidden; text-overflow: ellipsis; flex-grow: 1; flex-shrink: 1; flex-basis: 0%;"[39m
@qbs-autonaim/recruitment-assistant-extension:test:           [36m>[39m
@qbs-autonaim/recruitment-assistant-extension:test:             [0m╨Ш╨╜╤Д╨╛╤А╨╝╨░╤В╨╕╨║╨░[0m
@qbs-autonaim/recruitment-assistant-extension:test:           [36m</div>[39m
@qbs-autonaim/recruitment-assistant-extension:test:           [36m<button[39m
@qbs-autonaim/recruitment-assistant-extension:test:             [33maria-label[39m=[32m"╨а╨╡╨┤╨░╨║╤В╨╕╤А╨╛╨▓╨░╤В╤М ╨б╨┐╨╡╤Ж╨╕╨░╨╗╤М╨╜╨╛╤Б╤В╤М"[39m
@qbs-autonaim/recruitment-assistant-extension:test:             [33mclass[39m=[32m"ra-editable-field-btn ra-editable-field-btn--outline"[39m
@qbs-autonaim/recruitment-assistant-extension:test:             [33mstyle[39m=[32m"min-width: 44px; min-height: 44px; padding: 8px 12px; background-color: white; color: #3b82f6; border: 1px solid #3b82f6; border-radius: 6px; font-size: 14px; font-weight: 500; cursor: pointer; touch-action: manipulation;"[39m
@qbs-autonaim/recruitment-assistant-extension:test:             [33mtype[39m=[32m"button"[39m
@qbs-autonaim/recruitment-assistant-extension:test:           [36m>[39m
@qbs-autonaim/recruitment-assistant-extension:test:             [0m╨Ш╨╖╨╝╨╡╨╜╨╕╤В╤М[0m
@qbs-autonaim/recruitment-assistant-extension:test:           [36m</button>[39m
@qbs-autonaim/recruitment-assistant-extension:test:         [36m</div>[39m
@qbs-autonaim/recruitment-assistant-extension:test:       [36m</div>[39m
@qbs-autonaim/recruitment-assistant-extension:test:       [36m<div[39m
@qbs-autonaim/recruitment-assistant-extension:test:         [33mstyle[39m=[32m"margin-bottom: 16px;"[39m
@qbs-autonaim/recruitment-assistant-extension:test:       [36m>[39m
@qbs-autonaim/recruitment-assistant-extension:test:         [36m<div[39m
@qbs-autonaim/recruitment-assistant-extension:test:           [33mstyle[39m=[32m"font-size: 14px; font-weight: 500; color: #374151; margin-bottom: 4px;"[39m
@qbs-autonaim/recruitment-assistant-extension:test:         [36m>[39m
@qbs-autonaim/recruitment-assistant-extension:test:           [0m╨Я╨╡╤А╨╕╨╛╨┤ ╨╛╨▒╤Г╤З╨╡╨╜╨╕╤П[0m
@qbs-autonaim/recruitment-assistant-extension:test:         [36m</div>[39m
@qbs-autonaim/recruitment-assistant-extension:test:         [36m<div[39m
@qbs-autonaim/recruitment-assistant-extension:test:           [33mstyle[39m=[32m"display: grid; grid-template-columns: 1fr 1fr; gap: 12px;"[39m
@qbs-autonaim/recruitment-assistant-extension:test:         [36m>[39m
@qbs-autonaim/recruitment-assistant-extension:test:           [36m<div>[39m
@qbs-autonaim/recruitment-assistant-extension:test:             [36m<label[39m
@qbs-autonaim/recruitment-assistant-extension:test:               [33mfor[39m=[32m"_r_71_-start"[39m
@qbs-autonaim/recruitment-assistant-extension:test:               [33mstyle[39m=[32m"font-size: 12px; color: #6b7280; display: block; margin-bottom: 4px;"[39m
@qbs-autonaim/recruitment-assistant-extension:test:             [36m>[39m
@qbs-autonaim/recruitment-assistant-extension:test:               [0m╨Э╨░╤З╨░╨╗╨╛[0m
@qbs-autonaim/recruitment-assistant-extension:test:             [36m</label>[39m
@qbs-autonaim/recruitment-assistant-extension:test:             [36m<input[39m
@qbs-autonaim/recruitment-assistant-extension:test:               [33maria-label[39m=[32m"╨У╨╛╨┤ ╨╜╨░╤З╨░╨╗╨░ ╨╛╨▒╤Г╤З╨╡╨╜╨╕╤П"[39m
@qbs-autonaim/recruitment-assistant-extension:test:               [33mid[39m=[32m"_r_71_-start"[39m
@qbs-autonaim/recruitment-assistant-extension:test:               [33mplaceholder[39m=[32m"2016"[39m
@qbs-autonaim/recruitment-assistant-extension:test:               [33mstyle[39m=[32m"width: 100%; padding: 8px 12px; font-size: 16px; border: 1px solid #d1d5db; border-radius: 6px; outline-color: none; outline-style: none; outline-width: initial;"[39m
@qbs-autonaim/recruitment-assistant-extension:test:               [33mtype[39m=[32m"text"[39m
@qbs-autonaim/recruitment-assistant-extension:test:               [33mvalue[39m=[32m"2015"[39m
@qbs-autonaim/recruitment-assistant-extension:test:             [36m/>[39m
@qbs-autonaim/recruitment-assistant-extension:test:           [36m</div>[39m
@qbs-autonaim/recruitment-assistant-extension:test:           [36m<div>[39m
@qbs-autonaim/recruitment-assistant-extension:test:             [36m<label[39m
@qbs-autonaim/recruitment-assistant-extension:test:               [33mfor[39m=[32m"_r_71_-end"[39m
@qbs-autonaim/recruitment-assistant-extension:test:               [33mstyle[39m=[32m"font-size: 12px; color: #6b7280; display: block; margin-bottom: 4px;"[39m
@qbs-autonaim/recruitment-assistant-extension:test:             [36m>[39m
@qbs-autonaim/recruitment-assistant-extension:test:               [0m╨Ю╨║╨╛╨╜╤З╨░╨╜╨╕╨╡[0m
@qbs-autonaim/recruitment-assistant-extension:test:             [36m</label>[39m
@qbs-autonaim/recruitment-assistant-extension:test:             [36m<input[39m
@qbs-autonaim/recruitment-assistant-extension:test:               [33maria-label[39m=[32m"╨У╨╛╨┤ ╨╛╨║╨╛╨╜╤З╨░╨╜╨╕╤П ╨╛╨▒╤Г╤З╨╡╨╜╨╕╤П"[39m
@qbs-autonaim/recruitment-assistant-extension:test:               [33mid[39m=[32m"_r_71_-end"[39m
@qbs-autonaim/recruitment-assistant-extension:test:               [33mplaceholder[39m=[32m"2020"[39m
@qbs-autonaim/recruitment-assistant-extension:test:               [33mstyle[39m=[32m"width: 100%; padding: 8px 12px; font-size: 16px; border: 1px solid #d1d5db; border-radius: 6px; outline-color: none; outline-style: none; outline-width: initial;"[39m
@qbs-autonaim/recruitment-assistant-extension:test:               [33mtype[39m=[32m"text"[39m
@qbs-autonaim/recruitment-assistant-extension:test:               [33mvalue[39m=[32m"2019"[39m
@qbs-autonaim/recruitment-assistant-extension:test:             [36m/>[39m
@qbs-autonaim/recruitment-assistant-extension:test:           [36m</div>[39m
@qbs-autonaim/recruitment-assistant-extension:test:         [36m</div>[39m
@qbs-autonaim/recruitment-assistant-extension:test:         [36m<div[39m
@qbs-autonaim/recruitment-assistant-extension:test:           [33maria-live[39m=[32m"polite"[39m
@qbs-autonaim/recruitment-assistant-extension:test:           [33mstyle[39m=[32m"font-size: 12px; color: #6b7280; margin-top: 4px;"[39m
@qbs-autonaim/recruitment-assistant-extension:test:         [36m>[39m
@qbs-autonaim/recruitment-assistant-extension:test:           [0m2015 тАФ 2019[0m
@qbs-autonaim/recruitment-assistant-extension:test:         [36m</div>[39m
@qbs-autonaim/recruitment-assistant-extension:test:       [36m</div>[39m
@qbs-autonaim/recruitment-assistant-extension:test:     [36m</article>[39m
@qbs-autonaim/recruitment-assistant-extension:test:   [36m</div>[39m
@qbs-autonaim/recruitment-assistant-extension:test: [36m</body>[39m
@qbs-autonaim/recruitment-assistant-extension:test:       at <anonymous> (C:\Projects\kwork\selectio\node_modules\@testing-library\dom\dist\query-helpers.js:59:30)
@qbs-autonaim/recruitment-assistant-extension:test:       at <anonymous> (C:\Projects\kwork\selectio\node_modules\@testing-library\dom\dist\query-helpers.js:95:19)
@qbs-autonaim/recruitment-assistant-extension:test:       at <anonymous> (C:\Projects\kwork\selectio\apps\recruitment-assistant-extension\src\content\ui\education-card.test.tsx:35:21)
@qbs-autonaim/recruitment-assistant-extension:test: (fail) EducationCard > ╨а╨╡╨╜╨┤╨╡╤А╨╕╨╜╨│ > ╨┤╨╛╨╗╨╢╨╡╨╜ ╨╛╤В╨╛╨▒╤А╨░╨╢╨░╤В╤М ╤Б╨┐╨╡╤Ж╨╕╨░╨╗╤М╨╜╨╛╤Б╤В╤М
@qbs-autonaim/recruitment-assistant-extension:test: (pass) EducationCard > ╨а╨╡╨╜╨┤╨╡╤А╨╕╨╜╨│ > ╨┤╨╛╨╗╨╢╨╡╨╜ ╨╛╤В╨╛╨▒╤А╨░╨╢╨░╤В╤М ╨┤╨░╤В╤Л ╨╛╨▒╤Г╤З╨╡╨╜╨╕╤П [16.00ms]
@qbs-autonaim/recruitment-assistant-extension:test: (pass) EducationCard > ╨а╨╡╨╜╨┤╨╡╤А╨╕╨╜╨│ > ╨┤╨╛╨╗╨╢╨╡╨╜ ╨╛╤В╨╛╨▒╤А╨░╨╢╨░╤В╤М ╨┤╨╕╨░╨┐╨░╨╖╨╛╨╜ ╨┤╨░╤В
@qbs-autonaim/recruitment-assistant-extension:test: (pass) EducationCard > ╨а╨╡╨╜╨┤╨╡╤А╨╕╨╜╨│ > ╨┤╨╛╨╗╨╢╨╡╨╜ ╨╛╤В╨╛╨▒╤А╨░╨╢╨░╤В╤М "╨Ф╨░╤В╤Л ╨╜╨╡ ╤Г╨║╨░╨╖╨░╨╜╤Л" ╨╡╤Б╨╗╨╕ ╨╜╨╡╤В ╨┤╨░╤В [15.00ms]
@qbs-autonaim/recruitment-assistant-extension:test: (pass) EducationCard > ╨а╨╡╨╜╨┤╨╡╤А╨╕╨╜╨│ > ╨┤╨╛╨╗╨╢╨╡╨╜ ╨╛╤В╨╛╨▒╤А╨░╨╢╨░╤В╤М ╤В╨╛╨╗╤М╨║╨╛ ╨┤╨░╤В╤Г ╨╛╨║╨╛╨╜╤З╨░╨╜╨╕╤П ╨╡╤Б╨╗╨╕ ╨╜╨╡╤В ╨┤╨░╤В╤Л ╨╜╨░╤З╨░╨╗╨░ [16.00ms]
@qbs-autonaim/recruitment-assistant-extension:test: (pass) EducationCard > ╨а╨╡╨╜╨┤╨╡╤А╨╕╨╜╨│ > ╨┤╨╛╨╗╨╢╨╡╨╜ ╨╛╤В╨╛╨▒╤А╨░╨╢╨░╤В╤М ╤В╨╛╨╗╤М╨║╨╛ ╨┤╨░╤В╤Г ╨╜╨░╤З╨░╨╗╨░ ╨╡╤Б╨╗╨╕ ╨╜╨╡╤В ╨┤╨░╤В╤Л ╨╛╨║╨╛╨╜╤З╨░╨╜╨╕╤П
@qbs-autonaim/recruitment-assistant-extension:test: (pass) EducationCard > ╨Ф╨╛╤Б╤В╤Г╨┐╨╜╨╛╤Б╤В╤М (ARIA) > ╨┤╨╛╨╗╨╢╨╡╨╜ ╨╕╨╝╨╡╤В╤М role='article' [16.00ms]
@qbs-autonaim/recruitment-assistant-extension:test: (pass) EducationCard > ╨Ф╨╛╤Б╤В╤Г╨┐╨╜╨╛╤Б╤В╤М (ARIA) > ╨┤╨╛╨╗╨╢╨╡╨╜ ╨╕╨╝╨╡╤В╤М aria-label ╤Б ╨╕╨╜╤Д╨╛╤А╨╝╨░╤Ж╨╕╨╡╨╣ ╨╛╨▒ ╨╛╨▒╤А╨░╨╖╨╛╨▓╨░╨╜╨╕╨╕ [15.00ms]
@qbs-autonaim/recruitment-assistant-extension:test: (pass) EducationCard > ╨Ф╨╛╤Б╤В╤Г╨┐╨╜╨╛╤Б╤В╤М (ARIA) > ╨┤╨╛╨╗╨╢╨╡╨╜ ╨╕╨╝╨╡╤В╤М aria-label ╨┤╨╗╤П ╨┐╨╛╨╗╨╡╨╣ ╨┤╨░╤В
@qbs-autonaim/recruitment-assistant-extension:test: (pass) EducationCard > ╨Ф╨╛╤Б╤В╤Г╨┐╨╜╨╛╤Б╤В╤М (ARIA) > ╨┤╨╛╨╗╨╢╨╡╨╜ ╨╕╨╝╨╡╤В╤М aria-live ╨┤╨╗╤П ╨╛╤В╨╛╨▒╤А╨░╨╢╨╡╨╜╨╕╤П ╨┤╨╕╨░╨┐╨░╨╖╨╛╨╜╨░ ╨┤╨░╤В [16.00ms]
@qbs-autonaim/recruitment-assistant-extension:test: (pass) EducationCard > ╨Т╨╖╨░╨╕╨╝╨╛╨┤╨╡╨╣╤Б╤В╨▓╨╕╨╡ > ╨┤╨╛╨╗╨╢╨╡╨╜ ╨▓╤Л╨╖╤Л╨▓╨░╤В╤М onEdit ╨┐╤А╨╕ ╨╕╨╖╨╝╨╡╨╜╨╡╨╜╨╕╨╕ ╤Г╤З╨╡╨▒╨╜╨╛╨│╨╛ ╨╖╨░╨▓╨╡╨┤╨╡╨╜╨╕╤П [16.00ms]
@qbs-autonaim/recruitment-assistant-extension:test: (pass) EducationCard > ╨Т╨╖╨░╨╕╨╝╨╛╨┤╨╡╨╣╤Б╤В╨▓╨╕╨╡ > ╨┤╨╛╨╗╨╢╨╡╨╜ ╨▓╤Л╨╖╤Л╨▓╨░╤В╤М onEdit ╨┐╤А╨╕ ╨╕╨╖╨╝╨╡╨╜╨╡╨╜╨╕╨╕ ╤Б╤В╨╡╨┐╨╡╨╜╨╕ [15.00ms]
@qbs-autonaim/recruitment-assistant-extension:test: (pass) EducationCard > ╨Т╨╖╨░╨╕╨╝╨╛╨┤╨╡╨╣╤Б╤В╨▓╨╕╨╡ > ╨┤╨╛╨╗╨╢╨╡╨╜ ╨▓╤Л╨╖╤Л╨▓╨░╤В╤М onEdit ╨┐╤А╨╕ ╨╕╨╖╨╝╨╡╨╜╨╡╨╜╨╕╨╕ ╤Б╨┐╨╡╤Ж╨╕╨░╨╗╤М╨╜╨╛╤Б╤В╨╕ [16.00ms]
@qbs-autonaim/recruitment-assistant-extension:test: (pass) EducationCard > ╨Т╨╖╨░╨╕╨╝╨╛╨┤╨╡╨╣╤Б╤В╨▓╨╕╨╡ > ╨┤╨╛╨╗╨╢╨╡╨╜ ╨▓╤Л╨╖╤Л╨▓╨░╤В╤М onEdit ╨┐╤А╨╕ ╨╕╨╖╨╝╨╡╨╜╨╡╨╜╨╕╨╕ ╨┤╨░╤В╤Л ╨╜╨░╤З╨░╨╗╨░ [15.00ms]
@qbs-autonaim/app:test: 344 |             spacing: config.spacingInner
@qbs-autonaim/app:test: 345 |           },
@qbs-autonaim/app:test: 346 |           config.colors
@qbs-autonaim/app:test: 347 |         );
@qbs-autonaim/app:test: 348 |   } catch (error) {
@qbs-autonaim/app:test: 349 |     throw new PrettyFormatPluginError(error.message, error.stack);
@qbs-autonaim/app:test:                                                                       ^
@qbs-autonaim/app:test: PrettyFormatPluginError: undefined is not a constructor (evaluating 'new this.window.SyntaxError(`Failed to execute 'querySelectorAll' on '${name}': '${selector}' is not a valid selector.`)')
@qbs-autonaim/app:test:       at printPlugin (C:\Projects\kwork\selectio\node_modules\pretty-format\build\index.js:349:65)
@qbs-autonaim/app:test:       at prettyDOM (C:\Projects\kwork\selectio\node_modules\@testing-library\dom\dist\pretty-dom.js:80:37)
@qbs-autonaim/app:test:       at getElementError (C:\Projects\kwork\selectio\node_modules\@testing-library\dom\dist\config.js:36:42)
@qbs-autonaim/app:test:       at onTimeout (C:\Projects\kwork\selectio\node_modules\@testing-library\dom\dist\wait-for.js:22:39)
@qbs-autonaim/app:test:       at handleTimeout (C:\Projects\kwork\selectio\node_modules\@testing-library\dom\dist\wait-for.js:156:14)
@qbs-autonaim/app:test: (fail) ArchivedVacanciesSelector > ╨┤╨╛╨╗╨╢╨╡╨╜ ╨╛╤В╨╛╨▒╤А╨░╨╢╨░╤В╤М ╤Б╨╛╨╛╨▒╤Й╨╡╨╜╨╕╨╡ ╨╡╤Б╨╗╨╕ ╨╜╨╡╤В ╨░╤А╤Е╨╕╨▓╨╜╤Л╤Е ╨▓╨░╨║╨░╨╜╤Б╨╕╨╣ [1000.00ms]
@qbs-autonaim/app:test: 
@qbs-autonaim/app:test: src\components\vacancy\components\responses\actions\response-action-buttons.test.tsx:
@qbs-autonaim/recruitment-assistant-extension:test: (pass) EducationCard > ╨Т╨╖╨░╨╕╨╝╨╛╨┤╨╡╨╣╤Б╤В╨▓╨╕╨╡ > ╨┤╨╛╨╗╨╢╨╡╨╜ ╨▓╤Л╨╖╤Л╨▓╨░╤В╤М onEdit ╨┐╤А╨╕ ╨╕╨╖╨╝╨╡╨╜╨╡╨╜╨╕╨╕ ╨┤╨░╤В╤Л ╨╛╨║╨╛╨╜╤З╨░╨╜╨╕╤П [16.00ms]
@qbs-autonaim/recruitment-assistant-extension:test: (pass) EducationCard > ╨б╤В╨╕╨╗╨╕ ╨╕ ╤А╨░╨╖╨╝╨╡╤А╤Л > ╨┤╨╛╨╗╨╢╨╡╨╜ ╨╕╨╝╨╡╤В╤М fontSize 16px ╨┤╨╗╤П ╨┐╨╛╨╗╨╡╨╣ ╨▓╨▓╨╛╨┤╨░ [16.00ms]
@qbs-autonaim/recruitment-assistant-extension:test: (pass) EducationCard > ╨б╤В╨╕╨╗╨╕ ╨╕ ╤А╨░╨╖╨╝╨╡╤А╤Л > ╨┤╨╛╨╗╨╢╨╡╨╜ ╨╕╨╝╨╡╤В╤М ╨▓╨╕╨┤╨╕╨╝╤Л╨╣ ╤Д╨╛╨║╤Г╤Б ╨╜╨░ ╨┐╨╛╨╗╤П╤Е ╨▓╨▓╨╛╨┤╨░
@qbs-autonaim/app:test: 115 |             brackets: 0,
@qbs-autonaim/app:test: 116 |             doubleApostrophe: 0,
@qbs-autonaim/app:test: 117 |             singleApostrophe: 0
@qbs-autonaim/app:test: 118 |         };
@qbs-autonaim/app:test: 119 |         const name = this.scope.nodeType === NodeTypeEnum.documentNode ? 'Document' : 'Element';
@qbs-autonaim/app:test: 120 |         const error = new this.window.SyntaxError(`Failed to execute 'querySelectorAll' on '${name}': '${selector}' is not a valid selector.`);
@qbs-autonaim/app:test:                             ^
@qbs-autonaim/app:test: TypeError: undefined is not a constructor (evaluating 'new this.window.SyntaxError(`Failed to execute 'querySelectorAll' on '${name}': '${selector}' is not a valid selector.`)')
@qbs-autonaim/app:test:       at getSelectorGroups (C:\Projects\kwork\selectio\node_modules\happy-dom\lib\query-selector\SelectorParser.js:120:23)
@qbs-autonaim/app:test:       at querySelectorAll (C:\Projects\kwork\selectio\node_modules\happy-dom\lib\query-selector\QuerySelector.js:52:62)
@qbs-autonaim/app:test:       at queryAllByRole (C:\Projects\kwork\selectio\node_modules\@testing-library\dom\dist\queries\role.js:111:31)
@qbs-autonaim/app:test:       at <anonymous> (C:\Projects\kwork\selectio\node_modules\@testing-library\dom\dist\query-helpers.js:74:17)
@qbs-autonaim/app:test:       at <anonymous> (C:\Projects\kwork\selectio\node_modules\@testing-library\dom\dist\query-helpers.js:52:17)
@qbs-autonaim/app:test:       at <anonymous> (C:\Projects\kwork\selectio\node_modules\@testing-library\dom\dist\query-helpers.js:95:19)
@qbs-autonaim/app:test:       at <anonymous> (C:\Projects\kwork\selectio\apps\app\src\components\vacancy\components\responses\actions\response-action-buttons.test.tsx:35:27)
@qbs-autonaim/app:test: (fail) ResponseActionButtons > ╨┤╨╗╤П HH ╨░╤А╤Е╨╕╨▓╨╜╨╛╨╣ ╨▓╨░╨║╨░╨╜╤Б╨╕╨╕ (isArchivedPublication=true) > ╨┤╨╛╨╗╨╢╨╡╨╜ ╨╛╤В╨╛╨▒╤А╨░╨╢╨░╤В╤М ╨║╨╜╨╛╨┐╨║╤Г '╨Ч╨░╨│╤А╤Г╨╖╨╕╤В╤М ╨░╤А╤Е╨╕╨▓╨╜╤Л╨╡ ╨╛╤В╨║╨╗╨╕╨║╨╕'
@qbs-autonaim/app:test: 115 |             brackets: 0,
@qbs-autonaim/app:test: 116 |             doubleApostrophe: 0,
@qbs-autonaim/app:test: 117 |             singleApostrophe: 0
@qbs-autonaim/app:test: 118 |         };
@qbs-autonaim/app:test: 119 |         const name = this.scope.nodeType === NodeTypeEnum.documentNode ? 'Document' : 'Element';
@qbs-autonaim/app:test: 120 |         const error = new this.window.SyntaxError(`Failed to execute 'querySelectorAll' on '${name}': '${selector}' is not a valid selector.`);
@qbs-autonaim/app:test:                             ^
@qbs-autonaim/app:test: TypeError: undefined is not a constructor (evaluating 'new this.window.SyntaxError(`Failed to execute 'querySelectorAll' on '${name}': '${selector}' is not a valid selector.`)')
@qbs-autonaim/app:test:       at getSelectorGroups (C:\Projects\kwork\selectio\node_modules\happy-dom\lib\query-selector\SelectorParser.js:120:23)
@qbs-autonaim/app:test:       at querySelectorAll (C:\Projects\kwork\selectio\node_modules\happy-dom\lib\query-selector\QuerySelector.js:52:62)
@qbs-autonaim/app:test:       at queryAllByText (C:\Projects\kwork\selectio\node_modules\@testing-library\dom\dist\queries\text.js:29:49)
@qbs-autonaim/app:test:       at <anonymous> (C:\Projects\kwork\selectio\node_modules\@testing-library\dom\dist\query-helpers.js:74:17)
@qbs-autonaim/app:test:       at <anonymous> (C:\Projects\kwork\selectio\node_modules\@testing-library\dom\dist\query-helpers.js:52:17)
@qbs-autonaim/app:test:       at <anonymous> (C:\Projects\kwork\selectio\node_modules\@testing-library\dom\dist\query-helpers.js:95:19)
@qbs-autonaim/app:test:       at <anonymous> (C:\Projects\kwork\selectio\apps\app\src\components\vacancy\components\responses\actions\response-action-buttons.test.tsx:56:32)
@qbs-autonaim/app:test: (fail) ResponseActionButtons > ╨┤╨╗╤П HH ╨░╤А╤Е╨╕╨▓╨╜╨╛╨╣ ╨▓╨░╨║╨░╨╜╤Б╨╕╨╕ (isArchivedPublication=true) > ╨┤╨╛╨╗╨╢╨╡╨╜ ╨╛╤В╨╛╨▒╤А╨░╨╢╨░╤В╤М '╨Ч╨░╨│╤А╤Г╨╖╨║╨░...' ╨┐╤А╨╕ isSyncingArchived=true [15.00ms]
@qbs-autonaim/app:test: 115 |             brackets: 0,
@qbs-autonaim/app:test: 116 |             doubleApostrophe: 0,
@qbs-autonaim/app:test: 117 |             singleApostrophe: 0
@qbs-autonaim/app:test: 118 |         };
@qbs-autonaim/app:test: 119 |         const name = this.scope.nodeType === NodeTypeEnum.documentNode ? 'Document' : 'Element';
@qbs-autonaim/app:test: 120 |         const error = new this.window.SyntaxError(`Failed to execute 'querySelectorAll' on '${name}': '${selector}' is not a valid selector.`);
@qbs-autonaim/app:test:                             ^
@qbs-autonaim/app:test: TypeError: undefined is not a constructor (evaluating 'new this.window.SyntaxError(`Failed to execute 'querySelectorAll' on '${name}': '${selector}' is not a valid selector.`)')
@qbs-autonaim/app:test:       at getSelectorGroups (C:\Projects\kwork\selectio\node_modules\happy-dom\lib\query-selector\SelectorParser.js:120:23)
@qbs-autonaim/app:test:       at querySelectorAll (C:\Projects\kwork\selectio\node_modules\happy-dom\lib\query-selector\QuerySelector.js:52:62)
@qbs-autonaim/app:test:       at queryAllByRole (C:\Projects\kwork\selectio\node_modules\@testing-library\dom\dist\queries\role.js:111:31)
@qbs-autonaim/app:test:       at <anonymous> (C:\Projects\kwork\selectio\node_modules\@testing-library\dom\dist\query-helpers.js:74:17)
@qbs-autonaim/app:test:       at <anonymous> (C:\Projects\kwork\selectio\node_modules\@testing-library\dom\dist\query-helpers.js:52:17)
@qbs-autonaim/app:test:       at <anonymous> (C:\Projects\kwork\selectio\node_modules\@testing-library\dom\dist\query-helpers.js:95:19)
@qbs-autonaim/app:test:       at <anonymous> (C:\Projects\kwork\selectio\apps\app\src\components\vacancy\components\responses\actions\response-action-buttons.test.tsx:74:40)
@qbs-autonaim/app:test: (fail) ResponseActionButtons > ╨┤╨╗╤П HH ╨░╤А╤Е╨╕╨▓╨╜╨╛╨╣ ╨▓╨░╨║╨░╨╜╤Б╨╕╨╕ (isArchivedPublication=true) > ╨┤╨╛╨╗╨╢╨╡╨╜ ╨▓╤Л╨╖╤Л╨▓╨░╤В╤М onSyncArchivedDialogOpen ╨┐╤А╨╕ ╨║╨╗╨╕╨║╨╡ ╨╜╨░ ╨║╨╜╨╛╨┐╨║╤Г ╨╖╨░╨│╤А╤Г╨╖╨║╨╕ ╨░╤А╤Е╨╕╨▓╨╜╤Л╤Е
@qbs-autonaim/app:test: 115 |             brackets: 0,
@qbs-autonaim/app:test: 116 |             doubleApostrophe: 0,
@qbs-autonaim/app:test: 117 |             singleApostrophe: 0
@qbs-autonaim/app:test: 118 |         };
@qbs-autonaim/app:test: 119 |         const name = this.scope.nodeType === NodeTypeEnum.documentNode ? 'Document' : 'Element';
@qbs-autonaim/app:test: 120 |         const error = new this.window.SyntaxError(`Failed to execute 'querySelectorAll' on '${name}': '${selector}' is not a valid selector.`);
@qbs-autonaim/app:test:                             ^
@qbs-autonaim/app:test: TypeError: undefined is not a constructor (evaluating 'new this.window.SyntaxError(`Failed to execute 'querySelectorAll' on '${name}': '${selector}' is not a valid selector.`)')
@qbs-autonaim/app:test:       at getSelectorGroups (C:\Projects\kwork\selectio\node_modules\happy-dom\lib\query-selector\SelectorParser.js:120:23)
@qbs-autonaim/app:test:       at querySelectorAll (C:\Projects\kwork\selectio\node_modules\happy-dom\lib\query-selector\QuerySelector.js:52:62)
@qbs-autonaim/app:test:       at queryAllByRole (C:\Projects\kwork\selectio\node_modules\@testing-library\dom\dist\queries\role.js:111:31)
@qbs-autonaim/app:test:       at <anonymous> (C:\Projects\kwork\selectio\node_modules\@testing-library\dom\dist\query-helpers.js:74:17)
@qbs-autonaim/app:test:       at <anonymous> (C:\Projects\kwork\selectio\node_modules\@testing-library\dom\dist\query-helpers.js:52:17)
@qbs-autonaim/app:test:       at <anonymous> (C:\Projects\kwork\selectio\node_modules\@testing-library\dom\dist\query-helpers.js:95:19)
@qbs-autonaim/app:test:       at <anonymous> (C:\Projects\kwork\selectio\apps\app\src\components\vacancy\components\responses\actions\response-action-buttons.test.tsx:97:40)
@qbs-autonaim/app:test: (fail) ResponseActionButtons > ╨┤╨╗╤П HH ╨░╤А╤Е╨╕╨▓╨╜╨╛╨╣ ╨▓╨░╨║╨░╨╜╤Б╨╕╨╕ (isArchivedPublication=true) > ╨┤╨╛╨╗╨╢╨╡╨╜ ╨╛╤В╨║╨╗╤О╤З╨░╤В╤М ╨║╨╜╨╛╨┐╨║╤Г ╨┐╤А╨╕ isSyncingArchived=true
@qbs-autonaim/recruitment-assistant-extension:test: (pass) EducationCard > ╨Ъ╨╗╨░╨▓╨╕╨░╤В╤Г╤А╨╜╨░╤П ╨╜╨░╨▓╨╕╨│╨░╤Ж╨╕╤П > ╨┤╨╛╨╗╨╢╨╡╨╜ ╨┐╨╛╨┤╨┤╨╡╤А╨╢╨╕╨▓╨░╤В╤М ╨╜╨░╨▓╨╕╨│╨░╤Ж╨╕╤О Tab ╨╝╨╡╨╢╨┤╤Г ╨┐╨╛╨╗╤П╨╝╨╕ [31.00ms]
@qbs-autonaim/app:test: 115 |             brackets: 0,
@qbs-autonaim/app:test: 116 |             doubleApostrophe: 0,
@qbs-autonaim/app:test: 117 |             singleApostrophe: 0
@qbs-autonaim/app:test: 118 |         };
@qbs-autonaim/app:test: 119 |         const name = this.scope.nodeType === NodeTypeEnum.documentNode ? 'Document' : 'Element';
@qbs-autonaim/app:test: 120 |         const error = new this.window.SyntaxError(`Failed to execute 'querySelectorAll' on '${name}': '${selector}' is not a valid selector.`);
@qbs-autonaim/app:test:                             ^
@qbs-autonaim/app:test: TypeError: undefined is not a constructor (evaluating 'new this.window.SyntaxError(`Failed to execute 'querySelectorAll' on '${name}': '${selector}' is not a valid selector.`)')
@qbs-autonaim/app:test:       at getSelectorGroups (C:\Projects\kwork\selectio\node_modules\happy-dom\lib\query-selector\SelectorParser.js:120:23)
@qbs-autonaim/app:test:       at querySelectorAll (C:\Projects\kwork\selectio\node_modules\happy-dom\lib\query-selector\QuerySelector.js:52:62)
@qbs-autonaim/app:test:       at queryAllByRole (C:\Projects\kwork\selectio\node_modules\@testing-library\dom\dist\queries\role.js:111:31)
@qbs-autonaim/app:test:       at <anonymous> (C:\Projects\kwork\selectio\node_modules\@testing-library\dom\dist\query-helpers.js:74:17)
@qbs-autonaim/app:test:       at <anonymous> (C:\Projects\kwork\selectio\node_modules\@testing-library\dom\dist\query-helpers.js:52:17)
@qbs-autonaim/app:test:       at <anonymous> (C:\Projects\kwork\selectio\node_modules\@testing-library\dom\dist\query-helpers.js:95:19)
@qbs-autonaim/app:test:       at <anonymous> (C:\Projects\kwork\selectio\apps\app\src\components\vacancy\components\responses\actions\response-action-buttons.test.tsx:122:27)
@qbs-autonaim/app:test: (fail) ResponseActionButtons > ╨┤╨╗╤П HH ╨░╨║╤В╨╕╨▓╨╜╨╛╨╣ ╨▓╨░╨║╨░╨╜╤Б╨╕╨╕ (isArchivedPublication=false) > ╨┤╨╛╨╗╨╢╨╡╨╜ ╨╛╤В╨╛╨▒╤А╨░╨╢╨░╤В╤М ╨║╨╜╨╛╨┐╨║╤Г '╨Ю╨▒╨╜╨╛╨▓╨╕╤В╤М ╨╛╤В╨║╨╗╨╕╨║╨╕' ╨▓╨╝╨╡╤Б╤В╨╛ '╨Ч╨░╨│╤А╤Г╨╖╨╕╤В╤М ╨░╤А╤Е╨╕╨▓╨╜╤Л╨╡' [16.00ms]
@qbs-autonaim/app:test: 
@qbs-autonaim/app:test: src\components\vacancy\components\responses\hooks\0-use-sync-archived-subscription.test.ts:
@qbs-autonaim/recruitment-assistant-extension:test: (pass) EducationCard > ╨Ы╨╛╨║╨░╨╗╨╕╨╖╨░╤Ж╨╕╤П > ╨┤╨╛╨╗╨╢╨╡╨╜ ╨╕╤Б╨┐╨╛╨╗╤М╨╖╨╛╨▓╨░╤В╤М ╤А╤Г╤Б╤Б╨║╨╕╨╣ ╤П╨╖╤Л╨║ ╨▒╨╡╨╖ ╨░╨╜╨│╨╗╨╕╤Ж╨╕╨╖╨╝╨╛╨▓ [16.00ms]
@qbs-autonaim/recruitment-assistant-extension:test: (pass) EducationCard > ╨Ы╨╛╨║╨░╨╗╨╕╨╖╨░╤Ж╨╕╤П > ╨┤╨╛╨╗╨╢╨╡╨╜ ╨╕╤Б╨┐╨╛╨╗╤М╨╖╨╛╨▓╨░╤В╤М ╨┐╤А╨░╨▓╨╕╨╗╤М╨╜╤Л╨╣ ╤Д╨╛╤А╨╝╨░╤В ╨┤╨╕╨░╨┐╨░╨╖╨╛╨╜╨░ ╨┤╨░╤В ╤Б ╤В╨╕╤А╨╡ [15.00ms]
@qbs-autonaim/app:test: (pass) useSyncArchivedSubscription > ╨┤╨╛╨╗╨╢╨╡╨╜ ╨▓╤Л╨╖╤Л╨▓╨░╤В╤М onMessage ╨┐╤А╨╕ ╨┐╨╛╨╗╤Г╤З╨╡╨╜╨╕╨╕ progress ╤Б╨╛╨╛╨▒╤Й╨╡╨╜╨╕╤П [31.00ms]
@qbs-autonaim/recruitment-assistant-extension:test: (pass) EducationCard > ╨Ы╨╛╨║╨░╨╗╨╕╨╖╨░╤Ж╨╕╤П > ╨┤╨╛╨╗╨╢╨╡╨╜ ╨╕╤Б╨┐╨╛╨╗╤М╨╖╨╛╨▓╨░╤В╤М ╨║╨╛╤А╤А╨╡╨║╤В╨╜╤Л╨╡ ╨┐╨╗╨╡╨╣╤Б╤Е╨╛╨╗╨┤╨╡╤А╤Л ╨┤╨╗╤П ╨│╨╛╨┤╨╛╨▓ [31.00ms]
@qbs-autonaim/recruitment-assistant-extension:test: 
@qbs-autonaim/recruitment-assistant-extension:test: src\content\ui\experience-card.test.tsx:
@qbs-autonaim/app:test: (pass) useSyncArchivedSubscription > ╨┤╨╛╨╗╨╢╨╡╨╜ ╨▓╤Л╨╖╤Л╨▓╨░╤В╤М onStatusChange ╨┐╤А╨╕ ╨┐╨╛╨╗╤Г╤З╨╡╨╜╨╕╨╕ result ╤Б╨╛╨╛╨▒╤Й╨╡╨╜╨╕╤П [31.00ms]
@qbs-autonaim/recruitment-assistant-extension:test: 54 |       const elementStrings = els.map(element => getElementError(null, element).message).join('\n\n');
@qbs-autonaim/recruitment-assistant-extension:test: 55 |       throw getMultipleElementsFoundError(`${getMultipleError(container, ...args)}
@qbs-autonaim/recruitment-assistant-extension:test: 56 | 
@qbs-autonaim/recruitment-assistant-extension:test: 57 | Here are the matching elements:
@qbs-autonaim/recruitment-assistant-extension:test: 58 | 
@qbs-autonaim/recruitment-assistant-extension:test: 59 | ${elementStrings}`, container);
@qbs-autonaim/recruitment-assistant-extension:test:                                   ^
@qbs-autonaim/recruitment-assistant-extension:test: TestingLibraryElementError: Found multiple elements with the text: Senior Developer
@qbs-autonaim/recruitment-assistant-extension:test: 
@qbs-autonaim/recruitment-assistant-extension:test: Here are the matching elements:
@qbs-autonaim/recruitment-assistant-extension:test: 
@qbs-autonaim/recruitment-assistant-extension:test: Ignored nodes: comments, script, style
@qbs-autonaim/recruitment-assistant-extension:test: [36m<div[39m
@qbs-autonaim/recruitment-assistant-extension:test:   [33mclass[39m=[32m"text-body-medium"[39m
@qbs-autonaim/recruitment-assistant-extension:test: [36m>[39m
@qbs-autonaim/recruitment-assistant-extension:test:   [0mSenior Developer[0m
@qbs-autonaim/recruitment-assistant-extension:test: [36m</div>[39m
@qbs-autonaim/recruitment-assistant-extension:test: 
@qbs-autonaim/recruitment-assistant-extension:test: Ignored nodes: comments, script, style
@qbs-autonaim/recruitment-assistant-extension:test: [36m<span[39m
@qbs-autonaim/recruitment-assistant-extension:test:   [33maria-hidden[39m=[32m"true"[39m
@qbs-autonaim/recruitment-assistant-extension:test: [36m>[39m
@qbs-autonaim/recruitment-assistant-extension:test:   [0mSenior Developer[0m
@qbs-autonaim/recruitment-assistant-extension:test: [36m</span>[39m
@qbs-autonaim/recruitment-assistant-extension:test: 
@qbs-autonaim/recruitment-assistant-extension:test: Ignored nodes: comments, script, style
@qbs-autonaim/recruitment-assistant-extension:test: [36m<div[39m
@qbs-autonaim/recruitment-assistant-extension:test:   [33mstyle[39m=[32m"padding: 8px 12px; font-size: 14px; color: #1f2937; background-color: #f9fafb; border-radius: 6px; min-height: auto; white-space: nowrap; overflow: hidden; text-overflow: ellipsis; flex-grow: 1; flex-shrink: 1; flex-basis: 0%;"[39m
@qbs-autonaim/recruitment-assistant-extension:test: [36m>[39m
@qbs-autonaim/recruitment-assistant-extension:test:   [0mSenior Developer[0m
@qbs-autonaim/recruitment-assistant-extension:test: [36m</div>[39m
@qbs-autonaim/recruitment-assistant-extension:test: 
@qbs-autonaim/recruitment-assistant-extension:test: (If this is intentional, then use the `*AllBy*` variant of the query (like `queryAllByText`, `getAllByText`, or `findAllByText`)).
@qbs-autonaim/recruitment-assistant-extension:test: 
@qbs-autonaim/recruitment-assistant-extension:test: Ignored nodes: comments, script, style
@qbs-autonaim/recruitment-assistant-extension:test: [36m<body>[39m
@qbs-autonaim/recruitment-assistant-extension:test:   [0m
@qbs-autonaim/recruitment-assistant-extension:test:         [0m
@qbs-autonaim/recruitment-assistant-extension:test:   [36m<h1[39m
@qbs-autonaim/recruitment-assistant-extension:test:     [33mclass[39m=[32m"text-heading-xlarge"[39m
@qbs-autonaim/recruitment-assistant-extension:test:   [36m>[39m
@qbs-autonaim/recruitment-assistant-extension:test:     [0m╨Ш╨▓╨░╨╜ ╨Ш╨▓╨░╨╜╨╛╨▓[0m
@qbs-autonaim/recruitment-assistant-extension:test:   [36m</h1>[39m
@qbs-autonaim/recruitment-assistant-extension:test:   [0m
@qbs-autonaim/recruitment-assistant-extension:test:         [0m
@qbs-autonaim/recruitment-assistant-extension:test:   [36m<div[39m
@qbs-autonaim/recruitment-assistant-extension:test:     [33mclass[39m=[32m"text-body-medium"[39m
@qbs-autonaim/recruitment-assistant-extension:test:   [36m>[39m
@qbs-autonaim/recruitment-assistant-extension:test:     [0mSenior Developer[0m
@qbs-autonaim/recruitment-assistant-extension:test:   [36m</div>[39m
@qbs-autonaim/recruitment-assistant-extension:test:   [0m
@qbs-autonaim/recruitment-assistant-extension:test:         [0m
@qbs-autonaim/recruitment-assistant-extension:test:   [36m<span[39m
@qbs-autonaim/recruitment-assistant-extension:test:     [33mclass[39m=[32m"text-body-small inline"[39m
@qbs-autonaim/recruitment-assistant-extension:test:   [36m>[39m
@qbs-autonaim/recruitment-assistant-extension:test:     [0m╨Ь╨╛╤Б╨║╨▓╨░, ╨а╨╛╤Б╤Б╨╕╤П[0m
@qbs-autonaim/recruitment-assistant-extension:test:   [36m</span>[39m
@qbs-autonaim/recruitment-assistant-extension:test:   [0m
@qbs-autonaim/recruitment-assistant-extension:test:         [0m
@qbs-autonaim/recruitment-assistant-extension:test:   [36m<img[39m
@qbs-autonaim/recruitment-assistant-extension:test:     [33mclass[39m=[32m"pv-top-card-profile-picture__image"[39m
@qbs-autonaim/recruitment-assistant-extension:test:     [33msrc[39m=[32m"https://example.com/photo.jpg"[39m
@qbs-autonaim/recruitment-assistant-extension:test:   [36m/>[39m
@qbs-autonaim/recruitment-assistant-extension:test:   [0m
@qbs-autonaim/recruitment-assistant-extension:test:         
@qbs-autonaim/recruitment-assistant-extension:test:         [0m
@qbs-autonaim/recruitment-assistant-extension:test:   [36m<section[39m
@qbs-autonaim/recruitment-assistant-extension:test:     [33mid[39m=[32m"experience"[39m
@qbs-autonaim/recruitment-assistant-extension:test:   [36m>[39m
@qbs-autonaim/recruitment-assistant-extension:test:     [0m
@qbs-autonaim/recruitment-assistant-extension:test:           [0m
@qbs-autonaim/recruitment-assistant-extension:test:     [36m<ul>[39m
@qbs-autonaim/recruitment-assistant-extension:test:       [0m
@qbs-autonaim/recruitment-assistant-extension:test:             [0m
@qbs-autonaim/recruitment-assistant-extension:test:       [36m<li[39m
@qbs-autonaim/recruitment-assistant-extension:test:         [33mclass[39m=[32m"artdeco-list__item"[39m
@qbs-autonaim/recruitment-assistant-extension:test:       [36m>[39m
@qbs-autonaim/recruitment-assistant-extension:test:         [0m
@qbs-autonaim/recruitment-assistant-extension:test:               [0m
@qbs-autonaim/recruitment-assistant-extension:test:         [36m<div[39m
@qbs-autonaim/recruitment-assistant-extension:test:           [33mclass[39m=[32m"display-flex"[39m
@qbs-autonaim/recruitment-assistant-extension:test:         [36m>[39m
@qbs-autonaim/recruitment-assistant-extension:test:           [0m
@qbs-autonaim/recruitment-assistant-extension:test:                 [0m
@qbs-autonaim/recruitment-assistant-extension:test:           [36m<span[39m
@qbs-autonaim/recruitment-assistant-extension:test:             [33maria-hidden[39m=[32m"true"[39m
@qbs-autonaim/recruitment-assistant-extension:test:           [36m>[39m
@qbs-autonaim/recruitment-assistant-extension:test:             [0mSenior Developer[0m
@qbs-autonaim/recruitment-assistant-extension:test:           [36m</span>[39m
@qbs-autonaim/recruitment-assistant-extension:test:           [0m
@qbs-autonaim/recruitment-assistant-extension:test:               [0m
@qbs-autonaim/recruitment-assistant-extension:test:         [36m</div>[39m
@qbs-autonaim/recruitment-assistant-extension:test:         [0m
@qbs-autonaim/recruitment-assistant-extension:test:               [0m
@qbs-autonaim/recruitment-assistant-extension:test:         [36m<span[39m
@qbs-autonaim/recruitment-assistant-extension:test:           [33mclass[39m=[32m"t-14 t-normal"[39m
@qbs-autonaim/recruitment-assistant-extension:test:         [36m>[39m
@qbs-autonaim/recruitment-assistant-extension:test:           [0m
@qbs-autonaim/recruitment-assistant-extension:test:                 [0m
@qbs-autonaim/recruitment-assistant-extension:test:           [36m<span[39m
@qbs-autonaim/recruitment-assistant-extension:test:             [33maria-hidden[39m=[32m"true"[39m
@qbs-autonaim/recruitment-assistant-extension:test:           [36m>[39m
@qbs-autonaim/recruitment-assistant-extension:test:             [0mTech Company[0m
@qbs-autonaim/recruitment-assistant-extension:test:           [36m</span>[39m
@qbs-autonaim/recruitment-assistant-extension:test:           [0m
@qbs-autonaim/recruitment-assistant-extension:test:               [0m
@qbs-autonaim/recruitment-assistant-extension:test:         [36m</span>[39m
@qbs-autonaim/recruitment-assistant-extension:test:         [0m
@qbs-autonaim/recruitment-assistant-extension:test:               [0m
@qbs-autonaim/recruitment-assistant-extension:test:         [36m<span[39m
@qbs-autonaim/recruitment-assistant-extension:test:           [33mclass[39m=[32m"t-14 t-normal t-black--light"[39m
@qbs-autonaim/recruitment-assistant-extension:test:         [36m>[39m
@qbs-autonaim/recruitment-assistant-extension:test:           [0m
@qbs-autonaim/recruitment-assistant-extension:test:                 [0m
@qbs-autonaim/recruitment-assistant-extension:test:           [36m<span[39m
@qbs-autonaim/recruitment-assistant-extension:test:             [33maria-hidden[39m=[32m"true"[39m
@qbs-autonaim/recruitment-assistant-extension:test:           [36m>[39m
@qbs-autonaim/recruitment-assistant-extension:test:             [0m2020 тАУ ╨┐╨╛ ╨╜╨░╤Б╤В╨╛╤П╤Й╨╡╨╡ ╨▓╤А╨╡╨╝╤П[0m
@qbs-autonaim/recruitment-assistant-extension:test:           [36m</span>[39m
@qbs-autonaim/recruitment-assistant-extension:test:           [0m
@qbs-autonaim/recruitment-assistant-extension:test:               [0m
@qbs-autonaim/recruitment-assistant-extension:test:         [36m</span>[39m
@qbs-autonaim/recruitment-assistant-extension:test:         [0m
@qbs-autonaim/recruitment-assistant-extension:test:               [0m
@qbs-autonaim/recruitment-assistant-extension:test:         [36m<div[39m
@qbs-autonaim/recruitment-assistant-extension:test:           [33mclass[39m=[32m"display-flex full-width"[39m
@qbs-autonaim/recruitment-assistant-extension:test:         [36m>[39m
@qbs-autonaim/recruitment-assistant-extension:test:           [0m
@qbs-autonaim/recruitment-assistant-extension:test:                 [0m
@qbs-autonaim/recruitment-assistant-extension:test:           [36m<span[39m
@qbs-autonaim/recruitment-assistant-extension:test:             [33maria-hidden[39m=[32m"true"[39m
@qbs-autonaim/recruitment-assistant-extension:test:           [36m>[39m
@qbs-autonaim/recruitment-assistant-extension:test:             [0m╨а╨░╨╖╤А╨░╨▒╨╛╤В╨║╨░[0m
@qbs-autonaim/recruitment-assistant-extension:test:           [36m</span>[39m
@qbs-autonaim/recruitment-assistant-extension:test:           [0m
@qbs-autonaim/recruitment-assistant-extension:test:               [0m
@qbs-autonaim/recruitment-assistant-extension:test:         [36m</div>[39m
@qbs-autonaim/recruitment-assistant-extension:test:         [0m
@qbs-autonaim/recruitment-assistant-extension:test:             [0m
@qbs-autonaim/recruitment-assistant-extension:test:       [36m</li>[39m
@qbs-autonaim/recruitment-assistant-extension:test:       [0m
@qbs-autonaim/recruitment-assistant-extension:test:           [0m
@qbs-autonaim/recruitment-assistant-extension:test:     [36m</ul>[39m
@qbs-autonaim/recruitment-assistant-extension:test:     [0m
@qbs-autonaim/recruitment-assistant-extension:test:         [0m
@qbs-autonaim/recruitment-assistant-extension:test:   [36m</section>[39m
@qbs-autonaim/recruitment-assistant-extension:test:   [0m
@qbs-autonaim/recruitment-assistant-extension:test:         
@qbs-autonaim/recruitment-assistant-extension:test:         [0m
@qbs-autonaim/recruitment-assistant-extension:test:   [36m<section[39m
@qbs-autonaim/recruitment-assistant-extension:test:     [33mid[39m=[32m"education"[39m
@qbs-autonaim/recruitment-assistant-extension:test:   [36m>[39m
@qbs-autonaim/recruitment-assistant-extension:test:     [0m
@qbs-autonaim/recruitment-assistant-extension:test:           [0m
@qbs-autonaim/recruitment-assistant-extension:test:     [36m<ul>[39m
@qbs-autonaim/recruitment-assistant-extension:test:       [0m
@qbs-autonaim/recruitment-assistant-extension:test:             [0m
@qbs-autonaim/recruitment-assistant-extension:test:       [36m<li[39m
@qbs-autonaim/recruitment-assistant-extension:test:         [33mclass[39m=[32m"artdeco-list__item"[39m
@qbs-autonaim/recruitment-assistant-extension:test:       [36m>[39m
@qbs-autonaim/recruitment-assistant-extension:test:         [0m
@qbs-autonaim/recruitment-assistant-extension:test:               [0m
@qbs-autonaim/recruitment-assistant-extension:test:         [36m<div[39m
@qbs-autonaim/recruitment-assistant-extension:test:           [33mclass[39m=[32m"display-flex"[39m
@qbs-autonaim/recruitment-assistant-extension:test:         [36m>[39m
@qbs-autonaim/recruitment-assistant-extension:test:           [0m
@qbs-autonaim/recruitment-assistant-extension:test:                 [0m
@qbs-autonaim/recruitment-assistant-extension:test:           [36m<span[39m
@qbs-autonaim/recruitment-assistant-extension:test:             [33maria-hidden[39m=[32m"true"[39m
@qbs-autonaim/recruitment-assistant-extension:test:           [36m>[39m
@qbs-autonaim/recruitment-assistant-extension:test:             [0m╨Ь╨У╨г[0m
@qbs-autonaim/recruitment-assistant-extension:test:           [36m</span>[39m
@qbs-autonaim/recruitment-assistant-extension:test:           [0m
@qbs-autonaim/recruitment-assistant-extension:test:               [0m
@qbs-autonaim/recruitment-assistant-extension:test:         [36m</div>[39m
@qbs-autonaim/recruitment-assistant-extension:test:         [0m
@qbs-autonaim/recruitment-assistant-extension:test:               [0m
@qbs-autonaim/recruitment-assistant-extension:test:         [36m<span[39m
@qbs-autonaim/recruitment-assistant-extension:test:           [33mclass[39m=[32m"t-14 t-normal"[39m
@qbs-autonaim/recruitment-assistant-extension:test:         [36m>[39m
@qbs-autonaim/recruitment-assistant-extension:test:           [0m
@qbs-autonaim/recruitment-assistant-extension:test:                 [0m
@qbs-autonaim/recruitment-assistant-extension:test:           [36m<span[39m
@qbs-autonaim/recruitment-assistant-extension:test:             [33maria-hidden[39m=[32m"true"[39m
@qbs-autonaim/recruitment-assistant-extension:test:           [36m>[39m
@qbs-autonaim/recruitment-assistant-extension:test:             [0m╨С╨░╨║╨░╨╗╨░╨▓╤А[0m
@qbs-autonaim/recruitment-assistant-extension:test:           [36m</span>[39m
@qbs-autonaim/recruitment-assistant-extension:test:           [0m
@qbs-autonaim/recruitment-assistant-extension:test:               [0m
@qbs-autonaim/recruitment-assistant-extension:test:         [36m</span>[39m
@qbs-autonaim/recruitment-assistant-extension:test:         [0m
@qbs-autonaim/recruitment-assistant-extension:test:               [0m
@qbs-autonaim/recruitment-assistant-extension:test:         [36m<span[39m
@qbs-autonaim/recruitment-assistant-extension:test:           [33mclass[39m=[32m"t-14 t-normal t-black--light"[39m
@qbs-autonaim/recruitment-assistant-extension:test:         [36m>[39m
@qbs-autonaim/recruitment-assistant-extension:test:           [0m
@qbs-autonaim/recruitment-assistant-extension:test:                 [0m
@qbs-autonaim/recruitment-assistant-extension:test:           [36m<span[39m
@qbs-autonaim/recruitment-assistant-extension:test:             [33maria-hidden[39m=[32m"true"[39m
@qbs-autonaim/recruitment-assistant-extension:test:           [36m>[39m
@qbs-autonaim/recruitment-assistant-extension:test:             [0m╨Ш╨╜╤Д╨╛╤А╨╝╨░╤В╨╕╨║╨░[0m
@qbs-autonaim/recruitment-assistant-extension:test:           [36m</span>[39m
@qbs-autonaim/recruitment-assistant-extension:test:           [0m
@qbs-autonaim/recruitment-assistant-extension:test:               [0m
@qbs-autonaim/recruitment-assistant-extension:test:         [36m</span>[39m
@qbs-autonaim/recruitment-assistant-extension:test:         [0m
@qbs-autonaim/recruitment-assistant-extension:test:               [0m
@qbs-autonaim/recruitment-assistant-extension:test:         [36m<span[39m
@qbs-autonaim/recruitment-assistant-extension:test:           [33mclass[39m=[32m"t-14 t-normal t-black--light"[39m
@qbs-autonaim/recruitment-assistant-extension:test:         [36m>[39m
@qbs-autonaim/recruitment-assistant-extension:test:           [0m
@qbs-autonaim/recruitment-assistant-extension:test:                 [0m
@qbs-autonaim/recruitment-assistant-extension:test:           [36m<span[39m
@qbs-autonaim/recruitment-assistant-extension:test:             [33maria-hidden[39m=[32m"true"[39m
@qbs-autonaim/recruitment-assistant-extension:test:           [36m>[39m
@qbs-autonaim/recruitment-assistant-extension:test:             [0m2015 тАУ 2019[0m
@qbs-autonaim/recruitment-assistant-extension:test:           [36m</span>[39m
@qbs-autonaim/recruitment-assistant-extension:test:           [0m
@qbs-autonaim/recruitment-assistant-extension:test:               [0m
@qbs-autonaim/recruitment-assistant-extension:test:         [36m</span>[39m
@qbs-autonaim/recruitment-assistant-extension:test:         [0m
@qbs-autonaim/recruitment-assistant-extension:test:             [0m
@qbs-autonaim/app:test: (pass) useSyncArchivedSubscription > ╨┤╨╛╨╗╨╢╨╡╨╜ ╨▓╤Л╨╖╤Л╨▓╨░╤В╤М onStatusChange ╤Б error ╨┐╤А╨╕ ╨┐╨╛╨╗╤Г╤З╨╡╨╜╨╕╨╕ ╨╛╤И╨╕╨▒╨║╨╕ ╨▓ progress [31.00ms]
@qbs-autonaim/recruitment-assistant-extension:test:       [36m</li>[39m
@qbs-autonaim/recruitment-assistant-extension:test:       [0m
@qbs-autonaim/recruitment-assistant-extension:test:           [0m
@qbs-autonaim/recruitment-assistant-extension:test:     [36m</ul>[39m
@qbs-autonaim/recruitment-assistant-extension:test:     [0m
@qbs-autonaim/recruitment-assistant-extension:test:         [0m
@qbs-autonaim/recruitment-assistant-extension:test:   [36m</section>[39m
@qbs-autonaim/recruitment-assistant-extension:test:   [0m
@qbs-autonaim/recruitment-assistant-extension:test:         
@qbs-autonaim/recruitment-assistant-extension:test:         [0m
@qbs-autonaim/recruitment-assistant-extension:test:   [36m<section[39m
@qbs-autonaim/recruitment-assistant-extension:test:     [33mid[39m=[32m"skills"[39m
@qbs-autonaim/recruitment-assistant-extension:test:   [36m>[39m
@qbs-autonaim/recruitment-assistant-extension:test:     [0m
@qbs-autonaim/recruitment-assistant-extension:test:           [0m
@qbs-autonaim/recruitment-assistant-extension:test:     [36m<span[39m
@qbs-autonaim/recruitment-assistant-extension:test:       [33maria-hidden[39m=[32m"true"[39m
@qbs-autonaim/recruitment-assistant-extension:test:     [36m>[39m
@qbs-autonaim/recruitment-assistant-extension:test:       [0mTypeScript[0m
@qbs-autonaim/recruitment-assistant-extension:test:     [36m</span>[39m
@qbs-autonaim/recruitment-assistant-extension:test:     [0m
@qbs-autonaim/recruitment-assistant-extension:test:           [0m
@qbs-autonaim/recruitment-assistant-extension:test:     [36m<span[39m
@qbs-autonaim/recruitment-assistant-extension:test:       [33maria-hidden[39m=[32m"true"[39m
@qbs-autonaim/recruitment-assistant-extension:test:     [36m>[39m
@qbs-autonaim/recruitment-assistant-extension:test:       [0mReact[0m
@qbs-autonaim/recruitment-assistant-extension:test:     [36m</span>[39m
@qbs-autonaim/recruitment-assistant-extension:test:     [0m
@qbs-autonaim/recruitment-assistant-extension:test:         [0m
@qbs-autonaim/recruitment-assistant-extension:test:   [36m</section>[39m
@qbs-autonaim/recruitment-assistant-extension:test:   [0m
@qbs-autonaim/recruitment-assistant-extension:test:         
@qbs-autonaim/recruitment-assistant-extension:test:         [0m
@qbs-autonaim/recruitment-assistant-extension:test:   [36m<section[39m
@qbs-autonaim/recruitment-assistant-extension:test:     [33mclass[39m=[32m"pv-contact-info"[39m
@qbs-autonaim/recruitment-assistant-extension:test:   [36m>[39m
@qbs-autonaim/recruitment-assistant-extension:test:     [0m
@qbs-autonaim/recruitment-assistant-extension:test:           [0m
@qbs-autonaim/recruitment-assistant-extension:test:     [36m<a[39m
@qbs-autonaim/recruitment-assistant-extension:test:       [33mhref[39m=[32m"mailto:ivan@example.com"[39m
@qbs-autonaim/recruitment-assistant-extension:test:     [36m>[39m
@qbs-autonaim/recruitment-assistant-extension:test:       [0mEmail[0m
@qbs-autonaim/recruitment-assistant-extension:test:     [36m</a>[39m
@qbs-autonaim/recruitment-assistant-extension:test:     [0m
@qbs-autonaim/recruitment-assistant-extension:test:           [0m
@qbs-autonaim/recruitment-assistant-extension:test:     [36m<span[39m
@qbs-autonaim/recruitment-assistant-extension:test:       [33mclass[39m=[32m"t-14 t-black t-normal"[39m
@qbs-autonaim/recruitment-assistant-extension:test:     [36m>[39m
@qbs-autonaim/recruitment-assistant-extension:test:       [0m+7 (999) 123-45-67[0m
@qbs-autonaim/recruitment-assistant-extension:test:     [36m</span>[39m
@qbs-autonaim/recruitment-assistant-extension:test:     [0m
@qbs-autonaim/recruitment-assistant-extension:test:         [0m
@qbs-autonaim/recruitment-assistant-extension:test:   [36m</section>[39m
@qbs-autonaim/recruitment-assistant-extension:test:   [0m
@qbs-autonaim/recruitment-assistant-extension:test:       [0m
@qbs-autonaim/recruitment-assistant-extension:test:   [36m<div>[39m
@qbs-autonaim/recruitment-assistant-extension:test:     [36m<article[39m
@qbs-autonaim/recruitment-assistant-extension:test:       [33maria-label[39m=[32m"╨Ю╨┐╤Л╤В ╤А╨░╨▒╨╛╤В╤Л: Senior Developer ╨▓ Tech Corp"[39m
@qbs-autonaim/recruitment-assistant-extension:test:       [33mstyle[39m=[32m"padding: 16px; background-color: white; border: 1px solid #e5e7eb; border-radius: 8px; margin-bottom: 12px;"[39m
@qbs-autonaim/recruitment-assistant-extension:test:     [36m>[39m
@qbs-autonaim/recruitment-assistant-extension:test:       [36m<div[39m
@qbs-autonaim/recruitment-assistant-extension:test:         [33mstyle[39m=[32m"margin-bottom: 16px; display: flex; flex-direction: column; gap: 4px;"[39m
@qbs-autonaim/recruitment-assistant-extension:test:       [36m>[39m
@qbs-autonaim/recruitment-assistant-extension:test:         [36m<label[39m
@qbs-autonaim/recruitment-assistant-extension:test:           [33mfor[39m=[32m"_r_9l_"[39m
@qbs-autonaim/recruitment-assistant-extension:test:           [33mstyle[39m=[32m"font-size: 14px; font-weight: 500; color: #374151;"[39m
@qbs-autonaim/recruitment-assistant-extension:test:         [36m>[39m
@qbs-autonaim/recruitment-assistant-extension:test:           [0m╨Ф╨╛╨╗╨╢╨╜╨╛╤Б╤В╤М[0m
@qbs-autonaim/recruitment-assistant-extension:test:         [36m</label>[39m
@qbs-autonaim/recruitment-assistant-extension:test:         [36m<div[39m
@qbs-autonaim/recruitment-assistant-extension:test:           [33mstyle[39m=[32m"display: flex; align-items: center; gap: 8px;"[39m
@qbs-autonaim/recruitment-assistant-extension:test:         [36m>[39m
@qbs-autonaim/recruitment-assistant-extension:test:           [36m<div[39m
@qbs-autonaim/recruitment-assistant-extension:test:             [33mstyle[39m=[32m"padding: 8px 12px; font-size: 14px; color: #1f2937; background-color: #f9fafb; border-radius: 6px; min-height: auto; white-space: nowrap; overflow: hidden; text-overflow: ellipsis; flex-grow: 1; flex-shrink: 1; flex-basis: 0%;"[39m
@qbs-autonaim/recruitment-assistant-extension:test:           [36m>[39m
@qbs-autonaim/recruitment-assistant-extension:test:             [0mSenior Developer[0m
@qbs-autonaim/recruitment-assistant-extension:test:           [36m</div>[39m
@qbs-autonaim/recruitment-assistant-extension:test:           [36m<button[39m
@qbs-autonaim/recruitment-assistant-extension:test:             [33maria-label[39m=[32m"╨а╨╡╨┤╨░╨║╤В╨╕╤А╨╛╨▓╨░╤В╤М ╨Ф╨╛╨╗╨╢╨╜╨╛╤Б╤В╤М"[39m
@qbs-autonaim/recruitment-assistant-extension:test:             [33mclass[39m=[32m"ra-editable-field-btn ra-editable-field-btn--outline"[39m
@qbs-autonaim/recruitment-assistant-extension:test:             [33mstyle[39m=[32m"min-width: 44px; min-height: 44px; padding: 8px 12px; background-color: white; color: #3b82f6; border: 1px solid #3b82f6; border-radius: 6px; font-size: 14px; font-weight: 500; cursor: pointer; touch-action: manipulation;"[39m
@qbs-autonaim/recruitment-assistant-extension:test:             [33mtype[39m=[32m"button"[39m
@qbs-autonaim/recruitment-assistant-extension:test:           [36m>[39m
@qbs-autonaim/recruitment-assistant-extension:test:             [0m╨Ш╨╖╨╝╨╡╨╜╨╕╤В╤М[0m
@qbs-autonaim/recruitment-assistant-extension:test:           [36m</button>[39m
@qbs-autonaim/recruitment-assistant-extension:test:         [36m</div>[39m
@qbs-autonaim/recruitment-assistant-extension:test:       [36m</div>[39m
@qbs-autonaim/recruitment-assistant-extension:test:       [36m<div[39m
@qbs-autonaim/recruitment-assistant-extension:test:         [33mstyle[39m=[32m"margin-bottom: 16px; display: flex; flex-direction: column; gap: 4px;"[39m
@qbs-autonaim/recruitment-assistant-extension:test:       [36m>[39m
@qbs-autonaim/recruitment-assistant-extension:test:         [36m<label[39m
@qbs-autonaim/recruitment-assistant-extension:test:           [33mfor[39m=[32m"_r_9m_"[39m
@qbs-autonaim/recruitment-assistant-extension:test:           [33mstyle[39m=[32m"font-size: 14px; font-weight: 500; color: #374151;"[39m
@qbs-autonaim/recruitment-assistant-extension:test:         [36m>[39m
@qbs-autonaim/recruitment-assistant-extension:test:           [0m╨Ъ╨╛╨╝╨┐╨░╨╜╨╕╤П[0m
@qbs-autonaim/recruitment-assistant-extension:test:         [36m</label>[39m
@qbs-autonaim/recruitment-assistant-extension:test:         [36m<div[39m
@qbs-autonaim/recruitment-assistant-extension:test:           [33mstyle[39m=[32m"display: flex; align-items: center; gap: 8px;"[39m
@qbs-autonaim/recruitment-assistant-extension:test:         [36m>[39m
@qbs-autonaim/recruitment-assistant-extension:test:           [36m<div[39m
@qbs-autonaim/recruitment-assistant-extension:test:             [33mstyle[39m=[32m"padding: 8px 12px; font-size: 14px; color: #1f2937; background-color: #f9fafb; border-radius: 6px; min-height: auto; white-space: nowrap; overflow: hidden; text-overflow: ellipsis; flex-grow: 1; flex-shrink: 1; flex-basis: 0%;"[39m
@qbs-autonaim/recruitment-assistant-extension:test:           [36m>[39m
@qbs-autonaim/recruitment-assistant-extension:test:             [0mTech Corp[0m
@qbs-autonaim/recruitment-assistant-extension:test:           [36m</div>[39m
@qbs-autonaim/recruitment-assistant-extension:test:           [36m<button[39m
@qbs-autonaim/recruitment-assistant-extension:test:             [33maria-label[39m=[32m"╨а╨╡╨┤╨░╨║╤В╨╕╤А╨╛╨▓╨░╤В╤М ╨Ъ╨╛╨╝╨┐╨░╨╜╨╕╤П"[39m
@qbs-autonaim/recruitment-assistant-extension:test:             [33mclass[39m=[32m"ra-editable-field-btn ra-editable-field-btn--outline"[39m
@qbs-autonaim/recruitment-assistant-extension:test:             [33mstyle[39m=[32m"min-width: 44px; min-height: 44px; padding: 8px 12px; background-color: white; color: #3b82f6; border: 1px solid #3b82f6; border-radius: 6px; font-size: 14px; font-weight: 500; cursor: pointer; touch-action: manipulation;"[39m
@qbs-autonaim/recruitment-assistant-extension:test:             [33mtype[39m=[32m"button"[39m
@qbs-autonaim/recruitment-assistant-extension:test:           [36m>[39m
@qbs-autonaim/recruitment-assistant-extension:test:             [0m╨Ш╨╖╨╝╨╡╨╜╨╕╤В╤М[0m
@qbs-autonaim/recruitment-assistant-extension:test:           [36m</button>[39m
@qbs-autonaim/recruitment-assistant-extension:test:         [36m</div>[39m
@qbs-autonaim/recruitment-assistant-extension:test:       [36m</div>[39m
@qbs-autonaim/recruitment-assistant-extension:test:       [36m<div[39m
@qbs-autonaim/recruitment-assistant-extension:test:         [33mstyle[39m=[32m"margin-bottom: 16px;"[39m
@qbs-autonaim/recruitment-assistant-extension:test:       [36m>[39m
@qbs-autonaim/recruitment-assistant-extension:test:         [36m<div[39m
@qbs-autonaim/recruitment-assistant-extension:test:           [33mstyle[39m=[32m"font-size: 14px; font-weight: 500; color: #374151; margin-bottom: 4px;"[39m
@qbs-autonaim/recruitment-assistant-extension:test:         [36m>[39m
@qbs-autonaim/recruitment-assistant-extension:test:           [0m╨Я╨╡╤А╨╕╨╛╨┤ ╤А╨░╨▒╨╛╤В╤Л[0m
@qbs-autonaim/recruitment-assistant-extension:test:         [36m</div>[39m
@qbs-autonaim/recruitment-assistant-extension:test:         [36m<div[39m
@qbs-autonaim/recruitment-assistant-extension:test:           [33mstyle[39m=[32m"display: grid; grid-template-columns: 1fr 1fr; gap: 12px;"[39m
@qbs-autonaim/recruitment-assistant-extension:test:         [36m>[39m
@qbs-autonaim/recruitment-assistant-extension:test:           [36m<div>[39m
@qbs-autonaim/recruitment-assistant-extension:test:             [36m<label[39m
@qbs-autonaim/recruitment-assistant-extension:test:               [33mfor[39m=[32m"start-Tech Corp"[39m
@qbs-autonaim/recruitment-assistant-extension:test:               [33mstyle[39m=[32m"font-size: 12px; color: #6b7280; display: block; margin-bottom: 4px;"[39m
@qbs-autonaim/recruitment-assistant-extension:test:             [36m>[39m
@qbs-autonaim/recruitment-assistant-extension:test:               [0m╨Э╨░╤З╨░╨╗╨╛[0m
@qbs-autonaim/recruitment-assistant-extension:test:             [36m</label>[39m
@qbs-autonaim/recruitment-assistant-extension:test:             [36m<input[39m
@qbs-autonaim/recruitment-assistant-extension:test:               [33maria-label[39m=[32m"╨Ф╨░╤В╨░ ╨╜╨░╤З╨░╨╗╨░ ╤А╨░╨▒╨╛╤В╤Л"[39m
@qbs-autonaim/recruitment-assistant-extension:test:               [33mid[39m=[32m"start-Tech Corp"[39m
@qbs-autonaim/recruitment-assistant-extension:test:               [33mplaceholder[39m=[32m"╨п╨╜╨▓╨░╤А╤М 2020"[39m
@qbs-autonaim/recruitment-assistant-extension:test:               [33mstyle[39m=[32m"width: 100%; padding: 8px 12px; font-size: 16px; border: 1px solid #d1d5db; border-radius: 6px; outline-color: none; outline-style: none; outline-width: initial;"[39m
@qbs-autonaim/recruitment-assistant-extension:test:               [33mtype[39m=[32m"text"[39m
@qbs-autonaim/recruitment-assistant-extension:test:               [33mvalue[39m=[32m"╨п╨╜╨▓╨░╤А╤М 2020"[39m
@qbs-autonaim/recruitment-assistant-extension:test:             [36m/>[39m
@qbs-autonaim/recruitment-assistant-extension:test:           [36m</div>[39m
@qbs-autonaim/recruitment-assistant-extension:test:           [36m<div>[39m
@qbs-autonaim/recruitment-assistant-extension:test:             [36m<label[39m
@qbs-autonaim/recruitment-assistant-extension:test:               [33mfor[39m=[32m"end-Tech Corp"[39m
@qbs-autonaim/recruitment-assistant-extension:test:               [33mstyle[39m=[32m"font-size: 12px; color: #6b7280; display: block; margin-bottom: 4px;"[39m
@qbs-autonaim/recruitment-assistant-extension:test:             [36m>[39m
@qbs-autonaim/recruitment-assistant-extension:test:               [0m╨Ю╨║╨╛╨╜╤З╨░╨╜╨╕╨╡[0m
@qbs-autonaim/recruitment-assistant-extension:test:             [36m</label>[39m
@qbs-autonaim/recruitment-assistant-extension:test:             [36m<input[39m
@qbs-autonaim/recruitment-assistant-extension:test:               [33maria-label[39m=[32m"╨Ф╨░╤В╨░ ╨╛╨║╨╛╨╜╤З╨░╨╜╨╕╤П ╤А╨░╨▒╨╛╤В╤Л"[39m
@qbs-autonaim/recruitment-assistant-extension:test:               [33mid[39m=[32m"end-Tech Corp"[39m
@qbs-autonaim/recruitment-assistant-extension:test:               [33mplaceholder[39m=[32m"╨Я╨╛ ╨╜╨░╤Б╤В╨╛╤П╤Й╨╡╨╡ ╨▓╤А╨╡╨╝╤П"[39m
@qbs-autonaim/recruitment-assistant-extension:test:               [33mstyle[39m=[32m"width: 100%; padding: 8px 12px; font-size: 16px; border: 1px solid #d1d5db; border-radius: 6px; outline-color: none; outline-style: none; outline-width: initial;"[39m
@qbs-autonaim/recruitment-assistant-extension:test:               [33mtype[39m=[32m"text"[39m
@qbs-autonaim/recruitment-assistant-extension:test:               [33mvalue[39m=[32m""[39m
@qbs-autonaim/recruitment-assistant-extension:test:             [36m/>[39m
@qbs-autonaim/recruitment-assistant-extension:test:           [36m</div>[39m
@qbs-autonaim/recruitment-assistant-extension:test:         [36m</div>[39m
@qbs-autonaim/recruitment-assistant-extension:test:         [36m<div[39m
@qbs-autonaim/recruitment-assistant-extension:test:           [33maria-live[39m=[32m"polite"[39m
@qbs-autonaim/recruitment-assistant-extension:test:           [33mstyle[39m=[32m"font-size: 12px; color: #6b7280; margin-top: 4px;"[39m
@qbs-autonaim/recruitment-assistant-extension:test:         [36m>[39m
@qbs-autonaim/recruitment-assistant-extension:test:           [0m╨п╨╜╨▓╨░╤А╤М 2020 тАФ ╨┐╨╛ ╨╜╨░╤Б╤В╨╛╤П╤Й╨╡╨╡ ╨▓╤А╨╡╨╝╤П[0m
@qbs-autonaim/recruitment-assistant-extension:test:         [36m</div>[39m
@qbs-autonaim/recruitment-assistant-extension:test:       [36m</div>[39m
@qbs-autonaim/recruitment-assistant-extension:test:       [36m<div[39m
@qbs-autonaim/recruitment-assistant-extension:test:         [33mstyle[39m=[32m"margin-bottom: 16px; display: flex; flex-direction: column; gap: 4px;"[39m
@qbs-autonaim/recruitment-assistant-extension:test:       [36m>[39m
@qbs-autonaim/recruitment-assistant-extension:test:         [36m<label[39m
@qbs-autonaim/recruitment-assistant-extension:test:           [33mfor[39m=[32m"_r_9n_"[39m
@qbs-autonaim/recruitment-assistant-extension:test:           [33mstyle[39m=[32m"font-size: 14px; font-weight: 500; color: #374151;"[39m
@qbs-autonaim/recruitment-assistant-extension:test:         [36m>[39m
@qbs-autonaim/recruitment-assistant-extension:test:           [0m╨Ю╨┐╨╕╤Б╨░╨╜╨╕╨╡ ╨╛╨▒╤П╨╖╨░╨╜╨╜╨╛╤Б╤В╨╡╨╣[0m
@qbs-autonaim/recruitment-assistant-extension:test:         [36m</label>[39m
@qbs-autonaim/recruitment-assistant-extension:test:         [36m<div[39m
@qbs-autonaim/recruitment-assistant-extension:test:           [33mstyle[39m=[32m"display: flex; align-items: center; gap: 8px;"[39m
@qbs-autonaim/recruitment-assistant-extension:test:         [36m>[39m
@qbs-autonaim/recruitment-assistant-extension:test:           [36m<div[39m
@qbs-autonaim/recruitment-assistant-extension:test:             [33mstyle[39m=[32m"padding: 8px 12px; font-size: 14px; color: #1f2937; background-color: #f9fafb; border-radius: 6px; min-height: 80px; white-space: pre-wrap; overflow: hidden; text-overflow: ellipsis; flex-grow: 1; flex-shrink: 1; flex-basis: 0%;"[39m
@qbs-autonaim/recruitment-assistant-extension:test:           [36m>[39m
@qbs-autonaim/recruitment-assistant-extension:test:             [0m╨а╨░╨╖╤А╨░╨▒╨╛╤В╨║╨░ ╨▓╨╡╨▒-╨┐╤А╨╕╨╗╨╛╨╢╨╡╨╜╨╕╨╣[0m
@qbs-autonaim/recruitment-assistant-extension:test:           [36m</div>[39m
@qbs-autonaim/recruitment-assistant-extension:test:           [36m<button[39m
@qbs-autonaim/recruitment-assistant-extension:test:             [33maria-label[39m=[32m"╨а╨╡╨┤╨░╨║╤В╨╕╤А╨╛╨▓╨░╤В╤М ╨Ю╨┐╨╕╤Б╨░╨╜╨╕╨╡ ╨╛╨▒╤П╨╖╨░╨╜╨╜╨╛╤Б╤В╨╡╨╣"[39m
@qbs-autonaim/recruitment-assistant-extension:test:             [33mclass[39m=[32m"ra-editable-field-btn ra-editable-field-btn--outline"[39m
@qbs-autonaim/recruitment-assistant-extension:test:             [33mstyle[39m=[32m"min-width: 44px; min-height: 44px; padding: 8px 12px; background-color: white; color: #3b82f6; border: 1px solid #3b82f6; border-radius: 6px; font-size: 14px; font-weight: 500; cursor: pointer; touch-action: manipulation;"[39m
@qbs-autonaim/recruitment-assistant-extension:test:             [33mtype[39m=[32m"button"[39m
@qbs-autonaim/recruitment-assistant-extension:test:           [36m>[39m
@qbs-autonaim/recruitment-assistant-extension:test:             [0m╨Ш╨╖╨╝╨╡╨╜╨╕╤В╤М[0m
@qbs-autonaim/recruitment-assistant-extension:test:           [36m</button>[39m
@qbs-autonaim/recruitment-assistant-extension:test:         [36m</div>[39m
@qbs-autonaim/recruitment-assistant-extension:test:       [36m</div>[39m
@qbs-autonaim/recruitment-assistant-extension:test:     [36m</article>[39m
@qbs-autonaim/recruitment-assistant-extension:test:   [36m</div>[39m
@qbs-autonaim/recruitment-assistant-extension:test: [36m</body>[39m
@qbs-autonaim/recruitment-assistant-extension:test:       at <anonymous> (C:\Projects\kwork\selectio\node_modules\@testing-library\dom\dist\query-helpers.js:59:30)
@qbs-autonaim/recruitment-assistant-extension:test:       at <anonymous> (C:\Projects\kwork\selectio\node_modules\@testing-library\dom\dist\query-helpers.js:95:19)
@qbs-autonaim/recruitment-assistant-extension:test:       at <anonymous> (C:\Projects\kwork\selectio\apps\recruitment-assistant-extension\src\content\ui\experience-card.test.tsx:23:21)
@qbs-autonaim/recruitment-assistant-extension:test: (fail) ExperienceCard > ╨а╨╡╨╜╨┤╨╡╤А╨╕╨╜╨│ > ╨┤╨╛╨╗╨╢╨╡╨╜ ╨╛╤В╨╛╨▒╤А╨░╨╢╨░╤В╤М ╨┤╨╛╨╗╨╢╨╜╨╛╤Б╤В╤М [15.00ms]
@qbs-autonaim/recruitment-assistant-extension:test: (pass) ExperienceCard > ╨а╨╡╨╜╨┤╨╡╤А╨╕╨╜╨│ > ╨┤╨╛╨╗╨╢╨╡╨╜ ╨╛╤В╨╛╨▒╤А╨░╨╢╨░╤В╤М ╨║╨╛╨╝╨┐╨░╨╜╨╕╤О [16.00ms]
@qbs-autonaim/recruitment-assistant-extension:test: (pass) ExperienceCard > ╨а╨╡╨╜╨┤╨╡╤А╨╕╨╜╨│ > ╨┤╨╛╨╗╨╢╨╡╨╜ ╨╛╤В╨╛╨▒╤А╨░╨╢╨░╤В╤М ╨╛╨┐╨╕╤Б╨░╨╜╨╕╨╡ [16.00ms]
@qbs-autonaim/app:test: (pass) useSyncArchivedSubscription > ╨┤╨╛╨╗╨╢╨╡╨╜ ╨╛╨▒╤А╨░╨▒╨░╤В╤Л╨▓╨░╤В╤М ╨╜╨╡╨▓╨░╨╗╨╕╨┤╨╜╤Л╨╡ ╨┤╨░╨╜╨╜╤Л╨╡ ╨▓ progress [32.00ms]
@qbs-autonaim/recruitment-assistant-extension:test: (pass) ExperienceCard > ╨а╨╡╨╜╨┤╨╡╤А╨╕╨╜╨│ > ╨┤╨╛╨╗╨╢╨╡╨╜ ╨╛╤В╨╛╨▒╤А╨░╨╢╨░╤В╤М ╨┤╨░╤В╤Л ╤А╨░╨▒╨╛╤В╤Л
@qbs-autonaim/recruitment-assistant-extension:test: 54 |       const elementStrings = els.map(element => getElementError(null, element).message).join('\n\n');
@qbs-autonaim/recruitment-assistant-extension:test: 55 |       throw getMultipleElementsFoundError(`${getMultipleError(container, ...args)}
@qbs-autonaim/recruitment-assistant-extension:test: 56 | 
@qbs-autonaim/recruitment-assistant-extension:test: 57 | Here are the matching elements:
@qbs-autonaim/recruitment-assistant-extension:test: 58 | 
@qbs-autonaim/recruitment-assistant-extension:test: 59 | ${elementStrings}`, container);
@qbs-autonaim/recruitment-assistant-extension:test:                                   ^
@qbs-autonaim/app:test: (pass) useSyncArchivedSubscription > ╨┤╨╛╨╗╨╢╨╡╨╜ ╨╛╨▒╤А╨░╨▒╨░╤В╤Л╨▓╨░╤В╤М ╨╜╨╡╨▓╨░╨╗╨╕╨┤╨╜╤Л╨╡ ╨┤╨░╨╜╨╜╤Л╨╡ ╨▓ result [15.00ms]
@qbs-autonaim/recruitment-assistant-extension:test: TestingLibraryElementError: Found multiple elements with the text: /\u043F\u043E \u043D\u0430\u0441\u0442\u043E\u044F\u0449\u0435\u0435 \u0432\u0440\u0435\u043C\u044F/
@qbs-autonaim/recruitment-assistant-extension:test: 
@qbs-autonaim/recruitment-assistant-extension:test: Here are the matching elements:
@qbs-autonaim/recruitment-assistant-extension:test: 
@qbs-autonaim/recruitment-assistant-extension:test: Ignored nodes: comments, script, style
@qbs-autonaim/recruitment-assistant-extension:test: [36m<span[39m
@qbs-autonaim/recruitment-assistant-extension:test:   [33maria-hidden[39m=[32m"true"[39m
@qbs-autonaim/recruitment-assistant-extension:test: [36m>[39m
@qbs-autonaim/recruitment-assistant-extension:test:   [0m2020 тАУ ╨┐╨╛ ╨╜╨░╤Б╤В╨╛╤П╤Й╨╡╨╡ ╨▓╤А╨╡╨╝╤П[0m
@qbs-autonaim/recruitment-assistant-extension:test: [36m</span>[39m
@qbs-autonaim/recruitment-assistant-extension:test: 
@qbs-autonaim/recruitment-assistant-extension:test: Ignored nodes: comments, script, style
@qbs-autonaim/recruitment-assistant-extension:test: [36m<div[39m
@qbs-autonaim/recruitment-assistant-extension:test:   [33maria-live[39m=[32m"polite"[39m
@qbs-autonaim/recruitment-assistant-extension:test:   [33mstyle[39m=[32m"font-size: 12px; color: #6b7280; margin-top: 4px;"[39m
@qbs-autonaim/recruitment-assistant-extension:test: [36m>[39m
@qbs-autonaim/recruitment-assistant-extension:test:   [0m╨п╨╜╨▓╨░╤А╤М 2020 тАФ ╨┐╨╛ ╨╜╨░╤Б╤В╨╛╤П╤Й╨╡╨╡ ╨▓╤А╨╡╨╝╤П[0m
@qbs-autonaim/recruitment-assistant-extension:test: [36m</div>[39m
@qbs-autonaim/recruitment-assistant-extension:test: 
@qbs-autonaim/recruitment-assistant-extension:test: (If this is intentional, then use the `*AllBy*` variant of the query (like `queryAllByText`, `getAllByText`, or `findAllByText`)).
@qbs-autonaim/recruitment-assistant-extension:test: 
@qbs-autonaim/recruitment-assistant-extension:test: Ignored nodes: comments, script, style
@qbs-autonaim/recruitment-assistant-extension:test: [36m<body>[39m
@qbs-autonaim/recruitment-assistant-extension:test:   [0m
@qbs-autonaim/recruitment-assistant-extension:test:         [0m
@qbs-autonaim/recruitment-assistant-extension:test:   [36m<h1[39m
@qbs-autonaim/recruitment-assistant-extension:test:     [33mclass[39m=[32m"text-heading-xlarge"[39m
@qbs-autonaim/recruitment-assistant-extension:test:   [36m>[39m
@qbs-autonaim/recruitment-assistant-extension:test:     [0m╨Ш╨▓╨░╨╜ ╨Ш╨▓╨░╨╜╨╛╨▓[0m
@qbs-autonaim/recruitment-assistant-extension:test:   [36m</h1>[39m
@qbs-autonaim/recruitment-assistant-extension:test:   [0m
@qbs-autonaim/recruitment-assistant-extension:test:         [0m
@qbs-autonaim/recruitment-assistant-extension:test:   [36m<div[39m
@qbs-autonaim/recruitment-assistant-extension:test:     [33mclass[39m=[32m"text-body-medium"[39m
@qbs-autonaim/recruitment-assistant-extension:test:   [36m>[39m
@qbs-autonaim/recruitment-assistant-extension:test:     [0mSenior Developer[0m
@qbs-autonaim/recruitment-assistant-extension:test:   [36m</div>[39m
@qbs-autonaim/recruitment-assistant-extension:test:   [0m
@qbs-autonaim/recruitment-assistant-extension:test:         [0m
@qbs-autonaim/recruitment-assistant-extension:test:   [36m<span[39m
@qbs-autonaim/recruitment-assistant-extension:test:     [33mclass[39m=[32m"text-body-small inline"[39m
@qbs-autonaim/recruitment-assistant-extension:test:   [36m>[39m
@qbs-autonaim/recruitment-assistant-extension:test:     [0m╨Ь╨╛╤Б╨║╨▓╨░, ╨а╨╛╤Б╤Б╨╕╤П[0m
@qbs-autonaim/recruitment-assistant-extension:test:   [36m</span>[39m
@qbs-autonaim/recruitment-assistant-extension:test:   [0m
@qbs-autonaim/recruitment-assistant-extension:test:         [0m
@qbs-autonaim/recruitment-assistant-extension:test:   [36m<img[39m
@qbs-autonaim/recruitment-assistant-extension:test:     [33mclass[39m=[32m"pv-top-card-profile-picture__image"[39m
@qbs-autonaim/recruitment-assistant-extension:test:     [33msrc[39m=[32m"https://example.com/photo.jpg"[39m
@qbs-autonaim/recruitment-assistant-extension:test:   [36m/>[39m
@qbs-autonaim/recruitment-assistant-extension:test:   [0m
@qbs-autonaim/recruitment-assistant-extension:test:         
@qbs-autonaim/recruitment-assistant-extension:test:         [0m
@qbs-autonaim/recruitment-assistant-extension:test:   [36m<section[39m
@qbs-autonaim/recruitment-assistant-extension:test:     [33mid[39m=[32m"experience"[39m
@qbs-autonaim/recruitment-assistant-extension:test:   [36m>[39m
@qbs-autonaim/recruitment-assistant-extension:test:     [0m
@qbs-autonaim/recruitment-assistant-extension:test:           [0m
@qbs-autonaim/recruitment-assistant-extension:test:     [36m<ul>[39m
@qbs-autonaim/recruitment-assistant-extension:test:       [0m
@qbs-autonaim/recruitment-assistant-extension:test:             [0m
@qbs-autonaim/recruitment-assistant-extension:test:       [36m<li[39m
@qbs-autonaim/recruitment-assistant-extension:test:         [33mclass[39m=[32m"artdeco-list__item"[39m
@qbs-autonaim/recruitment-assistant-extension:test:       [36m>[39m
@qbs-autonaim/recruitment-assistant-extension:test:         [0m
@qbs-autonaim/recruitment-assistant-extension:test:               [0m
@qbs-autonaim/recruitment-assistant-extension:test:         [36m<div[39m
@qbs-autonaim/recruitment-assistant-extension:test:           [33mclass[39m=[32m"display-flex"[39m
@qbs-autonaim/recruitment-assistant-extension:test:         [36m>[39m
@qbs-autonaim/recruitment-assistant-extension:test:           [0m
@qbs-autonaim/recruitment-assistant-extension:test:                 [0m
@qbs-autonaim/recruitment-assistant-extension:test:           [36m<span[39m
@qbs-autonaim/recruitment-assistant-extension:test:             [33maria-hidden[39m=[32m"true"[39m
@qbs-autonaim/recruitment-assistant-extension:test:           [36m>[39m
@qbs-autonaim/recruitment-assistant-extension:test:             [0mSenior Developer[0m
@qbs-autonaim/recruitment-assistant-extension:test:           [36m</span>[39m
@qbs-autonaim/recruitment-assistant-extension:test:           [0m
@qbs-autonaim/recruitment-assistant-extension:test:               [0m
@qbs-autonaim/recruitment-assistant-extension:test:         [36m</div>[39m
@qbs-autonaim/recruitment-assistant-extension:test:         [0m
@qbs-autonaim/recruitment-assistant-extension:test:               [0m
@qbs-autonaim/recruitment-assistant-extension:test:         [36m<span[39m
@qbs-autonaim/recruitment-assistant-extension:test:           [33mclass[39m=[32m"t-14 t-normal"[39m
@qbs-autonaim/recruitment-assistant-extension:test:         [36m>[39m
@qbs-autonaim/recruitment-assistant-extension:test:           [0m
@qbs-autonaim/recruitment-assistant-extension:test:                 [0m
@qbs-autonaim/recruitment-assistant-extension:test:           [36m<span[39m
@qbs-autonaim/recruitment-assistant-extension:test:             [33maria-hidden[39m=[32m"true"[39m
@qbs-autonaim/recruitment-assistant-extension:test:           [36m>[39m
@qbs-autonaim/recruitment-assistant-extension:test:             [0mTech Company[0m
@qbs-autonaim/recruitment-assistant-extension:test:           [36m</span>[39m
@qbs-autonaim/recruitment-assistant-extension:test:           [0m
@qbs-autonaim/recruitment-assistant-extension:test:               [0m
@qbs-autonaim/recruitment-assistant-extension:test:         [36m</span>[39m
@qbs-autonaim/recruitment-assistant-extension:test:         [0m
@qbs-autonaim/recruitment-assistant-extension:test:               [0m
@qbs-autonaim/recruitment-assistant-extension:test:         [36m<span[39m
@qbs-autonaim/recruitment-assistant-extension:test:           [33mclass[39m=[32m"t-14 t-normal t-black--light"[39m
@qbs-autonaim/recruitment-assistant-extension:test:         [36m>[39m
@qbs-autonaim/recruitment-assistant-extension:test:           [0m
@qbs-autonaim/recruitment-assistant-extension:test:                 [0m
@qbs-autonaim/recruitment-assistant-extension:test:           [36m<span[39m
@qbs-autonaim/recruitment-assistant-extension:test:             [33maria-hidden[39m=[32m"true"[39m
@qbs-autonaim/recruitment-assistant-extension:test:           [36m>[39m
@qbs-autonaim/recruitment-assistant-extension:test:             [0m2020 тАУ ╨┐╨╛ ╨╜╨░╤Б╤В╨╛╤П╤Й╨╡╨╡ ╨▓╤А╨╡╨╝╤П[0m
@qbs-autonaim/recruitment-assistant-extension:test:           [36m</span>[39m
@qbs-autonaim/recruitment-assistant-extension:test:           [0m
@qbs-autonaim/recruitment-assistant-extension:test:               [0m
@qbs-autonaim/recruitment-assistant-extension:test:         [36m</span>[39m
@qbs-autonaim/recruitment-assistant-extension:test:         [0m
@qbs-autonaim/recruitment-assistant-extension:test:               [0m
@qbs-autonaim/recruitment-assistant-extension:test:         [36m<div[39m
@qbs-autonaim/recruitment-assistant-extension:test:           [33mclass[39m=[32m"display-flex full-width"[39m
@qbs-autonaim/recruitment-assistant-extension:test:         [36m>[39m
@qbs-autonaim/recruitment-assistant-extension:test:           [0m
@qbs-autonaim/recruitment-assistant-extension:test:                 [0m
@qbs-autonaim/recruitment-assistant-extension:test:           [36m<span[39m
@qbs-autonaim/recruitment-assistant-extension:test:             [33maria-hidden[39m=[32m"true"[39m
@qbs-autonaim/recruitment-assistant-extension:test:           [36m>[39m
@qbs-autonaim/recruitment-assistant-extension:test:             [0m╨а╨░╨╖╤А╨░╨▒╨╛╤В╨║╨░[0m
@qbs-autonaim/recruitment-assistant-extension:test:           [36m</span>[39m
@qbs-autonaim/recruitment-assistant-extension:test:           [0m
@qbs-autonaim/recruitment-assistant-extension:test:               [0m
@qbs-autonaim/recruitment-assistant-extension:test:         [36m</div>[39m
@qbs-autonaim/recruitment-assistant-extension:test:         [0m
@qbs-autonaim/recruitment-assistant-extension:test:             [0m
@qbs-autonaim/recruitment-assistant-extension:test:       [36m</li>[39m
@qbs-autonaim/recruitment-assistant-extension:test:       [0m
@qbs-autonaim/recruitment-assistant-extension:test:           [0m
@qbs-autonaim/recruitment-assistant-extension:test:     [36m</ul>[39m
@qbs-autonaim/recruitment-assistant-extension:test:     [0m
@qbs-autonaim/recruitment-assistant-extension:test:         [0m
@qbs-autonaim/recruitment-assistant-extension:test:   [36m</section>[39m
@qbs-autonaim/recruitment-assistant-extension:test:   [0m
@qbs-autonaim/recruitment-assistant-extension:test:         
@qbs-autonaim/recruitment-assistant-extension:test:         [0m
@qbs-autonaim/recruitment-assistant-extension:test:   [36m<section[39m
@qbs-autonaim/recruitment-assistant-extension:test:     [33mid[39m=[32m"education"[39m
@qbs-autonaim/recruitment-assistant-extension:test:   [36m>[39m
@qbs-autonaim/recruitment-assistant-extension:test:     [0m
@qbs-autonaim/recruitment-assistant-extension:test:           [0m
@qbs-autonaim/recruitment-assistant-extension:test:     [36m<ul>[39m
@qbs-autonaim/recruitment-assistant-extension:test:       [0m
@qbs-autonaim/recruitment-assistant-extension:test:             [0m
@qbs-autonaim/recruitment-assistant-extension:test:       [36m<li[39m
@qbs-autonaim/recruitment-assistant-extension:test:         [33mclass[39m=[32m"artdeco-list__item"[39m
@qbs-autonaim/recruitment-assistant-extension:test:       [36m>[39m
@qbs-autonaim/recruitment-assistant-extension:test:         [0m
@qbs-autonaim/recruitment-assistant-extension:test:               [0m
@qbs-autonaim/recruitment-assistant-extension:test:         [36m<div[39m
@qbs-autonaim/recruitment-assistant-extension:test:           [33mclass[39m=[32m"display-flex"[39m
@qbs-autonaim/recruitment-assistant-extension:test:         [36m>[39m
@qbs-autonaim/recruitment-assistant-extension:test:           [0m
@qbs-autonaim/recruitment-assistant-extension:test:                 [0m
@qbs-autonaim/recruitment-assistant-extension:test:           [36m<span[39m
@qbs-autonaim/recruitment-assistant-extension:test:             [33maria-hidden[39m=[32m"true"[39m
@qbs-autonaim/recruitment-assistant-extension:test:           [36m>[39m
@qbs-autonaim/recruitment-assistant-extension:test:             [0m╨Ь╨У╨г[0m
@qbs-autonaim/recruitment-assistant-extension:test:           [36m</span>[39m
@qbs-autonaim/recruitment-assistant-extension:test:           [0m
@qbs-autonaim/recruitment-assistant-extension:test:               [0m
@qbs-autonaim/recruitment-assistant-extension:test:         [36m</div>[39m
@qbs-autonaim/recruitment-assistant-extension:test:         [0m
@qbs-autonaim/recruitment-assistant-extension:test:               [0m
@qbs-autonaim/recruitment-assistant-extension:test:         [36m<span[39m
@qbs-autonaim/recruitment-assistant-extension:test:           [33mclass[39m=[32m"t-14 t-normal"[39m
@qbs-autonaim/recruitment-assistant-extension:test:         [36m>[39m
@qbs-autonaim/recruitment-assistant-extension:test:           [0m
@qbs-autonaim/recruitment-assistant-extension:test:                 [0m
@qbs-autonaim/recruitment-assistant-extension:test:           [36m<span[39m
@qbs-autonaim/recruitment-assistant-extension:test:             [33maria-hidden[39m=[32m"true"[39m
@qbs-autonaim/recruitment-assistant-extension:test:           [36m>[39m
@qbs-autonaim/recruitment-assistant-extension:test:             [0m╨С╨░╨║╨░╨╗╨░╨▓╤А[0m
@qbs-autonaim/recruitment-assistant-extension:test:           [36m</span>[39m
@qbs-autonaim/recruitment-assistant-extension:test:           [0m
@qbs-autonaim/recruitment-assistant-extension:test:               [0m
@qbs-autonaim/recruitment-assistant-extension:test:         [36m</span>[39m
@qbs-autonaim/recruitment-assistant-extension:test:         [0m
@qbs-autonaim/recruitment-assistant-extension:test:               [0m
@qbs-autonaim/recruitment-assistant-extension:test:         [36m<span[39m
@qbs-autonaim/recruitment-assistant-extension:test:           [33mclass[39m=[32m"t-14 t-normal t-black--light"[39m
@qbs-autonaim/recruitment-assistant-extension:test:         [36m>[39m
@qbs-autonaim/recruitment-assistant-extension:test:           [0m
@qbs-autonaim/recruitment-assistant-extension:test:                 [0m
@qbs-autonaim/recruitment-assistant-extension:test:           [36m<span[39m
@qbs-autonaim/recruitment-assistant-extension:test:             [33maria-hidden[39m=[32m"true"[39m
@qbs-autonaim/recruitment-assistant-extension:test:           [36m>[39m
@qbs-autonaim/recruitment-assistant-extension:test:             [0m╨Ш╨╜╤Д╨╛╤А╨╝╨░╤В╨╕╨║╨░[0m
@qbs-autonaim/recruitment-assistant-extension:test:           [36m</span>[39m
@qbs-autonaim/recruitment-assistant-extension:test:           [0m
@qbs-autonaim/recruitment-assistant-extension:test:               [0m
@qbs-autonaim/recruitment-assistant-extension:test:         [36m</span>[39m
@qbs-autonaim/recruitment-assistant-extension:test:         [0m
@qbs-autonaim/recruitment-assistant-extension:test:               [0m
@qbs-autonaim/recruitment-assistant-extension:test:         [36m<span[39m
@qbs-autonaim/recruitment-assistant-extension:test:           [33mclass[39m=[32m"t-14 t-normal t-black--light"[39m
@qbs-autonaim/recruitment-assistant-extension:test:         [36m>[39m
@qbs-autonaim/recruitment-assistant-extension:test:           [0m
@qbs-autonaim/recruitment-assistant-extension:test:                 [0m
@qbs-autonaim/recruitment-assistant-extension:test:           [36m<span[39m
@qbs-autonaim/recruitment-assistant-extension:test:             [33maria-hidden[39m=[32m"true"[39m
@qbs-autonaim/recruitment-assistant-extension:test:           [36m>[39m
@qbs-autonaim/recruitment-assistant-extension:test:             [0m2015 тАУ 2019[0m
@qbs-autonaim/recruitment-assistant-extension:test:           [36m</span>[39m
@qbs-autonaim/recruitment-assistant-extension:test:           [0m
@qbs-autonaim/recruitment-assistant-extension:test:               [0m
@qbs-autonaim/recruitment-assistant-extension:test:         [36m</span>[39m
@qbs-autonaim/recruitment-assistant-extension:test:         [0m
@qbs-autonaim/recruitment-assistant-extension:test:             [0m
@qbs-autonaim/recruitment-assistant-extension:test:       [36m</li>[39m
@qbs-autonaim/recruitment-assistant-extension:test:       [0m
@qbs-autonaim/recruitment-assistant-extension:test:           [0m
@qbs-autonaim/recruitment-assistant-extension:test:     [36m</ul>[39m
@qbs-autonaim/recruitment-assistant-extension:test:     [0m
@qbs-autonaim/recruitment-assistant-extension:test:         [0m
@qbs-autonaim/recruitment-assistant-extension:test:   [36m</section>[39m
@qbs-autonaim/recruitment-assistant-extension:test:   [0m
@qbs-autonaim/recruitment-assistant-extension:test:         
@qbs-autonaim/recruitment-assistant-extension:test:         [0m
@qbs-autonaim/recruitment-assistant-extension:test:   [36m<section[39m
@qbs-autonaim/recruitment-assistant-extension:test:     [33mid[39m=[32m"skills"[39m
@qbs-autonaim/recruitment-assistant-extension:test:   [36m>[39m
@qbs-autonaim/recruitment-assistant-extension:test:     [0m
@qbs-autonaim/recruitment-assistant-extension:test:           [0m
@qbs-autonaim/recruitment-assistant-extension:test:     [36m<span[39m
@qbs-autonaim/recruitment-assistant-extension:test:       [33maria-hidden[39m=[32m"true"[39m
@qbs-autonaim/recruitment-assistant-extension:test:     [36m>[39m
@qbs-autonaim/recruitment-assistant-extension:test:       [0mTypeScript[0m
@qbs-autonaim/recruitment-assistant-extension:test:     [36m</span>[39m
@qbs-autonaim/recruitment-assistant-extension:test:     [0m
@qbs-autonaim/recruitment-assistant-extension:test:           [0m
@qbs-autonaim/recruitment-assistant-extension:test:     [36m<span[39m
@qbs-autonaim/recruitment-assistant-extension:test:       [33maria-hidden[39m=[32m"true"[39m
@qbs-autonaim/recruitment-assistant-extension:test:     [36m>[39m
@qbs-autonaim/recruitment-assistant-extension:test:       [0mReact[0m
@qbs-autonaim/recruitment-assistant-extension:test:     [36m</span>[39m
@qbs-autonaim/app:test: (pass) useSyncArchivedSubscription > ╨╜╨╡ ╨┤╨╛╨╗╨╢╨╡╨╜ ╨╛╨▒╤А╨░╨▒╨░╤В╤Л╨▓╨░╤В╤М ╤Б╨╛╨╛╨▒╤Й╨╡╨╜╨╕╤П ╨╡╤Б╨╗╨╕ enabled=false
@qbs-autonaim/recruitment-assistant-extension:test:     [0m
@qbs-autonaim/recruitment-assistant-extension:test:         [0m
@qbs-autonaim/recruitment-assistant-extension:test:   [36m</section>[39m
@qbs-autonaim/recruitment-assistant-extension:test:   [0m
@qbs-autonaim/recruitment-assistant-extension:test:         
@qbs-autonaim/recruitment-assistant-extension:test:         [0m
@qbs-autonaim/recruitment-assistant-extension:test:   [36m<section[39m
@qbs-autonaim/recruitment-assistant-extension:test:     [33mclass[39m=[32m"pv-contact-info"[39m
@qbs-autonaim/recruitment-assistant-extension:test:   [36m>[39m
@qbs-autonaim/recruitment-assistant-extension:test:     [0m
@qbs-autonaim/recruitment-assistant-extension:test:           [0m
@qbs-autonaim/recruitment-assistant-extension:test:     [36m<a[39m
@qbs-autonaim/recruitment-assistant-extension:test:       [33mhref[39m=[32m"mailto:ivan@example.com"[39m
@qbs-autonaim/recruitment-assistant-extension:test:     [36m>[39m
@qbs-autonaim/recruitment-assistant-extension:test:       [0mEmail[0m
@qbs-autonaim/recruitment-assistant-extension:test:     [36m</a>[39m
@qbs-autonaim/recruitment-assistant-extension:test:     [0m
@qbs-autonaim/recruitment-assistant-extension:test:           [0m
@qbs-autonaim/recruitment-assistant-extension:test:     [36m<span[39m
@qbs-autonaim/recruitment-assistant-extension:test:       [33mclass[39m=[32m"t-14 t-black t-normal"[39m
@qbs-autonaim/recruitment-assistant-extension:test:     [36m>[39m
@qbs-autonaim/recruitment-assistant-extension:test:       [0m+7 (999) 123-45-67[0m
@qbs-autonaim/recruitment-assistant-extension:test:     [36m</span>[39m
@qbs-autonaim/recruitment-assistant-extension:test:     [0m
@qbs-autonaim/recruitment-assistant-extension:test:         [0m
@qbs-autonaim/recruitment-assistant-extension:test:   [36m</section>[39m
@qbs-autonaim/recruitment-assistant-extension:test:   [0m
@qbs-autonaim/recruitment-assistant-extension:test:       [0m
@qbs-autonaim/recruitment-assistant-extension:test:   [36m<div>[39m
@qbs-autonaim/recruitment-assistant-extension:test:     [36m<article[39m
@qbs-autonaim/recruitment-assistant-extension:test:       [33maria-label[39m=[32m"╨Ю╨┐╤Л╤В ╤А╨░╨▒╨╛╤В╤Л: Senior Developer ╨▓ Tech Corp"[39m
@qbs-autonaim/recruitment-assistant-extension:test:       [33mstyle[39m=[32m"padding: 16px; background-color: white; border: 1px solid #e5e7eb; border-radius: 8px; margin-bottom: 12px;"[39m
@qbs-autonaim/recruitment-assistant-extension:test:     [36m>[39m
@qbs-autonaim/recruitment-assistant-extension:test:       [36m<div[39m
@qbs-autonaim/recruitment-assistant-extension:test:         [33mstyle[39m=[32m"margin-bottom: 16px; display: flex; flex-direction: column; gap: 4px;"[39m
@qbs-autonaim/recruitment-assistant-extension:test:       [36m>[39m
@qbs-autonaim/recruitment-assistant-extension:test:         [36m<label[39m
@qbs-autonaim/recruitment-assistant-extension:test:           [33mfor[39m=[32m"_r_a1_"[39m
@qbs-autonaim/recruitment-assistant-extension:test:           [33mstyle[39m=[32m"font-size: 14px; font-weight: 500; color: #374151;"[39m
@qbs-autonaim/recruitment-assistant-extension:test:         [36m>[39m
@qbs-autonaim/recruitment-assistant-extension:test:           [0m╨Ф╨╛╨╗╨╢╨╜╨╛╤Б╤В╤М[0m
@qbs-autonaim/recruitment-assistant-extension:test:         [36m</label>[39m
@qbs-autonaim/recruitment-assistant-extension:test:         [36m<div[39m
@qbs-autonaim/app:test: 
@qbs-autonaim/app:test: src\components\vacancy\components\responses\hooks\use-response-actions.test.tsx:
@qbs-autonaim/recruitment-assistant-extension:test:           [33mstyle[39m=[32m"display: flex; align-items: center; gap: 8px;"[39m
@qbs-autonaim/recruitment-assistant-extension:test:         [36m>[39m
@qbs-autonaim/recruitment-assistant-extension:test:           [36m<div[39m
@qbs-autonaim/recruitment-assistant-extension:test:             [33mstyle[39m=[32m"padding: 8px 12px; font-size: 14px; color: #1f2937; background-color: #f9fafb; border-radius: 6px; min-height: auto; white-space: nowrap; overflow: hidden; text-overflow: ellipsis; flex-grow: 1; flex-shrink: 1; flex-basis: 0%;"[39m
@qbs-autonaim/recruitment-assistant-extension:test:           [36m>[39m
@qbs-autonaim/recruitment-assistant-extension:test:             [0mSenior Developer[0m
@qbs-autonaim/recruitment-assistant-extension:test:           [36m</div>[39m
@qbs-autonaim/recruitment-assistant-extension:test:           [36m<button[39m
@qbs-autonaim/recruitment-assistant-extension:test:             [33maria-label[39m=[32m"╨а╨╡╨┤╨░╨║╤В╨╕╤А╨╛╨▓╨░╤В╤М ╨Ф╨╛╨╗╨╢╨╜╨╛╤Б╤В╤М"[39m
@qbs-autonaim/recruitment-assistant-extension:test:             [33mclass[39m=[32m"ra-editable-field-btn ra-editable-field-btn--outline"[39m
@qbs-autonaim/recruitment-assistant-extension:test:             [33mstyle[39m=[32m"min-width: 44px; min-height: 44px; padding: 8px 12px; background-color: white; color: #3b82f6; border: 1px solid #3b82f6; border-radius: 6px; font-size: 14px; font-weight: 500; cursor: pointer; touch-action: manipulation;"[39m
@qbs-autonaim/recruitment-assistant-extension:test:             [33mtype[39m=[32m"button"[39m
@qbs-autonaim/recruitment-assistant-extension:test:           [36m>[39m
@qbs-autonaim/recruitment-assistant-extension:test:             [0m╨Ш╨╖╨╝╨╡╨╜╨╕╤В╤М[0m
@qbs-autonaim/recruitment-assistant-extension:test:           [36m</button>[39m
@qbs-autonaim/recruitment-assistant-extension:test:         [36m</div>[39m
@qbs-autonaim/recruitment-assistant-extension:test:       [36m</div>[39m
@qbs-autonaim/recruitment-assistant-extension:test:       [36m<div[39m
@qbs-autonaim/recruitment-assistant-extension:test:         [33mstyle[39m=[32m"margin-bottom: 16px; display: flex; flex-direction: column; gap: 4px;"[39m
@qbs-autonaim/recruitment-assistant-extension:test:       [36m>[39m
@qbs-autonaim/recruitment-assistant-extension:test:         [36m<label[39m
@qbs-autonaim/recruitment-assistant-extension:test:           [33mfor[39m=[32m"_r_a2_"[39m
@qbs-autonaim/recruitment-assistant-extension:test:           [33mstyle[39m=[32m"font-size: 14px; font-weight: 500; color: #374151;"[39m
@qbs-autonaim/recruitment-assistant-extension:test:         [36m>[39m
@qbs-autonaim/recruitment-assistant-extension:test:           [0m╨Ъ╨╛╨╝╨┐╨░╨╜╨╕╤П[0m
@qbs-autonaim/recruitment-assistant-extension:test:         [36m</label>[39m
@qbs-autonaim/recruitment-assistant-extension:test:         [36m<div[39m
@qbs-autonaim/recruitment-assistant-extension:test:           [33mstyle[39m=[32m"display: flex; align-items: center; gap: 8px;"[39m
@qbs-autonaim/recruitment-assistant-extension:test:         [36m>[39m
@qbs-autonaim/recruitment-assistant-extension:test:           [36m<div[39m
@qbs-autonaim/recruitment-assistant-extension:test:             [33mstyle[39m=[32m"padding: 8px 12px; font-size: 14px; color: #1f2937; background-color: #f9fafb; border-radius: 6px; min-height: auto; white-space: nowrap; overflow: hidden; text-overflow: ellipsis; flex-grow: 1; flex-shrink: 1; flex-basis: 0%;"[39m
@qbs-autonaim/recruitment-assistant-extension:test:           [36m>[39m
@qbs-autonaim/recruitment-assistant-extension:test:             [0mTech Corp[0m
@qbs-autonaim/recruitment-assistant-extension:test:           [36m</div>[39m
@qbs-autonaim/recruitment-assistant-extension:test:           [36m<button[39m
@qbs-autonaim/recruitment-assistant-extension:test:             [33maria-label[39m=[32m"╨а╨╡╨┤╨░╨║╤В╨╕╤А╨╛╨▓╨░╤В╤М ╨Ъ╨╛╨╝╨┐╨░╨╜╨╕╤П"[39m
@qbs-autonaim/recruitment-assistant-extension:test:             [33mclass[39m=[32m"ra-editable-field-btn ra-editable-field-btn--outline"[39m
@qbs-autonaim/recruitment-assistant-extension:test:             [33mstyle[39m=[32m"min-width: 44px; min-height: 44px; padding: 8px 12px; background-color: white; color: #3b82f6; border: 1px solid #3b82f6; border-radius: 6px; font-size: 14px; font-weight: 500; cursor: pointer; touch-action: manipulation;"[39m
@qbs-autonaim/recruitment-assistant-extension:test:             [33mtype[39m=[32m"button"[39m
@qbs-autonaim/recruitment-assistant-extension:test:           [36m>[39m
@qbs-autonaim/recruitment-assistant-extension:test:             [0m╨Ш╨╖╨╝╨╡╨╜╨╕╤В╤М[0m
@qbs-autonaim/recruitment-assistant-extension:test:           [36m</button>[39m
@qbs-autonaim/recruitment-assistant-extension:test:         [36m</div>[39m
@qbs-autonaim/recruitment-assistant-extension:test:       [36m</div>[39m
@qbs-autonaim/recruitment-assistant-extension:test:       [36m<div[39m
@qbs-autonaim/recruitment-assistant-extension:test:         [33mstyle[39m=[32m"margin-bottom: 16px;"[39m
@qbs-autonaim/recruitment-assistant-extension:test:       [36m>[39m
@qbs-autonaim/recruitment-assistant-extension:test:         [36m<div[39m
@qbs-autonaim/recruitment-assistant-extension:test:           [33mstyle[39m=[32m"font-size: 14px; font-weight: 500; color: #374151; margin-bottom: 4px;"[39m
@qbs-autonaim/recruitment-assistant-extension:test:         [36m>[39m
@qbs-autonaim/recruitment-assistant-extension:test:           [0m╨Я╨╡╤А╨╕╨╛╨┤ ╤А╨░╨▒╨╛╤В╤Л[0m
@qbs-autonaim/recruitment-assistant-extension:test:         [36m</div>[39m
@qbs-autonaim/recruitment-assistant-extension:test:         [36m<div[39m
@qbs-autonaim/recruitment-assistant-extension:test:           [33mstyle[39m=[32m"display: grid; grid-template-columns: 1fr 1fr; gap: 12px;"[39m
@qbs-autonaim/recruitment-assistant-extension:test:         [36m>[39m
@qbs-autonaim/recruitment-assistant-extension:test:           [36m<div>[39m
@qbs-autonaim/recruitment-assistant-extension:test:             [36m<label[39m
@qbs-autonaim/recruitment-assistant-extension:test:               [33mfor[39m=[32m"start-Tech Corp"[39m
@qbs-autonaim/recruitment-assistant-extension:test:               [33mstyle[39m=[32m"font-size: 12px; color: #6b7280; display: block; margin-bottom: 4px;"[39m
@qbs-autonaim/recruitment-assistant-extension:test:             [36m>[39m
@qbs-autonaim/recruitment-assistant-extension:test:               [0m╨Э╨░╤З╨░╨╗╨╛[0m
@qbs-autonaim/recruitment-assistant-extension:test:             [36m</label>[39m
@qbs-autonaim/recruitment-assistant-extension:test:             [36m<input[39m
@qbs-autonaim/recruitment-assistant-extension:test:               [33maria-label[39m=[32m"╨Ф╨░╤В╨░ ╨╜╨░╤З╨░╨╗╨░ ╤А╨░╨▒╨╛╤В╤Л"[39m
@qbs-autonaim/recruitment-assistant-extension:test:               [33mid[39m=[32m"start-Tech Corp"[39m
@qbs-autonaim/recruitment-assistant-extension:test:               [33mplaceholder[39m=[32m"╨п╨╜╨▓╨░╤А╤М 2020"[39m
@qbs-autonaim/recruitment-assistant-extension:test:               [33mstyle[39m=[32m"width: 100%; padding: 8px 12px; font-size: 16px; border: 1px solid #d1d5db; border-radius: 6px; outline-color: none; outline-style: none; outline-width: initial;"[39m
@qbs-autonaim/recruitment-assistant-extension:test:               [33mtype[39m=[32m"text"[39m
@qbs-autonaim/recruitment-assistant-extension:test:               [33mvalue[39m=[32m"╨п╨╜╨▓╨░╤А╤М 2020"[39m
@qbs-autonaim/recruitment-assistant-extension:test:             [36m/>[39m
@qbs-autonaim/recruitment-assistant-extension:test:           [36m</div>[39m
@qbs-autonaim/recruitment-assistant-extension:test:           [36m<div>[39m
@qbs-autonaim/recruitment-assistant-extension:test:             [36m<label[39m
@qbs-autonaim/recruitment-assistant-extension:test:               [33mfor[39m=[32m"end-Tech Corp"[39m
@qbs-autonaim/recruitment-assistant-extension:test:               [33mstyle[39m=[32m"font-size: 12px; color: #6b7280; display: block; margin-bottom: 4px;"[39m
@qbs-autonaim/recruitment-assistant-extension:test:             [36m>[39m
@qbs-autonaim/recruitment-assistant-extension:test:               [0m╨Ю╨║╨╛╨╜╤З╨░╨╜╨╕╨╡[0m
@qbs-autonaim/recruitment-assistant-extension:test:             [36m</label>[39m
@qbs-autonaim/recruitment-assistant-extension:test:             [36m<input[39m
@qbs-autonaim/recruitment-assistant-extension:test:               [33maria-label[39m=[32m"╨Ф╨░╤В╨░ ╨╛╨║╨╛╨╜╤З╨░╨╜╨╕╤П ╤А╨░╨▒╨╛╤В╤Л"[39m
@qbs-autonaim/recruitment-assistant-extension:test:               [33mid[39m=[32m"end-Tech Corp"[39m
@qbs-autonaim/recruitment-assistant-extension:test:               [33mplaceholder[39m=[32m"╨Я╨╛ ╨╜╨░╤Б╤В╨╛╤П╤Й╨╡╨╡ ╨▓╤А╨╡╨╝╤П"[39m
@qbs-autonaim/recruitment-assistant-extension:test:               [33mstyle[39m=[32m"width: 100%; padding: 8px 12px; font-size: 16px; border: 1px solid #d1d5db; border-radius: 6px; outline-color: none; outline-style: none; outline-width: initial;"[39m
@qbs-autonaim/recruitment-assistant-extension:test:               [33mtype[39m=[32m"text"[39m
@qbs-autonaim/recruitment-assistant-extension:test:               [33mvalue[39m=[32m""[39m
@qbs-autonaim/recruitment-assistant-extension:test:             [36m/>[39m
@qbs-autonaim/recruitment-assistant-extension:test:           [36m</div>[39m
@qbs-autonaim/recruitment-assistant-extension:test:         [36m</div>[39m
@qbs-autonaim/recruitment-assistant-extension:test:         [36m<div[39m
@qbs-autonaim/recruitment-assistant-extension:test:           [33maria-live[39m=[32m"polite"[39m
@qbs-autonaim/recruitment-assistant-extension:test:           [33mstyle[39m=[32m"font-size: 12px; color: #6b7280; margin-top: 4px;"[39m
@qbs-autonaim/recruitment-assistant-extension:test:         [36m>[39m
@qbs-autonaim/recruitment-assistant-extension:test:           [0m╨п╨╜╨▓╨░╤А╤М 2020 тАФ ╨┐╨╛ ╨╜╨░╤Б╤В╨╛╤П╤Й╨╡╨╡ ╨▓╤А╨╡╨╝╤П[0m
@qbs-autonaim/recruitment-assistant-extension:test:         [36m</div>[39m
@qbs-autonaim/recruitment-assistant-extension:test:       [36m</div>[39m
@qbs-autonaim/recruitment-assistant-extension:test:       [36m<div[39m
@qbs-autonaim/recruitment-assistant-extension:test:         [33mstyle[39m=[32m"margin-bottom: 16px; display: flex; flex-direction: column; gap: 4px;"[39m
@qbs-autonaim/recruitment-assistant-extension:test:       [36m>[39m
@qbs-autonaim/recruitment-assistant-extension:test:         [36m<label[39m
@qbs-autonaim/recruitment-assistant-extension:test:           [33mfor[39m=[32m"_r_a3_"[39m
@qbs-autonaim/recruitment-assistant-extension:test:           [33mstyle[39m=[32m"font-size: 14px; font-weight: 500; color: #374151;"[39m
@qbs-autonaim/recruitment-assistant-extension:test:         [36m>[39m
@qbs-autonaim/recruitment-assistant-extension:test:           [0m╨Ю╨┐╨╕╤Б╨░╨╜╨╕╨╡ ╨╛╨▒╤П╨╖╨░╨╜╨╜╨╛╤Б╤В╨╡╨╣[0m
@qbs-autonaim/recruitment-assistant-extension:test:         [36m</label>[39m
@qbs-autonaim/recruitment-assistant-extension:test:         [36m<div[39m
@qbs-autonaim/recruitment-assistant-extension:test:           [33mstyle[39m=[32m"display: flex; align-items: center; gap: 8px;"[39m
@qbs-autonaim/recruitment-assistant-extension:test:         [36m>[39m
@qbs-autonaim/recruitment-assistant-extension:test:           [36m<div[39m
@qbs-autonaim/recruitment-assistant-extension:test:             [33mstyle[39m=[32m"padding: 8px 12px; font-size: 14px; color: #1f2937; background-color: #f9fafb; border-radius: 6px; min-height: 80px; white-space: pre-wrap; overflow: hidden; text-overflow: ellipsis; flex-grow: 1; flex-shrink: 1; flex-basis: 0%;"[39m
@qbs-autonaim/recruitment-assistant-extension:test:           [36m>[39m
@qbs-autonaim/recruitment-assistant-extension:test:             [0m╨а╨░╨╖╤А╨░╨▒╨╛╤В╨║╨░ ╨▓╨╡╨▒-╨┐╤А╨╕╨╗╨╛╨╢╨╡╨╜╨╕╨╣[0m
@qbs-autonaim/recruitment-assistant-extension:test:           [36m</div>[39m
@qbs-autonaim/recruitment-assistant-extension:test:           [36m<button[39m
@qbs-autonaim/recruitment-assistant-extension:test:             [33maria-label[39m=[32m"╨а╨╡╨┤╨░╨║╤В╨╕╤А╨╛╨▓╨░╤В╤М ╨Ю╨┐╨╕╤Б╨░╨╜╨╕╨╡ ╨╛╨▒╤П╨╖╨░╨╜╨╜╨╛╤Б╤В╨╡╨╣"[39m
@qbs-autonaim/recruitment-assistant-extension:test:             [33mclass[39m=[32m"ra-editable-field-btn ra-editable-field-btn--outline"[39m
@qbs-autonaim/recruitment-assistant-extension:test:             [33mstyle[39m=[32m"min-width: 44px; min-height: 44px; padding: 8px 12px; background-color: white; color: #3b82f6; border: 1px solid #3b82f6; border-radius: 6px; font-size: 14px; font-weight: 500; cursor: pointer; touch-action: manipulation;"[39m
@qbs-autonaim/recruitment-assistant-extension:test:             [33mtype[39m=[32m"button"[39m
@qbs-autonaim/recruitment-assistant-extension:test:           [36m>[39m
@qbs-autonaim/recruitment-assistant-extension:test:             [0m╨Ш╨╖╨╝╨╡╨╜╨╕╤В╤М[0m
@qbs-autonaim/recruitment-assistant-extension:test:           [36m</button>[39m
@qbs-autonaim/recruitment-assistant-extension:test:         [36m</div>[39m
@qbs-autonaim/recruitment-assistant-extension:test:       [36m</div>[39m
@qbs-autonaim/recruitment-assistant-extension:test:     [36m</article>[39m
@qbs-autonaim/recruitment-assistant-extension:test:   [36m</div>[39m
@qbs-autonaim/recruitment-assistant-extension:test: [36m</body>[39m
@qbs-autonaim/recruitment-assistant-extension:test:       at <anonymous> (C:\Projects\kwork\selectio\node_modules\@testing-library\dom\dist\query-helpers.js:59:30)
@qbs-autonaim/recruitment-assistant-extension:test:       at <anonymous> (C:\Projects\kwork\selectio\node_modules\@testing-library\dom\dist\query-helpers.js:95:19)
@qbs-autonaim/recruitment-assistant-extension:test:       at <anonymous> (C:\Projects\kwork\selectio\apps\recruitment-assistant-extension\src\content\ui\experience-card.test.tsx:50:21)
@qbs-autonaim/recruitment-assistant-extension:test: (fail) ExperienceCard > ╨а╨╡╨╜╨┤╨╡╤А╨╕╨╜╨│ > ╨┤╨╛╨╗╨╢╨╡╨╜ ╨╛╤В╨╛╨▒╤А╨░╨╢╨░╤В╤М "╨┐╨╛ ╨╜╨░╤Б╤В╨╛╤П╤Й╨╡╨╡ ╨▓╤А╨╡╨╝╤П" ╨┤╨╗╤П ╤В╨╡╨║╤Г╤Й╨╡╨╣ ╤А╨░╨▒╨╛╤В╤Л [15.00ms]
@qbs-autonaim/recruitment-assistant-extension:test: (pass) ExperienceCard > ╨а╨╡╨╜╨┤╨╡╤А╨╕╨╜╨│ > ╨┤╨╛╨╗╨╢╨╡╨╜ ╨╛╤В╨╛╨▒╤А╨░╨╢╨░╤В╤М ╨┤╨╕╨░╨┐╨░╨╖╨╛╨╜ ╨┤╨░╤В ╨┤╨╗╤П ╨╖╨░╨▓╨╡╤А╤И╨╡╨╜╨╜╨╛╨╣ ╤А╨░╨▒╨╛╤В╤Л [16.00ms]
@qbs-autonaim/recruitment-assistant-extension:test: (pass) ExperienceCard > ╨а╨╡╨╜╨┤╨╡╤А╨╕╨╜╨│ > ╨┤╨╛╨╗╨╢╨╡╨╜ ╨╛╤В╨╛╨▒╤А╨░╨╢╨░╤В╤М "╨Ф╨░╤В╤Л ╨╜╨╡ ╤Г╨║╨░╨╖╨░╨╜╤Л" ╨╡╤Б╨╗╨╕ ╨╜╨╡╤В ╨┤╨░╤В╤Л ╨╜╨░╤З╨░╨╗╨░ [15.00ms]
@qbs-autonaim/recruitment-assistant-extension:test: (pass) ExperienceCard > ╨Ф╨╛╤Б╤В╤Г╨┐╨╜╨╛╤Б╤В╤М (ARIA) > ╨┤╨╛╨╗╨╢╨╡╨╜ ╨╕╨╝╨╡╤В╤М role='article' [16.00ms]
@qbs-autonaim/recruitment-assistant-extension:test: (pass) ExperienceCard > ╨Ф╨╛╤Б╤В╤Г╨┐╨╜╨╛╤Б╤В╤М (ARIA) > ╨┤╨╛╨╗╨╢╨╡╨╜ ╨╕╨╝╨╡╤В╤М aria-label ╤Б ╨╕╨╜╤Д╨╛╤А╨╝╨░╤Ж╨╕╨╡╨╣ ╨╛ ╨┐╨╛╨╖╨╕╤Ж╨╕╨╕ [16.00ms]
@qbs-autonaim/recruitment-assistant-extension:test: (pass) ExperienceCard > ╨Ф╨╛╤Б╤В╤Г╨┐╨╜╨╛╤Б╤В╤М (ARIA) > ╨┤╨╛╨╗╨╢╨╡╨╜ ╨╕╨╝╨╡╤В╤М aria-label ╨┤╨╗╤П ╨┐╨╛╨╗╨╡╨╣ ╨┤╨░╤В
@qbs-autonaim/recruitment-assistant-extension:test: (pass) ExperienceCard > ╨Ф╨╛╤Б╤В╤Г╨┐╨╜╨╛╤Б╤В╤М (ARIA) > ╨┤╨╛╨╗╨╢╨╡╨╜ ╨╕╨╝╨╡╤В╤М aria-live ╨┤╨╗╤П ╨╛╤В╨╛╨▒╤А╨░╨╢╨╡╨╜╨╕╤П ╨┤╨╕╨░╨┐╨░╨╖╨╛╨╜╨░ ╨┤╨░╤В [15.00ms]
@qbs-autonaim/recruitment-assistant-extension:test: (pass) ExperienceCard > ╨Т╨╖╨░╨╕╨╝╨╛╨┤╨╡╨╣╤Б╤В╨▓╨╕╨╡ > ╨┤╨╛╨╗╨╢╨╡╨╜ ╨▓╤Л╨╖╤Л╨▓╨░╤В╤М onEdit ╨┐╤А╨╕ ╨╕╨╖╨╝╨╡╨╜╨╡╨╜╨╕╨╕ ╨┤╨╛╨╗╨╢╨╜╨╛╤Б╤В╨╕ [16.00ms]
@qbs-autonaim/recruitment-assistant-extension:test: (pass) ExperienceCard > ╨Т╨╖╨░╨╕╨╝╨╛╨┤╨╡╨╣╤Б╤В╨▓╨╕╨╡ > ╨┤╨╛╨╗╨╢╨╡╨╜ ╨▓╤Л╨╖╤Л╨▓╨░╤В╤М onEdit ╨┐╤А╨╕ ╨╕╨╖╨╝╨╡╨╜╨╡╨╜╨╕╨╕ ╨║╨╛╨╝╨┐╨░╨╜╨╕╨╕
@qbs-autonaim/recruitment-assistant-extension:test: (pass) ExperienceCard > ╨Т╨╖╨░╨╕╨╝╨╛╨┤╨╡╨╣╤Б╤В╨▓╨╕╨╡ > ╨┤╨╛╨╗╨╢╨╡╨╜ ╨▓╤Л╨╖╤Л╨▓╨░╤В╤М onEdit ╨┐╤А╨╕ ╨╕╨╖╨╝╨╡╨╜╨╡╨╜╨╕╨╕ ╨┤╨░╤В╤Л ╨╜╨░╤З╨░╨╗╨░ [16.00ms]
@qbs-autonaim/recruitment-assistant-extension:test: (pass) ExperienceCard > ╨Т╨╖╨░╨╕╨╝╨╛╨┤╨╡╨╣╤Б╤В╨▓╨╕╨╡ > ╨┤╨╛╨╗╨╢╨╡╨╜ ╨▓╤Л╨╖╤Л╨▓╨░╤В╤М onEdit ╨┐╤А╨╕ ╨╕╨╖╨╝╨╡╨╜╨╡╨╜╨╕╨╕ ╨┤╨░╤В╤Л ╨╛╨║╨╛╨╜╤З╨░╨╜╨╕╤П [15.00ms]
@qbs-autonaim/recruitment-assistant-extension:test: (pass) ExperienceCard > ╨Т╨╖╨░╨╕╨╝╨╛╨┤╨╡╨╣╤Б╤В╨▓╨╕╨╡ > ╨┤╨╛╨╗╨╢╨╡╨╜ ╨▓╤Л╨╖╤Л╨▓╨░╤В╤М onEdit ╤Б null ╨┐╤А╨╕ ╨╛╤З╨╕╤Б╤В╨║╨╡ ╨┤╨░╤В╤Л ╨╛╨║╨╛╨╜╤З╨░╨╜╨╕╤П
@qbs-autonaim/recruitment-assistant-extension:test: (pass) ExperienceCard > ╨Т╨╖╨░╨╕╨╝╨╛╨┤╨╡╨╣╤Б╤В╨▓╨╕╨╡ > ╨┤╨╛╨╗╨╢╨╡╨╜ ╨▓╤Л╨╖╤Л╨▓╨░╤В╤М onEdit ╨┐╤А╨╕ ╨╕╨╖╨╝╨╡╨╜╨╡╨╜╨╕╨╕ ╨╛╨┐╨╕╤Б╨░╨╜╨╕╤П [16.00ms]
@qbs-autonaim/recruitment-assistant-extension:test: (pass) ExperienceCard > ╨б╤В╨╕╨╗╨╕ ╨╕ ╤А╨░╨╖╨╝╨╡╤А╤Л > ╨┤╨╛╨╗╨╢╨╡╨╜ ╨╕╨╝╨╡╤В╤М fontSize 16px ╨┤╨╗╤П ╨┐╨╛╨╗╨╡╨╣ ╨▓╨▓╨╛╨┤╨░ [15.00ms]
@qbs-autonaim/recruitment-assistant-extension:test: (pass) ExperienceCard > ╨б╤В╨╕╨╗╨╕ ╨╕ ╤А╨░╨╖╨╝╨╡╤А╤Л > ╨┤╨╛╨╗╨╢╨╡╨╜ ╨╕╨╝╨╡╤В╤М ╨▓╨╕╨┤╨╕╨╝╤Л╨╣ ╤Д╨╛╨║╤Г╤Б ╨╜╨░ ╨┐╨╛╨╗╤П╤Е ╨▓╨▓╨╛╨┤╨░
@qbs-autonaim/recruitment-assistant-extension:test: (pass) ExperienceCard > ╨Ъ╨╗╨░╨▓╨╕╨░╤В╤Г╤А╨╜╨░╤П ╨╜╨░╨▓╨╕╨│╨░╤Ж╨╕╤П > ╨┤╨╛╨╗╨╢╨╡╨╜ ╨┐╨╛╨┤╨┤╨╡╤А╨╢╨╕╨▓╨░╤В╤М ╨╜╨░╨▓╨╕╨│╨░╤Ж╨╕╤О Tab ╨╝╨╡╨╢╨┤╤Г ╨┐╨╛╨╗╤П╨╝╨╕ [16.00ms]
@qbs-autonaim/recruitment-assistant-extension:test: (pass) ExperienceCard > ╨Ы╨╛╨║╨░╨╗╨╕╨╖╨░╤Ж╨╕╤П > ╨┤╨╛╨╗╨╢╨╡╨╜ ╨╕╤Б╨┐╨╛╨╗╤М╨╖╨╛╨▓╨░╤В╤М ╤А╤Г╤Б╤Б╨║╨╕╨╣ ╤П╨╖╤Л╨║ ╨▒╨╡╨╖ ╨░╨╜╨│╨╗╨╕╤Ж╨╕╨╖╨╝╨╛╨▓
@qbs-autonaim/recruitment-assistant-extension:test: (pass) ExperienceCard > ╨Ы╨╛╨║╨░╨╗╨╕╨╖╨░╤Ж╨╕╤П > ╨┤╨╛╨╗╨╢╨╡╨╜ ╨╕╤Б╨┐╨╛╨╗╤М╨╖╨╛╨▓╨░╤В╤М ╨┐╤А╨░╨▓╨╕╨╗╤М╨╜╤Л╨╣ ╤Д╨╛╤А╨╝╨░╤В ╨┤╨╕╨░╨┐╨░╨╖╨╛╨╜╨░ ╨┤╨░╤В ╤Б ╤В╨╕╤А╨╡ [16.00ms]
@qbs-autonaim/recruitment-assistant-extension:test: (pass) ExperienceCard > ╨Ы╨╛╨║╨░╨╗╨╕╨╖╨░╤Ж╨╕╤П > ╨┤╨╛╨╗╨╢╨╡╨╜ ╨╕╤Б╨┐╨╛╨╗╤М╨╖╨╛╨▓╨░╤В╤М ╨╝╨╜╨╛╨│╨╛╤В╨╛╤З╨╕╨╡ (тАж) ╨▓ ╨┐╨╗╨╡╨╣╤Б╤Е╨╛╨╗╨┤╨╡╤А╨░╤Е [15.00ms]
@qbs-autonaim/recruitment-assistant-extension:test: 
@qbs-autonaim/recruitment-assistant-extension:test: src\content\ui\skills-list.test.tsx:
@qbs-autonaim/recruitment-assistant-extension:test: (pass) SkillsList > ╨а╨╡╨╜╨┤╨╡╤А╨╕╨╜╨│ > ╨┤╨╛╨╗╨╢╨╡╨╜ ╨╛╤В╨╛╨▒╤А╨░╨╢╨░╤В╤М ╨╖╨░╨│╨╛╨╗╨╛╨▓╨╛╨║
@qbs-autonaim/recruitment-assistant-extension:test: 54 |       const elementStrings = els.map(element => getElementError(null, element).message).join('\n\n');
@qbs-autonaim/recruitment-assistant-extension:test: 55 |       throw getMultipleElementsFoundError(`${getMultipleError(container, ...args)}
@qbs-autonaim/recruitment-assistant-extension:test: 56 | 
@qbs-autonaim/recruitment-assistant-extension:test: 57 | Here are the matching elements:
@qbs-autonaim/recruitment-assistant-extension:test: 58 | 
@qbs-autonaim/recruitment-assistant-extension:test: 59 | ${elementStrings}`, container);
@qbs-autonaim/recruitment-assistant-extension:test:                                   ^
@qbs-autonaim/recruitment-assistant-extension:test: TestingLibraryElementError: Found multiple elements with the text: React
@qbs-autonaim/recruitment-assistant-extension:test: 
@qbs-autonaim/recruitment-assistant-extension:test: Here are the matching elements:
@qbs-autonaim/recruitment-assistant-extension:test: 
@qbs-autonaim/recruitment-assistant-extension:test: Ignored nodes: comments, script, style
@qbs-autonaim/recruitment-assistant-extension:test: [36m<span[39m
@qbs-autonaim/recruitment-assistant-extension:test:   [33maria-hidden[39m=[32m"true"[39m
@qbs-autonaim/recruitment-assistant-extension:test: [36m>[39m
@qbs-autonaim/recruitment-assistant-extension:test:   [0mReact[0m
@qbs-autonaim/recruitment-assistant-extension:test: [36m</span>[39m
@qbs-autonaim/recruitment-assistant-extension:test: 
@qbs-autonaim/recruitment-assistant-extension:test: Ignored nodes: comments, script, style
@qbs-autonaim/recruitment-assistant-extension:test: [36m<span>[39m
@qbs-autonaim/recruitment-assistant-extension:test:   [0mReact[0m
@qbs-autonaim/recruitment-assistant-extension:test: [36m</span>[39m
@qbs-autonaim/recruitment-assistant-extension:test: 
@qbs-autonaim/recruitment-assistant-extension:test: (If this is intentional, then use the `*AllBy*` variant of the query (like `queryAllByText`, `getAllByText`, or `findAllByText`)).
@qbs-autonaim/recruitment-assistant-extension:test: 
@qbs-autonaim/recruitment-assistant-extension:test: Ignored nodes: comments, script, style
@qbs-autonaim/recruitment-assistant-extension:test: [36m<body>[39m
@qbs-autonaim/recruitment-assistant-extension:test:   [0m
@qbs-autonaim/recruitment-assistant-extension:test:         [0m
@qbs-autonaim/recruitment-assistant-extension:test:   [36m<h1[39m
@qbs-autonaim/recruitment-assistant-extension:test:     [33mclass[39m=[32m"text-heading-xlarge"[39m
@qbs-autonaim/recruitment-assistant-extension:test:   [36m>[39m
@qbs-autonaim/recruitment-assistant-extension:test:     [0m╨Ш╨▓╨░╨╜ ╨Ш╨▓╨░╨╜╨╛╨▓[0m
@qbs-autonaim/recruitment-assistant-extension:test:   [36m</h1>[39m
@qbs-autonaim/recruitment-assistant-extension:test:   [0m
@qbs-autonaim/recruitment-assistant-extension:test:         [0m
@qbs-autonaim/recruitment-assistant-extension:test:   [36m<div[39m
@qbs-autonaim/recruitment-assistant-extension:test:     [33mclass[39m=[32m"text-body-medium"[39m
@qbs-autonaim/recruitment-assistant-extension:test:   [36m>[39m
@qbs-autonaim/recruitment-assistant-extension:test:     [0mSenior Developer[0m
@qbs-autonaim/recruitment-assistant-extension:test:   [36m</div>[39m
@qbs-autonaim/recruitment-assistant-extension:test:   [0m
@qbs-autonaim/recruitment-assistant-extension:test:         [0m
@qbs-autonaim/recruitment-assistant-extension:test:   [36m<span[39m
@qbs-autonaim/recruitment-assistant-extension:test:     [33mclass[39m=[32m"text-body-small inline"[39m
@qbs-autonaim/recruitment-assistant-extension:test:   [36m>[39m
@qbs-autonaim/recruitment-assistant-extension:test:     [0m╨Ь╨╛╤Б╨║╨▓╨░, ╨а╨╛╤Б╤Б╨╕╤П[0m
@qbs-autonaim/recruitment-assistant-extension:test:   [36m</span>[39m
@qbs-autonaim/recruitment-assistant-extension:test:   [0m
@qbs-autonaim/recruitment-assistant-extension:test:         [0m
@qbs-autonaim/recruitment-assistant-extension:test:   [36m<img[39m
@qbs-autonaim/recruitment-assistant-extension:test:     [33mclass[39m=[32m"pv-top-card-profile-picture__image"[39m
@qbs-autonaim/recruitment-assistant-extension:test:     [33msrc[39m=[32m"https://example.com/photo.jpg"[39m
@qbs-autonaim/recruitment-assistant-extension:test:   [36m/>[39m
@qbs-autonaim/recruitment-assistant-extension:test:   [0m
@qbs-autonaim/recruitment-assistant-extension:test:         
@qbs-autonaim/recruitment-assistant-extension:test:         [0m
@qbs-autonaim/recruitment-assistant-extension:test:   [36m<section[39m
@qbs-autonaim/recruitment-assistant-extension:test:     [33mid[39m=[32m"experience"[39m
@qbs-autonaim/recruitment-assistant-extension:test:   [36m>[39m
@qbs-autonaim/recruitment-assistant-extension:test:     [0m
@qbs-autonaim/recruitment-assistant-extension:test:           [0m
@qbs-autonaim/recruitment-assistant-extension:test:     [36m<ul>[39m
@qbs-autonaim/recruitment-assistant-extension:test:       [0m
@qbs-autonaim/recruitment-assistant-extension:test:             [0m
@qbs-autonaim/recruitment-assistant-extension:test:       [36m<li[39m
@qbs-autonaim/recruitment-assistant-extension:test:         [33mclass[39m=[32m"artdeco-list__item"[39m
@qbs-autonaim/recruitment-assistant-extension:test:       [36m>[39m
@qbs-autonaim/recruitment-assistant-extension:test:         [0m
@qbs-autonaim/recruitment-assistant-extension:test:               [0m
@qbs-autonaim/recruitment-assistant-extension:test:         [36m<div[39m
@qbs-autonaim/recruitment-assistant-extension:test:           [33mclass[39m=[32m"display-flex"[39m
@qbs-autonaim/recruitment-assistant-extension:test:         [36m>[39m
@qbs-autonaim/recruitment-assistant-extension:test:           [0m
@qbs-autonaim/recruitment-assistant-extension:test:                 [0m
@qbs-autonaim/recruitment-assistant-extension:test:           [36m<span[39m
@qbs-autonaim/recruitment-assistant-extension:test:             [33maria-hidden[39m=[32m"true"[39m
@qbs-autonaim/recruitment-assistant-extension:test:           [36m>[39m
@qbs-autonaim/recruitment-assistant-extension:test:             [0mSenior Developer[0m
@qbs-autonaim/recruitment-assistant-extension:test:           [36m</span>[39m
@qbs-autonaim/recruitment-assistant-extension:test:           [0m
@qbs-autonaim/recruitment-assistant-extension:test:               [0m
@qbs-autonaim/recruitment-assistant-extension:test:         [36m</div>[39m
@qbs-autonaim/recruitment-assistant-extension:test:         [0m
@qbs-autonaim/recruitment-assistant-extension:test:               [0m
@qbs-autonaim/recruitment-assistant-extension:test:         [36m<span[39m
@qbs-autonaim/recruitment-assistant-extension:test:           [33mclass[39m=[32m"t-14 t-normal"[39m
@qbs-autonaim/recruitment-assistant-extension:test:         [36m>[39m
@qbs-autonaim/recruitment-assistant-extension:test:           [0m
@qbs-autonaim/recruitment-assistant-extension:test:                 [0m
@qbs-autonaim/recruitment-assistant-extension:test:           [36m<span[39m
@qbs-autonaim/recruitment-assistant-extension:test:             [33maria-hidden[39m=[32m"true"[39m
@qbs-autonaim/recruitment-assistant-extension:test:           [36m>[39m
@qbs-autonaim/recruitment-assistant-extension:test:             [0mTech Company[0m
@qbs-autonaim/recruitment-assistant-extension:test:           [36m</span>[39m
@qbs-autonaim/recruitment-assistant-extension:test:           [0m
@qbs-autonaim/recruitment-assistant-extension:test:               [0m
@qbs-autonaim/recruitment-assistant-extension:test:         [36m</span>[39m
@qbs-autonaim/recruitment-assistant-extension:test:         [0m
@qbs-autonaim/recruitment-assistant-extension:test:               [0m
@qbs-autonaim/recruitment-assistant-extension:test:         [36m<span[39m
@qbs-autonaim/recruitment-assistant-extension:test:           [33mclass[39m=[32m"t-14 t-normal t-black--light"[39m
@qbs-autonaim/recruitment-assistant-extension:test:         [36m>[39m
@qbs-autonaim/recruitment-assistant-extension:test:           [0m
@qbs-autonaim/recruitment-assistant-extension:test:                 [0m
@qbs-autonaim/recruitment-assistant-extension:test:           [36m<span[39m
@qbs-autonaim/recruitment-assistant-extension:test:             [33maria-hidden[39m=[32m"true"[39m
@qbs-autonaim/recruitment-assistant-extension:test:           [36m>[39m
@qbs-autonaim/recruitment-assistant-extension:test:             [0m2020 тАУ ╨┐╨╛ ╨╜╨░╤Б╤В╨╛╤П╤Й╨╡╨╡ ╨▓╤А╨╡╨╝╤П[0m
@qbs-autonaim/recruitment-assistant-extension:test:           [36m</span>[39m
@qbs-autonaim/recruitment-assistant-extension:test:           [0m
@qbs-autonaim/recruitment-assistant-extension:test:               [0m
@qbs-autonaim/recruitment-assistant-extension:test:         [36m</span>[39m
@qbs-autonaim/recruitment-assistant-extension:test:         [0m
@qbs-autonaim/recruitment-assistant-extension:test:               [0m
@qbs-autonaim/recruitment-assistant-extension:test:         [36m<div[39m
@qbs-autonaim/recruitment-assistant-extension:test:           [33mclass[39m=[32m"display-flex full-width"[39m
@qbs-autonaim/recruitment-assistant-extension:test:         [36m>[39m
@qbs-autonaim/recruitment-assistant-extension:test:           [0m
@qbs-autonaim/recruitment-assistant-extension:test:                 [0m
@qbs-autonaim/recruitment-assistant-extension:test:           [36m<span[39m
@qbs-autonaim/recruitment-assistant-extension:test:             [33maria-hidden[39m=[32m"true"[39m
@qbs-autonaim/recruitment-assistant-extension:test:           [36m>[39m
@qbs-autonaim/recruitment-assistant-extension:test:             [0m╨а╨░╨╖╤А╨░╨▒╨╛╤В╨║╨░[0m
@qbs-autonaim/recruitment-assistant-extension:test:           [36m</span>[39m
@qbs-autonaim/recruitment-assistant-extension:test:           [0m
@qbs-autonaim/recruitment-assistant-extension:test:               [0m
@qbs-autonaim/recruitment-assistant-extension:test:         [36m</div>[39m
@qbs-autonaim/recruitment-assistant-extension:test:         [0m
@qbs-autonaim/recruitment-assistant-extension:test:             [0m
@qbs-autonaim/recruitment-assistant-extension:test:       [36m</li>[39m
@qbs-autonaim/recruitment-assistant-extension:test:       [0m
@qbs-autonaim/recruitment-assistant-extension:test:           [0m
@qbs-autonaim/recruitment-assistant-extension:test:     [36m</ul>[39m
@qbs-autonaim/recruitment-assistant-extension:test:     [0m
@qbs-autonaim/recruitment-assistant-extension:test:         [0m
@qbs-autonaim/recruitment-assistant-extension:test:   [36m</section>[39m
@qbs-autonaim/recruitment-assistant-extension:test:   [0m
@qbs-autonaim/recruitment-assistant-extension:test:         
@qbs-autonaim/recruitment-assistant-extension:test:         [0m
@qbs-autonaim/recruitment-assistant-extension:test:   [36m<section[39m
@qbs-autonaim/recruitment-assistant-extension:test:     [33mid[39m=[32m"education"[39m
@qbs-autonaim/recruitment-assistant-extension:test:   [36m>[39m
@qbs-autonaim/recruitment-assistant-extension:test:     [0m
@qbs-autonaim/recruitment-assistant-extension:test:           [0m
@qbs-autonaim/recruitment-assistant-extension:test:     [36m<ul>[39m
@qbs-autonaim/recruitment-assistant-extension:test:       [0m
@qbs-autonaim/recruitment-assistant-extension:test:             [0m
@qbs-autonaim/recruitment-assistant-extension:test:       [36m<li[39m
@qbs-autonaim/recruitment-assistant-extension:test:         [33mclass[39m=[32m"artdeco-list__item"[39m
@qbs-autonaim/recruitment-assistant-extension:test:       [36m>[39m
@qbs-autonaim/recruitment-assistant-extension:test:         [0m
@qbs-autonaim/recruitment-assistant-extension:test:               [0m
@qbs-autonaim/recruitment-assistant-extension:test:         [36m<div[39m
@qbs-autonaim/recruitment-assistant-extension:test:           [33mclass[39m=[32m"display-flex"[39m
@qbs-autonaim/recruitment-assistant-extension:test:         [36m>[39m
@qbs-autonaim/recruitment-assistant-extension:test:           [0m
@qbs-autonaim/recruitment-assistant-extension:test:                 [0m
@qbs-autonaim/recruitment-assistant-extension:test:           [36m<span[39m
@qbs-autonaim/recruitment-assistant-extension:test:             [33maria-hidden[39m=[32m"true"[39m
@qbs-autonaim/recruitment-assistant-extension:test:           [36m>[39m
@qbs-autonaim/recruitment-assistant-extension:test:             [0m╨Ь╨У╨г[0m
@qbs-autonaim/recruitment-assistant-extension:test:           [36m</span>[39m
@qbs-autonaim/recruitment-assistant-extension:test:           [0m
@qbs-autonaim/recruitment-assistant-extension:test:               [0m
@qbs-autonaim/recruitment-assistant-extension:test:         [36m</div>[39m
@qbs-autonaim/recruitment-assistant-extension:test:         [0m
@qbs-autonaim/recruitment-assistant-extension:test:               [0m
@qbs-autonaim/recruitment-assistant-extension:test:         [36m<span[39m
@qbs-autonaim/recruitment-assistant-extension:test:           [33mclass[39m=[32m"t-14 t-normal"[39m
@qbs-autonaim/recruitment-assistant-extension:test:         [36m>[39m
@qbs-autonaim/recruitment-assistant-extension:test:           [0m
@qbs-autonaim/recruitment-assistant-extension:test:                 [0m
@qbs-autonaim/recruitment-assistant-extension:test:           [36m<span[39m
@qbs-autonaim/recruitment-assistant-extension:test:             [33maria-hidden[39m=[32m"true"[39m
@qbs-autonaim/recruitment-assistant-extension:test:           [36m>[39m
@qbs-autonaim/recruitment-assistant-extension:test:             [0m╨С╨░╨║╨░╨╗╨░╨▓╤А[0m
@qbs-autonaim/recruitment-assistant-extension:test:           [36m</span>[39m
@qbs-autonaim/recruitment-assistant-extension:test:           [0m
@qbs-autonaim/recruitment-assistant-extension:test:               [0m
@qbs-autonaim/recruitment-assistant-extension:test:         [36m</span>[39m
@qbs-autonaim/recruitment-assistant-extension:test:         [0m
@qbs-autonaim/recruitment-assistant-extension:test:               [0m
@qbs-autonaim/recruitment-assistant-extension:test:         [36m<span[39m
@qbs-autonaim/recruitment-assistant-extension:test:           [33mclass[39m=[32m"t-14 t-normal t-black--light"[39m
@qbs-autonaim/recruitment-assistant-extension:test:         [36m>[39m
@qbs-autonaim/recruitment-assistant-extension:test:           [0m
@qbs-autonaim/recruitment-assistant-extension:test:                 [0m
@qbs-autonaim/recruitment-assistant-extension:test:           [36m<span[39m
@qbs-autonaim/recruitment-assistant-extension:test:             [33maria-hidden[39m=[32m"true"[39m
@qbs-autonaim/recruitment-assistant-extension:test:           [36m>[39m
@qbs-autonaim/recruitment-assistant-extension:test:             [0m╨Ш╨╜╤Д╨╛╤А╨╝╨░╤В╨╕╨║╨░[0m
@qbs-autonaim/recruitment-assistant-extension:test:           [36m</span>[39m
@qbs-autonaim/recruitment-assistant-extension:test:           [0m
@qbs-autonaim/recruitment-assistant-extension:test:               [0m
@qbs-autonaim/recruitment-assistant-extension:test:         [36m</span>[39m
@qbs-autonaim/recruitment-assistant-extension:test:         [0m
@qbs-autonaim/recruitment-assistant-extension:test:               [0m
@qbs-autonaim/recruitment-assistant-extension:test:         [36m<span[39m
@qbs-autonaim/recruitment-assistant-extension:test:           [33mclass[39m=[32m"t-14 t-normal t-black--light"[39m
@qbs-autonaim/recruitment-assistant-extension:test:         [36m>[39m
@qbs-autonaim/recruitment-assistant-extension:test:           [0m
@qbs-autonaim/recruitment-assistant-extension:test:                 [0m
@qbs-autonaim/recruitment-assistant-extension:test:           [36m<span[39m
@qbs-autonaim/recruitment-assistant-extension:test:             [33maria-hidden[39m=[32m"true"[39m
@qbs-autonaim/recruitment-assistant-extension:test:           [36m>[39m
@qbs-autonaim/recruitment-assistant-extension:test:             [0m2015 тАУ 2019[0m
@qbs-autonaim/recruitment-assistant-extension:test:           [36m</span>[39m
@qbs-autonaim/recruitment-assistant-extension:test:           [0m
@qbs-autonaim/recruitment-assistant-extension:test:               [0m
@qbs-autonaim/recruitment-assistant-extension:test:         [36m</span>[39m
@qbs-autonaim/recruitment-assistant-extension:test:         [0m
@qbs-autonaim/recruitment-assistant-extension:test:             [0m
@qbs-autonaim/recruitment-assistant-extension:test:       [36m</li>[39m
@qbs-autonaim/recruitment-assistant-extension:test:       [0m
@qbs-autonaim/recruitment-assistant-extension:test:           [0m
@qbs-autonaim/recruitment-assistant-extension:test:     [36m</ul>[39m
@qbs-autonaim/recruitment-assistant-extension:test:     [0m
@qbs-autonaim/recruitment-assistant-extension:test:         [0m
@qbs-autonaim/recruitment-assistant-extension:test:   [36m</section>[39m
@qbs-autonaim/recruitment-assistant-extension:test:   [0m
@qbs-autonaim/recruitment-assistant-extension:test:         
@qbs-autonaim/recruitment-assistant-extension:test:         [0m
@qbs-autonaim/recruitment-assistant-extension:test:   [36m<section[39m
@qbs-autonaim/recruitment-assistant-extension:test:     [33mid[39m=[32m"skills"[39m
@qbs-autonaim/recruitment-assistant-extension:test:   [36m>[39m
@qbs-autonaim/recruitment-assistant-extension:test:     [0m
@qbs-autonaim/recruitment-assistant-extension:test:           [0m
@qbs-autonaim/recruitment-assistant-extension:test:     [36m<span[39m
@qbs-autonaim/recruitment-assistant-extension:test:       [33maria-hidden[39m=[32m"true"[39m
@qbs-autonaim/recruitment-assistant-extension:test:     [36m>[39m
@qbs-autonaim/recruitment-assistant-extension:test:       [0mTypeScript[0m
@qbs-autonaim/recruitment-assistant-extension:test:     [36m</span>[39m
@qbs-autonaim/recruitment-assistant-extension:test:     [0m
@qbs-autonaim/recruitment-assistant-extension:test:           [0m
@qbs-autonaim/recruitment-assistant-extension:test:     [36m<span[39m
@qbs-autonaim/recruitment-assistant-extension:test:       [33maria-hidden[39m=[32m"true"[39m
@qbs-autonaim/recruitment-assistant-extension:test:     [36m>[39m
@qbs-autonaim/recruitment-assistant-extension:test:       [0mReact[0m
@qbs-autonaim/recruitment-assistant-extension:test:     [36m</span>[39m
@qbs-autonaim/recruitment-assistant-extension:test:     [0m
@qbs-autonaim/recruitment-assistant-extension:test:         [0m
@qbs-autonaim/recruitment-assistant-extension:test:   [36m</section>[39m
@qbs-autonaim/recruitment-assistant-extension:test:   [0m
@qbs-autonaim/recruitment-assistant-extension:test:         
@qbs-autonaim/recruitment-assistant-extension:test:         [0m
@qbs-autonaim/recruitment-assistant-extension:test:   [36m<section[39m
@qbs-autonaim/recruitment-assistant-extension:test:     [33mclass[39m=[32m"pv-contact-info"[39m
@qbs-autonaim/recruitment-assistant-extension:test:   [36m>[39m
@qbs-autonaim/recruitment-assistant-extension:test:     [0m
@qbs-autonaim/recruitment-assistant-extension:test:           [0m
@qbs-autonaim/recruitment-assistant-extension:test:     [36m<a[39m
@qbs-autonaim/recruitment-assistant-extension:test:       [33mhref[39m=[32m"mailto:ivan@example.com"[39m
@qbs-autonaim/recruitment-assistant-extension:test:     [36m>[39m
@qbs-autonaim/recruitment-assistant-extension:test:       [0mEmail[0m
@qbs-autonaim/recruitment-assistant-extension:test:     [36m</a>[39m
@qbs-autonaim/recruitment-assistant-extension:test:     [0m
@qbs-autonaim/recruitment-assistant-extension:test:           [0m
@qbs-autonaim/recruitment-assistant-extension:test:     [36m<span[39m
@qbs-autonaim/recruitment-assistant-extension:test:       [33mclass[39m=[32m"t-14 t-black t-normal"[39m
@qbs-autonaim/recruitment-assistant-extension:test:     [36m>[39m
@qbs-autonaim/recruitment-assistant-extension:test:       [0m+7 (999) 123-45-67[0m
@qbs-autonaim/recruitment-assistant-extension:test:     [36m</span>[39m
@qbs-autonaim/recruitment-assistant-extension:test:     [0m
@qbs-autonaim/recruitment-assistant-extension:test:         [0m
@qbs-autonaim/recruitment-assistant-extension:test:   [36m</section>[39m
@qbs-autonaim/recruitment-assistant-extension:test:   [0m
@qbs-autonaim/recruitment-assistant-extension:test:       [0m
@qbs-autonaim/recruitment-assistant-extension:test:   [36m<div>[39m
@qbs-autonaim/recruitment-assistant-extension:test:     [36m<div>[39m
@qbs-autonaim/recruitment-assistant-extension:test:       [36m<div[39m
@qbs-autonaim/recruitment-assistant-extension:test:         [33mstyle[39m=[32m"display: flex; justify-content: space-between; align-items: center; margin-bottom: 12px;"[39m
@qbs-autonaim/recruitment-assistant-extension:test:       [36m>[39m
@qbs-autonaim/recruitment-assistant-extension:test:         [36m<h3[39m
@qbs-autonaim/recruitment-assistant-extension:test:           [33mstyle[39m=[32m"font-size: 16px; font-weight: 600; color: #1f2937; margin: 0px;"[39m
@qbs-autonaim/recruitment-assistant-extension:test:         [36m>[39m
@qbs-autonaim/recruitment-assistant-extension:test:           [0m╨Э╨░╨▓╤Л╨║╨╕[0m
@qbs-autonaim/recruitment-assistant-extension:test:         [36m</h3>[39m
@qbs-autonaim/recruitment-assistant-extension:test:         [36m<button[39m
@qbs-autonaim/recruitment-assistant-extension:test:           [33maria-label[39m=[32m"╨а╨╡╨┤╨░╨║╤В╨╕╤А╨╛╨▓╨░╤В╤М ╨╜╨░╨▓╤Л╨║╨╕"[39m
@qbs-autonaim/recruitment-assistant-extension:test:           [33maria-pressed[39m=[32m"false"[39m
@qbs-autonaim/recruitment-assistant-extension:test:           [33mstyle[39m=[32m"min-width: 44px; min-height: 44px; padding: 8px 12px; background-color: white; color: #3b82f6; border: 1px solid #3b82f6; border-radius: 6px; font-size: 14px; font-weight: 500; cursor: pointer; touch-action: manipulation;"[39m
@qbs-autonaim/recruitment-assistant-extension:test:           [33mtype[39m=[32m"button"[39m
@qbs-autonaim/recruitment-assistant-extension:test:         [36m>[39m
@qbs-autonaim/recruitment-assistant-extension:test:           [0m╨Ш╨╖╨╝╨╡╨╜╨╕╤В╤М[0m
@qbs-autonaim/recruitment-assistant-extension:test:         [36m</button>[39m
@qbs-autonaim/recruitment-assistant-extension:test:       [36m</div>[39m
@qbs-autonaim/recruitment-assistant-extension:test:       [36m<ul[39m
@qbs-autonaim/recruitment-assistant-extension:test:         [33maria-label[39m=[32m"╨б╨┐╨╕╤Б╨╛╨║ ╨╜╨░╨▓╤Л╨║╨╛╨▓"[39m
@qbs-autonaim/recruitment-assistant-extension:test:         [33mstyle[39m=[32m"display: flex; flex-wrap: wrap; gap: 8px; margin: 0px; padding: 0px; list-style: none;"[39m
@qbs-autonaim/recruitment-assistant-extension:test:       [36m>[39m
@qbs-autonaim/recruitment-assistant-extension:test:         [36m<li[39m
@qbs-autonaim/recruitment-assistant-extension:test:           [33mstyle[39m=[32m"display: flex; align-items: center; gap: 8px; padding: 6px 12px; background-color: #eff6ff; color: #1e40af; border-radius: 6px; font-size: 14px; border: 1px solid #bfdbfe;"[39m
@qbs-autonaim/recruitment-assistant-extension:test:         [36m>[39m
@qbs-autonaim/recruitment-assistant-extension:test:           [36m<span>[39m
@qbs-autonaim/recruitment-assistant-extension:test:             [0mJavaScript[0m
@qbs-autonaim/recruitment-assistant-extension:test:           [36m</span>[39m
@qbs-autonaim/recruitment-assistant-extension:test:         [36m</li>[39m
@qbs-autonaim/recruitment-assistant-extension:test:         [36m<li[39m
@qbs-autonaim/recruitment-assistant-extension:test:           [33mstyle[39m=[32m"display: flex; align-items: center; gap: 8px; padding: 6px 12px; background-color: #eff6ff; color: #1e40af; border-radius: 6px; font-size: 14px; border: 1px solid #bfdbfe;"[39m
@qbs-autonaim/recruitment-assistant-extension:test:         [36m>[39m
@qbs-autonaim/recruitment-assistant-extension:test:           [36m<span>[39m
@qbs-autonaim/recruitment-assistant-extension:test:             [0mReact[0m
@qbs-autonaim/recruitment-assistant-extension:test:           [36m</span>[39m
@qbs-autonaim/recruitment-assistant-extension:test:         [36m</li>[39m
@qbs-autonaim/recruitment-assistant-extension:test:         [36m<li[39m
@qbs-autonaim/recruitment-assistant-extension:test:           [33mstyle[39m=[32m"display: flex; align-items: center; gap: 8px; padding: 6px 12px; background-color: #eff6ff; color: #1e40af; border-radius: 6px; font-size: 14px; border: 1px solid #bfdbfe;"[39m
@qbs-autonaim/recruitment-assistant-extension:test:         [36m>[39m
@qbs-autonaim/recruitment-assistant-extension:test:           [36m<span>[39m
@qbs-autonaim/recruitment-assistant-extension:test:             [0mTypeScript[0m
@qbs-autonaim/recruitment-assistant-extension:test:           [36m</span>[39m
@qbs-autonaim/recruitment-assistant-extension:test:         [36m</li>[39m
@qbs-autonaim/recruitment-assistant-extension:test:       [36m</ul>[39m
@qbs-autonaim/recruitment-assistant-extension:test:     [36m</div>[39m
@qbs-autonaim/recruitment-assistant-extension:test:   [36m</div>[39m
@qbs-autonaim/recruitment-assistant-extension:test: [36m</body>[39m
@qbs-autonaim/recruitment-assistant-extension:test:       at <anonymous> (C:\Projects\kwork\selectio\node_modules\@testing-library\dom\dist\query-helpers.js:59:30)
@qbs-autonaim/recruitment-assistant-extension:test:       at <anonymous> (C:\Projects\kwork\selectio\node_modules\@testing-library\dom\dist\query-helpers.js:95:19)
@qbs-autonaim/recruitment-assistant-extension:test:       at <anonymous> (C:\Projects\kwork\selectio\apps\recruitment-assistant-extension\src\content\ui\skills-list.test.tsx:22:21)
@qbs-autonaim/recruitment-assistant-extension:test: (fail) SkillsList > ╨а╨╡╨╜╨┤╨╡╤А╨╕╨╜╨│ > ╨┤╨╛╨╗╨╢╨╡╨╜ ╨╛╤В╨╛╨▒╤А╨░╨╢╨░╤В╤М ╤Б╨┐╨╕╤Б╨╛╨║ ╨╜╨░╨▓╤Л╨║╨╛╨▓
@qbs-autonaim/recruitment-assistant-extension:test: (pass) SkillsList > ╨а╨╡╨╜╨┤╨╡╤А╨╕╨╜╨│ > ╨┤╨╛╨╗╨╢╨╡╨╜ ╨╛╤В╨╛╨▒╤А╨░╨╢╨░╤В╤М "╨Э╨░╨▓╤Л╨║╨╕ ╨╜╨╡ ╤Г╨║╨░╨╖╨░╨╜╤Л" ╨┤╨╗╤П ╨┐╤Г╤Б╤В╨╛╨│╨╛ ╤Б╨┐╨╕╤Б╨║╨░
@qbs-autonaim/recruitment-assistant-extension:test: (pass) SkillsList > ╨а╨╡╨╜╨┤╨╡╤А╨╕╨╜╨│ > ╨┤╨╛╨╗╨╢╨╡╨╜ ╨╛╤В╨╛╨▒╤А╨░╨╢╨░╤В╤М ╨║╨╜╨╛╨┐╨║╤Г ╤А╨╡╨┤╨░╨║╤В╨╕╤А╨╛╨▓╨░╨╜╨╕╤П [16.00ms]
@qbs-autonaim/recruitment-assistant-extension:test: (pass) SkillsList > ╨а╨╡╨╜╨┤╨╡╤А╨╕╨╜╨│ > ╨╜╨╡ ╨┤╨╛╨╗╨╢╨╡╨╜ ╨╛╤В╨╛╨▒╤А╨░╨╢╨░╤В╤М ╨┐╨╛╨╗╨╡ ╨▓╨▓╨╛╨┤╨░ ╨┐╨╛ ╤Г╨╝╨╛╨╗╤З╨░╨╜╨╕╤О
@qbs-autonaim/recruitment-assistant-extension:test: (pass) SkillsList > ╨а╨╡╨╜╨┤╨╡╤А╨╕╨╜╨│ > ╨╜╨╡ ╨┤╨╛╨╗╨╢╨╡╨╜ ╨╛╤В╨╛╨▒╤А╨░╨╢╨░╤В╤М ╨║╨╜╨╛╨┐╨║╨╕ ╤Г╨┤╨░╨╗╨╡╨╜╨╕╤П ╨┐╨╛ ╤Г╨╝╨╛╨╗╤З╨░╨╜╨╕╤О
@qbs-autonaim/recruitment-assistant-extension:test: (pass) SkillsList > ╨а╨╡╨╢╨╕╨╝ ╤А╨╡╨┤╨░╨║╤В╨╕╤А╨╛╨▓╨░╨╜╨╕╤П > ╨┤╨╛╨╗╨╢╨╡╨╜ ╨┐╨╡╤А╨╡╨║╨╗╤О╤З╨░╤В╤М╤Б╤П ╨▓ ╤А╨╡╨╢╨╕╨╝ ╤А╨╡╨┤╨░╨║╤В╨╕╤А╨╛╨▓╨░╨╜╨╕╤П ╨┐╤А╨╕ ╨║╨╗╨╕╨║╨╡
@qbs-autonaim/recruitment-assistant-extension:test: (pass) SkillsList > ╨а╨╡╨╢╨╕╨╝ ╤А╨╡╨┤╨░╨║╤В╨╕╤А╨╛╨▓╨░╨╜╨╕╤П > ╨┤╨╛╨╗╨╢╨╡╨╜ ╨╕╨╖╨╝╨╡╨╜╨╕╤В╤М ╤В╨╡╨║╤Б╤В ╨║╨╜╨╛╨┐╨║╨╕ ╨╜╨░ "╨У╨╛╤В╨╛╨▓╨╛" ╨▓ ╤А╨╡╨╢╨╕╨╝╨╡ ╤А╨╡╨┤╨░╨║╤В╨╕╤А╨╛╨▓╨░╨╜╨╕╤П [15.00ms]
@qbs-autonaim/recruitment-assistant-extension:test: (pass) SkillsList > ╨а╨╡╨╢╨╕╨╝ ╤А╨╡╨┤╨░╨║╤В╨╕╤А╨╛╨▓╨░╨╜╨╕╤П > ╨┤╨╛╨╗╨╢╨╡╨╜ ╨╛╤В╨╛╨▒╤А╨░╨╢╨░╤В╤М ╨║╨╜╨╛╨┐╨║╨╕ ╤Г╨┤╨░╨╗╨╡╨╜╨╕╤П ╨▓ ╤А╨╡╨╢╨╕╨╝╨╡ ╤А╨╡╨┤╨░╨║╤В╨╕╤А╨╛╨▓╨░╨╜╨╕╤П
@qbs-autonaim/recruitment-assistant-extension:test: (pass) SkillsList > ╨а╨╡╨╢╨╕╨╝ ╤А╨╡╨┤╨░╨║╤В╨╕╤А╨╛╨▓╨░╨╜╨╕╤П > ╨┤╨╛╨╗╨╢╨╡╨╜ ╨▓╤Л╤Е╨╛╨┤╨╕╤В╤М ╨╕╨╖ ╤А╨╡╨╢╨╕╨╝╨░ ╤А╨╡╨┤╨░╨║╤В╨╕╤А╨╛╨▓╨░╨╜╨╕╤П ╨┐╤А╨╕ ╨┐╨╛╨▓╤В╨╛╤А╨╜╨╛╨╝ ╨║╨╗╨╕╨║╨╡ [16.00ms]
@qbs-autonaim/recruitment-assistant-extension:test: (pass) SkillsList > ╨Ф╨╛╨▒╨░╨▓╨╗╨╡╨╜╨╕╨╡ ╨╜╨░╨▓╤Л╨║╨╛╨▓ > ╨┤╨╛╨╗╨╢╨╡╨╜ ╨▓╤Л╨╖╤Л╨▓╨░╤В╤М onEdit ╨┐╤А╨╕ ╨┤╨╛╨▒╨░╨▓╨╗╨╡╨╜╨╕╨╕ ╨╜╨╛╨▓╨╛╨│╨╛ ╨╜╨░╨▓╤Л╨║╨░
@qbs-autonaim/recruitment-assistant-extension:test: (pass) SkillsList > ╨Ф╨╛╨▒╨░╨▓╨╗╨╡╨╜╨╕╨╡ ╨╜╨░╨▓╤Л╨║╨╛╨▓ > ╨┤╨╛╨╗╨╢╨╡╨╜ ╨╛╤З╨╕╤Й╨░╤В╤М ╨┐╨╛╨╗╨╡ ╨▓╨▓╨╛╨┤╨░ ╨┐╨╛╤Б╨╗╨╡ ╨┤╨╛╨▒╨░╨▓╨╗╨╡╨╜╨╕╤П ╨╜╨░╨▓╤Л╨║╨░ [15.00ms]
@qbs-autonaim/recruitment-assistant-extension:test: (pass) SkillsList > ╨Ф╨╛╨▒╨░╨▓╨╗╨╡╨╜╨╕╨╡ ╨╜╨░╨▓╤Л╨║╨╛╨▓ > ╨┤╨╛╨╗╨╢╨╡╨╜ ╨╛╨▒╤А╨╡╨╖╨░╤В╤М ╨┐╤А╨╛╨▒╨╡╨╗╤Л ╨┐╤А╨╕ ╨┤╨╛╨▒╨░╨▓╨╗╨╡╨╜╨╕╨╕ ╨╜╨░╨▓╤Л╨║╨░
@qbs-autonaim/recruitment-assistant-extension:test: (pass) SkillsList > ╨Ф╨╛╨▒╨░╨▓╨╗╨╡╨╜╨╕╨╡ ╨╜╨░╨▓╤Л╨║╨╛╨▓ > ╨╜╨╡ ╨┤╨╛╨╗╨╢╨╡╨╜ ╨┤╨╛╨▒╨░╨▓╨╗╤П╤В╤М ╨┐╤Г╤Б╤В╨╛╨╣ ╨╜╨░╨▓╤Л╨║
@qbs-autonaim/recruitment-assistant-extension:test: (pass) SkillsList > ╨Ф╨╛╨▒╨░╨▓╨╗╨╡╨╜╨╕╨╡ ╨╜╨░╨▓╤Л╨║╨╛╨▓ > ╨╜╨╡ ╨┤╨╛╨╗╨╢╨╡╨╜ ╨┤╨╛╨▒╨░╨▓╨╗╤П╤В╤М ╨┤╤Г╨▒╨╗╨╕╨║╨░╤В ╨╜╨░╨▓╤Л╨║╨░ [16.00ms]
@qbs-autonaim/recruitment-assistant-extension:test: (pass) SkillsList > ╨Ф╨╛╨▒╨░╨▓╨╗╨╡╨╜╨╕╨╡ ╨╜╨░╨▓╤Л╨║╨╛╨▓ > ╨┤╨╛╨╗╨╢╨╡╨╜ ╨┤╨╛╨▒╨░╨▓╨╗╤П╤В╤М ╨╜╨░╨▓╤Л╨║ ╨┐╤А╨╕ ╨╜╨░╨╢╨░╤В╨╕╨╕ Enter [16.00ms]
@qbs-autonaim/recruitment-assistant-extension:test: (pass) SkillsList > ╨г╨┤╨░╨╗╨╡╨╜╨╕╨╡ ╨╜╨░╨▓╤Л╨║╨╛╨▓ > ╨┤╨╛╨╗╨╢╨╡╨╜ ╨▓╤Л╨╖╤Л╨▓╨░╤В╤М onEdit ╨┐╤А╨╕ ╤Г╨┤╨░╨╗╨╡╨╜╨╕╨╕ ╨╜╨░╨▓╤Л╨║╨░
@qbs-autonaim/recruitment-assistant-extension:test: (pass) SkillsList > ╨г╨┤╨░╨╗╨╡╨╜╨╕╨╡ ╨╜╨░╨▓╤Л╨║╨╛╨▓ > ╨┤╨╛╨╗╨╢╨╡╨╜ ╤Г╨┤╨░╨╗╤П╤В╤М ╨┐╤А╨░╨▓╨╕╨╗╤М╨╜╤Л╨╣ ╨╜╨░╨▓╤Л╨║ [15.00ms]
@qbs-autonaim/recruitment-assistant-extension:test: 54 |       const elementStrings = els.map(element => getElementError(null, element).message).join('\n\n');
@qbs-autonaim/recruitment-assistant-extension:test: 55 |       throw getMultipleElementsFoundError(`${getMultipleError(container, ...args)}
@qbs-autonaim/recruitment-assistant-extension:test: 56 | 
@qbs-autonaim/recruitment-assistant-extension:test: 57 | Here are the matching elements:
@qbs-autonaim/recruitment-assistant-extension:test: 58 | 
@qbs-autonaim/recruitment-assistant-extension:test: 59 | ${elementStrings}`, container);
@qbs-autonaim/recruitment-assistant-extension:test:                                   ^
@qbs-autonaim/recruitment-assistant-extension:test: TestingLibraryElementError: Found multiple elements with the role "list"
@qbs-autonaim/recruitment-assistant-extension:test: 
@qbs-autonaim/recruitment-assistant-extension:test: Here are the matching elements:
@qbs-autonaim/recruitment-assistant-extension:test: 
@qbs-autonaim/recruitment-assistant-extension:test: Ignored nodes: comments, script, style
@qbs-autonaim/recruitment-assistant-extension:test: [36m<ul>[39m
@qbs-autonaim/recruitment-assistant-extension:test:   [0m
@qbs-autonaim/recruitment-assistant-extension:test:             [0m
@qbs-autonaim/recruitment-assistant-extension:test:   [36m<li[39m
@qbs-autonaim/recruitment-assistant-extension:test:     [33mclass[39m=[32m"artdeco-list__item"[39m
@qbs-autonaim/recruitment-assistant-extension:test:   [36m>[39m
@qbs-autonaim/recruitment-assistant-extension:test:     [0m
@qbs-autonaim/recruitment-assistant-extension:test:               [0m
@qbs-autonaim/recruitment-assistant-extension:test:     [36m<div[39m
@qbs-autonaim/recruitment-assistant-extension:test:       [33mclass[39m=[32m"display-flex"[39m
@qbs-autonaim/recruitment-assistant-extension:test:     [36m>[39m
@qbs-autonaim/recruitment-assistant-extension:test:       [0m
@qbs-autonaim/recruitment-assistant-extension:test:                 [0m
@qbs-autonaim/recruitment-assistant-extension:test:       [36m<span[39m
@qbs-autonaim/recruitment-assistant-extension:test:         [33maria-hidden[39m=[32m"true"[39m
@qbs-autonaim/recruitment-assistant-extension:test:       [36m>[39m
@qbs-autonaim/recruitment-assistant-extension:test:         [0mSenior Developer[0m
@qbs-autonaim/recruitment-assistant-extension:test:       [36m</span>[39m
@qbs-autonaim/recruitment-assistant-extension:test:       [0m
@qbs-autonaim/recruitment-assistant-extension:test:               [0m
@qbs-autonaim/recruitment-assistant-extension:test:     [36m</div>[39m
@qbs-autonaim/recruitment-assistant-extension:test:     [0m
@qbs-autonaim/recruitment-assistant-extension:test:               [0m
@qbs-autonaim/recruitment-assistant-extension:test:     [36m<span[39m
@qbs-autonaim/recruitment-assistant-extension:test:       [33mclass[39m=[32m"t-14 t-normal"[39m
@qbs-autonaim/recruitment-assistant-extension:test:     [36m>[39m
@qbs-autonaim/recruitment-assistant-extension:test:       [0m
@qbs-autonaim/recruitment-assistant-extension:test:                 [0m
@qbs-autonaim/recruitment-assistant-extension:test:       [36m<span[39m
@qbs-autonaim/recruitment-assistant-extension:test:         [33maria-hidden[39m=[32m"true"[39m
@qbs-autonaim/recruitment-assistant-extension:test:       [36m>[39m
@qbs-autonaim/recruitment-assistant-extension:test:         [0mTech Company[0m
@qbs-autonaim/recruitment-assistant-extension:test:       [36m</span>[39m
@qbs-autonaim/recruitment-assistant-extension:test:       [0m
@qbs-autonaim/recruitment-assistant-extension:test:               [0m
@qbs-autonaim/recruitment-assistant-extension:test:     [36m</span>[39m
@qbs-autonaim/recruitment-assistant-extension:test:     [0m
@qbs-autonaim/recruitment-assistant-extension:test:               [0m
@qbs-autonaim/recruitment-assistant-extension:test:     [36m<span[39m
@qbs-autonaim/recruitment-assistant-extension:test:       [33mclass[39m=[32m"t-14 t-normal t-black--light"[39m
@qbs-autonaim/recruitment-assistant-extension:test:     [36m>[39m
@qbs-autonaim/recruitment-assistant-extension:test:       [0m
@qbs-autonaim/recruitment-assistant-extension:test:                 [0m
@qbs-autonaim/recruitment-assistant-extension:test:       [36m<span[39m
@qbs-autonaim/recruitment-assistant-extension:test:         [33maria-hidden[39m=[32m"true"[39m
@qbs-autonaim/recruitment-assistant-extension:test:       [36m>[39m
@qbs-autonaim/recruitment-assistant-extension:test:         [0m2020 тАУ ╨┐╨╛ ╨╜╨░╤Б╤В╨╛╤П╤Й╨╡╨╡ ╨▓╤А╨╡╨╝╤П[0m
@qbs-autonaim/recruitment-assistant-extension:test:       [36m</span>[39m
@qbs-autonaim/recruitment-assistant-extension:test:       [0m
@qbs-autonaim/recruitment-assistant-extension:test:               [0m
@qbs-autonaim/recruitment-assistant-extension:test:     [36m</span>[39m
@qbs-autonaim/recruitment-assistant-extension:test:     [0m
@qbs-autonaim/recruitment-assistant-extension:test:               [0m
@qbs-autonaim/recruitment-assistant-extension:test:     [36m<div[39m
@qbs-autonaim/recruitment-assistant-extension:test:       [33mclass[39m=[32m"display-flex full-width"[39m
@qbs-autonaim/recruitment-assistant-extension:test:     [36m>[39m
@qbs-autonaim/recruitment-assistant-extension:test:       [0m
@qbs-autonaim/recruitment-assistant-extension:test:                 [0m
@qbs-autonaim/recruitment-assistant-extension:test:       [36m<span[39m
@qbs-autonaim/recruitment-assistant-extension:test:         [33maria-hidden[39m=[32m"true"[39m
@qbs-autonaim/recruitment-assistant-extension:test:       [36m>[39m
@qbs-autonaim/recruitment-assistant-extension:test:         [0m╨а╨░╨╖╤А╨░╨▒╨╛╤В╨║╨░[0m
@qbs-autonaim/recruitment-assistant-extension:test:       [36m</span>[39m
@qbs-autonaim/recruitment-assistant-extension:test:       [0m
@qbs-autonaim/recruitment-assistant-extension:test:               [0m
@qbs-autonaim/recruitment-assistant-extension:test:     [36m</div>[39m
@qbs-autonaim/recruitment-assistant-extension:test:     [0m
@qbs-autonaim/recruitment-assistant-extension:test:             [0m
@qbs-autonaim/recruitment-assistant-extension:test:   [36m</li>[39m
@qbs-autonaim/recruitment-assistant-extension:test:   [0m
@qbs-autonaim/recruitment-assistant-extension:test:           [0m
@qbs-autonaim/recruitment-assistant-extension:test: [36m</ul>[39m
@qbs-autonaim/recruitment-assistant-extension:test: 
@qbs-autonaim/recruitment-assistant-extension:test: Ignored nodes: comments, script, style
@qbs-autonaim/recruitment-assistant-extension:test: [36m<ul>[39m
@qbs-autonaim/recruitment-assistant-extension:test:   [0m
@qbs-autonaim/recruitment-assistant-extension:test:             [0m
@qbs-autonaim/recruitment-assistant-extension:test:   [36m<li[39m
@qbs-autonaim/recruitment-assistant-extension:test:     [33mclass[39m=[32m"artdeco-list__item"[39m
@qbs-autonaim/recruitment-assistant-extension:test:   [36m>[39m
@qbs-autonaim/recruitment-assistant-extension:test:     [0m
@qbs-autonaim/recruitment-assistant-extension:test:               [0m
@qbs-autonaim/recruitment-assistant-extension:test:     [36m<div[39m
@qbs-autonaim/recruitment-assistant-extension:test:       [33mclass[39m=[32m"display-flex"[39m
@qbs-autonaim/recruitment-assistant-extension:test:     [36m>[39m
@qbs-autonaim/recruitment-assistant-extension:test:       [0m
@qbs-autonaim/recruitment-assistant-extension:test:                 [0m
@qbs-autonaim/recruitment-assistant-extension:test:       [36m<span[39m
@qbs-autonaim/recruitment-assistant-extension:test:         [33maria-hidden[39m=[32m"true"[39m
@qbs-autonaim/recruitment-assistant-extension:test:       [36m>[39m
@qbs-autonaim/recruitment-assistant-extension:test:         [0m╨Ь╨У╨г[0m
@qbs-autonaim/recruitment-assistant-extension:test:       [36m</span>[39m
@qbs-autonaim/recruitment-assistant-extension:test:       [0m
@qbs-autonaim/recruitment-assistant-extension:test:               [0m
@qbs-autonaim/recruitment-assistant-extension:test:     [36m</div>[39m
@qbs-autonaim/recruitment-assistant-extension:test:     [0m
@qbs-autonaim/recruitment-assistant-extension:test:               [0m
@qbs-autonaim/recruitment-assistant-extension:test:     [36m<span[39m
@qbs-autonaim/recruitment-assistant-extension:test:       [33mclass[39m=[32m"t-14 t-normal"[39m
@qbs-autonaim/recruitment-assistant-extension:test:     [36m>[39m
@qbs-autonaim/recruitment-assistant-extension:test:       [0m
@qbs-autonaim/recruitment-assistant-extension:test:                 [0m
@qbs-autonaim/recruitment-assistant-extension:test:       [36m<span[39m
@qbs-autonaim/recruitment-assistant-extension:test:         [33maria-hidden[39m=[32m"true"[39m
@qbs-autonaim/recruitment-assistant-extension:test:       [36m>[39m
@qbs-autonaim/recruitment-assistant-extension:test:         [0m╨С╨░╨║╨░╨╗╨░╨▓╤А[0m
@qbs-autonaim/recruitment-assistant-extension:test:       [36m</span>[39m
@qbs-autonaim/recruitment-assistant-extension:test:       [0m
@qbs-autonaim/recruitment-assistant-extension:test:               [0m
@qbs-autonaim/recruitment-assistant-extension:test:     [36m</span>[39m
@qbs-autonaim/recruitment-assistant-extension:test:     [0m
@qbs-autonaim/recruitment-assistant-extension:test:               [0m
@qbs-autonaim/recruitment-assistant-extension:test:     [36m<span[39m
@qbs-autonaim/recruitment-assistant-extension:test:       [33mclass[39m=[32m"t-14 t-normal t-black--light"[39m
@qbs-autonaim/recruitment-assistant-extension:test:     [36m>[39m
@qbs-autonaim/recruitment-assistant-extension:test:       [0m
@qbs-autonaim/recruitment-assistant-extension:test:                 [0m
@qbs-autonaim/recruitment-assistant-extension:test:       [36m<span[39m
@qbs-autonaim/recruitment-assistant-extension:test:         [33maria-hidden[39m=[32m"true"[39m
@qbs-autonaim/recruitment-assistant-extension:test:       [36m>[39m
@qbs-autonaim/recruitment-assistant-extension:test:         [0m╨Ш╨╜╤Д╨╛╤А╨╝╨░╤В╨╕╨║╨░[0m
@qbs-autonaim/recruitment-assistant-extension:test:       [36m</span>[39m
@qbs-autonaim/recruitment-assistant-extension:test:       [0m
@qbs-autonaim/recruitment-assistant-extension:test:               [0m
@qbs-autonaim/recruitment-assistant-extension:test:     [36m</span>[39m
@qbs-autonaim/recruitment-assistant-extension:test:     [0m
@qbs-autonaim/recruitment-assistant-extension:test:               [0m
@qbs-autonaim/recruitment-assistant-extension:test:     [36m<span[39m
@qbs-autonaim/recruitment-assistant-extension:test:       [33mclass[39m=[32m"t-14 t-normal t-black--light"[39m
@qbs-autonaim/recruitment-assistant-extension:test:     [36m>[39m
@qbs-autonaim/recruitment-assistant-extension:test:       [0m
@qbs-autonaim/recruitment-assistant-extension:test:                 [0m
@qbs-autonaim/recruitment-assistant-extension:test:       [36m<span[39m
@qbs-autonaim/recruitment-assistant-extension:test:         [33maria-hidden[39m=[32m"true"[39m
@qbs-autonaim/recruitment-assistant-extension:test:       [36m>[39m
@qbs-autonaim/recruitment-assistant-extension:test:         [0m2015 тАУ 2019[0m
@qbs-autonaim/recruitment-assistant-extension:test:       [36m</span>[39m
@qbs-autonaim/recruitment-assistant-extension:test:       [0m
@qbs-autonaim/recruitment-assistant-extension:test:               [0m
@qbs-autonaim/recruitment-assistant-extension:test:     [36m</span>[39m
@qbs-autonaim/recruitment-assistant-extension:test:     [0m
@qbs-autonaim/recruitment-assistant-extension:test:             [0m
@qbs-autonaim/recruitment-assistant-extension:test:   [36m</li>[39m
@qbs-autonaim/recruitment-assistant-extension:test:   [0m
@qbs-autonaim/recruitment-assistant-extension:test:           [0m
@qbs-autonaim/recruitment-assistant-extension:test: [36m</ul>[39m
@qbs-autonaim/recruitment-assistant-extension:test: 
@qbs-autonaim/recruitment-assistant-extension:test: Ignored nodes: comments, script, style
@qbs-autonaim/recruitment-assistant-extension:test: [36m<ul[39m
@qbs-autonaim/recruitment-assistant-extension:test:   [33maria-label[39m=[32m"╨б╨┐╨╕╤Б╨╛╨║ ╨╜╨░╨▓╤Л╨║╨╛╨▓"[39m
@qbs-autonaim/recruitment-assistant-extension:test:   [33mstyle[39m=[32m"display: flex; flex-wrap: wrap; gap: 8px; margin: 0px; padding: 0px; list-style: none;"[39m
@qbs-autonaim/recruitment-assistant-extension:test: [36m>[39m
@qbs-autonaim/recruitment-assistant-extension:test:   [36m<li[39m
@qbs-autonaim/recruitment-assistant-extension:test:     [33mstyle[39m=[32m"display: flex; align-items: center; gap: 8px; padding: 6px 12px; background-color: #eff6ff; color: #1e40af; border-radius: 6px; font-size: 14px; border: 1px solid #bfdbfe;"[39m
@qbs-autonaim/recruitment-assistant-extension:test:   [36m>[39m
@qbs-autonaim/recruitment-assistant-extension:test:     [36m<span>[39m
@qbs-autonaim/recruitment-assistant-extension:test:       [0mJavaScript[0m
@qbs-autonaim/recruitment-assistant-extension:test:     [36m</span>[39m
@qbs-autonaim/recruitment-assistant-extension:test:   [36m</li>[39m
@qbs-autonaim/recruitment-assistant-extension:test: [36m</ul>[39m
@qbs-autonaim/recruitment-assistant-extension:test: 
@qbs-autonaim/recruitment-assistant-extension:test: (If this is intentional, then use the `*AllBy*` variant of the query (like `queryAllByText`, `getAllByText`, or `findAllByText`)).
@qbs-autonaim/recruitment-assistant-extension:test: 
@qbs-autonaim/recruitment-assistant-extension:test: Ignored nodes: comments, script, style
@qbs-autonaim/recruitment-assistant-extension:test: [36m<body>[39m
@qbs-autonaim/recruitment-assistant-extension:test:   [0m
@qbs-autonaim/recruitment-assistant-extension:test:         [0m
@qbs-autonaim/recruitment-assistant-extension:test:   [36m<h1[39m
@qbs-autonaim/recruitment-assistant-extension:test:     [33mclass[39m=[32m"text-heading-xlarge"[39m
@qbs-autonaim/recruitment-assistant-extension:test:   [36m>[39m
@qbs-autonaim/recruitment-assistant-extension:test:     [0m╨Ш╨▓╨░╨╜ ╨Ш╨▓╨░╨╜╨╛╨▓[0m
@qbs-autonaim/recruitment-assistant-extension:test:   [36m</h1>[39m
@qbs-autonaim/recruitment-assistant-extension:test:   [0m
@qbs-autonaim/recruitment-assistant-extension:test:         [0m
@qbs-autonaim/recruitment-assistant-extension:test:   [36m<div[39m
@qbs-autonaim/recruitment-assistant-extension:test:     [33mclass[39m=[32m"text-body-medium"[39m
@qbs-autonaim/recruitment-assistant-extension:test:   [36m>[39m
@qbs-autonaim/recruitment-assistant-extension:test:     [0mSenior Developer[0m
@qbs-autonaim/recruitment-assistant-extension:test:   [36m</div>[39m
@qbs-autonaim/recruitment-assistant-extension:test:   [0m
@qbs-autonaim/recruitment-assistant-extension:test:         [0m
@qbs-autonaim/recruitment-assistant-extension:test:   [36m<span[39m
@qbs-autonaim/recruitment-assistant-extension:test:     [33mclass[39m=[32m"text-body-small inline"[39m
@qbs-autonaim/recruitment-assistant-extension:test:   [36m>[39m
@qbs-autonaim/recruitment-assistant-extension:test:     [0m╨Ь╨╛╤Б╨║╨▓╨░, ╨а╨╛╤Б╤Б╨╕╤П[0m
@qbs-autonaim/recruitment-assistant-extension:test:   [36m</span>[39m
@qbs-autonaim/recruitment-assistant-extension:test:   [0m
@qbs-autonaim/recruitment-assistant-extension:test:         [0m
@qbs-autonaim/recruitment-assistant-extension:test:   [36m<img[39m
@qbs-autonaim/recruitment-assistant-extension:test:     [33mclass[39m=[32m"pv-top-card-profile-picture__image"[39m
@qbs-autonaim/recruitment-assistant-extension:test:     [33msrc[39m=[32m"https://example.com/photo.jpg"[39m
@qbs-autonaim/recruitment-assistant-extension:test:   [36m/>[39m
@qbs-autonaim/recruitment-assistant-extension:test:   [0m
@qbs-autonaim/recruitment-assistant-extension:test:         
@qbs-autonaim/recruitment-assistant-extension:test:         [0m
@qbs-autonaim/recruitment-assistant-extension:test:   [36m<section[39m
@qbs-autonaim/recruitment-assistant-extension:test:     [33mid[39m=[32m"experience"[39m
@qbs-autonaim/recruitment-assistant-extension:test:   [36m>[39m
@qbs-autonaim/recruitment-assistant-extension:test:     [0m
@qbs-autonaim/recruitment-assistant-extension:test:           [0m
@qbs-autonaim/recruitment-assistant-extension:test:     [36m<ul>[39m
@qbs-autonaim/recruitment-assistant-extension:test:       [0m
@qbs-autonaim/recruitment-assistant-extension:test:             [0m
@qbs-autonaim/recruitment-assistant-extension:test:       [36m<li[39m
@qbs-autonaim/recruitment-assistant-extension:test:         [33mclass[39m=[32m"artdeco-list__item"[39m
@qbs-autonaim/recruitment-assistant-extension:test:       [36m>[39m
@qbs-autonaim/recruitment-assistant-extension:test:         [0m
@qbs-autonaim/recruitment-assistant-extension:test:               [0m
@qbs-autonaim/recruitment-assistant-extension:test:         [36m<div[39m
@qbs-autonaim/recruitment-assistant-extension:test:           [33mclass[39m=[32m"display-flex"[39m
@qbs-autonaim/recruitment-assistant-extension:test:         [36m>[39m
@qbs-autonaim/recruitment-assistant-extension:test:           [0m
@qbs-autonaim/recruitment-assistant-extension:test:                 [0m
@qbs-autonaim/recruitment-assistant-extension:test:           [36m<span[39m
@qbs-autonaim/recruitment-assistant-extension:test:             [33maria-hidden[39m=[32m"true"[39m
@qbs-autonaim/recruitment-assistant-extension:test:           [36m>[39m
@qbs-autonaim/recruitment-assistant-extension:test:             [0mSenior Developer[0m
@qbs-autonaim/recruitment-assistant-extension:test:           [36m</span>[39m
@qbs-autonaim/recruitment-assistant-extension:test:           [0m
@qbs-autonaim/recruitment-assistant-extension:test:               [0m
@qbs-autonaim/recruitment-assistant-extension:test:         [36m</div>[39m
@qbs-autonaim/recruitment-assistant-extension:test:         [0m
@qbs-autonaim/recruitment-assistant-extension:test:               [0m
@qbs-autonaim/recruitment-assistant-extension:test:         [36m<span[39m
@qbs-autonaim/recruitment-assistant-extension:test:           [33mclass[39m=[32m"t-14 t-normal"[39m
@qbs-autonaim/recruitment-assistant-extension:test:         [36m>[39m
@qbs-autonaim/recruitment-assistant-extension:test:           [0m
@qbs-autonaim/recruitment-assistant-extension:test:                 [0m
@qbs-autonaim/recruitment-assistant-extension:test:           [36m<span[39m
@qbs-autonaim/recruitment-assistant-extension:test:             [33maria-hidden[39m=[32m"true"[39m
@qbs-autonaim/recruitment-assistant-extension:test:           [36m>[39m
@qbs-autonaim/recruitment-assistant-extension:test:             [0mTech Company[0m
@qbs-autonaim/recruitment-assistant-extension:test:           [36m</span>[39m
@qbs-autonaim/recruitment-assistant-extension:test:           [0m
@qbs-autonaim/recruitment-assistant-extension:test:               [0m
@qbs-autonaim/recruitment-assistant-extension:test:         [36m</span>[39m
@qbs-autonaim/recruitment-assistant-extension:test:         [0m
@qbs-autonaim/recruitment-assistant-extension:test:               [0m
@qbs-autonaim/recruitment-assistant-extension:test:         [36m<span[39m
@qbs-autonaim/recruitment-assistant-extension:test:           [33mclass[39m=[32m"t-14 t-normal t-black--light"[39m
@qbs-autonaim/recruitment-assistant-extension:test:         [36m>[39m
@qbs-autonaim/recruitment-assistant-extension:test:           [0m
@qbs-autonaim/recruitment-assistant-extension:test:                 [0m
@qbs-autonaim/recruitment-assistant-extension:test:           [36m<span[39m
@qbs-autonaim/recruitment-assistant-extension:test:             [33maria-hidden[39m=[32m"true"[39m
@qbs-autonaim/recruitment-assistant-extension:test:           [36m>[39m
@qbs-autonaim/recruitment-assistant-extension:test:             [0m2020 тАУ ╨┐╨╛ ╨╜╨░╤Б╤В╨╛╤П╤Й╨╡╨╡ ╨▓╤А╨╡╨╝╤П[0m
@qbs-autonaim/recruitment-assistant-extension:test:           [36m</span>[39m
@qbs-autonaim/recruitment-assistant-extension:test:           [0m
@qbs-autonaim/recruitment-assistant-extension:test:               [0m
@qbs-autonaim/recruitment-assistant-extension:test:         [36m</span>[39m
@qbs-autonaim/recruitment-assistant-extension:test:         [0m
@qbs-autonaim/recruitment-assistant-extension:test:               [0m
@qbs-autonaim/recruitment-assistant-extension:test:         [36m<div[39m
@qbs-autonaim/recruitment-assistant-extension:test:           [33mclass[39m=[32m"display-flex full-width"[39m
@qbs-autonaim/recruitment-assistant-extension:test:         [36m>[39m
@qbs-autonaim/recruitment-assistant-extension:test:           [0m
@qbs-autonaim/recruitment-assistant-extension:test:                 [0m
@qbs-autonaim/recruitment-assistant-extension:test:           [36m<span[39m
@qbs-autonaim/recruitment-assistant-extension:test:             [33maria-hidden[39m=[32m"true"[39m
@qbs-autonaim/recruitment-assistant-extension:test:           [36m>[39m
@qbs-autonaim/recruitment-assistant-extension:test:             [0m╨а╨░╨╖╤А╨░╨▒╨╛╤В╨║╨░[0m
@qbs-autonaim/recruitment-assistant-extension:test:           [36m</span>[39m
@qbs-autonaim/recruitment-assistant-extension:test:           [0m
@qbs-autonaim/recruitment-assistant-extension:test:               [0m
@qbs-autonaim/recruitment-assistant-extension:test:         [36m</div>[39m
@qbs-autonaim/recruitment-assistant-extension:test:         [0m
@qbs-autonaim/recruitment-assistant-extension:test:             [0m
@qbs-autonaim/recruitment-assistant-extension:test:       [36m</li>[39m
@qbs-autonaim/recruitment-assistant-extension:test:       [0m
@qbs-autonaim/recruitment-assistant-extension:test:           [0m
@qbs-autonaim/recruitment-assistant-extension:test:     [36m</ul>[39m
@qbs-autonaim/recruitment-assistant-extension:test:     [0m
@qbs-autonaim/recruitment-assistant-extension:test:         [0m
@qbs-autonaim/recruitment-assistant-extension:test:   [36m</section>[39m
@qbs-autonaim/recruitment-assistant-extension:test:   [0m
@qbs-autonaim/recruitment-assistant-extension:test:         
@qbs-autonaim/recruitment-assistant-extension:test:         [0m
@qbs-autonaim/recruitment-assistant-extension:test:   [36m<section[39m
@qbs-autonaim/recruitment-assistant-extension:test:     [33mid[39m=[32m"education"[39m
@qbs-autonaim/recruitment-assistant-extension:test:   [36m>[39m
@qbs-autonaim/recruitment-assistant-extension:test:     [0m
@qbs-autonaim/recruitment-assistant-extension:test:           [0m
@qbs-autonaim/recruitment-assistant-extension:test:     [36m<ul>[39m
@qbs-autonaim/recruitment-assistant-extension:test:       [0m
@qbs-autonaim/recruitment-assistant-extension:test:             [0m
@qbs-autonaim/recruitment-assistant-extension:test:       [36m<li[39m
@qbs-autonaim/recruitment-assistant-extension:test:         [33mclass[39m=[32m"artdeco-list__item"[39m
@qbs-autonaim/recruitment-assistant-extension:test:       [36m>[39m
@qbs-autonaim/recruitment-assistant-extension:test:         [0m
@qbs-autonaim/recruitment-assistant-extension:test:               [0m
@qbs-autonaim/recruitment-assistant-extension:test:         [36m<div[39m
@qbs-autonaim/recruitment-assistant-extension:test:           [33mclass[39m=[32m"display-flex"[39m
@qbs-autonaim/recruitment-assistant-extension:test:         [36m>[39m
@qbs-autonaim/recruitment-assistant-extension:test:           [0m
@qbs-autonaim/recruitment-assistant-extension:test:                 [0m
@qbs-autonaim/recruitment-assistant-extension:test:           [36m<span[39m
@qbs-autonaim/recruitment-assistant-extension:test:             [33maria-hidden[39m=[32m"true"[39m
@qbs-autonaim/recruitment-assistant-extension:test:           [36m>[39m
@qbs-autonaim/recruitment-assistant-extension:test:             [0m╨Ь╨У╨г[0m
@qbs-autonaim/recruitment-assistant-extension:test:           [36m</span>[39m
@qbs-autonaim/recruitment-assistant-extension:test:           [0m
@qbs-autonaim/recruitment-assistant-extension:test:               [0m
@qbs-autonaim/recruitment-assistant-extension:test:         [36m</div>[39m
@qbs-autonaim/recruitment-assistant-extension:test:         [0m
@qbs-autonaim/recruitment-assistant-extension:test:               [0m
@qbs-autonaim/recruitment-assistant-extension:test:         [36m<span[39m
@qbs-autonaim/recruitment-assistant-extension:test:           [33mclass[39m=[32m"t-14 t-normal"[39m
@qbs-autonaim/recruitment-assistant-extension:test:         [36m>[39m
@qbs-autonaim/recruitment-assistant-extension:test:           [0m
@qbs-autonaim/recruitment-assistant-extension:test:                 [0m
@qbs-autonaim/recruitment-assistant-extension:test:           [36m<span[39m
@qbs-autonaim/recruitment-assistant-extension:test:             [33maria-hidden[39m=[32m"true"[39m
@qbs-autonaim/recruitment-assistant-extension:test:           [36m>[39m
@qbs-autonaim/recruitment-assistant-extension:test:             [0m╨С╨░╨║╨░╨╗╨░╨▓╤А[0m
@qbs-autonaim/recruitment-assistant-extension:test:           [36m</span>[39m
@qbs-autonaim/recruitment-assistant-extension:test:           [0m
@qbs-autonaim/recruitment-assistant-extension:test:               [0m
@qbs-autonaim/recruitment-assistant-extension:test:         [36m</span>[39m
@qbs-autonaim/recruitment-assistant-extension:test:         [0m
@qbs-autonaim/recruitment-assistant-extension:test:               [0m
@qbs-autonaim/recruitment-assistant-extension:test:         [36m<span[39m
@qbs-autonaim/recruitment-assistant-extension:test:           [33mclass[39m=[32m"t-14 t-normal t-black--light"[39m
@qbs-autonaim/recruitment-assistant-extension:test:         [36m>[39m
@qbs-autonaim/recruitment-assistant-extension:test:           [0m
@qbs-autonaim/recruitment-assistant-extension:test:                 [0m
@qbs-autonaim/recruitment-assistant-extension:test:           [36m<span[39m
@qbs-autonaim/recruitment-assistant-extension:test:             [33maria-hidden[39m=[32m"true"[39m
@qbs-autonaim/recruitment-assistant-extension:test:           [36m>[39m
@qbs-autonaim/recruitment-assistant-extension:test:             [0m╨Ш╨╜╤Д╨╛╤А╨╝╨░╤В╨╕╨║╨░[0m
@qbs-autonaim/recruitment-assistant-extension:test:           [36m</span>[39m
@qbs-autonaim/recruitment-assistant-extension:test:           [0m
@qbs-autonaim/recruitment-assistant-extension:test:               [0m
@qbs-autonaim/recruitment-assistant-extension:test:         [36m</span>[39m
@qbs-autonaim/recruitment-assistant-extension:test:         [0m
@qbs-autonaim/recruitment-assistant-extension:test:               [0m
@qbs-autonaim/recruitment-assistant-extension:test:         [36m<span[39m
@qbs-autonaim/recruitment-assistant-extension:test:           [33mclass[39m=[32m"t-14 t-normal t-black--light"[39m
@qbs-autonaim/recruitment-assistant-extension:test:         [36m>[39m
@qbs-autonaim/recruitment-assistant-extension:test:           [0m
@qbs-autonaim/recruitment-assistant-extension:test:                 [0m
@qbs-autonaim/recruitment-assistant-extension:test:           [36m<span[39m
@qbs-autonaim/recruitment-assistant-extension:test:             [33maria-hidden[39m=[32m"true"[39m
@qbs-autonaim/recruitment-assistant-extension:test:           [36m>[39m
@qbs-autonaim/recruitment-assistant-extension:test:             [0m2015 тАУ 2019[0m
@qbs-autonaim/recruitment-assistant-extension:test:           [36m</span>[39m
@qbs-autonaim/recruitment-assistant-extension:test:           [0m
@qbs-autonaim/recruitment-assistant-extension:test:               [0m
@qbs-autonaim/recruitment-assistant-extension:test:         [36m</span>[39m
@qbs-autonaim/recruitment-assistant-extension:test:         [0m
@qbs-autonaim/recruitment-assistant-extension:test:             [0m
@qbs-autonaim/recruitment-assistant-extension:test:       [36m</li>[39m
@qbs-autonaim/recruitment-assistant-extension:test:       [0m
@qbs-autonaim/recruitment-assistant-extension:test:           [0m
@qbs-autonaim/recruitment-assistant-extension:test:     [36m</ul>[39m
@qbs-autonaim/recruitment-assistant-extension:test:     [0m
@qbs-autonaim/recruitment-assistant-extension:test:         [0m
@qbs-autonaim/recruitment-assistant-extension:test:   [36m</section>[39m
@qbs-autonaim/recruitment-assistant-extension:test:   [0m
@qbs-autonaim/recruitment-assistant-extension:test:         
@qbs-autonaim/recruitment-assistant-extension:test:         [0m
@qbs-autonaim/recruitment-assistant-extension:test:   [36m<section[39m
@qbs-autonaim/recruitment-assistant-extension:test:     [33mid[39m=[32m"skills"[39m
@qbs-autonaim/recruitment-assistant-extension:test:   [36m>[39m
@qbs-autonaim/recruitment-assistant-extension:test:     [0m
@qbs-autonaim/recruitment-assistant-extension:test:           [0m
@qbs-autonaim/recruitment-assistant-extension:test:     [36m<span[39m
@qbs-autonaim/recruitment-assistant-extension:test:       [33maria-hidden[39m=[32m"true"[39m
@qbs-autonaim/recruitment-assistant-extension:test:     [36m>[39m
@qbs-autonaim/recruitment-assistant-extension:test:       [0mTypeScript[0m
@qbs-autonaim/recruitment-assistant-extension:test:     [36m</span>[39m
@qbs-autonaim/recruitment-assistant-extension:test:     [0m
@qbs-autonaim/recruitment-assistant-extension:test:           [0m
@qbs-autonaim/recruitment-assistant-extension:test:     [36m<span[39m
@qbs-autonaim/recruitment-assistant-extension:test:       [33maria-hidden[39m=[32m"true"[39m
@qbs-autonaim/recruitment-assistant-extension:test:     [36m>[39m
@qbs-autonaim/recruitment-assistant-extension:test:       [0mReact[0m
@qbs-autonaim/recruitment-assistant-extension:test:     [36m</span>[39m
@qbs-autonaim/recruitment-assistant-extension:test:     [0m
@qbs-autonaim/recruitment-assistant-extension:test:         [0m
@qbs-autonaim/recruitment-assistant-extension:test:   [36m</section>[39m
@qbs-autonaim/recruitment-assistant-extension:test:   [0m
@qbs-autonaim/recruitment-assistant-extension:test:         
@qbs-autonaim/recruitment-assistant-extension:test:         [0m
@qbs-autonaim/recruitment-assistant-extension:test:   [36m<section[39m
@qbs-autonaim/recruitment-assistant-extension:test:     [33mclass[39m=[32m"pv-contact-info"[39m
@qbs-autonaim/recruitment-assistant-extension:test:   [36m>[39m
@qbs-autonaim/recruitment-assistant-extension:test:     [0m
@qbs-autonaim/recruitment-assistant-extension:test:           [0m
@qbs-autonaim/recruitment-assistant-extension:test:     [36m<a[39m
@qbs-autonaim/recruitment-assistant-extension:test:       [33mhref[39m=[32m"mailto:ivan@example.com"[39m
@qbs-autonaim/recruitment-assistant-extension:test:     [36m>[39m
@qbs-autonaim/recruitment-assistant-extension:test:       [0mEmail[0m
@qbs-autonaim/recruitment-assistant-extension:test:     [36m</a>[39m
@qbs-autonaim/recruitment-assistant-extension:test:     [0m
@qbs-autonaim/recruitment-assistant-extension:test:           [0m
@qbs-autonaim/recruitment-assistant-extension:test:     [36m<span[39m
@qbs-autonaim/recruitment-assistant-extension:test:       [33mclass[39m=[32m"t-14 t-black t-normal"[39m
@qbs-autonaim/recruitment-assistant-extension:test:     [36m>[39m
@qbs-autonaim/recruitment-assistant-extension:test:       [0m+7 (999) 123-45-67[0m
@qbs-autonaim/recruitment-assistant-extension:test:     [36m</span>[39m
@qbs-autonaim/recruitment-assistant-extension:test:     [0m
@qbs-autonaim/recruitment-assistant-extension:test:         [0m
@qbs-autonaim/recruitment-assistant-extension:test:   [36m</section>[39m
@qbs-autonaim/recruitment-assistant-extension:test:   [0m
@qbs-autonaim/recruitment-assistant-extension:test:       [0m
@qbs-autonaim/recruitment-assistant-extension:test:   [36m<div>[39m
@qbs-autonaim/recruitment-assistant-extension:test:     [36m<div>[39m
@qbs-autonaim/recruitment-assistant-extension:test:       [36m<div[39m
@qbs-autonaim/recruitment-assistant-extension:test:         [33mstyle[39m=[32m"display: flex; justify-content: space-between; align-items: center; margin-bottom: 12px;"[39m
@qbs-autonaim/recruitment-assistant-extension:test:       [36m>[39m
@qbs-autonaim/recruitment-assistant-extension:test:         [36m<h3[39m
@qbs-autonaim/recruitment-assistant-extension:test:           [33mstyle[39m=[32m"font-size: 16px; font-weight: 600; color: #1f2937; margin: 0px;"[39m
@qbs-autonaim/recruitment-assistant-extension:test:         [36m>[39m
@qbs-autonaim/recruitment-assistant-extension:test:           [0m╨Э╨░╨▓╤Л╨║╨╕[0m
@qbs-autonaim/recruitment-assistant-extension:test:         [36m</h3>[39m
@qbs-autonaim/recruitment-assistant-extension:test:         [36m<button[39m
@qbs-autonaim/recruitment-assistant-extension:test:           [33maria-label[39m=[32m"╨а╨╡╨┤╨░╨║╤В╨╕╤А╨╛╨▓╨░╤В╤М ╨╜╨░╨▓╤Л╨║╨╕"[39m
@qbs-autonaim/recruitment-assistant-extension:test:           [33maria-pressed[39m=[32m"false"[39m
@qbs-autonaim/recruitment-assistant-extension:test:           [33mstyle[39m=[32m"min-width: 44px; min-height: 44px; padding: 8px 12px; background-color: white; color: #3b82f6; border: 1px solid #3b82f6; border-radius: 6px; font-size: 14px; font-weight: 500; cursor: pointer; touch-action: manipulation;"[39m
@qbs-autonaim/recruitment-assistant-extension:test:           [33mtype[39m=[32m"button"[39m
@qbs-autonaim/recruitment-assistant-extension:test:         [36m>[39m
@qbs-autonaim/recruitment-assistant-extension:test:           [0m╨Ш╨╖╨╝╨╡╨╜╨╕╤В╤М[0m
@qbs-autonaim/recruitment-assistant-extension:test:         [36m</button>[39m
@qbs-autonaim/recruitment-assistant-extension:test:       [36m</div>[39m
@qbs-autonaim/recruitment-assistant-extension:test:       [36m<ul[39m
@qbs-autonaim/recruitment-assistant-extension:test:         [33maria-label[39m=[32m"╨б╨┐╨╕╤Б╨╛╨║ ╨╜╨░╨▓╤Л╨║╨╛╨▓"[39m
@qbs-autonaim/recruitment-assistant-extension:test:         [33mstyle[39m=[32m"display: flex; flex-wrap: wrap; gap: 8px; margin: 0px; padding: 0px; list-style: none;"[39m
@qbs-autonaim/recruitment-assistant-extension:test:       [36m>[39m
@qbs-autonaim/recruitment-assistant-extension:test:         [36m<li[39m
@qbs-autonaim/recruitment-assistant-extension:test:           [33mstyle[39m=[32m"display: flex; align-items: center; gap: 8px; padding: 6px 12px; background-color: #eff6ff; color: #1e40af; border-radius: 6px; font-size: 14px; border: 1px solid #bfdbfe;"[39m
@qbs-autonaim/recruitment-assistant-extension:test:         [36m>[39m
@qbs-autonaim/recruitment-assistant-extension:test:           [36m<span>[39m
@qbs-autonaim/recruitment-assistant-extension:test:             [0mJavaScript[0m
@qbs-autonaim/recruitment-assistant-extension:test:           [36m</span>[39m
@qbs-autonaim/recruitment-assistant-extension:test:         [36m</li>[39m
@qbs-autonaim/recruitment-assistant-extension:test:       [36m</ul>[39m
@qbs-autonaim/recruitment-assistant-extension:test:     [36m</div>[39m
@qbs-autonaim/recruitment-assistant-extension:test:   [36m</div>[39m
@qbs-autonaim/recruitment-assistant-extension:test: [36m</body>[39m
@qbs-autonaim/recruitment-assistant-extension:test:       at <anonymous> (C:\Projects\kwork\selectio\node_modules\@testing-library\dom\dist\query-helpers.js:59:30)
@qbs-autonaim/recruitment-assistant-extension:test:       at <anonymous> (C:\Projects\kwork\selectio\node_modules\@testing-library\dom\dist\query-helpers.js:95:19)
@qbs-autonaim/recruitment-assistant-extension:test:       at <anonymous> (C:\Projects\kwork\selectio\apps\recruitment-assistant-extension\src\content\ui\skills-list.test.tsx:231:27)
@qbs-autonaim/recruitment-assistant-extension:test: (fail) SkillsList > ╨Ф╨╛╤Б╤В╤Г╨┐╨╜╨╛╤Б╤В╤М (ARIA) > ╨┤╨╛╨╗╨╢╨╡╨╜ ╨╕╨╝╨╡╤В╤М role='list' ╨┤╨╗╤П ╤Б╨┐╨╕╤Б╨║╨░ ╨╜╨░╨▓╤Л╨║╨╛╨▓
@qbs-autonaim/recruitment-assistant-extension:test: 54 |       const elementStrings = els.map(element => getElementError(null, element).message).join('\n\n');
@qbs-autonaim/recruitment-assistant-extension:test: 55 |       throw getMultipleElementsFoundError(`${getMultipleError(container, ...args)}
@qbs-autonaim/recruitment-assistant-extension:test: 56 | 
@qbs-autonaim/recruitment-assistant-extension:test: 57 | Here are the matching elements:
@qbs-autonaim/recruitment-assistant-extension:test: 58 | 
@qbs-autonaim/recruitment-assistant-extension:test: 59 | ${elementStrings}`, container);
@qbs-autonaim/recruitment-assistant-extension:test:                                   ^
@qbs-autonaim/recruitment-assistant-extension:test: TestingLibraryElementError: Found multiple elements with the role "list"
@qbs-autonaim/recruitment-assistant-extension:test: 
@qbs-autonaim/recruitment-assistant-extension:test: Here are the matching elements:
@qbs-autonaim/recruitment-assistant-extension:test: 
@qbs-autonaim/recruitment-assistant-extension:test: Ignored nodes: comments, script, style
@qbs-autonaim/recruitment-assistant-extension:test: [36m<ul>[39m
@qbs-autonaim/recruitment-assistant-extension:test:   [0m
@qbs-autonaim/recruitment-assistant-extension:test:             [0m
@qbs-autonaim/recruitment-assistant-extension:test:   [36m<li[39m
@qbs-autonaim/recruitment-assistant-extension:test:     [33mclass[39m=[32m"artdeco-list__item"[39m
@qbs-autonaim/recruitment-assistant-extension:test:   [36m>[39m
@qbs-autonaim/recruitment-assistant-extension:test:     [0m
@qbs-autonaim/recruitment-assistant-extension:test:               [0m
@qbs-autonaim/recruitment-assistant-extension:test:     [36m<div[39m
@qbs-autonaim/recruitment-assistant-extension:test:       [33mclass[39m=[32m"display-flex"[39m
@qbs-autonaim/recruitment-assistant-extension:test:     [36m>[39m
@qbs-autonaim/recruitment-assistant-extension:test:       [0m
@qbs-autonaim/recruitment-assistant-extension:test:                 [0m
@qbs-autonaim/recruitment-assistant-extension:test:       [36m<span[39m
@qbs-autonaim/recruitment-assistant-extension:test:         [33maria-hidden[39m=[32m"true"[39m
@qbs-autonaim/recruitment-assistant-extension:test:       [36m>[39m
@qbs-autonaim/recruitment-assistant-extension:test:         [0mSenior Developer[0m
@qbs-autonaim/recruitment-assistant-extension:test:       [36m</span>[39m
@qbs-autonaim/recruitment-assistant-extension:test:       [0m
@qbs-autonaim/recruitment-assistant-extension:test:               [0m
@qbs-autonaim/recruitment-assistant-extension:test:     [36m</div>[39m
@qbs-autonaim/recruitment-assistant-extension:test:     [0m
@qbs-autonaim/recruitment-assistant-extension:test:               [0m
@qbs-autonaim/recruitment-assistant-extension:test:     [36m<span[39m
@qbs-autonaim/recruitment-assistant-extension:test:       [33mclass[39m=[32m"t-14 t-normal"[39m
@qbs-autonaim/recruitment-assistant-extension:test:     [36m>[39m
@qbs-autonaim/recruitment-assistant-extension:test:       [0m
@qbs-autonaim/recruitment-assistant-extension:test:                 [0m
@qbs-autonaim/recruitment-assistant-extension:test:       [36m<span[39m
@qbs-autonaim/recruitment-assistant-extension:test:         [33maria-hidden[39m=[32m"true"[39m
@qbs-autonaim/recruitment-assistant-extension:test:       [36m>[39m
@qbs-autonaim/recruitment-assistant-extension:test:         [0mTech Company[0m
@qbs-autonaim/recruitment-assistant-extension:test:       [36m</span>[39m
@qbs-autonaim/recruitment-assistant-extension:test:       [0m
@qbs-autonaim/recruitment-assistant-extension:test:               [0m
@qbs-autonaim/recruitment-assistant-extension:test:     [36m</span>[39m
@qbs-autonaim/recruitment-assistant-extension:test:     [0m
@qbs-autonaim/recruitment-assistant-extension:test:               [0m
@qbs-autonaim/recruitment-assistant-extension:test:     [36m<span[39m
@qbs-autonaim/recruitment-assistant-extension:test:       [33mclass[39m=[32m"t-14 t-normal t-black--light"[39m
@qbs-autonaim/recruitment-assistant-extension:test:     [36m>[39m
@qbs-autonaim/recruitment-assistant-extension:test:       [0m
@qbs-autonaim/recruitment-assistant-extension:test:                 [0m
@qbs-autonaim/recruitment-assistant-extension:test:       [36m<span[39m
@qbs-autonaim/recruitment-assistant-extension:test:         [33maria-hidden[39m=[32m"true"[39m
@qbs-autonaim/recruitment-assistant-extension:test:       [36m>[39m
@qbs-autonaim/recruitment-assistant-extension:test:         [0m2020 тАУ ╨┐╨╛ ╨╜╨░╤Б╤В╨╛╤П╤Й╨╡╨╡ ╨▓╤А╨╡╨╝╤П[0m
@qbs-autonaim/recruitment-assistant-extension:test:       [36m</span>[39m
@qbs-autonaim/recruitment-assistant-extension:test:       [0m
@qbs-autonaim/recruitment-assistant-extension:test:               [0m
@qbs-autonaim/recruitment-assistant-extension:test:     [36m</span>[39m
@qbs-autonaim/recruitment-assistant-extension:test:     [0m
@qbs-autonaim/recruitment-assistant-extension:test:               [0m
@qbs-autonaim/recruitment-assistant-extension:test:     [36m<div[39m
@qbs-autonaim/recruitment-assistant-extension:test:       [33mclass[39m=[32m"display-flex full-width"[39m
@qbs-autonaim/recruitment-assistant-extension:test:     [36m>[39m
@qbs-autonaim/recruitment-assistant-extension:test:       [0m
@qbs-autonaim/recruitment-assistant-extension:test:                 [0m
@qbs-autonaim/recruitment-assistant-extension:test:       [36m<span[39m
@qbs-autonaim/recruitment-assistant-extension:test:         [33maria-hidden[39m=[32m"true"[39m
@qbs-autonaim/recruitment-assistant-extension:test:       [36m>[39m
@qbs-autonaim/recruitment-assistant-extension:test:         [0m╨а╨░╨╖╤А╨░╨▒╨╛╤В╨║╨░[0m
@qbs-autonaim/recruitment-assistant-extension:test:       [36m</span>[39m
@qbs-autonaim/recruitment-assistant-extension:test:       [0m
@qbs-autonaim/recruitment-assistant-extension:test:               [0m
@qbs-autonaim/recruitment-assistant-extension:test:     [36m</div>[39m
@qbs-autonaim/recruitment-assistant-extension:test:     [0m
@qbs-autonaim/recruitment-assistant-extension:test:             [0m
@qbs-autonaim/recruitment-assistant-extension:test:   [36m</li>[39m
@qbs-autonaim/recruitment-assistant-extension:test:   [0m
@qbs-autonaim/recruitment-assistant-extension:test:           [0m
@qbs-autonaim/recruitment-assistant-extension:test: [36m</ul>[39m
@qbs-autonaim/recruitment-assistant-extension:test: 
@qbs-autonaim/recruitment-assistant-extension:test: Ignored nodes: comments, script, style
@qbs-autonaim/recruitment-assistant-extension:test: [36m<ul>[39m
@qbs-autonaim/recruitment-assistant-extension:test:   [0m
@qbs-autonaim/recruitment-assistant-extension:test:             [0m
@qbs-autonaim/recruitment-assistant-extension:test:   [36m<li[39m
@qbs-autonaim/recruitment-assistant-extension:test:     [33mclass[39m=[32m"artdeco-list__item"[39m
@qbs-autonaim/recruitment-assistant-extension:test:   [36m>[39m
@qbs-autonaim/recruitment-assistant-extension:test:     [0m
@qbs-autonaim/recruitment-assistant-extension:test:               [0m
@qbs-autonaim/recruitment-assistant-extension:test:     [36m<div[39m
@qbs-autonaim/recruitment-assistant-extension:test:       [33mclass[39m=[32m"display-flex"[39m
@qbs-autonaim/recruitment-assistant-extension:test:     [36m>[39m
@qbs-autonaim/recruitment-assistant-extension:test:       [0m
@qbs-autonaim/recruitment-assistant-extension:test:                 [0m
@qbs-autonaim/recruitment-assistant-extension:test:       [36m<span[39m
@qbs-autonaim/recruitment-assistant-extension:test:         [33maria-hidden[39m=[32m"true"[39m
@qbs-autonaim/recruitment-assistant-extension:test:       [36m>[39m
@qbs-autonaim/recruitment-assistant-extension:test:         [0m╨Ь╨У╨г[0m
@qbs-autonaim/recruitment-assistant-extension:test:       [36m</span>[39m
@qbs-autonaim/recruitment-assistant-extension:test:       [0m
@qbs-autonaim/recruitment-assistant-extension:test:               [0m
@qbs-autonaim/recruitment-assistant-extension:test:     [36m</div>[39m
@qbs-autonaim/recruitment-assistant-extension:test:     [0m
@qbs-autonaim/recruitment-assistant-extension:test:               [0m
@qbs-autonaim/recruitment-assistant-extension:test:     [36m<span[39m
@qbs-autonaim/recruitment-assistant-extension:test:       [33mclass[39m=[32m"t-14 t-normal"[39m
@qbs-autonaim/recruitment-assistant-extension:test:     [36m>[39m
@qbs-autonaim/recruitment-assistant-extension:test:       [0m
@qbs-autonaim/recruitment-assistant-extension:test:                 [0m
@qbs-autonaim/recruitment-assistant-extension:test:       [36m<span[39m
@qbs-autonaim/recruitment-assistant-extension:test:         [33maria-hidden[39m=[32m"true"[39m
@qbs-autonaim/recruitment-assistant-extension:test:       [36m>[39m
@qbs-autonaim/recruitment-assistant-extension:test:         [0m╨С╨░╨║╨░╨╗╨░╨▓╤А[0m
@qbs-autonaim/recruitment-assistant-extension:test:       [36m</span>[39m
@qbs-autonaim/recruitment-assistant-extension:test:       [0m
@qbs-autonaim/recruitment-assistant-extension:test:               [0m
@qbs-autonaim/recruitment-assistant-extension:test:     [36m</span>[39m
@qbs-autonaim/recruitment-assistant-extension:test:     [0m
@qbs-autonaim/recruitment-assistant-extension:test:               [0m
@qbs-autonaim/recruitment-assistant-extension:test:     [36m<span[39m
@qbs-autonaim/recruitment-assistant-extension:test:       [33mclass[39m=[32m"t-14 t-normal t-black--light"[39m
@qbs-autonaim/recruitment-assistant-extension:test:     [36m>[39m
@qbs-autonaim/recruitment-assistant-extension:test:       [0m
@qbs-autonaim/recruitment-assistant-extension:test:                 [0m
@qbs-autonaim/recruitment-assistant-extension:test:       [36m<span[39m
@qbs-autonaim/recruitment-assistant-extension:test:         [33maria-hidden[39m=[32m"true"[39m
@qbs-autonaim/recruitment-assistant-extension:test:       [36m>[39m
@qbs-autonaim/recruitment-assistant-extension:test:         [0m╨Ш╨╜╤Д╨╛╤А╨╝╨░╤В╨╕╨║╨░[0m
@qbs-autonaim/recruitment-assistant-extension:test:       [36m</span>[39m
@qbs-autonaim/recruitment-assistant-extension:test:       [0m
@qbs-autonaim/recruitment-assistant-extension:test:               [0m
@qbs-autonaim/recruitment-assistant-extension:test:     [36m</span>[39m
@qbs-autonaim/recruitment-assistant-extension:test:     [0m
@qbs-autonaim/recruitment-assistant-extension:test:               [0m
@qbs-autonaim/recruitment-assistant-extension:test:     [36m<span[39m
@qbs-autonaim/recruitment-assistant-extension:test:       [33mclass[39m=[32m"t-14 t-normal t-black--light"[39m
@qbs-autonaim/recruitment-assistant-extension:test:     [36m>[39m
@qbs-autonaim/recruitment-assistant-extension:test:       [0m
@qbs-autonaim/recruitment-assistant-extension:test:                 [0m
@qbs-autonaim/recruitment-assistant-extension:test:       [36m<span[39m
@qbs-autonaim/recruitment-assistant-extension:test:         [33maria-hidden[39m=[32m"true"[39m
@qbs-autonaim/recruitment-assistant-extension:test:       [36m>[39m
@qbs-autonaim/recruitment-assistant-extension:test:         [0m2015 тАУ 2019[0m
@qbs-autonaim/recruitment-assistant-extension:test:       [36m</span>[39m
@qbs-autonaim/recruitment-assistant-extension:test:       [0m
@qbs-autonaim/recruitment-assistant-extension:test:               [0m
@qbs-autonaim/recruitment-assistant-extension:test:     [36m</span>[39m
@qbs-autonaim/recruitment-assistant-extension:test:     [0m
@qbs-autonaim/recruitment-assistant-extension:test:             [0m
@qbs-autonaim/recruitment-assistant-extension:test:   [36m</li>[39m
@qbs-autonaim/recruitment-assistant-extension:test:   [0m
@qbs-autonaim/recruitment-assistant-extension:test:           [0m
@qbs-autonaim/recruitment-assistant-extension:test: [36m</ul>[39m
@qbs-autonaim/recruitment-assistant-extension:test: 
@qbs-autonaim/recruitment-assistant-extension:test: Ignored nodes: comments, script, style
@qbs-autonaim/recruitment-assistant-extension:test: [36m<ul[39m
@qbs-autonaim/recruitment-assistant-extension:test:   [33maria-label[39m=[32m"╨б╨┐╨╕╤Б╨╛╨║ ╨╜╨░╨▓╤Л╨║╨╛╨▓"[39m
@qbs-autonaim/recruitment-assistant-extension:test:   [33mstyle[39m=[32m"display: flex; flex-wrap: wrap; gap: 8px; margin: 0px; padding: 0px; list-style: none;"[39m
@qbs-autonaim/recruitment-assistant-extension:test: [36m>[39m
@qbs-autonaim/recruitment-assistant-extension:test:   [36m<li[39m
@qbs-autonaim/recruitment-assistant-extension:test:     [33mstyle[39m=[32m"display: flex; align-items: center; gap: 8px; padding: 6px 12px; background-color: #eff6ff; color: #1e40af; border-radius: 6px; font-size: 14px; border: 1px solid #bfdbfe;"[39m
@qbs-autonaim/recruitment-assistant-extension:test:   [36m>[39m
@qbs-autonaim/recruitment-assistant-extension:test:     [36m<span>[39m
@qbs-autonaim/recruitment-assistant-extension:test:       [0mJavaScript[0m
@qbs-autonaim/recruitment-assistant-extension:test:     [36m</span>[39m
@qbs-autonaim/recruitment-assistant-extension:test:   [36m</li>[39m
@qbs-autonaim/recruitment-assistant-extension:test: [36m</ul>[39m
@qbs-autonaim/recruitment-assistant-extension:test: 
@qbs-autonaim/recruitment-assistant-extension:test: (If this is intentional, then use the `*AllBy*` variant of the query (like `queryAllByText`, `getAllByText`, or `findAllByText`)).
@qbs-autonaim/recruitment-assistant-extension:test: 
@qbs-autonaim/recruitment-assistant-extension:test: Ignored nodes: comments, script, style
@qbs-autonaim/recruitment-assistant-extension:test: [36m<body>[39m
@qbs-autonaim/recruitment-assistant-extension:test:   [0m
@qbs-autonaim/recruitment-assistant-extension:test:         [0m
@qbs-autonaim/recruitment-assistant-extension:test:   [36m<h1[39m
@qbs-autonaim/recruitment-assistant-extension:test:     [33mclass[39m=[32m"text-heading-xlarge"[39m
@qbs-autonaim/recruitment-assistant-extension:test:   [36m>[39m
@qbs-autonaim/recruitment-assistant-extension:test:     [0m╨Ш╨▓╨░╨╜ ╨Ш╨▓╨░╨╜╨╛╨▓[0m
@qbs-autonaim/recruitment-assistant-extension:test:   [36m</h1>[39m
@qbs-autonaim/recruitment-assistant-extension:test:   [0m
@qbs-autonaim/recruitment-assistant-extension:test:         [0m
@qbs-autonaim/recruitment-assistant-extension:test:   [36m<div[39m
@qbs-autonaim/recruitment-assistant-extension:test:     [33mclass[39m=[32m"text-body-medium"[39m
@qbs-autonaim/recruitment-assistant-extension:test:   [36m>[39m
@qbs-autonaim/recruitment-assistant-extension:test:     [0mSenior Developer[0m
@qbs-autonaim/recruitment-assistant-extension:test:   [36m</div>[39m
@qbs-autonaim/recruitment-assistant-extension:test:   [0m
@qbs-autonaim/recruitment-assistant-extension:test:         [0m
@qbs-autonaim/recruitment-assistant-extension:test:   [36m<span[39m
@qbs-autonaim/recruitment-assistant-extension:test:     [33mclass[39m=[32m"text-body-small inline"[39m
@qbs-autonaim/recruitment-assistant-extension:test:   [36m>[39m
@qbs-autonaim/recruitment-assistant-extension:test:     [0m╨Ь╨╛╤Б╨║╨▓╨░, ╨а╨╛╤Б╤Б╨╕╤П[0m
@qbs-autonaim/recruitment-assistant-extension:test:   [36m</span>[39m
@qbs-autonaim/recruitment-assistant-extension:test:   [0m
@qbs-autonaim/recruitment-assistant-extension:test:         [0m
@qbs-autonaim/recruitment-assistant-extension:test:   [36m<img[39m
@qbs-autonaim/recruitment-assistant-extension:test:     [33mclass[39m=[32m"pv-top-card-profile-picture__image"[39m
@qbs-autonaim/recruitment-assistant-extension:test:     [33msrc[39m=[32m"https://example.com/photo.jpg"[39m
@qbs-autonaim/recruitment-assistant-extension:test:   [36m/>[39m
@qbs-autonaim/recruitment-assistant-extension:test:   [0m
@qbs-autonaim/recruitment-assistant-extension:test:         
@qbs-autonaim/recruitment-assistant-extension:test:         [0m
@qbs-autonaim/recruitment-assistant-extension:test:   [36m<section[39m
@qbs-autonaim/recruitment-assistant-extension:test:     [33mid[39m=[32m"experience"[39m
@qbs-autonaim/recruitment-assistant-extension:test:   [36m>[39m
@qbs-autonaim/recruitment-assistant-extension:test:     [0m
@qbs-autonaim/recruitment-assistant-extension:test:           [0m
@qbs-autonaim/recruitment-assistant-extension:test:     [36m<ul>[39m
@qbs-autonaim/recruitment-assistant-extension:test:       [0m
@qbs-autonaim/recruitment-assistant-extension:test:             [0m
@qbs-autonaim/recruitment-assistant-extension:test:       [36m<li[39m
@qbs-autonaim/recruitment-assistant-extension:test:         [33mclass[39m=[32m"artdeco-list__item"[39m
@qbs-autonaim/recruitment-assistant-extension:test:       [36m>[39m
@qbs-autonaim/recruitment-assistant-extension:test:         [0m
@qbs-autonaim/recruitment-assistant-extension:test:               [0m
@qbs-autonaim/recruitment-assistant-extension:test:         [36m<div[39m
@qbs-autonaim/recruitment-assistant-extension:test:           [33mclass[39m=[32m"display-flex"[39m
@qbs-autonaim/recruitment-assistant-extension:test:         [36m>[39m
@qbs-autonaim/recruitment-assistant-extension:test:           [0m
@qbs-autonaim/recruitment-assistant-extension:test:                 [0m
@qbs-autonaim/recruitment-assistant-extension:test:           [36m<span[39m
@qbs-autonaim/recruitment-assistant-extension:test:             [33maria-hidden[39m=[32m"true"[39m
@qbs-autonaim/recruitment-assistant-extension:test:           [36m>[39m
@qbs-autonaim/recruitment-assistant-extension:test:             [0mSenior Developer[0m
@qbs-autonaim/recruitment-assistant-extension:test:           [36m</span>[39m
@qbs-autonaim/recruitment-assistant-extension:test:           [0m
@qbs-autonaim/recruitment-assistant-extension:test:               [0m
@qbs-autonaim/recruitment-assistant-extension:test:         [36m</div>[39m
@qbs-autonaim/recruitment-assistant-extension:test:         [0m
@qbs-autonaim/recruitment-assistant-extension:test:               [0m
@qbs-autonaim/recruitment-assistant-extension:test:         [36m<span[39m
@qbs-autonaim/recruitment-assistant-extension:test:           [33mclass[39m=[32m"t-14 t-normal"[39m
@qbs-autonaim/recruitment-assistant-extension:test:         [36m>[39m
@qbs-autonaim/recruitment-assistant-extension:test:           [0m
@qbs-autonaim/recruitment-assistant-extension:test:                 [0m
@qbs-autonaim/recruitment-assistant-extension:test:           [36m<span[39m
@qbs-autonaim/recruitment-assistant-extension:test:             [33maria-hidden[39m=[32m"true"[39m
@qbs-autonaim/recruitment-assistant-extension:test:           [36m>[39m
@qbs-autonaim/recruitment-assistant-extension:test:             [0mTech Company[0m
@qbs-autonaim/recruitment-assistant-extension:test:           [36m</span>[39m
@qbs-autonaim/recruitment-assistant-extension:test:           [0m
@qbs-autonaim/recruitment-assistant-extension:test:               [0m
@qbs-autonaim/recruitment-assistant-extension:test:         [36m</span>[39m
@qbs-autonaim/recruitment-assistant-extension:test:         [0m
@qbs-autonaim/recruitment-assistant-extension:test:               [0m
@qbs-autonaim/recruitment-assistant-extension:test:         [36m<span[39m
@qbs-autonaim/recruitment-assistant-extension:test:           [33mclass[39m=[32m"t-14 t-normal t-black--light"[39m
@qbs-autonaim/recruitment-assistant-extension:test:         [36m>[39m
@qbs-autonaim/recruitment-assistant-extension:test:           [0m
@qbs-autonaim/recruitment-assistant-extension:test:                 [0m
@qbs-autonaim/recruitment-assistant-extension:test:           [36m<span[39m
@qbs-autonaim/recruitment-assistant-extension:test:             [33maria-hidden[39m=[32m"true"[39m
@qbs-autonaim/recruitment-assistant-extension:test:           [36m>[39m
@qbs-autonaim/recruitment-assistant-extension:test:             [0m2020 тАУ ╨┐╨╛ ╨╜╨░╤Б╤В╨╛╤П╤Й╨╡╨╡ ╨▓╤А╨╡╨╝╤П[0m
@qbs-autonaim/recruitment-assistant-extension:test:           [36m</span>[39m
@qbs-autonaim/recruitment-assistant-extension:test:           [0m
@qbs-autonaim/recruitment-assistant-extension:test:               [0m
@qbs-autonaim/recruitment-assistant-extension:test:         [36m</span>[39m
@qbs-autonaim/recruitment-assistant-extension:test:         [0m
@qbs-autonaim/recruitment-assistant-extension:test:               [0m
@qbs-autonaim/recruitment-assistant-extension:test:         [36m<div[39m
@qbs-autonaim/recruitment-assistant-extension:test:           [33mclass[39m=[32m"display-flex full-width"[39m
@qbs-autonaim/recruitment-assistant-extension:test:         [36m>[39m
@qbs-autonaim/recruitment-assistant-extension:test:           [0m
@qbs-autonaim/recruitment-assistant-extension:test:                 [0m
@qbs-autonaim/recruitment-assistant-extension:test:           [36m<span[39m
@qbs-autonaim/recruitment-assistant-extension:test:             [33maria-hidden[39m=[32m"true"[39m
@qbs-autonaim/recruitment-assistant-extension:test:           [36m>[39m
@qbs-autonaim/recruitment-assistant-extension:test:             [0m╨а╨░╨╖╤А╨░╨▒╨╛╤В╨║╨░[0m
@qbs-autonaim/recruitment-assistant-extension:test:           [36m</span>[39m
@qbs-autonaim/recruitment-assistant-extension:test:           [0m
@qbs-autonaim/recruitment-assistant-extension:test:               [0m
@qbs-autonaim/recruitment-assistant-extension:test:         [36m</div>[39m
@qbs-autonaim/recruitment-assistant-extension:test:         [0m
@qbs-autonaim/recruitment-assistant-extension:test:             [0m
@qbs-autonaim/recruitment-assistant-extension:test:       [36m</li>[39m
@qbs-autonaim/recruitment-assistant-extension:test:       [0m
@qbs-autonaim/recruitment-assistant-extension:test:           [0m
@qbs-autonaim/recruitment-assistant-extension:test:     [36m</ul>[39m
@qbs-autonaim/recruitment-assistant-extension:test:     [0m
@qbs-autonaim/recruitment-assistant-extension:test:         [0m
@qbs-autonaim/recruitment-assistant-extension:test:   [36m</section>[39m
@qbs-autonaim/recruitment-assistant-extension:test:   [0m
@qbs-autonaim/recruitment-assistant-extension:test:         
@qbs-autonaim/recruitment-assistant-extension:test:         [0m
@qbs-autonaim/recruitment-assistant-extension:test:   [36m<section[39m
@qbs-autonaim/recruitment-assistant-extension:test:     [33mid[39m=[32m"education"[39m
@qbs-autonaim/recruitment-assistant-extension:test:   [36m>[39m
@qbs-autonaim/recruitment-assistant-extension:test:     [0m
@qbs-autonaim/recruitment-assistant-extension:test:           [0m
@qbs-autonaim/recruitment-assistant-extension:test:     [36m<ul>[39m
@qbs-autonaim/recruitment-assistant-extension:test:       [0m
@qbs-autonaim/recruitment-assistant-extension:test:             [0m
@qbs-autonaim/recruitment-assistant-extension:test:       [36m<li[39m
@qbs-autonaim/recruitment-assistant-extension:test:         [33mclass[39m=[32m"artdeco-list__item"[39m
@qbs-autonaim/recruitment-assistant-extension:test:       [36m>[39m
@qbs-autonaim/recruitment-assistant-extension:test:         [0m
@qbs-autonaim/recruitment-assistant-extension:test:               [0m
@qbs-autonaim/recruitment-assistant-extension:test:         [36m<div[39m
@qbs-autonaim/recruitment-assistant-extension:test:           [33mclass[39m=[32m"display-flex"[39m
@qbs-autonaim/recruitment-assistant-extension:test:         [36m>[39m
@qbs-autonaim/recruitment-assistant-extension:test:           [0m
@qbs-autonaim/recruitment-assistant-extension:test:                 [0m
@qbs-autonaim/recruitment-assistant-extension:test:           [36m<span[39m
@qbs-autonaim/recruitment-assistant-extension:test:             [33maria-hidden[39m=[32m"true"[39m
@qbs-autonaim/recruitment-assistant-extension:test:           [36m>[39m
@qbs-autonaim/recruitment-assistant-extension:test:             [0m╨Ь╨У╨г[0m
@qbs-autonaim/recruitment-assistant-extension:test:           [36m</span>[39m
@qbs-autonaim/recruitment-assistant-extension:test:           [0m
@qbs-autonaim/recruitment-assistant-extension:test:               [0m
@qbs-autonaim/recruitment-assistant-extension:test:         [36m</div>[39m
@qbs-autonaim/recruitment-assistant-extension:test:         [0m
@qbs-autonaim/recruitment-assistant-extension:test:               [0m
@qbs-autonaim/recruitment-assistant-extension:test:         [36m<span[39m
@qbs-autonaim/recruitment-assistant-extension:test:           [33mclass[39m=[32m"t-14 t-normal"[39m
@qbs-autonaim/recruitment-assistant-extension:test:         [36m>[39m
@qbs-autonaim/recruitment-assistant-extension:test:           [0m
@qbs-autonaim/recruitment-assistant-extension:test:                 [0m
@qbs-autonaim/recruitment-assistant-extension:test:           [36m<span[39m
@qbs-autonaim/recruitment-assistant-extension:test:             [33maria-hidden[39m=[32m"true"[39m
@qbs-autonaim/recruitment-assistant-extension:test:           [36m>[39m
@qbs-autonaim/recruitment-assistant-extension:test:             [0m╨С╨░╨║╨░╨╗╨░╨▓╤А[0m
@qbs-autonaim/recruitment-assistant-extension:test:           [36m</span>[39m
@qbs-autonaim/recruitment-assistant-extension:test:           [0m
@qbs-autonaim/recruitment-assistant-extension:test:               [0m
@qbs-autonaim/recruitment-assistant-extension:test:         [36m</span>[39m
@qbs-autonaim/recruitment-assistant-extension:test:         [0m
@qbs-autonaim/recruitment-assistant-extension:test:               [0m
@qbs-autonaim/recruitment-assistant-extension:test:         [36m<span[39m
@qbs-autonaim/recruitment-assistant-extension:test:           [33mclass[39m=[32m"t-14 t-normal t-black--light"[39m
@qbs-autonaim/recruitment-assistant-extension:test:         [36m>[39m
@qbs-autonaim/recruitment-assistant-extension:test:           [0m
@qbs-autonaim/recruitment-assistant-extension:test:                 [0m
@qbs-autonaim/recruitment-assistant-extension:test:           [36m<span[39m
@qbs-autonaim/recruitment-assistant-extension:test:             [33maria-hidden[39m=[32m"true"[39m
@qbs-autonaim/recruitment-assistant-extension:test:           [36m>[39m
@qbs-autonaim/recruitment-assistant-extension:test:             [0m╨Ш╨╜╤Д╨╛╤А╨╝╨░╤В╨╕╨║╨░[0m
@qbs-autonaim/recruitment-assistant-extension:test:           [36m</span>[39m
@qbs-autonaim/recruitment-assistant-extension:test:           [0m
@qbs-autonaim/recruitment-assistant-extension:test:               [0m
@qbs-autonaim/recruitment-assistant-extension:test:         [36m</span>[39m
@qbs-autonaim/recruitment-assistant-extension:test:         [0m
@qbs-autonaim/recruitment-assistant-extension:test:               [0m
@qbs-autonaim/recruitment-assistant-extension:test:         [36m<span[39m
@qbs-autonaim/recruitment-assistant-extension:test:           [33mclass[39m=[32m"t-14 t-normal t-black--light"[39m
@qbs-autonaim/recruitment-assistant-extension:test:         [36m>[39m
@qbs-autonaim/recruitment-assistant-extension:test:           [0m
@qbs-autonaim/recruitment-assistant-extension:test:                 [0m
@qbs-autonaim/recruitment-assistant-extension:test:           [36m<span[39m
@qbs-autonaim/recruitment-assistant-extension:test:             [33maria-hidden[39m=[32m"true"[39m
@qbs-autonaim/recruitment-assistant-extension:test:           [36m>[39m
@qbs-autonaim/recruitment-assistant-extension:test:             [0m2015 тАУ 2019[0m
@qbs-autonaim/recruitment-assistant-extension:test:           [36m</span>[39m
@qbs-autonaim/recruitment-assistant-extension:test:           [0m
@qbs-autonaim/recruitment-assistant-extension:test:               [0m
@qbs-autonaim/recruitment-assistant-extension:test:         [36m</span>[39m
@qbs-autonaim/recruitment-assistant-extension:test:         [0m
@qbs-autonaim/recruitment-assistant-extension:test:             [0m
@qbs-autonaim/recruitment-assistant-extension:test:       [36m</li>[39m
@qbs-autonaim/recruitment-assistant-extension:test:       [0m
@qbs-autonaim/recruitment-assistant-extension:test:           [0m
@qbs-autonaim/recruitment-assistant-extension:test:     [36m</ul>[39m
@qbs-autonaim/recruitment-assistant-extension:test:     [0m
@qbs-autonaim/recruitment-assistant-extension:test:         [0m
@qbs-autonaim/recruitment-assistant-extension:test:   [36m</section>[39m
@qbs-autonaim/recruitment-assistant-extension:test:   [0m
@qbs-autonaim/recruitment-assistant-extension:test:         
@qbs-autonaim/recruitment-assistant-extension:test:         [0m
@qbs-autonaim/recruitment-assistant-extension:test:   [36m<section[39m
@qbs-autonaim/recruitment-assistant-extension:test:     [33mid[39m=[32m"skills"[39m
@qbs-autonaim/recruitment-assistant-extension:test:   [36m>[39m
@qbs-autonaim/recruitment-assistant-extension:test:     [0m
@qbs-autonaim/recruitment-assistant-extension:test:           [0m
@qbs-autonaim/recruitment-assistant-extension:test:     [36m<span[39m
@qbs-autonaim/recruitment-assistant-extension:test:       [33maria-hidden[39m=[32m"true"[39m
@qbs-autonaim/recruitment-assistant-extension:test:     [36m>[39m
@qbs-autonaim/recruitment-assistant-extension:test:       [0mTypeScript[0m
@qbs-autonaim/recruitment-assistant-extension:test:     [36m</span>[39m
@qbs-autonaim/recruitment-assistant-extension:test:     [0m
@qbs-autonaim/recruitment-assistant-extension:test:           [0m
@qbs-autonaim/recruitment-assistant-extension:test:     [36m<span[39m
@qbs-autonaim/recruitment-assistant-extension:test:       [33maria-hidden[39m=[32m"true"[39m
@qbs-autonaim/recruitment-assistant-extension:test:     [36m>[39m
@qbs-autonaim/recruitment-assistant-extension:test:       [0mReact[0m
@qbs-autonaim/recruitment-assistant-extension:test:     [36m</span>[39m
@qbs-autonaim/recruitment-assistant-extension:test:     [0m
@qbs-autonaim/recruitment-assistant-extension:test:         [0m
@qbs-autonaim/recruitment-assistant-extension:test:   [36m</section>[39m
@qbs-autonaim/recruitment-assistant-extension:test:   [0m
@qbs-autonaim/recruitment-assistant-extension:test:         
@qbs-autonaim/recruitment-assistant-extension:test:         [0m
@qbs-autonaim/recruitment-assistant-extension:test:   [36m<section[39m
@qbs-autonaim/recruitment-assistant-extension:test:     [33mclass[39m=[32m"pv-contact-info"[39m
@qbs-autonaim/recruitment-assistant-extension:test:   [36m>[39m
@qbs-autonaim/recruitment-assistant-extension:test:     [0m
@qbs-autonaim/recruitment-assistant-extension:test:           [0m
@qbs-autonaim/recruitment-assistant-extension:test:     [36m<a[39m
@qbs-autonaim/recruitment-assistant-extension:test:       [33mhref[39m=[32m"mailto:ivan@example.com"[39m
@qbs-autonaim/recruitment-assistant-extension:test:     [36m>[39m
@qbs-autonaim/recruitment-assistant-extension:test:       [0mEmail[0m
@qbs-autonaim/recruitment-assistant-extension:test:     [36m</a>[39m
@qbs-autonaim/recruitment-assistant-extension:test:     [0m
@qbs-autonaim/recruitment-assistant-extension:test:           [0m
@qbs-autonaim/recruitment-assistant-extension:test:     [36m<span[39m
@qbs-autonaim/recruitment-assistant-extension:test:       [33mclass[39m=[32m"t-14 t-black t-normal"[39m
@qbs-autonaim/recruitment-assistant-extension:test:     [36m>[39m
@qbs-autonaim/recruitment-assistant-extension:test:       [0m+7 (999) 123-45-67[0m
@qbs-autonaim/recruitment-assistant-extension:test:     [36m</span>[39m
@qbs-autonaim/recruitment-assistant-extension:test:     [0m
@qbs-autonaim/recruitment-assistant-extension:test:         [0m
@qbs-autonaim/recruitment-assistant-extension:test:   [36m</section>[39m
@qbs-autonaim/recruitment-assistant-extension:test:   [0m
@qbs-autonaim/recruitment-assistant-extension:test:       [0m
@qbs-autonaim/recruitment-assistant-extension:test:   [36m<div>[39m
@qbs-autonaim/recruitment-assistant-extension:test:     [36m<div>[39m
@qbs-autonaim/recruitment-assistant-extension:test:       [36m<div[39m
@qbs-autonaim/recruitment-assistant-extension:test:         [33mstyle[39m=[32m"display: flex; justify-content: space-between; align-items: center; margin-bottom: 12px;"[39m
@qbs-autonaim/recruitment-assistant-extension:test:       [36m>[39m
@qbs-autonaim/recruitment-assistant-extension:test:         [36m<h3[39m
@qbs-autonaim/recruitment-assistant-extension:test:           [33mstyle[39m=[32m"font-size: 16px; font-weight: 600; color: #1f2937; margin: 0px;"[39m
@qbs-autonaim/recruitment-assistant-extension:test:         [36m>[39m
@qbs-autonaim/recruitment-assistant-extension:test:           [0m╨Э╨░╨▓╤Л╨║╨╕[0m
@qbs-autonaim/recruitment-assistant-extension:test:         [36m</h3>[39m
@qbs-autonaim/recruitment-assistant-extension:test:         [36m<button[39m
@qbs-autonaim/recruitment-assistant-extension:test:           [33maria-label[39m=[32m"╨а╨╡╨┤╨░╨║╤В╨╕╤А╨╛╨▓╨░╤В╤М ╨╜╨░╨▓╤Л╨║╨╕"[39m
@qbs-autonaim/recruitment-assistant-extension:test:           [33maria-pressed[39m=[32m"false"[39m
@qbs-autonaim/recruitment-assistant-extension:test:           [33mstyle[39m=[32m"min-width: 44px; min-height: 44px; padding: 8px 12px; background-color: white; color: #3b82f6; border: 1px solid #3b82f6; border-radius: 6px; font-size: 14px; font-weight: 500; cursor: pointer; touch-action: manipulation;"[39m
@qbs-autonaim/recruitment-assistant-extension:test:           [33mtype[39m=[32m"button"[39m
@qbs-autonaim/recruitment-assistant-extension:test:         [36m>[39m
@qbs-autonaim/recruitment-assistant-extension:test:           [0m╨Ш╨╖╨╝╨╡╨╜╨╕╤В╤М[0m
@qbs-autonaim/recruitment-assistant-extension:test:         [36m</button>[39m
@qbs-autonaim/recruitment-assistant-extension:test:       [36m</div>[39m
@qbs-autonaim/recruitment-assistant-extension:test:       [36m<ul[39m
@qbs-autonaim/recruitment-assistant-extension:test:         [33maria-label[39m=[32m"╨б╨┐╨╕╤Б╨╛╨║ ╨╜╨░╨▓╤Л╨║╨╛╨▓"[39m
@qbs-autonaim/recruitment-assistant-extension:test:         [33mstyle[39m=[32m"display: flex; flex-wrap: wrap; gap: 8px; margin: 0px; padding: 0px; list-style: none;"[39m
@qbs-autonaim/recruitment-assistant-extension:test:       [36m>[39m
@qbs-autonaim/recruitment-assistant-extension:test:         [36m<li[39m
@qbs-autonaim/recruitment-assistant-extension:test:           [33mstyle[39m=[32m"display: flex; align-items: center; gap: 8px; padding: 6px 12px; background-color: #eff6ff; color: #1e40af; border-radius: 6px; font-size: 14px; border: 1px solid #bfdbfe;"[39m
@qbs-autonaim/recruitment-assistant-extension:test:         [36m>[39m
@qbs-autonaim/recruitment-assistant-extension:test:           [36m<span>[39m
@qbs-autonaim/recruitment-assistant-extension:test:             [0mJavaScript[0m
@qbs-autonaim/recruitment-assistant-extension:test:           [36m</span>[39m
@qbs-autonaim/recruitment-assistant-extension:test:         [36m</li>[39m
@qbs-autonaim/recruitment-assistant-extension:test:       [36m</ul>[39m
@qbs-autonaim/recruitment-assistant-extension:test:     [36m</div>[39m
@qbs-autonaim/recruitment-assistant-extension:test:   [36m</div>[39m
@qbs-autonaim/recruitment-assistant-extension:test: [36m</body>[39m
@qbs-autonaim/recruitment-assistant-extension:test:       at <anonymous> (C:\Projects\kwork\selectio\node_modules\@testing-library\dom\dist\query-helpers.js:59:30)
@qbs-autonaim/recruitment-assistant-extension:test:       at <anonymous> (C:\Projects\kwork\selectio\node_modules\@testing-library\dom\dist\query-helpers.js:95:19)
@qbs-autonaim/recruitment-assistant-extension:test:       at <anonymous> (C:\Projects\kwork\selectio\apps\recruitment-assistant-extension\src\content\ui\skills-list.test.tsx:238:27)
@qbs-autonaim/recruitment-assistant-extension:test: (fail) SkillsList > ╨Ф╨╛╤Б╤В╤Г╨┐╨╜╨╛╤Б╤В╤М (ARIA) > ╨┤╨╛╨╗╨╢╨╡╨╜ ╨╕╨╝╨╡╤В╤М aria-label ╨┤╨╗╤П ╤Б╨┐╨╕╤Б╨║╨░ [16.00ms]
@qbs-autonaim/recruitment-assistant-extension:test: 241 | 
@qbs-autonaim/recruitment-assistant-extension:test: 242 |     it("╨┤╨╛╨╗╨╢╨╡╨╜ ╨╕╨╝╨╡╤В╤М role='listitem' ╨┤╨╗╤П ╨║╨░╨╢╨┤╨╛╨│╨╛ ╨╜╨░╨▓╤Л╨║╨░", () => {
@qbs-autonaim/recruitment-assistant-extension:test: 243 |       render(<SkillsList skills={["JavaScript", "React"]} onEdit={vi.fn()} />);
@qbs-autonaim/recruitment-assistant-extension:test: 244 | 
@qbs-autonaim/recruitment-assistant-extension:test: 245 |       const items = screen.getAllByRole("listitem");
@qbs-autonaim/recruitment-assistant-extension:test: 246 |       expect(items.length).toBe(2);
@qbs-autonaim/recruitment-assistant-extension:test:                                  ^
@qbs-autonaim/recruitment-assistant-extension:test: error: expect(received).toBe(expected)
@qbs-autonaim/recruitment-assistant-extension:test: 
@qbs-autonaim/recruitment-assistant-extension:test: Expected: 2
@qbs-autonaim/recruitment-assistant-extension:test: Received: 4
@qbs-autonaim/recruitment-assistant-extension:test: 
@qbs-autonaim/recruitment-assistant-extension:test:       at <anonymous> (C:\Projects\kwork\selectio\apps\recruitment-assistant-extension\src\content\ui\skills-list.test.tsx:246:28)
@qbs-autonaim/recruitment-assistant-extension:test: (fail) SkillsList > ╨Ф╨╛╤Б╤В╤Г╨┐╨╜╨╛╤Б╤В╤М (ARIA) > ╨┤╨╛╨╗╨╢╨╡╨╜ ╨╕╨╝╨╡╤В╤М role='listitem' ╨┤╨╗╤П ╨║╨░╨╢╨┤╨╛╨│╨╛ ╨╜╨░╨▓╤Л╨║╨░
@qbs-autonaim/recruitment-assistant-extension:test: (pass) SkillsList > ╨Ф╨╛╤Б╤В╤Г╨┐╨╜╨╛╤Б╤В╤М (ARIA) > ╨┤╨╛╨╗╨╢╨╡╨╜ ╨╕╨╝╨╡╤В╤М aria-pressed ╨┤╨╗╤П ╨║╨╜╨╛╨┐╨║╨╕ ╤А╨╡╨┤╨░╨║╤В╨╕╤А╨╛╨▓╨░╨╜╨╕╤П [16.00ms]
@qbs-autonaim/recruitment-assistant-extension:test: (pass) SkillsList > ╨Ф╨╛╤Б╤В╤Г╨┐╨╜╨╛╤Б╤В╤М (ARIA) > ╨┤╨╛╨╗╨╢╨╡╨╜ ╨╕╨╝╨╡╤В╤М aria-label ╨┤╨╗╤П ╨║╨╜╨╛╨┐╨║╨╕ ╨┤╨╛╨▒╨░╨▓╨╗╨╡╨╜╨╕╤П
@qbs-autonaim/recruitment-assistant-extension:test: (pass) SkillsList > ╨Ф╨╛╤Б╤В╤Г╨┐╨╜╨╛╤Б╤В╤М (ARIA) > ╨┤╨╛╨╗╨╢╨╡╨╜ ╨╕╨╝╨╡╤В╤М aria-label ╨┤╨╗╤П ╨║╨╜╨╛╨┐╨╛╨║ ╤Г╨┤╨░╨╗╨╡╨╜╨╕╤П
@qbs-autonaim/recruitment-assistant-extension:test: (pass) SkillsList > ╨б╤В╨╕╨╗╨╕ ╨╕ ╤А╨░╨╖╨╝╨╡╤А╤Л > ╨┤╨╛╨╗╨╢╨╡╨╜ ╨╕╨╝╨╡╤В╤М ╨╝╨╕╨╜╨╕╨╝╨░╨╗╤М╨╜╤Л╨╣ ╤А╨░╨╖╨╝╨╡╤А 44x44px ╨┤╨╗╤П ╨║╨╜╨╛╨┐╨╛╨║
@qbs-autonaim/recruitment-assistant-extension:test: (pass) SkillsList > ╨б╤В╨╕╨╗╨╕ ╨╕ ╤А╨░╨╖╨╝╨╡╤А╤Л > ╨┤╨╛╨╗╨╢╨╡╨╜ ╨╕╨╝╨╡╤В╤М fontSize 16px ╨┤╨╗╤П ╨┐╨╛╨╗╤П ╨▓╨▓╨╛╨┤╨░ [15.00ms]
@qbs-autonaim/recruitment-assistant-extension:test: (pass) SkillsList > ╨б╤В╨╕╨╗╨╕ ╨╕ ╤А╨░╨╖╨╝╨╡╤А╤Л > ╨┤╨╛╨╗╨╢╨╡╨╜ ╨╕╨╝╨╡╤В╤М touch-action: manipulation
@qbs-autonaim/recruitment-assistant-extension:test: (pass) SkillsList > ╨б╤В╨╕╨╗╨╕ ╨╕ ╤А╨░╨╖╨╝╨╡╤А╤Л > ╨┤╨╛╨╗╨╢╨╡╨╜ ╨╕╨╝╨╡╤В╤М cursor: not-allowed ╨┤╨╗╤П disabled ╨║╨╜╨╛╨┐╨║╨╕
@qbs-autonaim/recruitment-assistant-extension:test: (pass) SkillsList > ╨б╤В╨╕╨╗╨╕ ╨╕ ╤А╨░╨╖╨╝╨╡╤А╤Л > ╨┤╨╛╨╗╨╢╨╡╨╜ ╨╕╨╝╨╡╤В╤М cursor: pointer ╨┤╨╗╤П enabled ╨║╨╜╨╛╨┐╨║╨╕ [16.00ms]
@qbs-autonaim/recruitment-assistant-extension:test: (pass) SkillsList > ╨Ъ╨╗╨░╨▓╨╕╨░╤В╤Г╤А╨╜╨░╤П ╨╜╨░╨▓╨╕╨│╨░╤Ж╨╕╤П > ╨┤╨╛╨╗╨╢╨╡╨╜ ╨┐╨╛╨┤╨┤╨╡╤А╨╢╨╕╨▓╨░╤В╤М ╤Д╨╛╨║╤Г╤Б ╨╜╨░ ╨║╨╜╨╛╨┐╨║╨╡ ╤А╨╡╨┤╨░╨║╤В╨╕╤А╨╛╨▓╨░╨╜╨╕╤П
@qbs-autonaim/recruitment-assistant-extension:test: (pass) SkillsList > ╨Ъ╨╗╨░╨▓╨╕╨░╤В╤Г╤А╨╜╨░╤П ╨╜╨░╨▓╨╕╨│╨░╤Ж╨╕╤П > ╨┤╨╛╨╗╨╢╨╡╨╜ ╨┐╨╛╨┤╨┤╨╡╤А╨╢╨╕╨▓╨░╤В╤М ╤Д╨╛╨║╤Г╤Б ╨╜╨░ ╨┐╨╛╨╗╨╡ ╨▓╨▓╨╛╨┤╨░
@qbs-autonaim/recruitment-assistant-extension:test: (pass) SkillsList > ╨Ъ╨╗╨░╨▓╨╕╨░╤В╤Г╤А╨╜╨░╤П ╨╜╨░╨▓╨╕╨│╨░╤Ж╨╕╤П > ╨┤╨╛╨╗╨╢╨╡╨╜ ╨┐╨╛╨┤╨┤╨╡╤А╨╢╨╕╨▓╨░╤В╤М ╤Д╨╛╨║╤Г╤Б ╨╜╨░ ╨║╨╜╨╛╨┐╨║╨╡ ╨┤╨╛╨▒╨░╨▓╨╗╨╡╨╜╨╕╤П [15.00ms]
@qbs-autonaim/recruitment-assistant-extension:test: (pass) SkillsList > ╨Ъ╨╗╨░╨▓╨╕╨░╤В╤Г╤А╨╜╨░╤П ╨╜╨░╨▓╨╕╨│╨░╤Ж╨╕╤П > ╨┤╨╛╨╗╨╢╨╡╨╜ ╨┐╨╛╨┤╨┤╨╡╤А╨╢╨╕╨▓╨░╤В╤М ╤Д╨╛╨║╤Г╤Б ╨╜╨░ ╨║╨╜╨╛╨┐╨║╨░╤Е ╤Г╨┤╨░╨╗╨╡╨╜╨╕╤П
@qbs-autonaim/recruitment-assistant-extension:test: (pass) SkillsList > ╨Ы╨╛╨║╨░╨╗╨╕╨╖╨░╤Ж╨╕╤П > ╨┤╨╛╨╗╨╢╨╡╨╜ ╨╕╤Б╨┐╨╛╨╗╤М╨╖╨╛╨▓╨░╤В╤М ╤А╤Г╤Б╤Б╨║╨╕╨╣ ╤П╨╖╤Л╨║ ╨▒╨╡╨╖ ╨░╨╜╨│╨╗╨╕╤Ж╨╕╨╖╨╝╨╛╨▓ [16.00ms]
@qbs-autonaim/recruitment-assistant-extension:test: (pass) SkillsList > ╨Ы╨╛╨║╨░╨╗╨╕╨╖╨░╤Ж╨╕╤П > ╨┤╨╛╨╗╨╢╨╡╨╜ ╨╕╤Б╨┐╨╛╨╗╤М╨╖╨╛╨▓╨░╤В╤М ╨╝╨╜╨╛╨│╨╛╤В╨╛╤З╨╕╨╡ (тАж) ╨▓ ╨┐╨╗╨╡╨╣╤Б╤Е╨╛╨╗╨┤╨╡╤А╨╡
@qbs-autonaim/recruitment-assistant-extension:test: (pass) SkillsList > ╨Ы╨╛╨║╨░╨╗╨╕╨╖╨░╤Ж╨╕╤П > ╨┤╨╛╨╗╨╢╨╡╨╜ ╨╕╤Б╨┐╨╛╨╗╤М╨╖╨╛╨▓╨░╤В╤М "╨У╨╛╤В╨╛╨▓╨╛" ╨▓╨╝╨╡╤Б╤В╨╛ "Done" [16.00ms]
@qbs-autonaim/recruitment-assistant-extension:test: (pass) SkillsList > ╨б╨╛╤Б╤В╨╛╤П╨╜╨╕╤П ╨║╨╜╨╛╨┐╨║╨╕ ╨┤╨╛╨▒╨░╨▓╨╗╨╡╨╜╨╕╤П > ╨┤╨╛╨╗╨╢╨╜╨░ ╨▒╤Л╤В╤М disabled ╨║╨╛╨│╨┤╨░ ╨┐╨╛╨╗╨╡ ╨┐╤Г╤Б╤В╨╛╨╡ [15.00ms]
@qbs-autonaim/recruitment-assistant-extension:test: (pass) SkillsList > ╨б╨╛╤Б╤В╨╛╤П╨╜╨╕╤П ╨║╨╜╨╛╨┐╨║╨╕ ╨┤╨╛╨▒╨░╨▓╨╗╨╡╨╜╨╕╤П > ╨┤╨╛╨╗╨╢╨╜╨░ ╨▒╤Л╤В╤М enabled ╨║╨╛╨│╨┤╨░ ╨╡╤Б╤В╤М ╤В╨╡╨║╤Б╤В
@qbs-autonaim/recruitment-assistant-extension:test: (pass) SkillsList > ╨б╨╛╤Б╤В╨╛╤П╨╜╨╕╤П ╨║╨╜╨╛╨┐╨║╨╕ ╨┤╨╛╨▒╨░╨▓╨╗╨╡╨╜╨╕╤П > ╨┤╨╛╨╗╨╢╨╜╨░ ╨▒╤Л╤В╤М disabled ╨║╨╛╨│╨┤╨░ ╤В╨╛╨╗╤М╨║╨╛ ╨┐╤А╨╛╨▒╨╡╨╗╤Л
@qbs-autonaim/recruitment-assistant-extension:test: 
@qbs-autonaim/recruitment-assistant-extension:test: 22 tests skipped:
@qbs-autonaim/recruitment-assistant-extension:test: (skip) Property-based ╤В╨╡╤Б╤В╤Л ╨░╨┤╨░╨┐╤В╨╡╤А╨╛╨▓ > ╨б╨▓╨╛╨╣╤Б╤В╨▓╨╛ 1: ╨Ю╨┐╤А╨╡╨┤╨╡╨╗╨╡╨╜╨╕╨╡ ╨┐╨╗╨░╤В╤Д╨╛╤А╨╝╤Л ╨┐╤А╨╛╤Д╨╕╨╗╤П > LinkedIn ╨░╨┤╨░╨┐╤В╨╡╤А ╨┤╨╛╨╗╨╢╨╡╨╜ ╨╛╨┐╤А╨╡╨┤╨╡╨╗╤П╤В╤М ╨┐╤А╨╛╤Д╨╕╨╗╤М╨╜╤Л╨╡ URL
@qbs-autonaim/recruitment-assistant-extension:test: (skip) Property-based ╤В╨╡╤Б╤В╤Л ╨░╨┤╨░╨┐╤В╨╡╤А╨╛╨▓ > ╨б╨▓╨╛╨╣╤Б╤В╨▓╨╛ 1: ╨Ю╨┐╤А╨╡╨┤╨╡╨╗╨╡╨╜╨╕╨╡ ╨┐╨╗╨░╤В╤Д╨╛╤А╨╝╤Л ╨┐╤А╨╛╤Д╨╕╨╗╤П > LinkedIn ╨░╨┤╨░╨┐╤В╨╡╤А ╨┤╨╛╨╗╨╢╨╡╨╜ ╨╛╤В╨║╨╗╨╛╨╜╤П╤В╤М ╨╜╨╡-╨┐╤А╨╛╤Д╨╕╨╗╤М╨╜╤Л╨╡ URL
@qbs-autonaim/recruitment-assistant-extension:test: (skip) Property-based ╤В╨╡╤Б╤В╤Л ╨░╨┤╨░╨┐╤В╨╡╤А╨╛╨▓ > ╨б╨▓╨╛╨╣╤Б╤В╨▓╨╛ 1: ╨Ю╨┐╤А╨╡╨┤╨╡╨╗╨╡╨╜╨╕╨╡ ╨┐╨╗╨░╤В╤Д╨╛╤А╨╝╤Л ╨┐╤А╨╛╤Д╨╕╨╗╤П > HeadHunter ╨░╨┤╨░╨┐╤В╨╡╤А ╨┤╨╛╨╗╨╢╨╡╨╜ ╨╛╨┐╤А╨╡╨┤╨╡╨╗╤П╤В╤М ╨┐╤А╨╛╤Д╨╕╨╗╤М╨╜╤Л╨╡ URL
@qbs-autonaim/recruitment-assistant-extension:test: (skip) Property-based ╤В╨╡╤Б╤В╤Л ╨░╨┤╨░╨┐╤В╨╡╤А╨╛╨▓ > ╨б╨▓╨╛╨╣╤Б╤В╨▓╨╛ 1: ╨Ю╨┐╤А╨╡╨┤╨╡╨╗╨╡╨╜╨╕╨╡ ╨┐╨╗╨░╤В╤Д╨╛╤А╨╝╤Л ╨┐╤А╨╛╤Д╨╕╨╗╤П > HeadHunter ╨░╨┤╨░╨┐╤В╨╡╤А ╨┤╨╛╨╗╨╢╨╡╨╜ ╨╛╤В╨║╨╗╨╛╨╜╤П╤В╤М ╨╜╨╡-╨┐╤А╨╛╤Д╨╕╨╗╤М╨╜╤Л╨╡ URL
@qbs-autonaim/recruitment-assistant-extension:test: (skip) Property-based ╤В╨╡╤Б╤В╤Л ╨░╨┤╨░╨┐╤В╨╡╤А╨╛╨▓ > ╨б╨▓╨╛╨╣╤Б╤В╨▓╨╛ 2: ╨Ш╨╖╨▓╨╗╨╡╤З╨╡╨╜╨╕╨╡ ╨▒╨░╨╖╨╛╨▓╨╛╨╣ ╨╕╨╜╤Д╨╛╤А╨╝╨░╤Ж╨╕╨╕ > LinkedIn: ╨╕╨╖╨▓╨╗╨╡╤З╨╡╨╜╨╜╨░╤П ╨▒╨░╨╖╨╛╨▓╨░╤П ╨╕╨╜╤Д╨╛╤А╨╝╨░╤Ж╨╕╤П ╨┤╨╛╨╗╨╢╨╜╨░ ╨╕╨╝╨╡╤В╤М ╨▓╤Б╨╡ ╨╛╨▒╤П╨╖╨░╤В╨╡╨╗╤М╨╜╤Л╨╡ ╨┐╨╛╨╗╤П
@qbs-autonaim/recruitment-assistant-extension:test: (skip) Property-based ╤В╨╡╤Б╤В╤Л ╨░╨┤╨░╨┐╤В╨╡╤А╨╛╨▓ > ╨б╨▓╨╛╨╣╤Б╤В╨▓╨╛ 2: ╨Ш╨╖╨▓╨╗╨╡╤З╨╡╨╜╨╕╨╡ ╨▒╨░╨╖╨╛╨▓╨╛╨╣ ╨╕╨╜╤Д╨╛╤А╨╝╨░╤Ж╨╕╨╕ > HeadHunter: ╨╕╨╖╨▓╨╗╨╡╤З╨╡╨╜╨╜╨░╤П ╨▒╨░╨╖╨╛╨▓╨░╤П ╨╕╨╜╤Д╨╛╤А╨╝╨░╤Ж╨╕╤П ╨┤╨╛╨╗╨╢╨╜╨░ ╨╕╨╝╨╡╤В╤М ╨▓╤Б╨╡ ╨╛╨▒╤П╨╖╨░╤В╨╡╨╗╤М╨╜╤Л╨╡ ╨┐╨╛╨╗╤П
@qbs-autonaim/recruitment-assistant-extension:test: (skip) Property-based ╤В╨╡╤Б╤В╤Л ╨░╨┤╨░╨┐╤В╨╡╤А╨╛╨▓ > ╨б╨▓╨╛╨╣╤Б╤В╨▓╨╛ 3: ╨Ш╨╖╨▓╨╗╨╡╤З╨╡╨╜╨╕╨╡ ╨▓╤Б╨╡╤Е ╨╖╨░╨┐╨╕╤Б╨╡╨╣ ╨╛╨┐╤Л╤В╨░ ╤А╨░╨▒╨╛╤В╤Л > LinkedIn: ╨║╨╛╨╗╨╕╤З╨╡╤Б╤В╨▓╨╛ ╨╕╨╖╨▓╨╗╨╡╤З╨╡╨╜╨╜╤Л╤Е ╨╖╨░╨┐╨╕╤Б╨╡╨╣ ╨┤╨╛╨╗╨╢╨╜╨╛ ╤Б╨╛╨╛╤В╨▓╨╡╤В╤Б╤В╨▓╨╛╨▓╨░╤В╤М ╨║╨╛╨╗╨╕╤З╨╡╤Б╤В╨▓╤Г ╨▓ DOM
@qbs-autonaim/recruitment-assistant-extension:test: (skip) Property-based ╤В╨╡╤Б╤В╤Л ╨░╨┤╨░╨┐╤В╨╡╤А╨╛╨▓ > ╨б╨▓╨╛╨╣╤Б╤В╨▓╨╛ 3: ╨Ш╨╖╨▓╨╗╨╡╤З╨╡╨╜╨╕╨╡ ╨▓╤Б╨╡╤Е ╨╖╨░╨┐╨╕╤Б╨╡╨╣ ╨╛╨┐╤Л╤В╨░ ╤А╨░╨▒╨╛╤В╤Л > HeadHunter: ╨║╨╛╨╗╨╕╤З╨╡╤Б╤В╨▓╨╛ ╨╕╨╖╨▓╨╗╨╡╤З╨╡╨╜╨╜╤Л╤Е ╨╖╨░╨┐╨╕╤Б╨╡╨╣ ╨┤╨╛╨╗╨╢╨╜╨╛ ╤Б╨╛╨╛╤В╨▓╨╡╤В╤Б╤В╨▓╨╛╨▓╨░╤В╤М ╨║╨╛╨╗╨╕╤З╨╡╤Б╤В╨▓╤Г ╨▓ DOM
@qbs-autonaim/recruitment-assistant-extension:test: (skip) Property-based ╤В╨╡╤Б╤В╤Л ╨░╨┤╨░╨┐╤В╨╡╤А╨╛╨▓ > ╨б╨▓╨╛╨╣╤Б╤В╨▓╨╛ 4: ╨Ш╨╖╨▓╨╗╨╡╤З╨╡╨╜╨╕╨╡ ╨▓╤Б╨╡╤Е ╨╖╨░╨┐╨╕╤Б╨╡╨╣ ╨╛╨▒╤А╨░╨╖╨╛╨▓╨░╨╜╨╕╤П > LinkedIn: ╨║╨╛╨╗╨╕╤З╨╡╤Б╤В╨▓╨╛ ╨╕╨╖╨▓╨╗╨╡╤З╨╡╨╜╨╜╤Л╤Е ╨╖╨░╨┐╨╕╤Б╨╡╨╣ ╨┤╨╛╨╗╨╢╨╜╨╛ ╤Б╨╛╨╛╤В╨▓╨╡╤В╤Б╤В╨▓╨╛╨▓╨░╤В╤М ╨║╨╛╨╗╨╕╤З╨╡╤Б╤В╨▓╤Г ╨▓ DOM
@qbs-autonaim/recruitment-assistant-extension:test: (skip) Property-based ╤В╨╡╤Б╤В╤Л ╨░╨┤╨░╨┐╤В╨╡╤А╨╛╨▓ > ╨б╨▓╨╛╨╣╤Б╤В╨▓╨╛ 4: ╨Ш╨╖╨▓╨╗╨╡╤З╨╡╨╜╨╕╨╡ ╨▓╤Б╨╡╤Е ╨╖╨░╨┐╨╕╤Б╨╡╨╣ ╨╛╨▒╤А╨░╨╖╨╛╨▓╨░╨╜╨╕╤П > HeadHunter: ╨║╨╛╨╗╨╕╤З╨╡╤Б╤В╨▓╨╛ ╨╕╨╖╨▓╨╗╨╡╤З╨╡╨╜╨╜╤Л╤Е ╨╖╨░╨┐╨╕╤Б╨╡╨╣ ╨┤╨╛╨╗╨╢╨╜╨╛ ╤Б╨╛╨╛╤В╨▓╨╡╤В╤Б╤В╨▓╨╛╨▓╨░╤В╤М ╨║╨╛╨╗╨╕╤З╨╡╤Б╤В╨▓╤Г ╨▓ DOM
@qbs-autonaim/recruitment-assistant-extension:test: (skip) Property-based ╤В╨╡╤Б╤В╤Л ╨░╨┤╨░╨┐╤В╨╡╤А╨╛╨▓ > ╨б╨▓╨╛╨╣╤Б╤В╨▓╨╛ 5: ╨б╨╛╤Е╤А╨░╨╜╨╡╨╜╨╕╨╡ ╤Е╤А╨╛╨╜╨╛╨╗╨╛╨│╨╕╤З╨╡╤Б╨║╨╛╨│╨╛ ╨┐╨╛╤А╤П╨┤╨║╨░ > LinkedIn: ╨┐╨╛╤А╤П╨┤╨╛╨║ ╨╛╨┐╤Л╤В╨░ ╤А╨░╨▒╨╛╤В╤Л ╨┤╨╛╨╗╨╢╨╡╨╜ ╤Б╨╛╤Е╤А╨░╨╜╤П╤В╤М╤Б╤П
@qbs-autonaim/recruitment-assistant-extension:test: (skip) Property-based ╤В╨╡╤Б╤В╤Л ╨░╨┤╨░╨┐╤В╨╡╤А╨╛╨▓ > ╨б╨▓╨╛╨╣╤Б╤В╨▓╨╛ 5: ╨б╨╛╤Е╤А╨░╨╜╨╡╨╜╨╕╨╡ ╤Е╤А╨╛╨╜╨╛╨╗╨╛╨│╨╕╤З╨╡╤Б╨║╨╛╨│╨╛ ╨┐╨╛╤А╤П╨┤╨║╨░ > LinkedIn: ╨┐╨╛╤А╤П╨┤╨╛╨║ ╨╜╨░╨▓╤Л╨║╨╛╨▓ ╨┤╨╛╨╗╨╢╨╡╨╜ ╤Б╨╛╤Е╤А╨░╨╜╤П╤В╤М╤Б╤П
@qbs-autonaim/recruitment-assistant-extension:test: (skip) Property-based ╤В╨╡╤Б╤В╤Л ╨░╨┤╨░╨┐╤В╨╡╤А╨╛╨▓ > ╨б╨▓╨╛╨╣╤Б╤В╨▓╨╛ 6: ╨Ш╨╖╨▓╨╗╨╡╤З╨╡╨╜╨╕╨╡ ╨╜╨░╨▓╤Л╨║╨╛╨▓ > LinkedIn: ╨▓╤Б╨╡ ╨╜╨░╨▓╤Л╨║╨╕ ╨┤╨╛╨╗╨╢╨╜╤Л ╨▒╤Л╤В╤М ╨╕╨╖╨▓╨╗╨╡╤З╨╡╨╜╤Л
@qbs-autonaim/recruitment-assistant-extension:test: (skip) Property-based ╤В╨╡╤Б╤В╤Л ╨░╨┤╨░╨┐╤В╨╡╤А╨╛╨▓ > ╨б╨▓╨╛╨╣╤Б╤В╨▓╨╛ 6: ╨Ш╨╖╨▓╨╗╨╡╤З╨╡╨╜╨╕╨╡ ╨╜╨░╨▓╤Л╨║╨╛╨▓ > HeadHunter: ╨▓╤Б╨╡ ╨╜╨░╨▓╤Л╨║╨╕ ╨┤╨╛╨╗╨╢╨╜╤Л ╨▒╤Л╤В╤М ╨╕╨╖╨▓╨╗╨╡╤З╨╡╨╜╤Л
@qbs-autonaim/recruitment-assistant-extension:test: (skip) Property-based ╤В╨╡╤Б╤В╤Л ╨░╨┤╨░╨┐╤В╨╡╤А╨╛╨▓ > ╨б╨▓╨╛╨╣╤Б╤В╨▓╨╛ 7: ╨Ш╨╖╨▓╨╗╨╡╤З╨╡╨╜╨╕╨╡ ╨║╨╛╨╜╤В╨░╨║╤В╨╜╨╛╨╣ ╨╕╨╜╤Д╨╛╤А╨╝╨░╤Ж╨╕╨╕ > LinkedIn: ╨║╨╛╨╜╤В╨░╨║╤В╨╜╨░╤П ╨╕╨╜╤Д╨╛╤А╨╝╨░╤Ж╨╕╤П ╨┤╨╛╨╗╨╢╨╜╨░ ╨▒╤Л╤В╤М ╨╕╨╖╨▓╨╗╨╡╤З╨╡╨╜╨░ ╨╡╤Б╨╗╨╕ ╨┤╨╛╤Б╤В╤Г╨┐╨╜╨░
@qbs-autonaim/recruitment-assistant-extension:test: (skip) Property-based ╤В╨╡╤Б╤В╤Л ╨░╨┤╨░╨┐╤В╨╡╤А╨╛╨▓ > ╨б╨▓╨╛╨╣╤Б╤В╨▓╨╛ 7: ╨Ш╨╖╨▓╨╗╨╡╤З╨╡╨╜╨╕╨╡ ╨║╨╛╨╜╤В╨░╨║╤В╨╜╨╛╨╣ ╨╕╨╜╤Д╨╛╤А╨╝╨░╤Ж╨╕╨╕ > HeadHunter: ╨║╨╛╨╜╤В╨░╨║╤В╨╜╨░╤П ╨╕╨╜╤Д╨╛╤А╨╝╨░╤Ж╨╕╤П ╨┤╨╛╨╗╨╢╨╜╨░ ╨▒╤Л╤В╤М ╨╕╨╖╨▓╨╗╨╡╤З╨╡╨╜╨░ ╨╡╤Б╨╗╨╕ ╨┤╨╛╤Б╤В╤Г╨┐╨╜╨░
@qbs-autonaim/recruitment-assistant-extension:test: (skip) Property-based ╤В╨╡╤Б╤В╤Л ╨┤╨╗╤П DataValidator > ╨▓╨░╨╗╨╕╨┤╨░╤Ж╨╕╤П ╨┤╨╛╨╗╨╢╨╜╨░ ╨▒╤Л╤В╤М ╨╕╨┤╨╡╨╝╨┐╨╛╤В╨╡╨╜╤В╨╜╨╛╨╣
@qbs-autonaim/recruitment-assistant-extension:test: (skip) ErrorHandler Property-based Tests > Property 11: ╨б╨╛╤Е╤А╨░╨╜╨╡╨╜╨╕╨╡ ╤З╨░╤Б╤В╨╕╤З╨╜╤Л╤Е ╨┤╨░╨╜╨╜╤Л╤Е ╨┐╤А╨╕ ╨╛╤И╨╕╨▒╨║╨╡ > ╨┤╨╛╨╗╨╢╨╡╨╜ ╤Б╨╛╤Е╤А╨░╨╜╤П╤В╤М ╨╗╤О╨▒╤Л╨╡ ╨╜╨╡╨┐╤Г╤Б╤В╤Л╨╡ ╤З╨░╤Б╤В╨╕╤З╨╜╤Л╨╡ ╨┤╨░╨╜╨╜╤Л╨╡ ╨┐╤А╨╕ ╨╛╤И╨╕╨▒╨║╨╡ ╨╕╨╖╨▓╨╗╨╡╤З╨╡╨╜╨╕╤П
@qbs-autonaim/recruitment-assistant-extension:test: (skip) ErrorHandler Property-based Tests > Property 11: ╨б╨╛╤Е╤А╨░╨╜╨╡╨╜╨╕╨╡ ╤З╨░╤Б╤В╨╕╤З╨╜╤Л╤Е ╨┤╨░╨╜╨╜╤Л╤Е ╨┐╤А╨╕ ╨╛╤И╨╕╨▒╨║╨╡ > ╨┤╨╛╨╗╨╢╨╡╨╜ ╤Б╨╛╤Е╤А╨░╨╜╤П╤В╤М ╤З╨░╤Б╤В╨╕╤З╨╜╤Л╨╡ ╨┤╨░╨╜╨╜╤Л╨╡ ╤Б ╨╗╤О╨▒╨╛╨╣ ╨║╨╛╨╝╨▒╨╕╨╜╨░╤Ж╨╕╨╡╨╣ ╨╖╨░╨┐╨╛╨╗╨╜╨╡╨╜╨╜╤Л╤Е ╨┐╨╛╨╗╨╡╨╣
@qbs-autonaim/recruitment-assistant-extension:test: (skip) ErrorHandler Property-based Tests > Property 11: ╨б╨╛╤Е╤А╨░╨╜╨╡╨╜╨╕╨╡ ╤З╨░╤Б╤В╨╕╤З╨╜╤Л╤Е ╨┤╨░╨╜╨╜╤Л╤Е ╨┐╤А╨╕ ╨╛╤И╨╕╨▒╨║╨╡ > ╨┤╨╛╨╗╨╢╨╡╨╜ ╤Б╨╛╤Е╤А╨░╨╜╤П╤В╤М ╤З╨░╤Б╤В╨╕╤З╨╜╤Л╨╡ ╨┤╨░╨╜╨╜╤Л╨╡ ╨╜╨╡╨╖╨░╨▓╨╕╤Б╨╕╨╝╨╛ ╨╛╤В ╤В╨╕╨┐╨░ ╨╛╤И╨╕╨▒╨║╨╕
@qbs-autonaim/recruitment-assistant-extension:test: (skip) ErrorHandler Property-based Tests > Property 11: ╨б╨╛╤Е╤А╨░╨╜╨╡╨╜╨╕╨╡ ╤З╨░╤Б╤В╨╕╤З╨╜╤Л╤Е ╨┤╨░╨╜╨╜╤Л╤Е ╨┐╤А╨╕ ╨╛╤И╨╕╨▒╨║╨╡ > ╨┤╨╛╨╗╨╢╨╡╨╜ ╨│╨╡╨╜╨╡╤А╨╕╤А╨╛╨▓╨░╤В╤М ╤Г╨╜╨╕╨║╨░╨╗╤М╨╜╤Л╨╡ ╨║╨╗╤О╤З╨╕ ╨┤╨╗╤П ╨║╨░╨╢╨┤╨╛╨│╨╛ ╤Б╨╛╤Е╤А╨░╨╜╨╡╨╜╨╕╤П
@qbs-autonaim/recruitment-assistant-extension:test: (skip) ErrorHandler Property-based Tests > Property 11: ╨б╨╛╤Е╤А╨░╨╜╨╡╨╜╨╕╨╡ ╤З╨░╤Б╤В╨╕╤З╨╜╤Л╤Е ╨┤╨░╨╜╨╜╤Л╤Е ╨┐╤А╨╕ ╨╛╤И╨╕╨▒╨║╨╡ > ╨┤╨╛╨╗╨╢╨╡╨╜ ╤Б╨╛╤Е╤А╨░╨╜╤П╤В╤М ╤З╨░╤Б╤В╨╕╤З╨╜╤Л╨╡ ╨┤╨░╨╜╨╜╤Л╨╡ ╤Б basicInfo ╨┐╤А╨╕ ╨╗╤О╨▒╤Л╤Е ╨╖╨╜╨░╤З╨╡╨╜╨╕╤П╤Е ╨┐╨╛╨╗╨╡╨╣
@qbs-autonaim/recruitment-assistant-extension:test: 
@qbs-autonaim/recruitment-assistant-extension:test: 
@qbs-autonaim/recruitment-assistant-extension:test: 55 tests failed:
@qbs-autonaim/recruitment-assistant-extension:test: (fail) Data Extraction (Task 21.4) > DataExtractor.extract > ╨┤╨╛╨╗╨╢╨╡╨╜ ╤Г╤Б╨┐╨╡╤И╨╜╨╛ ╨╕╨╖╨▓╨╗╨╡╤З╤М ╨┤╨░╨╜╨╜╤Л╨╡ ╤Б LinkedIn ╨┐╤А╨╛╤Д╨╕╨╗╤П [15.00ms]
@qbs-autonaim/recruitment-assistant-extension:test: (fail) Data Extraction (Task 21.4) > DataExtractor.extract > ╨┤╨╛╨╗╨╢╨╡╨╜ ╨╕╨╖╨▓╨╗╨╡╤З╤М ╨┤╨░╨╜╨╜╤Л╨╡ ╤Б ╨╜╨╡╨┐╨╛╨╗╨╜╤Л╨╝ ╨┐╤А╨╛╤Д╨╕╨╗╨╡╨╝ [16.00ms]
@qbs-autonaim/recruitment-assistant-extension:test: (fail) Data Extraction (Task 21.4) > DataExtractor.extract > ╨┤╨╛╨╗╨╢╨╡╨╜ ╨▓╨╡╤А╨╜╤Г╤В╤М ╨┤╨░╨╜╨╜╤Л╨╡ ╤Б ╨┐╤Г╤Б╤В╤Л╨╝╨╕ ╨╝╨░╤Б╤Б╨╕╨▓╨░╨╝╨╕ ╨┤╨╗╤П ╨╛╤В╤Б╤Г╤В╤Б╤В╨▓╤Г╤О╤Й╨╕╤Е ╤Б╨╡╨║╤Ж╨╕╨╣
@qbs-autonaim/recruitment-assistant-extension:test: (fail) Data Extraction (Task 21.4) > DataExtractor.extract > ╨┤╨╛╨╗╨╢╨╡╨╜ ╨║╨╛╤А╤А╨╡╨║╤В╨╜╨╛ ╨╕╨╖╨▓╨╗╨╡╤З╤М ╨▓╤Б╨╡ ╤Б╨╡╨║╤Ж╨╕╨╕ ╨┐╤А╨╛╤Д╨╕╨╗╤П [15.00ms]
@qbs-autonaim/recruitment-assistant-extension:test: (fail) PlatformAdapter > extractAll > ╨┤╨╛╨╗╨╢╨╡╨╜ ╨╕╨╖╨▓╨╗╨╡╤З╤М ╨▓╤Б╨╡ ╨┤╨░╨╜╨╜╤Л╨╡ ╨┐╤А╨╛╤Д╨╕╨╗╤П
@qbs-autonaim/recruitment-assistant-extension:test: (fail) ╨в╨╡╤Б╤В╨╕╤А╨╛╨▓╨░╨╜╨╕╨╡ ╨┤╨╛╤Б╤В╤Г╨┐╨╜╨╛╤Б╤В╨╕ UI ╨║╨╛╨╝╨┐╨╛╨╜╨╡╨╜╤В╨╛╨▓ > SkillsList > ╨╜╨╡ ╨┤╨╛╨╗╨╢╨╡╨╜ ╨╕╨╝╨╡╤В╤М ╨╜╨░╤А╤Г╤И╨╡╨╜╨╕╨╣ ╨┤╨╛╤Б╤В╤Г╨┐╨╜╨╛╤Б╤В╨╕ ╤Б ╨┐╤Г╤Б╤В╤Л╨╝ ╤Б╨┐╨╕╤Б╨║╨╛╨╝ [47.00ms]
@qbs-autonaim/recruitment-assistant-extension:test: (fail) ╨в╨╡╤Б╤В╨╕╤А╨╛╨▓╨░╨╜╨╕╨╡ ╨┤╨╛╤Б╤В╤Г╨┐╨╜╨╛╤Б╤В╨╕ UI ╨║╨╛╨╝╨┐╨╛╨╜╨╡╨╜╤В╨╛╨▓ > SkillsList > ╨╜╨╡ ╨┤╨╛╨╗╨╢╨╡╨╜ ╨╕╨╝╨╡╤В╤М ╨╜╨░╤А╤Г╤И╨╡╨╜╨╕╨╣ ╨┤╨╛╤Б╤В╤Г╨┐╨╜╨╛╤Б╤В╨╕ ╤Б╨╛ ╤Б╨┐╨╕╤Б╨║╨╛╨╝ ╨╜╨░╨▓╤Л╨║╨╛╨▓ [47.00ms]
@qbs-autonaim/recruitment-assistant-extension:test: (fail) ╨в╨╡╤Б╤В╨╕╤А╨╛╨▓╨░╨╜╨╕╨╡ ╨┤╨╛╤Б╤В╤Г╨┐╨╜╨╛╤Б╤В╨╕ UI ╨║╨╛╨╝╨┐╨╛╨╜╨╡╨╜╤В╨╛╨▓ > SkillsList > ╨╜╨╡ ╨┤╨╛╨╗╨╢╨╡╨╜ ╨╕╨╝╨╡╤В╤М ╨╜╨░╤А╤Г╤И╨╡╨╜╨╕╨╣ ╨┤╨╛╤Б╤В╤Г╨┐╨╜╨╛╤Б╤В╨╕ ╨▓ ╤А╨╡╨╢╨╕╨╝╨╡ ╤А╨╡╨┤╨░╨║╤В╨╕╤А╨╛╨▓╨░╨╜╨╕╤П [62.00ms]
@qbs-autonaim/recruitment-assistant-extension:test: (fail) ╨в╨╡╤Б╤В╨╕╤А╨╛╨▓╨░╨╜╨╕╨╡ ╨┤╨╛╤Б╤В╤Г╨┐╨╜╨╛╤Б╤В╨╕ UI ╨║╨╛╨╝╨┐╨╛╨╜╨╡╨╜╤В╨╛╨▓ > ContactInfo > ╨╜╨╡ ╨┤╨╛╨╗╨╢╨╡╨╜ ╨╕╨╝╨╡╤В╤М ╨╜╨░╤А╤Г╤И╨╡╨╜╨╕╨╣ ╨┤╨╛╤Б╤В╤Г╨┐╨╜╨╛╤Б╤В╨╕ [94.00ms]
@qbs-autonaim/recruitment-assistant-extension:test: (fail) ╨в╨╡╤Б╤В╨╕╤А╨╛╨▓╨░╨╜╨╕╨╡ ╨┤╨╛╤Б╤В╤Г╨┐╨╜╨╛╤Б╤В╨╕ UI ╨║╨╛╨╝╨┐╨╛╨╜╨╡╨╜╤В╨╛╨▓ > ContactInfo > ╨╜╨╡ ╨┤╨╛╨╗╨╢╨╡╨╜ ╨╕╨╝╨╡╤В╤М ╨╜╨░╤А╤Г╤И╨╡╨╜╨╕╨╣ ╨┤╨╛╤Б╤В╤Г╨┐╨╜╨╛╤Б╤В╨╕ ╤Б ╨┐╤Г╤Б╤В╤Л╨╝╨╕ ╨║╨╛╨╜╤В╨░╨║╤В╨░╨╝╨╕ [78.00ms]
@qbs-autonaim/recruitment-assistant-extension:test: (fail) ╨в╨╡╤Б╤В╨╕╤А╨╛╨▓╨░╨╜╨╕╨╡ ╨┤╨╛╤Б╤В╤Г╨┐╨╜╨╛╤Б╤В╨╕ UI ╨║╨╛╨╝╨┐╨╛╨╜╨╡╨╜╤В╨╛╨▓ > ╨Я╤А╨╛╨▓╨╡╤А╨║╨░ ARIA ╨░╤В╤А╨╕╨▒╤Г╤В╨╛╨▓ > ╨▓╤Б╨╡ ARIA ╨░╤В╤А╨╕╨▒╤Г╤В╤Л ╨┤╨╛╨╗╨╢╨╜╤Л ╨▒╤Л╤В╤М ╨║╨╛╤А╤А╨╡╨║╤В╨╜╤Л╨╝╨╕ [47.00ms]
@qbs-autonaim/recruitment-assistant-extension:test: (fail) ActionButton > ╨а╨╡╨╜╨┤╨╡╤А╨╕╨╜╨│ > ╨┤╨╛╨╗╨╢╨╡╨╜ ╨╛╤В╨╛╨▒╤А╨░╨╢╨░╤В╤М ╤В╨╡╨║╤Б╤В "╨Ш╨╖╨▓╨╗╨╡╤З╨╡╨╜╨╕╨╡ ╨┤╨░╨╜╨╜╤Л╤ЕтАж" ╨┐╤А╨╕ ╨╖╨░╨│╤А╤Г╨╖╨║╨╡ [16.00ms]
@qbs-autonaim/recruitment-assistant-extension:test: (fail) ActionButton > ╨Ф╨╛╤Б╤В╤Г╨┐╨╜╨╛╤Б╤В╤М (ARIA) > ╨┤╨╛╨╗╨╢╨╡╨╜ ╨╕╨╝╨╡╤В╤М aria-label [15.00ms]
@qbs-autonaim/recruitment-assistant-extension:test: (fail) ActionButton > ╨Ф╨╛╤Б╤В╤Г╨┐╨╜╨╛╤Б╤В╤М (ARIA) > ╨┤╨╛╨╗╨╢╨╡╨╜ ╨╕╨╝╨╡╤В╤М aria-busy="false" ╨║╨╛╨│╨┤╨░ ╨╜╨╡ ╨╖╨░╨│╤А╤Г╨╢╨░╨╡╤В╤Б╤П
@qbs-autonaim/recruitment-assistant-extension:test: (fail) ActionButton > ╨Ф╨╛╤Б╤В╤Г╨┐╨╜╨╛╤Б╤В╤М (ARIA) > ╨┤╨╛╨╗╨╢╨╡╨╜ ╨╕╨╝╨╡╤В╤М aria-busy="true" ╨┐╤А╨╕ ╨╖╨░╨│╤А╤Г╨╖╨║╨╡ [32.00ms]
@qbs-autonaim/recruitment-assistant-extension:test: (fail) ActionButton > ╨Ф╨╛╤Б╤В╤Г╨┐╨╜╨╛╤Б╤В╤М (ARIA) > ╨┤╨╛╨╗╨╢╨╡╨╜ ╨╕╨╝╨╡╤В╤М aria-live="polite"
@qbs-autonaim/recruitment-assistant-extension:test: (fail) ActionButton > ╨Т╨╖╨░╨╕╨╝╨╛╨┤╨╡╨╣╤Б╤В╨▓╨╕╨╡ > ╨┤╨╛╨╗╨╢╨╡╨╜ ╨▓╤Л╨╖╤Л╨▓╨░╤В╤М onExtract ╨┐╤А╨╕ ╨║╨╗╨╕╨║╨╡ [15.00ms]
@qbs-autonaim/recruitment-assistant-extension:test: (fail) ActionButton > ╨Т╨╖╨░╨╕╨╝╨╛╨┤╨╡╨╣╤Б╤В╨▓╨╕╨╡ > ╨╜╨╡ ╨┤╨╛╨╗╨╢╨╡╨╜ ╨▓╤Л╨╖╤Л╨▓╨░╤В╤М onExtract ╨┐╤А╨╕ ╨║╨╗╨╕╨║╨╡ ╨▓╨╛ ╨▓╤А╨╡╨╝╤П ╨╖╨░╨│╤А╤Г╨╖╨║╨╕ [47.00ms]
@qbs-autonaim/recruitment-assistant-extension:test: (fail) ActionButton > ╨Т╨╖╨░╨╕╨╝╨╛╨┤╨╡╨╣╤Б╤В╨▓╨╕╨╡ > ╨┤╨╛╨╗╨╢╨╡╨╜ ╨▒╤Л╤В╤М disabled ╨┐╤А╨╕ ╨╖╨░╨│╤А╤Г╨╖╨║╨╡ [63.00ms]
@qbs-autonaim/recruitment-assistant-extension:test: (fail) ActionButton > ╨Т╨╖╨░╨╕╨╝╨╛╨┤╨╡╨╣╤Б╤В╨▓╨╕╨╡ > ╨╜╨╡ ╨┤╨╛╨╗╨╢╨╡╨╜ ╨▒╤Л╤В╤М disabled ╨║╨╛╨│╨┤╨░ ╨╜╨╡ ╨╖╨░╨│╤А╤Г╨╢╨░╨╡╤В╤Б╤П [31.00ms]
@qbs-autonaim/recruitment-assistant-extension:test: (fail) ActionButton > ╨б╤В╨╕╨╗╨╕ ╨╕ ╤А╨░╨╖╨╝╨╡╤А╤Л > ╨┤╨╛╨╗╨╢╨╡╨╜ ╨╕╨╝╨╡╤В╤М ╨╝╨╕╨╜╨╕╨╝╨░╨╗╤М╨╜╤Л╨╣ ╤А╨░╨╖╨╝╨╡╤А 44x44px [31.00ms]
@qbs-autonaim/recruitment-assistant-extension:test: (fail) ActionButton > ╨б╤В╨╕╨╗╨╕ ╨╕ ╤А╨░╨╖╨╝╨╡╤А╤Л > ╨┤╨╛╨╗╨╢╨╡╨╜ ╨╕╨╝╨╡╤В╤М touch-action: manipulation [31.00ms]
@qbs-autonaim/recruitment-assistant-extension:test: (fail) ActionButton > ╨б╤В╨╕╨╗╨╕ ╨╕ ╤А╨░╨╖╨╝╨╡╤А╤Л > ╨┤╨╛╨╗╨╢╨╡╨╜ ╨╕╨╝╨╡╤В╤М fontSize 16px ╨┤╨╗╤П ╨╝╨╛╨▒╨╕╨╗╤М╨╜╤Л╤Е ╤Г╤Б╤В╤А╨╛╨╣╤Б╤В╨▓ [62.00ms]
@qbs-autonaim/recruitment-assistant-extension:test: (fail) ActionButton > ╨б╤В╨╕╨╗╨╕ ╨╕ ╤А╨░╨╖╨╝╨╡╤А╤Л > ╨┤╨╛╨╗╨╢╨╡╨╜ ╨╕╨╝╨╡╤В╤М cursor: pointer ╨║╨╛╨│╨┤╨░ ╨╜╨╡ ╨╖╨░╨│╤А╤Г╨╢╨░╨╡╤В╤Б╤П [32.00ms]
@qbs-autonaim/recruitment-assistant-extension:test: (fail) ActionButton > ╨б╤В╨╕╨╗╨╕ ╨╕ ╤А╨░╨╖╨╝╨╡╤А╤Л > ╨┤╨╛╨╗╨╢╨╡╨╜ ╨╕╨╝╨╡╤В╤М cursor: not-allowed ╨┐╤А╨╕ ╨╖╨░╨│╤А╤Г╨╖╨║╨╡ [62.00ms]
@qbs-autonaim/recruitment-assistant-extension:test: (fail) ActionButton > ╨Ъ╨╗╨░╨▓╨╕╨░╤В╤Г╤А╨╜╨░╤П ╨╜╨░╨▓╨╕╨│╨░╤Ж╨╕╤П > ╨┤╨╛╨╗╨╢╨╡╨╜ ╨▒╤Л╤В╤М ╨┤╨╛╤Б╤В╤Г╨┐╨╡╨╜ ╤З╨╡╤А╨╡╨╖ Tab [47.00ms]
@qbs-autonaim/recruitment-assistant-extension:test: (fail) ActionButton > ╨Ъ╨╗╨░╨▓╨╕╨░╤В╤Г╤А╨╜╨░╤П ╨╜╨░╨▓╨╕╨│╨░╤Ж╨╕╤П > ╨┤╨╛╨╗╨╢╨╡╨╜ ╨╕╨╝╨╡╤В╤М type='button' ╨┤╨╗╤П ╨║╨╛╤А╤А╨╡╨║╤В╨╜╨╛╨╣ ╤А╨░╨▒╨╛╤В╤Л ╨║╨╗╨░╨▓╨╕╨░╤В╤Г╤А╤Л [47.00ms]
@qbs-autonaim/recruitment-assistant-extension:test: (fail) ActionButton > ╨Ъ╨╗╨░╨▓╨╕╨░╤В╤Г╤А╨╜╨░╤П ╨╜╨░╨▓╨╕╨│╨░╤Ж╨╕╤П > ╨┤╨╛╨╗╨╢╨╡╨╜ ╨▒╤Л╤В╤М ╨╜╨░╤В╨╕╨▓╨╜╨╛╨╣ ╨║╨╜╨╛╨┐╨║╨╛╨╣ ╨┤╨╗╤П ╨░╨▓╤В╨╛╨╝╨░╤В╨╕╤З╨╡╤Б╨║╨╛╨╣ ╨┐╨╛╨┤╨┤╨╡╤А╨╢╨║╨╕ Enter ╨╕ Space [47.00ms]
@qbs-autonaim/recruitment-assistant-extension:test: (fail) ActionButton > ╨Ы╨╛╨║╨░╨╗╨╕╨╖╨░╤Ж╨╕╤П > ╨┤╨╛╨╗╨╢╨╡╨╜ ╨╕╤Б╨┐╨╛╨╗╤М╨╖╨╛╨▓╨░╤В╤М ╤А╤Г╤Б╤Б╨║╨╕╨╣ ╤П╨╖╤Л╨║ ╨▒╨╡╨╖ ╨░╨╜╨│╨╗╨╕╤Ж╨╕╨╖╨╝╨╛╨▓ [62.00ms]
@qbs-autonaim/recruitment-assistant-extension:test: (fail) ActionButton > ╨Ы╨╛╨║╨░╨╗╨╕╨╖╨░╤Ж╨╕╤П > ╨┤╨╛╨╗╨╢╨╡╨╜ ╨╕╤Б╨┐╨╛╨╗╤М╨╖╨╛╨▓╨░╤В╤М ╨╝╨╜╨╛╨│╨╛╤В╨╛╤З╨╕╨╡ (тАж) ╨▓ ╤В╨╡╨║╤Б╤В╨╡ ╨╖╨░╨│╤А╤Г╨╖╨║╨╕ [63.00ms]
@qbs-autonaim/recruitment-assistant-extension:test: (fail) ContactInfo > ╨Ф╨╛╤Б╤В╤Г╨┐╨╜╨╛╤Б╤В╤М (ARIA) > ╨┤╨╛╨╗╨╢╨╡╨╜ ╨╕╨╝╨╡╤В╤М role='list' ╨┤╨╗╤П ╤Б╨┐╨╕╤Б╨║╨░ ╤Б╤Б╤Л╨╗╨╛╨║ [15.00ms]
@qbs-autonaim/recruitment-assistant-extension:test: (fail) ContactInfo > ╨Ф╨╛╤Б╤В╤Г╨┐╨╜╨╛╤Б╤В╤М (ARIA) > ╨┤╨╛╨╗╨╢╨╡╨╜ ╨╕╨╝╨╡╤В╤М aria-label ╨┤╨╗╤П ╤Б╨┐╨╕╤Б╨║╨░ [32.00ms]
@qbs-autonaim/recruitment-assistant-extension:test: (fail) ContactInfo > ╨Ф╨╛╤Б╤В╤Г╨┐╨╜╨╛╤Б╤В╤М (ARIA) > ╨┤╨╛╨╗╨╢╨╡╨╜ ╨╕╨╝╨╡╤В╤М role='listitem' ╨┤╨╗╤П ╨║╨░╨╢╨┤╨╛╨╣ ╤Б╤Б╤Л╨╗╨║╨╕ [15.00ms]
@qbs-autonaim/recruitment-assistant-extension:test: (fail) DataPanel > ╨┤╨╛╨╗╨╢╨╡╨╜ ╨╛╤В╨╛╨▒╤А╨░╨╢╨░╤В╤М ╨╛╤Б╨╜╨╛╨▓╨╜╤Г╤О ╨╕╨╜╤Д╨╛╤А╨╝╨░╤Ж╨╕╤О [62.00ms]
@qbs-autonaim/recruitment-assistant-extension:test: (fail) DataPanel > ╨┤╨╛╨╗╨╢╨╡╨╜ ╨╛╤В╨╛╨▒╤А╨░╨╢╨░╤В╤М ╨╛╨▒╤А╨░╨╖╨╛╨▓╨░╨╜╨╕╨╡ [32.00ms]
@qbs-autonaim/recruitment-assistant-extension:test: (fail) DataPanel > ╨┤╨╛╨╗╨╢╨╡╨╜ ╨╛╤В╨╛╨▒╤А╨░╨╢╨░╤В╤М ╨╜╨░╨▓╤Л╨║╨╕ [46.00ms]
@qbs-autonaim/recruitment-assistant-extension:test: (fail) DataPanel > ╨┤╨╛╨╗╨╢╨╡╨╜ ╨╛╤В╨╛╨▒╤А╨░╨╢╨░╤В╤М ╨║╨╜╨╛╨┐╨║╨╕ ╤Н╨║╤Б╨┐╨╛╤А╤В╨░ [47.00ms]
@qbs-autonaim/recruitment-assistant-extension:test: (fail) DataPanel > ╨┤╨╛╨╗╨╢╨╡╨╜ ╨╛╤В╨╛╨▒╤А╨░╨╢╨░╤В╤М ╨║╨╜╨╛╨┐╨║╤Г ╨╕╨╝╨┐╨╛╤А╤В╨░ ╨║╨╛╨│╨┤╨░ API ╨╜╨░╤Б╤В╤А╨╛╨╡╨╜ [31.00ms]
@qbs-autonaim/recruitment-assistant-extension:test: (fail) DataPanel > ╨┤╨╛╨╗╨╢╨╡╨╜ ╨▓╤Л╨╖╤Л╨▓╨░╤В╤М onExport ╨┐╤А╨╕ ╨║╨╗╨╕╨║╨╡ ╨╜╨░ ╨║╨╜╨╛╨┐╨║╤Г ╤Н╨║╤Б╨┐╨╛╤А╤В╨░ JSON [31.00ms]
@qbs-autonaim/recruitment-assistant-extension:test: (fail) DataPanel > ╨┤╨╛╨╗╨╢╨╡╨╜ ╨▓╤Л╨╖╤Л╨▓╨░╤В╤М onExport ╨┐╤А╨╕ ╨║╨╗╨╕╨║╨╡ ╨╜╨░ ╨║╨╜╨╛╨┐╨║╤Г ╨║╨╛╨┐╨╕╤А╨╛╨▓╨░╨╜╨╕╤П [47.00ms]
@qbs-autonaim/recruitment-assistant-extension:test: (fail) DataPanel > ╨┤╨╛╨╗╨╢╨╡╨╜ ╨▓╤Л╨╖╤Л╨▓╨░╤В╤М onImportToSystem ╨┐╤А╨╕ ╨║╨╗╨╕╨║╨╡ ╨╜╨░ ╨║╨╜╨╛╨┐╨║╤Г ╨╕╨╝╨┐╨╛╤А╤В╨░ [47.00ms]
@qbs-autonaim/recruitment-assistant-extension:test: (fail) DataPanel > ╨┤╨╛╨╗╨╢╨╡╨╜ ╨╛╤В╨╛╨▒╤А╨░╨╢╨░╤В╤М ╤Б╨╛╤Б╤В╨╛╤П╨╜╨╕╨╡ ╨╖╨░╨│╤А╤Г╨╖╨║╨╕ ╨┐╤А╨╕ ╨╕╨╝╨┐╨╛╤А╤В╨╡ [47.00ms]
@qbs-autonaim/recruitment-assistant-extension:test: (fail) DataPanel > ╨┤╨╛╨╗╨╢╨╡╨╜ ╨┐╨╛╨┤╨┤╨╡╤А╨╢╨╕╨▓╨░╤В╤М ╨╜╨░╨▓╨╕╨│╨░╤Ж╨╕╤О ╤Б ╨║╨╗╨░╨▓╨╕╨░╤В╤Г╤А╤Л [47.00ms]
@qbs-autonaim/recruitment-assistant-extension:test: (fail) EditableField > ╨┤╨╛╨╗╨╢╨╡╨╜ ╨╛╤В╨╛╨▒╤А╨░╨╢╨░╤В╤М ╨╖╨╜╨░╤З╨╡╨╜╨╕╨╡ ╨┐╨╛╨╗╤П [16.00ms]
@qbs-autonaim/recruitment-assistant-extension:test: (fail) EditableField > ╨┤╨╛╨╗╨╢╨╡╨╜ ╨╛╤В╨╝╨╡╨╜╤П╤В╤М ╨╕╨╖╨╝╨╡╨╜╨╡╨╜╨╕╤П ╨┐╤А╨╕ ╨╜╨░╨╢╨░╤В╨╕╨╕ ╨╜╨░ ╨║╨╜╨╛╨┐╨║╤Г ╨╛╤В╨╝╨╡╨╜╤Л [15.00ms]
@qbs-autonaim/recruitment-assistant-extension:test: (fail) EducationCard > ╨а╨╡╨╜╨┤╨╡╤А╨╕╨╜╨│ > ╨┤╨╛╨╗╨╢╨╡╨╜ ╨╛╤В╨╛╨▒╤А╨░╨╢╨░╤В╤М ╤Г╤З╨╡╨▒╨╜╨╛╨╡ ╨╖╨░╨▓╨╡╨┤╨╡╨╜╨╕╨╡ [16.00ms]
@qbs-autonaim/recruitment-assistant-extension:test: (fail) EducationCard > ╨а╨╡╨╜╨┤╨╡╤А╨╕╨╜╨│ > ╨┤╨╛╨╗╨╢╨╡╨╜ ╨╛╤В╨╛╨▒╤А╨░╨╢╨░╤В╤М ╤Б╤В╨╡╨┐╨╡╨╜╤М/╨║╨▓╨░╨╗╨╕╤Д╨╕╨║╨░╤Ж╨╕╤О [15.00ms]
@qbs-autonaim/recruitment-assistant-extension:test: (fail) EducationCard > ╨а╨╡╨╜╨┤╨╡╤А╨╕╨╜╨│ > ╨┤╨╛╨╗╨╢╨╡╨╜ ╨╛╤В╨╛╨▒╤А╨░╨╢╨░╤В╤М ╤Б╨┐╨╡╤Ж╨╕╨░╨╗╤М╨╜╨╛╤Б╤В╤М
@qbs-autonaim/recruitment-assistant-extension:test: (fail) ExperienceCard > ╨а╨╡╨╜╨┤╨╡╤А╨╕╨╜╨│ > ╨┤╨╛╨╗╨╢╨╡╨╜ ╨╛╤В╨╛╨▒╤А╨░╨╢╨░╤В╤М ╨┤╨╛╨╗╨╢╨╜╨╛╤Б╤В╤М [15.00ms]
@qbs-autonaim/recruitment-assistant-extension:test: (fail) ExperienceCard > ╨а╨╡╨╜╨┤╨╡╤А╨╕╨╜╨│ > ╨┤╨╛╨╗╨╢╨╡╨╜ ╨╛╤В╨╛╨▒╤А╨░╨╢╨░╤В╤М "╨┐╨╛ ╨╜╨░╤Б╤В╨╛╤П╤Й╨╡╨╡ ╨▓╤А╨╡╨╝╤П" ╨┤╨╗╤П ╤В╨╡╨║╤Г╤Й╨╡╨╣ ╤А╨░╨▒╨╛╤В╤Л [15.00ms]
@qbs-autonaim/recruitment-assistant-extension:test: (fail) SkillsList > ╨а╨╡╨╜╨┤╨╡╤А╨╕╨╜╨│ > ╨┤╨╛╨╗╨╢╨╡╨╜ ╨╛╤В╨╛╨▒╤А╨░╨╢╨░╤В╤М ╤Б╨┐╨╕╤Б╨╛╨║ ╨╜╨░╨▓╤Л╨║╨╛╨▓
@qbs-autonaim/recruitment-assistant-extension:test: (fail) SkillsList > ╨Ф╨╛╤Б╤В╤Г╨┐╨╜╨╛╤Б╤В╤М (ARIA) > ╨┤╨╛╨╗╨╢╨╡╨╜ ╨╕╨╝╨╡╤В╤М role='list' ╨┤╨╗╤П ╤Б╨┐╨╕╤Б╨║╨░ ╨╜╨░╨▓╤Л╨║╨╛╨▓
@qbs-autonaim/recruitment-assistant-extension:test: (fail) SkillsList > ╨Ф╨╛╤Б╤В╤Г╨┐╨╜╨╛╤Б╤В╤М (ARIA) > ╨┤╨╛╨╗╨╢╨╡╨╜ ╨╕╨╝╨╡╤В╤М aria-label ╨┤╨╗╤П ╤Б╨┐╨╕╤Б╨║╨░ [16.00ms]
@qbs-autonaim/recruitment-assistant-extension:test: (fail) SkillsList > ╨Ф╨╛╤Б╤В╤Г╨┐╨╜╨╛╤Б╤В╤М (ARIA) > ╨┤╨╛╨╗╨╢╨╡╨╜ ╨╕╨╝╨╡╤В╤М role='listitem' ╨┤╨╗╤П ╨║╨░╨╢╨┤╨╛╨│╨╛ ╨╜╨░╨▓╤Л╨║╨░
@qbs-autonaim/recruitment-assistant-extension:test: 
@qbs-autonaim/recruitment-assistant-extension:test:  404 pass
@qbs-autonaim/recruitment-assistant-extension:test:  22 skip
@qbs-autonaim/recruitment-assistant-extension:test:  55 fail
@qbs-autonaim/recruitment-assistant-extension:test:  1 error
@qbs-autonaim/recruitment-assistant-extension:test:  7533 expect() calls
@qbs-autonaim/recruitment-assistant-extension:test: Ran 481 tests across 27 files. [14.58s]
@qbs-autonaim/recruitment-assistant-extension:test: error: script "test" exited with code 1
@qbs-autonaim/recruitment-assistant-extension:test: ERROR: command finished with error: command 
(C:\Projects\kwork\selectio\apps\recruitment-assistant-extension) C:\Users\max\.bun\bin\bun.exe run test exited (1)
@qbs-autonaim/recruitment-assistant-extension#test: command 
(C:\Projects\kwork\selectio\apps\recruitment-assistant-extension) C:\Users\max\.bun\bin\bun.exe run test exited (1)

 Tasks:    21 successful, 24 total
Cached:    18 cached, 24 total
  Time:    16.374s 
Failed:    @qbs-autonaim/recruitment-assistant-extension#test

 ERROR  run failed: command  exited (1)
